 A12_SAND_FINE_R1_0001.out
************************************************************************
**                                                                    **
**                                                                    **
**                         OpenRadioss Engine                         **
**                                                                    **
**            Non-linear Finite Element Analysis Software             **
**                                                                    **
**                                                                    **
**                                                                    **
**                  Windows 64 bits, Intel compiler                   **
**                      Double Precision Version                      **
**                                                                    **
**                                                                    **
**                                                                    **
************************************************************************
** OpenRadioss Software                                               **
** COPYRIGHT (C) 2026 Siemens                                         **
** Licensed under GNU Affero General Public License.                  **
** See License file.                                                  **
************************************************************************
 
 NUMBER OF SPMD DOMAINS           1
 NUMBER OF THREADS PER DOMAIN     2
 NUMBER OF HMPP PROCESSES         2
  
 COMPUTATION HARDWARE DESCRIPTION
  
 HOSTNAME     CPU TYPE, FREQUENCY AND MEMORY
 jeux   AMD Ryzen 5 5600 6-Core Processor               (x86_64), 3700 MHz,   6765 MB RAM,  18473 MB swap
  
 STACKSIZE  . . . . . . . . . . . . . . . . . . . . 1430 MB
 THREAD STACKSIZE . . . . . . . . . . . . . . . . . 400 MB
 
************************************************************************


 A12_SAND_FINE_R1D01                                                             


 FINAL TIME . . . . . . . . . . . . . . . . . . .  0.4000000    

 TIME INTERVAL FOR TIME HISTORY PLOTS . . . . . .  0.5000000E-03

 TIME STEP SCALE FACTOR . . . . . . . . . . . . .  0.5000000E-01

 MINIMUM TIME STEP  . . . . . . . . . . . . . . .   0.000000    


 BRICK TIME STEP SCALE FACTOR . . . . . . . . . .  0.5000000E-01
 BRICK MINIMUM TIME STEP. . . . . . . . . . . . .   0.000000    
 MIN. TIME STEP FLAG (1:STOP RUN, 2:DELETE BRICK)     1

 QUAD TIME STEP SCALE FACTOR. . . . . . . . . . .  0.5000000E-01
 QUAD MINIMUM TIME STEP . . . . . . . . . . . . .   0.000000    
 MIN. TIME STEP FLAG (1:STOP RUN, 2:DELETE QUAD).     1

 SHELL TIME STEP SCALE FACTOR . . . . . . . . . .  0.5000000E-01
 SHELL MINIMUM TIME STEP. . . . . . . . . . . . .   0.000000    
 MIN. TIME FLAG (1:STOP, 2:DELETE, 3:SMALL STRAIN)    2

 TRUSS TIME STEP SCALE FACTOR . . . . . . . . . .  0.5000000E-01
 TRUSS MINIMUM TIME STEP. . . . . . . . . . . . .   0.000000    
 MIN. TIME FLAG (1:STOP, 2:DELETE). . . . . . . .     0

 BEAM TIME STEP SCALE FACTOR. . . . . . . . . . .  0.5000000E-01
 BEAM MINIMUM TIME STEP . . . . . . . . . . . . .   0.000000    
 MIN. TIME FLAG (1:STOP, 2:DELETE). . . . . . . .     0

 SPRING TIME STEP SCALE FACTOR. . . . . . . . . .  0.5000000E-01
 SPRING MINIMUM TIME STEP . . . . . . . . . . . .   0.000000    
 MIN. TIME FLAG (1:STOP, 2:DELETE). . . . . . . .     0

 AIRBAG TIME STEP SCALE FACTOR. . . . . . . . . .  0.5000000E-01
 AIRBAG MINIMUM TIME STEP . . . . . . . . . . . .   0.000000    
 MIN. TIME FLAG (1:STOP). . . . . . . . . . . . .     0

 CONTACT TIME STEP SCALE FACTOR . . . . . . . . .  0.5000000E-01
 CONTACT MINIMUM TIME STEP. . . . . . . . . . . .   0.000000    
 MIN. TIME FLAG(1:STOP, 2:REMOVE NODE FROM INTERF)    0

 PRINTOUT CYCLE FREQUENCY . . . . . . . . . . . .    10

 RESTART CYCLE FREQUENCY. . . . . . . . . . . . .   10000000

 MAXIMUM RESTART WRITE BEFORE OVERWRITE . . . . .     0

 INVERS: INPUT DECK VERSION . . . . . . . . . . .  2026
 ITTYP : FLAG FOR TYPE OF T-FILE. . . . . . . . .     4

 INITIAL TIME STEP. . . . . . . . . . . . . . . .   0.000000    
 MAXIMUM TIME STEP. . . . . . . . . . . . . . . .  0.1000000E+21

 PARALLEL ARITHMETIC ON
 NUMBER OF INTERFACES TO BE ELIMINATED. . . . . .        0

 NUMBER OF PARTS TO BE ELIMINATED . . . . . . . .        0

 NUMBER OF SOLID  ELEMENT BLOCKS TO BE ELIMINATED        0

 NUMBER OF QUAD   ELEMENT BLOCKS TO BE ELIMINATED        0

 NUMBER OF SHELL  ELEMENT BLOCKS TO BE ELIMINATED        0

 NUMBER OF TRUSS  ELEMENT BLOCKS TO BE ELIMINATED        0

 NUMBER OF BEAM   ELEMENT BLOCKS TO BE ELIMINATED        0

 NUMBER OF SPRING ELEMENT BLOCKS TO BE ELIMINATED        0

 NUMBER OF SH_3N  ELEMENT BLOCKS TO BE ELIMINATED        0

 NUMBER OF  SPH PARTICLES BLOCKS TO BE ELIMINATED        0

 NUMBER OF RIGID LINKS. . . . . . . . . . . . . .        0

 NUMBER OF NEW BOUNDARY CONDITIONS. . . . . . . .        0


 TIME FOR FIRST ANIMATION-FILE PLOT . . . . . . .   0.000000    
 TIME INTERVAL FOR ANIMATION-FILE PLOTS . . . . .  0.2500000E-01
 TIME TO STOP ANIMATION-FILE PLOTS. . . . . . . .  0.1000000E+21
 SENSOR FOR ANIMATION-FILE PLOTS. . . . . . . . .          0
 TIME INTERVAL FOR SENSOR ANIMATION-FILE PLOTS. .   0.000000    

 VARIABLE SAVED ON ANIMATION FILES (1: YES) :
      PLASTIC STRAIN. . . . . .     0
      DENSITY     (SOLID ONLY).     0
      SPECIFIC ENERGY . . . . .     1
      HOURGLASS ENERGY. . . . .     0
      TEMPERATURE (SOLID ONLY).     0
      THICKNESS   (SHELL ONLY).     0
      PRESSURE    (SOLID ONLY).     0
      VON MISES . . . . . . . .     0
      TURBULENT ENERGY (FLUID).     0
      TURBULENT VISCOSITY(FLUID)    0
      VORTICITY (FLUID) . . . .     0
 NODAL VALUES SAVED ON ANIMATION FILES (1: YES) :
      PRESSURE. . . . . . . . .     0
      DENSITY . . . . . . . . .     0
      TEMPERATURE . . . . . . .     0
 VECTOR SAVED ON ANIMATION FILES (1: YES) :
      VELOCITY VECTOR . . . . .     1
      DISPLACEMENT VECTOR . . .     1
      ACCELERATION VECTOR . . .     0
      CONTACT FORCES. . . . . .     0
      INTERNAL FORCES . . . . .     0
      EXTERNAL FORCES . . . . .     0
      SECTION RBY RWALL FORCES.     0
      ROTATIONAL VELOCITY VECTOR    0
      CONTACT PRESSURE (VECTORS)    0
 SHELL TENSOR SAVED ON ANIMATION FILES (1: YES) :
      MEMBRANE STRESS . . . . .     0
      BENDING STRESS(MOMENT/T^2)    0
      UPPER LAYER STRESS. . . .     0
      LOWER LAYER STRESS. . . .     0
      MEMBRANE STRAIN . . . . .     0
      CURVATURE . . . . . . . .     0
      UPPER LAYER STRAIN. . . .     0
      LOWER LAYER STRAIN. . . .     0
 NODAL MASS SAVED ON ANIMATION FILES (1: YES) :    1
 KEEP DELETED ELEMENT (1: YES) :    0


 08/10/2026
   CYCLE    TIME      TIME-STEP  ELEMENT          ERROR  I-ENERGY    K-ENERGY T  K-ENERGY R  EXT-WORK     MAS.ERR     TOTAL MASS  MASS ADDED
       0   0.000      0.7543E-03 NODE         121   0.0%   0.000      0.8218E+09   0.000       0.000       0.000      0.1231E+07   0.000    
     ANIMATION FILE: A12_SAND_FINE_R1A001 WRITTEN
      10  0.7543E-02  0.7543E-03 NODE         121   0.0%   0.000      0.8218E+09   0.000       0.000       0.000      0.1231E+07   0.000    
      20  0.1509E-01  0.7543E-03 NODE         121   0.0%   0.000      0.8218E+09   0.000       0.000       0.000      0.1231E+07   0.000    
      30  0.2263E-01  0.7543E-03 NODE         121   0.0%   0.000      0.8218E+09   0.000       0.000       0.000      0.1231E+07   0.000    
     ANIMATION FILE: A12_SAND_FINE_R1A002 WRITTEN
      40  0.3017E-01  0.7543E-03 NODE         121   0.0%   0.000      0.8218E+09   0.000       0.000       0.000      0.1231E+07   0.000    
      50  0.3772E-01  0.7543E-03 NODE         121   0.0%   0.000      0.8218E+09   0.000       0.000       0.000      0.1231E+07   0.000    
      60  0.4526E-01  0.7543E-03 NODE         121   0.0%   0.000      0.8218E+09   0.000       0.000       0.000      0.1231E+07   0.000    
     ANIMATION FILE: A12_SAND_FINE_R1A003 WRITTEN
      70  0.5280E-01  0.7543E-03 NODE         121   0.0%   0.000      0.8218E+09   0.000       0.000       0.000      0.1231E+07   0.000    
      80  0.6035E-01  0.7543E-03 NODE         121   0.0%   0.000      0.8218E+09   0.000       0.000       0.000      0.1231E+07   0.000    
      90  0.6789E-01  0.7543E-03 NODE         121   0.0%   0.000      0.8218E+09   0.000       0.000       0.000      0.1231E+07   0.000    
     100  0.7543E-01  0.7543E-03 NODE         121   0.0%   0.000      0.8218E+09   0.000       0.000       0.000      0.1231E+07   0.000    
     ANIMATION FILE: A12_SAND_FINE_R1A004 WRITTEN
     110  0.8298E-01  0.7543E-03 NODE         121   0.0%   0.000      0.8218E+09   0.000       0.000       0.000      0.1231E+07   0.000    
     120  0.9052E-01  0.7543E-03 NODE         121   0.0%   0.000      0.8218E+09   0.000       0.000       0.000      0.1231E+07   0.000    
     130  0.9806E-01  0.7543E-03 NODE         121   0.0%   0.000      0.8218E+09   0.000       0.000       0.000      0.1231E+07   0.000    
     ANIMATION FILE: A12_SAND_FINE_R1A005 WRITTEN
     140  0.1056      0.7543E-03 NODE         121   0.0%   0.000      0.8218E+09   0.000       0.000       0.000      0.1231E+07   0.000    
     150  0.1131      0.7543E-03 NODE         121   0.0%   0.000      0.8218E+09   0.000       0.000       0.000      0.1231E+07   0.000    
     160  0.1207      0.7543E-03 NODE         121   0.0%   0.000      0.8218E+09   0.000       0.000       0.000      0.1231E+07   0.000    
     ANIMATION FILE: A12_SAND_FINE_R1A006 WRITTEN
     170  0.1282      0.7543E-03 NODE         121   0.0%   0.000      0.8218E+09   0.000       0.000       0.000      0.1231E+07   0.000    
     180  0.1358      0.7543E-03 NODE         121   0.0%   0.000      0.8218E+09   0.000       0.000       0.000      0.1231E+07   0.000    
     190  0.1433      0.7543E-03 NODE         121   0.0%   0.000      0.8218E+09   0.000       0.000       0.000      0.1231E+07   0.000    
     ANIMATION FILE: A12_SAND_FINE_R1A007 WRITTEN
     200  0.1509      0.7543E-03 NODE         121   0.0%   0.000      0.8218E+09   0.000       0.000       0.000      0.1231E+07   0.000    
     210  0.1584      0.7543E-03 NODE         121   0.0%   0.000      0.8218E+09   0.000       0.000       0.000      0.1231E+07   0.000    
     220  0.1660      0.7543E-03 NODE         121   0.0%   0.000      0.8218E+09   0.000       0.000       0.000      0.1231E+07   0.000    
     230  0.1735      0.7543E-03 NODE         121   0.0%   0.000      0.8218E+09   0.000       0.000       0.000      0.1231E+07   0.000    
     ANIMATION FILE: A12_SAND_FINE_R1A008 WRITTEN
     240  0.1810      0.7543E-03 NODE         121   0.0%   0.000      0.8218E+09   0.000       0.000       0.000      0.1231E+07   0.000    
     250  0.1886      0.7543E-03 NODE         121   0.0%   0.000      0.8218E+09   0.000       0.000       0.000      0.1231E+07   0.000    
     260  0.1961      0.7543E-03 NODE         121   0.0%   0.000      0.8218E+09   0.000       0.000       0.000      0.1231E+07   0.000    
     ANIMATION FILE: A12_SAND_FINE_R1A009 WRITTEN
     270  0.2037      0.7543E-03 NODE         121   0.0%   0.000      0.8218E+09   0.000       0.000       0.000      0.1231E+07   0.000    
     280  0.2112      0.7543E-03 NODE         121   0.0%   0.000      0.8218E+09   0.000       0.000       0.000      0.1231E+07   0.000    
     290  0.2188      0.7543E-03 NODE         121   0.0%   0.000      0.8218E+09   0.000       0.000       0.000      0.1231E+07   0.000    
     ANIMATION FILE: A12_SAND_FINE_R1A010 WRITTEN
     300  0.2260      0.2713E-03 NODE         121  -0.0%  0.3878E-02  0.8218E+09  0.4932E-08   0.000       0.000      0.1231E+07   0.000    
     310  0.2280      0.1797E-03 NODE         121  -0.0%   2.039      0.8216E+09  0.3778E-04   0.000       0.000      0.1231E+07   0.000    
     320  0.2297      0.1761E-03 NODE         121  -0.0%   17.49      0.8215E+09  0.9424E-03   0.000       0.000      0.1231E+07   0.000    
     330  0.2315      0.1729E-03 NODE         121  -0.1%   68.46      0.8214E+09  0.7298E-02   0.000       0.000      0.1231E+07   0.000    
     340  0.2332      0.1699E-03 NODE         121  -0.1%   185.6      0.8213E+09  0.3263E-01   0.000       0.000      0.1231E+07   0.000    
     350  0.2349      0.1674E-03 NODE         121  -0.1%   406.5      0.8212E+09  0.1060       0.000       0.000      0.1231E+07   0.000    
     360  0.2365      0.1652E-03 NODE         121  -0.1%   774.6      0.8210E+09  0.2795       0.000       0.000      0.1231E+07   0.000    
     370  0.2382      0.1635E-03 NODE         121  -0.1%   1339.      0.8210E+09  0.6372       0.000       0.000      0.1231E+07   0.000    
     380  0.2398      0.1623E-03 NODE         121  -0.1%   2153.      0.8209E+09   1.305       0.000       0.000      0.1231E+07   0.000    
     390  0.2414      0.1617E-03 NODE         121  -0.1%   3280.      0.8208E+09   2.463       0.000       0.000      0.1231E+07   0.000    
     400  0.2431      0.1618E-03 NODE         121  -0.1%   4788.      0.8207E+09   4.364       0.000       0.000      0.1231E+07   0.000    
     410  0.2447      0.1627E-03 NODE         121  -0.1%   6760.      0.8206E+09   7.356       0.000       0.000      0.1231E+07   0.000    
     420  0.2463      0.1644E-03 NODE         121  -0.2%   9293.      0.8206E+09   11.92       0.000       0.000      0.1231E+07   0.000    
     430  0.2480      0.1672E-03 NODE         121  -0.2%  0.1251E+05  0.8205E+09   18.71       0.000       0.000      0.1231E+07   0.000    
     440  0.2497      0.1712E-03 NODE         121  -0.2%  0.1656E+05  0.8205E+09   28.66       0.000       0.000      0.1231E+07   0.000    
     ANIMATION FILE: A12_SAND_FINE_R1A011 WRITTEN
     450  0.2514      0.1765E-03 NODE         121  -0.2%  0.2164E+05  0.8204E+09   43.07       0.000       0.000      0.1231E+07   0.000    
     460  0.2532      0.1836E-03 NODE         121  -0.2%  0.2803E+05  0.8203E+09   63.82       0.000       0.000      0.1231E+07   0.000    
     470  0.2551      0.1928E-03 NODE         121  -0.2%  0.3607E+05  0.8203E+09   93.66       0.000       0.000      0.1231E+07   0.000    
     480  0.2570      0.2053E-03 NODE         121  -0.2%  0.4632E+05  0.8202E+09   136.8       0.000       0.000      0.1231E+07   0.000    
     490  0.2591      0.2142E-03 NODE         121  -0.2%  0.5944E+05  0.8202E+09   199.5       0.000       0.000      0.1231E+07   0.000    
     500  0.2613      0.2268E-03 NODE         121  -0.2%  0.7590E+05  0.8201E+09   288.2       0.000       0.000      0.1231E+07   0.000    
     510  0.2637      0.2566E-03 NODE         121  -0.2%  0.9754E+05  0.8201E+09   419.4       0.000       0.000      0.1231E+07   0.000    
     520  0.2666      0.3330E-03 NODE         121  -0.2%  0.1293E+06  0.8200E+09   637.9       0.000       0.000      0.1231E+07   0.000    
     530  0.2707      0.4906E-03 NODE         121  -0.2%  0.1890E+06  0.8200E+09   1119.       0.000       0.000      0.1231E+07   0.000    
     ANIMATION FILE: A12_SAND_FINE_R1A012 WRITTEN
     540  0.2758      0.5348E-03 NODE         121  -0.2%  0.2873E+06  0.8199E+09   2085.       0.000       0.000      0.1231E+07   0.000    
     550  0.2814      0.6028E-03 NODE         121  -0.2%  0.4325E+06  0.8199E+09   3888.       0.000       0.000      0.1231E+07   0.000    
     560  0.2877      0.6591E-03 NODE         121  -0.2%  0.6377E+06  0.8197E+09   7217.       0.000       0.000      0.1231E+07   0.000    
     570  0.2945      0.6936E-03 NODE         121  -0.2%  0.9030E+06  0.8195E+09  0.1297E+05   0.000       0.000      0.1231E+07   0.000    
     ANIMATION FILE: A12_SAND_FINE_R1A013 WRITTEN
     580  0.3015      0.7130E-03 NODE         121  -0.2%  0.1218E+07  0.8193E+09  0.2219E+05   0.000       0.000      0.1231E+07   0.000    
     590  0.3087      0.7239E-03 NODE         121  -0.2%  0.1566E+07  0.8189E+09  0.3596E+05   0.000       0.000      0.1231E+07   0.000    
     600  0.3160      0.7300E-03 NODE         121  -0.2%  0.1930E+07  0.8186E+09  0.5530E+05   0.000       0.000      0.1231E+07   0.000    
     610  0.3233      0.7331E-03 NODE         121  -0.2%  0.2291E+07  0.8182E+09  0.8107E+05   0.000       0.000      0.1231E+07   0.000    
     ANIMATION FILE: A12_SAND_FINE_R1A014 WRITTEN
     620  0.3306      0.7007E-03 NODE         121  -0.2%  0.2633E+07  0.8178E+09  0.1137E+06   0.000       0.000      0.1231E+07   0.000    
     630  0.3370      0.5732E-03 NODE         121  -0.2%  0.2907E+07  0.8175E+09  0.1485E+06   0.000       0.000      0.1231E+07   0.000    
     640  0.3423      0.4740E-03 NODE         121  -0.2%  0.3108E+07  0.8173E+09  0.1810E+06   0.000       0.000      0.1231E+07   0.000    
     650  0.3467      0.4026E-03 NODE         121  -0.2%  0.3259E+07  0.8171E+09  0.2110E+06   0.000       0.000      0.1231E+07   0.000    
     ANIMATION FILE: A12_SAND_FINE_R1A015 WRITTEN
     660  0.3505      0.3489E-03 NODE         121  -0.2%  0.3377E+07  0.8169E+09  0.2387E+06   0.000       0.000      0.1231E+07   0.000    
     670  0.3538      0.3069E-03 NODE         121  -0.2%  0.3471E+07  0.8167E+09  0.2642E+06   0.000       0.000      0.1231E+07   0.000    
     680  0.3567      0.2730E-03 NODE         121  -0.2%  0.3549E+07  0.8166E+09  0.2878E+06   0.000       0.000      0.1231E+07   0.000    
     690  0.3593      0.2449E-03 NODE         121  -0.2%  0.3615E+07  0.8165E+09  0.3097E+06   0.000       0.000      0.1231E+07   0.000    
     700  0.3616      0.2210E-03 NODE         121  -0.2%  0.3671E+07  0.8164E+09  0.3300E+06   0.000       0.000      0.1231E+07   0.000    
     710  0.3637      0.2006E-03 NODE         121  -0.2%  0.3722E+07  0.8162E+09  0.3488E+06   0.000       0.000      0.1231E+07   0.000    
     720  0.3656      0.1829E-03 NODE         121  -0.2%  0.3767E+07  0.8161E+09  0.3663E+06   0.000       0.000      0.1231E+07   0.000    
     730  0.3674      0.1675E-03 NODE         121  -0.2%  0.3809E+07  0.8160E+09  0.3826E+06   0.000       0.000      0.1231E+07   0.000    
     740  0.3690      0.1542E-03 NODE         121  -0.2%  0.3849E+07  0.8159E+09  0.3978E+06   0.000       0.000      0.1231E+07   0.000    
     750  0.3705      0.1429E-03 NODE         121  -0.2%  0.3887E+07  0.8158E+09  0.4121E+06   0.000       0.000      0.1231E+07   0.000    
     760  0.3719      0.1335E-03 NODE         121  -0.2%  0.3923E+07  0.8157E+09  0.4255E+06   0.000       0.000      0.1231E+07   0.000    
     770  0.3732      0.1260E-03 NODE         121  -0.2%  0.3959E+07  0.8156E+09  0.4383E+06   0.000       0.000      0.1231E+07   0.000    
     780  0.3744      0.1206E-03 NODE         121  -0.2%  0.3995E+07  0.8155E+09  0.4506E+06   0.000       0.000      0.1231E+07   0.000    
     ANIMATION FILE: A12_SAND_FINE_R1A016 WRITTEN
     790  0.3756      0.1177E-03 NODE         121  -0.2%  0.4033E+07  0.8154E+09  0.4626E+06   0.000       0.000      0.1231E+07   0.000    
     800  0.3768      0.1183E-03 NODE         121  -0.2%  0.4072E+07  0.8153E+09  0.4746E+06   0.000       0.000      0.1231E+07   0.000    
     810  0.3780      0.1247E-03 NODE         121  -0.2%  0.4116E+07  0.8152E+09  0.4870E+06   0.000       0.000      0.1231E+07   0.000    
     820  0.3793      0.1433E-03 NODE         121  -0.2%  0.4168E+07  0.8151E+09  0.5008E+06   0.000       0.000      0.1231E+07   0.000    
     830  0.3809      0.2005E-03 NODE         121  -0.3%  0.4239E+07  0.8150E+09  0.5182E+06   0.000       0.000      0.1231E+07   0.000    
     840  0.3834      0.2787E-03 NODE         121  -0.3%  0.4364E+07  0.8149E+09  0.5454E+06   0.000       0.000      0.1231E+07   0.000    
     850  0.3865      0.3389E-03 NODE         121  -0.2%  0.4539E+07  0.8147E+09  0.5794E+06   0.000       0.000      0.1231E+07   0.000    
     860  0.3903      0.4412E-03 NODE         121  -0.2%  0.4788E+07  0.8145E+09  0.6246E+06   0.000       0.000      0.1231E+07   0.000    
     870  0.3952      0.5479E-03 NODE         121  -0.2%  0.5128E+07  0.8142E+09  0.6862E+06   0.000       0.000      0.1231E+07   0.000    

     RESTART FILES: A12_SAND_FINE_R1_0001_[0001-0001].rst WRITTEN
     -------------

  
                           ** CPU USER TIME **
  
  
                        ** SUMMARY **
  
 #PROC  CONTSORT  CONTFOR   ELEMENT   KINCOND   INTEG     IO        T0        ASM       RESOL    
   1   .1562E-01 .4688E-01 .8438E+00 .6250E-01 .3125E-01 .1406E+01 .3125E-01 .6250E-01 .2531E+01
  
 
                   ** CUMULATIVE CPU TIME SUMMARY **
  
 CONTACT SORTING.............: .1562E-01     0.62 % 
 CONTACT FORCES..............: .4688E-01     1.85 % 
 ELEMENT FORCES..............: .8438E+00    33.33 % 
 KINEMATIC COND..............: .6250E-01     2.47 % 
 INTEGRATION.................: .3125E-01     1.23 % 
 ASSEMBLING..................: .6250E-01     2.47 % 
 OTHERS (including I/O)......: .1469E+01    58.02 % 
 TOTAL.......................: .2531E+01   100.00 % 
  
  
                           ** ELAPSED TIME **
  
  
                        ** SUMMARY **
  
 #PROC  CONTSORT  CONTFOR   ELEMENT   KINCOND   INTEG     IO        T0        ASM       RESOL    
   1   .1460E-01 .5393E-02 .5233E+00 .1280E-01 .1718E-01 .6346E+00 .2056E-01 .1714E-01 .1276E+01
  
                   ** MEMORY USAGE STATISTICS **
  
 TOTAL MEMORY USED .........................:       56 MB
 MAXIMUM MEMORY PER PROCESSOR...............:       56 MB
 MINIMUM MEMORY PER PROCESSOR...............:       56 MB
 AVERAGE MEMORY PER PROCESSOR...............:       56 MB
  
                   ** DISK USAGE STATISTICS **
  
 TOTAL DISK SPACE USED .....................:         37 MB
 ANIMATION/H3D/TH/OUTP SIZE ................:         33 MB
 RESTART FILE SIZE .........................:          4 MB
  
                   ** COMPUTE TIME INFORMATION **
                        ** CURRENT ENGINE **
  
 EXECUTION STARTED .........................:      2026/10/08  09:34:24
 EXECUTION COMPLETED .......................:      2026/10/08  09:34:25
  
 ELAPSED TIME     =          1.32 s
                          0:00:01



     NORMAL TERMINATION      



     TOTAL NUMBER OF CYCLES  :     879

  
                   ** COMPUTE RUNTIME INFORMATION SUMMARY **
  
        STARTER RUNTIME =          1.20s (00:00:01)
 # 001   ENGINE RUNTIME =          1.32s (00:00:01)
 ------------------------------ 
 STARTER+ENGINE RUNTIME =          2.53s (00:00:02)
  
