 I02F_AA2024_G30_H4_R2_0001.out
************************************************************************
**                                                                    **
**                                                                    **
**                         OpenRadioss Engine                         **
**                                                                    **
**            Non-linear Finite Element Analysis Software             **
**                                                                    **
**                                                                    **
**                                                                    **
**                  Windows 64 bits, Intel compiler                   **
**                      Double Precision Version                      **
**                                                                    **
**                                                                    **
**                                                                    **
************************************************************************
** OpenRadioss Software                                               **
** COPYRIGHT (C) 2026 Siemens                                         **
** Licensed under GNU Affero General Public License.                  **
** See License file.                                                  **
************************************************************************
 
 NUMBER OF SPMD DOMAINS           1
 NUMBER OF THREADS PER DOMAIN     1
 NUMBER OF HMPP PROCESSES         1
  
 COMPUTATION HARDWARE DESCRIPTION
  
 HOSTNAME     CPU TYPE, FREQUENCY AND MEMORY
 jeux   AMD Ryzen 5 5600 6-Core Processor               (x86_64), 3700 MHz,   4701 MB RAM,  18090 MB swap
  
 STACKSIZE  . . . . . . . . . . . . . . . . . . . . 1430 MB
 THREAD STACKSIZE . . . . . . . . . . . . . . . . . 400 MB
 
************************************************************************


 I02F_AA2024_G30_H4_R2D01                                                        


 FINAL TIME . . . . . . . . . . . . . . . . . . .   8.000000    

 TIME INTERVAL FOR TIME HISTORY PLOTS . . . . . .  0.2000000E-02

 TIME STEP SCALE FACTOR . . . . . . . . . . . . .  0.9000000    

 MINIMUM TIME STEP  . . . . . . . . . . . . . . .   0.000000    


 BRICK TIME STEP SCALE FACTOR . . . . . . . . . .  0.9000000    
 BRICK MINIMUM TIME STEP. . . . . . . . . . . . .   0.000000    
 MIN. TIME STEP FLAG (1:STOP RUN, 2:DELETE BRICK)     1

 QUAD TIME STEP SCALE FACTOR. . . . . . . . . . .  0.9000000    
 QUAD MINIMUM TIME STEP . . . . . . . . . . . . .   0.000000    
 MIN. TIME STEP FLAG (1:STOP RUN, 2:DELETE QUAD).     1

 SHELL TIME STEP SCALE FACTOR . . . . . . . . . .  0.9000000    
 SHELL MINIMUM TIME STEP. . . . . . . . . . . . .   0.000000    
 MIN. TIME FLAG (1:STOP, 2:DELETE, 3:SMALL STRAIN)    2

 TRUSS TIME STEP SCALE FACTOR . . . . . . . . . .  0.9000000    
 TRUSS MINIMUM TIME STEP. . . . . . . . . . . . .   0.000000    
 MIN. TIME FLAG (1:STOP, 2:DELETE). . . . . . . .     0

 BEAM TIME STEP SCALE FACTOR. . . . . . . . . . .  0.9000000    
 BEAM MINIMUM TIME STEP . . . . . . . . . . . . .   0.000000    
 MIN. TIME FLAG (1:STOP, 2:DELETE). . . . . . . .     0

 SPRING TIME STEP SCALE FACTOR. . . . . . . . . .  0.9000000    
 SPRING MINIMUM TIME STEP . . . . . . . . . . . .   0.000000    
 MIN. TIME FLAG (1:STOP, 2:DELETE). . . . . . . .     0

 AIRBAG TIME STEP SCALE FACTOR. . . . . . . . . .  0.9000000    
 AIRBAG MINIMUM TIME STEP . . . . . . . . . . . .   0.000000    
 MIN. TIME FLAG (1:STOP). . . . . . . . . . . . .     0

 CONTACT TIME STEP SCALE FACTOR . . . . . . . . .  0.9000000    
 CONTACT MINIMUM TIME STEP. . . . . . . . . . . .   0.000000    
 MIN. TIME FLAG(1:STOP, 2:REMOVE NODE FROM INTERF)    0

 PRINTOUT CYCLE FREQUENCY . . . . . . . . . . . .  -100

 RESTART CYCLE FREQUENCY. . . . . . . . . . . . .   10000000

 MAXIMUM RESTART WRITE BEFORE OVERWRITE . . . . .     0

 INVERS: INPUT DECK VERSION . . . . . . . . . . .  2026
 ITTYP : FLAG FOR TYPE OF T-FILE. . . . . . . . .     4

 INITIAL TIME STEP. . . . . . . . . . . . . . . .   0.000000    
 MAXIMUM TIME STEP. . . . . . . . . . . . . . . .  0.1000000E+21

 PARALLEL ARITHMETIC ON
 NUMBER OF INTERFACES TO BE ELIMINATED. . . . . .        0

 NUMBER OF PARTS TO BE ELIMINATED . . . . . . . .        0

 NUMBER OF SOLID  ELEMENT BLOCKS TO BE ELIMINATED        0

 NUMBER OF QUAD   ELEMENT BLOCKS TO BE ELIMINATED        0

 NUMBER OF SHELL  ELEMENT BLOCKS TO BE ELIMINATED        0

 NUMBER OF TRUSS  ELEMENT BLOCKS TO BE ELIMINATED        0

 NUMBER OF BEAM   ELEMENT BLOCKS TO BE ELIMINATED        0

 NUMBER OF SPRING ELEMENT BLOCKS TO BE ELIMINATED        0

 NUMBER OF SH_3N  ELEMENT BLOCKS TO BE ELIMINATED        0

 NUMBER OF  SPH PARTICLES BLOCKS TO BE ELIMINATED        0

 NUMBER OF RIGID LINKS. . . . . . . . . . . . . .        0

 NUMBER OF NEW BOUNDARY CONDITIONS. . . . . . . .        0


 TIME FOR FIRST ANIMATION-FILE PLOT . . . . . . .   0.000000    
 TIME INTERVAL FOR ANIMATION-FILE PLOTS . . . . .  0.4000000    
 TIME TO STOP ANIMATION-FILE PLOTS. . . . . . . .  0.1000000E+21
 SENSOR FOR ANIMATION-FILE PLOTS. . . . . . . . .          0
 TIME INTERVAL FOR SENSOR ANIMATION-FILE PLOTS. .   0.000000    

 VARIABLE SAVED ON ANIMATION FILES (1: YES) :
      PLASTIC STRAIN. . . . . .     0
      DENSITY     (SOLID ONLY).     0
      SPECIFIC ENERGY . . . . .     1
      HOURGLASS ENERGY. . . . .     0
      TEMPERATURE (SOLID ONLY).     0
      THICKNESS   (SHELL ONLY).     0
      PRESSURE    (SOLID ONLY).     0
      VON MISES . . . . . . . .     0
      TURBULENT ENERGY (FLUID).     0
      TURBULENT VISCOSITY(FLUID)    0
      VORTICITY (FLUID) . . . .     0
 NODAL VALUES SAVED ON ANIMATION FILES (1: YES) :
      PRESSURE. . . . . . . . .     0
      DENSITY . . . . . . . . .     0
      TEMPERATURE . . . . . . .     0
 VECTOR SAVED ON ANIMATION FILES (1: YES) :
      VELOCITY VECTOR . . . . .     1
      DISPLACEMENT VECTOR . . .     1
      ACCELERATION VECTOR . . .     0
      CONTACT FORCES. . . . . .     0
      INTERNAL FORCES . . . . .     0
      EXTERNAL FORCES . . . . .     0
      SECTION RBY RWALL FORCES.     0
      ROTATIONAL VELOCITY VECTOR    0
      CONTACT PRESSURE (VECTORS)    0
 SHELL TENSOR SAVED ON ANIMATION FILES (1: YES) :
      MEMBRANE STRESS . . . . .     0
      BENDING STRESS(MOMENT/T^2)    0
      UPPER LAYER STRESS. . . .     0
      LOWER LAYER STRESS. . . .     0
      MEMBRANE STRAIN . . . . .     0
      CURVATURE . . . . . . . .     0
      UPPER LAYER STRAIN. . . .     0
      LOWER LAYER STRAIN. . . .     0
 NODAL MASS SAVED ON ANIMATION FILES (1: YES) :    0
 KEEP DELETED ELEMENT (1: YES) :    0


 14/09/2026
   CYCLE    TIME      TIME-STEP  ELEMENT          ERROR  I-ENERGY    K-ENERGY T  K-ENERGY R  EXT-WORK     MAS.ERR     TOTAL MASS  MASS ADDED
       0   0.000      0.6186E-03 SHELL         11   0.0%   0.000       0.000       0.000       0.000       0.000       2.046       0.000    
     ANIMATION FILE: I02F_AA2024_G30_H4_R2A001 WRITTEN
     100  0.6186E-01  0.6186E-03 SHELL          1  -0.0%  0.3221E-03  0.7434E-06   0.000      0.3229E-03   0.000       2.046       0.000    
     200  0.1237      0.6187E-03 SHELL         19   0.0%  0.3712E-02  0.1187E-04   0.000      0.3724E-02   0.000       2.046       0.000    
     300  0.1856      0.6187E-03 SHELL         19   0.0%  0.1654E-01  0.5020E-04   0.000      0.1659E-01   0.000       2.046       0.000    
     400  0.2475      0.6187E-03 SHELL         19  -0.0%  0.4867E-01  0.1251E-03   0.000      0.4879E-01   0.000       2.046       0.000    
     500  0.3093      0.6187E-03 SHELL         18  -0.0%  0.1173      0.1328E-03   0.000      0.1174       0.000       2.046       0.000    
     600  0.3712      0.6187E-03 SHELL          1  -0.0%  0.2419      0.2160E-03   0.000      0.2421       0.000       2.046       0.000    
     ANIMATION FILE: I02F_AA2024_G30_H4_R2A002 WRITTEN
     700  0.4331      0.6187E-03 SHELL         10  -0.0%  0.4413      0.2404E-03   0.000      0.4415       0.000       2.046       0.000    
     800  0.4949      0.6187E-03 SHELL          1  -0.0%  0.7388      0.2415E-03   0.000      0.7390       0.000       2.046       0.000    
     900  0.5568      0.6187E-03 SHELL          1  -0.0%   1.164      0.2344E-03   0.000       1.164       0.000       2.046       0.000    
    1000  0.6187      0.6187E-03 SHELL          1  -0.0%   1.763      0.3144E-03   0.000       1.763       0.000       2.046       0.000    
    1100  0.6805      0.6187E-03 SHELL         18  -0.0%   2.553      0.4304E-03   0.000       2.554       0.000       2.046       0.000    
    1200  0.7424      0.6187E-03 SHELL         15  -0.0%   3.569      0.5676E-03   0.000       3.570       0.000       2.046       0.000    
     ANIMATION FILE: I02F_AA2024_G30_H4_R2A003 WRITTEN
    1300  0.8043      0.6187E-03 SHELL          1  -0.0%   4.847      0.7025E-03   0.000       4.847       0.000       2.046       0.000    
    1400  0.8661      0.6187E-03 SHELL          1  -0.0%   6.455      0.6843E-03   0.000       6.456       0.000       2.046       0.000    
    1500  0.9280      0.6187E-03 SHELL          8  -0.0%   8.420      0.7006E-03   0.000       8.420       0.000       2.046       0.000    
    1600  0.9899      0.6187E-03 SHELL          1  -0.0%   10.77      0.7281E-03   0.000       10.77       0.000       2.046       0.000    
    1700   1.052      0.6187E-03 SHELL         17  -0.0%   13.56      0.8515E-03   0.000       13.56       0.000       2.046       0.000    
    1800   1.114      0.6187E-03 SHELL         17  -0.0%   16.84      0.8701E-03   0.000       16.84       0.000       2.046       0.000    
    1900   1.175      0.6187E-03 SHELL         18  -0.0%   20.68      0.1040E-02   0.000       20.69       0.000       2.046       0.000    
     ANIMATION FILE: I02F_AA2024_G30_H4_R2A004 WRITTEN
    2000   1.237      0.6187E-03 SHELL         15  -0.0%   25.11      0.1235E-02   0.000       25.11       0.000       2.046       0.000    
    2100   1.299      0.6188E-03 SHELL          1  -0.0%   30.15      0.1399E-02   0.000       30.15       0.000       2.046       0.000    
    2200   1.361      0.6188E-03 SHELL         10  -0.0%   35.86      0.1433E-02   0.000       35.86       0.000       2.046       0.000    
    2300   1.423      0.6188E-03 SHELL          1  -0.0%   42.37      0.1404E-02   0.000       42.37       0.000       2.046       0.000    
    2400   1.485      0.6188E-03 SHELL         18  -0.0%   49.66      0.1473E-02   0.000       49.66       0.000       2.046       0.000    
    2500   1.547      0.6188E-03 SHELL         16  -0.0%   57.77      0.1653E-02   0.000       57.77       0.000       2.046       0.000    
     ANIMATION FILE: I02F_AA2024_G30_H4_R2A005 WRITTEN
    2600   1.609      0.6188E-03 SHELL         17  -0.0%   66.74      0.1870E-02   0.000       66.75       0.000       2.046       0.000    
    2700   1.671      0.6188E-03 SHELL         15  -0.0%   76.70      0.1883E-02   0.000       76.70       0.000       2.046       0.000    
    2800   1.732      0.6188E-03 SHELL          1  -0.0%   87.67      0.2107E-02   0.000       87.67       0.000       2.046       0.000    
    2900   1.794      0.6188E-03 SHELL          4  -0.0%   99.66      0.2237E-02   0.000       99.67       0.000       2.046       0.000    
    3000   1.856      0.6189E-03 SHELL          1  -0.0%   112.7      0.2242E-02   0.000       112.7       0.000       2.046       0.000    
    3100   1.918      0.6189E-03 SHELL          1  -0.0%   126.9      0.2216E-02   0.000       126.9       0.000       2.046       0.000    
    3200   1.980      0.6189E-03 SHELL          1  -0.0%   142.4      0.2307E-02   0.000       142.4       0.000       2.046       0.000    
     ANIMATION FILE: I02F_AA2024_G30_H4_R2A006 WRITTEN
    3300   2.042      0.6189E-03 SHELL         17  -0.0%   159.0      0.2490E-02   0.000       159.1       0.000       2.046       0.000    
    3400   2.104      0.6189E-03 SHELL         19  -0.0%   177.0      0.2680E-02   0.000       177.0       0.000       2.046       0.000    
    3500   2.166      0.6189E-03 SHELL         15  -0.0%   196.2      0.2871E-02   0.000       196.2       0.000       2.046       0.000    
    3600   2.228      0.6189E-03 SHELL          1  -0.0%   216.9      0.2885E-02   0.000       216.9       0.000       2.046       0.000    
    3700   2.289      0.6190E-03 SHELL          1  -0.0%   238.9      0.2962E-02   0.000       238.9       0.000       2.046       0.000    
    3800   2.351      0.6190E-03 SHELL          1  -0.0%   262.4      0.2960E-02   0.000       262.4       0.000       2.046       0.000    
     ANIMATION FILE: I02F_AA2024_G30_H4_R2A007 WRITTEN
    3900   2.413      0.6190E-03 SHELL          1  -0.0%   287.4      0.3026E-02   0.000       287.4       0.000       2.046       0.000    
    4000   2.475      0.6190E-03 SHELL          1  -0.0%   313.9      0.3041E-02   0.000       313.9       0.000       2.046       0.000    
    4100   2.537      0.6190E-03 SHELL         19  -0.0%   342.0      0.3199E-02   0.000       342.0       0.000       2.046       0.000    
    4200   2.599      0.6190E-03 SHELL         18  -0.0%   371.7      0.3367E-02   0.000       371.7       0.000       2.046       0.000    
    4300   2.661      0.6190E-03 SHELL         13  -0.0%   403.0      0.3536E-02   0.000       403.0       0.000       2.046       0.000    
    4400   2.723      0.6191E-03 SHELL          1  -0.0%   435.9      0.3627E-02   0.000       435.9       0.000       2.046       0.000    
    4500   2.785      0.6191E-03 SHELL          9  -0.0%   470.5      0.3592E-02   0.000       470.6       0.000       2.046       0.000    
     ANIMATION FILE: I02F_AA2024_G30_H4_R2A008 WRITTEN
    4600   2.847      0.6191E-03 SHELL          1  -0.0%   506.9      0.3597E-02   0.000       506.9       0.000       2.046       0.000    
    4700   2.908      0.6191E-03 SHELL          1  -0.0%   545.0      0.3669E-02   0.000       545.0       0.000       2.046       0.000    
    4800   2.970      0.6191E-03 SHELL         19  -0.0%   584.7      0.3800E-02   0.000       584.7       0.000       2.046       0.000    
    4900   3.032      0.6191E-03 SHELL         19  -0.0%   626.3      0.3811E-02   0.000       626.3       0.000       2.046       0.000    
    5000   3.094      0.6192E-03 SHELL         11  -0.0%   669.5      0.3896E-02   0.000       669.6       0.000       2.046       0.000    
    5100   3.156      0.6192E-03 SHELL         13  -0.0%   713.4      0.3871E-02   0.000       713.4       0.000       2.046       0.000    
     ANIMATION FILE: I02F_AA2024_G30_H4_R2A009 WRITTEN
    5200   3.218      0.6192E-03 SHELL         13  -0.0%   757.5      0.3589E-02   0.000       757.6       0.000       2.046       0.000    
    5300   3.280      0.6192E-03 SHELL         15  -0.0%   801.9      0.2549E-02   0.000       801.9       0.000       2.046       0.000    
    5400   3.342      0.6192E-03 SHELL         13  -0.0%   846.7      0.7920E-03   0.000       846.7       0.000       2.046       0.000    
    5500   3.404      0.6192E-03 SHELL         13  -0.0%   891.6      0.7716E-03   0.000       891.6       0.000       2.046       0.000    
    5600   3.466      0.6192E-03 SHELL         13  -0.0%   936.7      0.7681E-03   0.000       936.7       0.000       2.046       0.000    
    5700   3.528      0.6192E-03 SHELL         13  -0.0%   981.9      0.7719E-03   0.000       981.9       0.000       2.046       0.000    
    5800   3.590      0.6192E-03 SHELL         13  -0.0%   1027.      0.7638E-03   0.000       1027.       0.000       2.046       0.000    
     ANIMATION FILE: I02F_AA2024_G30_H4_R2A010 WRITTEN
    5900   3.651      0.6192E-03 SHELL         13  -0.0%   1073.      0.7691E-03   0.000       1073.       0.000       2.046       0.000    
    6000   3.713      0.6192E-03 SHELL         13  -0.0%   1119.      0.7707E-03   0.000       1119.       0.000       2.046       0.000    
    6100   3.775      0.6192E-03 SHELL         13  -0.0%   1164.      0.7725E-03   0.000       1164.       0.000       2.046       0.000    
    6200   3.837      0.6192E-03 SHELL         13  -0.0%   1210.      0.7742E-03   0.000       1210.       0.000       2.046       0.000    
    6300   3.899      0.6192E-03 SHELL         13  -0.0%   1256.      0.7729E-03   0.000       1256.       0.000       2.046       0.000    
    6400   3.961      0.6192E-03 SHELL         13  -0.0%   1302.      0.7759E-03   0.000       1302.       0.000       2.046       0.000    
     ANIMATION FILE: I02F_AA2024_G30_H4_R2A011 WRITTEN
    6500   4.023      0.6192E-03 SHELL         13  -0.0%   1348.      0.7755E-03   0.000       1348.       0.000       2.046       0.000    
    6600   4.085      0.6192E-03 SHELL         13  -0.0%   1394.      0.7722E-03   0.000       1394.       0.000       2.046       0.000    
    6700   4.147      0.6192E-03 SHELL         13  -0.0%   1440.      0.7746E-03   0.000       1440.       0.000       2.046       0.000    
    6800   4.209      0.6192E-03 SHELL         13  -0.0%   1485.      0.7690E-03   0.000       1485.       0.000       2.046       0.000    
    6900   4.271      0.6192E-03 SHELL         13  -0.0%   1531.      0.7665E-03   0.000       1531.       0.000       2.046       0.000    
    7000   4.333      0.6192E-03 SHELL         13  -0.0%   1576.      0.7612E-03   0.000       1576.       0.000       2.046       0.000    
    7100   4.394      0.6192E-03 SHELL         13  -0.0%   1622.      0.7588E-03   0.000       1622.       0.000       2.046       0.000    
     ANIMATION FILE: I02F_AA2024_G30_H4_R2A012 WRITTEN
    7200   4.456      0.6192E-03 SHELL         13  -0.0%   1667.      0.7550E-03   0.000       1667.       0.000       2.046       0.000    
    7300   4.518      0.6192E-03 SHELL         13  -0.0%   1712.      0.7445E-03   0.000       1712.       0.000       2.046       0.000    
    7400   4.580      0.6192E-03 SHELL         13  -0.0%   1757.      0.7367E-03   0.000       1757.       0.000       2.046       0.000    
    7500   4.642      0.6192E-03 SHELL         13  -0.0%   1802.      0.7264E-03   0.000       1802.       0.000       2.046       0.000    
    7600   4.704      0.6192E-03 SHELL         13  -0.0%   1846.      0.7244E-03   0.000       1846.       0.000       2.046       0.000    
    7700   4.766      0.6192E-03 SHELL         13  -0.0%   1890.      0.7151E-03   0.000       1890.       0.000       2.046       0.000    
     ANIMATION FILE: I02F_AA2024_G30_H4_R2A013 WRITTEN
    7800   4.828      0.6192E-03 SHELL         13  -0.0%   1934.      0.7012E-03   0.000       1934.       0.000       2.046       0.000    
    7900   4.890      0.6192E-03 SHELL         13  -0.0%   1978.      0.6878E-03   0.000       1978.       0.000       2.046       0.000    
    8000   4.952      0.6192E-03 SHELL         13  -0.0%   2021.      0.6885E-03   0.000       2021.       0.000       2.046       0.000    
    8100   5.014      0.6192E-03 SHELL         13  -0.0%   2064.      0.6721E-03   0.000       2064.       0.000       2.046       0.000    
    8200   5.076      0.6192E-03 SHELL         13  -0.0%   2106.      0.6594E-03   0.000       2106.       0.000       2.046       0.000    
    8300   5.137      0.6192E-03 SHELL         13  -0.0%   2149.      0.6410E-03   0.000       2149.       0.000       2.046       0.000    
    8400   5.199      0.6192E-03 SHELL         13  -0.0%   2190.      0.6406E-03   0.000       2190.       0.000       2.046       0.000    
     ANIMATION FILE: I02F_AA2024_G30_H4_R2A014 WRITTEN
    8500   5.261      0.6192E-03 SHELL         13  -0.0%   2232.      0.6248E-03   0.000       2232.       0.000       2.046       0.000    
    8600   5.323      0.6192E-03 SHELL         13  -0.0%   2272.      0.6050E-03   0.000       2272.       0.000       2.046       0.000    
    8700   5.385      0.6192E-03 SHELL         13  -0.0%   2313.      0.5878E-03   0.000       2313.       0.000       2.046       0.000    
    8800   5.447      0.6192E-03 SHELL         13  -0.0%   2353.      0.5671E-03   0.000       2353.       0.000       2.046       0.000    
    8900   5.509      0.6192E-03 SHELL         13  -0.0%   2392.      0.5668E-03   0.000       2392.       0.000       2.046       0.000    
    9000   5.571      0.6192E-03 SHELL         13  -0.0%   2431.      0.5479E-03   0.000       2431.       0.000       2.046       0.000    
     ANIMATION FILE: I02F_AA2024_G30_H4_R2A015 WRITTEN
    9100   5.633      0.6192E-03 SHELL         13  -0.0%   2469.      0.5249E-03   0.000       2469.       0.000       2.046       0.000    
    9200   5.695      0.6192E-03 SHELL         13  -0.0%   2507.      0.5061E-03   0.000       2507.       0.000       2.046       0.000    
    9300   5.757      0.6192E-03 SHELL         13  -0.0%   2544.      0.5044E-03   0.000       2544.       0.000       2.046       0.000    
    9400   5.819      0.6192E-03 SHELL         13  -0.0%   2580.      0.4824E-03   0.000       2580.       0.000       2.046       0.000    
    9500   5.881      0.6192E-03 SHELL         13  -0.0%   2616.      0.4616E-03   0.000       2616.       0.000       2.046       0.000    
    9600   5.942      0.6192E-03 SHELL         13  -0.0%   2651.      0.4372E-03   0.000       2651.       0.000       2.046       0.000    
     ANIMATION FILE: I02F_AA2024_G30_H4_R2A016 WRITTEN
    9700   6.004      0.6192E-03 SHELL         13  -0.0%   2685.      0.4144E-03   0.000       2685.       0.000       2.046       0.000    
    9800   6.066      0.6192E-03 SHELL         13  -0.0%   2719.      0.4146E-03   0.000       2719.       0.000       2.046       0.000    
    9900   6.128      0.6192E-03 SHELL         13  -0.0%   2752.      0.3907E-03   0.000       2752.       0.000       2.046       0.000    
   CYCLE    TIME      TIME-STEP  ELEMENT          ERROR  I-ENERGY    K-ENERGY T  K-ENERGY R  EXT-WORK     MAS.ERR     TOTAL MASS  MASS ADDED
   10000   6.190      0.6192E-03 SHELL         13  -0.0%   2784.      0.3685E-03   0.000       2784.       0.000       2.046       0.000    
   10100   6.252      0.6192E-03 SHELL         13  -0.0%   2815.      0.3442E-03   0.000       2815.       0.000       2.046       0.000    
   10200   6.314      0.6192E-03 SHELL         13  -0.0%   2846.      0.3448E-03   0.000       2846.       0.000       2.046       0.000    
   10300   6.376      0.6192E-03 SHELL         13  -0.0%   2876.      0.3215E-03   0.000       2876.       0.000       2.046       0.000    
     ANIMATION FILE: I02F_AA2024_G30_H4_R2A017 WRITTEN
   10400   6.438      0.6192E-03 SHELL         13  -0.0%   2905.      0.2975E-03   0.000       2905.       0.000       2.046       0.000    
   10500   6.500      0.6192E-03 SHELL         13  -0.0%   2933.      0.2759E-03   0.000       2933.       0.000       2.046       0.000    
   10600   6.562      0.6192E-03 SHELL         13  -0.0%   2960.      0.2496E-03   0.000       2960.       0.000       2.046       0.000    
   10700   6.624      0.6192E-03 SHELL         13  -0.0%   2986.      0.2522E-03   0.000       2986.       0.000       2.046       0.000    
   10800   6.685      0.6192E-03 SHELL         13  -0.0%   3012.      0.2289E-03   0.000       3012.       0.000       2.046       0.000    
   10900   6.747      0.6192E-03 SHELL         13  -0.0%   3036.      0.2064E-03   0.000       3036.       0.000       2.046       0.000    
     ANIMATION FILE: I02F_AA2024_G30_H4_R2A018 WRITTEN
   11000   6.809      0.6192E-03 SHELL         13  -0.0%   3060.      0.1863E-03   0.000       3060.       0.000       2.046       0.000    
   11100   6.871      0.6192E-03 SHELL         13  -0.0%   3082.      0.1849E-03   0.000       3082.       0.000       2.046       0.000    
   11200   6.933      0.6192E-03 SHELL         13  -0.0%   3103.      0.1646E-03   0.000       3103.       0.000       2.046       0.000    
   11300   6.995      0.6192E-03 SHELL         13  -0.0%   3124.      0.1450E-03   0.000       3124.       0.000       2.046       0.000    
   11400   7.057      0.6192E-03 SHELL         13  -0.0%   3143.      0.1245E-03   0.000       3143.       0.000       2.046       0.000    
   11500   7.119      0.6192E-03 SHELL         13  -0.0%   3162.      0.1258E-03   0.000       3162.       0.000       2.046       0.000    
   11600   7.181      0.6192E-03 SHELL         13  -0.0%   3179.      0.1060E-03   0.000       3179.       0.000       2.046       0.000    
     ANIMATION FILE: I02F_AA2024_G30_H4_R2A019 WRITTEN
   11700   7.243      0.6192E-03 SHELL         13  -0.0%   3195.      0.8961E-04   0.000       3195.       0.000       2.046       0.000    
   11800   7.305      0.6192E-03 SHELL         13  -0.0%   3210.      0.7312E-04   0.000       3210.       0.000       2.046       0.000    
   11900   7.367      0.6192E-03 SHELL         13  -0.0%   3224.      0.5789E-04   0.000       3224.       0.000       2.046       0.000    
   12000   7.428      0.6192E-03 SHELL         13  -0.0%   3236.      0.5886E-04   0.000       3236.       0.000       2.046       0.000    
   12100   7.490      0.6192E-03 SHELL         13  -0.0%   3248.      0.4452E-04   0.000       3248.       0.000       2.046       0.000    
   12200   7.552      0.6192E-03 SHELL         13  -0.0%   3258.      0.3292E-04   0.000       3258.       0.000       2.046       0.000    
     ANIMATION FILE: I02F_AA2024_G30_H4_R2A020 WRITTEN
   12300   7.614      0.6192E-03 SHELL         13  -0.0%   3267.      0.2331E-04   0.000       3267.       0.000       2.046       0.000    
   12400   7.676      0.6192E-03 SHELL         13  -0.0%   3274.      0.2216E-04   0.000       3274.       0.000       2.046       0.000    
   12500   7.738      0.6192E-03 SHELL         13  -0.0%   3281.      0.1493E-04   0.000       3281.       0.000       2.046       0.000    
   12600   7.800      0.6192E-03 SHELL         13  -0.0%   3286.      0.7380E-05   0.000       3286.       0.000       2.046       0.000    
   12700   7.862      0.6192E-03 SHELL         13  -0.0%   3290.      0.3432E-05   0.000       3290.       0.000       2.046       0.000    
   12800   7.924      0.6192E-03 SHELL         13  -0.0%   3292.      0.1511E-05   0.000       3292.       0.000       2.046       0.000    
   12900   7.986      0.6192E-03 SHELL         13  -0.0%   3293.      0.3168E-06   0.000       3293.       0.000       2.046       0.000    

     RESTART FILES: I02F_AA2024_G30_H4_R2_0001_[0001-0001].rst WRITTEN
     -------------

     ANIMATION FILE: I02F_AA2024_G30_H4_R2A021 WRITTEN
  
                           ** CPU USER TIME **
  
  
                        ** SUMMARY **
  
 #PROC  ELEMENT   KINCOND   INTEG     IO        T0        ASM       RESOL    
   1   .3438E+00 .7812E-01 .1562E-01 .1875E+00 .1875E+00 .1562E-01 .1109E+01
  
 
                   ** CUMULATIVE CPU TIME SUMMARY **
  
 CONTACT SORTING.............: .0000E+00     0.00 % 
 CONTACT FORCES..............: .1562E-01     1.41 % 
 ELEMENT FORCES..............: .3438E+00    30.99 % 
 KINEMATIC COND..............: .7812E-01     7.04 % 
 INTEGRATION.................: .1562E-01     1.41 % 
 ASSEMBLING..................: .1562E-01     1.41 % 
 OTHERS (including I/O)......: .6406E+00    57.75 % 
 TOTAL.......................: .1109E+01   100.00 % 
  
  
                           ** ELAPSED TIME **
  
  
                        ** SUMMARY **
  
 #PROC  ELEMENT   KINCOND   INTEG     IO        T0        ASM       RESOL    
   1   .3294E+00 .6388E-01 .4786E-01 .2660E+00 .1458E+00 .3091E-01 .1111E+01
  
                   ** MEMORY USAGE STATISTICS **
  
 TOTAL MEMORY USED .........................:       48 MB
 MAXIMUM MEMORY PER PROCESSOR...............:       48 MB
 MINIMUM MEMORY PER PROCESSOR...............:       48 MB
 AVERAGE MEMORY PER PROCESSOR...............:       48 MB
  
                   ** DISK USAGE STATISTICS **
  
 TOTAL DISK SPACE USED .....................:          1 MB
 ANIMATION/H3D/TH/OUTP SIZE ................:          1 MB
 RESTART FILE SIZE .........................:          0 MB
  
                   ** COMPUTE TIME INFORMATION **
                        ** CURRENT ENGINE **
  
 EXECUTION STARTED .........................:      2026/09/14  14:08:03
 EXECUTION COMPLETED .......................:      2026/09/14  14:08:04
  
 ELAPSED TIME     =          1.14 s
                          0:00:01



     NORMAL TERMINATION      



     TOTAL NUMBER OF CYCLES  :   12925

  
                   ** COMPUTE RUNTIME INFORMATION SUMMARY **
  
        STARTER RUNTIME =          0.58s (00:00:00)
 # 001   ENGINE RUNTIME =          1.14s (00:00:01)
 ------------------------------ 
 STARTER+ENGINE RUNTIME =          1.72s (00:00:01)
  
