************************************************************************
**                                                                    **
**                                                                    **
**                         OpenRadioss Engine                         **
**                                                                    **
**            Non-linear Finite Element Analysis Software             **
**                                                                    **
**                                                                    **
**                                                                    **
**                  Windows 64 bits, Intel compiler                   **
**                      Double Precision Version                      **
**                                                                    **
**                                                                    **
**                                                                    **
************************************************************************
** OpenRadioss Software                                               **
** COPYRIGHT (C) 2026 Siemens                                         **
** Licensed under GNU Affero General Public License.                  **
** See License file.                                                  **
************************************************************************
 
 ROOT: A04_ELASTIC_N0_DFMIN  RESTART: 0002
 NUMBER OF HMPP PROCESSES     2
 05/10/2026
 NC=       0 T= 6.0044E-01 DT= 7.3325E-04 ERR=  0.0% DM/M= 0.0000E+00
     ANIMATION FILE: A04_ELASTIC_N0_DFMINA007 WRITTEN
     RESTART FILES: A04_ELASTIC_N0_DFMIN_0002_[0001-0001].rst WRITTEN
  
                           ** CPU USER TIME **
  
  
                        ** SUMMARY **
  
 #PROC  CONTSORT  CONTFOR   ELEMENT   KINCOND   INTEG     IO        T0        ASM       RESOL    
   1   .0000E+00 .0000E+00 .0000E+00 .1562E-01 .0000E+00 .2500E+00 .0000E+00 .0000E+00 .3750E+00
 
                   ** CUMULATIVE CPU TIME SUMMARY **
  
 CONTACT SORTING.............: .0000E+00     0.00 % 
 CONTACT FORCES..............: .0000E+00     0.00 % 
 ELEMENT FORCES..............: .0000E+00     0.00 % 
 KINEMATIC COND..............: .1562E-01     4.17 % 
 INTEGRATION.................: .0000E+00     0.00 % 
 ASSEMBLING..................: .0000E+00     0.00 % 
 OTHERS (including I/O)......: .3594E+00    95.83 % 
 TOTAL.......................: .3750E+00   100.00 % 
  
                   ** MEMORY USAGE STATISTICS **
  
 TOTAL MEMORY USED .........................:      201 MB
 MAXIMUM MEMORY PER PROCESSOR...............:      201 MB
 MINIMUM MEMORY PER PROCESSOR...............:      201 MB
 AVERAGE MEMORY PER PROCESSOR...............:      201 MB
  
                   ** DISK USAGE STATISTICS **
  
 TOTAL DISK SPACE USED .....................:         30 MB
 ANIMATION/H3D/TH/OUTP SIZE ................:          1 MB
 RESTART FILE SIZE .........................:         28 MB
  
 ELAPSED TIME     =          0.30 s
                          0:00:00
  
     NORMAL TERMINATION      
     TOTAL NUMBER OF CYCLES  :       1
