 A22_ROTATION_Z_N4_0001.out
************************************************************************
**                                                                    **
**                                                                    **
**                         OpenRadioss Engine                         **
**                                                                    **
**            Non-linear Finite Element Analysis Software             **
**                                                                    **
**                                                                    **
**                                                                    **
**                  Windows 64 bits, Intel compiler                   **
**                      Double Precision Version                      **
**                                                                    **
**                                                                    **
**                                                                    **
************************************************************************
** OpenRadioss Software                                               **
** COPYRIGHT (C) 2026 Siemens                                         **
** Licensed under GNU Affero General Public License.                  **
** See License file.                                                  **
************************************************************************
 
 NUMBER OF SPMD DOMAINS           1
 NUMBER OF THREADS PER DOMAIN     1
 NUMBER OF HMPP PROCESSES         1
  
 COMPUTATION HARDWARE DESCRIPTION
  
 HOSTNAME     CPU TYPE, FREQUENCY AND MEMORY
 jeux   AMD Ryzen 5 5600 6-Core Processor               (x86_64), 3700 MHz,   7108 MB RAM,  19241 MB swap
  
 STACKSIZE  . . . . . . . . . . . . . . . . . . . . 1430 MB
 THREAD STACKSIZE . . . . . . . . . . . . . . . . . 400 MB
 
************************************************************************


 A22_ROTATION_Z_N4D01                                                            


 FINAL TIME . . . . . . . . . . . . . . . . . . .   1.000000    

 TIME INTERVAL FOR TIME HISTORY PLOTS . . . . . .  0.1000000E-02

 TIME STEP SCALE FACTOR . . . . . . . . . . . . .  0.4000000    

 MINIMUM TIME STEP  . . . . . . . . . . . . . . .   0.000000    


 BRICK TIME STEP SCALE FACTOR . . . . . . . . . .  0.4000000    
 BRICK MINIMUM TIME STEP. . . . . . . . . . . . .   0.000000    
 MIN. TIME STEP FLAG (1:STOP RUN, 2:DELETE BRICK)     1

 QUAD TIME STEP SCALE FACTOR. . . . . . . . . . .  0.4000000    
 QUAD MINIMUM TIME STEP . . . . . . . . . . . . .   0.000000    
 MIN. TIME STEP FLAG (1:STOP RUN, 2:DELETE QUAD).     1

 SHELL TIME STEP SCALE FACTOR . . . . . . . . . .  0.4000000    
 SHELL MINIMUM TIME STEP. . . . . . . . . . . . .   0.000000    
 MIN. TIME FLAG (1:STOP, 2:DELETE, 3:SMALL STRAIN)    2

 TRUSS TIME STEP SCALE FACTOR . . . . . . . . . .  0.4000000    
 TRUSS MINIMUM TIME STEP. . . . . . . . . . . . .   0.000000    
 MIN. TIME FLAG (1:STOP, 2:DELETE). . . . . . . .     0

 BEAM TIME STEP SCALE FACTOR. . . . . . . . . . .  0.4000000    
 BEAM MINIMUM TIME STEP . . . . . . . . . . . . .   0.000000    
 MIN. TIME FLAG (1:STOP, 2:DELETE). . . . . . . .     0

 SPRING TIME STEP SCALE FACTOR. . . . . . . . . .  0.4000000    
 SPRING MINIMUM TIME STEP . . . . . . . . . . . .   0.000000    
 MIN. TIME FLAG (1:STOP, 2:DELETE). . . . . . . .     0

 AIRBAG TIME STEP SCALE FACTOR. . . . . . . . . .  0.4000000    
 AIRBAG MINIMUM TIME STEP . . . . . . . . . . . .   0.000000    
 MIN. TIME FLAG (1:STOP). . . . . . . . . . . . .     0

 CONTACT TIME STEP SCALE FACTOR . . . . . . . . .  0.4000000    
 CONTACT MINIMUM TIME STEP. . . . . . . . . . . .   0.000000    
 MIN. TIME FLAG(1:STOP, 2:REMOVE NODE FROM INTERF)    0

 PRINTOUT CYCLE FREQUENCY . . . . . . . . . . . .  -100

 RESTART CYCLE FREQUENCY. . . . . . . . . . . . .   10000000

 MAXIMUM RESTART WRITE BEFORE OVERWRITE . . . . .     0

 INVERS: INPUT DECK VERSION . . . . . . . . . . .  2026
 ITTYP : FLAG FOR TYPE OF T-FILE. . . . . . . . .     4

 INITIAL TIME STEP. . . . . . . . . . . . . . . .  0.2500000E-04
 MAXIMUM TIME STEP. . . . . . . . . . . . . . . .  0.2500000E-04

 PARALLEL ARITHMETIC ON
 NUMBER OF INTERFACES TO BE ELIMINATED. . . . . .        0

 NUMBER OF PARTS TO BE ELIMINATED . . . . . . . .        0

 NUMBER OF SOLID  ELEMENT BLOCKS TO BE ELIMINATED        0

 NUMBER OF QUAD   ELEMENT BLOCKS TO BE ELIMINATED        0

 NUMBER OF SHELL  ELEMENT BLOCKS TO BE ELIMINATED        0

 NUMBER OF TRUSS  ELEMENT BLOCKS TO BE ELIMINATED        0

 NUMBER OF BEAM   ELEMENT BLOCKS TO BE ELIMINATED        0

 NUMBER OF SPRING ELEMENT BLOCKS TO BE ELIMINATED        0

 NUMBER OF SH_3N  ELEMENT BLOCKS TO BE ELIMINATED        0

 NUMBER OF  SPH PARTICLES BLOCKS TO BE ELIMINATED        0

 NUMBER OF RIGID LINKS. . . . . . . . . . . . . .        0

 NUMBER OF NEW BOUNDARY CONDITIONS. . . . . . . .        0


 TIME FOR FIRST ANIMATION-FILE PLOT . . . . . . .   0.000000    
 TIME INTERVAL FOR ANIMATION-FILE PLOTS . . . . .  0.1000000    
 TIME TO STOP ANIMATION-FILE PLOTS. . . . . . . .  0.1000000E+21
 SENSOR FOR ANIMATION-FILE PLOTS. . . . . . . . .          0
 TIME INTERVAL FOR SENSOR ANIMATION-FILE PLOTS. .   0.000000    

 VARIABLE SAVED ON ANIMATION FILES (1: YES) :
      PLASTIC STRAIN. . . . . .     0
      DENSITY     (SOLID ONLY).     0
      SPECIFIC ENERGY . . . . .     0
      HOURGLASS ENERGY. . . . .     0
      TEMPERATURE (SOLID ONLY).     0
      THICKNESS   (SHELL ONLY).     0
      PRESSURE    (SOLID ONLY).     0
      VON MISES . . . . . . . .     0
      TURBULENT ENERGY (FLUID).     0
      TURBULENT VISCOSITY(FLUID)    0
      VORTICITY (FLUID) . . . .     0
 NODAL VALUES SAVED ON ANIMATION FILES (1: YES) :
      PRESSURE. . . . . . . . .     0
      DENSITY . . . . . . . . .     0
      TEMPERATURE . . . . . . .     0
 VECTOR SAVED ON ANIMATION FILES (1: YES) :
      VELOCITY VECTOR . . . . .     1
      DISPLACEMENT VECTOR . . .     1
      ACCELERATION VECTOR . . .     0
      CONTACT FORCES. . . . . .     0
      INTERNAL FORCES . . . . .     0
      EXTERNAL FORCES . . . . .     0
      SECTION RBY RWALL FORCES.     0
      ROTATIONAL VELOCITY VECTOR    0
      CONTACT PRESSURE (VECTORS)    0
 SHELL TENSOR SAVED ON ANIMATION FILES (1: YES) :
      MEMBRANE STRESS . . . . .     0
      BENDING STRESS(MOMENT/T^2)    0
      UPPER LAYER STRESS. . . .     0
      LOWER LAYER STRESS. . . .     0
      MEMBRANE STRAIN . . . . .     0
      CURVATURE . . . . . . . .     0
      UPPER LAYER STRAIN. . . .     0
      LOWER LAYER STRAIN. . . .     0
 NODAL MASS SAVED ON ANIMATION FILES (1: YES) :    1
 KEEP DELETED ELEMENT (1: YES) :    0


 10/10/2026
   CYCLE    TIME      TIME-STEP  ELEMENT          ERROR  I-ENERGY    K-ENERGY T  K-ENERGY R  EXT-WORK     MAS.ERR     TOTAL MASS  MASS ADDED
       0   0.000      0.2500E-04 BEAM          18   0.0%   0.000       0.000       0.000       0.000       0.000      0.1392E-01   0.000    
     ANIMATION FILE: A22_ROTATION_Z_N4A001 WRITTEN
     100  0.2500E-02  0.2500E-04 BEAM          18  -0.0%  0.9489E-20  0.2352E-04  0.6850E-06  0.2422E-04   0.000      0.1392E-01   0.000    
     200  0.5000E-02  0.2500E-04 BEAM          18  -0.0%  0.6031E-18  0.9361E-04  0.2726E-05  0.9635E-04   0.000      0.1392E-01   0.000    
     300  0.7500E-02  0.2500E-04 BEAM          18  -0.0%  0.6819E-17  0.2096E-03  0.6104E-05  0.2157E-03   0.000      0.1392E-01   0.000    
     400  0.1000E-01  0.2500E-04 BEAM          18  -0.0%  0.3803E-16  0.3707E-03  0.1080E-04  0.3815E-03   0.000      0.1392E-01   0.000    
     500  0.1250E-01  0.2500E-04 BEAM          18  -0.0%  0.1440E-15  0.5763E-03  0.1678E-04  0.5931E-03   0.000      0.1392E-01   0.000    
     600  0.1500E-01  0.2500E-04 BEAM          18  -0.0%  0.4267E-15  0.8257E-03  0.2405E-04  0.8497E-03   0.000      0.1392E-01   0.000    
     700  0.1750E-01  0.2500E-04 BEAM          18  -0.0%  0.1068E-14  0.1118E-02  0.3256E-04  0.1151E-02   0.000      0.1392E-01   0.000    
     800  0.2000E-01  0.2500E-04 BEAM          18  -0.0%  0.2361E-14  0.1453E-02  0.4232E-04  0.1495E-02   0.000      0.1392E-01   0.000    
     900  0.2250E-01  0.2500E-04 BEAM          18  -0.0%  0.4750E-14  0.1830E-02  0.5328E-04  0.1883E-02   0.000      0.1392E-01   0.000    
    1000  0.2500E-01  0.2500E-04 BEAM          18  -0.0%  0.8871E-14  0.2247E-02  0.6545E-04  0.2313E-02   0.000      0.1392E-01   0.000    
    1100  0.2750E-01  0.2500E-04 BEAM          18  -0.0%  0.1560E-13  0.2705E-02  0.7879E-04  0.2784E-02   0.000      0.1392E-01   0.000    
    1200  0.3000E-01  0.2500E-04 BEAM          18  -0.0%  0.2609E-13  0.3203E-02  0.9328E-04  0.3296E-02   0.000      0.1392E-01   0.000    
    1300  0.3250E-01  0.2500E-04 BEAM          18  -0.0%  0.4185E-13  0.3740E-02  0.1089E-03  0.3848E-02   0.000      0.1392E-01   0.000    
    1400  0.3500E-01  0.2500E-04 BEAM          18  -0.0%  0.6478E-13  0.4315E-02  0.1257E-03  0.4440E-02   0.000      0.1392E-01   0.000    
    1500  0.3750E-01  0.2500E-04 BEAM          18  -0.0%  0.9725E-13  0.4927E-02  0.1435E-03  0.5071E-02   0.000      0.1392E-01   0.000    
    1600  0.4000E-01  0.2500E-04 BEAM          18  -0.0%  0.1421E-12  0.5577E-02  0.1624E-03  0.5740E-02   0.000      0.1392E-01   0.000    
    1700  0.4250E-01  0.2500E-04 BEAM          18  -0.0%  0.2029E-12  0.6263E-02  0.1824E-03  0.6446E-02   0.000      0.1392E-01   0.000    
    1800  0.4500E-01  0.2500E-04 BEAM          18  -0.0%  0.2837E-12  0.6985E-02  0.2034E-03  0.7189E-02   0.000      0.1392E-01   0.000    
    1900  0.4750E-01  0.2500E-04 BEAM          18  -0.0%  0.3894E-12  0.7742E-02  0.2255E-03  0.7968E-02   0.000      0.1392E-01   0.000    
    2000  0.5000E-01  0.2500E-04 BEAM          18  -0.0%  0.5257E-12  0.8534E-02  0.2485E-03  0.8782E-02   0.000      0.1392E-01   0.000    
    2100  0.5250E-01  0.2500E-04 BEAM          18  -0.0%  0.6990E-12  0.9359E-02  0.2726E-03  0.9632E-02   0.000      0.1392E-01   0.000    
    2200  0.5500E-01  0.2500E-04 BEAM          18  -0.0%  0.9169E-12  0.1022E-01  0.2976E-03  0.1052E-01   0.000      0.1392E-01   0.000    
    2300  0.5750E-01  0.2500E-04 BEAM          18  -0.0%  0.1188E-11  0.1111E-01  0.3235E-03  0.1143E-01   0.000      0.1392E-01   0.000    
    2400  0.6000E-01  0.2500E-04 BEAM          18  -0.0%  0.1521E-11  0.1203E-01  0.3504E-03  0.1238E-01   0.000      0.1392E-01   0.000    
    2500  0.6250E-01  0.2500E-04 BEAM          18  -0.0%  0.1928E-11  0.1299E-01  0.3782E-03  0.1336E-01   0.000      0.1392E-01   0.000    
    2600  0.6500E-01  0.2500E-04 BEAM          18  -0.0%  0.2421E-11  0.1397E-01  0.4069E-03  0.1438E-01   0.000      0.1392E-01   0.000    
    2700  0.6750E-01  0.2500E-04 BEAM          18  -0.0%  0.3013E-11  0.1499E-01  0.4364E-03  0.1542E-01   0.000      0.1392E-01   0.000    
    2800  0.7000E-01  0.2500E-04 BEAM          18  -0.0%  0.3718E-11  0.1603E-01  0.4668E-03  0.1650E-01   0.000      0.1392E-01   0.000    
    2900  0.7250E-01  0.2500E-04 BEAM          18  -0.0%  0.4553E-11  0.1710E-01  0.4981E-03  0.1760E-01   0.000      0.1392E-01   0.000    
    3000  0.7500E-01  0.2500E-04 BEAM          18  -0.0%  0.5536E-11  0.1820E-01  0.5302E-03  0.1873E-01   0.000      0.1392E-01   0.000    
    3100  0.7750E-01  0.2500E-04 BEAM          18  -0.0%  0.6687E-11  0.1933E-01  0.5630E-03  0.1990E-01   0.000      0.1392E-01   0.000    
    3200  0.8000E-01  0.2500E-04 BEAM           9  -0.0%  0.8026E-11  0.2049E-01  0.5967E-03  0.2109E-01   0.000      0.1392E-01   0.000    
    3300  0.8250E-01  0.2500E-04 BEAM          20  -0.0%  0.9577E-11  0.2167E-01  0.6311E-03  0.2230E-01   0.000      0.1392E-01   0.000    
    3400  0.8500E-01  0.2500E-04 BEAM          20  -0.0%  0.1136E-10  0.2288E-01  0.6663E-03  0.2355E-01   0.000      0.1392E-01   0.000    
    3500  0.8750E-01  0.2500E-04 BEAM          20  -0.0%  0.1342E-10  0.2411E-01  0.7022E-03  0.2481E-01   0.000      0.1392E-01   0.000    
    3600  0.9000E-01  0.2500E-04 BEAM          18  -0.0%  0.1576E-10  0.2537E-01  0.7389E-03  0.2611E-01   0.000      0.1392E-01   0.000    
    3700  0.9250E-01  0.2500E-04 BEAM          20  -0.0%  0.1843E-10  0.2665E-01  0.7762E-03  0.2743E-01   0.000      0.1392E-01   0.000    
    3800  0.9500E-01  0.2500E-04 BEAM           9  -0.0%  0.2145E-10  0.2796E-01  0.8142E-03  0.2877E-01   0.000      0.1392E-01   0.000    
    3900  0.9750E-01  0.2500E-04 BEAM          18  -0.0%  0.2487E-10  0.2929E-01  0.8529E-03  0.3014E-01   0.000      0.1392E-01   0.000    
    4000  0.1000      0.2500E-04 BEAM           9  -0.0%  0.2872E-10  0.3064E-01  0.8923E-03  0.3153E-01   0.000      0.1392E-01   0.000    
     ANIMATION FILE: A22_ROTATION_Z_N4A002 WRITTEN
    4100  0.1025      0.2500E-04 BEAM          18  -0.0%  0.3304E-10  0.3201E-01  0.9322E-03  0.3294E-01   0.000      0.1392E-01   0.000    
    4200  0.1050      0.2500E-04 BEAM          18  -0.0%  0.3787E-10  0.3340E-01  0.9728E-03  0.3438E-01   0.000      0.1392E-01   0.000    
    4300  0.1075      0.2500E-04 BEAM          18  -0.0%  0.4326E-10  0.3482E-01  0.1014E-02  0.3583E-01   0.000      0.1392E-01   0.000    
    4400  0.1100      0.2500E-04 BEAM          18  -0.0%  0.4925E-10  0.3625E-01  0.1056E-02  0.3731E-01   0.000      0.1392E-01   0.000    
    4500  0.1125      0.2500E-04 BEAM          18  -0.0%  0.5591E-10  0.3770E-01  0.1098E-02  0.3880E-01   0.000      0.1392E-01   0.000    
    4600  0.1150      0.2500E-04 BEAM           9  -0.0%  0.6327E-10  0.3918E-01  0.1141E-02  0.4032E-01   0.000      0.1392E-01   0.000    
    4700  0.1175      0.2500E-04 BEAM           9  -0.0%  0.7140E-10  0.4067E-01  0.1184E-02  0.4185E-01   0.000      0.1392E-01   0.000    
    4800  0.1200      0.2500E-04 BEAM          20  -0.0%  0.8036E-10  0.4218E-01  0.1228E-02  0.4341E-01   0.000      0.1392E-01   0.000    
    4900  0.1225      0.2500E-04 BEAM          18  -0.0%  0.9020E-10  0.4370E-01  0.1273E-02  0.4498E-01   0.000      0.1392E-01   0.000    
    5000  0.1250      0.2500E-04 BEAM           9  -0.0%  0.1010E-09  0.4525E-01  0.1318E-02  0.4656E-01   0.000      0.1392E-01   0.000    
    5100  0.1275      0.2500E-04 BEAM           9  -0.0%  0.1128E-09  0.4681E-01  0.1363E-02  0.4817E-01   0.000      0.1392E-01   0.000    
    5200  0.1300      0.2500E-04 BEAM          18  -0.0%  0.1257E-09  0.4838E-01  0.1409E-02  0.4979E-01   0.000      0.1392E-01   0.000    
    5300  0.1325      0.2500E-04 BEAM          18  -0.0%  0.1398E-09  0.4997E-01  0.1455E-02  0.5143E-01   0.000      0.1392E-01   0.000    
    5400  0.1350      0.2500E-04 BEAM           9  -0.0%  0.1551E-09  0.5158E-01  0.1502E-02  0.5308E-01   0.000      0.1392E-01   0.000    
    5500  0.1375      0.2500E-04 BEAM          18  -0.0%  0.1717E-09  0.5320E-01  0.1549E-02  0.5474E-01   0.000      0.1392E-01   0.000    
    5600  0.1400      0.2500E-04 BEAM          20  -0.0%  0.1897E-09  0.5483E-01  0.1597E-02  0.5643E-01   0.000      0.1392E-01   0.000    
    5700  0.1425      0.2500E-04 BEAM           9  -0.0%  0.2092E-09  0.5647E-01  0.1645E-02  0.5812E-01   0.000      0.1392E-01   0.000    
    5800  0.1450      0.2500E-04 BEAM          20  -0.0%  0.2303E-09  0.5813E-01  0.1693E-02  0.5983E-01   0.000      0.1392E-01   0.000    
    5900  0.1475      0.2500E-04 BEAM          20  -0.0%  0.2530E-09  0.5980E-01  0.1742E-02  0.6155E-01   0.000      0.1392E-01   0.000    
    6000  0.1500      0.2500E-04 BEAM          18  -0.0%  0.2776E-09  0.6149E-01  0.1791E-02  0.6328E-01   0.000      0.1392E-01   0.000    
    6100  0.1525      0.2500E-04 BEAM          18  -0.0%  0.3039E-09  0.6318E-01  0.1840E-02  0.6502E-01   0.000      0.1392E-01   0.000    
    6200  0.1550      0.2500E-04 BEAM          20  -0.0%  0.3323E-09  0.6488E-01  0.1890E-02  0.6677E-01   0.000      0.1392E-01   0.000    
    6300  0.1575      0.2500E-04 BEAM           9  -0.0%  0.3627E-09  0.6660E-01  0.1940E-02  0.6854E-01   0.000      0.1392E-01   0.000    
    6400  0.1600      0.2500E-04 BEAM          18  -0.0%  0.3953E-09  0.6832E-01  0.1990E-02  0.7031E-01   0.000      0.1392E-01   0.000    
    6500  0.1625      0.2500E-04 BEAM          18  -0.0%  0.4302E-09  0.7005E-01  0.2040E-02  0.7209E-01   0.000      0.1392E-01   0.000    
    6600  0.1650      0.2500E-04 BEAM          18  -0.0%  0.4675E-09  0.7179E-01  0.2091E-02  0.7389E-01   0.000      0.1392E-01   0.000    
    6700  0.1675      0.2500E-04 BEAM           9  -0.0%  0.5073E-09  0.7354E-01  0.2142E-02  0.7569E-01   0.000      0.1392E-01   0.000    
    6800  0.1700      0.2500E-04 BEAM          18  -0.0%  0.5498E-09  0.7530E-01  0.2193E-02  0.7750E-01   0.000      0.1392E-01   0.000    
    6900  0.1725      0.2500E-04 BEAM          18  -0.0%  0.5950E-09  0.7707E-01  0.2244E-02  0.7931E-01   0.000      0.1392E-01   0.000    
    7000  0.1750      0.2500E-04 BEAM           9  -0.0%  0.6432E-09  0.7884E-01  0.2296E-02  0.8113E-01   0.000      0.1392E-01   0.000    
    7100  0.1775      0.2500E-04 BEAM           9  -0.0%  0.6943E-09  0.8062E-01  0.2348E-02  0.8296E-01   0.000      0.1392E-01   0.000    
    7200  0.1800      0.2500E-04 BEAM           9  -0.0%  0.7487E-09  0.8240E-01  0.2400E-02  0.8480E-01   0.000      0.1392E-01   0.000    
    7300  0.1825      0.2500E-04 BEAM           9  -0.0%  0.8063E-09  0.8419E-01  0.2452E-02  0.8664E-01   0.000      0.1392E-01   0.000    
    7400  0.1850      0.2500E-04 BEAM          20  -0.0%  0.8675E-09  0.8598E-01  0.2504E-02  0.8849E-01   0.000      0.1392E-01   0.000    
    7500  0.1875      0.2500E-04 BEAM          20  -0.0%  0.9321E-09  0.8778E-01  0.2557E-02  0.9034E-01   0.000      0.1392E-01   0.000    
    7600  0.1900      0.2500E-04 BEAM           9  -0.0%  0.1001E-08  0.8958E-01  0.2609E-02  0.9219E-01   0.000      0.1392E-01   0.000    
    7700  0.1925      0.2500E-04 BEAM           4  -0.0%  0.1073E-08  0.9139E-01  0.2662E-02  0.9405E-01   0.000      0.1392E-01   0.000    
    7800  0.1950      0.2500E-04 BEAM          20  -0.0%  0.1149E-08  0.9320E-01  0.2714E-02  0.9591E-01   0.000      0.1392E-01   0.000    
    7900  0.1975      0.2500E-04 BEAM          18  -0.0%  0.1230E-08  0.9501E-01  0.2767E-02  0.9778E-01   0.000      0.1392E-01   0.000    
    8000  0.2000      0.2500E-04 BEAM          12  -0.0%  0.1315E-08  0.9683E-01  0.2820E-02  0.9965E-01   0.000      0.1392E-01   0.000    
     ANIMATION FILE: A22_ROTATION_Z_N4A003 WRITTEN
    8100  0.2025      0.2500E-04 BEAM          20  -0.0%  0.1404E-08  0.9864E-01  0.2873E-02  0.1015       0.000      0.1392E-01   0.000    
    8200  0.2050      0.2500E-04 BEAM           9  -0.0%  0.1498E-08  0.1005      0.2926E-02  0.1034       0.000      0.1392E-01   0.000    
    8300  0.2075      0.2500E-04 BEAM           9  -0.0%  0.1597E-08  0.1023      0.2979E-02  0.1053       0.000      0.1392E-01   0.000    
    8400  0.2100      0.2500E-04 BEAM           9  -0.0%  0.1701E-08  0.1041      0.3032E-02  0.1071       0.000      0.1392E-01   0.000    
    8500  0.2125      0.2500E-04 BEAM           9  -0.0%  0.1811E-08  0.1059      0.3085E-02  0.1090       0.000      0.1392E-01   0.000    
    8600  0.2150      0.2500E-04 BEAM           9  -0.0%  0.1925E-08  0.1077      0.3138E-02  0.1109       0.000      0.1392E-01   0.000    
    8700  0.2175      0.2500E-04 BEAM          12  -0.0%  0.2045E-08  0.1096      0.3191E-02  0.1127       0.000      0.1392E-01   0.000    
    8800  0.2200      0.2500E-04 BEAM           9  -0.0%  0.2171E-08  0.1114      0.3244E-02  0.1146       0.000      0.1392E-01   0.000    
    8900  0.2225      0.2500E-04 BEAM          20  -0.0%  0.2303E-08  0.1132      0.3297E-02  0.1165       0.000      0.1392E-01   0.000    
    9000  0.2250      0.2500E-04 BEAM           9  -0.0%  0.2441E-08  0.1150      0.3349E-02  0.1184       0.000      0.1392E-01   0.000    
    9100  0.2275      0.2500E-04 BEAM          18  -0.0%  0.2585E-08  0.1168      0.3402E-02  0.1202       0.000      0.1392E-01   0.000    
    9200  0.2300      0.2500E-04 BEAM           9  -0.0%  0.2736E-08  0.1186      0.3455E-02  0.1221       0.000      0.1392E-01   0.000    
    9300  0.2325      0.2500E-04 BEAM          18  -0.0%  0.2894E-08  0.1204      0.3508E-02  0.1239       0.000      0.1392E-01   0.000    
    9400  0.2350      0.2500E-04 BEAM          20  -0.0%  0.3058E-08  0.1222      0.3560E-02  0.1258       0.000      0.1392E-01   0.000    
    9500  0.2375      0.2500E-04 BEAM          12  -0.0%  0.3229E-08  0.1240      0.3613E-02  0.1277       0.000      0.1392E-01   0.000    
    9600  0.2400      0.2500E-04 BEAM          20  -0.0%  0.3408E-08  0.1258      0.3665E-02  0.1295       0.000      0.1392E-01   0.000    
    9700  0.2425      0.2500E-04 BEAM           4   0.0%  0.3594E-08  0.1276      0.3717E-02  0.1313       0.000      0.1392E-01   0.000    
    9800  0.2450      0.2500E-04 BEAM          18   0.0%  0.3788E-08  0.1294      0.3769E-02  0.1332       0.000      0.1392E-01   0.000    
    9900  0.2475      0.2500E-04 BEAM          12   0.0%  0.3990E-08  0.1312      0.3821E-02  0.1350       0.000      0.1392E-01   0.000    
   CYCLE    TIME      TIME-STEP  ELEMENT          ERROR  I-ENERGY    K-ENERGY T  K-ENERGY R  EXT-WORK     MAS.ERR     TOTAL MASS  MASS ADDED
   10000  0.2500      0.2500E-04 BEAM          20   0.0%  0.4200E-08  0.1330      0.3873E-02  0.1368       0.000      0.1392E-01   0.000    
   10100  0.2525      0.2500E-04 BEAM          10   0.0%  0.4418E-08  0.1347      0.3924E-02  0.1387       0.000      0.1392E-01   0.000    
   10200  0.2550      0.2500E-04 BEAM          18   0.0%  0.4644E-08  0.1365      0.3976E-02  0.1405       0.000      0.1392E-01   0.000    
   10300  0.2575      0.2500E-04 BEAM          12   0.0%  0.4880E-08  0.1383      0.4027E-02  0.1423       0.000      0.1392E-01   0.000    
   10400  0.2600      0.2500E-04 BEAM           9   0.0%  0.5124E-08  0.1400      0.4078E-02  0.1441       0.000      0.1392E-01   0.000    
   10500  0.2625      0.2500E-04 BEAM          20   0.0%  0.5377E-08  0.1418      0.4128E-02  0.1459       0.000      0.1392E-01   0.000    
   10600  0.2650      0.2500E-04 BEAM           9   0.0%  0.5640E-08  0.1435      0.4179E-02  0.1477       0.000      0.1392E-01   0.000    
   10700  0.2675      0.2500E-04 BEAM          20   0.0%  0.5913E-08  0.1452      0.4229E-02  0.1494       0.000      0.1392E-01   0.000    
   10800  0.2700      0.2500E-04 BEAM           9   0.0%  0.6195E-08  0.1469      0.4279E-02  0.1512       0.000      0.1392E-01   0.000    
   10900  0.2725      0.2500E-04 BEAM          20   0.0%  0.6487E-08  0.1486      0.4329E-02  0.1530       0.000      0.1392E-01   0.000    
   11000  0.2750      0.2500E-04 BEAM          20   0.0%  0.6789E-08  0.1503      0.4379E-02  0.1547       0.000      0.1392E-01   0.000    
   11100  0.2775      0.2500E-04 BEAM          20   0.0%  0.7102E-08  0.1520      0.4428E-02  0.1565       0.000      0.1392E-01   0.000    
   11200  0.2800      0.2500E-04 BEAM          20   0.0%  0.7426E-08  0.1537      0.4477E-02  0.1582       0.000      0.1392E-01   0.000    
   11300  0.2825      0.2500E-04 BEAM          20   0.0%  0.7760E-08  0.1554      0.4526E-02  0.1599       0.000      0.1392E-01   0.000    
   11400  0.2850      0.2500E-04 BEAM           9   0.0%  0.8105E-08  0.1571      0.4574E-02  0.1616       0.000      0.1392E-01   0.000    
   11500  0.2875      0.2500E-04 BEAM           9   0.0%  0.8462E-08  0.1587      0.4622E-02  0.1633       0.000      0.1392E-01   0.000    
   11600  0.2900      0.2500E-04 BEAM           9   0.0%  0.8830E-08  0.1603      0.4670E-02  0.1650       0.000      0.1392E-01   0.000    
   11700  0.2925      0.2500E-04 BEAM           2   0.0%  0.9210E-08  0.1620      0.4717E-02  0.1667       0.000      0.1392E-01   0.000    
   11800  0.2950      0.2500E-04 BEAM           9   0.0%  0.9602E-08  0.1636      0.4765E-02  0.1684       0.000      0.1392E-01   0.000    
   11900  0.2975      0.2500E-04 BEAM          12   0.0%  0.1001E-07  0.1652      0.4811E-02  0.1700       0.000      0.1392E-01   0.000    
   12000  0.3000      0.2500E-04 BEAM          20   0.0%  0.1042E-07  0.1668      0.4858E-02  0.1717       0.000      0.1392E-01   0.000    
     ANIMATION FILE: A22_ROTATION_Z_N4A004 WRITTEN
   12100  0.3025      0.2500E-04 BEAM          20   0.0%  0.1085E-07  0.1684      0.4904E-02  0.1733       0.000      0.1392E-01   0.000    
   12200  0.3050      0.2500E-04 BEAM          18   0.0%  0.1129E-07  0.1700      0.4950E-02  0.1749       0.000      0.1392E-01   0.000    
   12300  0.3075      0.2500E-04 BEAM          20   0.0%  0.1175E-07  0.1715      0.4995E-02  0.1765       0.000      0.1392E-01   0.000    
   12400  0.3100      0.2500E-04 BEAM          20   0.0%  0.1222E-07  0.1731      0.5040E-02  0.1781       0.000      0.1392E-01   0.000    
   12500  0.3125      0.2500E-04 BEAM          20   0.0%  0.1270E-07  0.1746      0.5085E-02  0.1797       0.000      0.1392E-01   0.000    
   12600  0.3150      0.2500E-04 BEAM          20   0.0%  0.1319E-07  0.1761      0.5129E-02  0.1812       0.000      0.1392E-01   0.000    
   12700  0.3175      0.2500E-04 BEAM           9   0.0%  0.1370E-07  0.1776      0.5172E-02  0.1828       0.000      0.1392E-01   0.000    
   12800  0.3200      0.2500E-04 BEAM          20   0.0%  0.1423E-07  0.1791      0.5216E-02  0.1843       0.000      0.1392E-01   0.000    
   12900  0.3225      0.2500E-04 BEAM          18   0.0%  0.1476E-07  0.1806      0.5259E-02  0.1858       0.000      0.1392E-01   0.000    
   13000  0.3250      0.2500E-04 BEAM          20   0.0%  0.1532E-07  0.1820      0.5301E-02  0.1873       0.000      0.1392E-01   0.000    
   13100  0.3275      0.2500E-04 BEAM          18   0.0%  0.1588E-07  0.1835      0.5343E-02  0.1888       0.000      0.1392E-01   0.000    
   13200  0.3300      0.2500E-04 BEAM           1   0.0%  0.1646E-07  0.1849      0.5385E-02  0.1903       0.000      0.1392E-01   0.000    
   13300  0.3325      0.2500E-04 BEAM          20   0.0%  0.1706E-07  0.1863      0.5426E-02  0.1917       0.000      0.1392E-01   0.000    
   13400  0.3350      0.2500E-04 BEAM           4   0.0%  0.1767E-07  0.1877      0.5467E-02  0.1932       0.000      0.1392E-01   0.000    
   13500  0.3375      0.2500E-04 BEAM           9   0.0%  0.1830E-07  0.1891      0.5507E-02  0.1946       0.000      0.1392E-01   0.000    
   13600  0.3400      0.2500E-04 BEAM           9   0.0%  0.1894E-07  0.1905      0.5547E-02  0.1960       0.000      0.1392E-01   0.000    
   13700  0.3425      0.2500E-04 BEAM           9   0.0%  0.1960E-07  0.1918      0.5586E-02  0.1974       0.000      0.1392E-01   0.000    
   13800  0.3450      0.2500E-04 BEAM          20   0.0%  0.2028E-07  0.1931      0.5625E-02  0.1988       0.000      0.1392E-01   0.000    
   13900  0.3475      0.2500E-04 BEAM          20   0.0%  0.2097E-07  0.1945      0.5663E-02  0.2001       0.000      0.1392E-01   0.000    
   14000  0.3500      0.2500E-04 BEAM          18   0.0%  0.2167E-07  0.1958      0.5701E-02  0.2015       0.000      0.1392E-01   0.000    
   14100  0.3525      0.2500E-04 BEAM           1   0.0%  0.2240E-07  0.1970      0.5739E-02  0.2028       0.000      0.1392E-01   0.000    
   14200  0.3550      0.2500E-04 BEAM          18   0.0%  0.2314E-07  0.1983      0.5775E-02  0.2041       0.000      0.1392E-01   0.000    
   14300  0.3575      0.2500E-04 BEAM          18   0.0%  0.2390E-07  0.1995      0.5812E-02  0.2054       0.000      0.1392E-01   0.000    
   14400  0.3600      0.2500E-04 BEAM           9   0.0%  0.2467E-07  0.2008      0.5847E-02  0.2066       0.000      0.1392E-01   0.000    
   14500  0.3625      0.2500E-04 BEAM           1   0.0%  0.2546E-07  0.2020      0.5883E-02  0.2079       0.000      0.1392E-01   0.000    
   14600  0.3650      0.2500E-04 BEAM          20   0.0%  0.2627E-07  0.2032      0.5917E-02  0.2091       0.000      0.1392E-01   0.000    
   14700  0.3675      0.2500E-04 BEAM           1   0.0%  0.2710E-07  0.2044      0.5952E-02  0.2103       0.000      0.1392E-01   0.000    
   14800  0.3700      0.2500E-04 BEAM           9   0.0%  0.2794E-07  0.2055      0.5985E-02  0.2115       0.000      0.1392E-01   0.000    
   14900  0.3725      0.2500E-04 BEAM           9   0.0%  0.2880E-07  0.2066      0.6018E-02  0.2127       0.000      0.1392E-01   0.000    
   15000  0.3750      0.2500E-04 BEAM           4   0.0%  0.2968E-07  0.2078      0.6051E-02  0.2138       0.000      0.1392E-01   0.000    
   15100  0.3775      0.2500E-04 BEAM          20   0.0%  0.3058E-07  0.2089      0.6083E-02  0.2149       0.000      0.1392E-01   0.000    
   15200  0.3800      0.2500E-04 BEAM          20   0.0%  0.3150E-07  0.2099      0.6114E-02  0.2161       0.000      0.1392E-01   0.000    
   15300  0.3825      0.2500E-04 BEAM           1   0.0%  0.3243E-07  0.2110      0.6145E-02  0.2171       0.000      0.1392E-01   0.000    
   15400  0.3850      0.2500E-04 BEAM          20   0.0%  0.3338E-07  0.2120      0.6176E-02  0.2182       0.000      0.1392E-01   0.000    
   15500  0.3875      0.2500E-04 BEAM          20   0.0%  0.3436E-07  0.2131      0.6205E-02  0.2193       0.000      0.1392E-01   0.000    
   15600  0.3900      0.2500E-04 BEAM          20   0.0%  0.3535E-07  0.2141      0.6234E-02  0.2203       0.000      0.1392E-01   0.000    
   15700  0.3925      0.2500E-04 BEAM           9   0.0%  0.3635E-07  0.2150      0.6263E-02  0.2213       0.000      0.1392E-01   0.000    
   15800  0.3950      0.2500E-04 BEAM          18   0.0%  0.3738E-07  0.2160      0.6291E-02  0.2223       0.000      0.1392E-01   0.000    
   15900  0.3975      0.2500E-04 BEAM          20   0.0%  0.3843E-07  0.2169      0.6318E-02  0.2233       0.000      0.1392E-01   0.000    
   16000  0.4000      0.2500E-04 BEAM          12   0.0%  0.3949E-07  0.2179      0.6345E-02  0.2242       0.000      0.1392E-01   0.000    
     ANIMATION FILE: A22_ROTATION_Z_N4A005 WRITTEN
   16100  0.4025      0.2500E-04 BEAM           1   0.0%  0.4058E-07  0.2188      0.6371E-02  0.2251       0.000      0.1392E-01   0.000    
   16200  0.4050      0.2500E-04 BEAM          20   0.0%  0.4168E-07  0.2196      0.6397E-02  0.2260       0.000      0.1392E-01   0.000    
   16300  0.4075      0.2500E-04 BEAM          20   0.0%  0.4280E-07  0.2205      0.6421E-02  0.2269       0.000      0.1392E-01   0.000    
   16400  0.4100      0.2500E-04 BEAM          18   0.0%  0.4395E-07  0.2213      0.6446E-02  0.2278       0.000      0.1392E-01   0.000    
   16500  0.4125      0.2500E-04 BEAM           1   0.0%  0.4511E-07  0.2221      0.6469E-02  0.2286       0.000      0.1392E-01   0.000    
   16600  0.4150      0.2500E-04 BEAM          20   0.0%  0.4629E-07  0.2229      0.6493E-02  0.2294       0.000      0.1392E-01   0.000    
   16700  0.4175      0.2500E-04 BEAM          18   0.0%  0.4749E-07  0.2237      0.6515E-02  0.2302       0.000      0.1392E-01   0.000    
   16800  0.4200      0.2500E-04 BEAM          18   0.0%  0.4871E-07  0.2244      0.6537E-02  0.2310       0.000      0.1392E-01   0.000    
   16900  0.4225      0.2500E-04 BEAM          18   0.0%  0.4995E-07  0.2252      0.6558E-02  0.2317       0.000      0.1392E-01   0.000    
   17000  0.4250      0.2500E-04 BEAM          20   0.0%  0.5121E-07  0.2259      0.6578E-02  0.2325       0.000      0.1392E-01   0.000    
   17100  0.4275      0.2500E-04 BEAM          12   0.0%  0.5249E-07  0.2266      0.6598E-02  0.2332       0.000      0.1392E-01   0.000    
   17200  0.4300      0.2500E-04 BEAM          17   0.0%  0.5379E-07  0.2272      0.6617E-02  0.2338       0.000      0.1392E-01   0.000    
   17300  0.4325      0.2500E-04 BEAM          20   0.0%  0.5510E-07  0.2279      0.6636E-02  0.2345       0.000      0.1392E-01   0.000    
   17400  0.4350      0.2500E-04 BEAM          20   0.0%  0.5644E-07  0.2285      0.6654E-02  0.2351       0.000      0.1392E-01   0.000    
   17500  0.4375      0.2500E-04 BEAM           9   0.0%  0.5780E-07  0.2291      0.6671E-02  0.2357       0.000      0.1392E-01   0.000    
   17600  0.4400      0.2500E-04 BEAM          10   0.0%  0.5918E-07  0.2296      0.6688E-02  0.2363       0.000      0.1392E-01   0.000    
   17700  0.4425      0.2500E-04 BEAM          18   0.0%  0.6057E-07  0.2302      0.6704E-02  0.2369       0.000      0.1392E-01   0.000    
   17800  0.4450      0.2500E-04 BEAM          20   0.0%  0.6199E-07  0.2307      0.6719E-02  0.2374       0.000      0.1392E-01   0.000    
   17900  0.4475      0.2500E-04 BEAM           4   0.0%  0.6343E-07  0.2312      0.6734E-02  0.2379       0.000      0.1392E-01   0.000    
   18000  0.4500      0.2500E-04 BEAM           9   0.0%  0.6488E-07  0.2317      0.6748E-02  0.2384       0.000      0.1392E-01   0.000    
   18100  0.4525      0.2500E-04 BEAM          12   0.0%  0.6636E-07  0.2321      0.6761E-02  0.2389       0.000      0.1392E-01   0.000    
   18200  0.4550      0.2500E-04 BEAM          18   0.0%  0.6785E-07  0.2326      0.6774E-02  0.2394       0.000      0.1392E-01   0.000    
   18300  0.4575      0.2500E-04 BEAM          12   0.0%  0.6936E-07  0.2330      0.6786E-02  0.2398       0.000      0.1392E-01   0.000    
   18400  0.4600      0.2500E-04 BEAM          20   0.0%  0.7090E-07  0.2334      0.6797E-02  0.2402       0.000      0.1392E-01   0.000    
   18500  0.4625      0.2500E-04 BEAM          20   0.0%  0.7245E-07  0.2337      0.6807E-02  0.2405       0.000      0.1392E-01   0.000    
   18600  0.4650      0.2500E-04 BEAM          18   0.0%  0.7402E-07  0.2341      0.6817E-02  0.2409       0.000      0.1392E-01   0.000    
   18700  0.4675      0.2500E-04 BEAM          20   0.0%  0.7561E-07  0.2344      0.6827E-02  0.2412       0.000      0.1392E-01   0.000    
   18800  0.4700      0.2500E-04 BEAM          18   0.0%  0.7722E-07  0.2347      0.6835E-02  0.2415       0.000      0.1392E-01   0.000    
   18900  0.4725      0.2500E-04 BEAM           4   0.0%  0.7885E-07  0.2350      0.6843E-02  0.2418       0.000      0.1392E-01   0.000    
   19000  0.4750      0.2500E-04 BEAM           9   0.0%  0.8050E-07  0.2352      0.6850E-02  0.2421       0.000      0.1392E-01   0.000    
   19100  0.4775      0.2500E-04 BEAM          20   0.0%  0.8216E-07  0.2354      0.6857E-02  0.2423       0.000      0.1392E-01   0.000    
   19200  0.4800      0.2500E-04 BEAM           4   0.0%  0.8385E-07  0.2356      0.6863E-02  0.2425       0.000      0.1392E-01   0.000    
   19300  0.4825      0.2500E-04 BEAM          20   0.0%  0.8555E-07  0.2358      0.6868E-02  0.2427       0.000      0.1392E-01   0.000    
   19400  0.4850      0.2500E-04 BEAM          18   0.0%  0.8727E-07  0.2360      0.6872E-02  0.2428       0.000      0.1392E-01   0.000    
   19500  0.4875      0.2500E-04 BEAM          18   0.0%  0.8901E-07  0.2361      0.6876E-02  0.2430       0.000      0.1392E-01   0.000    
   19600  0.4900      0.2500E-04 BEAM           4   0.0%  0.9077E-07  0.2362      0.6879E-02  0.2431       0.000      0.1392E-01   0.000    
   19700  0.4925      0.2500E-04 BEAM          20   0.0%  0.9255E-07  0.2363      0.6882E-02  0.2432       0.000      0.1392E-01   0.000    
   19800  0.4950      0.2500E-04 BEAM          12   0.0%  0.9434E-07  0.2363      0.6883E-02  0.2432       0.000      0.1392E-01   0.000    
   19900  0.4975      0.2500E-04 BEAM          20   0.0%  0.9615E-07  0.2364      0.6884E-02  0.2433       0.000      0.1392E-01   0.000    
   CYCLE    TIME      TIME-STEP  ELEMENT          ERROR  I-ENERGY    K-ENERGY T  K-ENERGY R  EXT-WORK     MAS.ERR     TOTAL MASS  MASS ADDED
   20000  0.5000      0.2500E-04 BEAM          11   0.0%  0.9798E-07  0.2364      0.6885E-02  0.2433       0.000      0.1392E-01   0.000    
     ANIMATION FILE: A22_ROTATION_Z_N4A006 WRITTEN
   20100  0.5025      0.2500E-04 BEAM           9   0.0%  0.9983E-07  0.2364      0.6884E-02  0.2433       0.000      0.1392E-01   0.000    
   20200  0.5050      0.2500E-04 BEAM          18   0.0%  0.1017E-06  0.2363      0.6883E-02  0.2432       0.000      0.1392E-01   0.000    
   20300  0.5075      0.2500E-04 BEAM          12   0.0%  0.1036E-06  0.2363      0.6882E-02  0.2432       0.000      0.1392E-01   0.000    
   20400  0.5100      0.2500E-04 BEAM          11   0.0%  0.1055E-06  0.2362      0.6879E-02  0.2431       0.000      0.1392E-01   0.000    
   20500  0.5125      0.2500E-04 BEAM          11   0.0%  0.1074E-06  0.2361      0.6876E-02  0.2430       0.000      0.1392E-01   0.000    
   20600  0.5150      0.2500E-04 BEAM           1   0.0%  0.1093E-06  0.2360      0.6872E-02  0.2428       0.000      0.1392E-01   0.000    
   20700  0.5175      0.2500E-04 BEAM           9   0.0%  0.1113E-06  0.2358      0.6868E-02  0.2427       0.000      0.1392E-01   0.000    
   20800  0.5200      0.2500E-04 BEAM          20   0.0%  0.1132E-06  0.2356      0.6863E-02  0.2425       0.000      0.1392E-01   0.000    
   20900  0.5225      0.2500E-04 BEAM           4   0.0%  0.1152E-06  0.2354      0.6857E-02  0.2423       0.000      0.1392E-01   0.000    
   21000  0.5250      0.2500E-04 BEAM           9   0.0%  0.1172E-06  0.2352      0.6850E-02  0.2421       0.000      0.1392E-01   0.000    
   21100  0.5275      0.2500E-04 BEAM           4   0.0%  0.1192E-06  0.2350      0.6843E-02  0.2418       0.000      0.1392E-01   0.000    
   21200  0.5300      0.2500E-04 BEAM          20   0.0%  0.1212E-06  0.2347      0.6835E-02  0.2415       0.000      0.1392E-01   0.000    
   21300  0.5325      0.2500E-04 BEAM          20   0.0%  0.1232E-06  0.2344      0.6827E-02  0.2412       0.000      0.1392E-01   0.000    
   21400  0.5350      0.2500E-04 BEAM          20   0.0%  0.1253E-06  0.2341      0.6817E-02  0.2409       0.000      0.1392E-01   0.000    
   21500  0.5375      0.2500E-04 BEAM          20   0.0%  0.1274E-06  0.2337      0.6807E-02  0.2405       0.000      0.1392E-01   0.000    
   21600  0.5400      0.2500E-04 BEAM          20   0.0%  0.1294E-06  0.2334      0.6797E-02  0.2402       0.000      0.1392E-01   0.000    
   21700  0.5425      0.2500E-04 BEAM          11   0.0%  0.1315E-06  0.2330      0.6786E-02  0.2398       0.000      0.1392E-01   0.000    
   21800  0.5450      0.2500E-04 BEAM          20   0.0%  0.1336E-06  0.2326      0.6774E-02  0.2394       0.000      0.1392E-01   0.000    
   21900  0.5475      0.2500E-04 BEAM           1   0.0%  0.1357E-06  0.2321      0.6761E-02  0.2389       0.000      0.1392E-01   0.000    
   22000  0.5500      0.2500E-04 BEAM          18   0.0%  0.1379E-06  0.2317      0.6748E-02  0.2384       0.000      0.1392E-01   0.000    
   22100  0.5525      0.2500E-04 BEAM          20   0.0%  0.1400E-06  0.2312      0.6734E-02  0.2379       0.000      0.1392E-01   0.000    
   22200  0.5550      0.2500E-04 BEAM           9   0.0%  0.1422E-06  0.2307      0.6719E-02  0.2374       0.000      0.1392E-01   0.000    
   22300  0.5575      0.2500E-04 BEAM          12   0.0%  0.1443E-06  0.2302      0.6704E-02  0.2369       0.000      0.1392E-01   0.000    
   22400  0.5600      0.2500E-04 BEAM          20   0.0%  0.1465E-06  0.2296      0.6688E-02  0.2363       0.000      0.1392E-01   0.000    
   22500  0.5625      0.2500E-04 BEAM          12   0.0%  0.1487E-06  0.2291      0.6671E-02  0.2357       0.000      0.1392E-01   0.000    
   22600  0.5650      0.2500E-04 BEAM          20   0.0%  0.1509E-06  0.2285      0.6654E-02  0.2351       0.000      0.1392E-01   0.000    
   22700  0.5675      0.2500E-04 BEAM          10   0.0%  0.1531E-06  0.2279      0.6636E-02  0.2345       0.000      0.1392E-01   0.000    
   22800  0.5700      0.2500E-04 BEAM          10   0.0%  0.1553E-06  0.2272      0.6617E-02  0.2338       0.000      0.1392E-01   0.000    
   22900  0.5725      0.2500E-04 BEAM          20   0.0%  0.1576E-06  0.2266      0.6598E-02  0.2332       0.000      0.1392E-01   0.000    
   23000  0.5750      0.2500E-04 BEAM          10   0.0%  0.1598E-06  0.2259      0.6578E-02  0.2325       0.000      0.1392E-01   0.000    
   23100  0.5775      0.2500E-04 BEAM          18   0.0%  0.1620E-06  0.2252      0.6558E-02  0.2317       0.000      0.1392E-01   0.000    
   23200  0.5800      0.2500E-04 BEAM          18   0.0%  0.1643E-06  0.2244      0.6537E-02  0.2310       0.000      0.1392E-01   0.000    
   23300  0.5825      0.2500E-04 BEAM          20   0.0%  0.1666E-06  0.2237      0.6515E-02  0.2302       0.000      0.1392E-01   0.000    
   23400  0.5850      0.2500E-04 BEAM          20   0.0%  0.1688E-06  0.2229      0.6493E-02  0.2294       0.000      0.1392E-01   0.000    
   23500  0.5875      0.2500E-04 BEAM          10   0.0%  0.1711E-06  0.2221      0.6469E-02  0.2286       0.000      0.1392E-01   0.000    
   23600  0.5900      0.2500E-04 BEAM          18   0.0%  0.1734E-06  0.2213      0.6446E-02  0.2278       0.000      0.1392E-01   0.000    
   23700  0.5925      0.2500E-04 BEAM          20   0.0%  0.1757E-06  0.2205      0.6421E-02  0.2269       0.000      0.1392E-01   0.000    
   23800  0.5950      0.2500E-04 BEAM          12   0.0%  0.1780E-06  0.2196      0.6397E-02  0.2260       0.000      0.1392E-01   0.000    
   23900  0.5975      0.2500E-04 BEAM          20   0.0%  0.1803E-06  0.2188      0.6371E-02  0.2251       0.000      0.1392E-01   0.000    
   24000  0.6000      0.2500E-04 BEAM          20   0.0%  0.1826E-06  0.2179      0.6345E-02  0.2242       0.000      0.1392E-01   0.000    
     ANIMATION FILE: A22_ROTATION_Z_N4A007 WRITTEN
   24100  0.6025      0.2500E-04 BEAM          18   0.0%  0.1849E-06  0.2169      0.6318E-02  0.2233       0.000      0.1392E-01   0.000    
   24200  0.6050      0.2500E-04 BEAM          20   0.0%  0.1872E-06  0.2160      0.6291E-02  0.2223       0.000      0.1392E-01   0.000    
   24300  0.6075      0.2500E-04 BEAM          20   0.0%  0.1895E-06  0.2150      0.6263E-02  0.2213       0.000      0.1392E-01   0.000    
   24400  0.6100      0.2500E-04 BEAM          11   0.0%  0.1919E-06  0.2141      0.6234E-02  0.2203       0.000      0.1392E-01   0.000    
   24500  0.6125      0.2500E-04 BEAM          11   0.0%  0.1942E-06  0.2131      0.6205E-02  0.2193       0.000      0.1392E-01   0.000    
   24600  0.6150      0.2500E-04 BEAM          20   0.0%  0.1965E-06  0.2120      0.6176E-02  0.2182       0.000      0.1392E-01   0.000    
   24700  0.6175      0.2500E-04 BEAM          20   0.0%  0.1989E-06  0.2110      0.6145E-02  0.2171       0.000      0.1392E-01   0.000    
   24800  0.6200      0.2500E-04 BEAM          20   0.0%  0.2012E-06  0.2099      0.6114E-02  0.2161       0.000      0.1392E-01   0.000    
   24900  0.6225      0.2500E-04 BEAM          20   0.0%  0.2035E-06  0.2089      0.6083E-02  0.2149       0.000      0.1392E-01   0.000    
   25000  0.6250      0.2500E-04 BEAM          10   0.0%  0.2059E-06  0.2078      0.6051E-02  0.2138       0.000      0.1392E-01   0.000    
   25100  0.6275      0.2500E-04 BEAM          10   0.0%  0.2082E-06  0.2066      0.6018E-02  0.2127       0.000      0.1392E-01   0.000    
   25200  0.6300      0.2500E-04 BEAM          20   0.0%  0.2106E-06  0.2055      0.5985E-02  0.2115       0.000      0.1392E-01   0.000    
   25300  0.6325      0.2500E-04 BEAM          18   0.0%  0.2129E-06  0.2044      0.5952E-02  0.2103       0.000      0.1392E-01   0.000    
   25400  0.6350      0.2500E-04 BEAM          12   0.0%  0.2152E-06  0.2032      0.5917E-02  0.2091       0.000      0.1392E-01   0.000    
   25500  0.6375      0.2500E-04 BEAM          18   0.0%  0.2176E-06  0.2020      0.5883E-02  0.2079       0.000      0.1392E-01   0.000    
   25600  0.6400      0.2500E-04 BEAM          11   0.0%  0.2199E-06  0.2008      0.5847E-02  0.2066       0.000      0.1392E-01   0.000    
   25700  0.6425      0.2500E-04 BEAM          11   0.0%  0.2223E-06  0.1995      0.5812E-02  0.2054       0.000      0.1392E-01   0.000    
   25800  0.6450      0.2500E-04 BEAM          18   0.0%  0.2246E-06  0.1983      0.5775E-02  0.2041       0.000      0.1392E-01   0.000    
   25900  0.6475      0.2500E-04 BEAM          20   0.0%  0.2269E-06  0.1970      0.5739E-02  0.2028       0.000      0.1392E-01   0.000    
   26000  0.6500      0.2500E-04 BEAM          11   0.0%  0.2293E-06  0.1958      0.5701E-02  0.2015       0.000      0.1392E-01   0.000    
   26100  0.6525      0.2500E-04 BEAM          18   0.0%  0.2316E-06  0.1945      0.5663E-02  0.2001       0.000      0.1392E-01   0.000    
   26200  0.6550      0.2500E-04 BEAM          10   0.0%  0.2339E-06  0.1931      0.5625E-02  0.1988       0.000      0.1392E-01   0.000    
   26300  0.6575      0.2500E-04 BEAM           9   0.0%  0.2362E-06  0.1918      0.5586E-02  0.1974       0.000      0.1392E-01   0.000    
   26400  0.6600      0.2500E-04 BEAM          10   0.0%  0.2385E-06  0.1905      0.5547E-02  0.1960       0.000      0.1392E-01   0.000    
   26500  0.6625      0.2500E-04 BEAM          19   0.0%  0.2408E-06  0.1891      0.5507E-02  0.1946       0.000      0.1392E-01   0.000    
   26600  0.6650      0.2500E-04 BEAM          20   0.0%  0.2431E-06  0.1877      0.5467E-02  0.1932       0.000      0.1392E-01   0.000    
   26700  0.6675      0.2500E-04 BEAM          10   0.0%  0.2454E-06  0.1863      0.5426E-02  0.1917       0.000      0.1392E-01   0.000    
   26800  0.6700      0.2500E-04 BEAM          18   0.0%  0.2477E-06  0.1849      0.5385E-02  0.1903       0.000      0.1392E-01   0.000    
   26900  0.6725      0.2500E-04 BEAM          18   0.0%  0.2500E-06  0.1835      0.5343E-02  0.1888       0.000      0.1392E-01   0.000    
   27000  0.6750      0.2500E-04 BEAM           3   0.0%  0.2523E-06  0.1820      0.5301E-02  0.1873       0.000      0.1392E-01   0.000    
   27100  0.6775      0.2500E-04 BEAM          18   0.0%  0.2545E-06  0.1806      0.5259E-02  0.1858       0.000      0.1392E-01   0.000    
   27200  0.6800      0.2500E-04 BEAM          20   0.0%  0.2568E-06  0.1791      0.5216E-02  0.1843       0.000      0.1392E-01   0.000    
   27300  0.6825      0.2500E-04 BEAM          18   0.0%  0.2591E-06  0.1776      0.5172E-02  0.1828       0.000      0.1392E-01   0.000    
   27400  0.6850      0.2500E-04 BEAM          10   0.0%  0.2613E-06  0.1761      0.5129E-02  0.1812       0.000      0.1392E-01   0.000    
   27500  0.6875      0.2500E-04 BEAM          11   0.0%  0.2635E-06  0.1746      0.5085E-02  0.1797       0.000      0.1392E-01   0.000    
   27600  0.6900      0.2500E-04 BEAM          10   0.0%  0.2657E-06  0.1731      0.5040E-02  0.1781       0.000      0.1392E-01   0.000    
   27700  0.6925      0.2500E-04 BEAM          20   0.0%  0.2680E-06  0.1715      0.4995E-02  0.1765       0.000      0.1392E-01   0.000    
   27800  0.6950      0.2500E-04 BEAM           9   0.0%  0.2702E-06  0.1700      0.4950E-02  0.1749       0.000      0.1392E-01   0.000    
   27900  0.6975      0.2500E-04 BEAM          18   0.0%  0.2723E-06  0.1684      0.4904E-02  0.1733       0.000      0.1392E-01   0.000    
   28000  0.7000      0.2500E-04 BEAM           4   0.0%  0.2745E-06  0.1668      0.4858E-02  0.1717       0.000      0.1392E-01   0.000    
     ANIMATION FILE: A22_ROTATION_Z_N4A008 WRITTEN
   28100  0.7025      0.2500E-04 BEAM           3   0.0%  0.2767E-06  0.1652      0.4811E-02  0.1700       0.000      0.1392E-01   0.000    
   28200  0.7050      0.2500E-04 BEAM          12   0.0%  0.2788E-06  0.1636      0.4765E-02  0.1684       0.000      0.1392E-01   0.000    
   28300  0.7075      0.2500E-04 BEAM          20   0.0%  0.2810E-06  0.1620      0.4717E-02  0.1667       0.000      0.1392E-01   0.000    
   28400  0.7100      0.2500E-04 BEAM           3   0.0%  0.2831E-06  0.1603      0.4670E-02  0.1650       0.000      0.1392E-01   0.000    
   28500  0.7125      0.2500E-04 BEAM          20   0.0%  0.2852E-06  0.1587      0.4622E-02  0.1633       0.000      0.1392E-01   0.000    
   28600  0.7150      0.2500E-04 BEAM           3   0.0%  0.2873E-06  0.1571      0.4574E-02  0.1616       0.000      0.1392E-01   0.000    
   28700  0.7175      0.2500E-04 BEAM          12   0.0%  0.2894E-06  0.1554      0.4526E-02  0.1599       0.000      0.1392E-01   0.000    
   28800  0.7200      0.2500E-04 BEAM          10   0.0%  0.2915E-06  0.1537      0.4477E-02  0.1582       0.000      0.1392E-01   0.000    
   28900  0.7225      0.2500E-04 BEAM           9   0.0%  0.2935E-06  0.1520      0.4428E-02  0.1565       0.000      0.1392E-01   0.000    
   29000  0.7250      0.2500E-04 BEAM           9   0.0%  0.2955E-06  0.1503      0.4379E-02  0.1547       0.000      0.1392E-01   0.000    
   29100  0.7275      0.2500E-04 BEAM          18   0.0%  0.2976E-06  0.1486      0.4329E-02  0.1530       0.000      0.1392E-01   0.000    
   29200  0.7300      0.2500E-04 BEAM          20   0.0%  0.2996E-06  0.1469      0.4279E-02  0.1512       0.000      0.1392E-01   0.000    
   29300  0.7325      0.2500E-04 BEAM          20   0.0%  0.3016E-06  0.1452      0.4229E-02  0.1494       0.000      0.1392E-01   0.000    
   29400  0.7350      0.2500E-04 BEAM          12   0.0%  0.3035E-06  0.1435      0.4179E-02  0.1477       0.000      0.1392E-01   0.000    
   29500  0.7375      0.2500E-04 BEAM          20   0.0%  0.3055E-06  0.1418      0.4128E-02  0.1459       0.000      0.1392E-01   0.000    
   29600  0.7400      0.2500E-04 BEAM           9   0.0%  0.3074E-06  0.1400      0.4078E-02  0.1441       0.000      0.1392E-01   0.000    
   29700  0.7425      0.2500E-04 BEAM          18   0.0%  0.3093E-06  0.1383      0.4027E-02  0.1423       0.000      0.1392E-01   0.000    
   29800  0.7450      0.2500E-04 BEAM          20   0.0%  0.3112E-06  0.1365      0.3976E-02  0.1405       0.000      0.1392E-01   0.000    
   29900  0.7475      0.2500E-04 BEAM           9   0.0%  0.3131E-06  0.1347      0.3924E-02  0.1387       0.000      0.1392E-01   0.000    
   CYCLE    TIME      TIME-STEP  ELEMENT          ERROR  I-ENERGY    K-ENERGY T  K-ENERGY R  EXT-WORK     MAS.ERR     TOTAL MASS  MASS ADDED
   30000  0.7500      0.2500E-04 BEAM          20   0.0%  0.3150E-06  0.1330      0.3873E-02  0.1368       0.000      0.1392E-01   0.000    
   30100  0.7525      0.2500E-04 BEAM          18   0.0%  0.3168E-06  0.1312      0.3821E-02  0.1350       0.000      0.1392E-01   0.000    
   30200  0.7550      0.2500E-04 BEAM          11   0.0%  0.3186E-06  0.1294      0.3769E-02  0.1332       0.000      0.1392E-01   0.000    
   30300  0.7575      0.2500E-04 BEAM          10   0.0%  0.3204E-06  0.1276      0.3717E-02  0.1313       0.000      0.1392E-01   0.000    
   30400  0.7600      0.2500E-04 BEAM          18   0.0%  0.3222E-06  0.1258      0.3665E-02  0.1295       0.000      0.1392E-01   0.000    
   30500  0.7625      0.2500E-04 BEAM          18   0.0%  0.3240E-06  0.1240      0.3613E-02  0.1277       0.000      0.1392E-01   0.000    
   30600  0.7650      0.2500E-04 BEAM          18   0.0%  0.3257E-06  0.1222      0.3560E-02  0.1258       0.000      0.1392E-01   0.000    
   30700  0.7675      0.2500E-04 BEAM          11   0.0%  0.3275E-06  0.1204      0.3508E-02  0.1239       0.000      0.1392E-01   0.000    
   30800  0.7700      0.2500E-04 BEAM          12   0.0%  0.3292E-06  0.1186      0.3455E-02  0.1221       0.000      0.1392E-01   0.000    
   30900  0.7725      0.2500E-04 BEAM           1   0.0%  0.3308E-06  0.1168      0.3402E-02  0.1202       0.000      0.1392E-01   0.000    
   31000  0.7750      0.2500E-04 BEAM          10   0.0%  0.3325E-06  0.1150      0.3349E-02  0.1184       0.000      0.1392E-01   0.000    
   31100  0.7775      0.2500E-04 BEAM          12   0.0%  0.3341E-06  0.1132      0.3297E-02  0.1165       0.000      0.1392E-01   0.000    
   31200  0.7800      0.2500E-04 BEAM          18   0.0%  0.3357E-06  0.1114      0.3244E-02  0.1146       0.000      0.1392E-01   0.000    
   31300  0.7825      0.2500E-04 BEAM          11   0.0%  0.3373E-06  0.1096      0.3191E-02  0.1127       0.000      0.1392E-01   0.000    
   31400  0.7850      0.2500E-04 BEAM          11   0.0%  0.3389E-06  0.1077      0.3138E-02  0.1109       0.000      0.1392E-01   0.000    
   31500  0.7875      0.2500E-04 BEAM          11   0.0%  0.3405E-06  0.1059      0.3085E-02  0.1090       0.000      0.1392E-01   0.000    
   31600  0.7900      0.2500E-04 BEAM          11   0.0%  0.3420E-06  0.1041      0.3032E-02  0.1071       0.000      0.1392E-01   0.000    
   31700  0.7925      0.2500E-04 BEAM          11   0.0%  0.3435E-06  0.1023      0.2979E-02  0.1053       0.000      0.1392E-01   0.000    
   31800  0.7950      0.2500E-04 BEAM           9   0.0%  0.3450E-06  0.1005      0.2926E-02  0.1034       0.000      0.1392E-01   0.000    
   31900  0.7975      0.2500E-04 BEAM          10   0.0%  0.3464E-06  0.9864E-01  0.2873E-02  0.1015       0.000      0.1392E-01   0.000    
   32000  0.8000      0.2500E-04 BEAM          11   0.0%  0.3478E-06  0.9683E-01  0.2820E-02  0.9965E-01   0.000      0.1392E-01   0.000    
     ANIMATION FILE: A22_ROTATION_Z_N4A009 WRITTEN
   32100  0.8025      0.2500E-04 BEAM          20   0.0%  0.3492E-06  0.9501E-01  0.2767E-02  0.9778E-01   0.000      0.1392E-01   0.000    
   32200  0.8050      0.2500E-04 BEAM           9   0.0%  0.3506E-06  0.9320E-01  0.2714E-02  0.9591E-01   0.000      0.1392E-01   0.000    
   32300  0.8075      0.2500E-04 BEAM          18   0.0%  0.3520E-06  0.9139E-01  0.2662E-02  0.9405E-01   0.000      0.1392E-01   0.000    
   32400  0.8100      0.2500E-04 BEAM          20   0.0%  0.3533E-06  0.8958E-01  0.2609E-02  0.9219E-01   0.000      0.1392E-01   0.000    
   32500  0.8125      0.2500E-04 BEAM           9   0.0%  0.3546E-06  0.8778E-01  0.2557E-02  0.9034E-01   0.000      0.1392E-01   0.000    
   32600  0.8150      0.2500E-04 BEAM           2   0.0%  0.3559E-06  0.8598E-01  0.2504E-02  0.8849E-01   0.000      0.1392E-01   0.000    
   32700  0.8175      0.2500E-04 BEAM           4   0.0%  0.3572E-06  0.8419E-01  0.2452E-02  0.8664E-01   0.000      0.1392E-01   0.000    
   32800  0.8200      0.2500E-04 BEAM          18   0.0%  0.3584E-06  0.8240E-01  0.2400E-02  0.8480E-01   0.000      0.1392E-01   0.000    
   32900  0.8225      0.2500E-04 BEAM           3   0.0%  0.3596E-06  0.8062E-01  0.2348E-02  0.8296E-01   0.000      0.1392E-01   0.000    
   33000  0.8250      0.2500E-04 BEAM          10   0.0%  0.3608E-06  0.7884E-01  0.2296E-02  0.8113E-01   0.000      0.1392E-01   0.000    
   33100  0.8275      0.2500E-04 BEAM          18   0.0%  0.3620E-06  0.7707E-01  0.2244E-02  0.7931E-01   0.000      0.1392E-01   0.000    
   33200  0.8300      0.2500E-04 BEAM           9   0.0%  0.3631E-06  0.7530E-01  0.2193E-02  0.7750E-01   0.000      0.1392E-01   0.000    
   33300  0.8325      0.2500E-04 BEAM          11   0.0%  0.3642E-06  0.7354E-01  0.2142E-02  0.7569E-01   0.000      0.1392E-01   0.000    
   33400  0.8350      0.2500E-04 BEAM          20   0.0%  0.3653E-06  0.7179E-01  0.2091E-02  0.7389E-01   0.000      0.1392E-01   0.000    
   33500  0.8375      0.2500E-04 BEAM          11   0.0%  0.3664E-06  0.7005E-01  0.2040E-02  0.7209E-01   0.000      0.1392E-01   0.000    
   33600  0.8400      0.2500E-04 BEAM           3   0.0%  0.3674E-06  0.6832E-01  0.1990E-02  0.7031E-01   0.000      0.1392E-01   0.000    
   33700  0.8425      0.2500E-04 BEAM          11   0.0%  0.3684E-06  0.6660E-01  0.1940E-02  0.6854E-01   0.000      0.1392E-01   0.000    
   33800  0.8450      0.2500E-04 BEAM          20   0.0%  0.3694E-06  0.6488E-01  0.1890E-02  0.6677E-01   0.000      0.1392E-01   0.000    
   33900  0.8475      0.2500E-04 BEAM          11   0.0%  0.3704E-06  0.6318E-01  0.1840E-02  0.6502E-01   0.000      0.1392E-01   0.000    
   34000  0.8500      0.2500E-04 BEAM           3   0.0%  0.3713E-06  0.6149E-01  0.1791E-02  0.6328E-01   0.000      0.1392E-01   0.000    
   34100  0.8525      0.2500E-04 BEAM          11   0.0%  0.3723E-06  0.5980E-01  0.1742E-02  0.6155E-01   0.000      0.1392E-01   0.000    
   34200  0.8550      0.2500E-04 BEAM          11   0.0%  0.3731E-06  0.5813E-01  0.1693E-02  0.5983E-01   0.000      0.1392E-01   0.000    
   34300  0.8575      0.2500E-04 BEAM           3   0.0%  0.3740E-06  0.5647E-01  0.1645E-02  0.5812E-01   0.000      0.1392E-01   0.000    
   34400  0.8600      0.2500E-04 BEAM          18   0.0%  0.3749E-06  0.5483E-01  0.1597E-02  0.5643E-01   0.000      0.1392E-01   0.000    
   34500  0.8625      0.2500E-04 BEAM          11   0.0%  0.3757E-06  0.5320E-01  0.1549E-02  0.5474E-01   0.000      0.1392E-01   0.000    
   34600  0.8650      0.2500E-04 BEAM          11   0.0%  0.3765E-06  0.5158E-01  0.1502E-02  0.5308E-01   0.000      0.1392E-01   0.000    
   34700  0.8675      0.2500E-04 BEAM          10   0.0%  0.3773E-06  0.4997E-01  0.1455E-02  0.5143E-01   0.000      0.1392E-01   0.000    
   34800  0.8700      0.2500E-04 BEAM          10   0.0%  0.3780E-06  0.4838E-01  0.1409E-02  0.4979E-01   0.000      0.1392E-01   0.000    
   34900  0.8725      0.2500E-04 BEAM          18   0.0%  0.3787E-06  0.4681E-01  0.1363E-02  0.4817E-01   0.000      0.1392E-01   0.000    
   35000  0.8750      0.2500E-04 BEAM           3   0.0%  0.3794E-06  0.4525E-01  0.1318E-02  0.4656E-01   0.000      0.1392E-01   0.000    
   35100  0.8775      0.2500E-04 BEAM          11   0.0%  0.3801E-06  0.4370E-01  0.1273E-02  0.4498E-01   0.000      0.1392E-01   0.000    
   35200  0.8800      0.2500E-04 BEAM          11   0.0%  0.3808E-06  0.4218E-01  0.1228E-02  0.4341E-01   0.000      0.1392E-01   0.000    
   35300  0.8825      0.2500E-04 BEAM          11   0.0%  0.3814E-06  0.4067E-01  0.1184E-02  0.4185E-01   0.000      0.1392E-01   0.000    
   35400  0.8850      0.2500E-04 BEAM          20   0.0%  0.3820E-06  0.3918E-01  0.1141E-02  0.4032E-01   0.000      0.1392E-01   0.000    
   35500  0.8875      0.2500E-04 BEAM          20   0.0%  0.3826E-06  0.3770E-01  0.1098E-02  0.3880E-01   0.000      0.1392E-01   0.000    
   35600  0.8900      0.2500E-04 BEAM          11   0.0%  0.3832E-06  0.3625E-01  0.1056E-02  0.3731E-01   0.000      0.1392E-01   0.000    
   35700  0.8925      0.2500E-04 BEAM          10   0.0%  0.3837E-06  0.3482E-01  0.1014E-02  0.3583E-01   0.000      0.1392E-01   0.000    
   35800  0.8950      0.2500E-04 BEAM           3   0.0%  0.3843E-06  0.3340E-01  0.9728E-03  0.3438E-01   0.000      0.1392E-01   0.000    
   35900  0.8975      0.2500E-04 BEAM          11   0.0%  0.3848E-06  0.3201E-01  0.9322E-03  0.3294E-01   0.000      0.1392E-01   0.000    
   36000  0.9000      0.2500E-04 BEAM          20   0.0%  0.3852E-06  0.3064E-01  0.8923E-03  0.3153E-01   0.000      0.1392E-01   0.000    
     ANIMATION FILE: A22_ROTATION_Z_N4A010 WRITTEN
   36100  0.9025      0.2500E-04 BEAM          20   0.0%  0.3857E-06  0.2929E-01  0.8529E-03  0.3014E-01   0.000      0.1392E-01   0.000    
   36200  0.9050      0.2500E-04 BEAM          11   0.0%  0.3861E-06  0.2796E-01  0.8142E-03  0.2877E-01   0.000      0.1392E-01   0.000    
   36300  0.9075      0.2500E-04 BEAM           2   0.0%  0.3866E-06  0.2665E-01  0.7762E-03  0.2743E-01   0.000      0.1392E-01   0.000    
   36400  0.9100      0.2500E-04 BEAM          12   0.0%  0.3870E-06  0.2537E-01  0.7389E-03  0.2611E-01   0.000      0.1392E-01   0.000    
   36500  0.9125      0.2500E-04 BEAM           3   0.0%  0.3873E-06  0.2411E-01  0.7022E-03  0.2481E-01   0.000      0.1392E-01   0.000    
   36600  0.9150      0.2500E-04 BEAM          11   0.0%  0.3877E-06  0.2288E-01  0.6663E-03  0.2355E-01   0.000      0.1392E-01   0.000    
   36700  0.9175      0.2500E-04 BEAM           3   0.0%  0.3881E-06  0.2167E-01  0.6311E-03  0.2230E-01   0.000      0.1392E-01   0.000    
   36800  0.9200      0.2500E-04 BEAM          11   0.0%  0.3884E-06  0.2049E-01  0.5967E-03  0.2109E-01   0.000      0.1392E-01   0.000    
   36900  0.9225      0.2500E-04 BEAM          10   0.0%  0.3887E-06  0.1933E-01  0.5630E-03  0.1990E-01   0.000      0.1392E-01   0.000    
   37000  0.9250      0.2500E-04 BEAM          11   0.0%  0.3890E-06  0.1820E-01  0.5302E-03  0.1873E-01   0.000      0.1392E-01   0.000    
   37100  0.9275      0.2500E-04 BEAM          11   0.0%  0.3893E-06  0.1710E-01  0.4981E-03  0.1760E-01   0.000      0.1392E-01   0.000    
   37200  0.9300      0.2500E-04 BEAM          12   0.0%  0.3895E-06  0.1603E-01  0.4668E-03  0.1650E-01   0.000      0.1392E-01   0.000    
   37300  0.9325      0.2500E-04 BEAM          18   0.0%  0.3897E-06  0.1499E-01  0.4364E-03  0.1542E-01   0.000      0.1392E-01   0.000    
   37400  0.9350      0.2500E-04 BEAM          18   0.0%  0.3900E-06  0.1397E-01  0.4069E-03  0.1438E-01   0.000      0.1392E-01   0.000    
   37500  0.9375      0.2500E-04 BEAM           4   0.0%  0.3902E-06  0.1299E-01  0.3782E-03  0.1336E-01   0.000      0.1392E-01   0.000    
   37600  0.9400      0.2500E-04 BEAM          20   0.0%  0.3904E-06  0.1203E-01  0.3504E-03  0.1238E-01   0.000      0.1392E-01   0.000    
   37700  0.9425      0.2500E-04 BEAM          11   0.0%  0.3906E-06  0.1111E-01  0.3235E-03  0.1143E-01   0.000      0.1392E-01   0.000    
   37800  0.9450      0.2500E-04 BEAM           3   0.0%  0.3907E-06  0.1022E-01  0.2976E-03  0.1052E-01   0.000      0.1392E-01   0.000    
   37900  0.9475      0.2500E-04 BEAM          11   0.0%  0.3909E-06  0.9359E-02  0.2726E-03  0.9632E-02   0.000      0.1392E-01   0.000    
   38000  0.9500      0.2500E-04 BEAM          11   0.0%  0.3910E-06  0.8534E-02  0.2485E-03  0.8782E-02   0.000      0.1392E-01   0.000    
   38100  0.9525      0.2500E-04 BEAM          11   0.0%  0.3911E-06  0.7742E-02  0.2255E-03  0.7968E-02   0.000      0.1392E-01   0.000    
   38200  0.9550      0.2500E-04 BEAM          11   0.0%  0.3913E-06  0.6985E-02  0.2034E-03  0.7189E-02   0.000      0.1392E-01   0.000    
   38300  0.9575      0.2500E-04 BEAM          20   0.0%  0.3914E-06  0.6263E-02  0.1824E-03  0.6446E-02   0.000      0.1392E-01   0.000    
   38400  0.9600      0.2500E-04 BEAM           4   0.0%  0.3914E-06  0.5577E-02  0.1624E-03  0.5740E-02   0.000      0.1392E-01   0.000    
   38500  0.9625      0.2500E-04 BEAM          11   0.0%  0.3915E-06  0.4927E-02  0.1435E-03  0.5071E-02   0.000      0.1392E-01   0.000    
   38600  0.9650      0.2500E-04 BEAM          11   0.0%  0.3916E-06  0.4315E-02  0.1257E-03  0.4440E-02   0.000      0.1392E-01   0.000    
   38700  0.9675      0.2500E-04 BEAM          11   0.0%  0.3917E-06  0.3740E-02  0.1089E-03  0.3848E-02   0.000      0.1392E-01   0.000    
   38800  0.9700      0.2500E-04 BEAM          11   0.0%  0.3917E-06  0.3203E-02  0.9328E-04  0.3296E-02   0.000      0.1392E-01   0.000    
   38900  0.9725      0.2500E-04 BEAM          11   0.0%  0.3918E-06  0.2705E-02  0.7879E-04  0.2784E-02   0.000      0.1392E-01   0.000    
   39000  0.9750      0.2500E-04 BEAM          20   0.0%  0.3918E-06  0.2247E-02  0.6545E-04  0.2313E-02   0.000      0.1392E-01   0.000    
   39100  0.9775      0.2500E-04 BEAM          11   0.0%  0.3918E-06  0.1830E-02  0.5328E-04  0.1883E-02   0.000      0.1392E-01   0.000    
   39200  0.9800      0.2500E-04 BEAM          18   0.0%  0.3919E-06  0.1453E-02  0.4232E-04  0.1495E-02   0.000      0.1392E-01   0.000    
   39300  0.9825      0.2500E-04 BEAM           3   0.0%  0.3919E-06  0.1118E-02  0.3256E-04  0.1151E-02   0.000      0.1392E-01   0.000    
   39400  0.9850      0.2500E-04 BEAM          20   0.0%  0.3919E-06  0.8257E-03  0.2405E-04  0.8497E-03   0.000      0.1392E-01   0.000    
   39500  0.9875      0.2500E-04 BEAM          20   0.1%  0.3919E-06  0.5763E-03  0.1678E-04  0.5931E-03   0.000      0.1392E-01   0.000    
   39600  0.9900      0.2500E-04 BEAM          18   0.1%  0.3919E-06  0.3707E-03  0.1080E-04  0.3815E-03   0.000      0.1392E-01   0.000    
   39700  0.9925      0.2500E-04 BEAM          11   0.2%  0.3919E-06  0.2096E-03  0.6104E-05  0.2157E-03   0.000      0.1392E-01   0.000    
   39800  0.9950      0.2500E-04 BEAM           4   0.4%  0.3919E-06  0.9361E-04  0.2726E-05  0.9635E-04   0.000      0.1392E-01   0.000    
   39900  0.9975      0.2500E-04 BEAM          20   1.6%  0.3919E-06  0.2352E-04  0.6850E-06  0.2422E-04   0.000      0.1392E-01   0.000    

     RESTART FILES: A22_ROTATION_Z_N4_0001_[0001-0001].rst WRITTEN
     -------------

   CYCLE    TIME      TIME-STEP  ELEMENT          ERROR  I-ENERGY    K-ENERGY T  K-ENERGY R  EXT-WORK     MAS.ERR     TOTAL MASS  MASS ADDED
   40000   1.000      0.2500E-04 BEAM          11  99.9%  0.3919E-06  0.9454E-08  0.2753E-09  0.9814E-08   0.000      0.1392E-01   0.000    
     ANIMATION FILE: A22_ROTATION_Z_N4A011 WRITTEN
  
                           ** CPU USER TIME **
  
  
                        ** SUMMARY **
  
 #PROC  ELEMENT   KINCOND   INTEG     IO        T0        ASM       RESOL    
   1   .4062E+00 .4062E+00 .1094E+00 .3281E+00 .6250E+00 .6250E-01 .2438E+01
  
 
                   ** CUMULATIVE CPU TIME SUMMARY **
  
 CONTACT SORTING.............: .0000E+00     0.00 % 
 CONTACT FORCES..............: .0000E+00     0.00 % 
 ELEMENT FORCES..............: .4062E+00    16.67 % 
 KINEMATIC COND..............: .4062E+00    16.67 % 
 INTEGRATION.................: .1094E+00     4.49 % 
 ASSEMBLING..................: .6250E-01     2.56 % 
 OTHERS (including I/O)......: .1453E+01    59.62 % 
 TOTAL.......................: .2438E+01   100.00 % 
  
  
                           ** ELAPSED TIME **
  
  
                        ** SUMMARY **
  
 #PROC  ELEMENT   KINCOND   INTEG     IO        T0        ASM       RESOL    
   1   .3468E+00 .3488E+00 .1390E+00 .4164E+00 .6275E+00 .8256E-01 .2444E+01
  
                   ** MEMORY USAGE STATISTICS **
  
 TOTAL MEMORY USED .........................:       94 MB
 MAXIMUM MEMORY PER PROCESSOR...............:       94 MB
 MINIMUM MEMORY PER PROCESSOR...............:       94 MB
 AVERAGE MEMORY PER PROCESSOR...............:       94 MB
  
                   ** DISK USAGE STATISTICS **
  
 TOTAL DISK SPACE USED .....................:         47 MB
 ANIMATION/H3D/TH/OUTP SIZE ................:          1 MB
 RESTART FILE SIZE .........................:         46 MB
  
                   ** COMPUTE TIME INFORMATION **
                        ** CURRENT ENGINE **
  
 EXECUTION STARTED .........................:      2026/10/10  09:56:26
 EXECUTION COMPLETED .......................:      2026/10/10  09:56:28
  
 ELAPSED TIME     =          2.58 s
                          0:00:02



     NORMAL TERMINATION      



     TOTAL NUMBER OF CYCLES  :   40001

  
                   ** COMPUTE RUNTIME INFORMATION SUMMARY **
  
        STARTER RUNTIME =          9.97s (00:00:09)
 # 001   ENGINE RUNTIME =          2.58s (00:00:02)
 ------------------------------ 
 STARTER+ENGINE RUNTIME =         12.55s (00:00:12)
  
