************************************************************************
**                                                                    **
**                                                                    **
**                         OpenRadioss Engine                         **
**                                                                    **
**            Non-linear Finite Element Analysis Software             **
**                                                                    **
**                                                                    **
**                                                                    **
**                  Windows 64 bits, Intel compiler                   **
**                      Double Precision Version                      **
**                                                                    **
**                                                                    **
**                                                                    **
************************************************************************
** OpenRadioss Software                                               **
** COPYRIGHT (C) 2026 Siemens                                         **
** Licensed under GNU Affero General Public License.                  **
** See License file.                                                  **
************************************************************************
 
 ROOT: I02A_CONTACT_M050_R1  RESTART: 0001
 NUMBER OF HMPP PROCESSES     1
 12/09/2026
 NC=       0 T= 0.0000E+00 DT= 1.4496E-04 ERR=  0.0% DM/M= 0.0000E+00
     ANIMATION FILE: I02A_CONTACT_M050_R1A001 WRITTEN
 NC=     100 T= 1.4496E-02 DT= 1.4496E-04 ERR=  0.0% DM/M= 0.0000E+00
 ELAPSED TIME=          1.41 s  REMAINING TIME=        115.37 s
 NC=     200 T= 2.8992E-02 DT= 1.4496E-04 ERR=  0.0% DM/M= 0.0000E+00
 ELAPSED TIME=          2.64 s  REMAINING TIME=        106.57 s
 NC=     300 T= 4.3488E-02 DT= 1.4496E-04 ERR=  0.0% DM/M= 0.0000E+00
 ELAPSED TIME=          3.84 s  REMAINING TIME=        102.03 s
     ANIMATION FILE: I02A_CONTACT_M050_R1A002 WRITTEN
 NC=     400 T= 5.7983E-02 DT= 1.4496E-04 ERR=  0.0% DM/M= 0.0000E+00
 ELAPSED TIME=          5.08 s  REMAINING TIME=        100.06 s
 NC=     500 T= 7.2479E-02 DT= 1.4496E-04 ERR=  0.0% DM/M= 0.0000E+00
 ELAPSED TIME=          6.28 s  REMAINING TIME=         97.68 s
 NC=     600 T= 8.6975E-02 DT= 1.4496E-04 ERR=  0.0% DM/M= 0.0000E+00
 ELAPSED TIME=          7.48 s  REMAINING TIME=         95.70 s
     ANIMATION FILE: I02A_CONTACT_M050_R1A003 WRITTEN
 NC=     700 T= 1.0147E-01 DT= 1.4496E-04 ERR=  0.0% DM/M= 0.0000E+00
 ELAPSED TIME=          8.72 s  REMAINING TIME=         94.45 s
 NC=     800 T= 1.1597E-01 DT= 1.4496E-04 ERR=  0.0% DM/M= 0.0000E+00
 ELAPSED TIME=          9.92 s  REMAINING TIME=         92.77 s
 NC=     900 T= 1.3046E-01 DT= 1.4496E-04 ERR=  0.0% DM/M= 0.0000E+00
 ELAPSED TIME=         11.15 s  REMAINING TIME=         91.44 s
 NC=    1000 T= 1.4496E-01 DT= 1.4496E-04 ERR=  0.0% DM/M= 0.0000E+00
 ELAPSED TIME=         12.37 s  REMAINING TIME=         90.04 s
     ANIMATION FILE: I02A_CONTACT_M050_R1A004 WRITTEN
 NC=    1100 T= 1.5945E-01 DT= 1.4496E-04 ERR=  0.0% DM/M= 0.0000E+00
 ELAPSED TIME=         13.65 s  REMAINING TIME=         89.08 s
 NC=    1200 T= 1.7395E-01 DT= 1.4496E-04 ERR=  0.0% DM/M= 0.0000E+00
 ELAPSED TIME=         14.85 s  REMAINING TIME=         87.60 s
 NC=    1300 T= 1.8845E-01 DT= 1.4496E-04 ERR=  0.0% DM/M= 0.0000E+00
 ELAPSED TIME=         16.05 s  REMAINING TIME=         86.15 s
     ANIMATION FILE: I02A_CONTACT_M050_R1A005 WRITTEN
 NC=    1400 T= 2.0294E-01 DT= 1.4496E-04 ERR=  0.0% DM/M= 0.0000E+00
 ELAPSED TIME=         17.29 s  REMAINING TIME=         84.94 s
 NC=    1500 T= 2.1744E-01 DT= 1.4494E-04 ERR= -0.9% DM/M= 0.0000E+00
 ELAPSED TIME=         18.49 s  REMAINING TIME=         83.57 s
 NC=    1600 T= 2.3190E-01 DT= 1.4366E-04 ERR= -1.5% DM/M= 0.0000E+00
 ELAPSED TIME=         19.73 s  REMAINING TIME=         82.36 s
 NC=    1700 T= 2.4571E-01 DT= 1.3259E-04 ERR= -0.8% DM/M= 0.0000E+00
 ELAPSED TIME=         20.96 s  REMAINING TIME=         81.41 s
     ANIMATION FILE: I02A_CONTACT_M050_R1A006 WRITTEN
 NC=    1800 T= 2.5891E-01 DT= 1.3236E-04 ERR= -0.8% DM/M= 0.0000E+00
 ELAPSED TIME=         22.23 s  REMAINING TIME=         80.81 s
 NC=    1900 T= 2.7232E-01 DT= 1.3864E-04 ERR= -0.8% DM/M= 0.0000E+00
 ELAPSED TIME=         23.47 s  REMAINING TIME=         79.96 s
 NC=    2000 T= 2.8654E-01 DT= 1.4381E-04 ERR= -0.8% DM/M= 0.0000E+00
 ELAPSED TIME=         24.71 s  REMAINING TIME=         78.79 s
     ANIMATION FILE: I02A_CONTACT_M050_R1A007 WRITTEN
 NC=    2100 T= 3.0091E-01 DT= 1.4370E-04 ERR= -0.8% DM/M= 0.0000E+00
 ELAPSED TIME=         26.01 s  REMAINING TIME=         77.73 s
 NC=    2200 T= 3.1526E-01 DT= 1.4332E-04 ERR= -0.8% DM/M= 0.0000E+00
 ELAPSED TIME=         27.28 s  REMAINING TIME=         76.54 s
 NC=    2300 T= 3.2957E-01 DT= 1.4292E-04 ERR= -0.8% DM/M= 0.0000E+00
 ELAPSED TIME=         28.55 s  REMAINING TIME=         75.40 s
 NC=    2400 T= 3.4384E-01 DT= 1.4251E-04 ERR= -0.8% DM/M= 0.0000E+00
 ELAPSED TIME=         29.83 s  REMAINING TIME=         74.29 s
     ANIMATION FILE: I02A_CONTACT_M050_R1A008 WRITTEN
 NC=    2500 T= 3.5806E-01 DT= 1.4155E-04 ERR= -0.9% DM/M= 0.0000E+00
 ELAPSED TIME=         31.15 s  REMAINING TIME=         73.25 s
 NC=    2600 T= 3.7209E-01 DT= 1.3993E-04 ERR= -0.9% DM/M= 0.0000E+00
 ELAPSED TIME=         32.45 s  REMAINING TIME=         72.21 s
 NC=    2700 T= 3.8605E-01 DT= 1.3933E-04 ERR= -0.9% DM/M= 0.0000E+00
 ELAPSED TIME=         33.74 s  REMAINING TIME=         71.14 s
 NC=    2800 T= 3.9998E-01 DT= 1.3919E-04 ERR= -0.9% DM/M= 0.0000E+00
 ELAPSED TIME=         35.04 s  REMAINING TIME=         70.10 s
     ANIMATION FILE: I02A_CONTACT_M050_R1A009 WRITTEN
 NC=    2900 T= 4.1386E-01 DT= 1.3843E-04 ERR= -0.9% DM/M= 0.0000E+00
 ELAPSED TIME=         36.38 s  REMAINING TIME=         69.11 s
 NC=    3000 T= 4.2771E-01 DT= 1.3893E-04 ERR= -0.9% DM/M= 0.0000E+00
 ELAPSED TIME=         37.68 s  REMAINING TIME=         68.05 s
 NC=    3100 T= 4.4165E-01 DT= 1.3967E-04 ERR= -0.9% DM/M= 0.0000E+00
 ELAPSED TIME=         39.01 s  REMAINING TIME=         66.98 s
     ANIMATION FILE: I02A_CONTACT_M050_R1A010 WRITTEN
 NC=    3200 T= 4.5562E-01 DT= 1.3973E-04 ERR= -0.9% DM/M= 0.0000E+00
 ELAPSED TIME=         40.36 s  REMAINING TIME=         65.93 s
 NC=    3300 T= 4.6958E-01 DT= 1.3939E-04 ERR= -0.9% DM/M= 0.0000E+00
 ELAPSED TIME=         41.68 s  REMAINING TIME=         64.83 s
 NC=    3400 T= 4.8351E-01 DT= 1.3921E-04 ERR= -0.9% DM/M= 0.0000E+00
 ELAPSED TIME=         43.00 s  REMAINING TIME=         63.73 s
 NC=    3500 T= 4.9740E-01 DT= 1.3789E-04 ERR= -0.9% DM/M= 0.0000E+00
 ELAPSED TIME=         44.33 s  REMAINING TIME=         62.63 s
     ANIMATION FILE: I02A_CONTACT_M050_R1A011 WRITTEN
 NC=    3600 T= 5.1112E-01 DT= 1.3691E-04 ERR= -0.9% DM/M= 0.0000E+00
 ELAPSED TIME=         45.70 s  REMAINING TIME=         61.60 s
 NC=    3700 T= 5.2476E-01 DT= 1.3579E-04 ERR= -0.9% DM/M= 0.0000E+00
 ELAPSED TIME=         47.05 s  REMAINING TIME=         60.54 s
 NC=    3800 T= 5.3826E-01 DT= 1.3451E-04 ERR= -0.9% DM/M= 0.0000E+00
 ELAPSED TIME=         48.39 s  REMAINING TIME=         59.49 s
     ANIMATION FILE: I02A_CONTACT_M050_R1A012 WRITTEN
 NC=    3900 T= 5.5169E-01 DT= 1.3407E-04 ERR= -0.9% DM/M= 0.0000E+00
 ELAPSED TIME=         49.77 s  REMAINING TIME=         58.49 s
 NC=    4000 T= 5.6508E-01 DT= 1.3366E-04 ERR= -0.9% DM/M= 0.0000E+00
 ELAPSED TIME=         51.12 s  REMAINING TIME=         57.43 s
 NC=    4100 T= 5.7839E-01 DT= 1.3257E-04 ERR= -0.9% DM/M= 0.0000E+00
 ELAPSED TIME=         52.46 s  REMAINING TIME=         56.38 s
 NC=    4200 T= 5.9164E-01 DT= 1.3242E-04 ERR= -1.0% DM/M= 0.0000E+00
 ELAPSED TIME=         53.82 s  REMAINING TIME=         55.35 s
     ANIMATION FILE: I02A_CONTACT_M050_R1A013 WRITTEN
 NC=    4300 T= 6.0486E-01 DT= 1.3215E-04 ERR= -0.9% DM/M= 0.0000E+00
 ELAPSED TIME=         55.22 s  REMAINING TIME=         54.33 s
 NC=    4400 T= 6.1807E-01 DT= 1.3193E-04 ERR= -0.9% DM/M= 0.0000E+00
 ELAPSED TIME=         56.59 s  REMAINING TIME=         53.28 s
 NC=    4500 T= 6.3127E-01 DT= 1.3231E-04 ERR= -1.0% DM/M= 0.0000E+00
 ELAPSED TIME=         57.96 s  REMAINING TIME=         52.22 s
 NC=    4600 T= 6.4453E-01 DT= 1.3270E-04 ERR= -1.0% DM/M= 0.0000E+00
 ELAPSED TIME=         59.34 s  REMAINING TIME=         51.14 s
     ANIMATION FILE: I02A_CONTACT_M050_R1A014 WRITTEN
 NC=    4700 T= 6.5777E-01 DT= 1.3184E-04 ERR= -1.0% DM/M= 0.0000E+00
 ELAPSED TIME=         60.76 s  REMAINING TIME=         50.08 s
 NC=    4800 T= 6.7087E-01 DT= 1.3024E-04 ERR= -1.1% DM/M= 0.0000E+00
 ELAPSED TIME=         62.20 s  REMAINING TIME=         49.05 s
 NC=    4900 T= 6.8385E-01 DT= 1.2940E-04 ERR= -1.1% DM/M= 0.0000E+00
 ELAPSED TIME=         63.58 s  REMAINING TIME=         47.99 s
 NC=    5000 T= 6.9673E-01 DT= 1.2810E-04 ERR= -1.1% DM/M= 0.0000E+00
 ELAPSED TIME=         65.00 s  REMAINING TIME=         46.95 s
     ANIMATION FILE: I02A_CONTACT_M050_R1A015 WRITTEN
 NC=    5100 T= 7.0950E-01 DT= 1.2755E-04 ERR= -1.0% DM/M= 0.0000E+00
 ELAPSED TIME=         66.45 s  REMAINING TIME=         45.94 s
 NC=    5200 T= 7.2224E-01 DT= 1.2694E-04 ERR= -1.1% DM/M= 0.0000E+00
 ELAPSED TIME=         67.86 s  REMAINING TIME=         44.89 s
 NC=    5300 T= 7.3488E-01 DT= 1.2594E-04 ERR= -1.0% DM/M= 0.0000E+00
 ELAPSED TIME=         69.28 s  REMAINING TIME=         43.85 s
 NC=    5400 T= 7.4743E-01 DT= 1.2516E-04 ERR= -1.0% DM/M= 0.0000E+00
 ELAPSED TIME=         70.69 s  REMAINING TIME=         42.81 s
     ANIMATION FILE: I02A_CONTACT_M050_R1A016 WRITTEN
 NC=    5500 T= 7.5994E-01 DT= 1.2511E-04 ERR= -1.0% DM/M= 0.0000E+00
 ELAPSED TIME=         72.14 s  REMAINING TIME=         41.77 s
 NC=    5600 T= 7.7244E-01 DT= 1.2466E-04 ERR= -1.0% DM/M= 0.0000E+00
 ELAPSED TIME=         73.56 s  REMAINING TIME=         40.72 s
 NC=    5700 T= 7.8489E-01 DT= 1.2443E-04 ERR= -1.1% DM/M= 0.0000E+00
 ELAPSED TIME=         74.99 s  REMAINING TIME=         39.66 s
 NC=    5800 T= 7.9733E-01 DT= 1.2448E-04 ERR= -1.1% DM/M= 0.0000E+00
 ELAPSED TIME=         76.41 s  REMAINING TIME=         38.59 s
     ANIMATION FILE: I02A_CONTACT_M050_R1A017 WRITTEN
 NC=    5900 T= 8.0979E-01 DT= 1.2471E-04 ERR= -1.1% DM/M= 0.0000E+00
 ELAPSED TIME=         77.87 s  REMAINING TIME=         37.52 s
 NC=    6000 T= 8.2227E-01 DT= 1.2490E-04 ERR= -1.1% DM/M= 0.0000E+00
 ELAPSED TIME=         79.30 s  REMAINING TIME=         36.43 s
 NC=    6100 T= 8.3478E-01 DT= 1.2538E-04 ERR= -1.1% DM/M= 0.0000E+00
 ELAPSED TIME=         80.73 s  REMAINING TIME=         35.32 s
 NC=    6200 T= 8.4736E-01 DT= 1.2641E-04 ERR= -1.1% DM/M= 0.0000E+00
 ELAPSED TIME=         82.17 s  REMAINING TIME=         34.19 s
     ANIMATION FILE: I02A_CONTACT_M050_R1A018 WRITTEN
 NC=    6300 T= 8.6005E-01 DT= 1.2726E-04 ERR= -1.2% DM/M= 0.0000E+00
 ELAPSED TIME=         83.64 s  REMAINING TIME=         33.06 s
 NC=    6400 T= 8.7282E-01 DT= 1.2793E-04 ERR= -1.2% DM/M= 0.0000E+00
 ELAPSED TIME=         85.07 s  REMAINING TIME=         31.89 s
 NC=    6500 T= 8.8558E-01 DT= 1.2728E-04 ERR= -1.2% DM/M= 0.0000E+00
 ELAPSED TIME=         86.52 s  REMAINING TIME=         30.72 s
 NC=    6600 T= 8.9829E-01 DT= 1.2706E-04 ERR= -1.1% DM/M= 0.0000E+00
 ELAPSED TIME=         88.00 s  REMAINING TIME=         29.55 s
     ANIMATION FILE: I02A_CONTACT_M050_R1A019 WRITTEN
 NC=    6700 T= 9.1100E-01 DT= 1.2718E-04 ERR= -1.1% DM/M= 0.0000E+00
 ELAPSED TIME=         89.55 s  REMAINING TIME=         28.41 s
 NC=    6800 T= 9.2373E-01 DT= 1.2740E-04 ERR= -1.1% DM/M= 0.0000E+00
 ELAPSED TIME=         91.11 s  REMAINING TIME=         27.25 s
 NC=    6900 T= 9.3647E-01 DT= 1.2732E-04 ERR= -1.1% DM/M= 0.0000E+00
 ELAPSED TIME=         92.61 s  REMAINING TIME=         26.06 s
 NC=    7000 T= 9.4921E-01 DT= 1.2745E-04 ERR= -1.1% DM/M= 0.0000E+00
 ELAPSED TIME=         94.06 s  REMAINING TIME=         24.85 s
     ANIMATION FILE: I02A_CONTACT_M050_R1A020 WRITTEN
 NC=    7100 T= 9.6195E-01 DT= 1.2739E-04 ERR= -1.1% DM/M= 0.0000E+00
 ELAPSED TIME=         95.62 s  REMAINING TIME=         23.66 s
 NC=    7200 T= 9.7467E-01 DT= 1.2698E-04 ERR= -1.1% DM/M= 0.0000E+00
 ELAPSED TIME=         97.07 s  REMAINING TIME=         22.44 s
 NC=    7300 T= 9.8734E-01 DT= 1.2640E-04 ERR= -1.2% DM/M= 0.0000E+00
 ELAPSED TIME=         98.55 s  REMAINING TIME=         21.23 s
 NC=    7400 T= 9.9999E-01 DT= 1.2668E-04 ERR= -1.2% DM/M= 0.0000E+00
 ELAPSED TIME=        100.05 s  REMAINING TIME=         20.01 s
     ANIMATION FILE: I02A_CONTACT_M050_R1A021 WRITTEN
 NC=    7500 T= 1.0127E+00 DT= 1.2673E-04 ERR= -1.2% DM/M= 0.0000E+00
 ELAPSED TIME=        101.53 s  REMAINING TIME=         18.78 s
 NC=    7600 T= 1.0253E+00 DT= 1.2699E-04 ERR= -1.2% DM/M= 0.0000E+00
 ELAPSED TIME=        103.01 s  REMAINING TIME=         17.55 s
 NC=    7700 T= 1.0381E+00 DT= 1.2707E-04 ERR= -1.2% DM/M= 0.0000E+00
 ELAPSED TIME=        104.47 s  REMAINING TIME=         16.30 s
     ANIMATION FILE: I02A_CONTACT_M050_R1A022 WRITTEN
 NC=    7800 T= 1.0508E+00 DT= 1.2681E-04 ERR= -1.2% DM/M= 0.0000E+00
 ELAPSED TIME=        105.95 s  REMAINING TIME=         15.05 s
 NC=    7900 T= 1.0634E+00 DT= 1.2587E-04 ERR= -1.2% DM/M= 0.0000E+00
 ELAPSED TIME=        107.44 s  REMAINING TIME=         13.80 s
 NC=    8000 T= 1.0759E+00 DT= 1.2456E-04 ERR= -1.2% DM/M= 0.0000E+00
 ELAPSED TIME=        108.99 s  REMAINING TIME=         12.57 s
 NC=    8100 T= 1.0884E+00 DT= 1.2442E-04 ERR= -1.2% DM/M= 0.0000E+00
 ELAPSED TIME=        110.46 s  REMAINING TIME=         11.33 s
     ANIMATION FILE: I02A_CONTACT_M050_R1A023 WRITTEN
 NC=    8200 T= 1.1008E+00 DT= 1.2411E-04 ERR= -1.2% DM/M= 0.0000E+00
 ELAPSED TIME=        111.97 s  REMAINING TIME=         10.09 s
 NC=    8300 T= 1.1132E+00 DT= 1.2409E-04 ERR= -1.2% DM/M= 0.0000E+00
 ELAPSED TIME=        113.44 s  REMAINING TIME=          8.85 s
 NC=    8400 T= 1.1256E+00 DT= 1.2391E-04 ERR= -1.2% DM/M= 0.0000E+00
 ELAPSED TIME=        114.91 s  REMAINING TIME=          7.60 s
 NC=    8500 T= 1.1380E+00 DT= 1.2377E-04 ERR= -1.2% DM/M= 0.0000E+00
 ELAPSED TIME=        116.46 s  REMAINING TIME=          6.35 s
     ANIMATION FILE: I02A_CONTACT_M050_R1A024 WRITTEN
 NC=    8600 T= 1.1503E+00 DT= 1.2365E-04 ERR= -1.2% DM/M= 0.0000E+00
 ELAPSED TIME=        118.04 s  REMAINING TIME=          5.09 s
 NC=    8700 T= 1.1627E+00 DT= 1.2354E-04 ERR= -1.2% DM/M= 0.0000E+00
 ELAPSED TIME=        119.52 s  REMAINING TIME=          3.83 s
 NC=    8800 T= 1.1750E+00 DT= 1.2318E-04 ERR= -1.2% DM/M= 0.0000E+00
 ELAPSED TIME=        121.00 s  REMAINING TIME=          2.57 s
 NC=    8900 T= 1.1874E+00 DT= 1.2294E-04 ERR= -1.2% DM/M= 0.0000E+00
 ELAPSED TIME=        122.48 s  REMAINING TIME=          1.30 s
 NC=    9000 T= 1.1996E+00 DT= 1.2281E-04 ERR= -1.2% DM/M= 0.0000E+00
 ELAPSED TIME=        123.94 s  REMAINING TIME=          0.04 s
     RESTART FILES: I02A_CONTACT_M050_R1_0001_[0001-0001].rst WRITTEN
     ANIMATION FILE: I02A_CONTACT_M050_R1A025 WRITTEN
  
                           ** CPU USER TIME **
  
  
                        ** SUMMARY **
  
 #PROC  CONTSORT  CONTFOR   ELEMENT   KINCOND   INTEG     IO        T0        ASM       RESOL    
   1   .1297E+01 .3750E+00 .1107E+03 .4375E+00 .1312E+01 .4750E+01 .2031E+00 .3703E+01 .1238E+03
 
                   ** CUMULATIVE CPU TIME SUMMARY **
  
 CONTACT SORTING.............: .1297E+01     1.05 % 
 CONTACT FORCES..............: .3750E+00     0.30 % 
 ELEMENT FORCES..............: .1107E+03    89.39 % 
 KINEMATIC COND..............: .4375E+00     0.35 % 
 INTEGRATION.................: .1312E+01     1.06 % 
 ASSEMBLING..................: .3703E+01     2.99 % 
 OTHERS (including I/O)......: .6016E+01     4.86 % 
 TOTAL.......................: .1238E+03   100.00 % 
  
                   ** MEMORY USAGE STATISTICS **
  
 TOTAL MEMORY USED .........................:      221 MB
 MAXIMUM MEMORY PER PROCESSOR...............:      221 MB
 MINIMUM MEMORY PER PROCESSOR...............:      221 MB
 AVERAGE MEMORY PER PROCESSOR...............:      221 MB
  
                   ** DISK USAGE STATISTICS **
  
 TOTAL DISK SPACE USED .....................:         84 MB
 ANIMATION/H3D/TH/OUTP SIZE ................:         52 MB
 RESTART FILE SIZE .........................:         32 MB
  
 ELAPSED TIME     =        124.12 s
                          0:02:04
  
     NORMAL TERMINATION      
     TOTAL NUMBER OF CYCLES  :    9004
