 I02A_CONTACT_M050_R1_0000.out
************************************************************************
**                                                                    **
**                                                                    **
**                        OpenRadioss Starter                         **
**                                                                    **
**            Non-linear Finite Element Analysis Software             **
**                                                                    **
**                                                                    **
**                                                                    **
**                  Windows 64 bits, Intel compiler                   **
**                      Double Precision Version                      **
**                                                                    **
**                                                                    **
**                                                                    **
************************************************************************
** OpenRadioss Software                                               **
** COPYRIGHT (C) 2026 Siemens                                         **
** Licensed under GNU Affero General Public License.                  **
** See License file.                                                  **
************************************************************************
 
  
 COMPUTATION HARDWARE DESCRIPTION
  
 HOSTNAME     CPU TYPE, FREQUENCY AND MEMORY
 jeux   AMD Ryzen 5 5600 6-Core Processor               (x86_64), 3700 MHz,   6328 MB RAM,  18090 MB swap
  
 STACKSIZE  . . . . . . . . . . . . . . . . . . . . 1430 MB
 THREAD STACKSIZE . . . . . . . . . . . . . . . . . 400 MB
 
************************************************************************


************************************************************************
* INPUT READING PROCESS
************************************************************************

 -NO SYNTAX ERROR DETECTED DURING INPUT READING PROCESS




************************************************************************



    UNIT SYSTEMS DEFINITION     
    -----------------------     

                                                          MASS                LENGTH              TIME
    WORK UNIT SYSTEM . . . . . . ( g  , mm , ms  ) 1.0000000000000E-03 1.0000000000000E-03 1.0000000000000E-03
    INPUT UNIT SYSTEM  . . . . . ( g  , mm , ms  ) 1.0000000000000E-03 1.0000000000000E-03 1.0000000000000E-03
I02A_CONTACT_M050_R1


    CONTROL  PARAMETERS                                                                  
    -------------------                                                                  

    IPRI  : PRINTOUT FLAG . . . . . . . . . . . . . . . .         0
    INVERS: MANUAL VERSION OF THIS INPUT DECK . . . . . .      2026
    NSUBS:   NUMBER OF SUBSETS. . . . . . . . . . . . . .         1
    NPART:   NUMBER OF PARTS. . . . . . . . . . . . . . .         7
    NUMMAT: NUMBER OF MATERIALS . . . . . . . . . . . . .         3
    NUMGEO: NUMBER OF PROPERTY SETS . . . . . . . . . . .         7
    NUMNOD: NUMBER OF NODAL POINTS. . . . . . . . . . . .     21920
    NUMSKW: NUMBER OF SKEW REFERENCE FRAMES . . . . . . .         0
    NUMBCS: NUMBER OF BOUNDARY CONDITIONS . . . . . . . .         1
    NUMFRAM: NUMBER OF REFERENCE FRAMES . . . . . . . . .         0
    NUMELQ: NUMBER OF 2D QUAD ELEMENTS. . . . . . . . . .         0
    NUMELT3 : NUMBER OF 2D TRIA ELEMENTS. . . . . . . . .         0
    NUMELS: NUMBER OF 3D SOLID ELEMENTS . . . . . . . . .         0
    NUMELC: NUMBER OF 3D SHELL ELEMENTS (4-NODES) . . . .     22074
    NUMELT: NUMBER OF 3D TRUSS ELEMENTS . . . . . . . . .         0
    NUMELP: NUMBER OF 3D BEAM  ELEMENTS . . . . . . . . .         0
    NUMELR: NUMBER OF 3D SPRING ELEMENTS. . . . . . . . .         0
    NUMELTG: NUMBER OF 3D SHELL ELEMENTS (3-NODES). . . .         0
    NUMELX: NUMBER OF MULTIPURPOSE ELEMENTS . . . . . . .         0
    NUMELIG3D: NUMBER OF ISO-GEOMETRIC ELEMENTS . . . . .         0
    NUMSPH : NUMBER OF SMOOTH PARTICLES (SPH CELLS) . . .         0
    NSPHBCS: NUMBER OF SPH SYMMETRY CONDITIONS. . . . . .         0
    NSPHIO : NUMBER OF SPH INLET/OUTLET CONDITIONS. . . .         0

    NFUNCT: NUMBER OF USER'S FUNCTIONS . . . . . . . . .          0
    NGRAV:  NUMBER OF GRAVITY LOADS . . . . . . . . . . .         0
    NFUNC2D:  NUMBER OF USER 2D FUNCTIONS . . . . . . . .         0
    NINIGRV:NUMBER OF INITIAL GRAVITY LOADS . . . . . . .         0
    NCONLD: NUMBER OF CONCENTRATED LOADS. . . . . . . . .         0
    NINVEL: NUMBER OF INITIAL VELOCITIES. . . . . . . . .         1
    NPRELD: NUMBER OF PRESSURE LOADS. . . . . . . . . . .         0
    NINIMAP1D: NUMBER OF INITIAL 1D MAPPING.. . . . . . .         0
    NINIMAP2D: NUMBER OF INITIAL 2D MAPPING.. . . . . . .         0
    NUMBER OF ACCELEROMETERS. . . . . . . . . . . . . . .         0
    NUMBER OF SENSORS . . . . . . . . . . . . . . . . . .         0
    NUMBER OF GAUGES. . . . . . . . . . . . . . . . . . .         0
    NINTER: NUMBER OF INTERFACES. . . . . . . . . . . . .         1
    NRWALL: NUMBER OF RIGID WALLS . . . . . . . . . . . .         0
    NRBODY: NUMBER OF RIGID BODIES. . . . . . . . . . . .         0
    NFXBODY: NUMBER OF FLEXIBLE BODIES. . . . . . . . . .         0
    NCONX : NUMBER OF RIGID LINKS TO MADYMO BODIES. . . .         0
    NODMAS: NUMBER OF ADDED NODAL MASSES. . . . . . . . .         0
    NIMPDISP: NUMBER OF IMPOSED DISPLACEMENTS . . . . . .         0
    NIMPVEL: NUMBER OF IMPOSED VELOCITIES . . . . . . . .         0
    NIMPACC: NUMBER OF IMPOSED ACCELERATIONS . . . . . .          0
    NRIVET: NUMBER OF RIVETS OR SPOT WELDS. . . . . . . .         0
    NSECT : NUMBER OF SECTIONS SAVED (TIME HISTORY PLOTS)         0
    NJOINT: NUMBER OF JOINTS. . . . . . . . . . . . . . .         0
    NACTIV: NUMBER OF ELEMENT DEACTIVATION GROUPS . . . .         0
    NDAMP:  NUMBER OF RAYLEIGH DAMPING GROUPS . . . . . .         0
    NGJOINT: NUMBER OF GEAR TYPE JOINTS . . . . . . . . .         0
    NUMMPC: NUMBER OF MULTI-POINT CONSTRAINTS . . . . . .         0
    NR2RLNK: NUMBER OF EXTERNAL COUPLING LINKS . . . . .          0
    NSUBDOM: NUMBER OF SUBDOMAINS . . . . . .. . . . . .          0
    NVOLU:  NUMBER OF MONITORED VOLUMES . . . . . . . . .         0
    NEIG:   NUMBER OF EIGEN AND STATIC MODES PROBLEMS . .         0
    NBEM:   NUMBER OF BEM SOLVED PROBLEMS . . . . . . . .         0
    NRBE2:  NUMBER OF RBE2 RIGID ELEMENTS . . . . . . . .         0
    NRBE3:  NUMBER OF RBE3 CONSTRAINT ELEMENTS  . . . . .         0
    INITIAL STRESS FILE =
                                          FLAG ISIGI. . .         0


    N2D3D : ANALYSIS TYPE: 0=3D,1=AXISYM,2=PLANE STRAIN .         0


    ANALYSIS OPTIONS
    ----------------

    INTEG8 : 8 GAUSS POINT CONDENSED INTEGRATION . . . . .         0
    IPARITH: PARALLEL ARITHMETIC FLAG (2 OFF, 1 0N). . . .         1
    IUSERW : GENERAL USER WINDOW FLAG. . . . . . . . . . .         0
    ISOLID : DEFAULT BRICK FORMULATION FLAG. . . . . . . .         1
    ITET4  : DEFAULT TETRA4 FORMULATION FLAG . . . . . . .         0
    ITET10 : DEFAULT TETRA10 FORMULATION FLAG. . . . . . .      1000
    ISMSTR : DEFAULT BRICK SMALL STRAIN FLAG . . . . . . .         0
    ICPRE  : DEFAULT SOLID CONSTANT PRESSURE FLAG. . . . .         0
    ISHELL : DEFAULT SHELL FORMULATION FLAG. . . . . . . .         1
    ISST   : DEFAULT SHELL SMALL STRAIN FLAG . . . . . . .         0
    ITHK   : DEFAULT SHELL THICKNESS VARIATION FLAG. . . .         0
    IPLA   : DEFAULT PLANE STRESS PLASTICITY FLAG. . . . .         0
    ISTR   : DEFAULT SHELL STRAIN COMPUTATION FLAG . . . .         1
    ISHEA  : DEFAULT SHELL SHEAR COMPUTATION FLAG. . . . .         0
    INSH   : SHELL INERTIA FLAG. . . . . . . . . . . . . .         0
    ISH3N  : DEFAULT 3 NODE SHELL FORMULATION FLAG . . . .         2
    NPTS   : SHELL PROPERTIES DEFAULT NUMBER OF           
             INTEGRATION POINTS OR LAYERS. . . . . . . . .        -1
    IFRAME : DEFAULT SOLID FRAME FORMULATION FLAG . . . .          1
    IOFFSET: DEFAULT SHELL OFFSET FLAG. . . . . . . . . .          0
    ICONTROL:DEFAULT SOLID DISTORTION CONTROL FLAG. . . .          0
    ISHFRAM: LOCAL SHELL FRAME DEFINITION. . . . . . . . .         0


    LAGRANGE MULTIPLIER OPTIONS
    ---------------------------
    LAGM_TOL:CONVERGENCE CRITERION. . . . . . . . . . . . 1.0000000000000E-11


    NODAL MASS DISTRIBUTION FLAG . . . . . . . . .         0


    SPEED PARAMETERS  
    ----------------  

    STARTER RUNNING ON. . . . . . . . . . . . . . . . . .         1 THREAD              
    NUMBER OF SPMD DOMAINS. . . . . . . . . . . . . . . .         1
    NUMBER OF THREADS PER DOMAIN. . . . . . . . . . . . .         1
    ARCHITECTURE OPTIMIZATION . . . . . . . . . . . . . .        22, win64               
    SIZE OF ELEMENT BUFFER. . . . . . . . . . . . . . . .       128
 
     INFO : OMP_NUM_THREADS SET, DEFAULT SETTING IGNORED
  


    MATERIAL LAWS
    -------------
    NUMBER OF MATERIALS. . . . . . . . . =         3




     Representative facade steel from I01; no failure
     MATERIAL NUMBER . . . . . . . . . . . .=         1
     MATERIAL LAW  . . . . . . . . . . . . . .= PLAS_JOHNS

       ELASTIC PLASTIC LAW                   
       -------------------                   


     INITIAL DENSITY . . . . . . . . . . . .= 7.8600000000000E-03

     YOUNG MODULUS . . . . . . . . . . . . .=  200000.0000000    
     POISSON  RATIO. . . . . . . . . . . . .= 0.3000000000000    
     SHEAR MODULUS . . . . . . . . . . . . .=  76923.07692308    


     JOHNSON COOK MODEL :
     YIELD STRESS  . . . . . . . . . . . . .=  427.6560000000    
     ULTIMATE STRESS (UTS) . . . . . . . . .=  601.5660000000    
     STRAIN AT UTS (Ag). . . . . . . . . . .= 0.1500000000000    
     YIELD COEFFICIENT A . . . . . . . . . .=  427.6560000000    
     YIELD COEFFICIENT B . . . . . . . . . .=  542.8296280306    
     YIELD COEFFICIENT N . . . . . . . . . .= 0.3660393879302    
     EPS-MAX . . . . . . . . . . . . . . . .= 1.0000000000000E+30
     SIG-MAX . . . . . . . . . . . . . . . .= 1.0000000000000E+20
     ISO-KINEMATIC HARDENING FACTOR. . . . .=  0.000000000000    


     FLAG FOR STRAIN RATE DEPENDENCY TYPE. .=         2
        VP=1  EQUIVALENT PLASTIC STRAIN RATE
        VP=2  TOTAL STRAIN RATE (DEFAULT)
        VP=3  DEVIATORIC STRAIN RATE
     STRAIN RATE COEFFICIENT CC. . . . . . .= 1.6000000000000E-02
     REFERENCE STRAIN RATE . . . . . . . . .= 1.0000000000000E-03
     FLAG FOR STRAIN RATE ON SIG-MAX . . . .=         1
     SMOOTH STRAIN RATE OPTION . . . . . . .=         1
     STRAIN RATE CUTTING FREQUENCY . . . . .=  1.000000000000    
     TEMPERATURE EXPONENT. . . . . . . . . .=  1.000000000000    
     MELTING TEMPERATURE K . . . . . . . . .= 1.0000000000000E+20
     SPECIFIC HEAT Rho*Cp. . . . . . . . . .=  0.000000000000    
     INITIAL TEMPERATURE K . . . . . . . . .=  300.0000000000    
     MAXIMAL TEMPERATURE K . . . . . . . . .= 1.0000000000000E+20
     PRESSURE CUTOFF IN TENSION. . . . . . .=-1.0000000000000E+20




     2024-T3 clad-sheet static EPP reference; no failure
     MATERIAL NUMBER . . . . . . . . . . . .=         2
     MATERIAL LAW  . . . . . . . . . . . . . .= PLAS_JOHNS

       ELASTIC PLASTIC LAW                   
       -------------------                   


     INITIAL DENSITY . . . . . . . . . . . .= 2.7800000000000E-03

     YOUNG MODULUS . . . . . . . . . . . . .=  73100.00000000    
     POISSON  RATIO. . . . . . . . . . . . .= 0.3300000000000    
     SHEAR MODULUS . . . . . . . . . . . . .=  27481.20300752    


     JOHNSON COOK MODEL :
     YIELD STRESS  . . . . . . . . . . . . .=  310.2640000000    
     ULTIMATE STRESS (UTS) . . . . . . . . .=  0.000000000000    
     STRAIN AT UTS (Ag). . . . . . . . . . .=  1.000000000000    
     YIELD COEFFICIENT A . . . . . . . . . .=  310.2640000000    
     YIELD COEFFICIENT B . . . . . . . . . .=  0.000000000000    
     YIELD COEFFICIENT N . . . . . . . . . .=  0.000000000000    
     EPS-MAX . . . . . . . . . . . . . . . .= 1.0000000000000E+30
     SIG-MAX . . . . . . . . . . . . . . . .= 1.0000000000000E+20
     ISO-KINEMATIC HARDENING FACTOR. . . . .=  0.000000000000    


     FLAG FOR STRAIN RATE DEPENDENCY TYPE. .=         2
        VP=1  EQUIVALENT PLASTIC STRAIN RATE
        VP=2  TOTAL STRAIN RATE (DEFAULT)
        VP=3  DEVIATORIC STRAIN RATE
     STRAIN RATE COEFFICIENT CC. . . . . . .=  0.000000000000    
     REFERENCE STRAIN RATE . . . . . . . . .=  1.000000000000    
     FLAG FOR STRAIN RATE ON SIG-MAX . . . .=         1
     SMOOTH STRAIN RATE OPTION . . . . . . .=         0
     STRAIN RATE CUTTING FREQUENCY . . . . .=  1.000000000000    
     TEMPERATURE EXPONENT. . . . . . . . . .=  1.000000000000    
     MELTING TEMPERATURE K . . . . . . . . .= 1.0000000000000E+20
     SPECIFIC HEAT Rho*Cp. . . . . . . . . .=  0.000000000000    
     INITIAL TEMPERATURE K . . . . . . . . .=  300.0000000000    
     MAXIMAL TEMPERATURE K . . . . . . . . .= 1.0000000000000E+20
     PRESSURE CUTOFF IN TENSION. . . . . . .=-1.0000000000000E+20




     7075-T6 static EPP internal reference; no failure
     MATERIAL NUMBER . . . . . . . . . . . .=         3
     MATERIAL LAW  . . . . . . . . . . . . . .= PLAS_JOHNS

       ELASTIC PLASTIC LAW                   
       -------------------                   


     INITIAL DENSITY . . . . . . . . . . . .= 2.8100000000000E-03

     YOUNG MODULUS . . . . . . . . . . . . .=  71700.00000000    
     POISSON  RATIO. . . . . . . . . . . . .= 0.3300000000000    
     SHEAR MODULUS . . . . . . . . . . . . .=  26954.88721805    


     JOHNSON COOK MODEL :
     YIELD STRESS  . . . . . . . . . . . . .=  503.3200000000    
     ULTIMATE STRESS (UTS) . . . . . . . . .=  0.000000000000    
     STRAIN AT UTS (Ag). . . . . . . . . . .=  1.000000000000    
     YIELD COEFFICIENT A . . . . . . . . . .=  503.3200000000    
     YIELD COEFFICIENT B . . . . . . . . . .=  0.000000000000    
     YIELD COEFFICIENT N . . . . . . . . . .=  0.000000000000    
     EPS-MAX . . . . . . . . . . . . . . . .= 1.0000000000000E+30
     SIG-MAX . . . . . . . . . . . . . . . .= 1.0000000000000E+20
     ISO-KINEMATIC HARDENING FACTOR. . . . .=  0.000000000000    


     FLAG FOR STRAIN RATE DEPENDENCY TYPE. .=         2
        VP=1  EQUIVALENT PLASTIC STRAIN RATE
        VP=2  TOTAL STRAIN RATE (DEFAULT)
        VP=3  DEVIATORIC STRAIN RATE
     STRAIN RATE COEFFICIENT CC. . . . . . .=  0.000000000000    
     REFERENCE STRAIN RATE . . . . . . . . .=  1.000000000000    
     FLAG FOR STRAIN RATE ON SIG-MAX . . . .=         1
     SMOOTH STRAIN RATE OPTION . . . . . . .=         0
     STRAIN RATE CUTTING FREQUENCY . . . . .=  1.000000000000    
     TEMPERATURE EXPONENT. . . . . . . . . .=  1.000000000000    
     MELTING TEMPERATURE K . . . . . . . . .= 1.0000000000000E+20
     SPECIFIC HEAT Rho*Cp. . . . . . . . . .=  0.000000000000    
     INITIAL TEMPERATURE K . . . . . . . . .=  300.0000000000    
     MAXIMAL TEMPERATURE K . . . . . . . . .= 1.0000000000000E+20
     PRESSURE CUTOFF IN TENSION. . . . . . .=-1.0000000000000E+20




         PROPERTY SETS
         -------------


COLUMNS_PROPERTY                        
     ISOTROPIC SHELL PROPERTY SET
     PROPERTY SET NUMBER . . . . . . . . . .=         1
     NUMBER OF INTEGRATION POINTS. . . . . .=         5
     POST PROCESSING STRAIN FLAG . . . . . .=         1
     SHELL THICKNESS . . . . . . . . . . . .=  7.937500000000    
     SMALL STRAIN FLAG . . . . . . . . . . .=        -1
     SHELL FORMULATION FLAG. . . . . . . . .=        24
     3NODE SHELL FORMULATION FLAG. . . . . .=         2
     DRILLING D.O.F. FLAG  . . . . . . . . .=         0
     PINCHING D.O.F. FLAG  . . . . . . . . .=         0
     SHELL MEMBRANE DAMPING. . . . . . . . .=  0.000000000000    
     SHELL NUMERICAL DAMPING . . . . . . . .= 1.5000000000000E-02
     SHEAR AREA REDUCTION FACTOR . . . . . .= 0.8333333333333    
     ELEMENT DELETION PARAMETER. . . . . . .= 0.9999990000000    
      > 0.0 : FRACTION OF FAILED THICKNESS   
      < 0.0 : FRACTION OF FAILED INTG. POINTS
     SHEAR FORMULATION FLAG. . . . . . . . .=         0
     THICKNESS VARIATION FLAG. . . . . . . .=         0
     PLASTICITY FORMULATION FLAG . . . . . .=         0
     SHELL OFFSET POSITION FLAG . . . . . . =         0


SPANDREL_PROPERTY                       
     ISOTROPIC SHELL PROPERTY SET
     PROPERTY SET NUMBER . . . . . . . . . .=         2
     NUMBER OF INTEGRATION POINTS. . . . . .=         5
     POST PROCESSING STRAIN FLAG . . . . . .=         1
     SHELL THICKNESS . . . . . . . . . . . .=  9.525000000000    
     SMALL STRAIN FLAG . . . . . . . . . . .=        -1
     SHELL FORMULATION FLAG. . . . . . . . .=        24
     3NODE SHELL FORMULATION FLAG. . . . . .=         2
     DRILLING D.O.F. FLAG  . . . . . . . . .=         0
     PINCHING D.O.F. FLAG  . . . . . . . . .=         0
     SHELL MEMBRANE DAMPING. . . . . . . . .=  0.000000000000    
     SHELL NUMERICAL DAMPING . . . . . . . .= 1.5000000000000E-02
     SHEAR AREA REDUCTION FACTOR . . . . . .= 0.8333333333333    
     ELEMENT DELETION PARAMETER. . . . . . .= 0.9999990000000    
      > 0.0 : FRACTION OF FAILED THICKNESS   
      < 0.0 : FRACTION OF FAILED INTG. POINTS
     SHEAR FORMULATION FLAG. . . . . . . . .=         0
     THICKNESS VARIATION FLAG. . . . . . . .=         0
     PLASTICITY FORMULATION FLAG . . . . . .=         0
     SHELL OFFSET POSITION FLAG . . . . . . =         0


WING_SKINS_PROPERTY                     
     ISOTROPIC SHELL PROPERTY SET
     PROPERTY SET NUMBER . . . . . . . . . .=         3
     NUMBER OF INTEGRATION POINTS. . . . . .=         5
     POST PROCESSING STRAIN FLAG . . . . . .=         1
     SHELL THICKNESS . . . . . . . . . . . .=  2.540000000000    
     SMALL STRAIN FLAG . . . . . . . . . . .=        -1
     SHELL FORMULATION FLAG. . . . . . . . .=        24
     3NODE SHELL FORMULATION FLAG. . . . . .=         2
     DRILLING D.O.F. FLAG  . . . . . . . . .=         0
     PINCHING D.O.F. FLAG  . . . . . . . . .=         0
     SHELL MEMBRANE DAMPING. . . . . . . . .=  0.000000000000    
     SHELL NUMERICAL DAMPING . . . . . . . .= 1.5000000000000E-02
     SHEAR AREA REDUCTION FACTOR . . . . . .= 0.8333333333333    
     ELEMENT DELETION PARAMETER. . . . . . .= 0.9999990000000    
      > 0.0 : FRACTION OF FAILED THICKNESS   
      < 0.0 : FRACTION OF FAILED INTG. POINTS
     SHEAR FORMULATION FLAG. . . . . . . . .=         0
     THICKNESS VARIATION FLAG. . . . . . . .=         0
     PLASTICITY FORMULATION FLAG . . . . . .=         0
     SHELL OFFSET POSITION FLAG . . . . . . =         0


WING_SPARS_PROPERTY                     
     ISOTROPIC SHELL PROPERTY SET
     PROPERTY SET NUMBER . . . . . . . . . .=         4
     NUMBER OF INTEGRATION POINTS. . . . . .=         5
     POST PROCESSING STRAIN FLAG . . . . . .=         1
     SHELL THICKNESS . . . . . . . . . . . .=  3.175000000000    
     SMALL STRAIN FLAG . . . . . . . . . . .=        -1
     SHELL FORMULATION FLAG. . . . . . . . .=        24
     3NODE SHELL FORMULATION FLAG. . . . . .=         2
     DRILLING D.O.F. FLAG  . . . . . . . . .=         0
     PINCHING D.O.F. FLAG  . . . . . . . . .=         0
     SHELL MEMBRANE DAMPING. . . . . . . . .=  0.000000000000    
     SHELL NUMERICAL DAMPING . . . . . . . .= 1.5000000000000E-02
     SHEAR AREA REDUCTION FACTOR . . . . . .= 0.8333333333333    
     ELEMENT DELETION PARAMETER. . . . . . .= 0.9999990000000    
      > 0.0 : FRACTION OF FAILED THICKNESS   
      < 0.0 : FRACTION OF FAILED INTG. POINTS
     SHEAR FORMULATION FLAG. . . . . . . . .=         0
     THICKNESS VARIATION FLAG. . . . . . . .=         0
     PLASTICITY FORMULATION FLAG . . . . . .=         0
     SHELL OFFSET POSITION FLAG . . . . . . =         0


WING_RIBS_PROPERTY                      
     ISOTROPIC SHELL PROPERTY SET
     PROPERTY SET NUMBER . . . . . . . . . .=         5
     NUMBER OF INTEGRATION POINTS. . . . . .=         5
     POST PROCESSING STRAIN FLAG . . . . . .=         1
     SHELL THICKNESS . . . . . . . . . . . .=  3.175000000000    
     SMALL STRAIN FLAG . . . . . . . . . . .=        -1
     SHELL FORMULATION FLAG. . . . . . . . .=        24
     3NODE SHELL FORMULATION FLAG. . . . . .=         2
     DRILLING D.O.F. FLAG  . . . . . . . . .=         0
     PINCHING D.O.F. FLAG  . . . . . . . . .=         0
     SHELL MEMBRANE DAMPING. . . . . . . . .=  0.000000000000    
     SHELL NUMERICAL DAMPING . . . . . . . .= 1.5000000000000E-02
     SHEAR AREA REDUCTION FACTOR . . . . . .= 0.8333333333333    
     ELEMENT DELETION PARAMETER. . . . . . .= 0.9999990000000    
      > 0.0 : FRACTION OF FAILED THICKNESS   
      < 0.0 : FRACTION OF FAILED INTG. POINTS
     SHEAR FORMULATION FLAG. . . . . . . . .=         0
     THICKNESS VARIATION FLAG. . . . . . . .=         0
     PLASTICITY FORMULATION FLAG . . . . . .=         0
     SHELL OFFSET POSITION FLAG . . . . . . =         0


WING_STRINGER_WEBS_PROPERTY             
     ISOTROPIC SHELL PROPERTY SET
     PROPERTY SET NUMBER . . . . . . . . . .=         6
     NUMBER OF INTEGRATION POINTS. . . . . .=         5
     POST PROCESSING STRAIN FLAG . . . . . .=         1
     SHELL THICKNESS . . . . . . . . . . . .=  3.175000000000    
     SMALL STRAIN FLAG . . . . . . . . . . .=        -1
     SHELL FORMULATION FLAG. . . . . . . . .=        24
     3NODE SHELL FORMULATION FLAG. . . . . .=         2
     DRILLING D.O.F. FLAG  . . . . . . . . .=         0
     PINCHING D.O.F. FLAG  . . . . . . . . .=         0
     SHELL MEMBRANE DAMPING. . . . . . . . .=  0.000000000000    
     SHELL NUMERICAL DAMPING . . . . . . . .= 1.5000000000000E-02
     SHEAR AREA REDUCTION FACTOR . . . . . .= 0.8333333333333    
     ELEMENT DELETION PARAMETER. . . . . . .= 0.9999990000000    
      > 0.0 : FRACTION OF FAILED THICKNESS   
      < 0.0 : FRACTION OF FAILED INTG. POINTS
     SHEAR FORMULATION FLAG. . . . . . . . .=         0
     THICKNESS VARIATION FLAG. . . . . . . .=         0
     PLASTICITY FORMULATION FLAG . . . . . .=         0
     SHELL OFFSET POSITION FLAG . . . . . . =         0


WING_STRINGER_FLANGES_PROPERTY          
     ISOTROPIC SHELL PROPERTY SET
     PROPERTY SET NUMBER . . . . . . . . . .=         7
     NUMBER OF INTEGRATION POINTS. . . . . .=         5
     POST PROCESSING STRAIN FLAG . . . . . .=         1
     SHELL THICKNESS . . . . . . . . . . . .=  3.175000000000    
     SMALL STRAIN FLAG . . . . . . . . . . .=        -1
     SHELL FORMULATION FLAG. . . . . . . . .=        24
     3NODE SHELL FORMULATION FLAG. . . . . .=         2
     DRILLING D.O.F. FLAG  . . . . . . . . .=         0
     PINCHING D.O.F. FLAG  . . . . . . . . .=         0
     SHELL MEMBRANE DAMPING. . . . . . . . .=  0.000000000000    
     SHELL NUMERICAL DAMPING . . . . . . . .= 1.5000000000000E-02
     SHEAR AREA REDUCTION FACTOR . . . . . .= 0.8333333333333    
     ELEMENT DELETION PARAMETER. . . . . . .= 0.9999990000000    
      > 0.0 : FRACTION OF FAILED THICKNESS   
      < 0.0 : FRACTION OF FAILED INTG. POINTS
     SHEAR FORMULATION FLAG. . . . . . . . .=         0
     THICKNESS VARIATION FLAG. . . . . . . .=         0
     PLASTICITY FORMULATION FLAG . . . . . .=         0
     SHELL OFFSET POSITION FLAG . . . . . . =         0




       PARTS
       -----



PART:         1,COLUMNS
----
     PROPERTY    :         1 (TYPE 01),COLUMNS_PROPERTY
     MATERIAL    :         1 (LAW  02),Representative facade steel from I01; no failure
     SUBSET      :         0
     FRAMEWORK   :         LAGRANGE
     VIRT. THICKN:         0.000000000000    

PART:         2,SPANDREL
----
     PROPERTY    :         2 (TYPE 01),SPANDREL_PROPERTY
     MATERIAL    :         1 (LAW  02),Representative facade steel from I01; no failure
     SUBSET      :         0
     FRAMEWORK   :         LAGRANGE
     VIRT. THICKN:         0.000000000000    

PART:         3,WING_SKINS
----
     PROPERTY    :         3 (TYPE 01),WING_SKINS_PROPERTY
     MATERIAL    :         2 (LAW  02),2024-T3 clad-sheet static EPP reference; no failure
     SUBSET      :         0
     FRAMEWORK   :         LAGRANGE
     VIRT. THICKN:         0.000000000000    

PART:         4,WING_SPARS
----
     PROPERTY    :         4 (TYPE 01),WING_SPARS_PROPERTY
     MATERIAL    :         3 (LAW  02),7075-T6 static EPP internal reference; no failure
     SUBSET      :         0
     FRAMEWORK   :         LAGRANGE
     VIRT. THICKN:         0.000000000000    

PART:         5,WING_RIBS
----
     PROPERTY    :         5 (TYPE 01),WING_RIBS_PROPERTY
     MATERIAL    :         3 (LAW  02),7075-T6 static EPP internal reference; no failure
     SUBSET      :         0
     FRAMEWORK   :         LAGRANGE
     VIRT. THICKN:         0.000000000000    

PART:         6,WING_STRINGER_WEBS
----
     PROPERTY    :         6 (TYPE 01),WING_STRINGER_WEBS_PROPERTY
     MATERIAL    :         3 (LAW  02),7075-T6 static EPP internal reference; no failure
     SUBSET      :         0
     FRAMEWORK   :         LAGRANGE
     VIRT. THICKN:         0.000000000000    

PART:         7,WING_STRINGER_FLANGES
----
     PROPERTY    :         7 (TYPE 01),WING_STRINGER_FLANGES_PROPERTY
     MATERIAL    :         3 (LAW  02),7075-T6 static EPP internal reference; no failure
     SUBSET      :         0
     FRAMEWORK   :         LAGRANGE
     VIRT. THICKN:         0.000000000000    


       HIERARCHICAL SUBSET ORGANIZATION
       --------------------------------


  
  
 SUBSET:         0,GLOBAL MODEL                                                                                                     
 ~~~~~~
  |
  |________Part(s):         1,COLUMNS                                 
                            2,SPANDREL                                
                            3,WING_SKINS                              
                            4,WING_SPARS                              
                            5,WING_RIBS                               
                            6,WING_STRINGER_WEBS                      
                            7,WING_STRINGER_FLANGES                   

     BOUNDARY CONDITIONS                                                                 
     -------------------                                                                 
       NODE  TRANS. ROTAT.         SKEW

  
 SPMD IS CHECKING FOR ELEMENT DELETION IN : 
 I02A_CONTACT_M050_R1_0001.rad                                                                                
 
 DOMAIN DECOMPOSITION USING MULTILEVEL KWAY
 ------------------------------------------
 DOMAIN DECOMPOSITION OPTIMIZED FOR PARALLEL ARITHMETIC ON
 DOMAIN DECOMPOSITION : OPTIMIZED FOR BROADWELL PROCESSOR

MESSAGE ID :   1772
** INFO IN SHELL PROPERTY DEFINITION
DESCRIPTION :  
   ISMSTR IS AUTOMATICALLY DETERMINED IN PROPERTY.
   CONCERNING 7 PROPERTY(S)
   PROPERTY ID=1         ,  PROPERTY TITLE: COLUMNS_PROPERTY,  ISMSTR=2         
   PROPERTY ID=2         ,  PROPERTY TITLE: SPANDREL_PROPERTY,  ISMSTR=2         
   PROPERTY ID=3         ,  PROPERTY TITLE: WING_SKINS_PROPERTY,  ISMSTR=2         
   PROPERTY ID=4         ,  PROPERTY TITLE: WING_SPARS_PROPERTY,  ISMSTR=2         
   PROPERTY ID=5         ,  PROPERTY TITLE: WING_RIBS_PROPERTY,  ISMSTR=2         
   PROPERTY ID=6         ,  PROPERTY TITLE: WING_STRINGER_WEBS_PROPERTY,  ISMSTR=2         
   PROPERTY ID=7         ,  PROPERTY TITLE: WING_STRINGER_FLANGES_PROPERTY,  ISMSTR=2         

    INTERFACES               
  --------------             



   INTERFACE NUMBER :         1 STRUCTURED_WING_TO_FACADE


    TYPE==7   PARALLEL/AUTO IMPACTING           


    BOUND. COND. DELETED AFTER IMPACT . . . . . IN X DIR       0
       SECONDARY NODE  (1:YES 0:NO)                Y DIR       0
                                                   Z DIR       0
    STIFFNESS FACTOR. . . . . . . . . . . . . .   1.000000000000    
    STIFFNESS FORMULATION. .  . . . . . . . . .                4
 2,3,4,5 : STIFFNESS IS COMPUTED FROM STIFFNESS ON MAIN SIDE
                            AND STIFFNESS AT SECONDARY NODES
    1000 : STIFFNESS IS COMPUTED FROM STIFFNESS ON MAIN SIDE
    MINIMUM STIFFNESS. . . .  . . . . . . . . .   0.000000000000    
    MAXIMUM STIFFNESS. . . .  . . . . . . . . .  1.0000000000000E+30
    FRICTION FACTOR . . . . . . . . . . . . . .   0.000000000000    
    VARIABLE GAP FLAG . . . . . . . . . . . . .                2
    MINIMUM GAP . . . . . . . . . . . . . . . .   0.000000000000    
    MAXIMUM GAP (= 0. <=> NO MAXIMUM GAP) . . .  1.0000000000000E+30
    %MESHSIZE TAKEN INTO ACCOUNT FOR            
    CALCULATION OF MAXIMUM GAP(IGAP = 3). . . .   0.000000000000    
    FLAGREMNODE : NOT CONSIDER NEIGHBORING      
    NODES IN CASE OF ELEMENT SIZE < GAP VALUE .                1
    DE-ACTIVATION FLAG IF CONFLICT W/ TYPE2 . .                3
    GAP SCALE FACTOR. . . . . . . . . . . . . .   1.000000000000    
    START TIME. . . . . . . . . . . . . . . . .   0.000000000000    
    STOP TIME . . . . . . . . . . . . . . . . .  1.0000000000000E+30
    BUCKET FACTOR . . . . . . . . . . . . . . .  0.2000000000000    
    DE-ACTIVATION OF INITIAL PENETRATIONS . . .             1000
    MAXIMUM INITIAL PENETRATION FACTOR. . . . .   0.000000000000    
    CRITICAL DAMPING FACTOR . . . . . . . . . .  5.0000000000000E-02
    FRICTION CRITICAL DAMPING FACTOR. . . . . .   0.000000000000    
    QUADRATIC DAMPING FLAG. . . . . . . . . . .                0
    FORMULATION LEVEL . . . . . . . . . . . . .                0
    MEAN POSSIBLE NUMBER OF IMPACT/NODE . . . .                4

    DELETION FLAG ON FAILURE OF MAIN ELEMENT (1:YES-ALL/2:YES-ANY) :     2

    FRICTION FORMULATION: TOTAL (VISCOUS) FORMULATION
    FRICTION FILTERING FLAG. . . . . . . . .          0
    FILTERING FACTOR . . . . . . . . . . . .   0.000000000000    

    FRICTION MODEL 0 (Coulomb Law) :
      FRICTION COEFFICIENT . . . . . . . . .   0.000000000000    

      SECONDARY SURFACE INPUT BY NODES
      MAIN SURFACE INPUT BY SEGMENTS


 INTERFACE NUMBER. . . . . . . . . . . . . .         1
 INTERFACE TYPE. . . . . . . . . . . . . . .     7

  GAP MIN =   7.937500000000    
  POSSIBLE IMPACT NUMBER:           0  (<=           1 *NSN)
 
 --------------------------------------
 NEW DOMAIN DECOMPOSITION FOR OPTIMIZATION
 --------------------------------------
 
 DOMAIN DECOMPOSITION USING MULTILEVEL KWAY
 ------------------------------------------
 DOMAIN DECOMPOSITION OPTIMIZED FOR PARALLEL ARITHMETIC ON
 DOMAIN DECOMPOSITION : OPTIMIZED FOR BROADWELL PROCESSOR

MESSAGE ID :   1772
** INFO IN SHELL PROPERTY DEFINITION
DESCRIPTION :  
   ISMSTR IS AUTOMATICALLY DETERMINED IN PROPERTY.
   CONCERNING 7 PROPERTY(S)
   PROPERTY ID=1         ,  PROPERTY TITLE: COLUMNS_PROPERTY,  ISMSTR=2         
   PROPERTY ID=2         ,  PROPERTY TITLE: SPANDREL_PROPERTY,  ISMSTR=2         
   PROPERTY ID=3         ,  PROPERTY TITLE: WING_SKINS_PROPERTY,  ISMSTR=2         
   PROPERTY ID=4         ,  PROPERTY TITLE: WING_SPARS_PROPERTY,  ISMSTR=2         
   PROPERTY ID=5         ,  PROPERTY TITLE: WING_RIBS_PROPERTY,  ISMSTR=2         
   PROPERTY ID=6         ,  PROPERTY TITLE: WING_STRINGER_WEBS_PROPERTY,  ISMSTR=2         
   PROPERTY ID=7         ,  PROPERTY TITLE: WING_STRINGER_FLANGES_PROPERTY,  ISMSTR=2         

    INTERFACES               
  --------------             



   INTERFACE NUMBER :         1 STRUCTURED_WING_TO_FACADE


    TYPE==7   PARALLEL/AUTO IMPACTING           


    BOUND. COND. DELETED AFTER IMPACT . . . . . IN X DIR       0
       SECONDARY NODE  (1:YES 0:NO)                Y DIR       0
                                                   Z DIR       0
    STIFFNESS FACTOR. . . . . . . . . . . . . .   1.000000000000    
    STIFFNESS FORMULATION. .  . . . . . . . . .                4
 2,3,4,5 : STIFFNESS IS COMPUTED FROM STIFFNESS ON MAIN SIDE
                            AND STIFFNESS AT SECONDARY NODES
    1000 : STIFFNESS IS COMPUTED FROM STIFFNESS ON MAIN SIDE
    MINIMUM STIFFNESS. . . .  . . . . . . . . .   0.000000000000    
    MAXIMUM STIFFNESS. . . .  . . . . . . . . .  1.0000000000000E+30
    FRICTION FACTOR . . . . . . . . . . . . . .   0.000000000000    
    VARIABLE GAP FLAG . . . . . . . . . . . . .                2
    MINIMUM GAP . . . . . . . . . . . . . . . .   0.000000000000    
    MAXIMUM GAP (= 0. <=> NO MAXIMUM GAP) . . .  1.0000000000000E+30
    %MESHSIZE TAKEN INTO ACCOUNT FOR            
    CALCULATION OF MAXIMUM GAP(IGAP = 3). . . .   0.000000000000    
    FLAGREMNODE : NOT CONSIDER NEIGHBORING      
    NODES IN CASE OF ELEMENT SIZE < GAP VALUE .                1
    DE-ACTIVATION FLAG IF CONFLICT W/ TYPE2 . .                3
    GAP SCALE FACTOR. . . . . . . . . . . . . .   1.000000000000    
    START TIME. . . . . . . . . . . . . . . . .   0.000000000000    
    STOP TIME . . . . . . . . . . . . . . . . .  1.0000000000000E+30
    BUCKET FACTOR . . . . . . . . . . . . . . .  0.2000000000000    
    DE-ACTIVATION OF INITIAL PENETRATIONS . . .             1000
    MAXIMUM INITIAL PENETRATION FACTOR. . . . .   0.000000000000    
    CRITICAL DAMPING FACTOR . . . . . . . . . .  5.0000000000000E-02
    FRICTION CRITICAL DAMPING FACTOR. . . . . .   0.000000000000    
    QUADRATIC DAMPING FLAG. . . . . . . . . . .                0
    FORMULATION LEVEL . . . . . . . . . . . . .                0
    MEAN POSSIBLE NUMBER OF IMPACT/NODE . . . .                4

    DELETION FLAG ON FAILURE OF MAIN ELEMENT (1:YES-ALL/2:YES-ANY) :     2

    FRICTION FORMULATION: TOTAL (VISCOUS) FORMULATION
    FRICTION FILTERING FLAG. . . . . . . . .          0
    FILTERING FACTOR . . . . . . . . . . . .   0.000000000000    

    FRICTION MODEL 0 (Coulomb Law) :
      FRICTION COEFFICIENT . . . . . . . . .   0.000000000000    

      SECONDARY SURFACE INPUT BY NODES
      MAIN SURFACE INPUT BY SEGMENTS


 INTERFACE NUMBER. . . . . . . . . . . . . .         1
 INTERFACE TYPE. . . . . . . . . . . . . . .     7

  GAP MIN =   7.937500000000    
  POSSIBLE IMPACT NUMBER:           0  (<=           1 *NSN)



 SHELL GROUP         1 VECTORIZATION CODE =    0
 SHELL GROUP         2 VECTORIZATION CODE =    0
 SHELL GROUP         3 VECTORIZATION CODE =    0
 SHELL GROUP         4 VECTORIZATION CODE =    0
 SHELL GROUP         5 VECTORIZATION CODE =    0
 SHELL GROUP         6 VECTORIZATION CODE =    0
 SHELL GROUP         7 VECTORIZATION CODE =    0
 SHELL GROUP         8 VECTORIZATION CODE =    0
 SHELL GROUP         9 VECTORIZATION CODE =    0
 SHELL GROUP        10 VECTORIZATION CODE =    0
 SHELL GROUP        11 VECTORIZATION CODE =    0
 SHELL GROUP        12 VECTORIZATION CODE =    0
 SHELL GROUP        13 VECTORIZATION CODE =    0
 SHELL GROUP        14 VECTORIZATION CODE =    0
 SHELL GROUP        15 VECTORIZATION CODE =    0
 SHELL GROUP        16 VECTORIZATION CODE =    0
 SHELL GROUP        17 VECTORIZATION CODE =    0
 SHELL GROUP        18 VECTORIZATION CODE =    0
 SHELL GROUP        19 VECTORIZATION CODE =    0
 SHELL GROUP        20 VECTORIZATION CODE =    0
 SHELL GROUP        21 VECTORIZATION CODE =    0
 SHELL GROUP        22 VECTORIZATION CODE =    0
 SHELL GROUP        23 VECTORIZATION CODE =    0
 SHELL GROUP        24 VECTORIZATION CODE =    0
 SHELL GROUP        25 VECTORIZATION CODE =    0
 SHELL GROUP        26 VECTORIZATION CODE =    0
 SHELL GROUP        27 VECTORIZATION CODE =    0
 SHELL GROUP        28 VECTORIZATION CODE =    0
 SHELL GROUP        29 VECTORIZATION CODE =    0
 SHELL GROUP        30 VECTORIZATION CODE =    0
 SHELL GROUP        31 VECTORIZATION CODE =    0
 SHELL GROUP        32 VECTORIZATION CODE =    0
 SHELL GROUP        33 VECTORIZATION CODE =    0
 SHELL GROUP        34 VECTORIZATION CODE =    0
 SHELL GROUP        35 VECTORIZATION CODE =    0
 SHELL GROUP        36 VECTORIZATION CODE =    0
 SHELL GROUP        37 VECTORIZATION CODE =    0
 SHELL GROUP        38 VECTORIZATION CODE =    0
 SHELL GROUP        39 VECTORIZATION CODE =    0
 SHELL GROUP        40 VECTORIZATION CODE =    0
 SHELL GROUP        41 VECTORIZATION CODE =    0
 SHELL GROUP        42 VECTORIZATION CODE =    0
 SHELL GROUP        43 VECTORIZATION CODE =    0
 SHELL GROUP        44 VECTORIZATION CODE =    0
 SHELL GROUP        45 VECTORIZATION CODE =    0
 SHELL GROUP        46 VECTORIZATION CODE =    0
 SHELL GROUP        47 VECTORIZATION CODE =    0
 SHELL GROUP        48 VECTORIZATION CODE =    0
 SHELL GROUP        49 VECTORIZATION CODE =    0
 SHELL GROUP        50 VECTORIZATION CODE =    0
 SHELL GROUP        51 VECTORIZATION CODE =    0
 SHELL GROUP        52 VECTORIZATION CODE =    0
 SHELL GROUP        53 VECTORIZATION CODE =    0
 SHELL GROUP        54 VECTORIZATION CODE =    0
 SHELL GROUP        55 VECTORIZATION CODE =    0
 SHELL GROUP        56 VECTORIZATION CODE =    0
 SHELL GROUP        57 VECTORIZATION CODE =    0
 SHELL GROUP        58 VECTORIZATION CODE =    0
 SHELL GROUP        59 VECTORIZATION CODE =    0
 SHELL GROUP        60 VECTORIZATION CODE =    0
 SHELL GROUP        61 VECTORIZATION CODE =    0
 SHELL GROUP        62 VECTORIZATION CODE =    0
 SHELL GROUP        63 VECTORIZATION CODE =    0
 SHELL GROUP        64 VECTORIZATION CODE =    0
 SHELL GROUP        65 VECTORIZATION CODE =    0
 SHELL GROUP        66 VECTORIZATION CODE =    0
 SHELL GROUP        67 VECTORIZATION CODE =    0
 SHELL GROUP        68 VECTORIZATION CODE =    0
 SHELL GROUP        69 VECTORIZATION CODE =    0
 SHELL GROUP        70 VECTORIZATION CODE =    0
 SHELL GROUP        71 VECTORIZATION CODE =    0
 SHELL GROUP        72 VECTORIZATION CODE =    0
 SHELL GROUP        73 VECTORIZATION CODE =    0
 SHELL GROUP        74 VECTORIZATION CODE =    0
 SHELL GROUP        75 VECTORIZATION CODE =    0
 SHELL GROUP        76 VECTORIZATION CODE =    0
 SHELL GROUP        77 VECTORIZATION CODE =    0
 SHELL GROUP        78 VECTORIZATION CODE =    0
 SHELL GROUP        79 VECTORIZATION CODE =    0
 SHELL GROUP        80 VECTORIZATION CODE =    0
 SHELL GROUP        81 VECTORIZATION CODE =    0
 SHELL GROUP        82 VECTORIZATION CODE =    0
 SHELL GROUP        83 VECTORIZATION CODE =    0
 SHELL GROUP        84 VECTORIZATION CODE =    0
 SHELL GROUP        85 VECTORIZATION CODE =    0
 SHELL GROUP        86 VECTORIZATION CODE =    0
 SHELL GROUP        87 VECTORIZATION CODE =    0
 SHELL GROUP        88 VECTORIZATION CODE =    0
 SHELL GROUP        89 VECTORIZATION CODE =    0
 SHELL GROUP        90 VECTORIZATION CODE =    0
 SHELL GROUP        91 VECTORIZATION CODE =    0
 SHELL GROUP        92 VECTORIZATION CODE =    0
 SHELL GROUP        93 VECTORIZATION CODE =    0
 SHELL GROUP        94 VECTORIZATION CODE =    0
 SHELL GROUP        95 VECTORIZATION CODE =    0
 SHELL GROUP        96 VECTORIZATION CODE =    0
 SHELL GROUP        97 VECTORIZATION CODE =    0
 SHELL GROUP        98 VECTORIZATION CODE =    0
 SHELL GROUP        99 VECTORIZATION CODE =    0
 SHELL GROUP       100 VECTORIZATION CODE =    0
 SHELL GROUP       101 VECTORIZATION CODE =    0
 SHELL GROUP       102 VECTORIZATION CODE =    0
 SHELL GROUP       103 VECTORIZATION CODE =    0
 SHELL GROUP       104 VECTORIZATION CODE =    0
 SHELL GROUP       105 VECTORIZATION CODE =    0
 SHELL GROUP       106 VECTORIZATION CODE =    0
 SHELL GROUP       107 VECTORIZATION CODE =    0
 SHELL GROUP       108 VECTORIZATION CODE =    0
 SHELL GROUP       109 VECTORIZATION CODE =    0
 SHELL GROUP       110 VECTORIZATION CODE =    0
 SHELL GROUP       111 VECTORIZATION CODE =    0
 SHELL GROUP       112 VECTORIZATION CODE =    0
 SHELL GROUP       113 VECTORIZATION CODE =    0
 SHELL GROUP       114 VECTORIZATION CODE =    0
 SHELL GROUP       115 VECTORIZATION CODE =    0
 SHELL GROUP       116 VECTORIZATION CODE =    0
 SHELL GROUP       117 VECTORIZATION CODE =    0
 SHELL GROUP       118 VECTORIZATION CODE =    0
 SHELL GROUP       119 VECTORIZATION CODE =    0
 SHELL GROUP       120 VECTORIZATION CODE =    0
 SHELL GROUP       121 VECTORIZATION CODE =    0
 SHELL GROUP       122 VECTORIZATION CODE =    0
 SHELL GROUP       123 VECTORIZATION CODE =    0
 SHELL GROUP       124 VECTORIZATION CODE =    0
 SHELL GROUP       125 VECTORIZATION CODE =    0
 SHELL GROUP       126 VECTORIZATION CODE =    0
 SHELL GROUP       127 VECTORIZATION CODE =    0
 SHELL GROUP       128 VECTORIZATION CODE =    0
 SHELL GROUP       129 VECTORIZATION CODE =    0
 SHELL GROUP       130 VECTORIZATION CODE =    0
 SHELL GROUP       131 VECTORIZATION CODE =    0
 SHELL GROUP       132 VECTORIZATION CODE =    0
 SHELL GROUP       133 VECTORIZATION CODE =    0
 SHELL GROUP       134 VECTORIZATION CODE =    0
 SHELL GROUP       135 VECTORIZATION CODE =    0
 SHELL GROUP       136 VECTORIZATION CODE =    0
 SHELL GROUP       137 VECTORIZATION CODE =    0
 SHELL GROUP       138 VECTORIZATION CODE =    0
 SHELL GROUP       139 VECTORIZATION CODE =    0
 SHELL GROUP       140 VECTORIZATION CODE =    0
 SHELL GROUP       141 VECTORIZATION CODE =    0
 SHELL GROUP       142 VECTORIZATION CODE =    0
 SHELL GROUP       143 VECTORIZATION CODE =    0
 SHELL GROUP       144 VECTORIZATION CODE =    0
 SHELL GROUP       145 VECTORIZATION CODE =    0
 SHELL GROUP       146 VECTORIZATION CODE =    0
 SHELL GROUP       147 VECTORIZATION CODE =    0
 SHELL GROUP       148 VECTORIZATION CODE =    0
 SHELL GROUP       149 VECTORIZATION CODE =    0
 SHELL GROUP       150 VECTORIZATION CODE =    0
 SHELL GROUP       151 VECTORIZATION CODE =    0
 SHELL GROUP       152 VECTORIZATION CODE =    0
 SHELL GROUP       153 VECTORIZATION CODE =    0
 SHELL GROUP       154 VECTORIZATION CODE =    0
 SHELL GROUP       155 VECTORIZATION CODE =    0
 SHELL GROUP       156 VECTORIZATION CODE =    0
 SHELL GROUP       157 VECTORIZATION CODE =    0
 SHELL GROUP       158 VECTORIZATION CODE =    0
 SHELL GROUP       159 VECTORIZATION CODE =    0
 SHELL GROUP       160 VECTORIZATION CODE =    0
 SHELL GROUP       161 VECTORIZATION CODE =    0
 SHELL GROUP       162 VECTORIZATION CODE =    0
 SHELL GROUP       163 VECTORIZATION CODE =    0
 SHELL GROUP       164 VECTORIZATION CODE =    0
 SHELL GROUP       165 VECTORIZATION CODE =    0
 SHELL GROUP       166 VECTORIZATION CODE =    0
 SHELL GROUP       167 VECTORIZATION CODE =    0
 SHELL GROUP       168 VECTORIZATION CODE =    0
 SHELL GROUP       169 VECTORIZATION CODE =    0
 SHELL GROUP       170 VECTORIZATION CODE =    0
 SHELL GROUP       171 VECTORIZATION CODE =    0
 SHELL GROUP       172 VECTORIZATION CODE =    0
 SHELL GROUP       173 VECTORIZATION CODE =    0
 SHELL GROUP       174 VECTORIZATION CODE =    0
 SHELL GROUP       175 VECTORIZATION CODE =    0
 SHELL GROUP       176 VECTORIZATION CODE =    0
 SHELL GROUP       177 VECTORIZATION CODE =    0


PART MASS & INERTIA
-------------------


PART :          1, COLUMNS
            Mass             Ixx             Iyy             Izz             Ixy             Iyz             Izx
  9.73745562E+05  1.10681631E+12  7.11648620E+11  1.77691944E+12 -1.04367733E-04  1.41937926E-04 -1.43593567E-04
               X               Y               Z     Kin. Energy              Vx              Vy              Vz
  8.59683995E-13 -6.79964221E-13 -1.77800000E+02  0.00000000E+00  0.00000000E+00  0.00000000E+00  0.00000000E+00

PART :          2, SPANDREL
            Mass             Ixx             Iyy             Izz             Ixy             Iyz             Izx
  2.96374145E+05  4.32645833E+10  4.79571166E+11  5.22775074E+11  3.22759151E-05  0.00000000E+00  0.00000000E+00
               X               Y               Z     Kin. Energy              Vx              Vy              Vz
 -9.68248320E-14  1.96104655E-13  0.00000000E+00  0.00000000E+00  0.00000000E+00  0.00000000E+00  0.00000000E+00

PART :          3, WING_SKINS
            Mass             Ixx             Iyy             Izz             Ixy             Iyz             Izx
  8.47344000E+04  3.16695321E+10  9.18662621E+10  6.69887684E+10  5.93221921E-05  2.80761719E-03  6.43828462E-05
               X               Y               Z     Kin. Energy              Vx              Vy              Vz
  6.99436271E-13  1.00000000E+03  1.05000000E+03  1.66147915E+09  0.00000000E+00  0.00000000E+00 -1.98030720E+02

PART :          4, WING_SPARS
            Mass             Ixx             Iyy             Izz             Ixy             Iyz             Izx
  2.14122000E+04  2.17109561E+10  3.74847155E+10  1.63668279E+10 -3.55066732E-09  2.17437744E-04 -4.42567398E-07
               X               Y               Z     Kin. Energy              Vx              Vy              Vz
  2.14076708E-14  1.00000000E+03  1.05000000E+03  4.19852195E+08  0.00000000E+00  0.00000000E+00 -1.98030720E+02

PART :          5, WING_RIBS
            Mass             Ixx             Iyy             Izz             Ixy             Iyz             Izx
  2.85496000E+04  9.92083592E+09  4.52154194E+10  3.60838667E+10 -7.35354843E-06  4.88281250E-04  8.19374691E-07
               X               Y               Z     Kin. Energy              Vx              Vy              Vz
  1.30229998E-13  1.00000000E+03  1.05000000E+03  5.59802927E+08  0.00000000E+00  0.00000000E+00 -1.98030720E+02

PART :          6, WING_STRINGER_WEBS
            Mass             Ixx             Iyy             Izz             Ixy             Iyz             Izx
  2.71934940E+04  9.82617399E+09  2.93860829E+10  2.12587721E+10  3.89991328E-09  9.68933105E-04 -1.49200787E-07
               X               Y               Z     Kin. Energy              Vx              Vy              Vz
 -2.67562440E-16  1.00000000E+03  1.05000000E+03  5.33212288E+08  0.00000000E+00  0.00000000E+00 -1.98030720E+02

PART :          7, WING_STRINGER_FLANGES
            Mass             Ixx             Iyy             Izz             Ixy             Iyz             Izx
  1.35967470E+04  4.79543525E+09  1.46959885E+10  1.05073483E+10  5.79108018E-07 -2.57636601E+07  8.95961421E-08
               X               Y               Z     Kin. Energy              Vx              Vy              Vz
  5.35124881E-16  1.00000000E+03  1.05000000E+03  2.66606144E+08  0.00000000E+00  0.00000000E+00 -1.98030720E+02


PART ELEMENT/MATERIAL PARAMETER REVIEW:
-----------------------

Part id,name:         1 COLUMNS                Mat type:   2 Elm type: SHELL-4nodes           
----
  Ishell  Ismstr   Idril     NPT    ITHK   IPLAS    IPOS
      24       2       2       5       0       0       0
--      hm        hf        hr        dm        dn
    0.0000    0.0000    0.0000    0.0150    0.0150

Part id,name:         2 SPANDREL               Mat type:   2 Elm type: SHELL-4nodes           
----
  Ishell  Ismstr   Idril     NPT    ITHK   IPLAS    IPOS
      24       2       2       5       0       0       0
--      hm        hf        hr        dm        dn
    0.0000    0.0000    0.0000    0.0150    0.0150

Part id,name:         3 WING_SKINS             Mat type:   2 Elm type: SHELL-4nodes           
----
  Ishell  Ismstr   Idril     NPT    ITHK   IPLAS    IPOS
      24       2       2       5       0       0       0
--      hm        hf        hr        dm        dn
    0.0000    0.0000    0.0000    0.0150    0.0150

Part id,name:         4 WING_SPARS             Mat type:   2 Elm type: SHELL-4nodes           
----
  Ishell  Ismstr   Idril     NPT    ITHK   IPLAS    IPOS
      24       2       2       5       0       0       0
--      hm        hf        hr        dm        dn
    0.0000    0.0000    0.0000    0.0150    0.0150

Part id,name:         5 WING_RIBS              Mat type:   2 Elm type: SHELL-4nodes           
----
  Ishell  Ismstr   Idril     NPT    ITHK   IPLAS    IPOS
      24       2       2       5       0       0       0
--      hm        hf        hr        dm        dn
    0.0000    0.0000    0.0000    0.0150    0.0150

Part id,name:         6 WING_STRINGER_WEBS     Mat type:   2 Elm type: SHELL-4nodes           
----
  Ishell  Ismstr   Idril     NPT    ITHK   IPLAS    IPOS
      24       2       2       5       0       0       0
--      hm        hf        hr        dm        dn
    0.0000    0.0000    0.0000    0.0150    0.0150

Part id,name:         7 WING_STRINGER_FLANGE   Mat type:   2 Elm type: SHELL-4nodes           
----
  Ishell  Ismstr   Idril     NPT    ITHK   IPLAS    IPOS
      24       2       2       5       0       0       0
--      hm        hf        hr        dm        dn
    0.0000    0.0000    0.0000    0.0150    0.0150



     TOTAL MASS AND MASS CENTER
     --------------------------
                     MASS                    X                    Y                    Z

       1445606.148497     -4.2521842186187E-12   121.3929818868       7.698363835504    


     TOTAL INERTIA
     -------------
                      IXX                  IYY                  IZZ                  IXY                  IYZ                  IZX
       1606358437528.       1634039244240.       2605083720743.     -9.7591418199837E-04  -182935568239.1     -9.4234297364657E-05



      ADDED NODAL NON-STRUCTURAL MASSES 
     -----------------------------------

      TOTAL ADDED MASS =   0.000000000000    




     TOTAL ADDED NON-STRUCTURAL INERTIA
     ------------------

      TOTAL ADDED INERTIA =   0.000000000000    


 

         SHELL ELEMENTS TIME STEP
         ------------------------

      TIME STEP       ELEMENT NUMBER
  1.6106524353799E-04          18763
  1.6106524353799E-04          18456
  1.6106524353799E-04          18906
  1.6106524353799E-04          19123
  1.6106524353799E-04          17976
  1.6106524353799E-04          17533
  1.6106524353799E-04          19093
  1.6106524353799E-04          19513
  1.6106524353799E-04          19146
  1.6106524353799E-04          17736
  1.6106524353799E-04          17743
  1.6106524353799E-04          19116
  1.6106524353799E-04          18913
  1.6106524353799E-04          17923
  1.6106524353799E-04          18546
  1.6106524353799E-04          17953
  1.6106524353799E-04          17946
  1.6106524353799E-04          17983
  1.6106524353799E-04          18756
  1.6106524353799E-04          19663
  1.6106524353799E-04          19153
  1.6106524353799E-04          17526
  1.6106524353799E-04          17556
  1.6106524353799E-04          18426
  1.6106524353799E-04          18883
  1.6106524353799E-04          18876
  1.6106524353799E-04          19176
  1.6106524353799E-04          19476
  1.6106524353799E-04          18643
  1.6106524353799E-04          19183
  1.6106524353799E-04          18043
  1.6106524353799E-04          18636
  1.6106524353799E-04          17496
  1.6106524353799E-04          18666
  1.6106524353799E-04          19483
  1.6106524353799E-04          19506
  1.6106524353799E-04          18673
  1.6106524353799E-04          18013
  1.6106524353799E-04          18006
  1.6106524353799E-04          19656
  1.6106524353799E-04          18433
  1.6106524353799E-04          17503
  1.6106524353799E-04          17766
  1.6106524353799E-04          19536
  1.6106524353799E-04          17773
  1.6106524353799E-04          18366
  1.6106524353799E-04          17593
  1.6106524353799E-04          19003
  1.6106524353799E-04          18373
  1.6106524353799E-04          19026
  1.6106524353799E-04          18493
  1.6106524353799E-04          19596
  1.6106524353799E-04          19033
  1.6106524353799E-04          18943
  1.6106524353799E-04          18996
  1.6106524353799E-04          17796
  1.6106524353799E-04          17563
  1.6106524353799E-04          19633
  1.6106524353799E-04          17826
  1.6106524353799E-04          17833
  1.6106524353799E-04          19603
  1.6106524353799E-04          17803
  1.6106524353799E-04          18733
  1.6106524353799E-04          18973
  1.6106524353799E-04          18966
  1.6106524353799E-04          18936
  1.6106524353799E-04          18343
  1.6106524353799E-04          19543
  1.6106524353799E-04          17856
  1.6106524353799E-04          17586
  1.6106524353799E-04          17916
  1.6106524353799E-04          18696
  1.6106524353799E-04          18703
  1.6106524353799E-04          19566
  1.6106524353799E-04          19086
  1.6106524353799E-04          17893
  1.6106524353799E-04          19063
  1.6106524353799E-04          19056
  1.6106524353799E-04          18396
  1.6106524353799E-04          18403
  1.6106524353799E-04          17863
  1.6106524353799E-04          18726
  1.6106524353799E-04          18523
  1.6106524353799E-04          19573
  1.6106524353799E-04          19206
  1.6106524353799E-04          17886
  1.6106524353799E-04          18336
  1.6106524353799E-04          18553
  1.6106524353799E-04          18036
  1.6106524353799E-04          18163
  1.6106524353799E-04          19626
  1.6106524353799E-04          18186
  1.6106524353799E-04          19393
  1.6106524353799E-04          17346
  1.6106524353799E-04          17353
  1.6106524353799E-04          17646
  1.6106524353799E-04          17676
  1.6106524353799E-04          17683
  1.6106524353799E-04          18846
  1.6106524353799E-04          18156
  1.6106524353799E-04          18193
  1.6106524353799E-04          18853
  1.6106524353799E-04          17383
  1.6106524353799E-04          18793
  1.6106524353799E-04          17406
  1.6106524353799E-04          18276
  1.6106524353799E-04          17413
  1.6106524353799E-04          18283
  1.6106524353799E-04          17323
  1.6106524353799E-04          19296
  1.6106524353799E-04          18516
  1.6106524353799E-04          19303
  1.6106524353799E-04          17286
  1.6106524353799E-04          18253
  1.6106524353799E-04          18246
  1.6106524353799E-04          17653
  1.6106524353799E-04          17316
  1.6106524353799E-04          19356
  1.6106524353799E-04          17293
  1.6106524353799E-04          19326
  1.6106524353799E-04          19333
  1.6106524353799E-04          18786
  1.6106524353799E-04          18223
  1.6106524353799E-04          19363
  1.6106524353799E-04          18216
  1.6106524353799E-04          18486
  1.6106524353799E-04          18816
  1.6106524353799E-04          19386
  1.6106524353799E-04          18823
  1.6106524353799E-04          18133
  1.6106524353799E-04          17376
  1.6106524353799E-04          17436
  1.6106524353799E-04          18313
  1.6106524353799E-04          18096
  1.6106524353799E-04          18463
  1.6106524353799E-04          18583
  1.6106524353799E-04          17616
  1.6106524353799E-04          19446
  1.6106524353799E-04          18306
  1.6106524353799E-04          18606
  1.6106524353799E-04          17473
  1.6106524353799E-04          18066
  1.6106524353799E-04          18613
  1.6106524353799E-04          19453
  1.6106524353799E-04          18073
  1.6106524353799E-04          17466
  1.6106524353799E-04          18103
  1.6106524353799E-04          17443
  1.6106524353799E-04          17713
  1.6106524353799E-04          19423
  1.6106524353799E-04          18126
  1.6106524353799E-04          19273
  1.6106524353799E-04          19416
  1.6106524353799E-04          19213
  1.6106524353799E-04          19266
  1.6106524353799E-04          19236
  1.6106524353799E-04          17706
  1.6106524353799E-04          17623
  1.6106524353799E-04          19243
  1.6106524353799E-04          18576
  1.6107051870770E-04          17793
  1.6107051870770E-04          18866
  1.6107051870770E-04          18386
  1.6107051870770E-04          17606
  1.6107051870770E-04          18976
  1.6107051870770E-04          17663
  1.6107051870770E-04          19636
  1.6107051870770E-04          17726
  1.6107051870770E-04          18453
  1.6107051870770E-04          18506
  1.6107051870770E-04          18806
  1.6107051870770E-04          17666
  1.6107051870770E-04          18436
  1.6107051870770E-04          18873
  1.6107051870770E-04          18446
  1.6107051870770E-04          17603
  1.6107051870770E-04          17786
  1.6107051870770E-04          18796
  1.6107051870770E-04          18933
  1.6107051870770E-04          17776
  1.6107051870770E-04          18923
  1.6107051870770E-04          18443
  1.6107051870770E-04          19653
  1.6107051870770E-04          17733
  1.6107051870770E-04          17596
  1.6107051870770E-04          18856
  1.6107051870770E-04          18926
  1.6107051870770E-04          18863
  1.6107051870770E-04          17716
  1.6107051870770E-04          17673
  1.6107051870770E-04          19646
  1.6107051870770E-04          18813
  1.6107051870770E-04          17783
  1.6107051870770E-04          19643
  1.6107051870770E-04          17613
  1.6107051870770E-04          18496
  1.6107051870770E-04          18393
  1.6107051870770E-04          18916
  1.6107051870770E-04          17723
  1.6107051870770E-04          17903
  1.6107051870770E-04          19523
  1.6107051870770E-04          17656
  1.6107051870770E-04          19113
  1.6107051870770E-04          19103
  1.6107051870770E-04          18326
  1.6107051870770E-04          18266
  1.6107051870770E-04          18213
  1.6107051870770E-04          18206
  1.6107051870770E-04          17313
  1.6107051870770E-04          19526
  1.6107051870770E-04          17303
  1.6107051870770E-04          17306
  1.6107051870770E-04          19516
  1.6107051870770E-04          18203
  1.6107051870770E-04          19463
  1.6107051870770E-04          18323
  1.6107051870770E-04          19406
  1.6107051870770E-04          19403
  1.6107051870770E-04          19456
  1.6107051870770E-04          18316
  1.6107051870770E-04          19466
  1.6107051870770E-04          17913
  1.6107051870770E-04          19473
  1.6107051870770E-04          19396
  1.6107051870770E-04          18196
  1.6107051870770E-04          18273
  1.6107051870770E-04          19533
  1.6107051870770E-04          19106
  1.6107051870770E-04          18803
  1.6107051870770E-04          18376
  1.6107051870770E-04          19413
  1.6107051870770E-04          18503
  1.6107051870770E-04          19593
  1.6107051870770E-04          18993
  1.6107051870770E-04          17846
  1.6107051870770E-04          17843
  1.6107051870770E-04          18256
  1.6107051870770E-04          17836
  1.6107051870770E-04          18986
  1.6107051870770E-04          18983
  1.6107051870770E-04          18383
  1.6107051870770E-04          19096
  1.6107051870770E-04          19586
  1.6107051870770E-04          19036
  1.6107051870770E-04          19583
  1.6107051870770E-04          17853
  1.6107051870770E-04          17296
  1.6107051870770E-04          17906
  1.6107051870770E-04          18333
  1.6107051870770E-04          17896
  1.6107051870770E-04          18263
  1.6107051870770E-04          19053
  1.6107051870770E-04          18513
  1.6107051870770E-04          19046
  1.6107051870770E-04          19576
  1.6107051870770E-04          19043
  1.6107051870770E-04          17416
  1.6107051870770E-04          17356
  1.6107051870770E-04          17363
  1.6107051870770E-04          17373
  1.6107051870770E-04          17366
  1.6107051870770E-04          17423
  1.6107051870770E-04          18683
  1.6107051870770E-04          17426
  1.6107051870770E-04          18753
  1.6107051870770E-04          18563
  1.6107051870770E-04          18686
  1.6107051870770E-04          17536
  1.6107051870770E-04          17543
  1.6107051870770E-04          18693
  1.6107051870770E-04          18676
  1.6107051870770E-04          17546
  1.6107051870770E-04          18746
  1.6107051870770E-04          18736
  1.6107051870770E-04          17553
  1.6107051870770E-04          17493
  1.6107051870770E-04          18623
  1.6107051870770E-04          18633
  1.6107051870770E-04          18556
  1.6107051870770E-04          17433
  1.6107051870770E-04          18616
  1.6107051870770E-04          18626
  1.6107051870770E-04          18566
  1.6107051870770E-04          17476
  1.6107051870770E-04          17483
  1.6107051870770E-04          17486
  1.6107051870770E-04          18743
  1.6107051870770E-04          18573
  1.6107051870770E-04          18026
  1.6107051870770E-04          19346
  1.6107051870770E-04          18076
  1.6107051870770E-04          19223
  1.6107051870770E-04          19216
  1.6107051870770E-04          19173
  1.6107051870770E-04          19166
  1.6107051870770E-04          19163
  1.6107051870770E-04          18083
  1.6107051870770E-04          18023
  1.6107051870770E-04          18016
  1.6107051870770E-04          19156
  1.6107051870770E-04          17973
  1.6107051870770E-04          17966
  1.6107051870770E-04          19226
  1.6107051870770E-04          18086
  1.6107051870770E-04          18153
  1.6107051870770E-04          19233
  1.6107051870770E-04          19343
  1.6107051870770E-04          19353
  1.6107051870770E-04          19336
  1.6107051870770E-04          19293
  1.6107051870770E-04          19286
  1.6107051870770E-04          19283
  1.6107051870770E-04          17956
  1.6107051870770E-04          18146
  1.6107051870770E-04          18143
  1.6107051870770E-04          18136
  1.6107051870770E-04          19276
  1.6107051870770E-04          18093
  1.6107051870770E-04          17963
  1.6107051870770E-04          18033
  1.6112976675120E-04          17166
  1.6112976675120E-04          17178
  1.6112976675120E-04          17197
  1.6112976675120E-04          16778
  1.6112976675120E-04          17198
  1.6112976675120E-04          16746
  1.6112976675120E-04          16747
  1.6112976675120E-04          17165
  1.6112976675120E-04          16745
  1.6112976675120E-04          16779
  1.6112976675120E-04          16777
  1.6112976675120E-04          17167
  1.6112976675120E-04          17194
  1.6112976675120E-04          16748
  1.6112976675120E-04          16749
  1.6112976675120E-04          16774
  1.6112976675120E-04          17168
  1.6112976675120E-04          16775
  1.6112976675120E-04          16780
  1.6112976675120E-04          17195
  1.6112976675120E-04          16776
  1.6112976675120E-04          17196
  1.6112976675120E-04          17199
  1.6112976675120E-04          17200
  1.6112976675120E-04          16787
  1.6112976675120E-04          16781
  1.6112976675120E-04          17205
  1.6112976675120E-04          16786
  1.6112976675120E-04          17206
  1.6112976675120E-04          17207
  1.6112976675120E-04          17163
  1.6112976675120E-04          16788
  1.6112976675120E-04          17208
  1.6112976675120E-04          16789
  1.6112976675120E-04          16743
  1.6112976675120E-04          16785
  1.6112976675120E-04          16744
  1.6112976675120E-04          17204
  1.6112976675120E-04          17201
  1.6112976675120E-04          17164
  1.6112976675120E-04          16782
  1.6112976675120E-04          17202
  1.6112976675120E-04          16773
  1.6112976675120E-04          16783
  1.6112976675120E-04          17203
  1.6112976675120E-04          16784
  1.6112976675120E-04          17193
  1.6112976675120E-04          17169
  1.6112976675120E-04          16756
  1.6112976675120E-04          16750
  1.6112976675120E-04          17177
  1.6112976675120E-04          16757
  1.6112976675120E-04          17176
  1.6112976675120E-04          16765
  1.6112976675120E-04          16764
  1.6112976675120E-04          17185
  1.6112976675120E-04          16766
  1.6112976675120E-04          17186
  1.6112976675120E-04          17184
  1.6112976675120E-04          17183
  1.6112976675120E-04          17180
  1.6112976675120E-04          16763
  1.6112976675120E-04          16759
  1.6112976675120E-04          17179
  1.6112976675120E-04          16760
  1.6112976675120E-04          16761
  1.6112976675120E-04          16767
  1.6112976675120E-04          17181
  1.6112976675120E-04          16762
  1.6112976675120E-04          17182
  1.6112976675120E-04          17175
  1.6112976675120E-04          17187
  1.6112976675120E-04          16751
  1.6112976675120E-04          16768
  1.6112976675120E-04          16752
  1.6112976675120E-04          17171
  1.6112976675120E-04          16771
  1.6112976675120E-04          17191
  1.6112976675120E-04          16770
  1.6112976675120E-04          16772
  1.6112976675120E-04          17192
  1.6112976675120E-04          17170
  1.6112976675120E-04          17190
  1.6112976675120E-04          17189
  1.6112976675120E-04          16754
  1.6112976675120E-04          16769
  1.6112976675120E-04          17188
  1.6112976675120E-04          16755
  1.6112976675120E-04          17174
  1.6112976675120E-04          17173
  1.6112976675120E-04          16758
  1.6112976675120E-04          16790
  1.6112976675120E-04          16753
  1.6112976675120E-04          17172
  1.6112976675120E-04          17209
  1.6112976675120E-04          17283
  1.6112976675120E-04          17823
  1.6112976675120E-04          16791
  1.6112976675120E-04          18356
  1.6112976675120E-04          18363
  1.6112976675120E-04          18483
  1.6112976675120E-04          18536
  1.6112976675120E-04          18346
  1.6112976675120E-04          17816
  1.6112976675120E-04          17813
  1.6112976675120E-04          17806
  1.6112976675120E-04          18353
  1.6112976675120E-04          17866
  1.6112976675120E-04          17883
  1.6112976675120E-04          17873
  1.6112976675120E-04          17943
  1.6112976675120E-04          17933
  1.6112976675120E-04          18543
  1.6112976675120E-04          17936
  1.6112976675120E-04          18406
  1.6112976675120E-04          17926
  1.6112976675120E-04          18533
  1.6112976675120E-04          17876
  1.6112976675120E-04          17566
  1.6112976675120E-04          17573
  1.6112976675120E-04          17686


         NODAL TIME STEP (estimation)
         ---------------

      TIME STEP       NODE NUMBER
  1.1644543146680E-03          19093
  1.1644543146680E-03          18595
  1.1644543146680E-03          18292
  1.1644543146680E-03          17761
  1.1644543146680E-03          18334
  1.1644543146680E-03          19081
  1.1644543146680E-03          17803
  1.1644543146680E-03          17707
  1.1644543146680E-03          19039
  1.1644543146680E-03          19192
  1.1644543146680E-03          17815
  1.1644543146680E-03          19354
  1.1644543146680E-03          19246
  1.1644543146680E-03          19396
  1.1644543146680E-03          17911
  1.1644543146680E-03          19300
  1.1644543146680E-03          17869
  1.1644543146680E-03          18346
  1.1644543146680E-03          17857
  1.1644543146680E-03          18238
  1.1644543146680E-03          19027
  1.1644543146680E-03          17653
  1.1644543146680E-03          18985
  1.1644543146680E-03          18715
  1.1644543146680E-03          18973
  1.1644543146680E-03          18454
  1.1644543146680E-03          18496
  1.1644543146680E-03          18550
  1.1644543146680E-03          18508
  1.1644543146680E-03          18442
  1.1644543146680E-03          18661
  1.1644543146680E-03          18562
  1.1644543146680E-03          18769
  1.1644543146680E-03          17533
  1.1644543146680E-03          18919
  1.1644543146680E-03          18823
  1.1644543146680E-03          18931
  1.1644543146680E-03          18388
  1.1644543146680E-03          18877
  1.1644543146680E-03          17599
  1.1644543146680E-03          19408
  1.1644543146680E-03          18400
  1.1644543146680E-03          18865
  1.1644543146680E-03          17923
  1.1644543146680E-03          19126
  1.1644543146680E-03          19558
  1.1644543146680E-03          17965
  1.1644543146680E-03          18019
  1.1644543146680E-03          17977
  1.1644543146680E-03          19570
  1.1644543146680E-03          18130
  1.1644543146680E-03          19624
  1.1644543146680E-03          19516
  1.1644543146680E-03          19504
  1.1644543146680E-03          18031
  1.1644543146680E-03          18064
  1.1644543146680E-03          19462
  1.1644543146680E-03          18184
  1.1644543146680E-03          19612
  1.1644543146680E-03          19450
  1.1644543146680E-03          18076
  1.1644543146680E-03          19138
  1.1644543146680E-03          18172
  1.1644543146680E-03          17587
  1.1644543146680E-03          18757
  1.1644543146680E-03          19288
  1.1644543146680E-03          19342
  1.1644543146680E-03          18811
  1.1644543146680E-03          19234
  1.1644543146680E-03          18280
  1.1644543146680E-03          17545
  1.1644543146680E-03          17695
  1.1644543146680E-03          18607
  1.1644543146680E-03          18649
  1.1644543146680E-03          19180
  1.1644543146680E-03          18703
  1.1644543146680E-03          18118
  1.1644543146680E-03          18226
  1.1644543146680E-03          17641
  1.1644543146680E-03          17749
  1.1731503349235E-03          18111
  1.1731503349235E-03          18399
  1.1731503349235E-03          18129
  1.1731503349235E-03          17580
  1.1731503349235E-03          18912
  1.1731503349235E-03          18966
  1.1731503349235E-03          19569
  1.1731503349235E-03          18030
  1.1731503349235E-03          17652
  1.1731503349235E-03          19551
  1.1731503349235E-03          17634
  1.1731503349235E-03          18876
  1.1731503349235E-03          18381
  1.1731503349235E-03          18930
  1.1731503349235E-03          17598
  1.1731503349235E-03          18858
  1.1731503349235E-03          17526
  1.1731503349235E-03          18660
  1.1731503349235E-03          18057
  1.1731503349235E-03          18083
  1.1731503349235E-03          18696
  1.1731503349235E-03          18543
  1.1731503349235E-03          19623
  1.1731503349235E-03          18561
  1.1731503349235E-03          18714
  1.1731503349235E-03          18642
  1.1731503349235E-03          18614
  1.1731503349235E-03          18606
  1.1731503349235E-03          18588
  1.1731503349235E-03          18507
  1.1731503349235E-03          18075
  1.1731503349235E-03          18435
  1.1731503349235E-03          18489
  1.1731503349235E-03          18822
  1.1731503349235E-03          17544
  1.1731503349235E-03          17534
  1.1731503349235E-03          18804
  1.1731503349235E-03          18065
  1.1731503349235E-03          17552
  1.1731503349235E-03          19605
  1.1731503349235E-03          18768
  1.1731503349235E-03          18453
  1.1731503349235E-03          18750
  1.1731503349235E-03          18984
  1.1731503349235E-03          19020
  1.1731503349235E-03          18345
  1.1731503349235E-03          19145
  1.1731503349235E-03          17850
  1.1731503349235E-03          18291
  1.1731503349235E-03          19173
  1.1731503349235E-03          19497
  1.1731503349235E-03          19335
  1.1731503349235E-03          19191
  1.1731503349235E-03          19137
  1.1731503349235E-03          19127
  1.1731503349235E-03          18596
  1.1731503349235E-03          17868
  1.1731503349235E-03          17688
  1.1731503349235E-03          17976
  1.1731503349235E-03          17796
  1.1731503349235E-03          19281
  1.1731503349235E-03          19461
  1.1731503349235E-03          18273
  1.1731503349235E-03          19299
  1.1731503349235E-03          18237
  1.1731503349235E-03          19245
  1.1731503349235E-03          17814
  1.1731503349235E-03          19227
  1.1731503349235E-03          19119
  1.1731503349235E-03          17760
  1.1731503349235E-03          17706
  1.1731503349235E-03          19092
  1.1731503349235E-03          19515
  1.1731503349235E-03          19038
  1.1731503349235E-03          17922
  1.1731503349235E-03          18012
  1.1731503349235E-03          17904
  1.1731503349235E-03          18183
  1.1731503349235E-03          19407
  1.1731503349235E-03          19443
  1.1731503349235E-03          19389
  1.1731503349235E-03          19074
  1.1731503349235E-03          18327
  1.1731503349235E-03          17958
  1.1731503349235E-03          18219
  1.1731503349235E-03          17742
  1.1731503349235E-03          19353
  1.1731503349235E-03          18165
  1.1731503349235E-03          18227
  1.1731503349235E-03          18515
  1.1731503349235E-03          17912
  1.1731503349235E-03          17876
  1.1731503349235E-03          18497
  1.1731503349235E-03          18569
  1.1731503349235E-03          17966
  1.1731503349235E-03          17858
  1.1731503349235E-03          18551
  1.1731503349235E-03          18353
  1.1731503349235E-03          18173
  1.1731503349235E-03          17642
  1.1731503349235E-03          18245
  1.1731503349235E-03          18137
  1.1731503349235E-03          18335
  1.1731503349235E-03          17714
  1.1731503349235E-03          17696
  1.1731503349235E-03          17606
  1.1731503349235E-03          17660
  1.1731503349235E-03          18191
  1.1731503349235E-03          18020
  1.1731503349235E-03          18389
  1.1731503349235E-03          18299
  1.1731503349235E-03          18038
  1.1731503349235E-03          17984
  1.1731503349235E-03          17588
  1.1731503349235E-03          18443
  1.1731503349235E-03          17822
  1.1731503349235E-03          17804
  1.1731503349235E-03          18281
  1.1731503349235E-03          18461
  1.1731503349235E-03          18407
  1.1731503349235E-03          17768
  1.1731503349235E-03          17750
  1.1731503349235E-03          17930
  1.1731503349235E-03          18119
  1.1731503349235E-03          19100
  1.1731503349235E-03          18866
  1.1731503349235E-03          19361
  1.1731503349235E-03          18920
  1.1731503349235E-03          19046
  1.1731503349235E-03          19082
  1.1731503349235E-03          18758
  1.1731503349235E-03          19343
  1.1731503349235E-03          19307
  1.1731503349235E-03          18776
  1.1731503349235E-03          19397
  1.1731503349235E-03          19289
  1.1731503349235E-03          19253
  1.1731503349235E-03          18884
  1.1731503349235E-03          18812
  1.1731503349235E-03          19235
  1.1731503349235E-03          19199
  1.1731503349235E-03          18830
  1.1731503349235E-03          19181
  1.1731503349235E-03          18722
  1.1731503349235E-03          18668
  1.1731503349235E-03          18974
  1.1731503349235E-03          18650
  1.1731503349235E-03          18992
  1.1731503349235E-03          18938
  1.1731503349235E-03          19028
  1.1731503349235E-03          19577
  1.1731503349235E-03          19415
  1.1731503349235E-03          19559
  1.1731503349235E-03          19613
  1.1731503349235E-03          19523
  1.1731503349235E-03          19505
  1.1731503349235E-03          19631
  1.1731503349235E-03          19469
  1.1731503349235E-03          19451
  1.1731503349235E-03          18704
  1.1743238301851E-03          19136
  1.1743238301851E-03          19128
  1.1743238301851E-03          17705
  1.1743238301851E-03          17751
  1.1743238301851E-03          17759
  1.1743238301851E-03          18597
  1.1743238301851E-03          17697
  1.1743238301851E-03          18605
  1.1743238301851E-03          19290
  1.1743238301851E-03          19344
  1.1743238301851E-03          18282
  1.1743238301851E-03          18074
  1.1743238301851E-03          18066
  1.1743238301851E-03          18120
  1.1743238301851E-03          18128
  1.1743238301851E-03          18174
  1.1743238301851E-03          18182
  1.1743238301851E-03          19352
  1.1743238301851E-03          18228
  1.1743238301851E-03          18290
  1.1743238301851E-03          18236
  1.1743238301851E-03          19298
  1.1743238301851E-03          17643
  1.1743238301851E-03          19244
  1.1743238301851E-03          19236
  1.1743238301851E-03          19190
  1.1743238301851E-03          19182
  1.1743238301851E-03          17651
  1.1743238301851E-03          18651
  1.1743238301851E-03          18767
  1.1743238301851E-03          18813
  1.1743238301851E-03          17535
  1.1743238301851E-03          18659
  1.1743238301851E-03          18759
  1.1743238301851E-03          17543
  1.1743238301851E-03          17597
  1.1743238301851E-03          18705
  1.1743238301851E-03          17589
  1.1743238301851E-03          18713
  1.1743238301851E-03          18821
  1.1743238301851E-03          19514
  1.1743238301851E-03          18498
  1.1743238301851E-03          17805
  1.1743238301851E-03          17813
  1.1743238301851E-03          18021
  1.1743238301851E-03          19091
  1.1743238301851E-03          18452
  1.1743238301851E-03          19506
  1.1743238301851E-03          19452
  1.1743238301851E-03          18867
  1.1743238301851E-03          19398
  1.1743238301851E-03          17921
  1.1743238301851E-03          17913
  1.1743238301851E-03          18506
  1.1743238301851E-03          19460
  1.1743238301851E-03          18444
  1.1743238301851E-03          17967
  1.1743238301851E-03          17975
  1.1743238301851E-03          17867
  1.1743238301851E-03          17859
  1.1743238301851E-03          18029
  1.1743238301851E-03          19406
  1.1743238301851E-03          18552
  1.1743238301851E-03          18344
  1.1743238301851E-03          19614
  1.1743238301851E-03          19622
  1.1743238301851E-03          18390
  1.1743238301851E-03          18336
  1.1743238301851E-03          18921
  1.1743238301851E-03          18560
  1.1743238301851E-03          19568
  1.1743238301851E-03          18983
  1.1743238301851E-03          18398
  1.1743238301851E-03          19083
  1.1743238301851E-03          19560
  1.1743238301851E-03          18975
  1.1743238301851E-03          19029
  1.1743238301851E-03          18929
  1.1743238301851E-03          18875
  1.1743238301851E-03          19037
  1.1808619093911E-03          19423
  1.1808619093911E-03          18634
  1.1808619093911E-03          18571
  1.1808619093911E-03          18688
  1.1808619093911E-03          19435
  1.1808619093911E-03          19417
  1.1808619093911E-03          19639
  1.1808619093911E-03          18577
  1.1808619093911E-03          19543
  1.1808619093911E-03          18517
  1.1808619093911E-03          19579
  1.1808619093911E-03          19471
  1.1808619093911E-03          19531
  1.1808619093911E-03          18676
  1.1808619093911E-03          18535
  1.1808619093911E-03          18145
  1.1808619093911E-03          18157
  1.1808619093911E-03          19585
  1.1808619093911E-03          18103
  1.1808619093911E-03          19597
  1.1808619093911E-03          18523
  1.1808619093911E-03          19489
  1.1808619093911E-03          19477
  1.1808619093911E-03          19525
  1.1808619093911E-03          19315
  1.1808619093911E-03          18199
  1.1808619093911E-03          19054
  1.1808619093911E-03          19369
  1.1808619093911E-03          19108
  1.1808619093911E-03          18886
  1.1808619093911E-03          19102
  1.1808619093911E-03          18307
  1.1808619093911E-03          18319
  1.1808619093911E-03          18892
  1.1808619093911E-03          19066
  1.1808619093911E-03          18904
  1.1808619093911E-03          19048
  1.1808619093911E-03          18850
  1.1808619093911E-03          19012
  1.1808619093911E-03          19000
  1.1808619093911E-03          18994
  1.1808619093911E-03          18373
  1.1808619093911E-03          18355
  1.1808619093911E-03          18361
  1.1808619093911E-03          18940
  1.1808619093911E-03          19165
  1.1808619093911E-03          18415
  1.1808619093911E-03          18409
  1.1808619093911E-03          18958
  1.1808619093911E-03          18838
  1.1808619093911E-03          18211
  1.1808619093911E-03          18730
  1.1808619093911E-03          18481
  1.1808619093911E-03          18469
  1.1808619093911E-03          18463
  1.1808619093911E-03          18742
  1.1808619093911E-03          19327
  1.1808619093911E-03          19273
  1.1808619093911E-03          18784
  1.1808619093911E-03          19381
  1.1808619093911E-03          19261
  1.1808619093911E-03          18253
  1.1808619093911E-03          18265
  1.1808619093911E-03          18427
  1.1808619093911E-03          18796
  1.1808619093911E-03          19219
  1.1808619093911E-03          19207
  1.1808619093911E-03          18946
  1.1808619093911E-03          19633
  1.1808619093911E-03          17896
  1.1808619093911E-03          17986
  1.1808619093911E-03          17668
  1.1808619093911E-03          17734
  1.1808619093911E-03          17992
  1.1808619093911E-03          17824
  1.1808619093911E-03          17932
  1.1808619093911E-03          17950
  1.1808619093911E-03          17776
  1.1808619093911E-03          17938
  1.1808619093911E-03          17884
  1.1808619093911E-03          17572
  1.1808619093911E-03          17614
  1.1808619093911E-03          17878
  1.1808619093911E-03          17626
  1.1808619093911E-03          17680
  1.1808619093911E-03          17842
  1.1808619093911E-03          17722
  1.1808619093911E-03          18004
  1.1808619093911E-03          18046
  1.1808619093911E-03          18040
  1.1808619093911E-03          17830
  1.1808619093911E-03          17788
  1.1808619093911E-03          18622
  1.1808619093911E-03          18586
  1.1808619093911E-03          18109
  1.1808619093911E-03          18580
  1.1808619093911E-03          17560
  1.1808619093911E-03          18487
  1.1808619093911E-03          18379
  1.1808619093911E-03          17608
  1.1808619093911E-03          17578
  1.1808619093911E-03          17524
  1.1808619093911E-03          18541
  1.1808619093911E-03          18433
  1.1808619093911E-03          18670
  1.1808619093911E-03          17518
  1.1808619093911E-03          18640
  1.1808619093911E-03          18802
  1.1808619093911E-03          18694
  1.1808619093911E-03          19363
  1.1808619093911E-03          18748
  1.1808619093911E-03          19279
  1.1808619093911E-03          19309
  1.1808619093911E-03          19333
  1.1808619093911E-03          19441
  1.1808619093911E-03          19387
  1.1808619093911E-03          19225
  1.1808619093911E-03          19495


         NODAL TIME STEP DISTRIBUTION 
         ----------------------------


            % OF NODES
                   ^
                   |                                                            
          31.054 --|                                                        #   
                   |                                                        #   
                   |                                                        #   
                   |                                                        #   
                   |                                                        #   
                   |                                                        #   
                   |                                                        #   
                   |                                                        #   
                   |                                                        #   
                   |                              #                         #   
                   |                              #                         #   
                   |                              #            #            #   
                   |                              #            #            #   
                   |                              #            #            #   
                   |                              #            #            #   
                   |                              #            #            #   
                   |                              #            #            #   
                   |                              #            #            #   
                   |                              #            #  #         #   
                   |#                             #            #  #         #   
                   |#                             #            #  #         #   
                   |#                             #            #  #         #   
           0.000 --|#  #   #  #  #   #  #  #  #   #  #  #  #   #  #  #   #  # # 
                    -------------------------------------------------------------> NODAL TIME STEP
                    |                                                          |
                1.164E-03                                                  7.657E-03
  
  


     INITIAL ADDED MASS ESTIMATION for /DT/NODA/CST
     ----------------------------------------------


            DM/M - at first cycle - scaling factor = 0.9
                   ^
                   |                                                            
           0.100 --|                                                          * 
                   |                                                            
                   |                                                       *    
                   |                                                     *      
                   |                                                   *        
                   |                                                 *          
                   |                                                            
                   |                                              *             
                   |                                            *               
                   |                                         *                  
                   |                                       *                    
                   |                                    *                       
                   |                                                            
                   |                                 *                          
                   |                              *                             
                   |                           *                                
                   |                        *                                   
                   |                     *                                      
                   |                                                            
                   |                 *                                          
                   |             *                                              
                   |         *                                                  
           0.005 --|*   *                                                       
                    -------------------------------------------------------------> TARGET TIME STEP
                    |                                                          |
                1.359E-03                                                  3.782E-03
  
  
              DM/M at first cycle          |  Target time step - scaling factor = 0.9  |  Target time step - scaling factor = 0.67
    -------------------------------------  |  ---------------------------------------  |  ---------------------------------------
                 1.000E-02                 |                 1.591E-03                 |                 1.185E-03
                 2.000E-02                 |                 1.966E-03                 |                 1.464E-03
                 3.000E-02                 |                 2.274E-03                 |                 1.693E-03
                 4.000E-02                 |                 2.545E-03                 |                 1.895E-03
                 5.000E-02                 |                 2.790E-03                 |                 2.077E-03


    WARNING : These added mass estimations are valid at first cycle only.
    Because of element deformation or contacts the added mass can increase during the run


 SUMMARY OF POSSIBLE INCOMPATIBLE KINEMATIC CONDITIONS :
 -----------------------------------------------------
                                  
 NO TRUE INCOMPATIBLE KINEMATIC CONDITION

 
    STARTER STORAGE 
    --------------- 
 
    STARTER MEMORY USAGE        225 MB


     LOCAL ENGINE STORAGE EVALUATION FOR SPMD PROCESSOR     1
     --------------------------------------------------------
        RESTART FILE SIZE        32 MB
 

     RESTART FILES I02A_CONTACT_M050_R1_0000 WRITTEN
     -------------

  
------------------------------------------------------------------------
  
                   ** COMPUTE TIME INFORMATION **
  
 EXECUTION STARTED      :      2026/09/12  12:05:04
 EXECUTION COMPLETED    :      2026/09/12  12:05:05
  
 ELAPSED TIME...........=          0.80 s
                               00:00:00
  
------------------------------------------------------------------------



     NORMAL TERMINATION                                                                  
     ------------------                                                                  
              0 ERROR(S)            
              0 WARNING(S)          


