************************************************************************
**                                                                    **
**                                                                    **
**                         OpenRadioss Engine                         **
**                                                                    **
**            Non-linear Finite Element Analysis Software             **
**                                                                    **
**                                                                    **
**                                                                    **
**                  Windows 64 bits, Intel compiler                   **
**                      Double Precision Version                      **
**                                                                    **
**                                                                    **
**                                                                    **
************************************************************************
** OpenRadioss Software                                               **
** COPYRIGHT (C) 2026 Siemens                                         **
** Licensed under GNU Affero General Public License.                  **
** See License file.                                                  **
************************************************************************
 
 ROOT: A13_T25_L2_R0  RESTART: 0001
 NUMBER OF HMPP PROCESSES     2
 08/10/2026
     ANIMATION FILE: A13_T25_L2_R0A001 WRITTEN
     ANIMATION FILE: A13_T25_L2_R0A002 WRITTEN
     ANIMATION FILE: A13_T25_L2_R0A003 WRITTEN
     ANIMATION FILE: A13_T25_L2_R0A004 WRITTEN
     ANIMATION FILE: A13_T25_L2_R0A005 WRITTEN
     ANIMATION FILE: A13_T25_L2_R0A006 WRITTEN
     ANIMATION FILE: A13_T25_L2_R0A007 WRITTEN
     ANIMATION FILE: A13_T25_L2_R0A008 WRITTEN
     ANIMATION FILE: A13_T25_L2_R0A009 WRITTEN
     ANIMATION FILE: A13_T25_L2_R0A010 WRITTEN
     ANIMATION FILE: A13_T25_L2_R0A011 WRITTEN
     ANIMATION FILE: A13_T25_L2_R0A012 WRITTEN
     ANIMATION FILE: A13_T25_L2_R0A013 WRITTEN
     ANIMATION FILE: A13_T25_L2_R0A014 WRITTEN
     ANIMATION FILE: A13_T25_L2_R0A015 WRITTEN
     ANIMATION FILE: A13_T25_L2_R0A016 WRITTEN
     RESTART FILES: A13_T25_L2_R0_0001_[0001-0001].rst WRITTEN
  
                           ** CPU USER TIME **
  
  
                        ** SUMMARY **
  
 #PROC  CONTSORT  CONTFOR   ELEMENT   KINCOND   INTEG     IO        T0        ASM       RESOL    
   1   .3125E-01 .1719E+00 .4922E+01 .1250E+00 .4688E-01 .5078E+01 .3125E-01 .1562E-01 .1047E+02
 
                   ** CUMULATIVE CPU TIME SUMMARY **
  
 CONTACT SORTING.............: .3125E-01     0.30 % 
 CONTACT FORCES..............: .1719E+00     1.64 % 
 ..INCLUDING CONTACT NORMALS: .7812E-01     0.75 % 
 ELEMENT FORCES..............: .4922E+01    47.01 % 
 KINEMATIC COND..............: .1250E+00     1.19 % 
 INTEGRATION.................: .4688E-01     0.45 % 
 ASSEMBLING..................: .1562E-01     0.15 % 
 OTHERS (including I/O)......: .5156E+01    49.25 % 
 TOTAL.......................: .1047E+02   100.00 % 
  
                   ** MEMORY USAGE STATISTICS **
  
 TOTAL MEMORY USED .........................:       71 MB
 MAXIMUM MEMORY PER PROCESSOR...............:       71 MB
 MINIMUM MEMORY PER PROCESSOR...............:       71 MB
 AVERAGE MEMORY PER PROCESSOR...............:       71 MB
  
                   ** DISK USAGE STATISTICS **
  
 TOTAL DISK SPACE USED .....................:        141 MB
 ANIMATION/H3D/TH/OUTP SIZE ................:        128 MB
 RESTART FILE SIZE .........................:         12 MB
  
 ELAPSED TIME     =          5.33 s
                          0:00:05
  
     NORMAL TERMINATION      
     TOTAL NUMBER OF CYCLES  :    1066
