************************************************************************
**                                                                    **
**                                                                    **
**                         OpenRadioss Engine                         **
**                                                                    **
**            Non-linear Finite Element Analysis Software             **
**                                                                    **
**                                                                    **
**                                                                    **
**                  Windows 64 bits, Intel compiler                   **
**                      Double Precision Version                      **
**                                                                    **
**                                                                    **
**                                                                    **
************************************************************************
** OpenRadioss Software                                               **
** COPYRIGHT (C) 2026 Siemens                                         **
** Licensed under GNU Affero General Public License.                  **
** See License file.                                                  **
************************************************************************
 
 ROOT: I02E_CONTACT_RUPTURABLE_H254_R8  RESTART: 0001
 NUMBER OF HMPP PROCESSES     1
 14/09/2026
 NC=       0 T= 0.0000E+00 DT= 2.2880E-04 ERR=  0.0% DM/M= 0.0000E+00
     ANIMATION FILE: I02E_CONTACT_RUPTURABLE_H254_R8A001 WRITTEN
     ANIMATION FILE: I02E_CONTACT_RUPTURABLE_H254_R8A002 WRITTEN
 NC=     100 T= 2.2880E-02 DT= 2.2880E-04 ERR=  0.0% DM/M= 0.0000E+00
 ELAPSED TIME=          0.15 s  REMAINING TIME=          2.19 s
     ANIMATION FILE: I02E_CONTACT_RUPTURABLE_H254_R8A003 WRITTEN
     ANIMATION FILE: I02E_CONTACT_RUPTURABLE_H254_R8A004 WRITTEN
 NC=     200 T= 4.5760E-02 DT= 2.2880E-04 ERR=  0.0% DM/M= 0.0000E+00
 ELAPSED TIME=          0.26 s  REMAINING TIME=          1.76 s
     ANIMATION FILE: I02E_CONTACT_RUPTURABLE_H254_R8A005 WRITTEN
     ANIMATION FILE: I02E_CONTACT_RUPTURABLE_H254_R8A006 WRITTEN
 NC=     300 T= 6.8640E-02 DT= 2.2880E-04 ERR=  0.0% DM/M= 0.0000E+00
 ELAPSED TIME=          0.38 s  REMAINING TIME=          1.54 s
     ANIMATION FILE: I02E_CONTACT_RUPTURABLE_H254_R8A007 WRITTEN
     ANIMATION FILE: I02E_CONTACT_RUPTURABLE_H254_R8A008 WRITTEN
 NC=     400 T= 9.1520E-02 DT= 2.2880E-04 ERR=  0.0% DM/M= 0.0000E+00
 ELAPSED TIME=          0.49 s  REMAINING TIME=          1.38 s
     ANIMATION FILE: I02E_CONTACT_RUPTURABLE_H254_R8A009 WRITTEN
     ANIMATION FILE: I02E_CONTACT_RUPTURABLE_H254_R8A010 WRITTEN
 NC=     500 T= 1.1440E-01 DT= 2.2880E-04 ERR=  0.0% DM/M= 0.0000E+00
 ELAPSED TIME=          0.60 s  REMAINING TIME=          1.23 s
     ANIMATION FILE: I02E_CONTACT_RUPTURABLE_H254_R8A011 WRITTEN
     ANIMATION FILE: I02E_CONTACT_RUPTURABLE_H254_R8A012 WRITTEN
 NC=     600 T= 1.3728E-01 DT= 2.2880E-04 ERR=  0.0% DM/M= 0.0000E+00
 ELAPSED TIME=          0.71 s  REMAINING TIME=          1.10 s
     ANIMATION FILE: I02E_CONTACT_RUPTURABLE_H254_R8A013 WRITTEN
     ANIMATION FILE: I02E_CONTACT_RUPTURABLE_H254_R8A014 WRITTEN
 NC=     700 T= 1.6016E-01 DT= 2.2880E-04 ERR=  0.0% DM/M= 0.0000E+00
 ELAPSED TIME=          0.82 s  REMAINING TIME=          0.97 s
     ANIMATION FILE: I02E_CONTACT_RUPTURABLE_H254_R8A015 WRITTEN
     ANIMATION FILE: I02E_CONTACT_RUPTURABLE_H254_R8A016 WRITTEN
 NC=     800 T= 1.8304E-01 DT= 2.2880E-04 ERR=  0.0% DM/M= 0.0000E+00
 ELAPSED TIME=          0.93 s  REMAINING TIME=          0.85 s
     ANIMATION FILE: I02E_CONTACT_RUPTURABLE_H254_R8A017 WRITTEN
     ANIMATION FILE: I02E_CONTACT_RUPTURABLE_H254_R8A018 WRITTEN
 NC=     900 T= 2.0592E-01 DT= 2.2880E-04 ERR=  0.0% DM/M= 0.0000E+00
 ELAPSED TIME=          1.04 s  REMAINING TIME=          0.73 s
     ANIMATION FILE: I02E_CONTACT_RUPTURABLE_H254_R8A019 WRITTEN
     ANIMATION FILE: I02E_CONTACT_RUPTURABLE_H254_R8A020 WRITTEN
 NC=    1000 T= 2.2877E-01 DT= 2.2821E-04 ERR= -4.8% DM/M= 0.0000E+00
 ELAPSED TIME=          1.16 s  REMAINING TIME=          0.61 s
     ANIMATION FILE: I02E_CONTACT_RUPTURABLE_H254_R8A021 WRITTEN
     ANIMATION FILE: I02E_CONTACT_RUPTURABLE_H254_R8A022 WRITTEN
 NC=    1100 T= 2.5159E-01 DT= 2.2838E-04 ERR= -5.1% DM/M= 0.0000E+00
 ELAPSED TIME=          1.28 s  REMAINING TIME=          0.50 s
     ANIMATION FILE: I02E_CONTACT_RUPTURABLE_H254_R8A023 WRITTEN
     ANIMATION FILE: I02E_CONTACT_RUPTURABLE_H254_R8A024 WRITTEN
 NC=    1200 T= 2.7440E-01 DT= 2.2768E-04 ERR= -5.2% DM/M= 0.0000E+00
 ELAPSED TIME=          1.40 s  REMAINING TIME=          0.39 s
     ANIMATION FILE: I02E_CONTACT_RUPTURABLE_H254_R8A025 WRITTEN
     ANIMATION FILE: I02E_CONTACT_RUPTURABLE_H254_R8A026 WRITTEN
 NC=    1300 T= 2.9707E-01 DT= 2.2461E-04 ERR= -5.6% DM/M= 0.0000E+00
 ELAPSED TIME=          1.53 s  REMAINING TIME=          0.27 s
     ANIMATION FILE: I02E_CONTACT_RUPTURABLE_H254_R8A027 WRITTEN
     ANIMATION FILE: I02E_CONTACT_RUPTURABLE_H254_R8A028 WRITTEN
 NC=    1400 T= 3.1896E-01 DT= 2.1690E-04 ERR= -5.7% DM/M= 0.0000E+00
 ELAPSED TIME=          1.65 s  REMAINING TIME=          0.16 s
     ANIMATION FILE: I02E_CONTACT_RUPTURABLE_H254_R8A029 WRITTEN
     ANIMATION FILE: I02E_CONTACT_RUPTURABLE_H254_R8A030 WRITTEN
 NC=    1500 T= 3.4091E-01 DT= 2.2157E-04 ERR= -5.8% DM/M= 0.0000E+00
 ELAPSED TIME=          1.78 s  REMAINING TIME=          0.05 s
     RESTART FILES: I02E_CONTACT_RUPTURABLE_H254_R8_0001_[0001-0001].rst WRITTEN
  
                           ** CPU USER TIME **
  
  
                        ** SUMMARY **
  
 #PROC  CONTSORT  CONTFOR   ELEMENT   KINCOND   INTEG     IO        T0        ASM       RESOL    
   1   .3125E-01 .1562E-01 .1031E+01 .3125E-01 .1562E-01 .5312E+00 .1562E-01 .6250E-01 .1797E+01
 
                   ** CUMULATIVE CPU TIME SUMMARY **
  
 CONTACT SORTING.............: .3125E-01     1.74 % 
 CONTACT FORCES..............: .1562E-01     0.87 % 
 ELEMENT FORCES..............: .1031E+01    57.39 % 
 KINEMATIC COND..............: .3125E-01     1.74 % 
 INTEGRATION.................: .1562E-01     0.87 % 
 ASSEMBLING..................: .6250E-01     3.48 % 
 OTHERS (including I/O)......: .6094E+00    33.91 % 
 TOTAL.......................: .1797E+01   100.00 % 
  
                   ** MEMORY USAGE STATISTICS **
  
 TOTAL MEMORY USED .........................:       56 MB
 MAXIMUM MEMORY PER PROCESSOR...............:       56 MB
 MINIMUM MEMORY PER PROCESSOR...............:       56 MB
 AVERAGE MEMORY PER PROCESSOR...............:       56 MB
  
                   ** DISK USAGE STATISTICS **
  
 TOTAL DISK SPACE USED .....................:          7 MB
 ANIMATION/H3D/TH/OUTP SIZE ................:          5 MB
 RESTART FILE SIZE .........................:          2 MB
  
 ELAPSED TIME     =          1.84 s
                          0:00:01
  
     NORMAL TERMINATION      
     TOTAL NUMBER OF CYCLES  :    1542
