************************************************************************
**                                                                    **
**                                                                    **
**                         OpenRadioss Engine                         **
**                                                                    **
**            Non-linear Finite Element Analysis Software             **
**                                                                    **
**                                                                    **
**                                                                    **
**                  Windows 64 bits, Intel compiler                   **
**                      Double Precision Version                      **
**                                                                    **
**                                                                    **
**                                                                    **
************************************************************************
** OpenRadioss Software                                               **
** COPYRIGHT (C) 2026 Siemens                                         **
** Licensed under GNU Affero General Public License.                  **
** See License file.                                                  **
************************************************************************
 
 ROOT: I02E_FREE_MERGED_H254_R7  RESTART: 0001
 NUMBER OF HMPP PROCESSES     1
 14/09/2026
 NC=       0 T= 0.0000E+00 DT= 2.2098E-04 ERR=  0.0% DM/M= 0.0000E+00
     ANIMATION FILE: I02E_FREE_MERGED_H254_R7A001 WRITTEN
     ANIMATION FILE: I02E_FREE_MERGED_H254_R7A002 WRITTEN
 NC=     100 T= 2.2098E-02 DT= 2.2098E-04 ERR=  0.0% DM/M= 0.0000E+00
 ELAPSED TIME=          0.14 s  REMAINING TIME=          2.03 s
     ANIMATION FILE: I02E_FREE_MERGED_H254_R7A003 WRITTEN
     ANIMATION FILE: I02E_FREE_MERGED_H254_R7A004 WRITTEN
 NC=     200 T= 4.4197E-02 DT= 2.2098E-04 ERR=  0.0% DM/M= 0.0000E+00
 ELAPSED TIME=          0.23 s  REMAINING TIME=          1.62 s
     ANIMATION FILE: I02E_FREE_MERGED_H254_R7A005 WRITTEN
     ANIMATION FILE: I02E_FREE_MERGED_H254_R7A006 WRITTEN
 NC=     300 T= 6.6295E-02 DT= 2.2098E-04 ERR=  0.0% DM/M= 0.0000E+00
 ELAPSED TIME=          0.33 s  REMAINING TIME=          1.42 s
     ANIMATION FILE: I02E_FREE_MERGED_H254_R7A007 WRITTEN
     ANIMATION FILE: I02E_FREE_MERGED_H254_R7A008 WRITTEN
 NC=     400 T= 8.8394E-02 DT= 2.2098E-04 ERR=  0.0% DM/M= 0.0000E+00
 ELAPSED TIME=          0.43 s  REMAINING TIME=          1.27 s
     ANIMATION FILE: I02E_FREE_MERGED_H254_R7A009 WRITTEN
     ANIMATION FILE: I02E_FREE_MERGED_H254_R7A010 WRITTEN
 NC=     500 T= 1.1049E-01 DT= 2.2098E-04 ERR=  0.0% DM/M= 0.0000E+00
 ELAPSED TIME=          0.53 s  REMAINING TIME=          1.14 s
     ANIMATION FILE: I02E_FREE_MERGED_H254_R7A011 WRITTEN
     ANIMATION FILE: I02E_FREE_MERGED_H254_R7A012 WRITTEN
 NC=     600 T= 1.3259E-01 DT= 2.2098E-04 ERR=  0.0% DM/M= 0.0000E+00
 ELAPSED TIME=          0.62 s  REMAINING TIME=          1.02 s
     ANIMATION FILE: I02E_FREE_MERGED_H254_R7A013 WRITTEN
     ANIMATION FILE: I02E_FREE_MERGED_H254_R7A014 WRITTEN
 NC=     700 T= 1.5469E-01 DT= 2.2098E-04 ERR=  0.0% DM/M= 0.0000E+00
 ELAPSED TIME=          0.72 s  REMAINING TIME=          0.91 s
     ANIMATION FILE: I02E_FREE_MERGED_H254_R7A015 WRITTEN
     ANIMATION FILE: I02E_FREE_MERGED_H254_R7A016 WRITTEN
 NC=     800 T= 1.7679E-01 DT= 2.2098E-04 ERR=  0.0% DM/M= 0.0000E+00
 ELAPSED TIME=          0.82 s  REMAINING TIME=          0.80 s
     ANIMATION FILE: I02E_FREE_MERGED_H254_R7A017 WRITTEN
     ANIMATION FILE: I02E_FREE_MERGED_H254_R7A018 WRITTEN
 NC=     900 T= 1.9889E-01 DT= 2.2098E-04 ERR=  0.0% DM/M= 0.0000E+00
 ELAPSED TIME=          0.92 s  REMAINING TIME=          0.70 s
     ANIMATION FILE: I02E_FREE_MERGED_H254_R7A019 WRITTEN
 NC=    1000 T= 2.2098E-01 DT= 2.2098E-04 ERR=  0.0% DM/M= 0.0000E+00
 ELAPSED TIME=          1.01 s  REMAINING TIME=          0.59 s
     ANIMATION FILE: I02E_FREE_MERGED_H254_R7A020 WRITTEN
     ANIMATION FILE: I02E_FREE_MERGED_H254_R7A021 WRITTEN
 NC=    1100 T= 2.4308E-01 DT= 2.2098E-04 ERR=  0.0% DM/M= 0.0000E+00
 ELAPSED TIME=          1.11 s  REMAINING TIME=          0.49 s
     ANIMATION FILE: I02E_FREE_MERGED_H254_R7A022 WRITTEN
     ANIMATION FILE: I02E_FREE_MERGED_H254_R7A023 WRITTEN
 NC=    1200 T= 2.6518E-01 DT= 2.2098E-04 ERR=  0.0% DM/M= 0.0000E+00
 ELAPSED TIME=          1.21 s  REMAINING TIME=          0.39 s
     ANIMATION FILE: I02E_FREE_MERGED_H254_R7A024 WRITTEN
     ANIMATION FILE: I02E_FREE_MERGED_H254_R7A025 WRITTEN
 NC=    1300 T= 2.8728E-01 DT= 2.2098E-04 ERR=  0.0% DM/M= 0.0000E+00
 ELAPSED TIME=          1.30 s  REMAINING TIME=          0.28 s
     ANIMATION FILE: I02E_FREE_MERGED_H254_R7A026 WRITTEN
     ANIMATION FILE: I02E_FREE_MERGED_H254_R7A027 WRITTEN
 NC=    1400 T= 3.0938E-01 DT= 2.2098E-04 ERR=  0.0% DM/M= 0.0000E+00
 ELAPSED TIME=          1.40 s  REMAINING TIME=          0.18 s
     ANIMATION FILE: I02E_FREE_MERGED_H254_R7A028 WRITTEN
     ANIMATION FILE: I02E_FREE_MERGED_H254_R7A029 WRITTEN
 NC=    1500 T= 3.3148E-01 DT= 2.2098E-04 ERR=  0.0% DM/M= 0.0000E+00
 ELAPSED TIME=          1.50 s  REMAINING TIME=          0.08 s
     ANIMATION FILE: I02E_FREE_MERGED_H254_R7A030 WRITTEN
     RESTART FILES: I02E_FREE_MERGED_H254_R7_0001_[0001-0001].rst WRITTEN
  
                           ** CPU USER TIME **
  
  
                        ** SUMMARY **
  
 #PROC  CONTSORT  CONTFOR   ELEMENT   KINCOND   INTEG     IO        T0        ASM       RESOL    
   1   .1562E-01 .0000E+00 .1188E+01 .0000E+00 .1562E-01 .2969E+00 .0000E+00 .0000E+00 .1547E+01
 
                   ** CUMULATIVE CPU TIME SUMMARY **
  
 CONTACT SORTING.............: .1562E-01     1.01 % 
 CONTACT FORCES..............: .0000E+00     0.00 % 
 ELEMENT FORCES..............: .1188E+01    76.77 % 
 KINEMATIC COND..............: .0000E+00     0.00 % 
 INTEGRATION.................: .1562E-01     1.01 % 
 ASSEMBLING..................: .0000E+00     0.00 % 
 OTHERS (including I/O)......: .3281E+00    21.21 % 
 TOTAL.......................: .1547E+01   100.00 % 
  
                   ** MEMORY USAGE STATISTICS **
  
 TOTAL MEMORY USED .........................:       55 MB
 MAXIMUM MEMORY PER PROCESSOR...............:       55 MB
 MINIMUM MEMORY PER PROCESSOR...............:       55 MB
 AVERAGE MEMORY PER PROCESSOR...............:       55 MB
  
                   ** DISK USAGE STATISTICS **
  
 TOTAL DISK SPACE USED .....................:          8 MB
 ANIMATION/H3D/TH/OUTP SIZE ................:          5 MB
 RESTART FILE SIZE .........................:          2 MB
  
 ELAPSED TIME     =          1.58 s
                          0:00:01
  
     NORMAL TERMINATION      
     TOTAL NUMBER OF CYCLES  :    1584
