************************************************************************
**                                                                    **
**                                                                    **
**                         OpenRadioss Engine                         **
**                                                                    **
**            Non-linear Finite Element Analysis Software             **
**                                                                    **
**                                                                    **
**                                                                    **
**                  Windows 64 bits, Intel compiler                   **
**                      Double Precision Version                      **
**                                                                    **
**                                                                    **
**                                                                    **
************************************************************************
** OpenRadioss Software                                               **
** COPYRIGHT (C) 2026 Siemens                                         **
** Licensed under GNU Affero General Public License.                  **
** See License file.                                                  **
************************************************************************
 
 ROOT: A13_T25_L2_HALF_R0  RESTART: 0001
 NUMBER OF HMPP PROCESSES     2
 08/10/2026
     ANIMATION FILE: A13_T25_L2_HALF_R0A001 WRITTEN
     ANIMATION FILE: A13_T25_L2_HALF_R0A002 WRITTEN
     ANIMATION FILE: A13_T25_L2_HALF_R0A003 WRITTEN
     ANIMATION FILE: A13_T25_L2_HALF_R0A004 WRITTEN
     ANIMATION FILE: A13_T25_L2_HALF_R0A005 WRITTEN
     ANIMATION FILE: A13_T25_L2_HALF_R0A006 WRITTEN
     ANIMATION FILE: A13_T25_L2_HALF_R0A007 WRITTEN
     ANIMATION FILE: A13_T25_L2_HALF_R0A008 WRITTEN
     ANIMATION FILE: A13_T25_L2_HALF_R0A009 WRITTEN
     ANIMATION FILE: A13_T25_L2_HALF_R0A010 WRITTEN
     ANIMATION FILE: A13_T25_L2_HALF_R0A011 WRITTEN
     ANIMATION FILE: A13_T25_L2_HALF_R0A012 WRITTEN
     ANIMATION FILE: A13_T25_L2_HALF_R0A013 WRITTEN
     ANIMATION FILE: A13_T25_L2_HALF_R0A014 WRITTEN
     ANIMATION FILE: A13_T25_L2_HALF_R0A015 WRITTEN
     ANIMATION FILE: A13_T25_L2_HALF_R0A016 WRITTEN
     RESTART FILES: A13_T25_L2_HALF_R0_0001_[0001-0001].rst WRITTEN
     ANIMATION FILE: A13_T25_L2_HALF_R0A017 WRITTEN
  
                           ** CPU USER TIME **
  
  
                        ** SUMMARY **
  
 #PROC  CONTSORT  CONTFOR   ELEMENT   KINCOND   INTEG     IO        T0        ASM       RESOL    
   1   .1719E+00 .3438E+00 .1050E+02 .4688E-01 .4688E-01 .5938E+01 .1250E+00 .7812E-01 .1741E+02
 
                   ** CUMULATIVE CPU TIME SUMMARY **
  
 CONTACT SORTING.............: .1719E+00     0.99 % 
 CONTACT FORCES..............: .3438E+00     1.97 % 
 ..INCLUDING CONTACT NORMALS: .1406E+00     0.81 % 
 ELEMENT FORCES..............: .1050E+02    60.32 % 
 KINEMATIC COND..............: .4688E-01     0.27 % 
 INTEGRATION.................: .4688E-01     0.27 % 
 ASSEMBLING..................: .7812E-01     0.45 % 
 OTHERS (including I/O)......: .6219E+01    35.73 % 
 TOTAL.......................: .1741E+02   100.00 % 
  
                   ** MEMORY USAGE STATISTICS **
  
 TOTAL MEMORY USED .........................:       71 MB
 MAXIMUM MEMORY PER PROCESSOR...............:       71 MB
 MINIMUM MEMORY PER PROCESSOR...............:       71 MB
 AVERAGE MEMORY PER PROCESSOR...............:       71 MB
  
                   ** DISK USAGE STATISTICS **
  
 TOTAL DISK SPACE USED .....................:        141 MB
 ANIMATION/H3D/TH/OUTP SIZE ................:        128 MB
 RESTART FILE SIZE .........................:         12 MB
  
 ELAPSED TIME     =          8.82 s
                          0:00:08
  
     NORMAL TERMINATION      
     TOTAL NUMBER OF CYCLES  :    2132
