 A06_MONO_L500_0001.out
************************************************************************
**                                                                    **
**                                                                    **
**                         OpenRadioss Engine                         **
**                                                                    **
**            Non-linear Finite Element Analysis Software             **
**                                                                    **
**                                                                    **
**                                                                    **
**                  Windows 64 bits, Intel compiler                   **
**                      Double Precision Version                      **
**                                                                    **
**                                                                    **
**                                                                    **
************************************************************************
** OpenRadioss Software                                               **
** COPYRIGHT (C) 2026 Siemens                                         **
** Licensed under GNU Affero General Public License.                  **
** See License file.                                                  **
************************************************************************
 
 NUMBER OF SPMD DOMAINS           1
 NUMBER OF THREADS PER DOMAIN     2
 NUMBER OF HMPP PROCESSES         2
  
 COMPUTATION HARDWARE DESCRIPTION
  
 HOSTNAME     CPU TYPE, FREQUENCY AND MEMORY
 jeux   AMD Ryzen 5 5600 6-Core Processor               (x86_64), 3700 MHz,   6890 MB RAM,  18217 MB swap
  
 STACKSIZE  . . . . . . . . . . . . . . . . . . . . 1430 MB
 THREAD STACKSIZE . . . . . . . . . . . . . . . . . 400 MB
 
************************************************************************


 A06_MONO_L500D01                                                                


 FINAL TIME . . . . . . . . . . . . . . . . . . .   1.000000    

 TIME INTERVAL FOR TIME HISTORY PLOTS . . . . . .  0.5000000E-04

 TIME STEP SCALE FACTOR . . . . . . . . . . . . .  0.4000000    

 MINIMUM TIME STEP  . . . . . . . . . . . . . . .   0.000000    


 BRICK TIME STEP SCALE FACTOR . . . . . . . . . .  0.4000000    
 BRICK MINIMUM TIME STEP. . . . . . . . . . . . .   0.000000    
 MIN. TIME STEP FLAG (1:STOP RUN, 2:DELETE BRICK)     1

 QUAD TIME STEP SCALE FACTOR. . . . . . . . . . .  0.4000000    
 QUAD MINIMUM TIME STEP . . . . . . . . . . . . .   0.000000    
 MIN. TIME STEP FLAG (1:STOP RUN, 2:DELETE QUAD).     1

 SHELL TIME STEP SCALE FACTOR . . . . . . . . . .  0.4000000    
 SHELL MINIMUM TIME STEP. . . . . . . . . . . . .   0.000000    
 MIN. TIME FLAG (1:STOP, 2:DELETE, 3:SMALL STRAIN)    2

 TRUSS TIME STEP SCALE FACTOR . . . . . . . . . .  0.4000000    
 TRUSS MINIMUM TIME STEP. . . . . . . . . . . . .   0.000000    
 MIN. TIME FLAG (1:STOP, 2:DELETE). . . . . . . .     0

 BEAM TIME STEP SCALE FACTOR. . . . . . . . . . .  0.4000000    
 BEAM MINIMUM TIME STEP . . . . . . . . . . . . .   0.000000    
 MIN. TIME FLAG (1:STOP, 2:DELETE). . . . . . . .     0

 SPRING TIME STEP SCALE FACTOR. . . . . . . . . .  0.4000000    
 SPRING MINIMUM TIME STEP . . . . . . . . . . . .   0.000000    
 MIN. TIME FLAG (1:STOP, 2:DELETE). . . . . . . .     0

 AIRBAG TIME STEP SCALE FACTOR. . . . . . . . . .  0.4000000    
 AIRBAG MINIMUM TIME STEP . . . . . . . . . . . .   0.000000    
 MIN. TIME FLAG (1:STOP). . . . . . . . . . . . .     0

 CONTACT TIME STEP SCALE FACTOR . . . . . . . . .  0.4000000    
 CONTACT MINIMUM TIME STEP. . . . . . . . . . . .   0.000000    
 MIN. TIME FLAG(1:STOP, 2:REMOVE NODE FROM INTERF)    0

 PRINTOUT CYCLE FREQUENCY . . . . . . . . . . . .  -100

 RESTART CYCLE FREQUENCY. . . . . . . . . . . . .   10000000

 MAXIMUM RESTART WRITE BEFORE OVERWRITE . . . . .     0

 INVERS: INPUT DECK VERSION . . . . . . . . . . .  2026
 ITTYP : FLAG FOR TYPE OF T-FILE. . . . . . . . .     4

 INITIAL TIME STEP. . . . . . . . . . . . . . . .  0.2500000E-04
 MAXIMUM TIME STEP. . . . . . . . . . . . . . . .  0.2500000E-04

 PARALLEL ARITHMETIC ON
 NUMBER OF INTERFACES TO BE ELIMINATED. . . . . .        0

 NUMBER OF PARTS TO BE ELIMINATED . . . . . . . .        0

 NUMBER OF SOLID  ELEMENT BLOCKS TO BE ELIMINATED        0

 NUMBER OF QUAD   ELEMENT BLOCKS TO BE ELIMINATED        0

 NUMBER OF SHELL  ELEMENT BLOCKS TO BE ELIMINATED        0

 NUMBER OF TRUSS  ELEMENT BLOCKS TO BE ELIMINATED        0

 NUMBER OF BEAM   ELEMENT BLOCKS TO BE ELIMINATED        0

 NUMBER OF SPRING ELEMENT BLOCKS TO BE ELIMINATED        0

 NUMBER OF SH_3N  ELEMENT BLOCKS TO BE ELIMINATED        0

 NUMBER OF  SPH PARTICLES BLOCKS TO BE ELIMINATED        0

 NUMBER OF RIGID LINKS. . . . . . . . . . . . . .        0

 NUMBER OF NEW BOUNDARY CONDITIONS. . . . . . . .        0


 TIME FOR FIRST ANIMATION-FILE PLOT . . . . . . .   0.000000    
 TIME INTERVAL FOR ANIMATION-FILE PLOTS . . . . .  0.1000000E-01
 TIME TO STOP ANIMATION-FILE PLOTS. . . . . . . .  0.1000000E+21
 SENSOR FOR ANIMATION-FILE PLOTS. . . . . . . . .          0
 TIME INTERVAL FOR SENSOR ANIMATION-FILE PLOTS. .   0.000000    

 VARIABLE SAVED ON ANIMATION FILES (1: YES) :
      PLASTIC STRAIN. . . . . .     0
      DENSITY     (SOLID ONLY).     0
      SPECIFIC ENERGY . . . . .     1
      HOURGLASS ENERGY. . . . .     0
      TEMPERATURE (SOLID ONLY).     0
      THICKNESS   (SHELL ONLY).     0
      PRESSURE    (SOLID ONLY).     0
      VON MISES . . . . . . . .     0
      TURBULENT ENERGY (FLUID).     0
      TURBULENT VISCOSITY(FLUID)    0
      VORTICITY (FLUID) . . . .     0
 NODAL VALUES SAVED ON ANIMATION FILES (1: YES) :
      PRESSURE. . . . . . . . .     0
      DENSITY . . . . . . . . .     0
      TEMPERATURE . . . . . . .     0
 VECTOR SAVED ON ANIMATION FILES (1: YES) :
      VELOCITY VECTOR . . . . .     1
      DISPLACEMENT VECTOR . . .     1
      ACCELERATION VECTOR . . .     0
      CONTACT FORCES. . . . . .     0
      INTERNAL FORCES . . . . .     0
      EXTERNAL FORCES . . . . .     0
      SECTION RBY RWALL FORCES.     0
      ROTATIONAL VELOCITY VECTOR    0
      CONTACT PRESSURE (VECTORS)    0
 SHELL TENSOR SAVED ON ANIMATION FILES (1: YES) :
      MEMBRANE STRESS . . . . .     0
      BENDING STRESS(MOMENT/T^2)    0
      UPPER LAYER STRESS. . . .     0
      LOWER LAYER STRESS. . . .     0
      MEMBRANE STRAIN . . . . .     0
      CURVATURE . . . . . . . .     0
      UPPER LAYER STRAIN. . . .     0
      LOWER LAYER STRAIN. . . .     0
 NODAL MASS SAVED ON ANIMATION FILES (1: YES) :    0
 KEEP DELETED ELEMENT (1: YES) :    0


 05/10/2026
   CYCLE    TIME      TIME-STEP  ELEMENT          ERROR  I-ENERGY    K-ENERGY T  K-ENERGY R  EXT-WORK     MAS.ERR     TOTAL MASS  MASS ADDED
       0   0.000      0.2500E-04 SH_3N          1   0.0%   0.000       0.000       0.000       0.000       0.000       553.5       0.000    
     ANIMATION FILE: A06_MONO_L500A001 WRITTEN
     100  0.2500E-02  0.2500E-04 SH_3N          2  -0.0%  0.1388E-01   118.5       0.000       118.6       0.000       553.5       0.000    
     200  0.5000E-02  0.2500E-04 SH_3N          1  -0.0%  0.2214       471.6       0.000       471.9       0.000       553.5       0.000    
     300  0.7500E-02  0.2500E-04 SH_3N          2  -0.0%   1.117       1056.       0.000       1057.       0.000       553.5       0.000    
     400  0.1000E-01  0.2500E-04 SH_3N          2  -0.0%   3.518       1868.       0.000       1871.       0.000       553.5       0.000    
     ANIMATION FILE: A06_MONO_L500A002 WRITTEN
     500  0.1250E-01  0.2500E-04 SH_3N          1  -0.0%   8.560       2904.       0.000       2912.       0.000       553.5       0.000    
     600  0.1500E-01  0.2500E-04 SH_3N          2  -0.0%   17.69       4160.       0.000       4178.       0.000       553.5       0.000    
     700  0.1750E-01  0.2500E-04 SH_3N          1  -0.0%   32.66       5634.       0.000       5667.       0.000       553.5       0.000    
     800  0.2000E-01  0.2500E-04 SH_3N          1  -0.0%   55.54       7322.       0.000       7377.       0.000       553.5       0.000    
     ANIMATION FILE: A06_MONO_L500A003 WRITTEN
     900  0.2250E-01  0.2500E-04 SH_3N          1  -0.0%   88.66       9220.       0.000       9309.       0.000       553.5       0.000    
    1000  0.2500E-01  0.2500E-04 SH_3N          1  -0.0%   134.7      0.1133E+05   0.000      0.1146E+05   0.000       553.5       0.000    
    1100  0.2750E-01  0.2500E-04 SH_3N          1  -0.0%   196.5      0.1363E+05   0.000      0.1383E+05   0.000       553.5       0.000    
    1200  0.3000E-01  0.2500E-04 SH_3N          1  -0.0%   277.4      0.1614E+05   0.000      0.1642E+05   0.000       553.5       0.000    
     ANIMATION FILE: A06_MONO_L500A004 WRITTEN
    1300  0.3250E-01  0.2500E-04 SH_3N          1  -0.0%   380.8      0.1885E+05   0.000      0.1923E+05   0.000       553.5       0.000    
    1400  0.3500E-01  0.2500E-04 SH_3N          1  -0.0%   510.5      0.2175E+05   0.000      0.2226E+05   0.000       553.5       0.000    
    1500  0.3750E-01  0.2500E-04 SH_3N          2  -0.0%   670.4      0.2485E+05   0.000      0.2552E+05   0.000       553.5       0.000    
    1600  0.4000E-01  0.2500E-04 SH_3N          1  -0.0%   864.9      0.2813E+05   0.000      0.2899E+05   0.000       553.5       0.000    
     ANIMATION FILE: A06_MONO_L500A005 WRITTEN
    1700  0.4250E-01  0.2500E-04 SH_3N          1  -0.0%   1099.      0.3159E+05   0.000      0.3269E+05   0.000       553.5       0.000    
    1800  0.4500E-01  0.2500E-04 SH_3N          1  -0.0%   1376.      0.3524E+05   0.000      0.3661E+05   0.000       553.5       0.000    
    1900  0.4750E-01  0.2500E-04 SH_3N          1  -0.0%   1703.      0.3906E+05   0.000      0.4076E+05   0.000       553.5       0.000    
    2000  0.5000E-01  0.2500E-04 SH_3N          1  -0.0%   2083.      0.4306E+05   0.000      0.4514E+05   0.000       553.5       0.000    
     ANIMATION FILE: A06_MONO_L500A006 WRITTEN
    2100  0.5250E-01  0.2500E-04 SH_3N          1  -0.0%   2523.      0.4723E+05   0.000      0.4976E+05   0.000       553.5       0.000    
    2200  0.5500E-01  0.2500E-04 SH_3N          1  -0.0%   3029.      0.5157E+05   0.000      0.5460E+05   0.000       553.5       0.000    
    2300  0.5750E-01  0.2500E-04 SH_3N          1  -0.0%   3606.      0.5608E+05   0.000      0.5969E+05   0.000       553.5       0.000    
    2400  0.6000E-01  0.2500E-04 SH_3N          1  -0.0%   4261.      0.6075E+05   0.000      0.6501E+05   0.000       553.5       0.000    
     ANIMATION FILE: A06_MONO_L500A007 WRITTEN
    2500  0.6250E-01  0.2500E-04 SH_3N          1  -0.0%   5000.      0.6558E+05   0.000      0.7058E+05   0.000       553.5       0.000    
    2600  0.6500E-01  0.2500E-04 SH_3N          1  -0.0%   5829.      0.7057E+05   0.000      0.7640E+05   0.000       553.5       0.000    
    2700  0.6750E-01  0.2500E-04 SH_3N          1  -0.0%   6756.      0.7571E+05   0.000      0.8247E+05   0.000       553.5       0.000    
    2800  0.7000E-01  0.2500E-04 SH_3N          1  -0.0%   7787.      0.8100E+05   0.000      0.8879E+05   0.000       553.5       0.000    
     ANIMATION FILE: A06_MONO_L500A008 WRITTEN
    2900  0.7250E-01  0.2500E-04 SH_3N          1  -0.0%   8929.      0.8645E+05   0.000      0.9538E+05   0.000       553.5       0.000    
    3000  0.7500E-01  0.2500E-04 SH_3N          1  -0.0%  0.1019E+05  0.9203E+05   0.000      0.1022E+06   0.000       553.5       0.000    
    3100  0.7750E-01  0.2500E-04 SH_3N          2  -0.0%  0.1158E+05  0.9776E+05   0.000      0.1093E+06   0.000       553.5       0.000    
    3200  0.8000E-01  0.2500E-04 SH_3N          1  -0.0%  0.1310E+05  0.1036E+06   0.000      0.1167E+06   0.000       553.5       0.000    
     ANIMATION FILE: A06_MONO_L500A009 WRITTEN
    3300  0.8250E-01  0.2500E-04 SH_3N          1  -0.0%  0.1477E+05  0.1096E+06   0.000      0.1244E+06   0.000       553.5       0.000    
    3400  0.8500E-01  0.2500E-04 SH_3N          1  -0.0%  0.1658E+05  0.1158E+06   0.000      0.1324E+06   0.000       553.5       0.000    
    3500  0.8750E-01  0.2500E-04 SH_3N          2  -0.0%  0.1856E+05  0.1221E+06   0.000      0.1406E+06   0.000       553.5       0.000    
    3600  0.9000E-01  0.2500E-04 SH_3N          1  -0.0%  0.2070E+05  0.1285E+06   0.000      0.1492E+06   0.000       553.5       0.000    
     ANIMATION FILE: A06_MONO_L500A010 WRITTEN
    3700  0.9250E-01  0.2500E-04 SH_3N          1  -0.0%  0.2301E+05  0.1350E+06   0.000      0.1580E+06   0.000       553.5       0.000    
    3800  0.9500E-01  0.2500E-04 SH_3N          1  -0.0%  0.2552E+05  0.1416E+06   0.000      0.1672E+06   0.000       553.5       0.000    
    3900  0.9750E-01  0.2500E-04 SH_3N          1  -0.0%  0.2821E+05  0.1484E+06   0.000      0.1766E+06   0.000       553.5       0.000    
    4000  0.1000      0.2500E-04 SH_3N          1  -0.0%  0.3111E+05  0.1553E+06   0.000      0.1864E+06   0.000       553.5       0.000    
     ANIMATION FILE: A06_MONO_L500A011 WRITTEN
    4100  0.1025      0.2500E-04 SH_3N          1  -0.0%  0.3422E+05  0.1623E+06   0.000      0.1965E+06   0.000       553.5       0.000    
    4200  0.1050      0.2500E-04 SH_3N          1  -0.0%  0.3755E+05  0.1694E+06   0.000      0.2070E+06   0.000       553.5       0.000    
    4300  0.1075      0.2500E-04 SH_3N          2  -0.0%  0.4111E+05  0.1767E+06   0.000      0.2178E+06   0.000       553.5       0.000    
    4400  0.1100      0.2500E-04 SH_3N          1  -0.0%  0.4492E+05  0.1840E+06   0.000      0.2289E+06   0.000       553.5       0.000    
     ANIMATION FILE: A06_MONO_L500A012 WRITTEN
    4500  0.1125      0.2500E-04 SH_3N          1  -0.0%  0.4897E+05  0.1914E+06   0.000      0.2404E+06   0.000       553.5       0.000    
    4600  0.1150      0.2500E-04 SH_3N          1  -0.0%  0.5328E+05  0.1990E+06   0.000      0.2523E+06   0.000       553.5       0.000    
    4700  0.1175      0.2500E-04 SH_3N          1  -0.0%  0.5786E+05  0.2066E+06   0.000      0.2645E+06   0.000       553.5       0.000    
    4800  0.1200      0.2500E-04 SH_3N          1  -0.0%  0.6272E+05  0.2144E+06   0.000      0.2771E+06   0.000       553.5       0.000    
     ANIMATION FILE: A06_MONO_L500A013 WRITTEN
    4900  0.1225      0.2500E-04 SH_3N          2  -0.0%  0.6788E+05  0.2222E+06   0.000      0.2901E+06   0.000       553.5       0.000    
    5000  0.1250      0.2500E-04 SH_3N          1  -0.0%  0.7333E+05  0.2301E+06   0.000      0.3035E+06   0.000       553.5       0.000    
    5100  0.1275      0.2500E-04 SH_3N          1  -0.0%  0.7909E+05  0.2382E+06   0.000      0.3172E+06   0.000       553.5       0.000    
    5200  0.1300      0.2500E-04 SH_3N          1  -0.0%  0.8518E+05  0.2463E+06   0.000      0.3314E+06   0.000       553.5       0.000    
     ANIMATION FILE: A06_MONO_L500A014 WRITTEN
    5300  0.1325      0.2500E-04 SH_3N          1  -0.0%  0.9160E+05  0.2544E+06   0.000      0.3460E+06   0.000       553.5       0.000    
    5400  0.1350      0.2500E-04 SH_3N          2  -0.0%  0.9836E+05  0.2627E+06   0.000      0.3611E+06   0.000       553.5       0.000    
    5500  0.1375      0.2500E-04 SH_3N          1  -0.0%  0.1055E+06  0.2711E+06   0.000      0.3766E+06   0.000       553.5       0.000    
    5600  0.1400      0.2500E-04 SH_3N          1  -0.0%  0.1130E+06  0.2795E+06   0.000      0.3925E+06   0.000       553.5       0.000    
     ANIMATION FILE: A06_MONO_L500A015 WRITTEN
    5700  0.1425      0.2500E-04 SH_3N          1  -0.0%  0.1208E+06  0.2880E+06   0.000      0.4088E+06   0.000       553.5       0.000    
    5800  0.1450      0.2500E-04 SH_3N          1  -0.0%  0.1290E+06  0.2966E+06   0.000      0.4256E+06   0.000       553.5       0.000    
    5900  0.1475      0.2500E-04 SH_3N          1  -0.0%  0.1377E+06  0.3052E+06   0.000      0.4429E+06   0.000       553.5       0.000    
    6000  0.1500      0.2500E-04 SH_3N          1  -0.0%  0.1467E+06  0.3140E+06   0.000      0.4607E+06   0.000       553.5       0.000    
     ANIMATION FILE: A06_MONO_L500A016 WRITTEN
    6100  0.1525      0.2500E-04 SH_3N          1  -0.0%  0.1562E+06  0.3228E+06   0.000      0.4790E+06   0.000       553.5       0.000    
    6200  0.1550      0.2500E-04 SH_3N          2  -0.0%  0.1661E+06  0.3316E+06   0.000      0.4977E+06   0.000       553.5       0.000    
    6300  0.1575      0.2500E-04 SH_3N          1  -0.0%  0.1764E+06  0.3405E+06   0.000      0.5170E+06   0.000       553.5       0.000    
    6400  0.1600      0.2500E-04 SH_3N          2  -0.0%  0.1872E+06  0.3495E+06   0.000      0.5367E+06   0.000       553.5       0.000    
     ANIMATION FILE: A06_MONO_L500A017 WRITTEN
    6500  0.1625      0.2500E-04 SH_3N          2  -0.0%  0.1985E+06  0.3585E+06   0.000      0.5570E+06   0.000       553.5       0.000    
    6600  0.1650      0.2500E-04 SH_3N          2  -0.0%  0.2102E+06  0.3676E+06   0.000      0.5778E+06   0.000       553.5       0.000    
    6700  0.1675      0.2500E-04 SH_3N          1  -0.0%  0.2225E+06  0.3767E+06   0.000      0.5992E+06   0.000       553.5       0.000    
    6800  0.1700      0.2500E-04 SH_3N          2  -0.0%  0.2352E+06  0.3859E+06   0.000      0.6211E+06   0.000       553.5       0.000    
     ANIMATION FILE: A06_MONO_L500A018 WRITTEN
    6900  0.1725      0.2500E-04 SH_3N          1  -0.0%  0.2484E+06  0.3951E+06   0.000      0.6436E+06   0.000       553.5       0.000    
    7000  0.1750      0.2500E-04 SH_3N          1  -0.0%  0.2622E+06  0.4044E+06   0.000      0.6666E+06   0.000       553.5       0.000    
    7100  0.1775      0.2500E-04 SH_3N          1  -0.0%  0.2765E+06  0.4137E+06   0.000      0.6902E+06   0.000       553.5       0.000    
    7200  0.1800      0.2500E-04 SH_3N          1  -0.0%  0.2913E+06  0.4231E+06   0.000      0.7144E+06   0.000       553.5       0.000    
     ANIMATION FILE: A06_MONO_L500A019 WRITTEN
    7300  0.1825      0.2500E-04 SH_3N          2  -0.0%  0.3067E+06  0.4325E+06   0.000      0.7392E+06   0.000       553.5       0.000    
    7400  0.1850      0.2500E-04 SH_3N          1  -0.0%  0.3227E+06  0.4419E+06   0.000      0.7646E+06   0.000       553.5       0.000    
    7500  0.1875      0.2500E-04 SH_3N          1  -0.0%  0.3392E+06  0.4514E+06   0.000      0.7907E+06   0.000       553.5       0.000    
    7600  0.1900      0.2500E-04 SH_3N          1  -0.0%  0.3564E+06  0.4609E+06   0.000      0.8173E+06   0.000       553.5       0.000    
     ANIMATION FILE: A06_MONO_L500A020 WRITTEN
    7700  0.1925      0.2500E-04 SH_3N          1  -0.0%  0.3741E+06  0.4704E+06   0.000      0.8446E+06   0.000       553.5       0.000    
    7800  0.1950      0.2500E-04 SH_3N          2  -0.0%  0.3925E+06  0.4800E+06   0.000      0.8725E+06   0.000       553.5       0.000    
    7900  0.1975      0.2500E-04 SH_3N          1  -0.0%  0.4115E+06  0.4896E+06   0.000      0.9011E+06   0.000       553.5       0.000    
    8000  0.2000      0.2500E-04 SH_3N          1  -0.0%  0.4311E+06  0.4992E+06   0.000      0.9304E+06   0.000       553.5       0.000    
     ANIMATION FILE: A06_MONO_L500A021 WRITTEN
    8100  0.2025      0.2500E-04 SH_3N          2  -0.0%  0.4514E+06  0.5089E+06   0.000      0.9603E+06   0.000       553.5       0.000    
    8200  0.2050      0.2500E-04 SH_3N          2  -0.0%  0.4724E+06  0.5185E+06   0.000      0.9909E+06   0.000       553.5       0.000    
    8300  0.2075      0.2500E-04 SH_3N          1  -0.0%  0.4940E+06  0.5282E+06   0.000      0.1022E+07   0.000       553.5       0.000    
    8400  0.2100      0.2500E-04 SH_3N          2  -0.0%  0.5163E+06  0.5379E+06   0.000      0.1054E+07   0.000       553.5       0.000    
     ANIMATION FILE: A06_MONO_L500A022 WRITTEN
    8500  0.2125      0.2500E-04 SH_3N          2  -0.0%  0.5393E+06  0.5476E+06   0.000      0.1087E+07   0.000       553.5       0.000    
    8600  0.2150      0.2500E-04 SH_3N          1  -0.0%  0.5631E+06  0.5573E+06   0.000      0.1120E+07   0.000       553.5       0.000    
    8700  0.2175      0.2500E-04 SH_3N          1  -0.0%  0.5875E+06  0.5670E+06   0.000      0.1155E+07   0.000       553.5       0.000    
    8800  0.2200      0.2500E-04 SH_3N          1  -0.0%  0.6127E+06  0.5768E+06   0.000      0.1189E+07   0.000       553.5       0.000    
     ANIMATION FILE: A06_MONO_L500A023 WRITTEN
    8900  0.2225      0.2500E-04 SH_3N          1  -0.0%  0.6386E+06  0.5865E+06   0.000      0.1225E+07   0.000       553.5       0.000    
    9000  0.2250      0.2500E-04 SH_3N          2  -0.0%  0.6653E+06  0.5963E+06   0.000      0.1262E+07   0.000       553.5       0.000    
    9100  0.2275      0.2500E-04 SH_3N          1  -0.0%  0.6928E+06  0.6060E+06   0.000      0.1299E+07   0.000       553.5       0.000    
    9200  0.2300      0.2500E-04 SH_3N          1  -0.0%  0.7210E+06  0.6158E+06   0.000      0.1337E+07   0.000       553.5       0.000    
     ANIMATION FILE: A06_MONO_L500A024 WRITTEN
    9300  0.2325      0.2500E-04 SH_3N          1  -0.0%  0.7500E+06  0.6255E+06   0.000      0.1376E+07   0.000       553.5       0.000    
    9400  0.2350      0.2500E-04 SH_3N          1  -0.0%  0.7798E+06  0.6353E+06   0.000      0.1415E+07   0.000       553.5       0.000    
    9500  0.2375      0.2500E-04 SH_3N          1  -0.0%  0.8105E+06  0.6450E+06   0.000      0.1455E+07   0.000       553.5       0.000    
    9600  0.2400      0.2500E-04 SH_3N          2  -0.0%  0.8419E+06  0.6548E+06   0.000      0.1497E+07   0.000       553.5       0.000    
     ANIMATION FILE: A06_MONO_L500A025 WRITTEN
    9700  0.2425      0.2500E-04 SH_3N          1  -0.0%  0.8742E+06  0.6645E+06   0.000      0.1539E+07   0.000       553.5       0.000    
    9800  0.2450      0.2500E-04 SH_3N          1  -0.0%  0.9074E+06  0.6742E+06   0.000      0.1582E+07   0.000       553.5       0.000    
    9900  0.2475      0.2500E-04 SH_3N          2  -0.0%  0.9414E+06  0.6839E+06   0.000      0.1625E+07   0.000       553.5       0.000    
   CYCLE    TIME      TIME-STEP  ELEMENT          ERROR  I-ENERGY    K-ENERGY T  K-ENERGY R  EXT-WORK     MAS.ERR     TOTAL MASS  MASS ADDED
   10000  0.2500      0.2500E-04 SH_3N          1  -0.0%  0.9762E+06  0.6936E+06   0.000      0.1670E+07   0.000       553.5       0.000    
     ANIMATION FILE: A06_MONO_L500A026 WRITTEN
   10100  0.2525      0.2500E-04 SH_3N          1  -0.0%  0.1012E+07  0.7033E+06   0.000      0.1715E+07   0.000       553.5       0.000    
   10200  0.2550      0.2500E-04 SH_3N          1  -0.0%  0.1049E+07  0.7129E+06   0.000      0.1762E+07   0.000       553.5       0.000    
   10300  0.2575      0.2500E-04 SH_3N          1  -0.0%  0.1086E+07  0.7226E+06   0.000      0.1809E+07   0.000       553.5       0.000    
   10400  0.2600      0.2500E-04 SH_3N          1  -0.0%  0.1125E+07  0.7322E+06   0.000      0.1857E+07   0.000       553.5       0.000    
     ANIMATION FILE: A06_MONO_L500A027 WRITTEN
   10500  0.2625      0.2500E-04 SH_3N          1  -0.0%  0.1164E+07  0.7418E+06   0.000      0.1906E+07   0.000       553.5       0.000    
   10600  0.2650      0.2500E-04 SH_3N          1  -0.0%  0.1192E+07  0.7513E+06   0.000      0.1944E+07   0.000       553.5       0.000    
 FAILURE (ORTHENERG) OF SHELL ELEMENT          1 ,GAUSS PT 1 ,PLY ID        41 ,INTEGRATION PT  1
 MODE 1 - TRACTION XX
 FAILURE (ORTHENERG) OF SHELL ELEMENT          1 ,GAUSS PT 1 ,PLY ID        41 ,INTEGRATION PT  2
 MODE 1 - TRACTION XX
 FAILURE (ORTHENERG) OF SHELL ELEMENT          1 ,GAUSS PT 1 ,PLY ID        41 ,INTEGRATION PT  3
 MODE 1 - TRACTION XX
 FAILURE (ORTHENERG) OF SHELL ELEMENT          1 ,GAUSS PT 1 ,PLY ID        43 ,INTEGRATION PT  1
 MODE 1 - TRACTION XX
 FAILURE (ORTHENERG) OF SHELL ELEMENT          1 ,GAUSS PT 1 ,PLY ID        43 ,INTEGRATION PT  2
 MODE 1 - TRACTION XX
 FAILURE (ORTHENERG) OF SHELL ELEMENT          1 ,GAUSS PT 1 ,PLY ID        43 ,INTEGRATION PT  3
 MODE 1 - TRACTION XX
 -- FAILURE (ORTHENERG) OF PLY ID         41 ,SHELL ELEMENT NUMBER          1  BELONGING TO PART ID :        21
 -- FAILURE (ORTHENERG) OF PLY ID         43 ,SHELL ELEMENT NUMBER          1  BELONGING TO PART ID :        21
 FAILURE (ORTHENERG) OF SHELL ELEMENT          2 ,GAUSS PT 1 ,PLY ID        41 ,INTEGRATION PT  1
 MODE 1 - TRACTION XX
 FAILURE (ORTHENERG) OF SHELL ELEMENT          2 ,GAUSS PT 1 ,PLY ID        41 ,INTEGRATION PT  2
 MODE 1 - TRACTION XX
 FAILURE (ORTHENERG) OF SHELL ELEMENT          2 ,GAUSS PT 1 ,PLY ID        41 ,INTEGRATION PT  3
 MODE 1 - TRACTION XX
 FAILURE (ORTHENERG) OF SHELL ELEMENT          2 ,GAUSS PT 1 ,PLY ID        43 ,INTEGRATION PT  1
 MODE 1 - TRACTION XX
 FAILURE (ORTHENERG) OF SHELL ELEMENT          2 ,GAUSS PT 1 ,PLY ID        43 ,INTEGRATION PT  2
 MODE 1 - TRACTION XX
 FAILURE (ORTHENERG) OF SHELL ELEMENT          2 ,GAUSS PT 1 ,PLY ID        43 ,INTEGRATION PT  3
 MODE 1 - TRACTION XX
 -- FAILURE (ORTHENERG) OF PLY ID         41 ,SHELL ELEMENT NUMBER          2  BELONGING TO PART ID :        21
 -- FAILURE (ORTHENERG) OF PLY ID         43 ,SHELL ELEMENT NUMBER          2  BELONGING TO PART ID :        21
   10700  0.2675      0.2500E-04 SH_3N          1  -0.0%  0.1199E+07  0.7609E+06   0.000      0.1960E+07   0.000       553.5       0.000    
   10800  0.2700      0.2500E-04 SH_3N          1  -0.0%  0.1199E+07  0.7704E+06   0.000      0.1970E+07   0.000       553.5       0.000    
     ANIMATION FILE: A06_MONO_L500A028 WRITTEN
   10900  0.2725      0.2500E-04 SH_3N          1  -0.0%  0.1199E+07  0.7799E+06   0.000      0.1979E+07   0.000       553.5       0.000    
   11000  0.2750      0.2500E-04 SH_3N          1  -0.0%  0.1199E+07  0.7893E+06   0.000      0.1989E+07   0.000       553.5       0.000    
   11100  0.2775      0.2500E-04 SH_3N          1  -0.0%  0.1199E+07  0.7988E+06   0.000      0.1998E+07   0.000       553.5       0.000    
   11200  0.2800      0.2500E-04 SH_3N          1  -0.0%  0.1199E+07  0.8081E+06   0.000      0.2008E+07   0.000       553.5       0.000    
     ANIMATION FILE: A06_MONO_L500A029 WRITTEN
   11300  0.2825      0.2500E-04 SH_3N          1  -0.0%  0.1199E+07  0.8175E+06   0.000      0.2017E+07   0.000       553.5       0.000    
   11400  0.2850      0.2500E-04 SH_3N          1  -0.0%  0.1199E+07  0.8268E+06   0.000      0.2026E+07   0.000       553.5       0.000    
   11500  0.2875      0.2500E-04 SH_3N          1  -0.0%  0.1200E+07  0.8361E+06   0.000      0.2036E+07   0.000       553.5       0.000    
   11600  0.2900      0.2500E-04 SH_3N          2  -0.0%  0.1200E+07  0.8453E+06   0.000      0.2045E+07   0.000       553.5       0.000    
     ANIMATION FILE: A06_MONO_L500A030 WRITTEN
   11700  0.2925      0.2500E-04 SH_3N          1  -0.0%  0.1200E+07  0.8545E+06   0.000      0.2054E+07   0.000       553.5       0.000    
   11800  0.2950      0.2500E-04 SH_3N          2  -0.0%  0.1200E+07  0.8636E+06   0.000      0.2063E+07   0.000       553.5       0.000    
   11900  0.2975      0.2500E-04 SH_3N          1  -0.0%  0.1200E+07  0.8727E+06   0.000      0.2072E+07   0.000       553.5       0.000    
   12000  0.3000      0.2500E-04 SH_3N          1  -0.0%  0.1200E+07  0.8817E+06   0.000      0.2081E+07   0.000       553.5       0.000    
     ANIMATION FILE: A06_MONO_L500A031 WRITTEN
   12100  0.3025      0.2500E-04 SH_3N          2  -0.0%  0.1200E+07  0.8907E+06   0.000      0.2090E+07   0.000       553.5       0.000    
   12200  0.3050      0.2500E-04 SH_3N          1  -0.0%  0.1200E+07  0.8997E+06   0.000      0.2099E+07   0.000       553.5       0.000    
   12300  0.3075      0.2500E-04 SH_3N          2  -0.0%  0.1200E+07  0.9086E+06   0.000      0.2108E+07   0.000       553.5       0.000    
   12400  0.3100      0.2500E-04 SH_3N          1  -0.0%  0.1200E+07  0.9174E+06   0.000      0.2117E+07   0.000       553.5       0.000    
     ANIMATION FILE: A06_MONO_L500A032 WRITTEN
   12500  0.3125      0.2500E-04 SH_3N          2  -0.0%  0.1200E+07  0.9262E+06   0.000      0.2126E+07   0.000       553.5       0.000    
   12600  0.3150      0.2500E-04 SH_3N          1  -0.0%  0.1200E+07  0.9349E+06   0.000      0.2135E+07   0.000       553.5       0.000    
   12700  0.3175      0.2500E-04 SH_3N          2  -0.0%  0.1200E+07  0.9436E+06   0.000      0.2143E+07   0.000       553.5       0.000    
   12800  0.3200      0.2500E-04 SH_3N          1  -0.0%  0.1200E+07  0.9522E+06   0.000      0.2152E+07   0.000       553.5       0.000    
     ANIMATION FILE: A06_MONO_L500A033 WRITTEN
   12900  0.3225      0.2500E-04 SH_3N          1  -0.0%  0.1200E+07  0.9607E+06   0.000      0.2161E+07   0.000       553.5       0.000    
   13000  0.3250      0.2500E-04 SH_3N          1  -0.0%  0.1200E+07  0.9692E+06   0.000      0.2169E+07   0.000       553.5       0.000    
   13100  0.3275      0.2500E-04 SH_3N          1  -0.0%  0.1200E+07  0.9776E+06   0.000      0.2178E+07   0.000       553.5       0.000    
   13200  0.3300      0.2500E-04 SH_3N          1  -0.0%  0.1200E+07  0.9859E+06   0.000      0.2186E+07   0.000       553.5       0.000    
     ANIMATION FILE: A06_MONO_L500A034 WRITTEN
   13300  0.3325      0.2500E-04 SH_3N          2  -0.0%  0.1200E+07  0.9942E+06   0.000      0.2194E+07   0.000       553.5       0.000    
   13400  0.3350      0.2500E-04 SH_3N          1  -0.0%  0.1200E+07  0.1002E+07   0.000      0.2203E+07   0.000       553.5       0.000    
   13500  0.3375      0.2500E-04 SH_3N          1  -0.0%  0.1200E+07  0.1011E+07   0.000      0.2211E+07   0.000       553.5       0.000    
   13600  0.3400      0.2500E-04 SH_3N          1  -0.0%  0.1200E+07  0.1019E+07   0.000      0.2219E+07   0.000       553.5       0.000    
     ANIMATION FILE: A06_MONO_L500A035 WRITTEN
   13700  0.3425      0.2500E-04 SH_3N          2  -0.0%  0.1200E+07  0.1027E+07   0.000      0.2227E+07   0.000       553.5       0.000    
   13800  0.3450      0.2500E-04 SH_3N          1  -0.0%  0.1200E+07  0.1035E+07   0.000      0.2235E+07   0.000       553.5       0.000    
   13900  0.3475      0.2500E-04 SH_3N          1  -0.0%  0.1200E+07  0.1042E+07   0.000      0.2243E+07   0.000       553.5       0.000    
   14000  0.3500      0.2500E-04 SH_3N          1  -0.0%  0.1200E+07  0.1050E+07   0.000      0.2250E+07   0.000       553.5       0.000    
     ANIMATION FILE: A06_MONO_L500A036 WRITTEN
   14100  0.3525      0.2500E-04 SH_3N          1  -0.0%  0.1200E+07  0.1058E+07   0.000      0.2258E+07   0.000       553.5       0.000    
   14200  0.3550      0.2500E-04 SH_3N          2  -0.0%  0.1200E+07  0.1065E+07   0.000      0.2266E+07   0.000       553.5       0.000    
   14300  0.3575      0.2500E-04 SH_3N          2  -0.0%  0.1200E+07  0.1073E+07   0.000      0.2273E+07   0.000       553.5       0.000    
   14400  0.3600      0.2500E-04 SH_3N          1  -0.0%  0.1200E+07  0.1080E+07   0.000      0.2281E+07   0.000       553.5       0.000    
     ANIMATION FILE: A06_MONO_L500A037 WRITTEN
   14500  0.3625      0.2500E-04 SH_3N          1  -0.0%  0.1201E+07  0.1088E+07   0.000      0.2288E+07   0.000       553.5       0.000    
   14600  0.3650      0.2500E-04 SH_3N          1  -0.0%  0.1201E+07  0.1095E+07   0.000      0.2296E+07   0.000       553.5       0.000    
   14700  0.3675      0.2500E-04 SH_3N          1  -0.0%  0.1201E+07  0.1102E+07   0.000      0.2303E+07   0.000       553.5       0.000    
   14800  0.3700      0.2500E-04 SH_3N          1  -0.0%  0.1201E+07  0.1109E+07   0.000      0.2310E+07   0.000       553.5       0.000    
     ANIMATION FILE: A06_MONO_L500A038 WRITTEN
   14900  0.3725      0.2500E-04 SH_3N          1  -0.0%  0.1201E+07  0.1116E+07   0.000      0.2317E+07   0.000       553.5       0.000    
   15000  0.3750      0.2500E-04 SH_3N          1  -0.0%  0.1201E+07  0.1123E+07   0.000      0.2324E+07   0.000       553.5       0.000    
   15100  0.3775      0.2500E-04 SH_3N          2  -0.0%  0.1201E+07  0.1130E+07   0.000      0.2331E+07   0.000       553.5       0.000    
   15200  0.3800      0.2500E-04 SH_3N          2  -0.0%  0.1201E+07  0.1137E+07   0.000      0.2338E+07   0.000       553.5       0.000    
     ANIMATION FILE: A06_MONO_L500A039 WRITTEN
   15300  0.3825      0.2500E-04 SH_3N          1  -0.0%  0.1201E+07  0.1143E+07   0.000      0.2344E+07   0.000       553.5       0.000    
   15400  0.3850      0.2500E-04 SH_3N          1  -0.0%  0.1201E+07  0.1150E+07   0.000      0.2351E+07   0.000       553.5       0.000    
   15500  0.3875      0.2500E-04 SH_3N          1  -0.0%  0.1201E+07  0.1156E+07   0.000      0.2357E+07   0.000       553.5       0.000    
   15600  0.3900      0.2500E-04 SH_3N          2  -0.0%  0.1201E+07  0.1163E+07   0.000      0.2364E+07   0.000       553.5       0.000    
     ANIMATION FILE: A06_MONO_L500A040 WRITTEN
   15700  0.3925      0.2500E-04 SH_3N          1  -0.0%  0.1201E+07  0.1169E+07   0.000      0.2370E+07   0.000       553.5       0.000    
   15800  0.3950      0.2500E-04 SH_3N          2  -0.0%  0.1201E+07  0.1175E+07   0.000      0.2376E+07   0.000       553.5       0.000    
   15900  0.3975      0.2500E-04 SH_3N          1  -0.0%  0.1201E+07  0.1181E+07   0.000      0.2382E+07   0.000       553.5       0.000    
   16000  0.4000      0.2500E-04 SH_3N          1  -0.0%  0.1201E+07  0.1187E+07   0.000      0.2388E+07   0.000       553.5       0.000    
     ANIMATION FILE: A06_MONO_L500A041 WRITTEN
   16100  0.4025      0.2500E-04 SH_3N          1  -0.0%  0.1201E+07  0.1193E+07   0.000      0.2394E+07   0.000       553.5       0.000    
   16200  0.4050      0.2500E-04 SH_3N          1  -0.0%  0.1201E+07  0.1199E+07   0.000      0.2400E+07   0.000       553.5       0.000    
   16300  0.4075      0.2500E-04 SH_3N          1  -0.0%  0.1201E+07  0.1204E+07   0.000      0.2406E+07   0.000       553.5       0.000    
   16400  0.4100      0.2500E-04 SH_3N          2  -0.0%  0.1201E+07  0.1210E+07   0.000      0.2411E+07   0.000       553.5       0.000    
     ANIMATION FILE: A06_MONO_L500A042 WRITTEN
   16500  0.4125      0.2500E-04 SH_3N          1  -0.0%  0.1201E+07  0.1215E+07   0.000      0.2417E+07   0.000       553.5       0.000    
   16600  0.4150      0.2500E-04 SH_3N          1  -0.0%  0.1202E+07  0.1221E+07   0.000      0.2422E+07   0.000       553.5       0.000    
   16700  0.4175      0.2500E-04 SH_3N          1  -0.0%  0.1202E+07  0.1226E+07   0.000      0.2428E+07   0.000       553.5       0.000    
   16800  0.4200      0.2500E-04 SH_3N          1  -0.0%  0.1202E+07  0.1231E+07   0.000      0.2433E+07   0.000       553.5       0.000    
     ANIMATION FILE: A06_MONO_L500A043 WRITTEN
   16900  0.4225      0.2500E-04 SH_3N          1  -0.0%  0.1202E+07  0.1236E+07   0.000      0.2438E+07   0.000       553.5       0.000    
   17000  0.4250      0.2500E-04 SH_3N          1  -0.0%  0.1202E+07  0.1241E+07   0.000      0.2443E+07   0.000       553.5       0.000    
   17100  0.4275      0.2500E-04 SH_3N          1  -0.0%  0.1202E+07  0.1246E+07   0.000      0.2448E+07   0.000       553.5       0.000    
   17200  0.4300      0.2500E-04 SH_3N          2  -0.0%  0.1202E+07  0.1250E+07   0.000      0.2452E+07   0.000       553.5       0.000    
     ANIMATION FILE: A06_MONO_L500A044 WRITTEN
   17300  0.4325      0.2500E-04 SH_3N          1  -0.0%  0.1202E+07  0.1255E+07   0.000      0.2457E+07   0.000       553.5       0.000    
   17400  0.4350      0.2500E-04 SH_3N          2  -0.0%  0.1202E+07  0.1259E+07   0.000      0.2461E+07   0.000       553.5       0.000    
   17500  0.4375      0.2500E-04 SH_3N          1  -0.0%  0.1202E+07  0.1264E+07   0.000      0.2466E+07   0.000       553.5       0.000    
   17600  0.4400      0.2500E-04 SH_3N          2  -0.0%  0.1202E+07  0.1268E+07   0.000      0.2470E+07   0.000       553.5       0.000    
     ANIMATION FILE: A06_MONO_L500A045 WRITTEN
   17700  0.4425      0.2500E-04 SH_3N          2  -0.0%  0.1202E+07  0.1272E+07   0.000      0.2474E+07   0.000       553.5       0.000    
   17800  0.4450      0.2500E-04 SH_3N          2  -0.0%  0.1202E+07  0.1276E+07   0.000      0.2478E+07   0.000       553.5       0.000    
   17900  0.4475      0.2500E-04 SH_3N          1  -0.0%  0.1202E+07  0.1280E+07   0.000      0.2482E+07   0.000       553.5       0.000    
   18000  0.4500      0.2500E-04 SH_3N          1  -0.0%  0.1202E+07  0.1283E+07   0.000      0.2486E+07   0.000       553.5       0.000    
     ANIMATION FILE: A06_MONO_L500A046 WRITTEN
   18100  0.4525      0.2500E-04 SH_3N          1  -0.0%  0.1202E+07  0.1287E+07   0.000      0.2489E+07   0.000       553.5       0.000    
   18200  0.4550      0.2500E-04 SH_3N          1  -0.0%  0.1202E+07  0.1291E+07   0.000      0.2493E+07   0.000       553.5       0.000    
   18300  0.4575      0.2500E-04 SH_3N          2  -0.0%  0.1202E+07  0.1294E+07   0.000      0.2496E+07   0.000       553.5       0.000    
   18400  0.4600      0.2500E-04 SH_3N          1  -0.0%  0.1203E+07  0.1297E+07   0.000      0.2500E+07   0.000       553.5       0.000    
     ANIMATION FILE: A06_MONO_L500A047 WRITTEN
   18500  0.4625      0.2500E-04 SH_3N          1  -0.0%  0.1203E+07  0.1300E+07   0.000      0.2503E+07   0.000       553.5       0.000    
   18600  0.4650      0.2500E-04 SH_3N          2  -0.0%  0.1203E+07  0.1303E+07   0.000      0.2506E+07   0.000       553.5       0.000    
   18700  0.4675      0.2500E-04 SH_3N          1  -0.0%  0.1203E+07  0.1306E+07   0.000      0.2509E+07   0.000       553.5       0.000    
   18800  0.4700      0.2500E-04 SH_3N          1  -0.0%  0.1203E+07  0.1309E+07   0.000      0.2512E+07   0.000       553.5       0.000    
     ANIMATION FILE: A06_MONO_L500A048 WRITTEN
   18900  0.4725      0.2500E-04 SH_3N          2  -0.0%  0.1203E+07  0.1311E+07   0.000      0.2514E+07   0.000       553.5       0.000    
   19000  0.4750      0.2500E-04 SH_3N          1  -0.0%  0.1203E+07  0.1314E+07   0.000      0.2517E+07   0.000       553.5       0.000    
   19100  0.4775      0.2500E-04 SH_3N          1  -0.0%  0.1203E+07  0.1316E+07   0.000      0.2519E+07   0.000       553.5       0.000    
   19200  0.4800      0.2500E-04 SH_3N          1  -0.0%  0.1203E+07  0.1319E+07   0.000      0.2522E+07   0.000       553.5       0.000    
     ANIMATION FILE: A06_MONO_L500A049 WRITTEN
   19300  0.4825      0.2500E-04 SH_3N          1  -0.0%  0.1203E+07  0.1321E+07   0.000      0.2524E+07   0.000       553.5       0.000    
   19400  0.4850      0.2500E-04 SH_3N          1  -0.0%  0.1203E+07  0.1323E+07   0.000      0.2526E+07   0.000       553.5       0.000    
   19500  0.4875      0.2500E-04 SH_3N          1  -0.0%  0.1203E+07  0.1324E+07   0.000      0.2528E+07   0.000       553.5       0.000    
   19600  0.4900      0.2500E-04 SH_3N          1  -0.0%  0.1203E+07  0.1326E+07   0.000      0.2529E+07   0.000       553.5       0.000    
     ANIMATION FILE: A06_MONO_L500A050 WRITTEN
   19700  0.4925      0.2500E-04 SH_3N          1  -0.0%  0.1203E+07  0.1328E+07   0.000      0.2531E+07   0.000       553.5       0.000    
   19800  0.4950      0.2500E-04 SH_3N          2  -0.0%  0.1203E+07  0.1329E+07   0.000      0.2533E+07   0.000       553.5       0.000    
   19900  0.4975      0.2500E-04 SH_3N          1  -0.0%  0.1204E+07  0.1331E+07   0.000      0.2534E+07   0.000       553.5       0.000    
   CYCLE    TIME      TIME-STEP  ELEMENT          ERROR  I-ENERGY    K-ENERGY T  K-ENERGY R  EXT-WORK     MAS.ERR     TOTAL MASS  MASS ADDED
   20000  0.5000      0.2500E-04 SH_3N          1  -0.0%  0.1204E+07  0.1332E+07   0.000      0.2535E+07   0.000       553.5       0.000    
     ANIMATION FILE: A06_MONO_L500A051 WRITTEN
   20100  0.5025      0.2500E-04 SH_3N          2  -0.0%  0.1204E+07  0.1333E+07   0.000      0.2536E+07   0.000       553.5       0.000    
   20200  0.5050      0.2500E-04 SH_3N          2  -0.0%  0.1204E+07  0.1334E+07   0.000      0.2537E+07   0.000       553.5       0.000    
   20300  0.5075      0.2500E-04 SH_3N          2  -0.0%  0.1204E+07  0.1334E+07   0.000      0.2538E+07   0.000       553.5       0.000    
   20400  0.5100      0.2500E-04 SH_3N          2  -0.0%  0.1204E+07  0.1335E+07   0.000      0.2539E+07   0.000       553.5       0.000    
     ANIMATION FILE: A06_MONO_L500A052 WRITTEN
   20500  0.5125      0.2500E-04 SH_3N          2  -0.0%  0.1204E+07  0.1336E+07   0.000      0.2540E+07   0.000       553.5       0.000    
   20600  0.5150      0.2500E-04 SH_3N          2  -0.0%  0.1204E+07  0.1336E+07   0.000      0.2540E+07   0.000       553.5       0.000    
   20700  0.5175      0.2500E-04 SH_3N          1  -0.0%  0.1204E+07  0.1336E+07   0.000      0.2540E+07   0.000       553.5       0.000    
   20800  0.5200      0.2500E-04 SH_3N          2  -0.0%  0.1204E+07  0.1336E+07   0.000      0.2541E+07   0.000       553.5       0.000    
     ANIMATION FILE: A06_MONO_L500A053 WRITTEN
   20900  0.5225      0.2500E-04 SH_3N          1  -0.0%  0.1204E+07  0.1336E+07   0.000      0.2541E+07   0.000       553.5       0.000    
   21000  0.5250      0.2500E-04 SH_3N          2  -0.0%  0.1204E+07  0.1336E+07   0.000      0.2541E+07   0.000       553.5       0.000    
   21100  0.5275      0.2500E-04 SH_3N          2  -0.0%  0.1204E+07  0.1336E+07   0.000      0.2540E+07   0.000       553.5       0.000    
   21200  0.5300      0.2500E-04 SH_3N          1  -0.0%  0.1204E+07  0.1336E+07   0.000      0.2540E+07   0.000       553.5       0.000    
     ANIMATION FILE: A06_MONO_L500A054 WRITTEN
   21300  0.5325      0.2500E-04 SH_3N          1  -0.0%  0.1205E+07  0.1335E+07   0.000      0.2540E+07   0.000       553.5       0.000    
   21400  0.5350      0.2500E-04 SH_3N          1  -0.0%  0.1205E+07  0.1334E+07   0.000      0.2539E+07   0.000       553.5       0.000    
   21500  0.5375      0.2500E-04 SH_3N          1  -0.0%  0.1205E+07  0.1334E+07   0.000      0.2538E+07   0.000       553.5       0.000    
   21600  0.5400      0.2500E-04 SH_3N          2  -0.0%  0.1205E+07  0.1333E+07   0.000      0.2537E+07   0.000       553.5       0.000    
     ANIMATION FILE: A06_MONO_L500A055 WRITTEN
   21700  0.5425      0.2500E-04 SH_3N          1  -0.0%  0.1205E+07  0.1331E+07   0.000      0.2536E+07   0.000       553.5       0.000    
   21800  0.5450      0.2500E-04 SH_3N          2  -0.0%  0.1205E+07  0.1330E+07   0.000      0.2535E+07   0.000       553.5       0.000    
   21900  0.5475      0.2500E-04 SH_3N          2  -0.0%  0.1205E+07  0.1329E+07   0.000      0.2534E+07   0.000       553.5       0.000    
   22000  0.5500      0.2500E-04 SH_3N          2  -0.0%  0.1205E+07  0.1327E+07   0.000      0.2532E+07   0.000       553.5       0.000    
     ANIMATION FILE: A06_MONO_L500A056 WRITTEN
   22100  0.5525      0.2500E-04 SH_3N          1  -0.0%  0.1205E+07  0.1326E+07   0.000      0.2531E+07   0.000       553.5       0.000    
   22200  0.5550      0.2500E-04 SH_3N          1  -0.0%  0.1205E+07  0.1324E+07   0.000      0.2529E+07   0.000       553.5       0.000    
   22300  0.5575      0.2500E-04 SH_3N          1  -0.0%  0.1205E+07  0.1322E+07   0.000      0.2527E+07   0.000       553.5       0.000    
   22400  0.5600      0.2500E-04 SH_3N          1  -0.0%  0.1205E+07  0.1320E+07   0.000      0.2525E+07   0.000       553.5       0.000    
     ANIMATION FILE: A06_MONO_L500A057 WRITTEN
   22500  0.5625      0.2500E-04 SH_3N          1  -0.0%  0.1205E+07  0.1318E+07   0.000      0.2523E+07   0.000       553.5       0.000    
   22600  0.5650      0.2500E-04 SH_3N          1  -0.0%  0.1206E+07  0.1315E+07   0.000      0.2521E+07   0.000       553.5       0.000    
   22700  0.5675      0.2500E-04 SH_3N          1  -0.0%  0.1206E+07  0.1313E+07   0.000      0.2519E+07   0.000       553.5       0.000    
   22800  0.5700      0.2500E-04 SH_3N          1  -0.0%  0.1206E+07  0.1310E+07   0.000      0.2516E+07   0.000       553.5       0.000    
     ANIMATION FILE: A06_MONO_L500A058 WRITTEN
   22900  0.5725      0.2500E-04 SH_3N          2  -0.0%  0.1206E+07  0.1308E+07   0.000      0.2513E+07   0.000       553.5       0.000    
   23000  0.5750      0.2500E-04 SH_3N          2  -0.0%  0.1206E+07  0.1305E+07   0.000      0.2511E+07   0.000       553.5       0.000    
   23100  0.5775      0.2500E-04 SH_3N          1  -0.0%  0.1206E+07  0.1302E+07   0.000      0.2508E+07   0.000       553.5       0.000    
   23200  0.5800      0.2500E-04 SH_3N          1  -0.0%  0.1206E+07  0.1299E+07   0.000      0.2505E+07   0.000       553.5       0.000    
     ANIMATION FILE: A06_MONO_L500A059 WRITTEN
   23300  0.5825      0.2500E-04 SH_3N          1  -0.0%  0.1206E+07  0.1295E+07   0.000      0.2502E+07   0.000       553.5       0.000    
   23400  0.5850      0.2500E-04 SH_3N          1  -0.0%  0.1206E+07  0.1292E+07   0.000      0.2498E+07   0.000       553.5       0.000    
   23500  0.5875      0.2500E-04 SH_3N          2  -0.0%  0.1206E+07  0.1289E+07   0.000      0.2495E+07   0.000       553.5       0.000    
   23600  0.5900      0.2500E-04 SH_3N          1  -0.0%  0.1206E+07  0.1285E+07   0.000      0.2491E+07   0.000       553.5       0.000    
     ANIMATION FILE: A06_MONO_L500A060 WRITTEN
   23700  0.5925      0.2500E-04 SH_3N          1  -0.0%  0.1206E+07  0.1281E+07   0.000      0.2487E+07   0.000       553.5       0.000    
   23800  0.5950      0.2500E-04 SH_3N          1  -0.0%  0.1207E+07  0.1277E+07   0.000      0.2484E+07   0.000       553.5       0.000    
   23900  0.5975      0.2500E-04 SH_3N          2  -0.0%  0.1207E+07  0.1273E+07   0.000      0.2480E+07   0.000       553.5       0.000    
   24000  0.6000      0.2500E-04 SH_3N          1  -0.0%  0.1207E+07  0.1269E+07   0.000      0.2476E+07   0.000       553.5       0.000    
     ANIMATION FILE: A06_MONO_L500A061 WRITTEN
   24100  0.6025      0.2500E-04 SH_3N          1  -0.0%  0.1207E+07  0.1265E+07   0.000      0.2471E+07   0.000       553.5       0.000    
   24200  0.6050      0.2500E-04 SH_3N          1  -0.0%  0.1207E+07  0.1260E+07   0.000      0.2467E+07   0.000       553.5       0.000    
   24300  0.6075      0.2500E-04 SH_3N          1  -0.0%  0.1207E+07  0.1256E+07   0.000      0.2462E+07   0.000       553.5       0.000    
   24400  0.6100      0.2500E-04 SH_3N          1  -0.0%  0.1207E+07  0.1251E+07   0.000      0.2458E+07   0.000       553.5       0.000    
     ANIMATION FILE: A06_MONO_L500A062 WRITTEN
   24500  0.6125      0.2500E-04 SH_3N          1  -0.0%  0.1207E+07  0.1246E+07   0.000      0.2453E+07   0.000       553.5       0.000    
   24600  0.6150      0.2500E-04 SH_3N          1  -0.0%  0.1207E+07  0.1241E+07   0.000      0.2448E+07   0.000       553.5       0.000    
   24700  0.6175      0.2500E-04 SH_3N          1  -0.0%  0.1207E+07  0.1236E+07   0.000      0.2443E+07   0.000       553.5       0.000    
   24800  0.6200      0.2500E-04 SH_3N          1  -0.0%  0.1207E+07  0.1231E+07   0.000      0.2438E+07   0.000       553.5       0.000    
     ANIMATION FILE: A06_MONO_L500A063 WRITTEN
   24900  0.6225      0.2500E-04 SH_3N          2  -0.0%  0.1207E+07  0.1225E+07   0.000      0.2433E+07   0.000       553.5       0.000    
   25000  0.6250      0.2500E-04 SH_3N          1  -0.0%  0.1208E+07  0.1220E+07   0.000      0.2427E+07   0.000       553.5       0.000    
   25100  0.6275      0.2500E-04 SH_3N          1  -0.0%  0.1208E+07  0.1214E+07   0.000      0.2422E+07   0.000       553.5       0.000    
   25200  0.6300      0.2500E-04 SH_3N          2  -0.0%  0.1208E+07  0.1209E+07   0.000      0.2416E+07   0.000       553.5       0.000    
     ANIMATION FILE: A06_MONO_L500A064 WRITTEN
   25300  0.6325      0.2500E-04 SH_3N          1  -0.0%  0.1208E+07  0.1203E+07   0.000      0.2410E+07   0.000       553.5       0.000    
   25400  0.6350      0.2500E-04 SH_3N          1  -0.0%  0.1208E+07  0.1197E+07   0.000      0.2405E+07   0.000       553.5       0.000    
   25500  0.6375      0.2500E-04 SH_3N          1  -0.0%  0.1208E+07  0.1191E+07   0.000      0.2399E+07   0.000       553.5       0.000    
   25600  0.6400      0.2500E-04 SH_3N          1  -0.0%  0.1208E+07  0.1184E+07   0.000      0.2392E+07   0.000       553.5       0.000    
     ANIMATION FILE: A06_MONO_L500A065 WRITTEN
   25700  0.6425      0.2500E-04 SH_3N          1  -0.0%  0.1208E+07  0.1178E+07   0.000      0.2386E+07   0.000       553.5       0.000    
   25800  0.6450      0.2500E-04 SH_3N          2  -0.0%  0.1208E+07  0.1172E+07   0.000      0.2380E+07   0.000       553.5       0.000    
   25900  0.6475      0.2500E-04 SH_3N          2  -0.0%  0.1208E+07  0.1165E+07   0.000      0.2373E+07   0.000       553.5       0.000    
   26000  0.6500      0.2500E-04 SH_3N          1  -0.0%  0.1208E+07  0.1158E+07   0.000      0.2367E+07   0.000       553.5       0.000    
     ANIMATION FILE: A06_MONO_L500A066 WRITTEN
   26100  0.6525      0.2500E-04 SH_3N          1  -0.0%  0.1208E+07  0.1152E+07   0.000      0.2360E+07   0.000       553.5       0.000    
   26200  0.6550      0.2500E-04 SH_3N          1  -0.0%  0.1209E+07  0.1145E+07   0.000      0.2353E+07   0.000       553.5       0.000    
   26300  0.6575      0.2500E-04 SH_3N          1  -0.0%  0.1209E+07  0.1138E+07   0.000      0.2346E+07   0.000       553.5       0.000    
   26400  0.6600      0.2500E-04 SH_3N          1  -0.0%  0.1209E+07  0.1130E+07   0.000      0.2339E+07   0.000       553.5       0.000    
     ANIMATION FILE: A06_MONO_L500A067 WRITTEN
   26500  0.6625      0.2500E-04 SH_3N          1  -0.0%  0.1209E+07  0.1123E+07   0.000      0.2332E+07   0.000       553.5       0.000    
   26600  0.6650      0.2500E-04 SH_3N          1  -0.0%  0.1209E+07  0.1116E+07   0.000      0.2325E+07   0.000       553.5       0.000    
   26700  0.6675      0.2500E-04 SH_3N          2  -0.0%  0.1209E+07  0.1108E+07   0.000      0.2317E+07   0.000       553.5       0.000    
   26800  0.6700      0.2500E-04 SH_3N          1  -0.0%  0.1209E+07  0.1101E+07   0.000      0.2310E+07   0.000       553.5       0.000    
     ANIMATION FILE: A06_MONO_L500A068 WRITTEN
   26900  0.6725      0.2500E-04 SH_3N          1  -0.0%  0.1209E+07  0.1093E+07   0.000      0.2302E+07   0.000       553.5       0.000    
   27000  0.6750      0.2500E-04 SH_3N          1  -0.0%  0.1209E+07  0.1085E+07   0.000      0.2295E+07   0.000       553.5       0.000    
   27100  0.6775      0.2500E-04 SH_3N          2  -0.0%  0.1209E+07  0.1077E+07   0.000      0.2287E+07   0.000       553.5       0.000    
   27200  0.6800      0.2500E-04 SH_3N          1  -0.0%  0.1209E+07  0.1069E+07   0.000      0.2279E+07   0.000       553.5       0.000    
     ANIMATION FILE: A06_MONO_L500A069 WRITTEN
   27300  0.6825      0.2500E-04 SH_3N          1  -0.0%  0.1210E+07  0.1061E+07   0.000      0.2271E+07   0.000       553.5       0.000    
   27400  0.6850      0.2500E-04 SH_3N          2  -0.0%  0.1210E+07  0.1053E+07   0.000      0.2263E+07   0.000       553.5       0.000    
   27500  0.6875      0.2500E-04 SH_3N          2  -0.0%  0.1210E+07  0.1045E+07   0.000      0.2254E+07   0.000       553.5       0.000    
   27600  0.6900      0.2500E-04 SH_3N          1  -0.0%  0.1210E+07  0.1036E+07   0.000      0.2246E+07   0.000       553.5       0.000    
     ANIMATION FILE: A06_MONO_L500A070 WRITTEN
   27700  0.6925      0.2500E-04 SH_3N          2  -0.0%  0.1210E+07  0.1028E+07   0.000      0.2238E+07   0.000       553.5       0.000    
   27800  0.6950      0.2500E-04 SH_3N          1  -0.0%  0.1210E+07  0.1019E+07   0.000      0.2229E+07   0.000       553.5       0.000    
   27900  0.6975      0.2500E-04 SH_3N          1  -0.0%  0.1210E+07  0.1011E+07   0.000      0.2221E+07   0.000       553.5       0.000    
   28000  0.7000      0.2500E-04 SH_3N          1  -0.0%  0.1210E+07  0.1002E+07   0.000      0.2212E+07   0.000       553.5       0.000    
     ANIMATION FILE: A06_MONO_L500A071 WRITTEN
   28100  0.7025      0.2500E-04 SH_3N          2  -0.0%  0.1210E+07  0.9929E+06   0.000      0.2203E+07   0.000       553.5       0.000    
   28200  0.7050      0.2500E-04 SH_3N          1  -0.0%  0.1210E+07  0.9839E+06   0.000      0.2194E+07   0.000       553.5       0.000    
   28300  0.7075      0.2500E-04 SH_3N          1  -0.0%  0.1210E+07  0.9749E+06   0.000      0.2185E+07   0.000       553.5       0.000    
   28400  0.7100      0.2500E-04 SH_3N          1  -0.0%  0.1210E+07  0.9657E+06   0.000      0.2176E+07   0.000       553.5       0.000    
     ANIMATION FILE: A06_MONO_L500A072 WRITTEN
   28500  0.7125      0.2500E-04 SH_3N          1  -0.0%  0.1211E+07  0.9565E+06   0.000      0.2167E+07   0.000       553.5       0.000    
   28600  0.7150      0.2500E-04 SH_3N          1  -0.0%  0.1211E+07  0.9472E+06   0.000      0.2158E+07   0.000       553.5       0.000    
   28700  0.7175      0.2500E-04 SH_3N          1  -0.0%  0.1211E+07  0.9378E+06   0.000      0.2149E+07   0.000       553.5       0.000    
   28800  0.7200      0.2500E-04 SH_3N          1  -0.0%  0.1211E+07  0.9284E+06   0.000      0.2139E+07   0.000       553.5       0.000    
     ANIMATION FILE: A06_MONO_L500A073 WRITTEN
   28900  0.7225      0.2500E-04 SH_3N          1  -0.0%  0.1211E+07  0.9188E+06   0.000      0.2130E+07   0.000       553.5       0.000    
   29000  0.7250      0.2500E-04 SH_3N          1  -0.0%  0.1211E+07  0.9092E+06   0.000      0.2120E+07   0.000       553.5       0.000    
   29100  0.7275      0.2500E-04 SH_3N          2  -0.0%  0.1211E+07  0.8996E+06   0.000      0.2111E+07   0.000       553.5       0.000    
   29200  0.7300      0.2500E-04 SH_3N          1  -0.0%  0.1211E+07  0.8898E+06   0.000      0.2101E+07   0.000       553.5       0.000    
     ANIMATION FILE: A06_MONO_L500A074 WRITTEN
   29300  0.7325      0.2500E-04 SH_3N          1  -0.0%  0.1211E+07  0.8800E+06   0.000      0.2091E+07   0.000       553.5       0.000    
   29400  0.7350      0.2500E-04 SH_3N          1  -0.0%  0.1211E+07  0.8701E+06   0.000      0.2081E+07   0.000       553.5       0.000    
   29500  0.7375      0.2500E-04 SH_3N          2  -0.0%  0.1211E+07  0.8601E+06   0.000      0.2072E+07   0.000       553.5       0.000    
   29600  0.7400      0.2500E-04 SH_3N          1  -0.0%  0.1211E+07  0.8501E+06   0.000      0.2062E+07   0.000       553.5       0.000    
     ANIMATION FILE: A06_MONO_L500A075 WRITTEN
   29700  0.7425      0.2500E-04 SH_3N          1  -0.0%  0.1212E+07  0.8400E+06   0.000      0.2052E+07   0.000       553.5       0.000    
   29800  0.7450      0.2500E-04 SH_3N          1  -0.0%  0.1212E+07  0.8299E+06   0.000      0.2042E+07   0.000       553.5       0.000    
   29900  0.7475      0.2500E-04 SH_3N          1  -0.0%  0.1212E+07  0.8197E+06   0.000      0.2031E+07   0.000       553.5       0.000    
   CYCLE    TIME      TIME-STEP  ELEMENT          ERROR  I-ENERGY    K-ENERGY T  K-ENERGY R  EXT-WORK     MAS.ERR     TOTAL MASS  MASS ADDED
   30000  0.7500      0.2500E-04 SH_3N          2  -0.0%  0.1212E+07  0.8094E+06   0.000      0.2021E+07   0.000       553.5       0.000    
     ANIMATION FILE: A06_MONO_L500A076 WRITTEN
   30100  0.7525      0.2500E-04 SH_3N          1  -0.0%  0.1212E+07  0.7991E+06   0.000      0.2011E+07   0.000       553.5       0.000    
   30200  0.7550      0.2500E-04 SH_3N          1  -0.0%  0.1212E+07  0.7888E+06   0.000      0.2001E+07   0.000       553.5       0.000    
   30300  0.7575      0.2500E-04 SH_3N          2  -0.0%  0.1212E+07  0.7784E+06   0.000      0.1990E+07   0.000       553.5       0.000    
   30400  0.7600      0.2500E-04 SH_3N          2  -0.0%  0.1212E+07  0.7679E+06   0.000      0.1980E+07   0.000       553.5       0.000    
     ANIMATION FILE: A06_MONO_L500A077 WRITTEN
   30500  0.7625      0.2500E-04 SH_3N          1  -0.0%  0.1212E+07  0.7574E+06   0.000      0.1970E+07   0.000       553.5       0.000    
   30600  0.7650      0.2500E-04 SH_3N          1  -0.0%  0.1212E+07  0.7469E+06   0.000      0.1959E+07   0.000       553.5       0.000    
   30700  0.7675      0.2500E-04 SH_3N          2  -0.0%  0.1212E+07  0.7363E+06   0.000      0.1949E+07   0.000       553.5       0.000    
   30800  0.7700      0.2500E-04 SH_3N          1  -0.0%  0.1212E+07  0.7257E+06   0.000      0.1938E+07   0.000       553.5       0.000    
     ANIMATION FILE: A06_MONO_L500A078 WRITTEN
   30900  0.7725      0.2500E-04 SH_3N          1  -0.0%  0.1213E+07  0.7151E+06   0.000      0.1928E+07   0.000       553.5       0.000    
   31000  0.7750      0.2500E-04 SH_3N          1  -0.0%  0.1213E+07  0.7044E+06   0.000      0.1917E+07   0.000       553.5       0.000    
   31100  0.7775      0.2500E-04 SH_3N          1  -0.0%  0.1213E+07  0.6937E+06   0.000      0.1906E+07   0.000       553.5       0.000    
   31200  0.7800      0.2500E-04 SH_3N          1  -0.0%  0.1213E+07  0.6830E+06   0.000      0.1896E+07   0.000       553.5       0.000    
     ANIMATION FILE: A06_MONO_L500A079 WRITTEN
   31300  0.7825      0.2500E-04 SH_3N          2  -0.0%  0.1213E+07  0.6722E+06   0.000      0.1885E+07   0.000       553.5       0.000    
   31400  0.7850      0.2500E-04 SH_3N          2  -0.0%  0.1213E+07  0.6614E+06   0.000      0.1874E+07   0.000       553.5       0.000    
   31500  0.7875      0.2500E-04 SH_3N          1  -0.0%  0.1213E+07  0.6506E+06   0.000      0.1864E+07   0.000       553.5       0.000    
   31600  0.7900      0.2500E-04 SH_3N          1  -0.0%  0.1213E+07  0.6398E+06   0.000      0.1853E+07   0.000       553.5       0.000    
     ANIMATION FILE: A06_MONO_L500A080 WRITTEN
   31700  0.7925      0.2500E-04 SH_3N          1  -0.0%  0.1213E+07  0.6290E+06   0.000      0.1842E+07   0.000       553.5       0.000    
   31800  0.7950      0.2500E-04 SH_3N          1  -0.0%  0.1213E+07  0.6181E+06   0.000      0.1831E+07   0.000       553.5       0.000    
   31900  0.7975      0.2500E-04 SH_3N          1  -0.0%  0.1213E+07  0.6073E+06   0.000      0.1821E+07   0.000       553.5       0.000    
   32000  0.8000      0.2500E-04 SH_3N          2  -0.0%  0.1213E+07  0.5964E+06   0.000      0.1810E+07   0.000       553.5       0.000    
     ANIMATION FILE: A06_MONO_L500A081 WRITTEN
   32100  0.8025      0.2500E-04 SH_3N          1  -0.0%  0.1213E+07  0.5856E+06   0.000      0.1799E+07   0.000       553.5       0.000    
   32200  0.8050      0.2500E-04 SH_3N          1  -0.0%  0.1214E+07  0.5747E+06   0.000      0.1788E+07   0.000       553.5       0.000    
   32300  0.8075      0.2500E-04 SH_3N          1  -0.0%  0.1214E+07  0.5638E+06   0.000      0.1777E+07   0.000       553.5       0.000    
   32400  0.8100      0.2500E-04 SH_3N          2  -0.0%  0.1214E+07  0.5530E+06   0.000      0.1767E+07   0.000       553.5       0.000    
     ANIMATION FILE: A06_MONO_L500A082 WRITTEN
   32500  0.8125      0.2500E-04 SH_3N          2  -0.0%  0.1214E+07  0.5422E+06   0.000      0.1756E+07   0.000       553.5       0.000    
   32600  0.8150      0.2500E-04 SH_3N          2  -0.0%  0.1214E+07  0.5313E+06   0.000      0.1745E+07   0.000       553.5       0.000    
   32700  0.8175      0.2500E-04 SH_3N          1  -0.0%  0.1214E+07  0.5205E+06   0.000      0.1734E+07   0.000       553.5       0.000    
   32800  0.8200      0.2500E-04 SH_3N          2  -0.0%  0.1214E+07  0.5097E+06   0.000      0.1724E+07   0.000       553.5       0.000    
     ANIMATION FILE: A06_MONO_L500A083 WRITTEN
   32900  0.8225      0.2500E-04 SH_3N          1  -0.0%  0.1214E+07  0.4989E+06   0.000      0.1713E+07   0.000       553.5       0.000    
   33000  0.8250      0.2500E-04 SH_3N          1  -0.0%  0.1214E+07  0.4881E+06   0.000      0.1702E+07   0.000       553.5       0.000    
   33100  0.8275      0.2500E-04 SH_3N          1  -0.0%  0.1214E+07  0.4774E+06   0.000      0.1692E+07   0.000       553.5       0.000    
   33200  0.8300      0.2500E-04 SH_3N          2  -0.0%  0.1214E+07  0.4667E+06   0.000      0.1681E+07   0.000       553.5       0.000    
     ANIMATION FILE: A06_MONO_L500A084 WRITTEN
   33300  0.8325      0.2500E-04 SH_3N          2  -0.0%  0.1214E+07  0.4560E+06   0.000      0.1670E+07   0.000       553.5       0.000    
   33400  0.8350      0.2500E-04 SH_3N          2  -0.0%  0.1214E+07  0.4454E+06   0.000      0.1660E+07   0.000       553.5       0.000    
   33500  0.8375      0.2500E-04 SH_3N          1  -0.0%  0.1214E+07  0.4348E+06   0.000      0.1649E+07   0.000       553.5       0.000    
   33600  0.8400      0.2500E-04 SH_3N          1  -0.0%  0.1214E+07  0.4242E+06   0.000      0.1639E+07   0.000       553.5       0.000    
     ANIMATION FILE: A06_MONO_L500A085 WRITTEN
   33700  0.8425      0.2500E-04 SH_3N          1  -0.0%  0.1215E+07  0.4137E+06   0.000      0.1628E+07   0.000       553.5       0.000    
   33800  0.8450      0.2500E-04 SH_3N          1  -0.0%  0.1215E+07  0.4032E+06   0.000      0.1618E+07   0.000       553.5       0.000    
   33900  0.8475      0.2500E-04 SH_3N          2  -0.0%  0.1215E+07  0.3928E+06   0.000      0.1607E+07   0.000       553.5       0.000    
   34000  0.8500      0.2500E-04 SH_3N          1  -0.0%  0.1215E+07  0.3825E+06   0.000      0.1597E+07   0.000       553.5       0.000    
     ANIMATION FILE: A06_MONO_L500A086 WRITTEN
   34100  0.8525      0.2500E-04 SH_3N          1  -0.0%  0.1215E+07  0.3722E+06   0.000      0.1587E+07   0.000       553.5       0.000    
   34200  0.8550      0.2500E-04 SH_3N          2  -0.0%  0.1215E+07  0.3619E+06   0.000      0.1577E+07   0.000       553.5       0.000    
   34300  0.8575      0.2500E-04 SH_3N          1  -0.0%  0.1215E+07  0.3517E+06   0.000      0.1567E+07   0.000       553.5       0.000    
   34400  0.8600      0.2500E-04 SH_3N          2  -0.0%  0.1215E+07  0.3416E+06   0.000      0.1557E+07   0.000       553.5       0.000    
     ANIMATION FILE: A06_MONO_L500A087 WRITTEN
   34500  0.8625      0.2500E-04 SH_3N          1  -0.0%  0.1215E+07  0.3316E+06   0.000      0.1547E+07   0.000       553.5       0.000    
   34600  0.8650      0.2500E-04 SH_3N          1  -0.0%  0.1215E+07  0.3216E+06   0.000      0.1537E+07   0.000       553.5       0.000    
   34700  0.8675      0.2500E-04 SH_3N          1  -0.0%  0.1215E+07  0.3117E+06   0.000      0.1527E+07   0.000       553.5       0.000    
   34800  0.8700      0.2500E-04 SH_3N          1  -0.0%  0.1215E+07  0.3019E+06   0.000      0.1517E+07   0.000       553.5       0.000    
     ANIMATION FILE: A06_MONO_L500A088 WRITTEN
   34900  0.8725      0.2500E-04 SH_3N          2  -0.0%  0.1215E+07  0.2922E+06   0.000      0.1507E+07   0.000       553.5       0.000    
   35000  0.8750      0.2500E-04 SH_3N          1  -0.0%  0.1215E+07  0.2826E+06   0.000      0.1498E+07   0.000       553.5       0.000    
   35100  0.8775      0.2500E-04 SH_3N          1  -0.0%  0.1215E+07  0.2731E+06   0.000      0.1488E+07   0.000       553.5       0.000    
   35200  0.8800      0.2500E-04 SH_3N          1  -0.0%  0.1215E+07  0.2636E+06   0.000      0.1479E+07   0.000       553.5       0.000    
     ANIMATION FILE: A06_MONO_L500A089 WRITTEN
   35300  0.8825      0.2500E-04 SH_3N          2  -0.0%  0.1215E+07  0.2543E+06   0.000      0.1470E+07   0.000       553.5       0.000    
   35400  0.8850      0.2500E-04 SH_3N          1  -0.0%  0.1215E+07  0.2450E+06   0.000      0.1461E+07   0.000       553.5       0.000    
   35500  0.8875      0.2500E-04 SH_3N          1  -0.0%  0.1216E+07  0.2359E+06   0.000      0.1451E+07   0.000       553.5       0.000    
   35600  0.8900      0.2500E-04 SH_3N          1  -0.0%  0.1216E+07  0.2269E+06   0.000      0.1442E+07   0.000       553.5       0.000    
     ANIMATION FILE: A06_MONO_L500A090 WRITTEN
   35700  0.8925      0.2500E-04 SH_3N          1  -0.0%  0.1216E+07  0.2180E+06   0.000      0.1434E+07   0.000       553.5       0.000    
   35800  0.8950      0.2500E-04 SH_3N          1  -0.0%  0.1216E+07  0.2092E+06   0.000      0.1425E+07   0.000       553.5       0.000    
   35900  0.8975      0.2500E-04 SH_3N          2  -0.0%  0.1216E+07  0.2005E+06   0.000      0.1416E+07   0.000       553.5       0.000    
   36000  0.9000      0.2500E-04 SH_3N          1  -0.0%  0.1216E+07  0.1920E+06   0.000      0.1408E+07   0.000       553.5       0.000    
     ANIMATION FILE: A06_MONO_L500A091 WRITTEN
   36100  0.9025      0.2500E-04 SH_3N          1  -0.0%  0.1216E+07  0.1836E+06   0.000      0.1399E+07   0.000       553.5       0.000    
   36200  0.9050      0.2500E-04 SH_3N          1  -0.0%  0.1216E+07  0.1753E+06   0.000      0.1391E+07   0.000       553.5       0.000    
   36300  0.9075      0.2500E-04 SH_3N          2  -0.0%  0.1216E+07  0.1672E+06   0.000      0.1383E+07   0.000       553.5       0.000    
   36400  0.9100      0.2500E-04 SH_3N          1  -0.0%  0.1216E+07  0.1592E+06   0.000      0.1375E+07   0.000       553.5       0.000    
     ANIMATION FILE: A06_MONO_L500A092 WRITTEN
   36500  0.9125      0.2500E-04 SH_3N          1  -0.0%  0.1216E+07  0.1513E+06   0.000      0.1367E+07   0.000       553.5       0.000    
   36600  0.9150      0.2500E-04 SH_3N          1  -0.0%  0.1216E+07  0.1436E+06   0.000      0.1360E+07   0.000       553.5       0.000    
   36700  0.9175      0.2500E-04 SH_3N          1  -0.0%  0.1216E+07  0.1361E+06   0.000      0.1352E+07   0.000       553.5       0.000    
   36800  0.9200      0.2500E-04 SH_3N          1  -0.0%  0.1216E+07  0.1287E+06   0.000      0.1345E+07   0.000       553.5       0.000    
     ANIMATION FILE: A06_MONO_L500A093 WRITTEN
   36900  0.9225      0.2500E-04 SH_3N          1  -0.0%  0.1216E+07  0.1215E+06   0.000      0.1338E+07   0.000       553.5       0.000    
   37000  0.9250      0.2500E-04 SH_3N          1  -0.0%  0.1216E+07  0.1144E+06   0.000      0.1331E+07   0.000       553.5       0.000    
   37100  0.9275      0.2500E-04 SH_3N          1  -0.0%  0.1216E+07  0.1075E+06   0.000      0.1324E+07   0.000       553.5       0.000    
   37200  0.9300      0.2500E-04 SH_3N          1  -0.0%  0.1216E+07  0.1008E+06   0.000      0.1317E+07   0.000       553.5       0.000    
     ANIMATION FILE: A06_MONO_L500A094 WRITTEN
   37300  0.9325      0.2500E-04 SH_3N          1  -0.0%  0.1216E+07  0.9423E+05   0.000      0.1310E+07   0.000       553.5       0.000    
   37400  0.9350      0.2500E-04 SH_3N          1  -0.0%  0.1216E+07  0.8786E+05   0.000      0.1304E+07   0.000       553.5       0.000    
   37500  0.9375      0.2500E-04 SH_3N          1  -0.0%  0.1216E+07  0.8169E+05   0.000      0.1298E+07   0.000       553.5       0.000    
   37600  0.9400      0.2500E-04 SH_3N          1  -0.0%  0.1216E+07  0.7570E+05   0.000      0.1292E+07   0.000       553.5       0.000    
     ANIMATION FILE: A06_MONO_L500A095 WRITTEN
   37700  0.9425      0.2500E-04 SH_3N          1  -0.0%  0.1216E+07  0.6991E+05   0.000      0.1286E+07   0.000       553.5       0.000    
   37800  0.9450      0.2500E-04 SH_3N          1  -0.0%  0.1216E+07  0.6431E+05   0.000      0.1281E+07   0.000       553.5       0.000    
   37900  0.9475      0.2500E-04 SH_3N          1  -0.0%  0.1216E+07  0.5892E+05   0.000      0.1275E+07   0.000       553.5       0.000    
   38000  0.9500      0.2500E-04 SH_3N          1  -0.0%  0.1216E+07  0.5373E+05   0.000      0.1270E+07   0.000       553.5       0.000    
     ANIMATION FILE: A06_MONO_L500A096 WRITTEN
   38100  0.9525      0.2500E-04 SH_3N          2  -0.0%  0.1216E+07  0.4876E+05   0.000      0.1265E+07   0.000       553.5       0.000    
   38200  0.9550      0.2500E-04 SH_3N          2  -0.0%  0.1216E+07  0.4399E+05   0.000      0.1260E+07   0.000       553.5       0.000    
   38300  0.9575      0.2500E-04 SH_3N          1  -0.0%  0.1217E+07  0.3945E+05   0.000      0.1256E+07   0.000       553.5       0.000    
   38400  0.9600      0.2500E-04 SH_3N          2  -0.0%  0.1217E+07  0.3514E+05   0.000      0.1252E+07   0.000       553.5       0.000    
     ANIMATION FILE: A06_MONO_L500A097 WRITTEN
   38500  0.9625      0.2500E-04 SH_3N          1  -0.0%  0.1217E+07  0.3105E+05   0.000      0.1248E+07   0.000       553.5       0.000    
   38600  0.9650      0.2500E-04 SH_3N          2  -0.0%  0.1217E+07  0.2719E+05   0.000      0.1244E+07   0.000       553.5       0.000    
   38700  0.9675      0.2500E-04 SH_3N          1  -0.0%  0.1217E+07  0.2357E+05   0.000      0.1240E+07   0.000       553.5       0.000    
   38800  0.9700      0.2500E-04 SH_3N          2  -0.0%  0.1217E+07  0.2019E+05   0.000      0.1237E+07   0.000       553.5       0.000    
     ANIMATION FILE: A06_MONO_L500A098 WRITTEN
   38900  0.9725      0.2500E-04 SH_3N          1  -0.0%  0.1217E+07  0.1705E+05   0.000      0.1234E+07   0.000       553.5       0.000    
   39000  0.9750      0.2500E-04 SH_3N          2  -0.0%  0.1217E+07  0.1417E+05   0.000      0.1231E+07   0.000       553.5       0.000    
   39100  0.9775      0.2500E-04 SH_3N          1  -0.0%  0.1217E+07  0.1153E+05   0.000      0.1228E+07   0.000       553.5       0.000    
   39200  0.9800      0.2500E-04 SH_3N          2  -0.0%  0.1217E+07   9161.       0.000      0.1226E+07   0.000       553.5       0.000    
     ANIMATION FILE: A06_MONO_L500A099 WRITTEN
   39300  0.9825      0.2500E-04 SH_3N          1  -0.0%  0.1217E+07   7050.       0.000      0.1224E+07   0.000       553.5       0.000    
   39400  0.9850      0.2500E-04 SH_3N          1  -0.0%  0.1217E+07   5206.       0.000      0.1222E+07   0.000       553.5       0.000    
   39500  0.9875      0.2500E-04 SH_3N          2  -0.0%  0.1217E+07   3634.       0.000      0.1220E+07   0.000       553.5       0.000    
   39600  0.9900      0.2500E-04 SH_3N          1  -0.0%  0.1217E+07   2338.       0.000      0.1219E+07   0.000       553.5       0.000    
     ANIMATION FILE: A06_MONO_L500A100 WRITTEN
   39700  0.9925      0.2500E-04 SH_3N          2  -0.0%  0.1217E+07   1322.       0.000      0.1218E+07   0.000       553.5       0.000    
   39800  0.9950      0.2500E-04 SH_3N          1  -0.0%  0.1217E+07   590.4       0.000      0.1217E+07   0.000       553.5       0.000    
   39900  0.9975      0.2500E-04 SH_3N          1  -0.0%  0.1217E+07   148.3       0.000      0.1217E+07   0.000       553.5       0.000    

     RESTART FILES: A06_MONO_L500_0001_[0001-0001].rst WRITTEN
     -------------

   CYCLE    TIME      TIME-STEP  ELEMENT          ERROR  I-ENERGY    K-ENERGY T  K-ENERGY R  EXT-WORK     MAS.ERR     TOTAL MASS  MASS ADDED
   40000   1.000      0.2500E-04 SH_3N          1  -0.0%  0.1217E+07  0.1491E-01   0.000      0.1217E+07   0.000       553.5       0.000    
     ANIMATION FILE: A06_MONO_L500A101 WRITTEN
  
                           ** CPU USER TIME **
  
  
                        ** SUMMARY **
  
 #PROC  ELEMENT   KINCOND   INTEG     IO        T0        ASM       RESOL    
   1   .1828E+01 .7188E+00 .5469E+00 .2641E+01 .8750E+00 .5312E+00 .8875E+01
  
 
                   ** CUMULATIVE CPU TIME SUMMARY **
  
 CONTACT SORTING.............: .0000E+00     0.00 % 
 CONTACT FORCES..............: .3125E-01     0.35 % 
 ELEMENT FORCES..............: .1828E+01    20.60 % 
 KINEMATIC COND..............: .7188E+00     8.10 % 
 INTEGRATION.................: .5469E+00     6.16 % 
 ASSEMBLING..................: .5312E+00     5.99 % 
 OTHERS (including I/O)......: .5219E+01    58.80 % 
 TOTAL.......................: .8875E+01   100.00 % 
  
  
                           ** ELAPSED TIME **
  
  
                        ** SUMMARY **
  
 #PROC  ELEMENT   KINCOND   INTEG     IO        T0        ASM       RESOL    
   1   .9947E+00 .2950E+00 .2958E+00 .1089E+01 .5648E+00 .2340E+00 .4434E+01
  
                   ** MEMORY USAGE STATISTICS **
  
 TOTAL MEMORY USED .........................:       49 MB
 MAXIMUM MEMORY PER PROCESSOR...............:       49 MB
 MINIMUM MEMORY PER PROCESSOR...............:       49 MB
 AVERAGE MEMORY PER PROCESSOR...............:       49 MB
  
                   ** DISK USAGE STATISTICS **
  
 TOTAL DISK SPACE USED .....................:          5 MB
 ANIMATION/H3D/TH/OUTP SIZE ................:          4 MB
 RESTART FILE SIZE .........................:          0 MB
  
                   ** COMPUTE TIME INFORMATION **
                        ** CURRENT ENGINE **
  
 EXECUTION STARTED .........................:      2026/10/05  19:04:21
 EXECUTION COMPLETED .......................:      2026/10/05  19:04:26
  
 ELAPSED TIME     =          4.47 s
                          0:00:04



     NORMAL TERMINATION      



     TOTAL NUMBER OF CYCLES  :   40001

  
                   ** COMPUTE RUNTIME INFORMATION SUMMARY **
  
        STARTER RUNTIME =          0.72s (00:00:00)
 # 001   ENGINE RUNTIME =          4.47s (00:00:04)
 ------------------------------ 
 STARTER+ENGINE RUNTIME =          5.18s (00:00:05)
  
