************************************************************************
**                                                                    **
**                                                                    **
**                         OpenRadioss Engine                         **
**                                                                    **
**            Non-linear Finite Element Analysis Software             **
**                                                                    **
**                                                                    **
**                                                                    **
**                  Windows 64 bits, Intel compiler                   **
**                      Double Precision Version                      **
**                                                                    **
**                                                                    **
**                                                                    **
************************************************************************
** OpenRadioss Software                                               **
** COPYRIGHT (C) 2026 Siemens                                         **
** Licensed under GNU Affero General Public License.                  **
** See License file.                                                  **
************************************************************************
 
 ROOT: I02F_AA2024_NOFAIL_H2_R3  RESTART: 0001
 NUMBER OF HMPP PROCESSES     1
 14/09/2026
 NC=       0 T= 0.0000E+00 DT= 3.0932E-04 ERR=  0.0% DM/M= 0.0000E+00
     ANIMATION FILE: I02F_AA2024_NOFAIL_H2_R3A001 WRITTEN
 NC=     100 T= 3.0933E-02 DT= 3.0933E-04 ERR=  0.0% DM/M= 0.0000E+00
 ELAPSED TIME=          0.04 s  REMAINING TIME=          9.98 s
 NC=     200 T= 6.1865E-02 DT= 3.0933E-04 ERR= -0.0% DM/M= 0.0000E+00
 ELAPSED TIME=          0.05 s  REMAINING TIME=          5.80 s
 NC=     300 T= 9.2798E-02 DT= 3.0933E-04 ERR= -0.0% DM/M= 0.0000E+00
 ELAPSED TIME=          0.05 s  REMAINING TIME=          4.40 s
 NC=     400 T= 1.2373E-01 DT= 3.0933E-04 ERR= -0.0% DM/M= 0.0000E+00
 ELAPSED TIME=          0.06 s  REMAINING TIME=          3.69 s
 NC=     500 T= 1.5466E-01 DT= 3.0933E-04 ERR= -0.0% DM/M= 0.0000E+00
 ELAPSED TIME=          0.06 s  REMAINING TIME=          3.27 s
 NC=     600 T= 1.8560E-01 DT= 3.0933E-04 ERR= -0.0% DM/M= 0.0000E+00
 ELAPSED TIME=          0.07 s  REMAINING TIME=          2.98 s
 NC=     700 T= 2.1653E-01 DT= 3.0934E-04 ERR= -0.0% DM/M= 0.0000E+00
 ELAPSED TIME=          0.08 s  REMAINING TIME=          2.78 s
 NC=     800 T= 2.4746E-01 DT= 3.0934E-04 ERR= -0.0% DM/M= 0.0000E+00
 ELAPSED TIME=          0.08 s  REMAINING TIME=          2.62 s
 NC=     900 T= 2.7840E-01 DT= 3.0934E-04 ERR= -0.0% DM/M= 0.0000E+00
 ELAPSED TIME=          0.09 s  REMAINING TIME=          2.50 s
 NC=    1000 T= 3.0933E-01 DT= 3.0935E-04 ERR= -0.0% DM/M= 0.0000E+00
 ELAPSED TIME=          0.10 s  REMAINING TIME=          2.40 s
 NC=    1100 T= 3.4027E-01 DT= 3.0935E-04 ERR= -0.0% DM/M= 0.0000E+00
 ELAPSED TIME=          0.10 s  REMAINING TIME=          2.32 s
 NC=    1200 T= 3.7120E-01 DT= 3.0936E-04 ERR= -0.0% DM/M= 0.0000E+00
 ELAPSED TIME=          0.11 s  REMAINING TIME=          2.25 s
     ANIMATION FILE: I02F_AA2024_NOFAIL_H2_R3A002 WRITTEN
 NC=    1300 T= 4.0214E-01 DT= 3.0936E-04 ERR= -0.0% DM/M= 0.0000E+00
 ELAPSED TIME=          0.12 s  REMAINING TIME=          2.20 s
 NC=    1400 T= 4.3308E-01 DT= 3.0937E-04 ERR= -0.0% DM/M= 0.0000E+00
 ELAPSED TIME=          0.12 s  REMAINING TIME=          2.15 s
 NC=    1500 T= 4.6401E-01 DT= 3.0938E-04 ERR= -0.0% DM/M= 0.0000E+00
 ELAPSED TIME=          0.13 s  REMAINING TIME=          2.10 s
 NC=    1600 T= 4.9495E-01 DT= 3.0938E-04 ERR= -0.0% DM/M= 0.0000E+00
 ELAPSED TIME=          0.14 s  REMAINING TIME=          2.06 s
 NC=    1700 T= 5.2589E-01 DT= 3.0939E-04 ERR= -0.0% DM/M= 0.0000E+00
 ELAPSED TIME=          0.14 s  REMAINING TIME=          2.02 s
 NC=    1800 T= 5.5683E-01 DT= 3.0940E-04 ERR= -0.0% DM/M= 0.0000E+00
 ELAPSED TIME=          0.15 s  REMAINING TIME=          1.98 s
 NC=    1900 T= 5.8777E-01 DT= 3.0941E-04 ERR= -0.0% DM/M= 0.0000E+00
 ELAPSED TIME=          0.15 s  REMAINING TIME=          1.95 s
 NC=    2000 T= 6.1871E-01 DT= 3.0942E-04 ERR= -0.0% DM/M= 0.0000E+00
 ELAPSED TIME=          0.16 s  REMAINING TIME=          1.92 s
 NC=    2100 T= 6.4965E-01 DT= 3.0943E-04 ERR= -0.0% DM/M= 0.0000E+00
 ELAPSED TIME=          0.17 s  REMAINING TIME=          1.89 s
 NC=    2200 T= 6.8060E-01 DT= 3.0944E-04 ERR= -0.0% DM/M= 0.0000E+00
 ELAPSED TIME=          0.17 s  REMAINING TIME=          1.87 s
 NC=    2300 T= 7.1154E-01 DT= 3.0945E-04 ERR= -0.0% DM/M= 0.0000E+00
 ELAPSED TIME=          0.18 s  REMAINING TIME=          1.85 s
 NC=    2400 T= 7.4249E-01 DT= 3.0946E-04 ERR= -0.0% DM/M= 0.0000E+00
 ELAPSED TIME=          0.19 s  REMAINING TIME=          1.82 s
 NC=    2500 T= 7.7343E-01 DT= 3.0947E-04 ERR= -0.0% DM/M= 0.0000E+00
 ELAPSED TIME=          0.19 s  REMAINING TIME=          1.80 s
     ANIMATION FILE: I02F_AA2024_NOFAIL_H2_R3A003 WRITTEN
 NC=    2600 T= 8.0438E-01 DT= 3.0948E-04 ERR= -0.0% DM/M= 0.0000E+00
 ELAPSED TIME=          0.20 s  REMAINING TIME=          1.79 s
 NC=    2700 T= 8.3533E-01 DT= 3.0949E-04 ERR= -0.0% DM/M= 0.0000E+00
 ELAPSED TIME=          0.21 s  REMAINING TIME=          1.77 s
 NC=    2800 T= 8.6628E-01 DT= 3.0950E-04 ERR= -0.0% DM/M= 0.0000E+00
 ELAPSED TIME=          0.21 s  REMAINING TIME=          1.75 s
 NC=    2900 T= 8.9723E-01 DT= 3.0951E-04 ERR= -0.0% DM/M= 0.0000E+00
 ELAPSED TIME=          0.22 s  REMAINING TIME=          1.73 s
 NC=    3000 T= 9.2818E-01 DT= 3.0953E-04 ERR= -0.0% DM/M= 0.0000E+00
 ELAPSED TIME=          0.23 s  REMAINING TIME=          1.72 s
 NC=    3100 T= 9.5913E-01 DT= 3.0954E-04 ERR= -0.0% DM/M= 0.0000E+00
 ELAPSED TIME=          0.23 s  REMAINING TIME=          1.70 s
 NC=    3200 T= 9.9009E-01 DT= 3.0955E-04 ERR= -0.0% DM/M= 0.0000E+00
 ELAPSED TIME=          0.24 s  REMAINING TIME=          1.69 s
 NC=    3300 T= 1.0210E+00 DT= 3.0957E-04 ERR= -0.0% DM/M= 0.0000E+00
 ELAPSED TIME=          0.24 s  REMAINING TIME=          1.67 s
 NC=    3400 T= 1.0520E+00 DT= 3.0958E-04 ERR= -0.0% DM/M= 0.0000E+00
 ELAPSED TIME=          0.25 s  REMAINING TIME=          1.66 s
 NC=    3500 T= 1.0830E+00 DT= 3.0959E-04 ERR= -0.0% DM/M= 0.0000E+00
 ELAPSED TIME=          0.26 s  REMAINING TIME=          1.64 s
 NC=    3600 T= 1.1139E+00 DT= 3.0961E-04 ERR= -0.0% DM/M= 0.0000E+00
 ELAPSED TIME=          0.26 s  REMAINING TIME=          1.63 s
 NC=    3700 T= 1.1449E+00 DT= 3.0962E-04 ERR= -0.0% DM/M= 0.0000E+00
 ELAPSED TIME=          0.27 s  REMAINING TIME=          1.62 s
 NC=    3800 T= 1.1758E+00 DT= 3.0964E-04 ERR= -0.0% DM/M= 0.0000E+00
 ELAPSED TIME=          0.28 s  REMAINING TIME=          1.60 s
     ANIMATION FILE: I02F_AA2024_NOFAIL_H2_R3A004 WRITTEN
 NC=    3900 T= 1.2068E+00 DT= 3.0965E-04 ERR= -0.0% DM/M= 0.0000E+00
 ELAPSED TIME=          0.28 s  REMAINING TIME=          1.60 s
 NC=    4000 T= 1.2378E+00 DT= 3.0967E-04 ERR= -0.0% DM/M= 0.0000E+00
 ELAPSED TIME=          0.29 s  REMAINING TIME=          1.59 s
 NC=    4100 T= 1.2687E+00 DT= 3.0968E-04 ERR= -0.0% DM/M= 0.0000E+00
 ELAPSED TIME=          0.30 s  REMAINING TIME=          1.57 s
 NC=    4200 T= 1.2997E+00 DT= 3.0970E-04 ERR= -0.0% DM/M= 0.0000E+00
 ELAPSED TIME=          0.30 s  REMAINING TIME=          1.56 s
 NC=    4300 T= 1.3307E+00 DT= 3.0972E-04 ERR= -0.0% DM/M= 0.0000E+00
 ELAPSED TIME=          0.31 s  REMAINING TIME=          1.55 s
 NC=    4400 T= 1.3617E+00 DT= 3.0973E-04 ERR= -0.0% DM/M= 0.0000E+00
 ELAPSED TIME=          0.32 s  REMAINING TIME=          1.54 s
 NC=    4500 T= 1.3926E+00 DT= 3.0975E-04 ERR= -0.0% DM/M= 0.0000E+00
 ELAPSED TIME=          0.32 s  REMAINING TIME=          1.53 s
 NC=    4600 T= 1.4236E+00 DT= 3.0977E-04 ERR= -0.0% DM/M= 0.0000E+00
 ELAPSED TIME=          0.33 s  REMAINING TIME=          1.52 s
 NC=    4700 T= 1.4546E+00 DT= 3.0979E-04 ERR= -0.0% DM/M= 0.0000E+00
 ELAPSED TIME=          0.34 s  REMAINING TIME=          1.51 s
 NC=    4800 T= 1.4856E+00 DT= 3.0980E-04 ERR= -0.0% DM/M= 0.0000E+00
 ELAPSED TIME=          0.34 s  REMAINING TIME=          1.50 s
 NC=    4900 T= 1.5165E+00 DT= 3.0982E-04 ERR= -0.0% DM/M= 0.0000E+00
 ELAPSED TIME=          0.35 s  REMAINING TIME=          1.49 s
 NC=    5000 T= 1.5475E+00 DT= 3.0984E-04 ERR= -0.0% DM/M= 0.0000E+00
 ELAPSED TIME=          0.35 s  REMAINING TIME=          1.48 s
 NC=    5100 T= 1.5785E+00 DT= 3.0986E-04 ERR= -0.0% DM/M= 0.0000E+00
 ELAPSED TIME=          0.36 s  REMAINING TIME=          1.47 s
     ANIMATION FILE: I02F_AA2024_NOFAIL_H2_R3A005 WRITTEN
 NC=    5200 T= 1.6095E+00 DT= 3.0988E-04 ERR= -0.0% DM/M= 0.0000E+00
 ELAPSED TIME=          0.37 s  REMAINING TIME=          1.46 s
 NC=    5300 T= 1.6405E+00 DT= 3.0990E-04 ERR= -0.0% DM/M= 0.0000E+00
 ELAPSED TIME=          0.38 s  REMAINING TIME=          1.45 s
 NC=    5400 T= 1.6715E+00 DT= 3.0992E-04 ERR= -0.0% DM/M= 0.0000E+00
 ELAPSED TIME=          0.38 s  REMAINING TIME=          1.44 s
 NC=    5500 T= 1.7025E+00 DT= 3.0993E-04 ERR= -0.0% DM/M= 0.0000E+00
 ELAPSED TIME=          0.39 s  REMAINING TIME=          1.44 s
 NC=    5600 T= 1.7335E+00 DT= 3.0995E-04 ERR= -0.0% DM/M= 0.0000E+00
 ELAPSED TIME=          0.39 s  REMAINING TIME=          1.43 s
 NC=    5700 T= 1.7645E+00 DT= 3.0997E-04 ERR= -0.0% DM/M= 0.0000E+00
 ELAPSED TIME=          0.40 s  REMAINING TIME=          1.42 s
 NC=    5800 T= 1.7955E+00 DT= 3.0999E-04 ERR= -0.0% DM/M= 0.0000E+00
 ELAPSED TIME=          0.41 s  REMAINING TIME=          1.41 s
 NC=    5900 T= 1.8265E+00 DT= 3.1001E-04 ERR= -0.0% DM/M= 0.0000E+00
 ELAPSED TIME=          0.41 s  REMAINING TIME=          1.40 s
 NC=    6000 T= 1.8575E+00 DT= 3.1003E-04 ERR= -0.0% DM/M= 0.0000E+00
 ELAPSED TIME=          0.42 s  REMAINING TIME=          1.39 s
 NC=    6100 T= 1.8885E+00 DT= 3.1005E-04 ERR= -0.0% DM/M= 0.0000E+00
 ELAPSED TIME=          0.43 s  REMAINING TIME=          1.38 s
 NC=    6200 T= 1.9195E+00 DT= 3.1008E-04 ERR= -0.0% DM/M= 0.0000E+00
 ELAPSED TIME=          0.43 s  REMAINING TIME=          1.37 s
 NC=    6300 T= 1.9505E+00 DT= 3.1010E-04 ERR= -0.0% DM/M= 0.0000E+00
 ELAPSED TIME=          0.44 s  REMAINING TIME=          1.36 s
 NC=    6400 T= 1.9815E+00 DT= 3.1012E-04 ERR= -0.0% DM/M= 0.0000E+00
 ELAPSED TIME=          0.45 s  REMAINING TIME=          1.35 s
     ANIMATION FILE: I02F_AA2024_NOFAIL_H2_R3A006 WRITTEN
 NC=    6500 T= 2.0125E+00 DT= 3.1014E-04 ERR= -0.0% DM/M= 0.0000E+00
 ELAPSED TIME=          0.45 s  REMAINING TIME=          1.35 s
 NC=    6600 T= 2.0435E+00 DT= 3.1016E-04 ERR= -0.0% DM/M= 0.0000E+00
 ELAPSED TIME=          0.46 s  REMAINING TIME=          1.34 s
 NC=    6700 T= 2.0745E+00 DT= 3.1018E-04 ERR= -0.0% DM/M= 0.0000E+00
 ELAPSED TIME=          0.47 s  REMAINING TIME=          1.33 s
 NC=    6800 T= 2.1056E+00 DT= 3.1020E-04 ERR= -0.0% DM/M= 0.0000E+00
 ELAPSED TIME=          0.47 s  REMAINING TIME=          1.32 s
 NC=    6900 T= 2.1366E+00 DT= 3.1022E-04 ERR= -0.0% DM/M= 0.0000E+00
 ELAPSED TIME=          0.48 s  REMAINING TIME=          1.31 s
 NC=    7000 T= 2.1676E+00 DT= 3.1025E-04 ERR= -0.0% DM/M= 0.0000E+00
 ELAPSED TIME=          0.49 s  REMAINING TIME=          1.31 s
 NC=    7100 T= 2.1986E+00 DT= 3.1027E-04 ERR= -0.0% DM/M= 0.0000E+00
 ELAPSED TIME=          0.49 s  REMAINING TIME=          1.30 s
 NC=    7200 T= 2.2297E+00 DT= 3.1029E-04 ERR= -0.0% DM/M= 0.0000E+00
 ELAPSED TIME=          0.50 s  REMAINING TIME=          1.29 s
 NC=    7300 T= 2.2607E+00 DT= 3.1031E-04 ERR= -0.0% DM/M= 0.0000E+00
 ELAPSED TIME=          0.50 s  REMAINING TIME=          1.28 s
 NC=    7400 T= 2.2917E+00 DT= 3.1033E-04 ERR= -0.0% DM/M= 0.0000E+00
 ELAPSED TIME=          0.51 s  REMAINING TIME=          1.27 s
 NC=    7500 T= 2.3228E+00 DT= 3.1036E-04 ERR= -0.0% DM/M= 0.0000E+00
 ELAPSED TIME=          0.52 s  REMAINING TIME=          1.26 s
 NC=    7600 T= 2.3538E+00 DT= 3.1038E-04 ERR= -0.0% DM/M= 0.0000E+00
 ELAPSED TIME=          0.52 s  REMAINING TIME=          1.26 s
 NC=    7700 T= 2.3848E+00 DT= 3.1040E-04 ERR= -0.0% DM/M= 0.0000E+00
 ELAPSED TIME=          0.53 s  REMAINING TIME=          1.25 s
     ANIMATION FILE: I02F_AA2024_NOFAIL_H2_R3A007 WRITTEN
 NC=    7800 T= 2.4159E+00 DT= 3.1042E-04 ERR= -0.0% DM/M= 0.0000E+00
 ELAPSED TIME=          0.54 s  REMAINING TIME=          1.24 s
 NC=    7900 T= 2.4469E+00 DT= 3.1045E-04 ERR= -0.0% DM/M= 0.0000E+00
 ELAPSED TIME=          0.54 s  REMAINING TIME=          1.23 s
 NC=    8000 T= 2.4780E+00 DT= 3.1047E-04 ERR= -0.0% DM/M= 0.0000E+00
 ELAPSED TIME=          0.55 s  REMAINING TIME=          1.23 s
 NC=    8100 T= 2.5090E+00 DT= 3.1049E-04 ERR= -0.0% DM/M= 0.0000E+00
 ELAPSED TIME=          0.56 s  REMAINING TIME=          1.22 s
 NC=    8200 T= 2.5401E+00 DT= 3.1052E-04 ERR= -0.0% DM/M= 0.0000E+00
 ELAPSED TIME=          0.56 s  REMAINING TIME=          1.21 s
 NC=    8300 T= 2.5711E+00 DT= 3.1054E-04 ERR= -0.0% DM/M= 0.0000E+00
 ELAPSED TIME=          0.57 s  REMAINING TIME=          1.20 s
 NC=    8400 T= 2.6022E+00 DT= 3.1056E-04 ERR= -0.0% DM/M= 0.0000E+00
 ELAPSED TIME=          0.58 s  REMAINING TIME=          1.20 s
 NC=    8500 T= 2.6332E+00 DT= 3.1058E-04 ERR= -0.0% DM/M= 0.0000E+00
 ELAPSED TIME=          0.58 s  REMAINING TIME=          1.19 s
 NC=    8600 T= 2.6643E+00 DT= 3.1061E-04 ERR= -0.0% DM/M= 0.0000E+00
 ELAPSED TIME=          0.59 s  REMAINING TIME=          1.18 s
 NC=    8700 T= 2.6953E+00 DT= 3.1063E-04 ERR= -0.0% DM/M= 0.0000E+00
 ELAPSED TIME=          0.60 s  REMAINING TIME=          1.17 s
 NC=    8800 T= 2.7264E+00 DT= 3.1065E-04 ERR= -0.0% DM/M= 0.0000E+00
 ELAPSED TIME=          0.60 s  REMAINING TIME=          1.16 s
 NC=    8900 T= 2.7575E+00 DT= 3.1068E-04 ERR= -0.0% DM/M= 0.0000E+00
 ELAPSED TIME=          0.61 s  REMAINING TIME=          1.16 s
 NC=    9000 T= 2.7885E+00 DT= 3.1070E-04 ERR= -0.0% DM/M= 0.0000E+00
 ELAPSED TIME=          0.62 s  REMAINING TIME=          1.15 s
     ANIMATION FILE: I02F_AA2024_NOFAIL_H2_R3A008 WRITTEN
 NC=    9100 T= 2.8196E+00 DT= 3.1072E-04 ERR= -0.0% DM/M= 0.0000E+00
 ELAPSED TIME=          0.62 s  REMAINING TIME=          1.14 s
 NC=    9200 T= 2.8507E+00 DT= 3.1075E-04 ERR= -0.0% DM/M= 0.0000E+00
 ELAPSED TIME=          0.63 s  REMAINING TIME=          1.14 s
 NC=    9300 T= 2.8818E+00 DT= 3.1077E-04 ERR= -0.0% DM/M= 0.0000E+00
 ELAPSED TIME=          0.64 s  REMAINING TIME=          1.13 s
 NC=    9400 T= 2.9128E+00 DT= 3.1079E-04 ERR= -0.0% DM/M= 0.0000E+00
 ELAPSED TIME=          0.64 s  REMAINING TIME=          1.12 s
 NC=    9500 T= 2.9439E+00 DT= 3.1082E-04 ERR= -0.0% DM/M= 0.0000E+00
 ELAPSED TIME=          0.65 s  REMAINING TIME=          1.11 s
 NC=    9600 T= 2.9750E+00 DT= 3.1084E-04 ERR= -0.0% DM/M= 0.0000E+00
 ELAPSED TIME=          0.65 s  REMAINING TIME=          1.11 s
 NC=    9700 T= 3.0061E+00 DT= 3.1086E-04 ERR= -0.0% DM/M= 0.0000E+00
 ELAPSED TIME=          0.66 s  REMAINING TIME=          1.10 s
 NC=    9800 T= 3.0372E+00 DT= 3.1088E-04 ERR= -0.0% DM/M= 0.0000E+00
 ELAPSED TIME=          0.67 s  REMAINING TIME=          1.09 s
 NC=    9900 T= 3.0683E+00 DT= 3.1091E-04 ERR= -0.0% DM/M= 0.0000E+00
 ELAPSED TIME=          0.67 s  REMAINING TIME=          1.08 s
 NC=   10000 T= 3.0994E+00 DT= 3.1093E-04 ERR= -0.0% DM/M= 0.0000E+00
 ELAPSED TIME=          0.68 s  REMAINING TIME=          1.08 s
 NC=   10100 T= 3.1305E+00 DT= 3.1095E-04 ERR= -0.0% DM/M= 0.0000E+00
 ELAPSED TIME=          0.69 s  REMAINING TIME=          1.07 s
 NC=   10200 T= 3.1615E+00 DT= 3.1098E-04 ERR= -0.0% DM/M= 0.0000E+00
 ELAPSED TIME=          0.69 s  REMAINING TIME=          1.06 s
 NC=   10300 T= 3.1926E+00 DT= 3.1100E-04 ERR= -0.0% DM/M= 0.0000E+00
 ELAPSED TIME=          0.70 s  REMAINING TIME=          1.05 s
     ANIMATION FILE: I02F_AA2024_NOFAIL_H2_R3A009 WRITTEN
 NC=   10400 T= 3.2237E+00 DT= 3.1102E-04 ERR= -0.0% DM/M= 0.0000E+00
 ELAPSED TIME=          0.71 s  REMAINING TIME=          1.05 s
 NC=   10500 T= 3.2549E+00 DT= 3.1105E-04 ERR= -0.0% DM/M= 0.0000E+00
 ELAPSED TIME=          0.71 s  REMAINING TIME=          1.04 s
 NC=   10600 T= 3.2860E+00 DT= 3.1107E-04 ERR= -0.0% DM/M= 0.0000E+00
 ELAPSED TIME=          0.72 s  REMAINING TIME=          1.03 s
 NC=   10700 T= 3.3171E+00 DT= 3.1109E-04 ERR= -0.0% DM/M= 0.0000E+00
 ELAPSED TIME=          0.73 s  REMAINING TIME=          1.03 s
 NC=   10800 T= 3.3482E+00 DT= 3.1111E-04 ERR= -0.0% DM/M= 0.0000E+00
 ELAPSED TIME=          0.73 s  REMAINING TIME=          1.02 s
 NC=   10900 T= 3.3793E+00 DT= 3.1114E-04 ERR= -0.0% DM/M= 0.0000E+00
 ELAPSED TIME=          0.74 s  REMAINING TIME=          1.01 s
 NC=   11000 T= 3.4104E+00 DT= 3.1116E-04 ERR= -0.0% DM/M= 0.0000E+00
 ELAPSED TIME=          0.75 s  REMAINING TIME=          1.00 s
 NC=   11100 T= 3.4415E+00 DT= 3.1118E-04 ERR= -0.0% DM/M= 0.0000E+00
 ELAPSED TIME=          0.75 s  REMAINING TIME=          1.00 s
 NC=   11200 T= 3.4726E+00 DT= 3.1121E-04 ERR= -0.0% DM/M= 0.0000E+00
 ELAPSED TIME=          0.76 s  REMAINING TIME=          0.99 s
 NC=   11300 T= 3.5038E+00 DT= 3.1123E-04 ERR= -0.0% DM/M= 0.0000E+00
 ELAPSED TIME=          0.76 s  REMAINING TIME=          0.98 s
 NC=   11400 T= 3.5349E+00 DT= 3.1125E-04 ERR= -0.0% DM/M= 0.0000E+00
 ELAPSED TIME=          0.77 s  REMAINING TIME=          0.97 s
 NC=   11500 T= 3.5660E+00 DT= 3.1127E-04 ERR= -0.0% DM/M= 0.0000E+00
 ELAPSED TIME=          0.78 s  REMAINING TIME=          0.97 s
 NC=   11600 T= 3.5971E+00 DT= 3.1129E-04 ERR= -0.0% DM/M= 0.0000E+00
 ELAPSED TIME=          0.78 s  REMAINING TIME=          0.96 s
     ANIMATION FILE: I02F_AA2024_NOFAIL_H2_R3A010 WRITTEN
 NC=   11700 T= 3.6283E+00 DT= 3.1132E-04 ERR= -0.0% DM/M= 0.0000E+00
 ELAPSED TIME=          0.79 s  REMAINING TIME=          0.95 s
 NC=   11800 T= 3.6594E+00 DT= 3.1134E-04 ERR= -0.0% DM/M= 0.0000E+00
 ELAPSED TIME=          0.80 s  REMAINING TIME=          0.95 s
 NC=   11900 T= 3.6905E+00 DT= 3.1136E-04 ERR= -0.0% DM/M= 0.0000E+00
 ELAPSED TIME=          0.80 s  REMAINING TIME=          0.94 s
 NC=   12000 T= 3.7217E+00 DT= 3.1138E-04 ERR= -0.0% DM/M= 0.0000E+00
 ELAPSED TIME=          0.81 s  REMAINING TIME=          0.93 s
 NC=   12100 T= 3.7528E+00 DT= 3.1140E-04 ERR= -0.0% DM/M= 0.0000E+00
 ELAPSED TIME=          0.82 s  REMAINING TIME=          0.92 s
 NC=   12200 T= 3.7840E+00 DT= 3.1143E-04 ERR= -0.0% DM/M= 0.0000E+00
 ELAPSED TIME=          0.82 s  REMAINING TIME=          0.92 s
 NC=   12300 T= 3.8151E+00 DT= 3.1145E-04 ERR= -0.0% DM/M= 0.0000E+00
 ELAPSED TIME=          0.83 s  REMAINING TIME=          0.91 s
 NC=   12400 T= 3.8462E+00 DT= 3.1147E-04 ERR= -0.0% DM/M= 0.0000E+00
 ELAPSED TIME=          0.84 s  REMAINING TIME=          0.90 s
 NC=   12500 T= 3.8774E+00 DT= 3.1149E-04 ERR= -0.0% DM/M= 0.0000E+00
 ELAPSED TIME=          0.84 s  REMAINING TIME=          0.90 s
 NC=   12600 T= 3.9085E+00 DT= 3.1151E-04 ERR= -0.0% DM/M= 0.0000E+00
 ELAPSED TIME=          0.85 s  REMAINING TIME=          0.89 s
 NC=   12700 T= 3.9397E+00 DT= 3.1153E-04 ERR= -0.0% DM/M= 0.0000E+00
 ELAPSED TIME=          0.86 s  REMAINING TIME=          0.88 s
 NC=   12800 T= 3.9708E+00 DT= 3.1155E-04 ERR= -0.0% DM/M= 0.0000E+00
 ELAPSED TIME=          0.86 s  REMAINING TIME=          0.87 s
     ANIMATION FILE: I02F_AA2024_NOFAIL_H2_R3A011 WRITTEN
 NC=   12900 T= 4.0020E+00 DT= 3.1157E-04 ERR= -0.0% DM/M= 0.0000E+00
 ELAPSED TIME=          0.87 s  REMAINING TIME=          0.87 s
 NC=   13000 T= 4.0332E+00 DT= 3.1160E-04 ERR= -0.0% DM/M= 0.0000E+00
 ELAPSED TIME=          0.88 s  REMAINING TIME=          0.86 s
 NC=   13100 T= 4.0643E+00 DT= 3.1162E-04 ERR= -0.0% DM/M= 0.0000E+00
 ELAPSED TIME=          0.89 s  REMAINING TIME=          0.86 s
 NC=   13200 T= 4.0955E+00 DT= 3.1164E-04 ERR= -0.0% DM/M= 0.0000E+00
 ELAPSED TIME=          0.89 s  REMAINING TIME=          0.85 s
 NC=   13300 T= 4.1267E+00 DT= 3.1166E-04 ERR= -0.0% DM/M= 0.0000E+00
 ELAPSED TIME=          0.90 s  REMAINING TIME=          0.84 s
 NC=   13400 T= 4.1578E+00 DT= 3.1168E-04 ERR= -0.0% DM/M= 0.0000E+00
 ELAPSED TIME=          0.91 s  REMAINING TIME=          0.84 s
 NC=   13500 T= 4.1890E+00 DT= 3.1170E-04 ERR= -0.0% DM/M= 0.0000E+00
 ELAPSED TIME=          0.91 s  REMAINING TIME=          0.83 s
 NC=   13600 T= 4.2202E+00 DT= 3.1172E-04 ERR= -0.0% DM/M= 0.0000E+00
 ELAPSED TIME=          0.92 s  REMAINING TIME=          0.82 s
 NC=   13700 T= 4.2513E+00 DT= 3.1174E-04 ERR= -0.0% DM/M= 0.0000E+00
 ELAPSED TIME=          0.92 s  REMAINING TIME=          0.82 s
 NC=   13800 T= 4.2825E+00 DT= 3.1176E-04 ERR= -0.0% DM/M= 0.0000E+00
 ELAPSED TIME=          0.93 s  REMAINING TIME=          0.81 s
 NC=   13900 T= 4.3137E+00 DT= 3.1178E-04 ERR= -0.0% DM/M= 0.0000E+00
 ELAPSED TIME=          0.94 s  REMAINING TIME=          0.80 s
 NC=   14000 T= 4.3449E+00 DT= 3.1180E-04 ERR= -0.0% DM/M= 0.0000E+00
 ELAPSED TIME=          0.94 s  REMAINING TIME=          0.79 s
 NC=   14100 T= 4.3760E+00 DT= 3.1182E-04 ERR= -0.0% DM/M= 0.0000E+00
 ELAPSED TIME=          0.95 s  REMAINING TIME=          0.79 s
     ANIMATION FILE: I02F_AA2024_NOFAIL_H2_R3A012 WRITTEN
 NC=   14200 T= 4.4072E+00 DT= 3.1184E-04 ERR= -0.0% DM/M= 0.0000E+00
 ELAPSED TIME=          0.96 s  REMAINING TIME=          0.78 s
 NC=   14300 T= 4.4384E+00 DT= 3.1185E-04 ERR= -0.0% DM/M= 0.0000E+00
 ELAPSED TIME=          0.96 s  REMAINING TIME=          0.77 s
 NC=   14400 T= 4.4696E+00 DT= 3.1187E-04 ERR= -0.0% DM/M= 0.0000E+00
 ELAPSED TIME=          0.97 s  REMAINING TIME=          0.77 s
 NC=   14500 T= 4.5008E+00 DT= 3.1189E-04 ERR= -0.0% DM/M= 0.0000E+00
 ELAPSED TIME=          0.98 s  REMAINING TIME=          0.76 s
 NC=   14600 T= 4.5320E+00 DT= 3.1191E-04 ERR= -0.0% DM/M= 0.0000E+00
 ELAPSED TIME=          0.98 s  REMAINING TIME=          0.75 s
 NC=   14700 T= 4.5632E+00 DT= 3.1193E-04 ERR= -0.0% DM/M= 0.0000E+00
 ELAPSED TIME=          0.99 s  REMAINING TIME=          0.75 s
 NC=   14800 T= 4.5944E+00 DT= 3.1195E-04 ERR= -0.0% DM/M= 0.0000E+00
 ELAPSED TIME=          1.00 s  REMAINING TIME=          0.74 s
 NC=   14900 T= 4.6256E+00 DT= 3.1197E-04 ERR= -0.0% DM/M= 0.0000E+00
 ELAPSED TIME=          1.00 s  REMAINING TIME=          0.73 s
 NC=   15000 T= 4.6568E+00 DT= 3.1198E-04 ERR= -0.0% DM/M= 0.0000E+00
 ELAPSED TIME=          1.01 s  REMAINING TIME=          0.72 s
 NC=   15100 T= 4.6880E+00 DT= 3.1200E-04 ERR= -0.0% DM/M= 0.0000E+00
 ELAPSED TIME=          1.02 s  REMAINING TIME=          0.72 s
 NC=   15200 T= 4.7192E+00 DT= 3.1202E-04 ERR= -0.0% DM/M= 0.0000E+00
 ELAPSED TIME=          1.02 s  REMAINING TIME=          0.71 s
 NC=   15300 T= 4.7504E+00 DT= 3.1204E-04 ERR= -0.0% DM/M= 0.0000E+00
 ELAPSED TIME=          1.03 s  REMAINING TIME=          0.70 s
 NC=   15400 T= 4.7816E+00 DT= 3.1205E-04 ERR= -0.0% DM/M= 0.0000E+00
 ELAPSED TIME=          1.04 s  REMAINING TIME=          0.70 s
     ANIMATION FILE: I02F_AA2024_NOFAIL_H2_R3A013 WRITTEN
 NC=   15500 T= 4.8128E+00 DT= 3.1207E-04 ERR= -0.0% DM/M= 0.0000E+00
 ELAPSED TIME=          1.04 s  REMAINING TIME=          0.69 s
 NC=   15600 T= 4.8440E+00 DT= 3.1209E-04 ERR= -0.0% DM/M= 0.0000E+00
 ELAPSED TIME=          1.05 s  REMAINING TIME=          0.68 s
 NC=   15700 T= 4.8752E+00 DT= 3.1210E-04 ERR= -0.0% DM/M= 0.0000E+00
 ELAPSED TIME=          1.06 s  REMAINING TIME=          0.68 s
 NC=   15800 T= 4.9064E+00 DT= 3.1212E-04 ERR= -0.0% DM/M= 0.0000E+00
 ELAPSED TIME=          1.06 s  REMAINING TIME=          0.67 s
 NC=   15900 T= 4.9376E+00 DT= 3.1214E-04 ERR= -0.0% DM/M= 0.0000E+00
 ELAPSED TIME=          1.07 s  REMAINING TIME=          0.66 s
 NC=   16000 T= 4.9688E+00 DT= 3.1215E-04 ERR= -0.0% DM/M= 0.0000E+00
 ELAPSED TIME=          1.08 s  REMAINING TIME=          0.66 s
 NC=   16100 T= 5.0000E+00 DT= 3.1217E-04 ERR= -0.0% DM/M= 0.0000E+00
 ELAPSED TIME=          1.08 s  REMAINING TIME=          0.65 s
 NC=   16200 T= 5.0313E+00 DT= 3.1219E-04 ERR= -0.0% DM/M= 0.0000E+00
 ELAPSED TIME=          1.09 s  REMAINING TIME=          0.64 s
 NC=   16300 T= 5.0625E+00 DT= 3.1220E-04 ERR= -0.0% DM/M= 0.0000E+00
 ELAPSED TIME=          1.09 s  REMAINING TIME=          0.64 s
 NC=   16400 T= 5.0937E+00 DT= 3.1222E-04 ERR= -0.0% DM/M= 0.0000E+00
 ELAPSED TIME=          1.10 s  REMAINING TIME=          0.63 s
 NC=   16500 T= 5.1249E+00 DT= 3.1223E-04 ERR= -0.0% DM/M= 0.0000E+00
 ELAPSED TIME=          1.11 s  REMAINING TIME=          0.62 s
 NC=   16600 T= 5.1561E+00 DT= 3.1225E-04 ERR= -0.0% DM/M= 0.0000E+00
 ELAPSED TIME=          1.11 s  REMAINING TIME=          0.61 s
 NC=   16700 T= 5.1874E+00 DT= 3.1226E-04 ERR= -0.0% DM/M= 0.0000E+00
 ELAPSED TIME=          1.12 s  REMAINING TIME=          0.61 s
     ANIMATION FILE: I02F_AA2024_NOFAIL_H2_R3A014 WRITTEN
 NC=   16800 T= 5.2186E+00 DT= 3.1228E-04 ERR= -0.0% DM/M= 0.0000E+00
 ELAPSED TIME=          1.13 s  REMAINING TIME=          0.60 s
 NC=   16900 T= 5.2498E+00 DT= 3.1229E-04 ERR= -0.0% DM/M= 0.0000E+00
 ELAPSED TIME=          1.14 s  REMAINING TIME=          0.59 s
 NC=   17000 T= 5.2811E+00 DT= 3.1231E-04 ERR= -0.0% DM/M= 0.0000E+00
 ELAPSED TIME=          1.14 s  REMAINING TIME=          0.59 s
 NC=   17100 T= 5.3123E+00 DT= 3.1232E-04 ERR= -0.0% DM/M= 0.0000E+00
 ELAPSED TIME=          1.15 s  REMAINING TIME=          0.58 s
 NC=   17200 T= 5.3435E+00 DT= 3.1234E-04 ERR= -0.0% DM/M= 0.0000E+00
 ELAPSED TIME=          1.15 s  REMAINING TIME=          0.57 s
 NC=   17300 T= 5.3748E+00 DT= 3.1235E-04 ERR= -0.0% DM/M= 0.0000E+00
 ELAPSED TIME=          1.16 s  REMAINING TIME=          0.57 s
 NC=   17400 T= 5.4060E+00 DT= 3.1237E-04 ERR= -0.0% DM/M= 0.0000E+00
 ELAPSED TIME=          1.17 s  REMAINING TIME=          0.56 s
 NC=   17500 T= 5.4372E+00 DT= 3.1238E-04 ERR= -0.0% DM/M= 0.0000E+00
 ELAPSED TIME=          1.17 s  REMAINING TIME=          0.55 s
 NC=   17600 T= 5.4685E+00 DT= 3.1239E-04 ERR= -0.0% DM/M= 0.0000E+00
 ELAPSED TIME=          1.18 s  REMAINING TIME=          0.55 s
 NC=   17700 T= 5.4997E+00 DT= 3.1241E-04 ERR= -0.0% DM/M= 0.0000E+00
 ELAPSED TIME=          1.19 s  REMAINING TIME=          0.54 s
 NC=   17800 T= 5.5309E+00 DT= 3.1242E-04 ERR= -0.0% DM/M= 0.0000E+00
 ELAPSED TIME=          1.19 s  REMAINING TIME=          0.53 s
 NC=   17900 T= 5.5622E+00 DT= 3.1243E-04 ERR= -0.0% DM/M= 0.0000E+00
 ELAPSED TIME=          1.20 s  REMAINING TIME=          0.53 s
 NC=   18000 T= 5.5934E+00 DT= 3.1245E-04 ERR= -0.0% DM/M= 0.0000E+00
 ELAPSED TIME=          1.21 s  REMAINING TIME=          0.52 s
     ANIMATION FILE: I02F_AA2024_NOFAIL_H2_R3A015 WRITTEN
 NC=   18100 T= 5.6247E+00 DT= 3.1246E-04 ERR= -0.0% DM/M= 0.0000E+00
 ELAPSED TIME=          1.21 s  REMAINING TIME=          0.51 s
 NC=   18200 T= 5.6559E+00 DT= 3.1247E-04 ERR= -0.0% DM/M= 0.0000E+00
 ELAPSED TIME=          1.22 s  REMAINING TIME=          0.51 s
 NC=   18300 T= 5.6872E+00 DT= 3.1248E-04 ERR= -0.0% DM/M= 0.0000E+00
 ELAPSED TIME=          1.23 s  REMAINING TIME=          0.50 s
 NC=   18400 T= 5.7184E+00 DT= 3.1250E-04 ERR= -0.0% DM/M= 0.0000E+00
 ELAPSED TIME=          1.23 s  REMAINING TIME=          0.49 s
 NC=   18500 T= 5.7497E+00 DT= 3.1251E-04 ERR= -0.0% DM/M= 0.0000E+00
 ELAPSED TIME=          1.24 s  REMAINING TIME=          0.49 s
 NC=   18600 T= 5.7809E+00 DT= 3.1252E-04 ERR= -0.0% DM/M= 0.0000E+00
 ELAPSED TIME=          1.25 s  REMAINING TIME=          0.48 s
 NC=   18700 T= 5.8122E+00 DT= 3.1253E-04 ERR= -0.0% DM/M= 0.0000E+00
 ELAPSED TIME=          1.25 s  REMAINING TIME=          0.47 s
 NC=   18800 T= 5.8434E+00 DT= 3.1254E-04 ERR= -0.0% DM/M= 0.0000E+00
 ELAPSED TIME=          1.26 s  REMAINING TIME=          0.46 s
 NC=   18900 T= 5.8747E+00 DT= 3.1255E-04 ERR= -0.0% DM/M= 0.0000E+00
 ELAPSED TIME=          1.27 s  REMAINING TIME=          0.46 s
 NC=   19000 T= 5.9059E+00 DT= 3.1257E-04 ERR= -0.0% DM/M= 0.0000E+00
 ELAPSED TIME=          1.27 s  REMAINING TIME=          0.45 s
 NC=   19100 T= 5.9372E+00 DT= 3.1258E-04 ERR= -0.0% DM/M= 0.0000E+00
 ELAPSED TIME=          1.28 s  REMAINING TIME=          0.44 s
 NC=   19200 T= 5.9685E+00 DT= 3.1259E-04 ERR= -0.0% DM/M= 0.0000E+00
 ELAPSED TIME=          1.28 s  REMAINING TIME=          0.44 s
 NC=   19300 T= 5.9997E+00 DT= 3.1260E-04 ERR= -0.0% DM/M= 0.0000E+00
 ELAPSED TIME=          1.29 s  REMAINING TIME=          0.43 s
     ANIMATION FILE: I02F_AA2024_NOFAIL_H2_R3A016 WRITTEN
 NC=   19400 T= 6.0310E+00 DT= 3.1261E-04 ERR= -0.0% DM/M= 0.0000E+00
 ELAPSED TIME=          1.30 s  REMAINING TIME=          0.42 s
 NC=   19500 T= 6.0622E+00 DT= 3.1262E-04 ERR= -0.0% DM/M= 0.0000E+00
 ELAPSED TIME=          1.31 s  REMAINING TIME=          0.42 s
 NC=   19600 T= 6.0935E+00 DT= 3.1263E-04 ERR= -0.0% DM/M= 0.0000E+00
 ELAPSED TIME=          1.31 s  REMAINING TIME=          0.41 s
 NC=   19700 T= 6.1248E+00 DT= 3.1264E-04 ERR= -0.0% DM/M= 0.0000E+00
 ELAPSED TIME=          1.32 s  REMAINING TIME=          0.40 s
 NC=   19800 T= 6.1560E+00 DT= 3.1265E-04 ERR= -0.0% DM/M= 0.0000E+00
 ELAPSED TIME=          1.32 s  REMAINING TIME=          0.40 s
 NC=   19900 T= 6.1873E+00 DT= 3.1266E-04 ERR= -0.0% DM/M= 0.0000E+00
 ELAPSED TIME=          1.33 s  REMAINING TIME=          0.39 s
 NC=   20000 T= 6.2186E+00 DT= 3.1267E-04 ERR= -0.0% DM/M= 0.0000E+00
 ELAPSED TIME=          1.34 s  REMAINING TIME=          0.38 s
 NC=   20100 T= 6.2498E+00 DT= 3.1268E-04 ERR= -0.0% DM/M= 0.0000E+00
 ELAPSED TIME=          1.34 s  REMAINING TIME=          0.38 s
 NC=   20200 T= 6.2811E+00 DT= 3.1269E-04 ERR= -0.0% DM/M= 0.0000E+00
 ELAPSED TIME=          1.35 s  REMAINING TIME=          0.37 s
 NC=   20300 T= 6.3124E+00 DT= 3.1270E-04 ERR= -0.0% DM/M= 0.0000E+00
 ELAPSED TIME=          1.36 s  REMAINING TIME=          0.36 s
 NC=   20400 T= 6.3436E+00 DT= 3.1270E-04 ERR= -0.0% DM/M= 0.0000E+00
 ELAPSED TIME=          1.36 s  REMAINING TIME=          0.36 s
 NC=   20500 T= 6.3749E+00 DT= 3.1271E-04 ERR= -0.0% DM/M= 0.0000E+00
 ELAPSED TIME=          1.37 s  REMAINING TIME=          0.35 s
     ANIMATION FILE: I02F_AA2024_NOFAIL_H2_R3A017 WRITTEN
 NC=   20600 T= 6.4062E+00 DT= 3.1272E-04 ERR= -0.0% DM/M= 0.0000E+00
 ELAPSED TIME=          1.38 s  REMAINING TIME=          0.34 s
 NC=   20700 T= 6.4375E+00 DT= 3.1273E-04 ERR= -0.0% DM/M= 0.0000E+00
 ELAPSED TIME=          1.38 s  REMAINING TIME=          0.34 s
 NC=   20800 T= 6.4687E+00 DT= 3.1274E-04 ERR= -0.0% DM/M= 0.0000E+00
 ELAPSED TIME=          1.39 s  REMAINING TIME=          0.33 s
 NC=   20900 T= 6.5000E+00 DT= 3.1275E-04 ERR= -0.0% DM/M= 0.0000E+00
 ELAPSED TIME=          1.40 s  REMAINING TIME=          0.32 s
 NC=   21000 T= 6.5313E+00 DT= 3.1275E-04 ERR= -0.0% DM/M= 0.0000E+00
 ELAPSED TIME=          1.40 s  REMAINING TIME=          0.32 s
 NC=   21100 T= 6.5626E+00 DT= 3.1276E-04 ERR= -0.0% DM/M= 0.0000E+00
 ELAPSED TIME=          1.41 s  REMAINING TIME=          0.31 s
 NC=   21200 T= 6.5938E+00 DT= 3.1277E-04 ERR= -0.0% DM/M= 0.0000E+00
 ELAPSED TIME=          1.42 s  REMAINING TIME=          0.30 s
 NC=   21300 T= 6.6251E+00 DT= 3.1278E-04 ERR= -0.0% DM/M= 0.0000E+00
 ELAPSED TIME=          1.42 s  REMAINING TIME=          0.30 s
 NC=   21400 T= 6.6564E+00 DT= 3.1278E-04 ERR= -0.0% DM/M= 0.0000E+00
 ELAPSED TIME=          1.43 s  REMAINING TIME=          0.29 s
 NC=   21500 T= 6.6877E+00 DT= 3.1279E-04 ERR= -0.0% DM/M= 0.0000E+00
 ELAPSED TIME=          1.44 s  REMAINING TIME=          0.28 s
 NC=   21600 T= 6.7189E+00 DT= 3.1280E-04 ERR= -0.0% DM/M= 0.0000E+00
 ELAPSED TIME=          1.44 s  REMAINING TIME=          0.27 s
 NC=   21700 T= 6.7502E+00 DT= 3.1280E-04 ERR= -0.0% DM/M= 0.0000E+00
 ELAPSED TIME=          1.45 s  REMAINING TIME=          0.27 s
 NC=   21800 T= 6.7815E+00 DT= 3.1281E-04 ERR= -0.0% DM/M= 0.0000E+00
 ELAPSED TIME=          1.45 s  REMAINING TIME=          0.26 s
     ANIMATION FILE: I02F_AA2024_NOFAIL_H2_R3A018 WRITTEN
 NC=   21900 T= 6.8128E+00 DT= 3.1282E-04 ERR= -0.0% DM/M= 0.0000E+00
 ELAPSED TIME=          1.46 s  REMAINING TIME=          0.25 s
 NC=   22000 T= 6.8441E+00 DT= 3.1282E-04 ERR= -0.0% DM/M= 0.0000E+00
 ELAPSED TIME=          1.47 s  REMAINING TIME=          0.25 s
 NC=   22100 T= 6.8753E+00 DT= 3.1283E-04 ERR= -0.0% DM/M= 0.0000E+00
 ELAPSED TIME=          1.47 s  REMAINING TIME=          0.24 s
 NC=   22200 T= 6.9066E+00 DT= 3.1283E-04 ERR= -0.0% DM/M= 0.0000E+00
 ELAPSED TIME=          1.48 s  REMAINING TIME=          0.23 s
 NC=   22300 T= 6.9379E+00 DT= 3.1284E-04 ERR= -0.0% DM/M= 0.0000E+00
 ELAPSED TIME=          1.49 s  REMAINING TIME=          0.23 s
 NC=   22400 T= 6.9692E+00 DT= 3.1284E-04 ERR= -0.0% DM/M= 0.0000E+00
 ELAPSED TIME=          1.49 s  REMAINING TIME=          0.22 s
 NC=   22500 T= 7.0005E+00 DT= 3.1285E-04 ERR= -0.0% DM/M= 0.0000E+00
 ELAPSED TIME=          1.50 s  REMAINING TIME=          0.21 s
 NC=   22600 T= 7.0318E+00 DT= 3.1285E-04 ERR= -0.0% DM/M= 0.0000E+00
 ELAPSED TIME=          1.51 s  REMAINING TIME=          0.21 s
 NC=   22700 T= 7.0631E+00 DT= 3.1286E-04 ERR= -0.0% DM/M= 0.0000E+00
 ELAPSED TIME=          1.51 s  REMAINING TIME=          0.20 s
 NC=   22800 T= 7.0943E+00 DT= 3.1286E-04 ERR= -0.0% DM/M= 0.0000E+00
 ELAPSED TIME=          1.52 s  REMAINING TIME=          0.19 s
 NC=   22900 T= 7.1256E+00 DT= 3.1287E-04 ERR= -0.0% DM/M= 0.0000E+00
 ELAPSED TIME=          1.53 s  REMAINING TIME=          0.19 s
 NC=   23000 T= 7.1569E+00 DT= 3.1287E-04 ERR= -0.0% DM/M= 0.0000E+00
 ELAPSED TIME=          1.53 s  REMAINING TIME=          0.18 s
 NC=   23100 T= 7.1882E+00 DT= 3.1288E-04 ERR= -0.0% DM/M= 0.0000E+00
 ELAPSED TIME=          1.54 s  REMAINING TIME=          0.17 s
     ANIMATION FILE: I02F_AA2024_NOFAIL_H2_R3A019 WRITTEN
 NC=   23200 T= 7.2195E+00 DT= 3.1288E-04 ERR= -0.0% DM/M= 0.0000E+00
 ELAPSED TIME=          1.55 s  REMAINING TIME=          0.17 s
 NC=   23300 T= 7.2508E+00 DT= 3.1288E-04 ERR= -0.0% DM/M= 0.0000E+00
 ELAPSED TIME=          1.55 s  REMAINING TIME=          0.16 s
 NC=   23400 T= 7.2821E+00 DT= 3.1289E-04 ERR= -0.0% DM/M= 0.0000E+00
 ELAPSED TIME=          1.56 s  REMAINING TIME=          0.15 s
 NC=   23500 T= 7.3134E+00 DT= 3.1289E-04 ERR= -0.0% DM/M= 0.0000E+00
 ELAPSED TIME=          1.57 s  REMAINING TIME=          0.15 s
 NC=   23600 T= 7.3446E+00 DT= 3.1290E-04 ERR= -0.0% DM/M= 0.0000E+00
 ELAPSED TIME=          1.57 s  REMAINING TIME=          0.14 s
 NC=   23700 T= 7.3759E+00 DT= 3.1290E-04 ERR= -0.0% DM/M= 0.0000E+00
 ELAPSED TIME=          1.58 s  REMAINING TIME=          0.13 s
 NC=   23800 T= 7.4072E+00 DT= 3.1290E-04 ERR= -0.0% DM/M= 0.0000E+00
 ELAPSED TIME=          1.59 s  REMAINING TIME=          0.13 s
 NC=   23900 T= 7.4385E+00 DT= 3.1290E-04 ERR= -0.0% DM/M= 0.0000E+00
 ELAPSED TIME=          1.59 s  REMAINING TIME=          0.12 s
 NC=   24000 T= 7.4698E+00 DT= 3.1291E-04 ERR= -0.0% DM/M= 0.0000E+00
 ELAPSED TIME=          1.60 s  REMAINING TIME=          0.11 s
 NC=   24100 T= 7.5011E+00 DT= 3.1291E-04 ERR= -0.0% DM/M= 0.0000E+00
 ELAPSED TIME=          1.61 s  REMAINING TIME=          0.11 s
 NC=   24200 T= 7.5324E+00 DT= 3.1291E-04 ERR= -0.0% DM/M= 0.0000E+00
 ELAPSED TIME=          1.61 s  REMAINING TIME=          0.10 s
 NC=   24300 T= 7.5637E+00 DT= 3.1291E-04 ERR= -0.0% DM/M= 0.0000E+00
 ELAPSED TIME=          1.62 s  REMAINING TIME=          0.09 s
 NC=   24400 T= 7.5950E+00 DT= 3.1292E-04 ERR= -0.0% DM/M= 0.0000E+00
 ELAPSED TIME=          1.63 s  REMAINING TIME=          0.09 s
     ANIMATION FILE: I02F_AA2024_NOFAIL_H2_R3A020 WRITTEN
 NC=   24500 T= 7.6263E+00 DT= 3.1292E-04 ERR= -0.0% DM/M= 0.0000E+00
 ELAPSED TIME=          1.63 s  REMAINING TIME=          0.08 s
 NC=   24600 T= 7.6576E+00 DT= 3.1292E-04 ERR= -0.0% DM/M= 0.0000E+00
 ELAPSED TIME=          1.64 s  REMAINING TIME=          0.07 s
 NC=   24700 T= 7.6888E+00 DT= 3.1292E-04 ERR= -0.0% DM/M= 0.0000E+00
 ELAPSED TIME=          1.65 s  REMAINING TIME=          0.07 s
 NC=   24800 T= 7.7201E+00 DT= 3.1292E-04 ERR= -0.0% DM/M= 0.0000E+00
 ELAPSED TIME=          1.65 s  REMAINING TIME=          0.06 s
 NC=   24900 T= 7.7514E+00 DT= 3.1293E-04 ERR= -0.0% DM/M= 0.0000E+00
 ELAPSED TIME=          1.66 s  REMAINING TIME=          0.05 s
 NC=   25000 T= 7.7827E+00 DT= 3.1293E-04 ERR= -0.0% DM/M= 0.0000E+00
 ELAPSED TIME=          1.67 s  REMAINING TIME=          0.05 s
 NC=   25100 T= 7.8140E+00 DT= 3.1293E-04 ERR= -0.0% DM/M= 0.0000E+00
 ELAPSED TIME=          1.67 s  REMAINING TIME=          0.04 s
 NC=   25200 T= 7.8453E+00 DT= 3.1293E-04 ERR= -0.0% DM/M= 0.0000E+00
 ELAPSED TIME=          1.68 s  REMAINING TIME=          0.03 s
 NC=   25300 T= 7.8766E+00 DT= 3.1293E-04 ERR= -0.0% DM/M= 0.0000E+00
 ELAPSED TIME=          1.69 s  REMAINING TIME=          0.03 s
 NC=   25400 T= 7.9079E+00 DT= 3.1293E-04 ERR= -0.0% DM/M= 0.0000E+00
 ELAPSED TIME=          1.69 s  REMAINING TIME=          0.02 s
 NC=   25500 T= 7.9392E+00 DT= 3.1293E-04 ERR= -0.0% DM/M= 0.0000E+00
 ELAPSED TIME=          1.70 s  REMAINING TIME=          0.01 s
 NC=   25600 T= 7.9705E+00 DT= 3.1293E-04 ERR= -0.0% DM/M= 0.0000E+00
 ELAPSED TIME=          1.71 s  REMAINING TIME=          0.01 s
     RESTART FILES: I02F_AA2024_NOFAIL_H2_R3_0001_[0001-0001].rst WRITTEN
     ANIMATION FILE: I02F_AA2024_NOFAIL_H2_R3A021 WRITTEN
  
                           ** CPU USER TIME **
  
  
                        ** SUMMARY **
  
 #PROC  ELEMENT   KINCOND   INTEG     IO        T0        ASM       RESOL    
   1   .3438E+00 .1250E+00 .9375E-01 .4531E+00 .2969E+00 .6250E-01 .1688E+01
 
                   ** CUMULATIVE CPU TIME SUMMARY **
  
 CONTACT SORTING.............: .0000E+00     0.00 % 
 CONTACT FORCES..............: .0000E+00     0.00 % 
 ELEMENT FORCES..............: .3438E+00    20.37 % 
 KINEMATIC COND..............: .1250E+00     7.41 % 
 INTEGRATION.................: .9375E-01     5.56 % 
 ASSEMBLING..................: .6250E-01     3.70 % 
 OTHERS (including I/O)......: .1062E+01    62.96 % 
 TOTAL.......................: .1688E+01   100.00 % 
  
                   ** MEMORY USAGE STATISTICS **
  
 TOTAL MEMORY USED .........................:       47 MB
 MAXIMUM MEMORY PER PROCESSOR...............:       47 MB
 MINIMUM MEMORY PER PROCESSOR...............:       47 MB
 AVERAGE MEMORY PER PROCESSOR...............:       47 MB
  
                   ** DISK USAGE STATISTICS **
  
 TOTAL DISK SPACE USED .....................:          1 MB
 ANIMATION/H3D/TH/OUTP SIZE ................:          1 MB
 RESTART FILE SIZE .........................:          0 MB
  
 ELAPSED TIME     =          1.71 s
                          0:00:01
  
     NORMAL TERMINATION      
     TOTAL NUMBER OF CYCLES  :   25696
