 I02F_AA2024_NOFAIL_H2_R3_0001.out
************************************************************************
**                                                                    **
**                                                                    **
**                         OpenRadioss Engine                         **
**                                                                    **
**            Non-linear Finite Element Analysis Software             **
**                                                                    **
**                                                                    **
**                                                                    **
**                  Windows 64 bits, Intel compiler                   **
**                      Double Precision Version                      **
**                                                                    **
**                                                                    **
**                                                                    **
************************************************************************
** OpenRadioss Software                                               **
** COPYRIGHT (C) 2026 Siemens                                         **
** Licensed under GNU Affero General Public License.                  **
** See License file.                                                  **
************************************************************************
 
 NUMBER OF SPMD DOMAINS           1
 NUMBER OF THREADS PER DOMAIN     1
 NUMBER OF HMPP PROCESSES         1
  
 COMPUTATION HARDWARE DESCRIPTION
  
 HOSTNAME     CPU TYPE, FREQUENCY AND MEMORY
 jeux   AMD Ryzen 5 5600 6-Core Processor               (x86_64), 3700 MHz,   5272 MB RAM,  18090 MB swap
  
 STACKSIZE  . . . . . . . . . . . . . . . . . . . . 1430 MB
 THREAD STACKSIZE . . . . . . . . . . . . . . . . . 400 MB
 
************************************************************************


 I02F_AA2024_NOFAIL_H2_R3D01                                                     


 FINAL TIME . . . . . . . . . . . . . . . . . . .   8.000000    

 TIME INTERVAL FOR TIME HISTORY PLOTS . . . . . .  0.2000000E-02

 TIME STEP SCALE FACTOR . . . . . . . . . . . . .  0.9000000    

 MINIMUM TIME STEP  . . . . . . . . . . . . . . .   0.000000    


 BRICK TIME STEP SCALE FACTOR . . . . . . . . . .  0.9000000    
 BRICK MINIMUM TIME STEP. . . . . . . . . . . . .   0.000000    
 MIN. TIME STEP FLAG (1:STOP RUN, 2:DELETE BRICK)     1

 QUAD TIME STEP SCALE FACTOR. . . . . . . . . . .  0.9000000    
 QUAD MINIMUM TIME STEP . . . . . . . . . . . . .   0.000000    
 MIN. TIME STEP FLAG (1:STOP RUN, 2:DELETE QUAD).     1

 SHELL TIME STEP SCALE FACTOR . . . . . . . . . .  0.9000000    
 SHELL MINIMUM TIME STEP. . . . . . . . . . . . .   0.000000    
 MIN. TIME FLAG (1:STOP, 2:DELETE, 3:SMALL STRAIN)    2

 TRUSS TIME STEP SCALE FACTOR . . . . . . . . . .  0.9000000    
 TRUSS MINIMUM TIME STEP. . . . . . . . . . . . .   0.000000    
 MIN. TIME FLAG (1:STOP, 2:DELETE). . . . . . . .     0

 BEAM TIME STEP SCALE FACTOR. . . . . . . . . . .  0.9000000    
 BEAM MINIMUM TIME STEP . . . . . . . . . . . . .   0.000000    
 MIN. TIME FLAG (1:STOP, 2:DELETE). . . . . . . .     0

 SPRING TIME STEP SCALE FACTOR. . . . . . . . . .  0.9000000    
 SPRING MINIMUM TIME STEP . . . . . . . . . . . .   0.000000    
 MIN. TIME FLAG (1:STOP, 2:DELETE). . . . . . . .     0

 AIRBAG TIME STEP SCALE FACTOR. . . . . . . . . .  0.9000000    
 AIRBAG MINIMUM TIME STEP . . . . . . . . . . . .   0.000000    
 MIN. TIME FLAG (1:STOP). . . . . . . . . . . . .     0

 CONTACT TIME STEP SCALE FACTOR . . . . . . . . .  0.9000000    
 CONTACT MINIMUM TIME STEP. . . . . . . . . . . .   0.000000    
 MIN. TIME FLAG(1:STOP, 2:REMOVE NODE FROM INTERF)    0

 PRINTOUT CYCLE FREQUENCY . . . . . . . . . . . .  -100

 RESTART CYCLE FREQUENCY. . . . . . . . . . . . .   10000000

 MAXIMUM RESTART WRITE BEFORE OVERWRITE . . . . .     0

 INVERS: INPUT DECK VERSION . . . . . . . . . . .  2026
 ITTYP : FLAG FOR TYPE OF T-FILE. . . . . . . . .     4

 INITIAL TIME STEP. . . . . . . . . . . . . . . .   0.000000    
 MAXIMUM TIME STEP. . . . . . . . . . . . . . . .  0.1000000E+21

 PARALLEL ARITHMETIC ON
 NUMBER OF INTERFACES TO BE ELIMINATED. . . . . .        0

 NUMBER OF PARTS TO BE ELIMINATED . . . . . . . .        0

 NUMBER OF SOLID  ELEMENT BLOCKS TO BE ELIMINATED        0

 NUMBER OF QUAD   ELEMENT BLOCKS TO BE ELIMINATED        0

 NUMBER OF SHELL  ELEMENT BLOCKS TO BE ELIMINATED        0

 NUMBER OF TRUSS  ELEMENT BLOCKS TO BE ELIMINATED        0

 NUMBER OF BEAM   ELEMENT BLOCKS TO BE ELIMINATED        0

 NUMBER OF SPRING ELEMENT BLOCKS TO BE ELIMINATED        0

 NUMBER OF SH_3N  ELEMENT BLOCKS TO BE ELIMINATED        0

 NUMBER OF  SPH PARTICLES BLOCKS TO BE ELIMINATED        0

 NUMBER OF RIGID LINKS. . . . . . . . . . . . . .        0

 NUMBER OF NEW BOUNDARY CONDITIONS. . . . . . . .        0


 TIME FOR FIRST ANIMATION-FILE PLOT . . . . . . .   0.000000    
 TIME INTERVAL FOR ANIMATION-FILE PLOTS . . . . .  0.4000000    
 TIME TO STOP ANIMATION-FILE PLOTS. . . . . . . .  0.1000000E+21
 SENSOR FOR ANIMATION-FILE PLOTS. . . . . . . . .          0
 TIME INTERVAL FOR SENSOR ANIMATION-FILE PLOTS. .   0.000000    

 VARIABLE SAVED ON ANIMATION FILES (1: YES) :
      PLASTIC STRAIN. . . . . .     0
      DENSITY     (SOLID ONLY).     0
      SPECIFIC ENERGY . . . . .     1
      HOURGLASS ENERGY. . . . .     0
      TEMPERATURE (SOLID ONLY).     0
      THICKNESS   (SHELL ONLY).     0
      PRESSURE    (SOLID ONLY).     0
      VON MISES . . . . . . . .     0
      TURBULENT ENERGY (FLUID).     0
      TURBULENT VISCOSITY(FLUID)    0
      VORTICITY (FLUID) . . . .     0
 NODAL VALUES SAVED ON ANIMATION FILES (1: YES) :
      PRESSURE. . . . . . . . .     0
      DENSITY . . . . . . . . .     0
      TEMPERATURE . . . . . . .     0
 VECTOR SAVED ON ANIMATION FILES (1: YES) :
      VELOCITY VECTOR . . . . .     1
      DISPLACEMENT VECTOR . . .     1
      ACCELERATION VECTOR . . .     0
      CONTACT FORCES. . . . . .     0
      INTERNAL FORCES . . . . .     0
      EXTERNAL FORCES . . . . .     0
      SECTION RBY RWALL FORCES.     0
      ROTATIONAL VELOCITY VECTOR    0
      CONTACT PRESSURE (VECTORS)    0
 SHELL TENSOR SAVED ON ANIMATION FILES (1: YES) :
      MEMBRANE STRESS . . . . .     0
      BENDING STRESS(MOMENT/T^2)    0
      UPPER LAYER STRESS. . . .     0
      LOWER LAYER STRESS. . . .     0
      MEMBRANE STRAIN . . . . .     0
      CURVATURE . . . . . . . .     0
      UPPER LAYER STRAIN. . . .     0
      LOWER LAYER STRAIN. . . .     0
 NODAL MASS SAVED ON ANIMATION FILES (1: YES) :    0
 KEEP DELETED ELEMENT (1: YES) :    0


 14/09/2026
   CYCLE    TIME      TIME-STEP  ELEMENT          ERROR  I-ENERGY    K-ENERGY T  K-ENERGY R  EXT-WORK     MAS.ERR     TOTAL MASS  MASS ADDED
       0   0.000      0.3093E-03 SHELL          1   0.0%   0.000       0.000       0.000       0.000       0.000      0.1023       0.000    
     ANIMATION FILE: I02F_AA2024_NOFAIL_H2_R3A001 WRITTEN
     100  0.3093E-01  0.3093E-03 SHELL          1   0.0%  0.1967E-03  0.2382E-07   0.000      0.1967E-03   0.000      0.1023       0.000    
     200  0.6187E-01  0.3093E-03 SHELL          1  -0.0%  0.7866E-03  0.5309E-07   0.000      0.7866E-03   0.000      0.1023       0.000    
     300  0.9280E-01  0.3093E-03 SHELL          1  -0.0%  0.2864E-02  0.6291E-06   0.000      0.2864E-02   0.000      0.1023       0.000    
     400  0.1237      0.3093E-03 SHELL          1  -0.0%  0.9064E-02  0.5654E-06   0.000      0.9064E-02   0.000      0.1023       0.000    
     500  0.1547      0.3093E-03 SHELL          1  -0.0%  0.1874E-01  0.2698E-06   0.000      0.1874E-01   0.000      0.1023       0.000    
     600  0.1856      0.3093E-03 SHELL          1  -0.0%  0.4040E-01  0.5090E-06   0.000      0.4040E-01   0.000      0.1023       0.000    
     700  0.2165      0.3093E-03 SHELL          1  -0.0%  0.7278E-01  0.4896E-06   0.000      0.7278E-01   0.000      0.1023       0.000    
     800  0.2475      0.3093E-03 SHELL          1  -0.0%  0.1190      0.1151E-05   0.000      0.1190       0.000      0.1023       0.000    
     900  0.2784      0.3093E-03 SHELL          1  -0.0%  0.1939      0.2210E-05   0.000      0.1939       0.000      0.1023       0.000    
    1000  0.3093      0.3093E-03 SHELL          1  -0.0%  0.2869      0.2758E-05   0.000      0.2869       0.000      0.1023       0.000    
    1100  0.3403      0.3094E-03 SHELL          1  -0.0%  0.4198      0.3800E-05   0.000      0.4198       0.000      0.1023       0.000    
    1200  0.3712      0.3094E-03 SHELL          1  -0.0%  0.5917      0.2342E-05   0.000      0.5917       0.000      0.1023       0.000    
     ANIMATION FILE: I02F_AA2024_NOFAIL_H2_R3A002 WRITTEN
    1300  0.4021      0.3094E-03 SHELL          1  -0.0%  0.7960      0.2643E-05   0.000      0.7960       0.000      0.1023       0.000    
    1400  0.4331      0.3094E-03 SHELL          1  -0.0%   1.079      0.2631E-05   0.000       1.079       0.000      0.1023       0.000    
    1500  0.4640      0.3094E-03 SHELL          1  -0.0%   1.405      0.3498E-05   0.000       1.405       0.000      0.1023       0.000    
    1600  0.4950      0.3094E-03 SHELL          1  -0.0%   1.807      0.6042E-05   0.000       1.807       0.000      0.1023       0.000    
    1700  0.5259      0.3094E-03 SHELL          1  -0.0%   2.297      0.7132E-05   0.000       2.297       0.000      0.1023       0.000    
    1800  0.5568      0.3094E-03 SHELL          1  -0.0%   2.846      0.6095E-05   0.000       2.846       0.000      0.1023       0.000    
    1900  0.5878      0.3094E-03 SHELL          1  -0.0%   3.536      0.6749E-05   0.000       3.536       0.000      0.1023       0.000    
    2000  0.6187      0.3094E-03 SHELL          1  -0.0%   4.310      0.5406E-05   0.000       4.310       0.000      0.1023       0.000    
    2100  0.6497      0.3094E-03 SHELL          1  -0.0%   5.194      0.6813E-05   0.000       5.194       0.000      0.1023       0.000    
    2200  0.6806      0.3094E-03 SHELL          1  -0.0%   6.242      0.7600E-05   0.000       6.242       0.000      0.1023       0.000    
    2300  0.7115      0.3094E-03 SHELL          1  -0.0%   7.387      0.9142E-05   0.000       7.387       0.000      0.1023       0.000    
    2400  0.7425      0.3095E-03 SHELL          1  -0.0%   8.726      0.1189E-04   0.000       8.726       0.000      0.1023       0.000    
    2500  0.7734      0.3095E-03 SHELL          1  -0.0%   10.22      0.1187E-04   0.000       10.22       0.000      0.1023       0.000    
     ANIMATION FILE: I02F_AA2024_NOFAIL_H2_R3A003 WRITTEN
    2600  0.8044      0.3095E-03 SHELL          1  -0.0%   11.85      0.1353E-04   0.000       11.85       0.000      0.1023       0.000    
    2700  0.8353      0.3095E-03 SHELL          1  -0.0%   13.74      0.1180E-04   0.000       13.74       0.000      0.1023       0.000    
    2800  0.8663      0.3095E-03 SHELL          1  -0.0%   15.78      0.1076E-04   0.000       15.78       0.000      0.1023       0.000    
    2900  0.8972      0.3095E-03 SHELL          1  -0.0%   18.05      0.1271E-04   0.000       18.05       0.000      0.1023       0.000    
    3000  0.9282      0.3095E-03 SHELL          1  -0.0%   20.57      0.1366E-04   0.000       20.57       0.000      0.1023       0.000    
    3100  0.9591      0.3095E-03 SHELL          1  -0.0%   23.26      0.1524E-04   0.000       23.26       0.000      0.1023       0.000    
    3200  0.9901      0.3096E-03 SHELL          1  -0.0%   26.32      0.1847E-04   0.000       26.32       0.000      0.1023       0.000    
    3300   1.021      0.3096E-03 SHELL          1  -0.0%   29.58      0.1832E-04   0.000       29.58       0.000      0.1023       0.000    
    3400   1.052      0.3096E-03 SHELL          1  -0.0%   33.12      0.1840E-04   0.000       33.12       0.000      0.1023       0.000    
    3500   1.083      0.3096E-03 SHELL          2  -0.0%   36.88      0.1886E-04   0.000       36.88       0.000      0.1023       0.000    
    3600   1.114      0.3096E-03 SHELL          1  -0.0%   40.64      0.1883E-04   0.000       40.64       0.000      0.1023       0.000    
    3700   1.145      0.3096E-03 SHELL          1  -0.0%   44.59      0.2117E-04   0.000       44.59       0.000      0.1023       0.000    
    3800   1.176      0.3096E-03 SHELL          1  -0.0%   48.58      0.2121E-04   0.000       48.58       0.000      0.1023       0.000    
     ANIMATION FILE: I02F_AA2024_NOFAIL_H2_R3A004 WRITTEN
    3900   1.207      0.3097E-03 SHELL          1  -0.0%   52.63      0.2377E-04   0.000       52.63       0.000      0.1023       0.000    
    4000   1.238      0.3097E-03 SHELL          1  -0.0%   56.85      0.2365E-04   0.000       56.85       0.000      0.1023       0.000    
    4100   1.269      0.3097E-03 SHELL          1  -0.0%   61.07      0.2364E-04   0.000       61.07       0.000      0.1023       0.000    
    4200   1.300      0.3097E-03 SHELL          1  -0.0%   65.42      0.2604E-04   0.000       65.42       0.000      0.1023       0.000    
    4300   1.331      0.3097E-03 SHELL          1  -0.0%   69.86      0.2613E-04   0.000       69.86       0.000      0.1023       0.000    
    4400   1.362      0.3097E-03 SHELL          1  -0.0%   74.31      0.2838E-04   0.000       74.31       0.000      0.1023       0.000    
    4500   1.393      0.3098E-03 SHELL          1  -0.0%   78.96      0.2867E-04   0.000       78.96       0.000      0.1023       0.000    
    4600   1.424      0.3098E-03 SHELL          1  -0.0%   83.61      0.2866E-04   0.000       83.61       0.000      0.1023       0.000    
    4700   1.455      0.3098E-03 SHELL          1  -0.0%   88.35      0.3143E-04   0.000       88.35       0.000      0.1023       0.000    
    4800   1.486      0.3098E-03 SHELL          1  -0.0%   93.21      0.3122E-04   0.000       93.21       0.000      0.1023       0.000    
    4900   1.517      0.3098E-03 SHELL          1  -0.0%   98.06      0.3121E-04   0.000       98.06       0.000      0.1023       0.000    
    5000   1.548      0.3098E-03 SHELL          4  -0.0%   103.1      0.3379E-04   0.000       103.1       0.000      0.1023       0.000    
    5100   1.579      0.3099E-03 SHELL          1  -0.0%   108.1      0.3379E-04   0.000       108.1       0.000      0.1023       0.000    
     ANIMATION FILE: I02F_AA2024_NOFAIL_H2_R3A005 WRITTEN
    5200   1.609      0.3099E-03 SHELL          4  -0.0%   113.3      0.3610E-04   0.000       113.3       0.000      0.1023       0.000    
    5300   1.640      0.3099E-03 SHELL          1  -0.0%   118.5      0.3638E-04   0.000       118.5       0.000      0.1023       0.000    
    5400   1.671      0.3099E-03 SHELL          1  -0.0%   123.7      0.3636E-04   0.000       123.7       0.000      0.1023       0.000    
    5500   1.702      0.3099E-03 SHELL          1  -0.0%   129.1      0.3887E-04   0.000       129.1       0.000      0.1023       0.000    
    5600   1.733      0.3100E-03 SHELL          1  -0.0%   134.6      0.3895E-04   0.000       134.6       0.000      0.1023       0.000    
    5700   1.764      0.3100E-03 SHELL          4  -0.0%   140.0      0.4156E-04   0.000       140.0       0.000      0.1023       0.000    
    5800   1.795      0.3100E-03 SHELL          1  -0.0%   145.6      0.4153E-04   0.000       145.6       0.000      0.1023       0.000    
    5900   1.826      0.3100E-03 SHELL          1  -0.0%   151.2      0.4150E-04   0.000       151.2       0.000      0.1023       0.000    
    6000   1.857      0.3100E-03 SHELL          3  -0.0%   156.9      0.4410E-04   0.000       156.9       0.000      0.1023       0.000    
    6100   1.888      0.3101E-03 SHELL          1  -0.0%   162.7      0.4406E-04   0.000       162.7       0.000      0.1023       0.000    
    6200   1.919      0.3101E-03 SHELL          1  -0.0%   168.5      0.4404E-04   0.000       168.5       0.000      0.1023       0.000    
    6300   1.950      0.3101E-03 SHELL          1  -0.0%   174.5      0.4658E-04   0.000       174.5       0.000      0.1023       0.000    
    6400   1.981      0.3101E-03 SHELL          1  -0.0%   180.4      0.4656E-04   0.000       180.4       0.000      0.1023       0.000    
     ANIMATION FILE: I02F_AA2024_NOFAIL_H2_R3A006 WRITTEN
    6500   2.013      0.3101E-03 SHELL          1  -0.0%   186.4      0.4911E-04   0.000       186.4       0.000      0.1023       0.000    
    6600   2.044      0.3102E-03 SHELL          1  -0.0%   192.5      0.4905E-04   0.000       192.5       0.000      0.1023       0.000    
    6700   2.075      0.3102E-03 SHELL          1  -0.0%   198.6      0.4902E-04   0.000       198.6       0.000      0.1023       0.000    
    6800   2.106      0.3102E-03 SHELL          1  -0.0%   204.9      0.5152E-04   0.000       204.9       0.000      0.1023       0.000    
    6900   2.137      0.3102E-03 SHELL          1  -0.0%   211.1      0.5146E-04   0.000       211.1       0.000      0.1023       0.000    
    7000   2.168      0.3102E-03 SHELL          3  -0.0%   217.4      0.5357E-04   0.000       217.4       0.000      0.1023       0.000    
    7100   2.199      0.3103E-03 SHELL          1  -0.0%   223.8      0.5384E-04   0.000       223.8       0.000      0.1023       0.000    
    7200   2.230      0.3103E-03 SHELL          1  -0.0%   230.2      0.5381E-04   0.000       230.2       0.000      0.1023       0.000    
    7300   2.261      0.3103E-03 SHELL          1  -0.0%   236.7      0.5614E-04   0.000       236.7       0.000      0.1023       0.000    
    7400   2.292      0.3103E-03 SHELL          1  -0.0%   243.3      0.5613E-04   0.000       243.3       0.000      0.1023       0.000    
    7500   2.323      0.3104E-03 SHELL          1  -0.0%   249.9      0.5826E-04   0.000       249.9       0.000      0.1023       0.000    
    7600   2.354      0.3104E-03 SHELL          1  -0.0%   256.5      0.5838E-04   0.000       256.5       0.000      0.1023       0.000    
    7700   2.385      0.3104E-03 SHELL          1  -0.0%   263.2      0.5835E-04   0.000       263.2       0.000      0.1023       0.000    
     ANIMATION FILE: I02F_AA2024_NOFAIL_H2_R3A007 WRITTEN
    7800   2.416      0.3104E-03 SHELL          4  -0.0%   270.0      0.6071E-04   0.000       270.0       0.000      0.1023       0.000    
    7900   2.447      0.3104E-03 SHELL          1  -0.0%   276.8      0.6052E-04   0.000       276.8       0.000      0.1023       0.000    
    8000   2.478      0.3105E-03 SHELL          1  -0.0%   283.6      0.6048E-04   0.000       283.6       0.000      0.1023       0.000    
    8100   2.509      0.3105E-03 SHELL          1  -0.0%   290.5      0.6264E-04   0.000       290.5       0.000      0.1023       0.000    
    8200   2.540      0.3105E-03 SHELL          1  -0.0%   297.4      0.6258E-04   0.000       297.4       0.000      0.1023       0.000    
    8300   2.571      0.3105E-03 SHELL          1  -0.0%   304.4      0.6454E-04   0.000       304.4       0.000      0.1023       0.000    
    8400   2.602      0.3106E-03 SHELL          1  -0.0%   311.4      0.6459E-04   0.000       311.4       0.000      0.1023       0.000    
    8500   2.633      0.3106E-03 SHELL          1  -0.0%   318.5      0.6454E-04   0.000       318.5       0.000      0.1023       0.000    
    8600   2.664      0.3106E-03 SHELL          1  -0.0%   325.6      0.6650E-04   0.000       325.6       0.000      0.1023       0.000    
    8700   2.695      0.3106E-03 SHELL          1  -0.0%   332.8      0.6646E-04   0.000       332.8       0.000      0.1023       0.000    
    8800   2.726      0.3107E-03 SHELL          2  -0.0%   339.9      0.6839E-04   0.000       339.9       0.000      0.1023       0.000    
    8900   2.757      0.3107E-03 SHELL          1  -0.0%   347.2      0.6828E-04   0.000       347.2       0.000      0.1023       0.000    
    9000   2.789      0.3107E-03 SHELL          1  -0.0%   354.4      0.6824E-04   0.000       354.4       0.000      0.1023       0.000    
     ANIMATION FILE: I02F_AA2024_NOFAIL_H2_R3A008 WRITTEN
    9100   2.820      0.3107E-03 SHELL          1  -0.0%   361.7      0.6990E-04   0.000       361.7       0.000      0.1023       0.000    
    9200   2.851      0.3107E-03 SHELL          1  -0.0%   369.1      0.6995E-04   0.000       369.1       0.000      0.1023       0.000    
    9300   2.882      0.3108E-03 SHELL          1  -0.0%   376.4      0.7146E-04   0.000       376.4       0.000      0.1023       0.000    
    9400   2.913      0.3108E-03 SHELL          1  -0.0%   383.9      0.7156E-04   0.000       383.9       0.000      0.1023       0.000    
    9500   2.944      0.3108E-03 SHELL          1  -0.0%   391.3      0.7151E-04   0.000       391.3       0.000      0.1023       0.000    
    9600   2.975      0.3108E-03 SHELL          1  -0.0%   398.8      0.7318E-04   0.000       398.8       0.000      0.1023       0.000    
    9700   3.006      0.3109E-03 SHELL          1  -0.0%   406.3      0.7301E-04   0.000       406.3       0.000      0.1023       0.000    
    9800   3.037      0.3109E-03 SHELL          1  -0.0%   413.8      0.7296E-04   0.000       413.8       0.000      0.1023       0.000    
    9900   3.068      0.3109E-03 SHELL          1  -0.0%   421.4      0.7440E-04   0.000       421.4       0.000      0.1023       0.000    
   CYCLE    TIME      TIME-STEP  ELEMENT          ERROR  I-ENERGY    K-ENERGY T  K-ENERGY R  EXT-WORK     MAS.ERR     TOTAL MASS  MASS ADDED
   10000   3.099      0.3109E-03 SHELL          1  -0.0%   429.0      0.7434E-04   0.000       429.0       0.000      0.1023       0.000    
   10100   3.130      0.3110E-03 SHELL          1  -0.0%   436.6      0.7554E-04   0.000       436.6       0.000      0.1023       0.000    
   10200   3.162      0.3110E-03 SHELL          1  -0.0%   444.2      0.7561E-04   0.000       444.2       0.000      0.1023       0.000    
   10300   3.193      0.3110E-03 SHELL          1  -0.0%   451.9      0.7555E-04   0.000       451.9       0.000      0.1023       0.000    
     ANIMATION FILE: I02F_AA2024_NOFAIL_H2_R3A009 WRITTEN
   10400   3.224      0.3110E-03 SHELL          1  -0.0%   459.6      0.7674E-04   0.000       459.6       0.000      0.1023       0.000    
   10500   3.255      0.3110E-03 SHELL          1  -0.0%   467.3      0.7670E-04   0.000       467.3       0.000      0.1023       0.000    
   10600   3.286      0.3111E-03 SHELL          2  -0.0%   475.1      0.7781E-04   0.000       475.1       0.000      0.1023       0.000    
   10700   3.317      0.3111E-03 SHELL          1  -0.0%   482.8      0.7772E-04   0.000       482.8       0.000      0.1023       0.000    
   10800   3.348      0.3111E-03 SHELL          1  -0.0%   490.6      0.7767E-04   0.000       490.6       0.000      0.1023       0.000    
   10900   3.379      0.3111E-03 SHELL          1  -0.0%   498.4      0.7858E-04   0.000       498.4       0.000      0.1023       0.000    
   11000   3.410      0.3112E-03 SHELL          1  -0.0%   506.2      0.7857E-04   0.000       506.2       0.000      0.1023       0.000    
   11100   3.442      0.3112E-03 SHELL          1  -0.0%   514.1      0.7930E-04   0.000       514.1       0.000      0.1023       0.000    
   11200   3.473      0.3112E-03 SHELL          1  -0.0%   521.9      0.7934E-04   0.000       521.9       0.000      0.1023       0.000    
   11300   3.504      0.3112E-03 SHELL          1  -0.0%   529.8      0.7928E-04   0.000       529.8       0.000      0.1023       0.000    
   11400   3.535      0.3113E-03 SHELL          1  -0.0%   537.7      0.8002E-04   0.000       537.7       0.000      0.1023       0.000    
   11500   3.566      0.3113E-03 SHELL          1  -0.0%   545.6      0.7993E-04   0.000       545.6       0.000      0.1023       0.000    
   11600   3.597      0.3113E-03 SHELL          1  -0.0%   553.5      0.7987E-04   0.000       553.5       0.000      0.1023       0.000    
     ANIMATION FILE: I02F_AA2024_NOFAIL_H2_R3A010 WRITTEN
   11700   3.628      0.3113E-03 SHELL          1  -0.0%   561.4      0.8044E-04   0.000       561.4       0.000      0.1023       0.000    
   11800   3.659      0.3113E-03 SHELL          1  -0.0%   569.3      0.8038E-04   0.000       569.3       0.000      0.1023       0.000    
   11900   3.691      0.3114E-03 SHELL          1  -0.0%   577.3      0.8080E-04   0.000       577.3       0.000      0.1023       0.000    
   12000   3.722      0.3114E-03 SHELL          1  -0.0%   585.2      0.8077E-04   0.000       585.2       0.000      0.1023       0.000    
   12100   3.753      0.3114E-03 SHELL          1  -0.0%   593.2      0.8071E-04   0.000       593.2       0.000      0.1023       0.000    
   12200   3.784      0.3114E-03 SHELL          1  -0.0%   601.2      0.8104E-04   0.000       601.2       0.000      0.1023       0.000    
   12300   3.815      0.3114E-03 SHELL          1  -0.0%   609.1      0.8098E-04   0.000       609.1       0.000      0.1023       0.000    
   12400   3.846      0.3115E-03 SHELL          1  -0.0%   617.1      0.8118E-04   0.000       617.1       0.000      0.1023       0.000    
   12500   3.877      0.3115E-03 SHELL          1  -0.0%   625.1      0.8110E-04   0.000       625.1       0.000      0.1023       0.000    
   12600   3.909      0.3115E-03 SHELL          1  -0.0%   633.1      0.8104E-04   0.000       633.1       0.000      0.1023       0.000    
   12700   3.940      0.3115E-03 SHELL          1  -0.0%   641.0      0.8110E-04   0.000       641.0       0.000      0.1023       0.000    
   12800   3.971      0.3116E-03 SHELL          1  -0.0%   649.0      0.8104E-04   0.000       649.0       0.000      0.1023       0.000    
     ANIMATION FILE: I02F_AA2024_NOFAIL_H2_R3A011 WRITTEN
   12900   4.002      0.3116E-03 SHELL          1  -0.0%   657.0      0.8098E-04   0.000       657.0       0.000      0.1023       0.000    
   13000   4.033      0.3116E-03 SHELL          1  -0.0%   665.0      0.8092E-04   0.000       665.0       0.000      0.1023       0.000    
   13100   4.064      0.3116E-03 SHELL          1  -0.0%   673.0      0.8086E-04   0.000       673.0       0.000      0.1023       0.000    
   13200   4.095      0.3116E-03 SHELL          1  -0.0%   681.0      0.8067E-04   0.000       681.0       0.000      0.1023       0.000    
   13300   4.127      0.3117E-03 SHELL          1  -0.0%   688.9      0.8059E-04   0.000       688.9       0.000      0.1023       0.000    
   13400   4.158      0.3117E-03 SHELL          1  -0.0%   696.9      0.8053E-04   0.000       696.9       0.000      0.1023       0.000    
   13500   4.189      0.3117E-03 SHELL          1  -0.0%   704.9      0.8020E-04   0.000       704.9       0.000      0.1023       0.000    
   13600   4.220      0.3117E-03 SHELL          1  -0.0%   712.8      0.8014E-04   0.000       712.8       0.000      0.1023       0.000    
   13700   4.251      0.3117E-03 SHELL          1  -0.0%   720.8      0.7977E-04   0.000       720.8       0.000      0.1023       0.000    
   13800   4.283      0.3118E-03 SHELL          1  -0.0%   728.7      0.7963E-04   0.000       728.7       0.000      0.1023       0.000    
   13900   4.314      0.3118E-03 SHELL          1  -0.0%   736.6      0.7957E-04   0.000       736.6       0.000      0.1023       0.000    
   14000   4.345      0.3118E-03 SHELL          1  -0.0%   744.6      0.7900E-04   0.000       744.6       0.000      0.1023       0.000    
   14100   4.376      0.3118E-03 SHELL          1  -0.0%   752.5      0.7894E-04   0.000       752.5       0.000      0.1023       0.000    
     ANIMATION FILE: I02F_AA2024_NOFAIL_H2_R3A012 WRITTEN
   14200   4.407      0.3118E-03 SHELL          1  -0.0%   760.4      0.7836E-04   0.000       760.4       0.000      0.1023       0.000    
   14300   4.438      0.3119E-03 SHELL          1  -0.0%   768.2      0.7818E-04   0.000       768.2       0.000      0.1023       0.000    
   14400   4.470      0.3119E-03 SHELL          1  -0.0%   776.1      0.7812E-04   0.000       776.1       0.000      0.1023       0.000    
   14500   4.501      0.3119E-03 SHELL          1  -0.0%   784.0      0.7733E-04   0.000       784.0       0.000      0.1023       0.000    
   14600   4.532      0.3119E-03 SHELL          1  -0.0%   791.8      0.7725E-04   0.000       791.8       0.000      0.1023       0.000    
   14700   4.563      0.3119E-03 SHELL          3  -0.0%   799.6      0.7644E-04   0.000       799.6       0.000      0.1023       0.000    
   14800   4.594      0.3119E-03 SHELL          1  -0.0%   807.4      0.7626E-04   0.000       807.4       0.000      0.1023       0.000    
   14900   4.626      0.3120E-03 SHELL          1  -0.0%   815.2      0.7619E-04   0.000       815.2       0.000      0.1023       0.000    
   15000   4.657      0.3120E-03 SHELL          1  -0.0%   823.0      0.7525E-04   0.000       823.0       0.000      0.1023       0.000    
   15100   4.688      0.3120E-03 SHELL          1  -0.0%   830.7      0.7509E-04   0.000       830.7       0.000      0.1023       0.000    
   15200   4.719      0.3120E-03 SHELL          1  -0.0%   838.4      0.7504E-04   0.000       838.4       0.000      0.1023       0.000    
   15300   4.750      0.3120E-03 SHELL          1  -0.0%   846.1      0.7389E-04   0.000       846.1       0.000      0.1023       0.000    
   15400   4.782      0.3121E-03 SHELL          1  -0.0%   853.8      0.7381E-04   0.000       853.8       0.000      0.1023       0.000    
     ANIMATION FILE: I02F_AA2024_NOFAIL_H2_R3A013 WRITTEN
   15500   4.813      0.3121E-03 SHELL          2  -0.0%   861.4      0.7252E-04   0.000       861.4       0.000      0.1023       0.000    
   15600   4.844      0.3121E-03 SHELL          1  -0.0%   869.0      0.7249E-04   0.000       869.0       0.000      0.1023       0.000    
   15700   4.875      0.3121E-03 SHELL          1  -0.0%   876.6      0.7243E-04   0.000       876.6       0.000      0.1023       0.000    
   15800   4.906      0.3121E-03 SHELL          1  -0.0%   884.2      0.7104E-04   0.000       884.2       0.000      0.1023       0.000    
   15900   4.938      0.3121E-03 SHELL          1  -0.0%   891.7      0.7100E-04   0.000       891.7       0.000      0.1023       0.000    
   16000   4.969      0.3122E-03 SHELL          2  -0.0%   899.2      0.6999E-04   0.000       899.2       0.000      0.1023       0.000    
   16100   5.000      0.3122E-03 SHELL          1  -0.0%   906.7      0.6947E-04   0.000       906.7       0.000      0.1023       0.000    
   16200   5.031      0.3122E-03 SHELL          1  -0.0%   914.1      0.6942E-04   0.000       914.1       0.000      0.1023       0.000    
   16300   5.062      0.3122E-03 SHELL          1  -0.0%   921.5      0.6789E-04   0.000       921.5       0.000      0.1023       0.000    
   16400   5.094      0.3122E-03 SHELL          1  -0.0%   928.9      0.6779E-04   0.000       928.9       0.000      0.1023       0.000    
   16500   5.125      0.3122E-03 SHELL          3  -0.0%   936.2      0.6616E-04   0.000       936.2       0.000      0.1023       0.000    
   16600   5.156      0.3122E-03 SHELL          1  -0.0%   943.5      0.6607E-04   0.000       943.5       0.000      0.1023       0.000    
   16700   5.187      0.3123E-03 SHELL          1  -0.0%   950.8      0.6603E-04   0.000       950.8       0.000      0.1023       0.000    
     ANIMATION FILE: I02F_AA2024_NOFAIL_H2_R3A014 WRITTEN
   16800   5.219      0.3123E-03 SHELL          1  -0.0%   958.0      0.6431E-04   0.000       958.0       0.000      0.1023       0.000    
   16900   5.250      0.3123E-03 SHELL          1  -0.0%   965.2      0.6422E-04   0.000       965.2       0.000      0.1023       0.000    
   17000   5.281      0.3123E-03 SHELL          1  -0.0%   972.4      0.6280E-04   0.000       972.4       0.000      0.1023       0.000    
   17100   5.312      0.3123E-03 SHELL          1  -0.0%   979.5      0.6234E-04   0.000       979.5       0.000      0.1023       0.000    
   17200   5.344      0.3123E-03 SHELL          1  -0.0%   986.5      0.6229E-04   0.000       986.5       0.000      0.1023       0.000    
   17300   5.375      0.3124E-03 SHELL          1  -0.0%   993.6      0.6043E-04   0.000       993.6       0.000      0.1023       0.000    
   17400   5.406      0.3124E-03 SHELL          1  -0.0%   1001.      0.6032E-04   0.000       1001.       0.000      0.1023       0.000    
   17500   5.437      0.3124E-03 SHELL          1  -0.0%   1007.      0.6028E-04   0.000       1007.       0.000      0.1023       0.000    
   17600   5.468      0.3124E-03 SHELL          4  -0.0%   1014.      0.5827E-04   0.000       1014.       0.000      0.1023       0.000    
   17700   5.500      0.3124E-03 SHELL          1  -0.0%   1021.      0.5825E-04   0.000       1021.       0.000      0.1023       0.000    
   17800   5.531      0.3124E-03 SHELL          4  -0.0%   1028.      0.5650E-04   0.000       1028.       0.000      0.1023       0.000    
   17900   5.562      0.3124E-03 SHELL          1  -0.0%   1035.      0.5614E-04   0.000       1035.       0.000      0.1023       0.000    
   18000   5.593      0.3124E-03 SHELL          1  -0.0%   1041.      0.5611E-04   0.000       1041.       0.000      0.1023       0.000    
     ANIMATION FILE: I02F_AA2024_NOFAIL_H2_R3A015 WRITTEN
   18100   5.625      0.3125E-03 SHELL          4  -0.0%   1048.      0.5398E-04   0.000       1048.       0.000      0.1023       0.000    
   18200   5.656      0.3125E-03 SHELL          1  -0.0%   1055.      0.5394E-04   0.000       1055.       0.000      0.1023       0.000    
   18300   5.687      0.3125E-03 SHELL          1  -0.0%   1061.      0.5208E-04   0.000       1061.       0.000      0.1023       0.000    
   18400   5.718      0.3125E-03 SHELL          1  -0.0%   1068.      0.5172E-04   0.000       1068.       0.000      0.1023       0.000    
   18500   5.750      0.3125E-03 SHELL          1  -0.0%   1074.      0.5169E-04   0.000       1074.       0.000      0.1023       0.000    
   18600   5.781      0.3125E-03 SHELL          4  -0.0%   1081.      0.4946E-04   0.000       1081.       0.000      0.1023       0.000    
   18700   5.812      0.3125E-03 SHELL          1  -0.0%   1087.      0.4942E-04   0.000       1087.       0.000      0.1023       0.000    
   18800   5.843      0.3125E-03 SHELL          4  -0.0%   1093.      0.4739E-04   0.000       1093.       0.000      0.1023       0.000    
   18900   5.875      0.3126E-03 SHELL          1  -0.0%   1099.      0.4711E-04   0.000       1099.       0.000      0.1023       0.000    
   19000   5.906      0.3126E-03 SHELL          1  -0.0%   1106.      0.4709E-04   0.000       1106.       0.000      0.1023       0.000    
   19100   5.937      0.3126E-03 SHELL          1  -0.0%   1112.      0.4478E-04   0.000       1112.       0.000      0.1023       0.000    
   19200   5.968      0.3126E-03 SHELL          1  -0.0%   1118.      0.4474E-04   0.000       1118.       0.000      0.1023       0.000    
   19300   6.000      0.3126E-03 SHELL          1  -0.0%   1124.      0.4466E-04   0.000       1124.       0.000      0.1023       0.000    
     ANIMATION FILE: I02F_AA2024_NOFAIL_H2_R3A016 WRITTEN
   19400   6.031      0.3126E-03 SHELL          4  -0.0%   1130.      0.4239E-04   0.000       1130.       0.000      0.1023       0.000    
   19500   6.062      0.3126E-03 SHELL          1  -0.0%   1135.      0.4235E-04   0.000       1135.       0.000      0.1023       0.000    
   19600   6.094      0.3126E-03 SHELL          2  -0.0%   1141.      0.3991E-04   0.000       1141.       0.000      0.1023       0.000    
   19700   6.125      0.3126E-03 SHELL          4  -0.0%   1147.      0.3996E-04   0.000       1147.       0.000      0.1023       0.000    
   19800   6.156      0.3126E-03 SHELL          4  -0.0%   1153.      0.3994E-04   0.000       1153.       0.000      0.1023       0.000    
   19900   6.187      0.3127E-03 SHELL          1  -0.0%   1158.      0.3755E-04   0.000       1158.       0.000      0.1023       0.000    
   CYCLE    TIME      TIME-STEP  ELEMENT          ERROR  I-ENERGY    K-ENERGY T  K-ENERGY R  EXT-WORK     MAS.ERR     TOTAL MASS  MASS ADDED
   20000   6.219      0.3127E-03 SHELL          4  -0.0%   1164.      0.3754E-04   0.000       1164.       0.000      0.1023       0.000    
   20100   6.250      0.3127E-03 SHELL          2  -0.0%   1169.      0.3552E-04   0.000       1169.       0.000      0.1023       0.000    
   20200   6.281      0.3127E-03 SHELL          4  -0.0%   1174.      0.3513E-04   0.000       1174.       0.000      0.1023       0.000    
   20300   6.312      0.3127E-03 SHELL          4  -0.0%   1180.      0.3511E-04   0.000       1180.       0.000      0.1023       0.000    
   20400   6.344      0.3127E-03 SHELL          4  -0.0%   1185.      0.3270E-04   0.000       1185.       0.000      0.1023       0.000    
   20500   6.375      0.3127E-03 SHELL          2  -0.0%   1190.      0.3271E-04   0.000       1190.       0.000      0.1023       0.000    
     ANIMATION FILE: I02F_AA2024_NOFAIL_H2_R3A017 WRITTEN
   20600   6.406      0.3127E-03 SHELL          2  -0.0%   1195.      0.3047E-04   0.000       1195.       0.000      0.1023       0.000    
   20700   6.437      0.3127E-03 SHELL          2  -0.0%   1200.      0.3031E-04   0.000       1200.       0.000      0.1023       0.000    
   20800   6.469      0.3127E-03 SHELL          2  -0.0%   1205.      0.3030E-04   0.000       1205.       0.000      0.1023       0.000    
   20900   6.500      0.3127E-03 SHELL          2  -0.0%   1210.      0.2802E-04   0.000       1210.       0.000      0.1023       0.000    
   21000   6.531      0.3128E-03 SHELL          2  -0.0%   1215.      0.2793E-04   0.000       1215.       0.000      0.1023       0.000    
   21100   6.563      0.3128E-03 SHELL          1  -0.0%   1220.      0.2596E-04   0.000       1220.       0.000      0.1023       0.000    
   21200   6.594      0.3128E-03 SHELL          2  -0.0%   1224.      0.2559E-04   0.000       1224.       0.000      0.1023       0.000    
   21300   6.625      0.3128E-03 SHELL          2  -0.0%   1229.      0.2558E-04   0.000       1229.       0.000      0.1023       0.000    
   21400   6.656      0.3128E-03 SHELL          4  -0.0%   1233.      0.2362E-04   0.000       1233.       0.000      0.1023       0.000    
   21500   6.688      0.3128E-03 SHELL          2  -0.0%   1238.      0.2327E-04   0.000       1238.       0.000      0.1023       0.000    
   21600   6.719      0.3128E-03 SHELL          1  -0.0%   1242.      0.2326E-04   0.000       1242.       0.000      0.1023       0.000    
   21700   6.750      0.3128E-03 SHELL          2  -0.0%   1246.      0.2103E-04   0.000       1246.       0.000      0.1023       0.000    
   21800   6.781      0.3128E-03 SHELL          1  -0.0%   1250.      0.2101E-04   0.000       1250.       0.000      0.1023       0.000    
     ANIMATION FILE: I02F_AA2024_NOFAIL_H2_R3A018 WRITTEN
   21900   6.813      0.3128E-03 SHELL          1  -0.0%   1254.      0.1873E-04   0.000       1254.       0.000      0.1023       0.000    
   22000   6.844      0.3128E-03 SHELL          1  -0.0%   1258.      0.1881E-04   0.000       1258.       0.000      0.1023       0.000    
   22100   6.875      0.3128E-03 SHELL          1  -0.0%   1262.      0.1880E-04   0.000       1262.       0.000      0.1023       0.000    
   22200   6.907      0.3128E-03 SHELL          1  -0.0%   1266.      0.1666E-04   0.000       1266.       0.000      0.1023       0.000    
   22300   6.938      0.3128E-03 SHELL          1  -0.0%   1269.      0.1667E-04   0.000       1269.       0.000      0.1023       0.000    
   22400   6.969      0.3128E-03 SHELL          2  -0.0%   1273.      0.1514E-04   0.000       1273.       0.000      0.1023       0.000    
   22500   7.000      0.3128E-03 SHELL          1  -0.0%   1277.      0.1462E-04   0.000       1277.       0.000      0.1023       0.000    
   22600   7.032      0.3129E-03 SHELL          1  -0.0%   1280.      0.1461E-04   0.000       1280.       0.000      0.1023       0.000    
   22700   7.063      0.3129E-03 SHELL          3  -0.0%   1283.      0.1264E-04   0.000       1283.       0.000      0.1023       0.000    
   22800   7.094      0.3129E-03 SHELL          1  -0.0%   1286.      0.1264E-04   0.000       1286.       0.000      0.1023       0.000    
   22900   7.126      0.3129E-03 SHELL          4  -0.0%   1290.      0.1077E-04   0.000       1290.       0.000      0.1023       0.000    
   23000   7.157      0.3129E-03 SHELL          1  -0.0%   1293.      0.1077E-04   0.000       1293.       0.000      0.1023       0.000    
   23100   7.188      0.3129E-03 SHELL          1  -0.0%   1296.      0.1077E-04   0.000       1296.       0.000      0.1023       0.000    
     ANIMATION FILE: I02F_AA2024_NOFAIL_H2_R3A019 WRITTEN
   23200   7.219      0.3129E-03 SHELL          4  -0.0%   1298.      0.9009E-05   0.000       1298.       0.000      0.1023       0.000    
   23300   7.251      0.3129E-03 SHELL          1  -0.0%   1301.      0.9010E-05   0.000       1301.       0.000      0.1023       0.000    
   23400   7.282      0.3129E-03 SHELL          1  -0.0%   1304.      0.7583E-05   0.000       1304.       0.000      0.1023       0.000    
   23500   7.313      0.3129E-03 SHELL          1  -0.0%   1306.      0.7376E-05   0.000       1306.       0.000      0.1023       0.000    
   23600   7.345      0.3129E-03 SHELL          1  -0.0%   1309.      0.7368E-05   0.000       1309.       0.000      0.1023       0.000    
   23700   7.376      0.3129E-03 SHELL          4  -0.0%   1311.      0.5848E-05   0.000       1311.       0.000      0.1023       0.000    
   23800   7.407      0.3129E-03 SHELL          1  -0.0%   1313.      0.5861E-05   0.000       1313.       0.000      0.1023       0.000    
   23900   7.439      0.3129E-03 SHELL          1  -0.0%   1315.      0.5859E-05   0.000       1315.       0.000      0.1023       0.000    
   24000   7.470      0.3129E-03 SHELL          1  -0.0%   1317.      0.4505E-05   0.000       1317.       0.000      0.1023       0.000    
   24100   7.501      0.3129E-03 SHELL          1  -0.0%   1319.      0.4494E-05   0.000       1319.       0.000      0.1023       0.000    
   24200   7.532      0.3129E-03 SHELL          1  -0.0%   1321.      0.3404E-05   0.000       1321.       0.000      0.1023       0.000    
   24300   7.564      0.3129E-03 SHELL          1  -0.0%   1323.      0.3287E-05   0.000       1323.       0.000      0.1023       0.000    
   24400   7.595      0.3129E-03 SHELL          1  -0.0%   1324.      0.3286E-05   0.000       1324.       0.000      0.1023       0.000    
     ANIMATION FILE: I02F_AA2024_NOFAIL_H2_R3A020 WRITTEN
   24500   7.626      0.3129E-03 SHELL          1  -0.0%   1326.      0.2241E-05   0.000       1326.       0.000      0.1023       0.000    
   24600   7.658      0.3129E-03 SHELL          1  -0.0%   1327.      0.2246E-05   0.000       1327.       0.000      0.1023       0.000    
   24700   7.689      0.3129E-03 SHELL          3  -0.0%   1328.      0.1606E-05   0.000       1328.       0.000      0.1023       0.000    
   24800   7.720      0.3129E-03 SHELL          1  -0.0%   1329.      0.1387E-05   0.000       1329.       0.000      0.1023       0.000    
   24900   7.751      0.3129E-03 SHELL          1  -0.0%   1331.      0.1386E-05   0.000       1331.       0.000      0.1023       0.000    
   25000   7.783      0.3129E-03 SHELL          1  -0.0%   1331.      0.7239E-06   0.000       1331.       0.000      0.1023       0.000    
   25100   7.814      0.3129E-03 SHELL          1  -0.0%   1332.      0.7223E-06   0.000       1332.       0.000      0.1023       0.000    
   25200   7.845      0.3129E-03 SHELL          4  -0.0%   1333.      0.2800E-06   0.000       1333.       0.000      0.1023       0.000    
   25300   7.877      0.3129E-03 SHELL          1  -0.0%   1333.      0.2645E-06   0.000       1333.       0.000      0.1023       0.000    
   25400   7.908      0.3129E-03 SHELL          1  -0.0%   1334.      0.2651E-06   0.000       1334.       0.000      0.1023       0.000    
   25500   7.939      0.3129E-03 SHELL          4  -0.0%   1334.      0.2952E-07   0.000       1334.       0.000      0.1023       0.000    
   25600   7.970      0.3129E-03 SHELL          1  -0.0%   1334.      0.2992E-07   0.000       1334.       0.000      0.1023       0.000    

     RESTART FILES: I02F_AA2024_NOFAIL_H2_R3_0001_[0001-0001].rst WRITTEN
     -------------

     ANIMATION FILE: I02F_AA2024_NOFAIL_H2_R3A021 WRITTEN
  
                           ** CPU USER TIME **
  
  
                        ** SUMMARY **
  
 #PROC  ELEMENT   KINCOND   INTEG     IO        T0        ASM       RESOL    
   1   .3438E+00 .1250E+00 .9375E-01 .4531E+00 .2969E+00 .6250E-01 .1688E+01
  
 
                   ** CUMULATIVE CPU TIME SUMMARY **
  
 CONTACT SORTING.............: .0000E+00     0.00 % 
 CONTACT FORCES..............: .0000E+00     0.00 % 
 ELEMENT FORCES..............: .3438E+00    20.37 % 
 KINEMATIC COND..............: .1250E+00     7.41 % 
 INTEGRATION.................: .9375E-01     5.56 % 
 ASSEMBLING..................: .6250E-01     3.70 % 
 OTHERS (including I/O)......: .1062E+01    62.96 % 
 TOTAL.......................: .1688E+01   100.00 % 
  
  
                           ** ELAPSED TIME **
  
  
                        ** SUMMARY **
  
 #PROC  ELEMENT   KINCOND   INTEG     IO        T0        ASM       RESOL    
   1   .2978E+00 .1190E+00 .8588E-01 .4194E+00 .2778E+00 .5203E-01 .1684E+01
  
                   ** MEMORY USAGE STATISTICS **
  
 TOTAL MEMORY USED .........................:       47 MB
 MAXIMUM MEMORY PER PROCESSOR...............:       47 MB
 MINIMUM MEMORY PER PROCESSOR...............:       47 MB
 AVERAGE MEMORY PER PROCESSOR...............:       47 MB
  
                   ** DISK USAGE STATISTICS **
  
 TOTAL DISK SPACE USED .....................:          1 MB
 ANIMATION/H3D/TH/OUTP SIZE ................:          1 MB
 RESTART FILE SIZE .........................:          0 MB
  
                   ** COMPUTE TIME INFORMATION **
                        ** CURRENT ENGINE **
  
 EXECUTION STARTED .........................:      2026/09/14  14:12:06
 EXECUTION COMPLETED .......................:      2026/09/14  14:12:07
  
 ELAPSED TIME     =          1.71 s
                          0:00:01



     NORMAL TERMINATION      



     TOTAL NUMBER OF CYCLES  :   25696

  
                   ** COMPUTE RUNTIME INFORMATION SUMMARY **
  
        STARTER RUNTIME =          0.56s (00:00:00)
 # 001   ENGINE RUNTIME =          1.71s (00:00:01)
 ------------------------------ 
 STARTER+ENGINE RUNTIME =          2.27s (00:00:02)
  
