SUMMARY OF C0NVERGENCE INFORMATION
  STEP   INC  ATT   ITER     CONT.   RESID.        CORR.      RESID.      CORR.
                              EL.    FORCE         DISP       FLUX        TEMP.
                              (#)     (%)           (%)        (%)         (%)
     1     1     1     1        0  0.0000E+00  0.1000E+03  0.0000E+00  0.0000E+00
     1     1     1     2        0  0.0000E+00  0.6100E-10  0.0000E+00  0.0000E+00
     1     2     1     1        0  0.0000E+00  0.2800E-13  0.0000E+00  0.0000E+00
     1     2     1     2        0  0.0000E+00  0.3008E-13  0.0000E+00  0.0000E+00
     1     3     1     1        0  0.0000E+00  0.8011E-13  0.0000E+00  0.0000E+00
     1     3     1     2        0  0.0000E+00  0.2495E-13  0.0000E+00  0.0000E+00
     1     4     1     1        0  0.0000E+00  0.6933E-13  0.0000E+00  0.0000E+00
     1     4     1     2        0  0.0000E+00  0.4292E-13  0.0000E+00  0.0000E+00
     1     5     1     1        0  0.0000E+00  0.1344E-12  0.0000E+00  0.0000E+00
     1     5     1     2        0  0.0000E+00  0.3501E-13  0.0000E+00  0.0000E+00
     1     6     1     1        0  0.0000E+00  0.2245E-12  0.0000E+00  0.0000E+00
     1     6     1     2        0  0.0000E+00  0.9731E-13  0.0000E+00  0.0000E+00
     1     7     1     1        0  0.0000E+00  0.1366E-12  0.0000E+00  0.0000E+00
     1     7     1     2        0  0.0000E+00  0.4612E-13  0.0000E+00  0.0000E+00
     1     8     1     1        0  0.0000E+00  0.2655E-12  0.0000E+00  0.0000E+00
     1     8     1     2        0  0.0000E+00  0.8090E-13  0.0000E+00  0.0000E+00
     1     9     1     1        0  0.0000E+00  0.2451E-12  0.0000E+00  0.0000E+00
     1     9     1     2        0  0.0000E+00  0.1605E-12  0.0000E+00  0.0000E+00
     1    10     1     1        0  0.0000E+00  0.2851E-12  0.0000E+00  0.0000E+00
     1    10     1     2        0  0.0000E+00  0.1426E-12  0.0000E+00  0.0000E+00
     1    11     1     1        0  0.0000E+00  0.4582E-12  0.0000E+00  0.0000E+00
     1    11     1     2        0  0.0000E+00  0.1347E-12  0.0000E+00  0.0000E+00
     1    12     1     1        0  0.0000E+00  0.3412E-01  0.0000E+00  0.0000E+00
     1    12     1     2        0  0.0000E+00  0.4301E-12  0.0000E+00  0.0000E+00
     1    13     1     1        0  0.0000E+00  0.7960E-01  0.0000E+00  0.0000E+00
     1    13     1     2        0  0.0000E+00  0.1344E-11  0.0000E+00  0.0000E+00
     1    14     1     1        0  0.0000E+00  0.3660E-11  0.0000E+00  0.0000E+00
     1    14     1     2        0  0.0000E+00  0.2574E-11  0.0000E+00  0.0000E+00
     1    15     1     1        0  0.0000E+00  0.6258E-11  0.0000E+00  0.0000E+00
     1    15     1     2        0  0.0000E+00  0.6207E-11  0.0000E+00  0.0000E+00
     1    16     1     1        0  0.0000E+00  0.8153E-11  0.0000E+00  0.0000E+00
     1    16     1     2        0  0.0000E+00  0.1102E-10  0.0000E+00  0.0000E+00
     1    17     1     1        0  0.0000E+00  0.6243E-11  0.0000E+00  0.0000E+00
     1    17     1     2        0  0.0000E+00  0.5431E-12  0.0000E+00  0.0000E+00
     1    18     1     1        0  0.0000E+00  0.1800E-11  0.0000E+00  0.0000E+00
     1    18     1     2        0  0.0000E+00  0.5534E-11  0.0000E+00  0.0000E+00
     1    19     1     1        0  0.0000E+00  0.1422E-10  0.0000E+00  0.0000E+00
     1    19     1     2        0  0.0000E+00  0.1882E-11  0.0000E+00  0.0000E+00
     1    20     1     1        0  0.0000E+00  0.3399E-11  0.0000E+00  0.0000E+00
     1    20     1     2        0  0.0000E+00  0.3183E-12  0.0000E+00  0.0000E+00
     1    21     1     1        0  0.0000E+00  0.1145E-10  0.0000E+00  0.0000E+00
     1    21     1     2        0  0.0000E+00  0.2678E-11  0.0000E+00  0.0000E+00
     1    22     1     1        0  0.0000E+00  0.2747E-11  0.0000E+00  0.0000E+00
     1    22     1     2        0  0.0000E+00  0.9926E-11  0.0000E+00  0.0000E+00
     2     1     1     1        0  0.0000E+00  0.1000E+03  0.0000E+00  0.0000E+00
     2     1     1     2        0  0.0000E+00  0.6162E-10  0.0000E+00  0.0000E+00
     2     2     1     1        0  0.0000E+00  0.1456E-11  0.0000E+00  0.0000E+00
     2     2     1     2        0  0.0000E+00  0.8611E-12  0.0000E+00  0.0000E+00
     2     3     1     1        0  0.0000E+00  0.2261E-11  0.0000E+00  0.0000E+00
     2     3     1     2        0  0.0000E+00  0.3844E-12  0.0000E+00  0.0000E+00
     2     4     1     1        0  0.0000E+00  0.1130E-11  0.0000E+00  0.0000E+00
     2     4     1     2        0  0.0000E+00  0.2160E-12  0.0000E+00  0.0000E+00
     2     5     1     1        0  0.0000E+00  0.7958E-12  0.0000E+00  0.0000E+00
     2     5     1     2        0  0.0000E+00  0.3014E-12  0.0000E+00  0.0000E+00
     2     6     1     1        0  0.0000E+00  0.5833E-12  0.0000E+00  0.0000E+00
     2     6     1     2        0  0.0000E+00  0.2310E-12  0.0000E+00  0.0000E+00
     2     7     1     1        0  0.0000E+00  0.4811E-12  0.0000E+00  0.0000E+00
     2     7     1     2        0  0.0000E+00  0.2575E-12  0.0000E+00  0.0000E+00
     2     8     1     1        0  0.0000E+00  0.5198E-12  0.0000E+00  0.0000E+00
     2     8     1     2        0  0.0000E+00  0.1413E-12  0.0000E+00  0.0000E+00
     2     9     1     1        0  0.0000E+00  0.6513E-12  0.0000E+00  0.0000E+00
     2     9     1     2        0  0.0000E+00  0.2261E-12  0.0000E+00  0.0000E+00
     2    10     1     1        0  0.0000E+00  0.6838E-12  0.0000E+00  0.0000E+00
     2    10     1     2        0  0.0000E+00  0.1914E-12  0.0000E+00  0.0000E+00
     2    11     1     1        0  0.0000E+00  0.4531E-12  0.0000E+00  0.0000E+00
     2    11     1     2        0  0.0000E+00  0.1782E-12  0.0000E+00  0.0000E+00
     2    12     1     1        0  0.0000E+00  0.5410E-12  0.0000E+00  0.0000E+00
     2    12     1     2        0  0.0000E+00  0.1769E-12  0.0000E+00  0.0000E+00
     2    13     1     1        0  0.0000E+00  0.2756E-12  0.0000E+00  0.0000E+00
     2    13     1     2        0  0.0000E+00  0.1566E-12  0.0000E+00  0.0000E+00
     2    14     1     1        0  0.0000E+00  0.3693E-12  0.0000E+00  0.0000E+00
     2    14     1     2        0  0.0000E+00  0.7303E-13  0.0000E+00  0.0000E+00
     2    15     1     1        0  0.0000E+00  0.3901E-12  0.0000E+00  0.0000E+00
     2    15     1     2        0  0.0000E+00  0.1219E-12  0.0000E+00  0.0000E+00
     2    16     1     1        0  0.0000E+00  0.2587E-12  0.0000E+00  0.0000E+00
     2    16     1     2        0  0.0000E+00  0.8065E-13  0.0000E+00  0.0000E+00
     2    17     1     1        0  0.0000E+00  0.2603E-12  0.0000E+00  0.0000E+00
     2    17     1     2        0  0.0000E+00  0.1026E-12  0.0000E+00  0.0000E+00
     2    18     1     1        0  0.0000E+00  0.1925E-12  0.0000E+00  0.0000E+00
     2    18     1     2        0  0.0000E+00  0.3647E-13  0.0000E+00  0.0000E+00
     2    19     1     1        0  0.0000E+00  0.4859E-12  0.0000E+00  0.0000E+00
     2    19     1     2        0  0.0000E+00  0.1077E-12  0.0000E+00  0.0000E+00
     2    20     1     1        0  0.0000E+00  0.3496E-12  0.0000E+00  0.0000E+00
     2    20     1     2        0  0.0000E+00  0.1457E-12  0.0000E+00  0.0000E+00
     2    21     1     1        0  0.0000E+00  0.4174E-12  0.0000E+00  0.0000E+00
     2    21     1     2        0  0.0000E+00  0.1456E-12  0.0000E+00  0.0000E+00
     2    22     1     1        0  0.0000E+00  0.1664E-12  0.0000E+00  0.0000E+00
     2    22     1     2        0  0.0000E+00  0.5714E-13  0.0000E+00  0.0000E+00
     3     1     1     1        0  0.1977E+03  0.1000E+03  0.0000E+00  0.0000E+00
     3     1     1     2        0  0.0000E+00  0.8543E-01  0.0000E+00  0.0000E+00
     3     2     1     1        0  0.0000E+00  0.2829E-01  0.0000E+00  0.0000E+00
     3     2     1     2        0  0.0000E+00  0.1761E-11  0.0000E+00  0.0000E+00
     3     3     1     1        0  0.0000E+00  0.6415E-11  0.0000E+00  0.0000E+00
     3     3     1     2        0  0.0000E+00  0.4772E-11  0.0000E+00  0.0000E+00
     3     4     1     1        0  0.0000E+00  0.3447E-11  0.0000E+00  0.0000E+00
     3     4     1     2        0  0.0000E+00  0.5528E-11  0.0000E+00  0.0000E+00
     3     5     1     1        0  0.0000E+00  0.1295E-10  0.0000E+00  0.0000E+00
     3     5     1     2        0  0.0000E+00  0.2175E-11  0.0000E+00  0.0000E+00
     3     6     1     1        0  0.0000E+00  0.7423E-11  0.0000E+00  0.0000E+00
     3     6     1     2        0  0.0000E+00  0.2729E-11  0.0000E+00  0.0000E+00
     3     7     1     1        0  0.0000E+00  0.8602E-11  0.0000E+00  0.0000E+00
     3     7     1     2        0  0.0000E+00  0.5026E-11  0.0000E+00  0.0000E+00
     3     8     1     1        0  0.0000E+00  0.8454E-12  0.0000E+00  0.0000E+00
     3     8     1     2        0  0.0000E+00  0.3411E-11  0.0000E+00  0.0000E+00
     3     9     1     1        0  0.0000E+00  0.2464E-11  0.0000E+00  0.0000E+00
     3     9     1     2        0  0.0000E+00  0.4015E-11  0.0000E+00  0.0000E+00
     3    10     1     1        0  0.0000E+00  0.2310E-10  0.0000E+00  0.0000E+00
     3    10     1     2        0  0.0000E+00  0.4690E-11  0.0000E+00  0.0000E+00
     3    11     1     1        0  0.0000E+00  0.8821E-11  0.0000E+00  0.0000E+00
     3    11     1     2        0  0.0000E+00  0.5061E-11  0.0000E+00  0.0000E+00
     3    12     1     1        0  0.0000E+00  0.1268E-10  0.0000E+00  0.0000E+00
     3    12     1     2        0  0.0000E+00  0.2009E-11  0.0000E+00  0.0000E+00
     3    13     1     1        0  0.0000E+00  0.5738E-11  0.0000E+00  0.0000E+00
     3    13     1     2        0  0.0000E+00  0.3792E-11  0.0000E+00  0.0000E+00
     3    14     1     1        0  0.0000E+00  0.4506E-11  0.0000E+00  0.0000E+00
     3    14     1     2        0  0.0000E+00  0.4768E-11  0.0000E+00  0.0000E+00
     3    15     1     1        0  0.0000E+00  0.5220E-11  0.0000E+00  0.0000E+00
     3    15     1     2        0  0.0000E+00  0.3448E-11  0.0000E+00  0.0000E+00
     3    16     1     1        0  0.0000E+00  0.7099E-11  0.0000E+00  0.0000E+00
     3    16     1     2        0  0.0000E+00  0.4287E-11  0.0000E+00  0.0000E+00
     3    17     1     1        0  0.0000E+00  0.2317E-11  0.0000E+00  0.0000E+00
     3    17     1     2        0  0.0000E+00  0.3592E-11  0.0000E+00  0.0000E+00
     3    18     1     1        0  0.0000E+00  0.4988E-11  0.0000E+00  0.0000E+00
     3    18     1     2        0  0.0000E+00  0.4228E-11  0.0000E+00  0.0000E+00
     3    19     1     1        0  0.0000E+00  0.1221E-10  0.0000E+00  0.0000E+00
     3    19     1     2        0  0.0000E+00  0.1499E-11  0.0000E+00  0.0000E+00
     3    20     1     1        0  0.0000E+00  0.4866E-11  0.0000E+00  0.0000E+00
     3    20     1     2        0  0.0000E+00  0.1461E-10  0.0000E+00  0.0000E+00
     3    21     1     1        0  0.0000E+00  0.8058E-11  0.0000E+00  0.0000E+00
     3    21     1     2        0  0.0000E+00  0.2198E-11  0.0000E+00  0.0000E+00
     3    22     1     1        0  0.0000E+00  0.5489E-11  0.0000E+00  0.0000E+00
     3    22     1     2        0  0.0000E+00  0.2049E-10  0.0000E+00  0.0000E+00
     4     1     1     1        0  0.0000E+00  0.1000E+03  0.0000E+00  0.0000E+00
     4     1     1     2        0  0.0000E+00  0.6200E-10  0.0000E+00  0.0000E+00
     4     2     1     1        0  0.0000E+00  0.2739E-11  0.0000E+00  0.0000E+00
     4     2     1     2        0  0.0000E+00  0.5886E-12  0.0000E+00  0.0000E+00
     4     3     1     1        0  0.0000E+00  0.2288E-11  0.0000E+00  0.0000E+00
     4     3     1     2        0  0.0000E+00  0.5044E-12  0.0000E+00  0.0000E+00
     4     4     1     1        0  0.0000E+00  0.1020E-11  0.0000E+00  0.0000E+00
     4     4     1     2        0  0.0000E+00  0.4288E-12  0.0000E+00  0.0000E+00
     4     5     1     1        0  0.0000E+00  0.9090E-12  0.0000E+00  0.0000E+00
     4     5     1     2        0  0.0000E+00  0.2081E-12  0.0000E+00  0.0000E+00
     4     6     1     1        0  0.0000E+00  0.5823E-12  0.0000E+00  0.0000E+00
     4     6     1     2        0  0.0000E+00  0.2710E-12  0.0000E+00  0.0000E+00
     4     7     1     1        0  0.0000E+00  0.5282E-12  0.0000E+00  0.0000E+00
     4     7     1     2        0  0.0000E+00  0.2199E-12  0.0000E+00  0.0000E+00
     4     8     1     1        0  0.0000E+00  0.4628E-12  0.0000E+00  0.0000E+00
     4     8     1     2        0  0.0000E+00  0.1405E-12  0.0000E+00  0.0000E+00
     4     9     1     1        0  0.0000E+00  0.4839E-12  0.0000E+00  0.0000E+00
     4     9     1     2        0  0.0000E+00  0.1336E-12  0.0000E+00  0.0000E+00
     4    10     1     1        0  0.0000E+00  0.5617E-12  0.0000E+00  0.0000E+00
     4    10     1     2        0  0.0000E+00  0.1502E-12  0.0000E+00  0.0000E+00
     4    11     1     1        0  0.0000E+00  0.6063E-12  0.0000E+00  0.0000E+00
     4    11     1     2        0  0.0000E+00  0.2691E-12  0.0000E+00  0.0000E+00
     4    12     1     1        0  0.0000E+00  0.3001E-12  0.0000E+00  0.0000E+00
     4    12     1     2        0  0.0000E+00  0.1122E-12  0.0000E+00  0.0000E+00
     4    13     1     1        0  0.0000E+00  0.3289E-12  0.0000E+00  0.0000E+00
     4    13     1     2        0  0.0000E+00  0.1394E-12  0.0000E+00  0.0000E+00
     4    14     1     1        0  0.0000E+00  0.3729E-12  0.0000E+00  0.0000E+00
     4    14     1     2        0  0.0000E+00  0.1115E-12  0.0000E+00  0.0000E+00
     4    15     1     1        0  0.0000E+00  0.3675E-12  0.0000E+00  0.0000E+00
     4    15     1     2        0  0.0000E+00  0.1008E-12  0.0000E+00  0.0000E+00
     4    16     1     1        0  0.0000E+00  0.1678E-12  0.0000E+00  0.0000E+00
     4    16     1     2        0  0.0000E+00  0.5201E-13  0.0000E+00  0.0000E+00
     4    17     1     1        0  0.0000E+00  0.2760E-12  0.0000E+00  0.0000E+00
     4    17     1     2        0  0.0000E+00  0.7684E-13  0.0000E+00  0.0000E+00
     4    18     1     1        0  0.0000E+00  0.1493E-12  0.0000E+00  0.0000E+00
     4    18     1     2        0  0.0000E+00  0.4946E-13  0.0000E+00  0.0000E+00
     4    19     1     1        0  0.0000E+00  0.4166E-12  0.0000E+00  0.0000E+00
     4    19     1     2        0  0.0000E+00  0.5608E-13  0.0000E+00  0.0000E+00
     4    20     1     1        0  0.0000E+00  0.4336E-12  0.0000E+00  0.0000E+00
     4    20     1     2        0  0.0000E+00  0.2514E-13  0.0000E+00  0.0000E+00
     4    21     1     1        0  0.0000E+00  0.1666E-12  0.0000E+00  0.0000E+00
     4    21     1     2        0  0.0000E+00  0.4692E-13  0.0000E+00  0.0000E+00
     4    22     1     1        0  0.0000E+00  0.3585E-12  0.0000E+00  0.0000E+00
     4    22     1     2        0  0.0000E+00  0.1633E-12  0.0000E+00  0.0000E+00
     5     1     1     1        0  0.8586E+02  0.1000E+03  0.0000E+00  0.0000E+00
     5     1     1     2        0  0.0000E+00  0.2914E-01  0.0000E+00  0.0000E+00
     5     2     1     1        0  0.0000E+00  0.8458E-01  0.0000E+00  0.0000E+00
     5     2     1     2        0  0.0000E+00  0.2003E-10  0.0000E+00  0.0000E+00
     5     3     1     1        0  0.0000E+00  0.3275E-10  0.0000E+00  0.0000E+00
     5     3     1     2        0  0.0000E+00  0.4406E-11  0.0000E+00  0.0000E+00
     5     4     1     1        0  0.0000E+00  0.5654E-11  0.0000E+00  0.0000E+00
     5     4     1     2        0  0.0000E+00  0.3270E-11  0.0000E+00  0.0000E+00
     5     5     1     1        0  0.0000E+00  0.4673E-12  0.0000E+00  0.0000E+00
     5     5     1     2        0  0.0000E+00  0.4926E-11  0.0000E+00  0.0000E+00
     5     6     1     1        0  0.0000E+00  0.1029E-11  0.0000E+00  0.0000E+00
     5     6     1     2        0  0.0000E+00  0.4825E-12  0.0000E+00  0.0000E+00
     5     7     1     1        0  0.0000E+00  0.1182E-10  0.0000E+00  0.0000E+00
     5     7     1     2        0  0.0000E+00  0.7892E-11  0.0000E+00  0.0000E+00
     5     8     1     1        0  0.0000E+00  0.2362E-11  0.0000E+00  0.0000E+00
     5     8     1     2        0  0.0000E+00  0.5841E-11  0.0000E+00  0.0000E+00
     5     9     1     1        0  0.0000E+00  0.1426E-10  0.0000E+00  0.0000E+00
     5     9     1     2        0  0.0000E+00  0.3443E-11  0.0000E+00  0.0000E+00
     5    10     1     1        0  0.0000E+00  0.1247E-11  0.0000E+00  0.0000E+00
     5    10     1     2        0  0.0000E+00  0.2144E-11  0.0000E+00  0.0000E+00
     5    11     1     1        0  0.0000E+00  0.1073E-11  0.0000E+00  0.0000E+00
     5    11     1     2        0  0.0000E+00  0.8309E-11  0.0000E+00  0.0000E+00
     5    12     1     1        0  0.0000E+00  0.7969E-11  0.0000E+00  0.0000E+00
     5    12     1     2        0  0.0000E+00  0.1862E-11  0.0000E+00  0.0000E+00
     5    13     1     1        0  0.0000E+00  0.2732E-11  0.0000E+00  0.0000E+00
     5    13     1     2        0  0.0000E+00  0.2654E-11  0.0000E+00  0.0000E+00
     5    14     1     1        0  0.0000E+00  0.1613E-10  0.0000E+00  0.0000E+00
     5    14     1     2        0  0.0000E+00  0.3637E-11  0.0000E+00  0.0000E+00
     5    15     1     1        0  0.0000E+00  0.4126E-11  0.0000E+00  0.0000E+00
     5    15     1     2        0  0.0000E+00  0.2116E-11  0.0000E+00  0.0000E+00
     5    16     1     1        0  0.0000E+00  0.1548E-10  0.0000E+00  0.0000E+00
     5    16     1     2        0  0.0000E+00  0.9899E-11  0.0000E+00  0.0000E+00
     5    17     1     1        0  0.0000E+00  0.1761E-11  0.0000E+00  0.0000E+00
     5    17     1     2        0  0.0000E+00  0.3695E-11  0.0000E+00  0.0000E+00
     5    18     1     1        0  0.0000E+00  0.7398E-11  0.0000E+00  0.0000E+00
     5    18     1     2        0  0.0000E+00  0.1844E-11  0.0000E+00  0.0000E+00
     5    19     1     1        0  0.0000E+00  0.9201E-11  0.0000E+00  0.0000E+00
     5    19     1     2        0  0.0000E+00  0.2487E-11  0.0000E+00  0.0000E+00
     5    20     1     1        0  0.0000E+00  0.8724E-11  0.0000E+00  0.0000E+00
     5    20     1     2        0  0.0000E+00  0.3138E-11  0.0000E+00  0.0000E+00
     5    21     1     1        0  0.0000E+00  0.3137E-11  0.0000E+00  0.0000E+00
     5    21     1     2        0  0.0000E+00  0.4890E-11  0.0000E+00  0.0000E+00
     5    22     1     1        0  0.0000E+00  0.1640E-10  0.0000E+00  0.0000E+00
     5    22     1     2        0  0.0000E+00  0.7095E-11  0.0000E+00  0.0000E+00
