************************************************************************
**                                                                    **
**                                                                    **
**                         OpenRadioss Engine                         **
**                                                                    **
**            Non-linear Finite Element Analysis Software             **
**                                                                    **
**                                                                    **
**                                                                    **
**                  Windows 64 bits, Intel compiler                   **
**                      Double Precision Version                      **
**                                                                    **
**                                                                    **
**                                                                    **
************************************************************************
** OpenRadioss Software                                               **
** COPYRIGHT (C) 2026 Siemens                                         **
** Licensed under GNU Affero General Public License.                  **
** See License file.                                                  **
************************************************************************
 
 ROOT: I02IC_SHEAR  RESTART: 0001
 NUMBER OF HMPP PROCESSES     1
 03/10/2026
 NC=       0 T= 0.0000E+00 DT= 3.7796E-04 ERR=  0.0% DM/M= 0.0000E+00
 NC=     100 T= 3.7796E-02 DT= 3.7796E-04 ERR= -0.0% DM/M= 0.0000E+00
 ELAPSED TIME=          0.04 s  REMAINING TIME=          0.96 s
 NC=     200 T= 7.5593E-02 DT= 3.7796E-04 ERR=  0.0% DM/M= 0.0000E+00
 ELAPSED TIME=          0.04 s  REMAINING TIME=          0.55 s
 NC=     300 T= 1.1339E-01 DT= 3.7796E-04 ERR= -0.0% DM/M= 0.0000E+00
 ELAPSED TIME=          0.05 s  REMAINING TIME=          0.40 s
 NC=     400 T= 1.5119E-01 DT= 3.7796E-04 ERR= -0.0% DM/M= 0.0000E+00
 ELAPSED TIME=          0.06 s  REMAINING TIME=          0.33 s
 NC=     500 T= 1.8898E-01 DT= 3.7796E-04 ERR= -0.0% DM/M= 0.0000E+00
 ELAPSED TIME=          0.07 s  REMAINING TIME=          0.28 s
 NC=     600 T= 2.2678E-01 DT= 3.7796E-04 ERR= -0.0% DM/M= 0.0000E+00
 ELAPSED TIME=          0.07 s  REMAINING TIME=          0.25 s
 NC=     700 T= 2.6458E-01 DT= 3.7796E-04 ERR= -0.0% DM/M= 0.0000E+00
 ELAPSED TIME=          0.08 s  REMAINING TIME=          0.22 s
 NC=     800 T= 3.0237E-01 DT= 3.7796E-04 ERR= -0.0% DM/M= 0.0000E+00
 ELAPSED TIME=          0.09 s  REMAINING TIME=          0.20 s
 NC=     900 T= 3.4017E-01 DT= 3.7796E-04 ERR= -0.0% DM/M= 0.0000E+00
 ELAPSED TIME=          0.09 s  REMAINING TIME=          0.18 s
 NC=    1000 T= 3.7796E-01 DT= 3.7796E-04 ERR= -0.0% DM/M= 0.0000E+00
 ELAPSED TIME=          0.10 s  REMAINING TIME=          0.16 s
 NC=    1100 T= 4.1576E-01 DT= 3.7796E-04 ERR=  0.0% DM/M= 0.0000E+00
 ELAPSED TIME=          0.11 s  REMAINING TIME=          0.15 s
 NC=    1200 T= 4.5356E-01 DT= 3.7796E-04 ERR= -0.0% DM/M= 0.0000E+00
 ELAPSED TIME=          0.11 s  REMAINING TIME=          0.14 s
 NC=    1300 T= 4.9135E-01 DT= 3.7796E-04 ERR= -0.0% DM/M= 0.0000E+00
 ELAPSED TIME=          0.12 s  REMAINING TIME=          0.13 s
 NC=    1400 T= 5.2915E-01 DT= 3.7796E-04 ERR= -0.0% DM/M= 0.0000E+00
 ELAPSED TIME=          0.13 s  REMAINING TIME=          0.11 s
 NC=    1500 T= 5.6695E-01 DT= 3.7796E-04 ERR= -0.0% DM/M= 0.0000E+00
 ELAPSED TIME=          0.13 s  REMAINING TIME=          0.10 s
 NC=    1600 T= 6.0474E-01 DT= 3.7796E-04 ERR=  0.0% DM/M= 0.0000E+00
 ELAPSED TIME=          0.14 s  REMAINING TIME=          0.09 s
 NC=    1700 T= 6.4254E-01 DT= 3.7796E-04 ERR=  0.0% DM/M= 0.0000E+00
 ELAPSED TIME=          0.15 s  REMAINING TIME=          0.08 s
 NC=    1800 T= 6.8034E-01 DT= 3.7796E-04 ERR=  0.0% DM/M= 0.0000E+00
 ELAPSED TIME=          0.15 s  REMAINING TIME=          0.07 s
 NC=    1900 T= 7.1813E-01 DT= 3.7796E-04 ERR= -0.0% DM/M= 0.0000E+00
 ELAPSED TIME=          0.16 s  REMAINING TIME=          0.06 s
 NC=    2000 T= 7.5593E-01 DT= 3.7796E-04 ERR=  0.0% DM/M= 0.0000E+00
 ELAPSED TIME=          0.17 s  REMAINING TIME=          0.05 s
 NC=    2100 T= 7.9373E-01 DT= 3.7796E-04 ERR=  0.0% DM/M= 0.0000E+00
 ELAPSED TIME=          0.18 s  REMAINING TIME=          0.05 s
 NC=    2200 T= 8.3152E-01 DT= 3.7796E-04 ERR=  0.0% DM/M= 0.0000E+00
 ELAPSED TIME=          0.18 s  REMAINING TIME=          0.04 s
 NC=    2300 T= 8.6932E-01 DT= 3.7796E-04 ERR= -0.0% DM/M= 0.0000E+00
 ELAPSED TIME=          0.19 s  REMAINING TIME=          0.03 s
 NC=    2400 T= 9.0711E-01 DT= 3.7796E-04 ERR=  0.0% DM/M= 0.0000E+00
 ELAPSED TIME=          0.20 s  REMAINING TIME=          0.02 s
 NC=    2500 T= 9.4491E-01 DT= 3.7796E-04 ERR=  0.0% DM/M= 0.0000E+00
 ELAPSED TIME=          0.20 s  REMAINING TIME=          0.01 s
 NC=    2600 T= 9.8271E-01 DT= 3.7796E-04 ERR=  0.0% DM/M= 0.0000E+00
 ELAPSED TIME=          0.21 s  REMAINING TIME=          0.00 s
     RESTART FILES: I02IC_SHEAR_0001_[0001-0001].rst WRITTEN
  
                           ** CPU USER TIME **
  
  
                        ** SUMMARY **
  
 #PROC  ELEMENT   KINCOND   INTEG     IO        T0        ASM       RESOL    
   1   .1562E-01 .0000E+00 .1562E-01 .6250E-01 .0000E+00 .0000E+00 .1719E+00
 
                   ** CUMULATIVE CPU TIME SUMMARY **
  
 CONTACT SORTING.............: .0000E+00     0.00 % 
 CONTACT FORCES..............: .0000E+00     0.00 % 
 ELEMENT FORCES..............: .1562E-01     9.09 % 
 KINEMATIC COND..............: .0000E+00     0.00 % 
 INTEGRATION.................: .1562E-01     9.09 % 
 ASSEMBLING..................: .0000E+00     0.00 % 
 OTHERS (including I/O)......: .1406E+00    81.82 % 
 TOTAL.......................: .1719E+00   100.00 % 
  
                   ** MEMORY USAGE STATISTICS **
  
 TOTAL MEMORY USED .........................:       46 MB
 MAXIMUM MEMORY PER PROCESSOR...............:       46 MB
 MINIMUM MEMORY PER PROCESSOR...............:       46 MB
 AVERAGE MEMORY PER PROCESSOR...............:       46 MB
  
                   ** DISK USAGE STATISTICS **
  
 TOTAL DISK SPACE USED .....................:          0 MB
 ANIMATION/H3D/TH/OUTP SIZE ................:          0 MB
 RESTART FILE SIZE .........................:          0 MB
  
 ELAPSED TIME     =          0.22 s
                          0:00:00
  
     NORMAL TERMINATION      
     TOTAL NUMBER OF CYCLES  :    2652
