 A27_COMP_BENDING_N6_0001.out
************************************************************************
**                                                                    **
**                                                                    **
**                         OpenRadioss Engine                         **
**                                                                    **
**            Non-linear Finite Element Analysis Software             **
**                                                                    **
**                                                                    **
**                                                                    **
**                  Windows 64 bits, Intel compiler                   **
**                      Double Precision Version                      **
**                                                                    **
**                                                                    **
**                                                                    **
************************************************************************
** OpenRadioss Software                                               **
** COPYRIGHT (C) 2026 Siemens                                         **
** Licensed under GNU Affero General Public License.                  **
** See License file.                                                  **
************************************************************************
 
 NUMBER OF SPMD DOMAINS           1
 NUMBER OF THREADS PER DOMAIN     1
 NUMBER OF HMPP PROCESSES         1
  
 COMPUTATION HARDWARE DESCRIPTION
  
 HOSTNAME     CPU TYPE, FREQUENCY AND MEMORY
 jeux   AMD Ryzen 5 5600 6-Core Processor               (x86_64), 3700 MHz,   6056 MB RAM,  19241 MB swap
  
 STACKSIZE  . . . . . . . . . . . . . . . . . . . . 1430 MB
 THREAD STACKSIZE . . . . . . . . . . . . . . . . . 400 MB
 
************************************************************************


 A27_COMP_BENDING_N6D01                                                          


 FINAL TIME . . . . . . . . . . . . . . . . . . .  0.1000000    

 TIME INTERVAL FOR TIME HISTORY PLOTS . . . . . .  0.1000000E-02

 TIME STEP SCALE FACTOR . . . . . . . . . . . . .  0.4000000    

 MINIMUM TIME STEP  . . . . . . . . . . . . . . .   0.000000    


 BRICK TIME STEP SCALE FACTOR . . . . . . . . . .  0.4000000    
 BRICK MINIMUM TIME STEP. . . . . . . . . . . . .   0.000000    
 MIN. TIME STEP FLAG (1:STOP RUN, 2:DELETE BRICK)     1

 QUAD TIME STEP SCALE FACTOR. . . . . . . . . . .  0.4000000    
 QUAD MINIMUM TIME STEP . . . . . . . . . . . . .   0.000000    
 MIN. TIME STEP FLAG (1:STOP RUN, 2:DELETE QUAD).     1

 SHELL TIME STEP SCALE FACTOR . . . . . . . . . .  0.4000000    
 SHELL MINIMUM TIME STEP. . . . . . . . . . . . .   0.000000    
 MIN. TIME FLAG (1:STOP, 2:DELETE, 3:SMALL STRAIN)    2

 TRUSS TIME STEP SCALE FACTOR . . . . . . . . . .  0.4000000    
 TRUSS MINIMUM TIME STEP. . . . . . . . . . . . .   0.000000    
 MIN. TIME FLAG (1:STOP, 2:DELETE). . . . . . . .     0

 BEAM TIME STEP SCALE FACTOR. . . . . . . . . . .  0.4000000    
 BEAM MINIMUM TIME STEP . . . . . . . . . . . . .   0.000000    
 MIN. TIME FLAG (1:STOP, 2:DELETE). . . . . . . .     0

 SPRING TIME STEP SCALE FACTOR. . . . . . . . . .  0.4000000    
 SPRING MINIMUM TIME STEP . . . . . . . . . . . .   0.000000    
 MIN. TIME FLAG (1:STOP, 2:DELETE). . . . . . . .     0

 AIRBAG TIME STEP SCALE FACTOR. . . . . . . . . .  0.4000000    
 AIRBAG MINIMUM TIME STEP . . . . . . . . . . . .   0.000000    
 MIN. TIME FLAG (1:STOP). . . . . . . . . . . . .     0

 CONTACT TIME STEP SCALE FACTOR . . . . . . . . .  0.4000000    
 CONTACT MINIMUM TIME STEP. . . . . . . . . . . .   0.000000    
 MIN. TIME FLAG(1:STOP, 2:REMOVE NODE FROM INTERF)    0

 PRINTOUT CYCLE FREQUENCY . . . . . . . . . . . .  -100

 RESTART CYCLE FREQUENCY. . . . . . . . . . . . .   10000000

 MAXIMUM RESTART WRITE BEFORE OVERWRITE . . . . .     0

 INVERS: INPUT DECK VERSION . . . . . . . . . . .  2026
 ITTYP : FLAG FOR TYPE OF T-FILE. . . . . . . . .     4

 INITIAL TIME STEP. . . . . . . . . . . . . . . .  0.2500000E-04
 MAXIMUM TIME STEP. . . . . . . . . . . . . . . .  0.2500000E-04

 PARALLEL ARITHMETIC ON
 NUMBER OF INTERFACES TO BE ELIMINATED. . . . . .        0

 NUMBER OF PARTS TO BE ELIMINATED . . . . . . . .        0

 NUMBER OF SOLID  ELEMENT BLOCKS TO BE ELIMINATED        0

 NUMBER OF QUAD   ELEMENT BLOCKS TO BE ELIMINATED        0

 NUMBER OF SHELL  ELEMENT BLOCKS TO BE ELIMINATED        0

 NUMBER OF TRUSS  ELEMENT BLOCKS TO BE ELIMINATED        0

 NUMBER OF BEAM   ELEMENT BLOCKS TO BE ELIMINATED        0

 NUMBER OF SPRING ELEMENT BLOCKS TO BE ELIMINATED        0

 NUMBER OF SH_3N  ELEMENT BLOCKS TO BE ELIMINATED        0

 NUMBER OF  SPH PARTICLES BLOCKS TO BE ELIMINATED        0

 NUMBER OF RIGID LINKS. . . . . . . . . . . . . .        0

 NUMBER OF NEW BOUNDARY CONDITIONS. . . . . . . .        0


 TIME FOR FIRST ANIMATION-FILE PLOT . . . . . . .   0.000000    
 TIME INTERVAL FOR ANIMATION-FILE PLOTS . . . . .  0.2500000E-01
 TIME TO STOP ANIMATION-FILE PLOTS. . . . . . . .  0.1000000E+21
 SENSOR FOR ANIMATION-FILE PLOTS. . . . . . . . .          0
 TIME INTERVAL FOR SENSOR ANIMATION-FILE PLOTS. .   0.000000    

 VARIABLE SAVED ON ANIMATION FILES (1: YES) :
      PLASTIC STRAIN. . . . . .     0
      DENSITY     (SOLID ONLY).     0
      SPECIFIC ENERGY . . . . .     1
      HOURGLASS ENERGY. . . . .     0
      TEMPERATURE (SOLID ONLY).     0
      THICKNESS   (SHELL ONLY).     0
      PRESSURE    (SOLID ONLY).     0
      VON MISES . . . . . . . .     0
      TURBULENT ENERGY (FLUID).     0
      TURBULENT VISCOSITY(FLUID)    0
      VORTICITY (FLUID) . . . .     0
 NODAL VALUES SAVED ON ANIMATION FILES (1: YES) :
      PRESSURE. . . . . . . . .     0
      DENSITY . . . . . . . . .     0
      TEMPERATURE . . . . . . .     0
 VECTOR SAVED ON ANIMATION FILES (1: YES) :
      VELOCITY VECTOR . . . . .     1
      DISPLACEMENT VECTOR . . .     1
      ACCELERATION VECTOR . . .     0
      CONTACT FORCES. . . . . .     0
      INTERNAL FORCES . . . . .     0
      EXTERNAL FORCES . . . . .     0
      SECTION RBY RWALL FORCES.     0
      ROTATIONAL VELOCITY VECTOR    0
      CONTACT PRESSURE (VECTORS)    0
 SHELL TENSOR SAVED ON ANIMATION FILES (1: YES) :
      MEMBRANE STRESS . . . . .     0
      BENDING STRESS(MOMENT/T^2)    0
      UPPER LAYER STRESS. . . .     0
      LOWER LAYER STRESS. . . .     0
      MEMBRANE STRAIN . . . . .     0
      CURVATURE . . . . . . . .     0
      UPPER LAYER STRAIN. . . .     0
      LOWER LAYER STRAIN. . . .     0
 NODAL MASS SAVED ON ANIMATION FILES (1: YES) :    1
 KEEP DELETED ELEMENT (1: YES) :    0


 10/10/2026
   CYCLE    TIME      TIME-STEP  ELEMENT          ERROR  I-ENERGY    K-ENERGY T  K-ENERGY R  EXT-WORK     MAS.ERR     TOTAL MASS  MASS ADDED
       0   0.000      0.2500E-04 SOLID         36   0.0%   0.000       0.000       0.000       0.000       0.000      0.9150E-01   0.000    
     ANIMATION FILE: A27_COMP_BENDING_N6A001 WRITTEN
     100  0.2500E-02  0.2500E-04 SOLID         31  -0.0%  0.4304E-07  0.3672E-05   0.000      0.3716E-05   0.000      0.9150E-01   0.000    
     200  0.5000E-02  0.2500E-04 SOLID         31  -0.0%  0.6654E-06  0.1394E-04   0.000      0.1461E-04   0.000      0.9150E-01   0.000    
     300  0.7500E-02  0.2500E-04 SOLID         25  -0.0%  0.3254E-05  0.2974E-04   0.000      0.3300E-04   0.000      0.9150E-01   0.000    
     400  0.1000E-01  0.2500E-04 SOLID         27  -0.0%  0.9925E-05  0.5006E-04   0.000      0.5999E-04   0.000      0.9150E-01   0.000    
     500  0.1250E-01  0.2500E-04 SOLID         33  -0.0%  0.2337E-04  0.7393E-04   0.000      0.9731E-04   0.000      0.9150E-01   0.000    
     600  0.1500E-01  0.2500E-04 SOLID         33  -0.0%  0.4672E-04  0.1005E-03   0.000      0.1472E-03   0.000      0.9150E-01   0.000    
     700  0.1750E-01  0.2500E-04 SOLID         33  -0.0%  0.8337E-04  0.1288E-03   0.000      0.2122E-03   0.000      0.9150E-01   0.000    
     800  0.2000E-01  0.2500E-04 SOLID         33  -0.0%  0.1369E-03  0.1582E-03   0.000      0.2951E-03   0.000      0.9150E-01   0.000    
     900  0.2250E-01  0.2500E-04 SOLID          3  -0.0%  0.2109E-03  0.1879E-03   0.000      0.3989E-03   0.000      0.9150E-01   0.000    
    1000  0.2500E-01  0.2500E-04 SOLID         33  -0.0%  0.3090E-03  0.2173E-03   0.000      0.5263E-03   0.000      0.9150E-01   0.000    
     ANIMATION FILE: A27_COMP_BENDING_N6A002 WRITTEN
    1100  0.2750E-01  0.2500E-04 SOLID         21  -0.0%  0.4344E-03  0.2457E-03   0.000      0.6801E-03   0.000      0.9150E-01   0.000    
    1200  0.3000E-01  0.2500E-04 SOLID          3  -0.0%  0.5904E-03  0.2725E-03   0.000      0.8630E-03   0.000      0.9150E-01   0.000    
    1300  0.3250E-01  0.2500E-04 SOLID         27  -0.0%  0.7796E-03  0.2974E-03   0.000      0.1077E-02   0.000      0.9150E-01   0.000    
    1400  0.3500E-01  0.2500E-04 SOLID         21  -0.0%  0.1004E-02  0.3199E-03   0.000      0.1324E-02   0.000      0.9150E-01   0.000    
    1500  0.3750E-01  0.2500E-04 SOLID         22  -0.0%  0.1267E-02  0.3395E-03   0.000      0.1606E-02   0.000      0.9150E-01   0.000    
    1600  0.4000E-01  0.2500E-04 SOLID          4  -0.0%  0.1568E-02  0.3560E-03   0.000      0.1924E-02   0.000      0.9150E-01   0.000    
    1700  0.4250E-01  0.2500E-04 SOLID         22  -0.0%  0.1908E-02  0.3691E-03   0.000      0.2277E-02   0.000      0.9150E-01   0.000    
    1800  0.4500E-01  0.2500E-04 SOLID         33  -0.0%  0.2288E-02  0.3786E-03   0.000      0.2666E-02   0.000      0.9150E-01   0.000    
    1900  0.4750E-01  0.2500E-04 SOLID         21  -0.0%  0.2706E-02  0.3843E-03   0.000      0.3091E-02   0.000      0.9150E-01   0.000    
    2000  0.5000E-01  0.2500E-04 SOLID         22  -0.0%  0.3162E-02  0.3862E-03   0.000      0.3549E-02   0.000      0.9150E-01   0.000    
     ANIMATION FILE: A27_COMP_BENDING_N6A003 WRITTEN
    2100  0.5250E-01  0.2500E-04 SOLID         33  -0.0%  0.3654E-02  0.3843E-03   0.000      0.4038E-02   0.000      0.9150E-01   0.000    
    2200  0.5500E-01  0.2500E-04 SOLID         21  -0.0%  0.4178E-02  0.3786E-03   0.000      0.4557E-02   0.000      0.9150E-01   0.000    
    2300  0.5750E-01  0.2500E-04 SOLID         21  -0.0%  0.4732E-02  0.3691E-03   0.000      0.5101E-02   0.000      0.9150E-01   0.000    
    2400  0.6000E-01  0.2500E-04 SOLID          3  -0.0%  0.5311E-02  0.3560E-03   0.000      0.5667E-02   0.000      0.9150E-01   0.000    
    2500  0.6250E-01  0.2500E-04 SOLID         33  -0.0%  0.5911E-02  0.3395E-03   0.000      0.6250E-02   0.000      0.9150E-01   0.000    
    2600  0.6500E-01  0.2500E-04 SOLID          3  -0.0%  0.6525E-02  0.3199E-03   0.000      0.6845E-02   0.000      0.9150E-01   0.000    
    2700  0.6750E-01  0.2500E-04 SOLID         33  -0.0%  0.7149E-02  0.2974E-03   0.000      0.7446E-02   0.000      0.9150E-01   0.000    
    2800  0.7000E-01  0.2500E-04 SOLID          3  -0.0%  0.7774E-02  0.2725E-03   0.000      0.8047E-02   0.000      0.9150E-01   0.000    
    2900  0.7250E-01  0.2500E-04 SOLID         33  -0.0%  0.8396E-02  0.2457E-03   0.000      0.8642E-02   0.000      0.9150E-01   0.000    
    3000  0.7500E-01  0.2500E-04 SOLID          3  -0.0%  0.9005E-02  0.2173E-03   0.000      0.9222E-02   0.000      0.9150E-01   0.000    
     ANIMATION FILE: A27_COMP_BENDING_N6A004 WRITTEN
    3100  0.7750E-01  0.2500E-04 SOLID          4  -0.0%  0.9594E-02  0.1879E-03   0.000      0.9782E-02   0.000      0.9150E-01   0.000    
    3200  0.8000E-01  0.2500E-04 SOLID          3  -0.0%  0.1016E-01  0.1582E-03   0.000      0.1031E-01   0.000      0.9150E-01   0.000    
    3300  0.8250E-01  0.2500E-04 SOLID          3  -0.0%  0.1068E-01  0.1288E-03   0.000      0.1081E-01   0.000      0.9150E-01   0.000    
    3400  0.8500E-01  0.2500E-04 SOLID         33  -0.0%  0.1116E-01  0.1005E-03   0.000      0.1126E-01   0.000      0.9150E-01   0.000    
    3500  0.8750E-01  0.2500E-04 SOLID          3  -0.0%  0.1159E-01  0.7393E-04   0.000      0.1166E-01   0.000      0.9150E-01   0.000    
    3600  0.9000E-01  0.2500E-04 SOLID          3  -0.0%  0.1195E-01  0.5006E-04   0.000      0.1200E-01   0.000      0.9150E-01   0.000    
    3700  0.9250E-01  0.2500E-04 SOLID          3  -0.0%  0.1225E-01  0.2974E-04   0.000      0.1228E-01   0.000      0.9150E-01   0.000    
    3800  0.9500E-01  0.2500E-04 SOLID         21  -0.0%  0.1247E-01  0.1394E-04   0.000      0.1248E-01   0.000      0.9150E-01   0.000    
    3900  0.9750E-01  0.2500E-04 SOLID          3  -0.0%  0.1260E-01  0.3672E-05   0.000      0.1261E-01   0.000      0.9150E-01   0.000    
    4000  0.1000      0.2500E-04 SOLID         21  -0.0%  0.1265E-01  0.1543E-08   0.000      0.1265E-01   0.000      0.9150E-01   0.000    

     RESTART FILES: A27_COMP_BENDING_N6_0001_[0001-0001].rst WRITTEN
     -------------

     ANIMATION FILE: A27_COMP_BENDING_N6A005 WRITTEN
  
                           ** CPU USER TIME **
  
  
                        ** SUMMARY **
  
 #PROC  ELEMENT   KINCOND   INTEG     IO        T0        ASM       RESOL    
   1   .1531E+01 .6250E-01 .1562E-01 .4688E-01 .1094E+00 .1562E-01 .1812E+01
  
 
                   ** CUMULATIVE CPU TIME SUMMARY **
  
 CONTACT SORTING.............: .0000E+00     0.00 % 
 CONTACT FORCES..............: .0000E+00     0.00 % 
 ELEMENT FORCES..............: .1531E+01    84.48 % 
 KINEMATIC COND..............: .6250E-01     3.45 % 
 INTEGRATION.................: .1562E-01     0.86 % 
 ASSEMBLING..................: .1562E-01     0.86 % 
 OTHERS (including I/O)......: .1875E+00    10.34 % 
 TOTAL.......................: .1812E+01   100.00 % 
  
  
                           ** ELAPSED TIME **
  
  
                        ** SUMMARY **
  
 #PROC  ELEMENT   KINCOND   INTEG     IO        T0        ASM       RESOL    
   1   .1572E+01 .5103E-01 .1457E-01 .4846E-01 .8613E-01 .1297E-01 .1823E+01
  
                   ** MEMORY USAGE STATISTICS **
  
 TOTAL MEMORY USED .........................:       59 MB
 MAXIMUM MEMORY PER PROCESSOR...............:       59 MB
 MINIMUM MEMORY PER PROCESSOR...............:       59 MB
 AVERAGE MEMORY PER PROCESSOR...............:       59 MB
  
                   ** DISK USAGE STATISTICS **
  
 TOTAL DISK SPACE USED .....................:          1 MB
 ANIMATION/H3D/TH/OUTP SIZE ................:          0 MB
 RESTART FILE SIZE .........................:          1 MB
  
                   ** COMPUTE TIME INFORMATION **
                        ** CURRENT ENGINE **
  
 EXECUTION STARTED .........................:      2026/10/10  12:29:57
 EXECUTION COMPLETED .......................:      2026/10/10  12:29:59
  
 ELAPSED TIME     =          1.85 s
                          0:00:01



     NORMAL TERMINATION      



     TOTAL NUMBER OF CYCLES  :    4002

  
                   ** COMPUTE RUNTIME INFORMATION SUMMARY **
  
        STARTER RUNTIME =          0.72s (00:00:00)
 # 001   ENGINE RUNTIME =          1.85s (00:00:01)
 ------------------------------ 
 STARTER+ENGINE RUNTIME =          2.57s (00:00:02)
  
