************************************************************************
**                                                                    **
**                                                                    **
**                         OpenRadioss Engine                         **
**                                                                    **
**            Non-linear Finite Element Analysis Software             **
**                                                                    **
**                                                                    **
**                                                                    **
**                  Windows 64 bits, Intel compiler                   **
**                      Double Precision Version                      **
**                                                                    **
**                                                                    **
**                                                                    **
************************************************************************
** OpenRadioss Software                                               **
** COPYRIGHT (C) 2026 Siemens                                         **
** Licensed under GNU Affero General Public License.                  **
** See License file.                                                  **
************************************************************************
 
 ROOT: A27_COMP_BENDING_N6  RESTART: 0001
 NUMBER OF HMPP PROCESSES     1
 10/10/2026
 NC=       0 T= 0.0000E+00 DT= 2.5000E-05 ERR=  0.0% DM/M= 0.0000E+00
     ANIMATION FILE: A27_COMP_BENDING_N6A001 WRITTEN
 NC=     100 T= 2.5000E-03 DT= 2.5000E-05 ERR= -0.0% DM/M= 0.0000E+00
 ELAPSED TIME=          0.08 s  REMAINING TIME=          3.06 s
 NC=     200 T= 5.0000E-03 DT= 2.5000E-05 ERR= -0.0% DM/M= 0.0000E+00
 ELAPSED TIME=          0.12 s  REMAINING TIME=          2.34 s
 NC=     300 T= 7.5000E-03 DT= 2.5000E-05 ERR= -0.0% DM/M= 0.0000E+00
 ELAPSED TIME=          0.17 s  REMAINING TIME=          2.08 s
 NC=     400 T= 1.0000E-02 DT= 2.5000E-05 ERR= -0.0% DM/M= 0.0000E+00
 ELAPSED TIME=          0.21 s  REMAINING TIME=          1.92 s
 NC=     500 T= 1.2500E-02 DT= 2.5000E-05 ERR= -0.0% DM/M= 0.0000E+00
 ELAPSED TIME=          0.26 s  REMAINING TIME=          1.81 s
 NC=     600 T= 1.5000E-02 DT= 2.5000E-05 ERR= -0.0% DM/M= 0.0000E+00
 ELAPSED TIME=          0.30 s  REMAINING TIME=          1.72 s
 NC=     700 T= 1.7500E-02 DT= 2.5000E-05 ERR= -0.0% DM/M= 0.0000E+00
 ELAPSED TIME=          0.35 s  REMAINING TIME=          1.65 s
 NC=     800 T= 2.0000E-02 DT= 2.5000E-05 ERR= -0.0% DM/M= 0.0000E+00
 ELAPSED TIME=          0.40 s  REMAINING TIME=          1.58 s
 NC=     900 T= 2.2500E-02 DT= 2.5000E-05 ERR= -0.0% DM/M= 0.0000E+00
 ELAPSED TIME=          0.44 s  REMAINING TIME=          1.52 s
 NC=    1000 T= 2.5000E-02 DT= 2.5000E-05 ERR= -0.0% DM/M= 0.0000E+00
 ELAPSED TIME=          0.49 s  REMAINING TIME=          1.46 s
     ANIMATION FILE: A27_COMP_BENDING_N6A002 WRITTEN
 NC=    1100 T= 2.7500E-02 DT= 2.5000E-05 ERR= -0.0% DM/M= 0.0000E+00
 ELAPSED TIME=          0.53 s  REMAINING TIME=          1.41 s
 NC=    1200 T= 3.0000E-02 DT= 2.5000E-05 ERR= -0.0% DM/M= 0.0000E+00
 ELAPSED TIME=          0.58 s  REMAINING TIME=          1.35 s
 NC=    1300 T= 3.2500E-02 DT= 2.5000E-05 ERR= -0.0% DM/M= 0.0000E+00
 ELAPSED TIME=          0.63 s  REMAINING TIME=          1.30 s
 NC=    1400 T= 3.5000E-02 DT= 2.5000E-05 ERR= -0.0% DM/M= 0.0000E+00
 ELAPSED TIME=          0.67 s  REMAINING TIME=          1.25 s
 NC=    1500 T= 3.7500E-02 DT= 2.5000E-05 ERR= -0.0% DM/M= 0.0000E+00
 ELAPSED TIME=          0.72 s  REMAINING TIME=          1.20 s
 NC=    1600 T= 4.0000E-02 DT= 2.5000E-05 ERR= -0.0% DM/M= 0.0000E+00
 ELAPSED TIME=          0.76 s  REMAINING TIME=          1.14 s
 NC=    1700 T= 4.2500E-02 DT= 2.5000E-05 ERR= -0.0% DM/M= 0.0000E+00
 ELAPSED TIME=          0.81 s  REMAINING TIME=          1.09 s
 NC=    1800 T= 4.5000E-02 DT= 2.5000E-05 ERR= -0.0% DM/M= 0.0000E+00
 ELAPSED TIME=          0.85 s  REMAINING TIME=          1.04 s
 NC=    1900 T= 4.7500E-02 DT= 2.5000E-05 ERR= -0.0% DM/M= 0.0000E+00
 ELAPSED TIME=          0.90 s  REMAINING TIME=          0.99 s
 NC=    2000 T= 5.0000E-02 DT= 2.5000E-05 ERR= -0.0% DM/M= 0.0000E+00
 ELAPSED TIME=          0.94 s  REMAINING TIME=          0.94 s
     ANIMATION FILE: A27_COMP_BENDING_N6A003 WRITTEN
 NC=    2100 T= 5.2500E-02 DT= 2.5000E-05 ERR= -0.0% DM/M= 0.0000E+00
 ELAPSED TIME=          0.99 s  REMAINING TIME=          0.89 s
 NC=    2200 T= 5.5000E-02 DT= 2.5000E-05 ERR= -0.0% DM/M= 0.0000E+00
 ELAPSED TIME=          1.03 s  REMAINING TIME=          0.85 s
 NC=    2300 T= 5.7500E-02 DT= 2.5000E-05 ERR= -0.0% DM/M= 0.0000E+00
 ELAPSED TIME=          1.08 s  REMAINING TIME=          0.80 s
 NC=    2400 T= 6.0000E-02 DT= 2.5000E-05 ERR= -0.0% DM/M= 0.0000E+00
 ELAPSED TIME=          1.12 s  REMAINING TIME=          0.75 s
 NC=    2500 T= 6.2500E-02 DT= 2.5000E-05 ERR= -0.0% DM/M= 0.0000E+00
 ELAPSED TIME=          1.17 s  REMAINING TIME=          0.70 s
 NC=    2600 T= 6.5000E-02 DT= 2.5000E-05 ERR= -0.0% DM/M= 0.0000E+00
 ELAPSED TIME=          1.21 s  REMAINING TIME=          0.65 s
 NC=    2700 T= 6.7500E-02 DT= 2.5000E-05 ERR= -0.0% DM/M= 0.0000E+00
 ELAPSED TIME=          1.26 s  REMAINING TIME=          0.61 s
 NC=    2800 T= 7.0000E-02 DT= 2.5000E-05 ERR= -0.0% DM/M= 0.0000E+00
 ELAPSED TIME=          1.30 s  REMAINING TIME=          0.56 s
 NC=    2900 T= 7.2500E-02 DT= 2.5000E-05 ERR= -0.0% DM/M= 0.0000E+00
 ELAPSED TIME=          1.35 s  REMAINING TIME=          0.51 s
 NC=    3000 T= 7.5000E-02 DT= 2.5000E-05 ERR= -0.0% DM/M= 0.0000E+00
 ELAPSED TIME=          1.39 s  REMAINING TIME=          0.46 s
     ANIMATION FILE: A27_COMP_BENDING_N6A004 WRITTEN
 NC=    3100 T= 7.7500E-02 DT= 2.5000E-05 ERR= -0.0% DM/M= 0.0000E+00
 ELAPSED TIME=          1.44 s  REMAINING TIME=          0.42 s
 NC=    3200 T= 8.0000E-02 DT= 2.5000E-05 ERR= -0.0% DM/M= 0.0000E+00
 ELAPSED TIME=          1.49 s  REMAINING TIME=          0.37 s
 NC=    3300 T= 8.2500E-02 DT= 2.5000E-05 ERR= -0.0% DM/M= 0.0000E+00
 ELAPSED TIME=          1.53 s  REMAINING TIME=          0.32 s
 NC=    3400 T= 8.5000E-02 DT= 2.5000E-05 ERR= -0.0% DM/M= 0.0000E+00
 ELAPSED TIME=          1.58 s  REMAINING TIME=          0.28 s
 NC=    3500 T= 8.7500E-02 DT= 2.5000E-05 ERR= -0.0% DM/M= 0.0000E+00
 ELAPSED TIME=          1.62 s  REMAINING TIME=          0.23 s
 NC=    3600 T= 9.0000E-02 DT= 2.5000E-05 ERR= -0.0% DM/M= 0.0000E+00
 ELAPSED TIME=          1.67 s  REMAINING TIME=          0.19 s
 NC=    3700 T= 9.2500E-02 DT= 2.5000E-05 ERR= -0.0% DM/M= 0.0000E+00
 ELAPSED TIME=          1.71 s  REMAINING TIME=          0.14 s
 NC=    3800 T= 9.5000E-02 DT= 2.5000E-05 ERR= -0.0% DM/M= 0.0000E+00
 ELAPSED TIME=          1.76 s  REMAINING TIME=          0.09 s
 NC=    3900 T= 9.7500E-02 DT= 2.5000E-05 ERR= -0.0% DM/M= 0.0000E+00
 ELAPSED TIME=          1.80 s  REMAINING TIME=          0.05 s
 NC=    4000 T= 1.0000E-01 DT= 2.5000E-05 ERR= -0.0% DM/M= 0.0000E+00
 ELAPSED TIME=          1.85 s  REMAINING TIME=          0.00 s
     RESTART FILES: A27_COMP_BENDING_N6_0001_[0001-0001].rst WRITTEN
     ANIMATION FILE: A27_COMP_BENDING_N6A005 WRITTEN
  
                           ** CPU USER TIME **
  
  
                        ** SUMMARY **
  
 #PROC  ELEMENT   KINCOND   INTEG     IO        T0        ASM       RESOL    
   1   .1531E+01 .6250E-01 .1562E-01 .4688E-01 .1094E+00 .1562E-01 .1812E+01
 
                   ** CUMULATIVE CPU TIME SUMMARY **
  
 CONTACT SORTING.............: .0000E+00     0.00 % 
 CONTACT FORCES..............: .0000E+00     0.00 % 
 ELEMENT FORCES..............: .1531E+01    84.48 % 
 KINEMATIC COND..............: .6250E-01     3.45 % 
 INTEGRATION.................: .1562E-01     0.86 % 
 ASSEMBLING..................: .1562E-01     0.86 % 
 OTHERS (including I/O)......: .1875E+00    10.34 % 
 TOTAL.......................: .1812E+01   100.00 % 
  
                   ** MEMORY USAGE STATISTICS **
  
 TOTAL MEMORY USED .........................:       59 MB
 MAXIMUM MEMORY PER PROCESSOR...............:       59 MB
 MINIMUM MEMORY PER PROCESSOR...............:       59 MB
 AVERAGE MEMORY PER PROCESSOR...............:       59 MB
  
                   ** DISK USAGE STATISTICS **
  
 TOTAL DISK SPACE USED .....................:          1 MB
 ANIMATION/H3D/TH/OUTP SIZE ................:          0 MB
 RESTART FILE SIZE .........................:          1 MB
  
 ELAPSED TIME     =          1.85 s
                          0:00:01
  
     NORMAL TERMINATION      
     TOTAL NUMBER OF CYCLES  :    4002
