 I02B_ROW_H050_R1_0001.out
************************************************************************
**                                                                    **
**                                                                    **
**                         OpenRadioss Engine                         **
**                                                                    **
**            Non-linear Finite Element Analysis Software             **
**                                                                    **
**                                                                    **
**                                                                    **
**                  Windows 64 bits, Intel compiler                   **
**                      Double Precision Version                      **
**                                                                    **
**                                                                    **
**                                                                    **
************************************************************************
** OpenRadioss Software                                               **
** COPYRIGHT (C) 2026 Siemens                                         **
** Licensed under GNU Affero General Public License.                  **
** See License file.                                                  **
************************************************************************
 
 NUMBER OF SPMD DOMAINS           1
 NUMBER OF THREADS PER DOMAIN     1
 NUMBER OF HMPP PROCESSES         1
  
 COMPUTATION HARDWARE DESCRIPTION
  
 HOSTNAME     CPU TYPE, FREQUENCY AND MEMORY
 jeux   AMD Ryzen 5 5600 6-Core Processor               (x86_64), 3700 MHz,   6847 MB RAM,  18090 MB swap
  
 STACKSIZE  . . . . . . . . . . . . . . . . . . . . 1430 MB
 THREAD STACKSIZE . . . . . . . . . . . . . . . . . 400 MB
 
************************************************************************


 I02B_ROW_H050_R1D01                                                             


 FINAL TIME . . . . . . . . . . . . . . . . . . .   1.100000    

 TIME INTERVAL FOR TIME HISTORY PLOTS . . . . . .  0.2000000E-03

 TIME STEP SCALE FACTOR . . . . . . . . . . . . .  0.5000000E-01

 MINIMUM TIME STEP  . . . . . . . . . . . . . . .   0.000000    


 BRICK TIME STEP SCALE FACTOR . . . . . . . . . .  0.5000000E-01
 BRICK MINIMUM TIME STEP. . . . . . . . . . . . .   0.000000    
 MIN. TIME STEP FLAG (1:STOP RUN, 2:DELETE BRICK)     1

 QUAD TIME STEP SCALE FACTOR. . . . . . . . . . .  0.5000000E-01
 QUAD MINIMUM TIME STEP . . . . . . . . . . . . .   0.000000    
 MIN. TIME STEP FLAG (1:STOP RUN, 2:DELETE QUAD).     1

 SHELL TIME STEP SCALE FACTOR . . . . . . . . . .  0.5000000E-01
 SHELL MINIMUM TIME STEP. . . . . . . . . . . . .   0.000000    
 MIN. TIME FLAG (1:STOP, 2:DELETE, 3:SMALL STRAIN)    2

 TRUSS TIME STEP SCALE FACTOR . . . . . . . . . .  0.5000000E-01
 TRUSS MINIMUM TIME STEP. . . . . . . . . . . . .   0.000000    
 MIN. TIME FLAG (1:STOP, 2:DELETE). . . . . . . .     0

 BEAM TIME STEP SCALE FACTOR. . . . . . . . . . .  0.5000000E-01
 BEAM MINIMUM TIME STEP . . . . . . . . . . . . .   0.000000    
 MIN. TIME FLAG (1:STOP, 2:DELETE). . . . . . . .     0

 SPRING TIME STEP SCALE FACTOR. . . . . . . . . .  0.5000000E-01
 SPRING MINIMUM TIME STEP . . . . . . . . . . . .   0.000000    
 MIN. TIME FLAG (1:STOP, 2:DELETE). . . . . . . .     0

 AIRBAG TIME STEP SCALE FACTOR. . . . . . . . . .  0.5000000E-01
 AIRBAG MINIMUM TIME STEP . . . . . . . . . . . .   0.000000    
 MIN. TIME FLAG (1:STOP). . . . . . . . . . . . .     0

 CONTACT TIME STEP SCALE FACTOR . . . . . . . . .  0.5000000E-01
 CONTACT MINIMUM TIME STEP. . . . . . . . . . . .   0.000000    
 MIN. TIME FLAG(1:STOP, 2:REMOVE NODE FROM INTERF)    0

 PRINTOUT CYCLE FREQUENCY . . . . . . . . . . . .  -100

 RESTART CYCLE FREQUENCY. . . . . . . . . . . . .   10000000

 MAXIMUM RESTART WRITE BEFORE OVERWRITE . . . . .     0

 INVERS: INPUT DECK VERSION . . . . . . . . . . .  2026
 ITTYP : FLAG FOR TYPE OF T-FILE. . . . . . . . .     4

 INITIAL TIME STEP. . . . . . . . . . . . . . . .  0.1000000E-03
 MAXIMUM TIME STEP. . . . . . . . . . . . . . . .  0.1000000E-03

 PARALLEL ARITHMETIC ON
 NUMBER OF INTERFACES TO BE ELIMINATED. . . . . .        0

 NUMBER OF PARTS TO BE ELIMINATED . . . . . . . .        0

 NUMBER OF SOLID  ELEMENT BLOCKS TO BE ELIMINATED        0

 NUMBER OF QUAD   ELEMENT BLOCKS TO BE ELIMINATED        0

 NUMBER OF SHELL  ELEMENT BLOCKS TO BE ELIMINATED        0

 NUMBER OF TRUSS  ELEMENT BLOCKS TO BE ELIMINATED        0

 NUMBER OF BEAM   ELEMENT BLOCKS TO BE ELIMINATED        0

 NUMBER OF SPRING ELEMENT BLOCKS TO BE ELIMINATED        0

 NUMBER OF SH_3N  ELEMENT BLOCKS TO BE ELIMINATED        0

 NUMBER OF  SPH PARTICLES BLOCKS TO BE ELIMINATED        0

 NUMBER OF RIGID LINKS. . . . . . . . . . . . . .        0

 NUMBER OF NEW BOUNDARY CONDITIONS. . . . . . . .        0


 TIME FOR FIRST ANIMATION-FILE PLOT . . . . . . .  0.1000000E+31
 TIME INTERVAL FOR ANIMATION-FILE PLOTS . . . . .   0.000000    
 TIME TO STOP ANIMATION-FILE PLOTS. . . . . . . .  0.1000000E+21
 SENSOR FOR ANIMATION-FILE PLOTS. . . . . . . . .          0
 TIME INTERVAL FOR SENSOR ANIMATION-FILE PLOTS. .   0.000000    

 VARIABLE SAVED ON ANIMATION FILES (1: YES) :
      PLASTIC STRAIN. . . . . .     0
      DENSITY     (SOLID ONLY).     0
      SPECIFIC ENERGY . . . . .     0
      HOURGLASS ENERGY. . . . .     0
      TEMPERATURE (SOLID ONLY).     0
      THICKNESS   (SHELL ONLY).     0
      PRESSURE    (SOLID ONLY).     0
      VON MISES . . . . . . . .     0
      TURBULENT ENERGY (FLUID).     0
      TURBULENT VISCOSITY(FLUID)    0
      VORTICITY (FLUID) . . . .     0
 NODAL VALUES SAVED ON ANIMATION FILES (1: YES) :
      PRESSURE. . . . . . . . .     0
      DENSITY . . . . . . . . .     0
      TEMPERATURE . . . . . . .     0
 VECTOR SAVED ON ANIMATION FILES (1: YES) :
      VELOCITY VECTOR . . . . .     0
      DISPLACEMENT VECTOR . . .     0
      ACCELERATION VECTOR . . .     0
      CONTACT FORCES. . . . . .     0
      INTERNAL FORCES . . . . .     0
      EXTERNAL FORCES . . . . .     0
      SECTION RBY RWALL FORCES.     0
      ROTATIONAL VELOCITY VECTOR    0
      CONTACT PRESSURE (VECTORS)    0
 SHELL TENSOR SAVED ON ANIMATION FILES (1: YES) :
      MEMBRANE STRESS . . . . .     0
      BENDING STRESS(MOMENT/T^2)    0
      UPPER LAYER STRESS. . . .     0
      LOWER LAYER STRESS. . . .     0
      MEMBRANE STRAIN . . . . .     0
      CURVATURE . . . . . . . .     0
      UPPER LAYER STRAIN. . . .     0
      LOWER LAYER STRAIN. . . .     0
 NODAL MASS SAVED ON ANIMATION FILES (1: YES) :    0
 KEEP DELETED ELEMENT (1: YES) :    0


 12/09/2026
   CYCLE    TIME      TIME-STEP  ELEMENT          ERROR  I-ENERGY    K-ENERGY T  K-ENERGY R  EXT-WORK     MAS.ERR     TOTAL MASS  MASS ADDED
       0   0.000      0.1000E-03 SPRIN          1   0.0%   0.000       0.000       0.000       0.000       0.000       1575.       0.000    
     100  0.1000E-01  0.1000E-03 SPRIN          1  -0.0%   67.84       119.1       0.000       186.9       0.000       1575.       0.000    
     200  0.2000E-01  0.1000E-03 SPRIN          1  -0.0%   271.3       119.1       0.000       390.4       0.000       1575.       0.000    
     300  0.3000E-01  0.1000E-03 SPRIN          1  -0.0%   610.5       119.1       0.000       729.6       0.000       1575.       0.000    
     400  0.4000E-01  0.1000E-03 SPRIN          1  -0.0%   1076.       119.1       0.000       1195.       0.000       1575.       0.000    
     500  0.5000E-01  0.1000E-03 SPRIN          1  -0.0%   1565.       119.1       0.000       1684.       0.000       1575.       0.000    
     600  0.6000E-01  0.1000E-03 SPRIN          1  -0.0%   2047.       119.1       0.000       2166.       0.000       1575.       0.000    
     700  0.7000E-01  0.1000E-03 SPRIN          1  -0.0%   2524.       119.1       0.000       2644.       0.000       1575.       0.000    
     800  0.8000E-01  0.1000E-03 SPRIN          1  -0.0%   2996.       119.1       0.000       3115.       0.000       1575.       0.000    
     900  0.9000E-01  0.1000E-03 SPRIN          1  -0.0%   3462.       119.1       0.000       3581.       0.000       1575.       0.000    
    1000  0.1000      0.1000E-03 SPRIN          1  -0.0%   3922.       119.1       0.000       4041.       0.000       1575.       0.000    
    1100  0.1100      0.1000E-03 SPRIN          1  -0.0%   4377.       119.1       0.000       4496.       0.000       1575.       0.000    
    1200  0.1200      0.1000E-03 SPRIN          1  -0.0%   4826.       119.1       0.000       4945.       0.000       1575.       0.000    
    1300  0.1300      0.1000E-03 SPRIN          1  -0.0%   5269.       119.1       0.000       5388.       0.000       1575.       0.000    
    1400  0.1400      0.1000E-03 SPRIN          1  -0.0%   5706.       119.1       0.000       5825.       0.000       1575.       0.000    
    1500  0.1500      0.1000E-03 SPRIN          1  -0.0%   6138.       119.1       0.000       6257.       0.000       1575.       0.000    
    1600  0.1600      0.1000E-03 SPRIN          1  -0.0%   6565.       119.1       0.000       6684.       0.000       1575.       0.000    
    1700  0.1700      0.1000E-03 SPRIN          1  -0.0%   6985.       119.1       0.000       7104.       0.000       1575.       0.000    
    1800  0.1800      0.1000E-03 SPRIN          1  -0.0%   7400.       119.1       0.000       7519.       0.000       1575.       0.000    
    1900  0.1900      0.1000E-03 SPRIN          1  -0.0%   7810.       119.1       0.000       7929.       0.000       1575.       0.000    
    2000  0.2000      0.1000E-03 SPRIN          1  -0.0%   8213.       119.1       0.000       8332.       0.000       1575.       0.000    
    2100  0.2100      0.1000E-03 SPRIN          1  -0.0%   8611.       119.1       0.000       8730.       0.000       1575.       0.000    
    2200  0.2200      0.1000E-03 SPRIN          1  -0.0%   9004.       119.1       0.000       9123.       0.000       1575.       0.000    
    2300  0.2300      0.1000E-03 SPRIN          1  -0.0%   9390.       119.1       0.000       9509.       0.000       1575.       0.000    
    2400  0.2400      0.1000E-03 SPRIN          1  -0.0%   9771.       119.1       0.000       9890.       0.000       1575.       0.000    
    2500  0.2500      0.1000E-03 SPRIN          1  -0.0%  0.1015E+05   119.1       0.000      0.1027E+05   0.000       1575.       0.000    
    2600  0.2600      0.1000E-03 SPRIN          1  -0.0%  0.1052E+05   119.1       0.000      0.1064E+05   0.000       1575.       0.000    
    2700  0.2700      0.1000E-03 SPRIN          1  -0.0%  0.1088E+05   119.1       0.000      0.1100E+05   0.000       1575.       0.000    
    2800  0.2800      0.1000E-03 SPRIN          1  -0.0%  0.1124E+05   119.1       0.000      0.1136E+05   0.000       1575.       0.000    
    2900  0.2900      0.1000E-03 SPRIN          1  -0.0%  0.1159E+05   119.1       0.000      0.1171E+05   0.000       1575.       0.000    
    3000  0.3000      0.1000E-03 SPRIN          1  -0.0%  0.1194E+05   119.1       0.000      0.1206E+05   0.000       1575.       0.000    
    3100  0.3100      0.1000E-03 SPRIN          1  -0.0%  0.1228E+05   119.1       0.000      0.1240E+05   0.000       1575.       0.000    
    3200  0.3200      0.1000E-03 SPRIN          1  -0.0%  0.1262E+05   119.1       0.000      0.1274E+05   0.000       1575.       0.000    
    3300  0.3300      0.1000E-03 SPRIN          1  -0.0%  0.1295E+05   119.1       0.000      0.1307E+05   0.000       1575.       0.000    
    3400  0.3400      0.1000E-03 SPRIN          1  -0.0%  0.1327E+05   119.1       0.000      0.1339E+05   0.000       1575.       0.000    
    3500  0.3500      0.1000E-03 SPRIN          1  -0.0%  0.1359E+05   119.1       0.000      0.1371E+05   0.000       1575.       0.000    
    3600  0.3600      0.1000E-03 SPRIN          1  -0.0%  0.1390E+05   119.1       0.000      0.1402E+05   0.000       1575.       0.000    
    3700  0.3700      0.1000E-03 SPRIN          1  -0.0%  0.1421E+05   119.1       0.000      0.1433E+05   0.000       1575.       0.000    
    3800  0.3800      0.1000E-03 SPRIN          1  -0.0%  0.1451E+05   119.1       0.000      0.1463E+05   0.000       1575.       0.000    
    3900  0.3900      0.1000E-03 SPRIN          1  -0.0%  0.1481E+05   119.1       0.000      0.1493E+05   0.000       1575.       0.000    
    4000  0.4000      0.1000E-03 SPRIN          1  -0.0%  0.1510E+05   119.1       0.000      0.1522E+05   0.000       1575.       0.000    
    4100  0.4100      0.1000E-03 SPRIN          1  -0.0%  0.1538E+05   119.1       0.000      0.1550E+05   0.000       1575.       0.000    
    4200  0.4200      0.1000E-03 SPRIN          1  -0.0%  0.1566E+05   119.1       0.000      0.1578E+05   0.000       1575.       0.000    
    4300  0.4300      0.1000E-03 SPRIN          1  -0.0%  0.1594E+05   119.1       0.000      0.1606E+05   0.000       1575.       0.000    
    4400  0.4400      0.1000E-03 SPRIN          1  -0.0%  0.1621E+05   119.1       0.000      0.1632E+05   0.000       1575.       0.000    
    4500  0.4500      0.1000E-03 SPRIN          1  -0.0%  0.1647E+05   119.1       0.000      0.1659E+05   0.000       1575.       0.000    
    4600  0.4600      0.1000E-03 SPRIN          1  -0.0%  0.1672E+05   119.1       0.000      0.1684E+05   0.000       1575.       0.000    
    4700  0.4700      0.1000E-03 SPRIN          1  -0.0%  0.1698E+05   119.1       0.000      0.1709E+05   0.000       1575.       0.000    
    4800  0.4800      0.1000E-03 SPRIN          1  -0.0%  0.1722E+05   119.1       0.000      0.1734E+05   0.000       1575.       0.000    
    4900  0.4900      0.1000E-03 SPRIN          1  -0.0%  0.1746E+05   119.1       0.000      0.1758E+05   0.000       1575.       0.000    
    5000  0.5000      0.1000E-03 SPRIN          1  -0.0%  0.1769E+05   119.1       0.000      0.1781E+05   0.000       1575.       0.000    
    5100  0.5100      0.1000E-03 SPRIN          1  -0.0%  0.1792E+05   119.1       0.000      0.1804E+05   0.000       1575.       0.000    
    5200  0.5200      0.1000E-03 SPRIN          1  -0.0%  0.1815E+05   119.1       0.000      0.1827E+05   0.000       1575.       0.000    
    5300  0.5300      0.1000E-03 SPRIN          1  -0.0%  0.1836E+05   119.1       0.000      0.1848E+05   0.000       1575.       0.000    
    5400  0.5400      0.1000E-03 SPRIN          1  -0.0%  0.1857E+05   119.1       0.000      0.1869E+05   0.000       1575.       0.000    
    5500  0.5500      0.1000E-03 SPRIN          1  -0.0%  0.1878E+05   119.1       0.000      0.1890E+05   0.000       1575.       0.000    
    5600  0.5600      0.1000E-03 SPRIN          1  -0.0%  0.1898E+05   119.1       0.000      0.1910E+05   0.000       1575.       0.000    
    5700  0.5700      0.1000E-03 SPRIN          1  -0.0%  0.1918E+05   119.1       0.000      0.1929E+05   0.000       1575.       0.000    
    5800  0.5800      0.1000E-03 SPRIN          1  -0.0%  0.1936E+05   119.1       0.000      0.1948E+05   0.000       1575.       0.000    
    5900  0.5900      0.1000E-03 SPRIN          1  -0.0%  0.1955E+05   119.1       0.000      0.1967E+05   0.000       1575.       0.000    
    6000  0.6000      0.1000E-03 SPRIN          1  -0.0%  0.1972E+05   119.1       0.000      0.1984E+05   0.000       1575.       0.000    
    6100  0.6100      0.1000E-03 SPRIN          1  -0.0%  0.1990E+05   119.1       0.000      0.2002E+05   0.000       1575.       0.000    
    6200  0.6200      0.1000E-03 SPRIN          1  -0.0%  0.2006E+05   119.1       0.000      0.2018E+05   0.000       1575.       0.000    
    6300  0.6300      0.1000E-03 SPRIN          1  -0.0%  0.2022E+05   119.1       0.000      0.2034E+05   0.000       1575.       0.000    
    6400  0.6400      0.1000E-03 SPRIN          1  -0.0%  0.2038E+05   119.1       0.000      0.2050E+05   0.000       1575.       0.000    
    6500  0.6500      0.1000E-03 SPRIN          1  -0.0%  0.2053E+05   119.1       0.000      0.2065E+05   0.000       1575.       0.000    
    6600  0.6600      0.1000E-03 SPRIN          1  -0.0%  0.2067E+05   119.1       0.000      0.2079E+05   0.000       1575.       0.000    
    6700  0.6700      0.1000E-03 SPRIN          1  -0.0%  0.2081E+05   119.1       0.000      0.2093E+05   0.000       1575.       0.000    
    6800  0.6800      0.1000E-03 SPRIN          1  -0.0%  0.2094E+05   119.1       0.000      0.2106E+05   0.000       1575.       0.000    
    6900  0.6900      0.1000E-03 SPRIN          1  -0.0%  0.2107E+05   119.1       0.000      0.2119E+05   0.000       1575.       0.000    
    7000  0.7000      0.1000E-03 SPRIN          1  -0.0%  0.2119E+05   119.1       0.000      0.2131E+05   0.000       1575.       0.000    
    7100  0.7100      0.1000E-03 SPRIN          1  -0.0%  0.2130E+05   119.1       0.000      0.2142E+05   0.000       1575.       0.000    
    7200  0.7200      0.1000E-03 SPRIN          1  -0.0%  0.2141E+05   119.1       0.000      0.2153E+05   0.000       1575.       0.000    
    7300  0.7300      0.1000E-03 SPRIN          1  -0.0%  0.2152E+05   119.1       0.000      0.2164E+05   0.000       1575.       0.000    
    7400  0.7400      0.1000E-03 SPRIN          1  -0.0%  0.2162E+05   119.1       0.000      0.2174E+05   0.000       1575.       0.000    
    7500  0.7500      0.1000E-03 SPRIN          1  -0.0%  0.2171E+05   119.1       0.000      0.2183E+05   0.000       1575.       0.000    
    7600  0.7600      0.1000E-03 SPRIN          1  -0.0%  0.2180E+05   119.1       0.000      0.2192E+05   0.000       1575.       0.000    
    7700  0.7700      0.1000E-03 SPRIN          1  -0.0%  0.2188E+05   119.1       0.000      0.2200E+05   0.000       1575.       0.000    
    7800  0.7800      0.1000E-03 SPRIN          1  -0.0%  0.2195E+05   119.1       0.000      0.2207E+05   0.000       1575.       0.000    
    7900  0.7900      0.1000E-03 SPRIN          1  -0.0%  0.2202E+05   119.1       0.000      0.2214E+05   0.000       1575.       0.000    
    8000  0.8000      0.1000E-03 SPRIN          1  -0.0%  0.2209E+05   119.1       0.000      0.2221E+05   0.000       1575.       0.000    
    8100  0.8100      0.1000E-03 SPRIN          1  -0.0%  0.2215E+05   119.1       0.000      0.2227E+05   0.000       1575.       0.000    
    8200  0.8200      0.1000E-03 SPRIN          1  -0.0%  0.2220E+05   119.1       0.000      0.2232E+05   0.000       1575.       0.000    
    8300  0.8300      0.1000E-03 SPRIN          1  -0.0%  0.2225E+05   119.1       0.000      0.2237E+05   0.000       1575.       0.000    
    8400  0.8400      0.1000E-03 SPRIN          1  -0.0%  0.2229E+05   119.1       0.000      0.2241E+05   0.000       1575.       0.000    
    8500  0.8500      0.1000E-03 SPRIN          1  -0.0%  0.2233E+05   119.1       0.000      0.2245E+05   0.000       1575.       0.000    
    8600  0.8600      0.1000E-03 SPRIN          1  -0.0%  0.2236E+05   119.1       0.000      0.2248E+05   0.000       1575.       0.000    
    8700  0.8700      0.1000E-03 SPRIN          1  -0.0%  0.2238E+05   119.1       0.000      0.2250E+05   0.000       1575.       0.000    
    8800  0.8800      0.1000E-03 SPRIN          1  -0.0%  0.2240E+05   119.1       0.000      0.2252E+05   0.000       1575.       0.000    
    8900  0.8900      0.1000E-03 SPRIN          1  -0.0%  0.2241E+05   119.1       0.000      0.2253E+05   0.000       1575.       0.000    
    9000  0.9000      0.1000E-03 SPRIN          1  -0.0%  0.2242E+05   119.1       0.000      0.2254E+05   0.000       1575.       0.000    
 -- RUPTURE OF SPRING ELEMENT NUMBER          1
 -- RUPTURE OF SPRING ELEMENT NUMBER          2
 -- RUPTURE OF SPRING ELEMENT NUMBER          3
 -- RUPTURE OF SPRING ELEMENT NUMBER          4
    9100  0.9100      0.1000E-03 SHELL          0  -0.0%  0.2243E+05   119.1       0.000      0.2254E+05   0.000       1575.       0.000    
    9200  0.9200      0.1000E-03 SHELL          0  -0.0%  0.2243E+05   119.1       0.000      0.2254E+05   0.000       1575.       0.000    
    9300  0.9300      0.1000E-03 SHELL          0  -0.0%  0.2243E+05   119.1       0.000      0.2254E+05   0.000       1575.       0.000    
    9400  0.9400      0.1000E-03 SHELL          0  -0.0%  0.2243E+05   119.1       0.000      0.2254E+05   0.000       1575.       0.000    
    9500  0.9500      0.1000E-03 SHELL          0  -0.0%  0.2243E+05   119.1       0.000      0.2254E+05   0.000       1575.       0.000    
    9600  0.9600      0.1000E-03 SHELL          0  -0.0%  0.2243E+05   119.1       0.000      0.2254E+05   0.000       1575.       0.000    
    9700  0.9700      0.1000E-03 SHELL          0  -0.0%  0.2243E+05   119.1       0.000      0.2254E+05   0.000       1575.       0.000    
    9800  0.9800      0.1000E-03 SHELL          0  -0.0%  0.2243E+05   119.1       0.000      0.2254E+05   0.000       1575.       0.000    
    9900  0.9900      0.1000E-03 SHELL          0  -0.0%  0.2243E+05   119.1       0.000      0.2254E+05   0.000       1575.       0.000    
   CYCLE    TIME      TIME-STEP  ELEMENT          ERROR  I-ENERGY    K-ENERGY T  K-ENERGY R  EXT-WORK     MAS.ERR     TOTAL MASS  MASS ADDED
   10000   1.000      0.1000E-03 SHELL          0  -0.1%  0.2243E+05   29.77       0.000      0.2248E+05   0.000       1575.       0.000    
   10100   1.010      0.1000E-03 SHELL          0  -0.0%  0.2243E+05   0.000       0.000      0.2243E+05   0.000       1575.       0.000    
   10200   1.020      0.1000E-03 SHELL          0  -0.0%  0.2243E+05   0.000       0.000      0.2243E+05   0.000       1575.       0.000    
   10300   1.030      0.1000E-03 SHELL          0  -0.0%  0.2243E+05   0.000       0.000      0.2243E+05   0.000       1575.       0.000    
   10400   1.040      0.1000E-03 SHELL          0  -0.0%  0.2243E+05   0.000       0.000      0.2243E+05   0.000       1575.       0.000    
   10500   1.050      0.1000E-03 SHELL          0  -0.0%  0.2243E+05   0.000       0.000      0.2243E+05   0.000       1575.       0.000    
   10600   1.060      0.1000E-03 SHELL          0  -0.0%  0.2243E+05   0.000       0.000      0.2243E+05   0.000       1575.       0.000    
   10700   1.070      0.1000E-03 SHELL          0  -0.0%  0.2243E+05   0.000       0.000      0.2243E+05   0.000       1575.       0.000    
   10800   1.080      0.1000E-03 SHELL          0  -0.0%  0.2243E+05   0.000       0.000      0.2243E+05   0.000       1575.       0.000    
   10900   1.090      0.1000E-03 SHELL          0  -0.0%  0.2243E+05   0.000       0.000      0.2243E+05   0.000       1575.       0.000    
   11000   1.100      0.1000E-03 SHELL          0  -0.0%  0.2243E+05   0.000       0.000      0.2243E+05   0.000       1575.       0.000    

     RESTART FILES: I02B_ROW_H050_R1_0001_[0001-0001].rst WRITTEN
     -------------

  
                           ** CPU USER TIME **
  
  
                        ** SUMMARY **
  
 #PROC  ELEMENT   KINCOND   INTEG     IO        T0        ASM       RESOL    
   1   .3125E-01 .3125E-01 .7812E-01 .1562E+00 .1406E+00 .1562E-01 .6406E+00
  
 
                   ** CUMULATIVE CPU TIME SUMMARY **
  
 CONTACT SORTING.............: .0000E+00     0.00 % 
 CONTACT FORCES..............: .0000E+00     0.00 % 
 ELEMENT FORCES..............: .3125E-01     4.88 % 
 KINEMATIC COND..............: .3125E-01     4.88 % 
 INTEGRATION.................: .7812E-01    12.20 % 
 ASSEMBLING..................: .1562E-01     2.44 % 
 OTHERS (including I/O)......: .4844E+00    75.61 % 
 TOTAL.......................: .6406E+00   100.00 % 
  
  
                           ** ELAPSED TIME **
  
  
                        ** SUMMARY **
  
 #PROC  ELEMENT   KINCOND   INTEG     IO        T0        ASM       RESOL    
   1   .6049E-01 .4784E-01 .3485E-01 .1823E+00 .1167E+00 .2150E-01 .6473E+00
  
                   ** MEMORY USAGE STATISTICS **
  
 TOTAL MEMORY USED .........................:       46 MB
 MAXIMUM MEMORY PER PROCESSOR...............:       46 MB
 MINIMUM MEMORY PER PROCESSOR...............:       46 MB
 AVERAGE MEMORY PER PROCESSOR...............:       46 MB
  
                   ** DISK USAGE STATISTICS **
  
 TOTAL DISK SPACE USED .....................:          1 MB
 ANIMATION/H3D/TH/OUTP SIZE ................:          1 MB
 RESTART FILE SIZE .........................:          0 MB
  
                   ** COMPUTE TIME INFORMATION **
                        ** CURRENT ENGINE **
  
 EXECUTION STARTED .........................:      2026/09/12  17:36:15
 EXECUTION COMPLETED .......................:      2026/09/12  17:36:15
  
 ELAPSED TIME     =          0.68 s
                          0:00:00



     NORMAL TERMINATION      



     TOTAL NUMBER OF CYCLES  :   11001

  
                   ** COMPUTE RUNTIME INFORMATION SUMMARY **
  
        STARTER RUNTIME =          0.54s (00:00:00)
 # 001   ENGINE RUNTIME =          0.68s (00:00:00)
 ------------------------------ 
 STARTER+ENGINE RUNTIME =          1.22s (00:00:01)
  
