 A06_ELASTIC_L10_0001.out
************************************************************************
**                                                                    **
**                                                                    **
**                         OpenRadioss Engine                         **
**                                                                    **
**            Non-linear Finite Element Analysis Software             **
**                                                                    **
**                                                                    **
**                                                                    **
**                  Windows 64 bits, Intel compiler                   **
**                      Double Precision Version                      **
**                                                                    **
**                                                                    **
**                                                                    **
************************************************************************
** OpenRadioss Software                                               **
** COPYRIGHT (C) 2026 Siemens                                         **
** Licensed under GNU Affero General Public License.                  **
** See License file.                                                  **
************************************************************************
 
 NUMBER OF SPMD DOMAINS           1
 NUMBER OF THREADS PER DOMAIN     2
 NUMBER OF HMPP PROCESSES         2
  
 COMPUTATION HARDWARE DESCRIPTION
  
 HOSTNAME     CPU TYPE, FREQUENCY AND MEMORY
 jeux   AMD Ryzen 5 5600 6-Core Processor               (x86_64), 3700 MHz,   7085 MB RAM,  18217 MB swap
  
 STACKSIZE  . . . . . . . . . . . . . . . . . . . . 1430 MB
 THREAD STACKSIZE . . . . . . . . . . . . . . . . . 400 MB
 
************************************************************************


 A06_ELASTIC_L10D01                                                              


 FINAL TIME . . . . . . . . . . . . . . . . . . .   1.000000    

 TIME INTERVAL FOR TIME HISTORY PLOTS . . . . . .  0.1000000E-02

 TIME STEP SCALE FACTOR . . . . . . . . . . . . .  0.4000000    

 MINIMUM TIME STEP  . . . . . . . . . . . . . . .   0.000000    


 BRICK TIME STEP SCALE FACTOR . . . . . . . . . .  0.4000000    
 BRICK MINIMUM TIME STEP. . . . . . . . . . . . .   0.000000    
 MIN. TIME STEP FLAG (1:STOP RUN, 2:DELETE BRICK)     1

 QUAD TIME STEP SCALE FACTOR. . . . . . . . . . .  0.4000000    
 QUAD MINIMUM TIME STEP . . . . . . . . . . . . .   0.000000    
 MIN. TIME STEP FLAG (1:STOP RUN, 2:DELETE QUAD).     1

 SHELL TIME STEP SCALE FACTOR . . . . . . . . . .  0.4000000    
 SHELL MINIMUM TIME STEP. . . . . . . . . . . . .   0.000000    
 MIN. TIME FLAG (1:STOP, 2:DELETE, 3:SMALL STRAIN)    2

 TRUSS TIME STEP SCALE FACTOR . . . . . . . . . .  0.4000000    
 TRUSS MINIMUM TIME STEP. . . . . . . . . . . . .   0.000000    
 MIN. TIME FLAG (1:STOP, 2:DELETE). . . . . . . .     0

 BEAM TIME STEP SCALE FACTOR. . . . . . . . . . .  0.4000000    
 BEAM MINIMUM TIME STEP . . . . . . . . . . . . .   0.000000    
 MIN. TIME FLAG (1:STOP, 2:DELETE). . . . . . . .     0

 SPRING TIME STEP SCALE FACTOR. . . . . . . . . .  0.4000000    
 SPRING MINIMUM TIME STEP . . . . . . . . . . . .   0.000000    
 MIN. TIME FLAG (1:STOP, 2:DELETE). . . . . . . .     0

 AIRBAG TIME STEP SCALE FACTOR. . . . . . . . . .  0.4000000    
 AIRBAG MINIMUM TIME STEP . . . . . . . . . . . .   0.000000    
 MIN. TIME FLAG (1:STOP). . . . . . . . . . . . .     0

 CONTACT TIME STEP SCALE FACTOR . . . . . . . . .  0.4000000    
 CONTACT MINIMUM TIME STEP. . . . . . . . . . . .   0.000000    
 MIN. TIME FLAG(1:STOP, 2:REMOVE NODE FROM INTERF)    0

 PRINTOUT CYCLE FREQUENCY . . . . . . . . . . . .  -100

 RESTART CYCLE FREQUENCY. . . . . . . . . . . . .   10000000

 MAXIMUM RESTART WRITE BEFORE OVERWRITE . . . . .     0

 INVERS: INPUT DECK VERSION . . . . . . . . . . .  2026
 ITTYP : FLAG FOR TYPE OF T-FILE. . . . . . . . .     4

 INITIAL TIME STEP. . . . . . . . . . . . . . . .  0.5000000E-04
 MAXIMUM TIME STEP. . . . . . . . . . . . . . . .  0.5000000E-04

 PARALLEL ARITHMETIC ON
 NUMBER OF INTERFACES TO BE ELIMINATED. . . . . .        0

 NUMBER OF PARTS TO BE ELIMINATED . . . . . . . .        0

 NUMBER OF SOLID  ELEMENT BLOCKS TO BE ELIMINATED        0

 NUMBER OF QUAD   ELEMENT BLOCKS TO BE ELIMINATED        0

 NUMBER OF SHELL  ELEMENT BLOCKS TO BE ELIMINATED        0

 NUMBER OF TRUSS  ELEMENT BLOCKS TO BE ELIMINATED        0

 NUMBER OF BEAM   ELEMENT BLOCKS TO BE ELIMINATED        0

 NUMBER OF SPRING ELEMENT BLOCKS TO BE ELIMINATED        0

 NUMBER OF SH_3N  ELEMENT BLOCKS TO BE ELIMINATED        0

 NUMBER OF  SPH PARTICLES BLOCKS TO BE ELIMINATED        0

 NUMBER OF RIGID LINKS. . . . . . . . . . . . . .        0

 NUMBER OF NEW BOUNDARY CONDITIONS. . . . . . . .        0


 TIME FOR FIRST ANIMATION-FILE PLOT . . . . . . .   0.000000    
 TIME INTERVAL FOR ANIMATION-FILE PLOTS . . . . .  0.1000000E-01
 TIME TO STOP ANIMATION-FILE PLOTS. . . . . . . .  0.1000000E+21
 SENSOR FOR ANIMATION-FILE PLOTS. . . . . . . . .          0
 TIME INTERVAL FOR SENSOR ANIMATION-FILE PLOTS. .   0.000000    

 VARIABLE SAVED ON ANIMATION FILES (1: YES) :
      PLASTIC STRAIN. . . . . .     0
      DENSITY     (SOLID ONLY).     0
      SPECIFIC ENERGY . . . . .     1
      HOURGLASS ENERGY. . . . .     0
      TEMPERATURE (SOLID ONLY).     0
      THICKNESS   (SHELL ONLY).     0
      PRESSURE    (SOLID ONLY).     0
      VON MISES . . . . . . . .     0
      TURBULENT ENERGY (FLUID).     0
      TURBULENT VISCOSITY(FLUID)    0
      VORTICITY (FLUID) . . . .     0
 NODAL VALUES SAVED ON ANIMATION FILES (1: YES) :
      PRESSURE. . . . . . . . .     0
      DENSITY . . . . . . . . .     0
      TEMPERATURE . . . . . . .     0
 VECTOR SAVED ON ANIMATION FILES (1: YES) :
      VELOCITY VECTOR . . . . .     1
      DISPLACEMENT VECTOR . . .     1
      ACCELERATION VECTOR . . .     0
      CONTACT FORCES. . . . . .     0
      INTERNAL FORCES . . . . .     0
      EXTERNAL FORCES . . . . .     0
      SECTION RBY RWALL FORCES.     0
      ROTATIONAL VELOCITY VECTOR    0
      CONTACT PRESSURE (VECTORS)    0
 SHELL TENSOR SAVED ON ANIMATION FILES (1: YES) :
      MEMBRANE STRESS . . . . .     0
      BENDING STRESS(MOMENT/T^2)    0
      UPPER LAYER STRESS. . . .     0
      LOWER LAYER STRESS. . . .     0
      MEMBRANE STRAIN . . . . .     0
      CURVATURE . . . . . . . .     0
      UPPER LAYER STRAIN. . . .     0
      LOWER LAYER STRAIN. . . .     0
 NODAL MASS SAVED ON ANIMATION FILES (1: YES) :    0
 KEEP DELETED ELEMENT (1: YES) :    0


 05/10/2026
   CYCLE    TIME      TIME-STEP  ELEMENT          ERROR  I-ENERGY    K-ENERGY T  K-ENERGY R  EXT-WORK     MAS.ERR     TOTAL MASS  MASS ADDED
       0   0.000      0.5000E-04 SH_3N          1   0.0%   0.000       0.000       0.000       0.000       0.000      0.2214       0.000    
     ANIMATION FILE: A06_ELASTIC_L10A001 WRITTEN
     100  0.5000E-02  0.5000E-04 SH_3N          2  -0.0%  0.7045      0.1508       0.000      0.8553       0.000      0.2214       0.000    
     200  0.1000E-01  0.5000E-04 SH_3N          1  -0.0%   2.819      0.1510       0.000       2.970       0.000      0.2214       0.000    
     ANIMATION FILE: A06_ELASTIC_L10A002 WRITTEN
     300  0.1500E-01  0.5000E-04 SH_3N          2  -0.0%   6.346      0.1512       0.000       6.497       0.000      0.2214       0.000    
     400  0.2000E-01  0.5000E-04 SH_3N          1  -0.0%   11.29      0.1514       0.000       11.44       0.000      0.2214       0.000    
     ANIMATION FILE: A06_ELASTIC_L10A003 WRITTEN
     500  0.2500E-01  0.5000E-04 SH_3N          1  -0.0%   17.64      0.1517       0.000       17.79       0.000      0.2214       0.000    
     600  0.3000E-01  0.5000E-04 SH_3N          1  -0.0%   25.41      0.1519       0.000       25.57       0.000      0.2214       0.000    
     ANIMATION FILE: A06_ELASTIC_L10A004 WRITTEN
     700  0.3500E-01  0.5000E-04 SH_3N          1  -0.0%   34.61      0.1521       0.000       34.76       0.000      0.2214       0.000    
     800  0.4000E-01  0.5000E-04 SH_3N          1  -0.0%   45.22      0.1523       0.000       45.37       0.000      0.2214       0.000    
     ANIMATION FILE: A06_ELASTIC_L10A005 WRITTEN
     900  0.4500E-01  0.5000E-04 SH_3N          1  -0.0%   57.25      0.1526       0.000       57.40       0.000      0.2214       0.000    
    1000  0.5000E-01  0.5000E-04 SH_3N          1  -0.0%   70.71      0.1528       0.000       70.86       0.000      0.2214       0.000    
     ANIMATION FILE: A06_ELASTIC_L10A006 WRITTEN
    1100  0.5500E-01  0.5000E-04 SH_3N          1  -0.0%   85.59      0.1530       0.000       85.74       0.000      0.2214       0.000    
    1200  0.6000E-01  0.5000E-04 SH_3N          2  -0.0%   101.9      0.1533       0.000       102.1       0.000      0.2214       0.000    
     ANIMATION FILE: A06_ELASTIC_L10A007 WRITTEN
    1300  0.6500E-01  0.5000E-04 SH_3N          1  -0.0%   119.6      0.1535       0.000       119.8       0.000      0.2214       0.000    
    1400  0.7000E-01  0.5000E-04 SH_3N          1  -0.0%   138.8      0.1537       0.000       139.0       0.000      0.2214       0.000    
     ANIMATION FILE: A06_ELASTIC_L10A008 WRITTEN
    1500  0.7500E-01  0.5000E-04 SH_3N          1  -0.0%   159.4      0.1539       0.000       159.6       0.000      0.2214       0.000    
    1600  0.8000E-01  0.5000E-04 SH_3N          2  -0.0%   181.4      0.1542       0.000       181.6       0.000      0.2214       0.000    
     ANIMATION FILE: A06_ELASTIC_L10A009 WRITTEN
    1700  0.8500E-01  0.5000E-04 SH_3N          1  -0.0%   204.9      0.1544       0.000       205.1       0.000      0.2214       0.000    
    1800  0.9000E-01  0.5000E-04 SH_3N          2  -0.0%   229.8      0.1546       0.000       230.0       0.000      0.2214       0.000    
     ANIMATION FILE: A06_ELASTIC_L10A010 WRITTEN
    1900  0.9500E-01  0.5000E-04 SH_3N          2  -0.0%   256.2      0.1549       0.000       256.3       0.000      0.2214       0.000    
    2000  0.1000      0.5000E-04 SH_3N          1  -0.0%   284.0      0.1551       0.000       284.1       0.000      0.2214       0.000    
     ANIMATION FILE: A06_ELASTIC_L10A011 WRITTEN
    2100  0.1050      0.5000E-04 SH_3N          1  -0.0%   313.2      0.1553       0.000       313.3       0.000      0.2214       0.000    
    2200  0.1100      0.5000E-04 SH_3N          1  -0.0%   343.9      0.1556       0.000       344.0       0.000      0.2214       0.000    
     ANIMATION FILE: A06_ELASTIC_L10A012 WRITTEN
    2300  0.1150      0.5000E-04 SH_3N          1  -0.0%   376.0      0.1558       0.000       376.1       0.000      0.2214       0.000    
    2400  0.1200      0.5000E-04 SH_3N          1  -0.0%   409.6      0.1560       0.000       409.7       0.000      0.2214       0.000    
     ANIMATION FILE: A06_ELASTIC_L10A013 WRITTEN
    2500  0.1250      0.5000E-04 SH_3N          2  -0.0%   444.6      0.1562       0.000       444.7       0.000      0.2214       0.000    
    2600  0.1300      0.5000E-04 SH_3N          1  -0.0%   481.0      0.1565       0.000       481.2       0.000      0.2214       0.000    
     ANIMATION FILE: A06_ELASTIC_L10A014 WRITTEN
    2700  0.1350      0.5000E-04 SH_3N          1  -0.0%   519.0      0.1567       0.000       519.1       0.000      0.2214       0.000    
    2800  0.1400      0.5000E-04 SH_3N          1  -0.0%   558.3      0.1569       0.000       558.5       0.000      0.2214       0.000    
     ANIMATION FILE: A06_ELASTIC_L10A015 WRITTEN
    2900  0.1450      0.5000E-04 SH_3N          1  -0.0%   599.2      0.1572       0.000       599.3       0.000      0.2214       0.000    
    3000  0.1500      0.5000E-04 SH_3N          1  -0.0%   641.4      0.1574       0.000       641.6       0.000      0.2214       0.000    
     ANIMATION FILE: A06_ELASTIC_L10A016 WRITTEN
    3100  0.1550      0.5000E-04 SH_3N          1  -0.0%   685.2      0.1576       0.000       685.4       0.000      0.2214       0.000    
    3200  0.1600      0.5000E-04 SH_3N          1  -0.0%   730.4      0.1579       0.000       730.6       0.000      0.2214       0.000    
     ANIMATION FILE: A06_ELASTIC_L10A017 WRITTEN
    3300  0.1650      0.5000E-04 SH_3N          1  -0.0%   777.1      0.1581       0.000       777.2       0.000      0.2214       0.000    
    3400  0.1700      0.5000E-04 SH_3N          1  -0.0%   825.2      0.1584       0.000       825.4       0.000      0.2214       0.000    
     ANIMATION FILE: A06_ELASTIC_L10A018 WRITTEN
    3500  0.1750      0.5000E-04 SH_3N          1  -0.0%   874.8      0.1586       0.000       875.0       0.000      0.2214       0.000    
    3600  0.1800      0.5000E-04 SH_3N          1  -0.0%   925.9      0.1588       0.000       926.0       0.000      0.2214       0.000    
     ANIMATION FILE: A06_ELASTIC_L10A019 WRITTEN
    3700  0.1850      0.5000E-04 SH_3N          1  -0.0%   978.4      0.1591       0.000       978.6       0.000      0.2214       0.000    
    3800  0.1900      0.5000E-04 SH_3N          1  -0.0%   1032.      0.1593       0.000       1033.       0.000      0.2214       0.000    
     ANIMATION FILE: A06_ELASTIC_L10A020 WRITTEN
    3900  0.1950      0.5000E-04 SH_3N          2  -0.0%   1088.      0.1595       0.000       1088.       0.000      0.2214       0.000    
    4000  0.2000      0.5000E-04 SH_3N          1  -0.0%   1145.      0.1598       0.000       1145.       0.000      0.2214       0.000    
     ANIMATION FILE: A06_ELASTIC_L10A021 WRITTEN
    4100  0.2050      0.5000E-04 SH_3N          1  -0.0%   1203.      0.1600       0.000       1203.       0.000      0.2214       0.000    
    4200  0.2100      0.5000E-04 SH_3N          1  -0.0%   1263.      0.1603       0.000       1263.       0.000      0.2214       0.000    
     ANIMATION FILE: A06_ELASTIC_L10A022 WRITTEN
    4300  0.2150      0.5000E-04 SH_3N          1  -0.0%   1325.      0.1605       0.000       1325.       0.000      0.2214       0.000    
    4400  0.2200      0.5000E-04 SH_3N          2  -0.0%   1387.      0.1607       0.000       1388.       0.000      0.2214       0.000    
     ANIMATION FILE: A06_ELASTIC_L10A023 WRITTEN
    4500  0.2250      0.5000E-04 SH_3N          2  -0.0%   1452.      0.1610       0.000       1452.       0.000      0.2214       0.000    
    4600  0.2300      0.5000E-04 SH_3N          1  -0.0%   1518.      0.1612       0.000       1518.       0.000      0.2214       0.000    
     ANIMATION FILE: A06_ELASTIC_L10A024 WRITTEN
    4700  0.2350      0.5000E-04 SH_3N          1  -0.0%   1585.      0.1615       0.000       1585.       0.000      0.2214       0.000    
    4800  0.2400      0.5000E-04 SH_3N          1  -0.0%   1654.      0.1617       0.000       1654.       0.000      0.2214       0.000    
     ANIMATION FILE: A06_ELASTIC_L10A025 WRITTEN
    4900  0.2450      0.5000E-04 SH_3N          1  -0.0%   1724.      0.1619       0.000       1724.       0.000      0.2214       0.000    
    5000  0.2500      0.5000E-04 SH_3N          1   0.0%   1796.      0.2433E-19   0.000       1796.       0.000      0.2214       0.000    
     ANIMATION FILE: A06_ELASTIC_L10A026 WRITTEN
    5100  0.2550      0.5000E-04 SH_3N          1  -0.0%   1724.      0.1619       0.000       1724.       0.000      0.2214       0.000    
    5200  0.2600      0.5000E-04 SH_3N          1  -0.0%   1654.      0.1617       0.000       1654.       0.000      0.2214       0.000    
     ANIMATION FILE: A06_ELASTIC_L10A027 WRITTEN
    5300  0.2650      0.5000E-04 SH_3N          2  -0.0%   1585.      0.1615       0.000       1585.       0.000      0.2214       0.000    
    5400  0.2700      0.5000E-04 SH_3N          2  -0.0%   1518.      0.1612       0.000       1518.       0.000      0.2214       0.000    
     ANIMATION FILE: A06_ELASTIC_L10A028 WRITTEN
    5500  0.2750      0.5000E-04 SH_3N          1  -0.0%   1452.      0.1610       0.000       1452.       0.000      0.2214       0.000    
    5600  0.2800      0.5000E-04 SH_3N          1  -0.0%   1387.      0.1607       0.000       1388.       0.000      0.2214       0.000    
     ANIMATION FILE: A06_ELASTIC_L10A029 WRITTEN
    5700  0.2850      0.5000E-04 SH_3N          1  -0.0%   1325.      0.1605       0.000       1325.       0.000      0.2214       0.000    
    5800  0.2900      0.5000E-04 SH_3N          1  -0.0%   1263.      0.1603       0.000       1263.       0.000      0.2214       0.000    
     ANIMATION FILE: A06_ELASTIC_L10A030 WRITTEN
    5900  0.2950      0.5000E-04 SH_3N          1  -0.0%   1203.      0.1600       0.000       1203.       0.000      0.2214       0.000    
    6000  0.3000      0.5000E-04 SH_3N          1  -0.0%   1145.      0.1598       0.000       1145.       0.000      0.2214       0.000    
     ANIMATION FILE: A06_ELASTIC_L10A031 WRITTEN
    6100  0.3050      0.5000E-04 SH_3N          1  -0.0%   1088.      0.1595       0.000       1088.       0.000      0.2214       0.000    
    6200  0.3100      0.5000E-04 SH_3N          2  -0.0%   1032.      0.1593       0.000       1033.       0.000      0.2214       0.000    
     ANIMATION FILE: A06_ELASTIC_L10A032 WRITTEN
    6300  0.3150      0.5000E-04 SH_3N          1  -0.0%   978.4      0.1591       0.000       978.6       0.000      0.2214       0.000    
    6400  0.3200      0.5000E-04 SH_3N          1  -0.0%   925.9      0.1588       0.000       926.0       0.000      0.2214       0.000    
     ANIMATION FILE: A06_ELASTIC_L10A033 WRITTEN
    6500  0.3250      0.5000E-04 SH_3N          1  -0.0%   874.8      0.1586       0.000       875.0       0.000      0.2214       0.000    
    6600  0.3300      0.5000E-04 SH_3N          1  -0.0%   825.2      0.1584       0.000       825.4       0.000      0.2214       0.000    
     ANIMATION FILE: A06_ELASTIC_L10A034 WRITTEN
    6700  0.3350      0.5000E-04 SH_3N          1  -0.0%   777.1      0.1581       0.000       777.2       0.000      0.2214       0.000    
    6800  0.3400      0.5000E-04 SH_3N          1  -0.0%   730.4      0.1579       0.000       730.6       0.000      0.2214       0.000    
     ANIMATION FILE: A06_ELASTIC_L10A035 WRITTEN
    6900  0.3450      0.5000E-04 SH_3N          1  -0.0%   685.2      0.1576       0.000       685.4       0.000      0.2214       0.000    
    7000  0.3500      0.5000E-04 SH_3N          1  -0.0%   641.4      0.1574       0.000       641.6       0.000      0.2214       0.000    
     ANIMATION FILE: A06_ELASTIC_L10A036 WRITTEN
    7100  0.3550      0.5000E-04 SH_3N          1  -0.0%   599.2      0.1572       0.000       599.3       0.000      0.2214       0.000    
    7200  0.3600      0.5000E-04 SH_3N          1  -0.0%   558.3      0.1569       0.000       558.5       0.000      0.2214       0.000    
     ANIMATION FILE: A06_ELASTIC_L10A037 WRITTEN
    7300  0.3650      0.5000E-04 SH_3N          1  -0.0%   519.0      0.1567       0.000       519.1       0.000      0.2214       0.000    
    7400  0.3700      0.5000E-04 SH_3N          1  -0.0%   481.0      0.1565       0.000       481.2       0.000      0.2214       0.000    
     ANIMATION FILE: A06_ELASTIC_L10A038 WRITTEN
    7500  0.3750      0.5000E-04 SH_3N          2  -0.0%   444.6      0.1562       0.000       444.7       0.000      0.2214       0.000    
    7600  0.3800      0.5000E-04 SH_3N          1  -0.0%   409.5      0.1560       0.000       409.7       0.000      0.2214       0.000    
     ANIMATION FILE: A06_ELASTIC_L10A039 WRITTEN
    7700  0.3850      0.5000E-04 SH_3N          1  -0.0%   376.0      0.1558       0.000       376.1       0.000      0.2214       0.000    
    7800  0.3900      0.5000E-04 SH_3N          1  -0.0%   343.9      0.1556       0.000       344.0       0.000      0.2214       0.000    
     ANIMATION FILE: A06_ELASTIC_L10A040 WRITTEN
    7900  0.3950      0.5000E-04 SH_3N          1  -0.0%   313.2      0.1553       0.000       313.4       0.000      0.2214       0.000    
    8000  0.4000      0.5000E-04 SH_3N          1  -0.0%   284.0      0.1551       0.000       284.1       0.000      0.2214       0.000    
     ANIMATION FILE: A06_ELASTIC_L10A041 WRITTEN
    8100  0.4050      0.5000E-04 SH_3N          2  -0.0%   256.2      0.1549       0.000       256.3       0.000      0.2214       0.000    
    8200  0.4100      0.5000E-04 SH_3N          1  -0.0%   229.8      0.1546       0.000       230.0       0.000      0.2214       0.000    
     ANIMATION FILE: A06_ELASTIC_L10A042 WRITTEN
    8300  0.4150      0.5000E-04 SH_3N          1  -0.0%   204.9      0.1544       0.000       205.1       0.000      0.2214       0.000    
    8400  0.4200      0.5000E-04 SH_3N          1  -0.0%   181.4      0.1542       0.000       181.6       0.000      0.2214       0.000    
     ANIMATION FILE: A06_ELASTIC_L10A043 WRITTEN
    8500  0.4250      0.5000E-04 SH_3N          1  -0.0%   159.4      0.1539       0.000       159.6       0.000      0.2214       0.000    
    8600  0.4300      0.5000E-04 SH_3N          1  -0.0%   138.8      0.1537       0.000       139.0       0.000      0.2214       0.000    
     ANIMATION FILE: A06_ELASTIC_L10A044 WRITTEN
    8700  0.4350      0.5000E-04 SH_3N          1  -0.0%   119.6      0.1535       0.000       119.8       0.000      0.2214       0.000    
    8800  0.4400      0.5000E-04 SH_3N          1  -0.0%   101.9      0.1533       0.000       102.1       0.000      0.2214       0.000    
     ANIMATION FILE: A06_ELASTIC_L10A045 WRITTEN
    8900  0.4450      0.5000E-04 SH_3N          1  -0.0%   85.59      0.1530       0.000       85.75       0.000      0.2214       0.000    
    9000  0.4500      0.5000E-04 SH_3N          1  -0.0%   70.71      0.1528       0.000       70.87       0.000      0.2214       0.000    
     ANIMATION FILE: A06_ELASTIC_L10A046 WRITTEN
    9100  0.4550      0.5000E-04 SH_3N          1  -0.0%   57.25      0.1526       0.000       57.42       0.000      0.2214       0.000    
    9200  0.4600      0.5000E-04 SH_3N          2  -0.0%   45.22      0.1523       0.000       45.38       0.000      0.2214       0.000    
     ANIMATION FILE: A06_ELASTIC_L10A047 WRITTEN
    9300  0.4650      0.5000E-04 SH_3N          1  -0.0%   34.61      0.1521       0.000       34.77       0.000      0.2214       0.000    
    9400  0.4700      0.5000E-04 SH_3N          1  -0.0%   25.42      0.1519       0.000       25.58       0.000      0.2214       0.000    
     ANIMATION FILE: A06_ELASTIC_L10A048 WRITTEN
    9500  0.4750      0.5000E-04 SH_3N          2  -0.0%   17.65      0.1517       0.000       17.81       0.000      0.2214       0.000    
    9600  0.4800      0.5000E-04 SH_3N          1  -0.1%   11.29      0.1514       0.000       11.45       0.000      0.2214       0.000    
     ANIMATION FILE: A06_ELASTIC_L10A049 WRITTEN
    9700  0.4850      0.5000E-04 SH_3N          1  -0.1%   6.354      0.1512       0.000       6.514       0.000      0.2214       0.000    
    9800  0.4900      0.5000E-04 SH_3N          1  -0.3%   2.828      0.1510       0.000       2.988       0.000      0.2214       0.000    
     ANIMATION FILE: A06_ELASTIC_L10A050 WRITTEN
    9900  0.4950      0.5000E-04 SH_3N          1  -0.9%  0.7144      0.1508       0.000      0.8734       0.000      0.2214       0.000    
   CYCLE    TIME      TIME-STEP  ELEMENT          ERROR  I-ENERGY    K-ENERGY T  K-ENERGY R  EXT-WORK     MAS.ERR     TOTAL MASS  MASS ADDED
   10000  0.5000      0.5000E-04 SH_3N          1 -93.7%  0.1059E-01  0.1323E-18   0.000      0.1694       0.000      0.2214       0.000    
     ANIMATION FILE: A06_ELASTIC_L10A051 WRITTEN
   10100  0.5050      0.5000E-04 SH_3N          1  -0.9%  0.7144      0.1508       0.000      0.8734       0.000      0.2214       0.000    
   10200  0.5100      0.5000E-04 SH_3N          2  -0.3%   2.828      0.1510       0.000       2.988       0.000      0.2214       0.000    
     ANIMATION FILE: A06_ELASTIC_L10A052 WRITTEN
   10300  0.5150      0.5000E-04 SH_3N          1  -0.1%   6.354      0.1512       0.000       6.514       0.000      0.2214       0.000    
   10400  0.5200      0.5000E-04 SH_3N          1  -0.1%   11.29      0.1514       0.000       11.45       0.000      0.2214       0.000    
     ANIMATION FILE: A06_ELASTIC_L10A053 WRITTEN
   10500  0.5250      0.5000E-04 SH_3N          1  -0.0%   17.65      0.1517       0.000       17.81       0.000      0.2214       0.000    
   10600  0.5300      0.5000E-04 SH_3N          1  -0.0%   25.42      0.1519       0.000       25.58       0.000      0.2214       0.000    
     ANIMATION FILE: A06_ELASTIC_L10A054 WRITTEN
   10700  0.5350      0.5000E-04 SH_3N          1  -0.0%   34.61      0.1521       0.000       34.77       0.000      0.2214       0.000    
   10800  0.5400      0.5000E-04 SH_3N          1  -0.0%   45.22      0.1523       0.000       45.38       0.000      0.2214       0.000    
     ANIMATION FILE: A06_ELASTIC_L10A055 WRITTEN
   10900  0.5450      0.5000E-04 SH_3N          1  -0.0%   57.25      0.1526       0.000       57.42       0.000      0.2214       0.000    
   11000  0.5500      0.5000E-04 SH_3N          1  -0.0%   70.71      0.1528       0.000       70.87       0.000      0.2214       0.000    
     ANIMATION FILE: A06_ELASTIC_L10A056 WRITTEN
   11100  0.5550      0.5000E-04 SH_3N          1  -0.0%   85.59      0.1530       0.000       85.75       0.000      0.2214       0.000    
   11200  0.5600      0.5000E-04 SH_3N          1  -0.0%   101.9      0.1533       0.000       102.1       0.000      0.2214       0.000    
     ANIMATION FILE: A06_ELASTIC_L10A057 WRITTEN
   11300  0.5650      0.5000E-04 SH_3N          1  -0.0%   119.6      0.1535       0.000       119.8       0.000      0.2214       0.000    
   11400  0.5700      0.5000E-04 SH_3N          1  -0.0%   138.8      0.1537       0.000       139.0       0.000      0.2214       0.000    
     ANIMATION FILE: A06_ELASTIC_L10A058 WRITTEN
   11500  0.5750      0.5000E-04 SH_3N          1  -0.0%   159.4      0.1539       0.000       159.6       0.000      0.2214       0.000    
   11600  0.5800      0.5000E-04 SH_3N          1  -0.0%   181.4      0.1542       0.000       181.6       0.000      0.2214       0.000    
     ANIMATION FILE: A06_ELASTIC_L10A059 WRITTEN
   11700  0.5850      0.5000E-04 SH_3N          1  -0.0%   204.9      0.1544       0.000       205.1       0.000      0.2214       0.000    
   11800  0.5900      0.5000E-04 SH_3N          1  -0.0%   229.8      0.1546       0.000       230.0       0.000      0.2214       0.000    
     ANIMATION FILE: A06_ELASTIC_L10A060 WRITTEN
   11900  0.5950      0.5000E-04 SH_3N          1  -0.0%   256.2      0.1549       0.000       256.3       0.000      0.2214       0.000    
   12000  0.6000      0.5000E-04 SH_3N          1  -0.0%   284.0      0.1551       0.000       284.1       0.000      0.2214       0.000    
     ANIMATION FILE: A06_ELASTIC_L10A061 WRITTEN
   12100  0.6050      0.5000E-04 SH_3N          1  -0.0%   313.2      0.1553       0.000       313.3       0.000      0.2214       0.000    
   12200  0.6100      0.5000E-04 SH_3N          1  -0.0%   343.9      0.1556       0.000       344.0       0.000      0.2214       0.000    
     ANIMATION FILE: A06_ELASTIC_L10A062 WRITTEN
   12300  0.6150      0.5000E-04 SH_3N          1  -0.0%   376.0      0.1558       0.000       376.1       0.000      0.2214       0.000    
   12400  0.6200      0.5000E-04 SH_3N          1  -0.0%   409.5      0.1560       0.000       409.7       0.000      0.2214       0.000    
     ANIMATION FILE: A06_ELASTIC_L10A063 WRITTEN
   12500  0.6250      0.5000E-04 SH_3N          1  -0.0%   444.6      0.1562       0.000       444.7       0.000      0.2214       0.000    
   12600  0.6300      0.5000E-04 SH_3N          2  -0.0%   481.0      0.1565       0.000       481.2       0.000      0.2214       0.000    
     ANIMATION FILE: A06_ELASTIC_L10A064 WRITTEN
   12700  0.6350      0.5000E-04 SH_3N          1  -0.0%   518.9      0.1567       0.000       519.1       0.000      0.2214       0.000    
   12800  0.6400      0.5000E-04 SH_3N          2  -0.0%   558.3      0.1569       0.000       558.5       0.000      0.2214       0.000    
     ANIMATION FILE: A06_ELASTIC_L10A065 WRITTEN
   12900  0.6450      0.5000E-04 SH_3N          1  -0.0%   599.1      0.1572       0.000       599.3       0.000      0.2214       0.000    
   13000  0.6500      0.5000E-04 SH_3N          1  -0.0%   641.4      0.1574       0.000       641.6       0.000      0.2214       0.000    
     ANIMATION FILE: A06_ELASTIC_L10A066 WRITTEN
   13100  0.6550      0.5000E-04 SH_3N          1  -0.0%   685.2      0.1576       0.000       685.4       0.000      0.2214       0.000    
   13200  0.6600      0.5000E-04 SH_3N          2  -0.0%   730.4      0.1579       0.000       730.6       0.000      0.2214       0.000    
     ANIMATION FILE: A06_ELASTIC_L10A067 WRITTEN
   13300  0.6650      0.5000E-04 SH_3N          1  -0.0%   777.1      0.1581       0.000       777.2       0.000      0.2214       0.000    
   13400  0.6700      0.5000E-04 SH_3N          2  -0.0%   825.2      0.1584       0.000       825.4       0.000      0.2214       0.000    
     ANIMATION FILE: A06_ELASTIC_L10A068 WRITTEN
   13500  0.6750      0.5000E-04 SH_3N          1  -0.0%   874.8      0.1586       0.000       875.0       0.000      0.2214       0.000    
   13600  0.6800      0.5000E-04 SH_3N          1  -0.0%   925.9      0.1588       0.000       926.0       0.000      0.2214       0.000    
     ANIMATION FILE: A06_ELASTIC_L10A069 WRITTEN
   13700  0.6850      0.5000E-04 SH_3N          1  -0.0%   978.4      0.1591       0.000       978.6       0.000      0.2214       0.000    
   13800  0.6900      0.5000E-04 SH_3N          1  -0.0%   1032.      0.1593       0.000       1033.       0.000      0.2214       0.000    
     ANIMATION FILE: A06_ELASTIC_L10A070 WRITTEN
   13900  0.6950      0.5000E-04 SH_3N          2  -0.0%   1088.      0.1595       0.000       1088.       0.000      0.2214       0.000    
   14000  0.7000      0.5000E-04 SH_3N          1  -0.0%   1145.      0.1598       0.000       1145.       0.000      0.2214       0.000    
     ANIMATION FILE: A06_ELASTIC_L10A071 WRITTEN
   14100  0.7050      0.5000E-04 SH_3N          2  -0.0%   1203.      0.1600       0.000       1203.       0.000      0.2214       0.000    
   14200  0.7100      0.5000E-04 SH_3N          2  -0.0%   1263.      0.1603       0.000       1263.       0.000      0.2214       0.000    
     ANIMATION FILE: A06_ELASTIC_L10A072 WRITTEN
   14300  0.7150      0.5000E-04 SH_3N          1  -0.0%   1325.      0.1605       0.000       1325.       0.000      0.2214       0.000    
   14400  0.7200      0.5000E-04 SH_3N          2  -0.0%   1387.      0.1607       0.000       1388.       0.000      0.2214       0.000    
     ANIMATION FILE: A06_ELASTIC_L10A073 WRITTEN
   14500  0.7250      0.5000E-04 SH_3N          2  -0.0%   1452.      0.1610       0.000       1452.       0.000      0.2214       0.000    
   14600  0.7300      0.5000E-04 SH_3N          1  -0.0%   1518.      0.1612       0.000       1518.       0.000      0.2214       0.000    
     ANIMATION FILE: A06_ELASTIC_L10A074 WRITTEN
   14700  0.7350      0.5000E-04 SH_3N          2  -0.0%   1585.      0.1615       0.000       1585.       0.000      0.2214       0.000    
   14800  0.7400      0.5000E-04 SH_3N          1  -0.0%   1654.      0.1617       0.000       1654.       0.000      0.2214       0.000    
     ANIMATION FILE: A06_ELASTIC_L10A075 WRITTEN
   14900  0.7450      0.5000E-04 SH_3N          2  -0.0%   1724.      0.1619       0.000       1724.       0.000      0.2214       0.000    
   15000  0.7500      0.5000E-04 SH_3N          1  -0.0%   1796.      0.3649       0.000       1797.       0.000      0.2214       0.000    
     ANIMATION FILE: A06_ELASTIC_L10A076 WRITTEN
   15100  0.7550      0.5000E-04 SH_3N          2  -0.0%   1944.      0.6507       0.000       1945.       0.000      0.2214       0.000    
   15200  0.7600      0.5000E-04 SH_3N          1  -0.0%   2098.      0.6526       0.000       2099.       0.000      0.2214       0.000    
     ANIMATION FILE: A06_ELASTIC_L10A077 WRITTEN
   15300  0.7650      0.5000E-04 SH_3N          1  -0.0%   2258.      0.6546       0.000       2259.       0.000      0.2214       0.000    
   15400  0.7700      0.5000E-04 SH_3N          2  -0.0%   2424.      0.6565       0.000       2425.       0.000      0.2214       0.000    
     ANIMATION FILE: A06_ELASTIC_L10A078 WRITTEN
   15500  0.7750      0.5000E-04 SH_3N          1  -0.0%   2596.      0.6585       0.000       2597.       0.000      0.2214       0.000    
   15600  0.7800      0.5000E-04 SH_3N          1  -0.0%   2774.      0.6604       0.000       2775.       0.000      0.2214       0.000    
     ANIMATION FILE: A06_ELASTIC_L10A079 WRITTEN
   15700  0.7850      0.5000E-04 SH_3N          2  -0.0%   2959.      0.6624       0.000       2959.       0.000      0.2214       0.000    
   15800  0.7900      0.5000E-04 SH_3N          1  -0.0%   3149.      0.6644       0.000       3150.       0.000      0.2214       0.000    
     ANIMATION FILE: A06_ELASTIC_L10A080 WRITTEN
   15900  0.7950      0.5000E-04 SH_3N          1  -0.0%   3345.      0.6664       0.000       3346.       0.000      0.2214       0.000    
   16000  0.8000      0.5000E-04 SH_3N          1  -0.0%   3548.      0.6684       0.000       3548.       0.000      0.2214       0.000    
     ANIMATION FILE: A06_ELASTIC_L10A081 WRITTEN
   16100  0.8050      0.5000E-04 SH_3N          1  -0.0%   3756.      0.6704       0.000       3757.       0.000      0.2214       0.000    
   16200  0.8100      0.5000E-04 SH_3N          1  -0.0%   3971.      0.6724       0.000       3972.       0.000      0.2214       0.000    
     ANIMATION FILE: A06_ELASTIC_L10A082 WRITTEN
   16300  0.8150      0.5000E-04 SH_3N          1  -0.0%   4192.      0.6744       0.000       4193.       0.000      0.2214       0.000    
   16400  0.8200      0.5000E-04 SH_3N          1  -0.0%   4419.      0.6765       0.000       4420.       0.000      0.2214       0.000    
     ANIMATION FILE: A06_ELASTIC_L10A083 WRITTEN
   16500  0.8250      0.5000E-04 SH_3N          1  -0.0%   4652.      0.6785       0.000       4653.       0.000      0.2214       0.000    
   16600  0.8300      0.5000E-04 SH_3N          1  -0.0%   4891.      0.6805       0.000       4892.       0.000      0.2214       0.000    
     ANIMATION FILE: A06_ELASTIC_L10A084 WRITTEN
   16700  0.8350      0.5000E-04 SH_3N          1  -0.0%   5137.      0.6826       0.000       5138.       0.000      0.2214       0.000    
   16800  0.8400      0.5000E-04 SH_3N          2  -0.0%   5389.      0.6846       0.000       5389.       0.000      0.2214       0.000    
     ANIMATION FILE: A06_ELASTIC_L10A085 WRITTEN
   16900  0.8450      0.5000E-04 SH_3N          1  -0.0%   5647.      0.6867       0.000       5647.       0.000      0.2214       0.000    
   17000  0.8500      0.5000E-04 SH_3N          1  -0.0%   5911.      0.6887       0.000       5911.       0.000      0.2214       0.000    
     ANIMATION FILE: A06_ELASTIC_L10A086 WRITTEN
   17100  0.8550      0.5000E-04 SH_3N          1  -0.0%   6181.      0.6908       0.000       6182.       0.000      0.2214       0.000    
   17200  0.8600      0.5000E-04 SH_3N          1  -0.0%   6458.      0.6929       0.000       6459.       0.000      0.2214       0.000    
     ANIMATION FILE: A06_ELASTIC_L10A087 WRITTEN
   17300  0.8650      0.5000E-04 SH_3N          2  -0.0%   6741.      0.6950       0.000       6741.       0.000      0.2214       0.000    
   17400  0.8700      0.5000E-04 SH_3N          1  -0.0%   7030.      0.6971       0.000       7031.       0.000      0.2214       0.000    
     ANIMATION FILE: A06_ELASTIC_L10A088 WRITTEN
   17500  0.8750      0.5000E-04 SH_3N          1  -0.0%   7326.      0.6992       0.000       7326.       0.000      0.2214       0.000    
   17600  0.8800      0.5000E-04 SH_3N          1  -0.0%   7627.      0.7013       0.000       7628.       0.000      0.2214       0.000    
     ANIMATION FILE: A06_ELASTIC_L10A089 WRITTEN
   17700  0.8850      0.5000E-04 SH_3N          2  -0.0%   7936.      0.7034       0.000       7936.       0.000      0.2214       0.000    
   17800  0.8900      0.5000E-04 SH_3N          2  -0.0%   8250.      0.7055       0.000       8251.       0.000      0.2214       0.000    
     ANIMATION FILE: A06_ELASTIC_L10A090 WRITTEN
   17900  0.8950      0.5000E-04 SH_3N          1  -0.0%   8571.      0.7076       0.000       8572.       0.000      0.2214       0.000    
   18000  0.9000      0.5000E-04 SH_3N          1  -0.0%   8898.      0.7098       0.000       8899.       0.000      0.2214       0.000    
     ANIMATION FILE: A06_ELASTIC_L10A091 WRITTEN
   18100  0.9050      0.5000E-04 SH_3N          1  -0.0%   9232.      0.7119       0.000       9233.       0.000      0.2214       0.000    
   18200  0.9100      0.5000E-04 SH_3N          2  -0.0%   9572.      0.7140       0.000       9573.       0.000      0.2214       0.000    
     ANIMATION FILE: A06_ELASTIC_L10A092 WRITTEN
   18300  0.9150      0.5000E-04 SH_3N          1  -0.0%   9919.      0.7162       0.000       9919.       0.000      0.2214       0.000    
   18400  0.9200      0.5000E-04 SH_3N          1  -0.0%  0.1027E+05  0.7184       0.000      0.1027E+05   0.000      0.2214       0.000    
     ANIMATION FILE: A06_ELASTIC_L10A093 WRITTEN
   18500  0.9250      0.5000E-04 SH_3N          1  -0.0%  0.1063E+05  0.7205       0.000      0.1063E+05   0.000      0.2214       0.000    
   18600  0.9300      0.5000E-04 SH_3N          2  -0.0%  0.1100E+05  0.7227       0.000      0.1100E+05   0.000      0.2214       0.000    
     ANIMATION FILE: A06_ELASTIC_L10A094 WRITTEN
   18700  0.9350      0.5000E-04 SH_3N          1  -0.0%  0.1137E+05  0.7249       0.000      0.1137E+05   0.000      0.2214       0.000    
   18800  0.9400      0.5000E-04 SH_3N          1  -0.0%  0.1175E+05  0.7271       0.000      0.1175E+05   0.000      0.2214       0.000    
     ANIMATION FILE: A06_ELASTIC_L10A095 WRITTEN
   18900  0.9450      0.5000E-04 SH_3N          1  -0.0%  0.1213E+05  0.7293       0.000      0.1213E+05   0.000      0.2214       0.000    
   19000  0.9500      0.5000E-04 SH_3N          1  -0.0%  0.1252E+05  0.7315       0.000      0.1253E+05   0.000      0.2214       0.000    
     ANIMATION FILE: A06_ELASTIC_L10A096 WRITTEN
   19100  0.9550      0.5000E-04 SH_3N          1  -0.0%  0.1292E+05  0.7337       0.000      0.1292E+05   0.000      0.2214       0.000    
   19200  0.9600      0.5000E-04 SH_3N          1  -0.0%  0.1333E+05  0.7359       0.000      0.1333E+05   0.000      0.2214       0.000    
     ANIMATION FILE: A06_ELASTIC_L10A097 WRITTEN
   19300  0.9650      0.5000E-04 SH_3N          1  -0.0%  0.1374E+05  0.7381       0.000      0.1374E+05   0.000      0.2214       0.000    
   19400  0.9700      0.5000E-04 SH_3N          2  -0.0%  0.1416E+05  0.7403       0.000      0.1416E+05   0.000      0.2214       0.000    
     ANIMATION FILE: A06_ELASTIC_L10A098 WRITTEN
   19500  0.9750      0.5000E-04 SH_3N          1  -0.0%  0.1458E+05  0.7426       0.000      0.1458E+05   0.000      0.2214       0.000    
   19600  0.9800      0.5000E-04 SH_3N          1  -0.0%  0.1501E+05  0.7448       0.000      0.1501E+05   0.000      0.2214       0.000    
     ANIMATION FILE: A06_ELASTIC_L10A099 WRITTEN
   19700  0.9850      0.5000E-04 SH_3N          1  -0.0%  0.1545E+05  0.7471       0.000      0.1545E+05   0.000      0.2214       0.000    
   19800  0.9900      0.5000E-04 SH_3N          1  -0.0%  0.1589E+05  0.7493       0.000      0.1590E+05   0.000      0.2214       0.000    
     ANIMATION FILE: A06_ELASTIC_L10A100 WRITTEN
   19900  0.9950      0.5000E-04 SH_3N          1  -0.0%  0.1635E+05  0.7516       0.000      0.1635E+05   0.000      0.2214       0.000    
   CYCLE    TIME      TIME-STEP  ELEMENT          ERROR  I-ENERGY    K-ENERGY T  K-ENERGY R  EXT-WORK     MAS.ERR     TOTAL MASS  MASS ADDED
   20000   1.000      0.5000E-04 SH_3N          1  -0.0%  0.1680E+05  0.7538       0.000      0.1680E+05   0.000      0.2214       0.000    

     RESTART FILES: A06_ELASTIC_L10_0001_[0001-0001].rst WRITTEN
     -------------

     ANIMATION FILE: A06_ELASTIC_L10A101 WRITTEN
  
                           ** CPU USER TIME **
  
  
                        ** SUMMARY **
  
 #PROC  ELEMENT   KINCOND   INTEG     IO        T0        ASM       RESOL    
   1   .7969E+00 .1875E+00 .4062E+00 .1047E+01 .5000E+00 .2656E+00 .3812E+01
  
 
                   ** CUMULATIVE CPU TIME SUMMARY **
  
 CONTACT SORTING.............: .0000E+00     0.00 % 
 CONTACT FORCES..............: .0000E+00     0.00 % 
 ELEMENT FORCES..............: .7969E+00    20.90 % 
 KINEMATIC COND..............: .1875E+00     4.92 % 
 INTEGRATION.................: .4062E+00    10.66 % 
 ASSEMBLING..................: .2656E+00     6.97 % 
 OTHERS (including I/O)......: .2156E+01    56.56 % 
 TOTAL.......................: .3812E+01   100.00 % 
  
  
                           ** ELAPSED TIME **
  
  
                        ** SUMMARY **
  
 #PROC  ELEMENT   KINCOND   INTEG     IO        T0        ASM       RESOL    
   1   .3740E+00 .1392E+00 .1434E+00 .4247E+00 .2643E+00 .1156E+00 .1914E+01
  
                   ** MEMORY USAGE STATISTICS **
  
 TOTAL MEMORY USED .........................:       47 MB
 MAXIMUM MEMORY PER PROCESSOR...............:       47 MB
 MINIMUM MEMORY PER PROCESSOR...............:       47 MB
 AVERAGE MEMORY PER PROCESSOR...............:       47 MB
  
                   ** DISK USAGE STATISTICS **
  
 TOTAL DISK SPACE USED .....................:          0 MB
 ANIMATION/H3D/TH/OUTP SIZE ................:          0 MB
 RESTART FILE SIZE .........................:          0 MB
  
                   ** COMPUTE TIME INFORMATION **
                        ** CURRENT ENGINE **
  
 EXECUTION STARTED .........................:      2026/10/05  18:55:46
 EXECUTION COMPLETED .......................:      2026/10/05  18:55:48
  
 ELAPSED TIME     =          1.95 s
                          0:00:01



     NORMAL TERMINATION      



     TOTAL NUMBER OF CYCLES  :   20002

  
                   ** COMPUTE RUNTIME INFORMATION SUMMARY **
  
        STARTER RUNTIME =          0.90s (00:00:00)
 # 001   ENGINE RUNTIME =          1.95s (00:00:01)
 ------------------------------ 
 STARTER+ENGINE RUNTIME =          2.85s (00:00:02)
  
