 A20_PANEL_ROTATION_0001.out
************************************************************************
**                                                                    **
**                                                                    **
**                         OpenRadioss Engine                         **
**                                                                    **
**            Non-linear Finite Element Analysis Software             **
**                                                                    **
**                                                                    **
**                                                                    **
**                  Windows 64 bits, Intel compiler                   **
**                      Double Precision Version                      **
**                                                                    **
**                                                                    **
**                                                                    **
************************************************************************
** OpenRadioss Software                                               **
** COPYRIGHT (C) 2026 Siemens                                         **
** Licensed under GNU Affero General Public License.                  **
** See License file.                                                  **
************************************************************************
 
 NUMBER OF SPMD DOMAINS           1
 NUMBER OF THREADS PER DOMAIN     2
 NUMBER OF HMPP PROCESSES         2
  
 COMPUTATION HARDWARE DESCRIPTION
  
 HOSTNAME     CPU TYPE, FREQUENCY AND MEMORY
 jeux   AMD Ryzen 5 5600 6-Core Processor               (x86_64), 3700 MHz,   5754 MB RAM,  18985 MB swap
  
 STACKSIZE  . . . . . . . . . . . . . . . . . . . . 1430 MB
 THREAD STACKSIZE . . . . . . . . . . . . . . . . . 400 MB
 
************************************************************************


 A20_PANEL_ROTATIOND01                                                           


 FINAL TIME . . . . . . . . . . . . . . . . . . .   1.000000    

 TIME INTERVAL FOR TIME HISTORY PLOTS . . . . . .  0.1000000E-02

 TIME STEP SCALE FACTOR . . . . . . . . . . . . .  0.4000000    

 MINIMUM TIME STEP  . . . . . . . . . . . . . . .   0.000000    


 BRICK TIME STEP SCALE FACTOR . . . . . . . . . .  0.4000000    
 BRICK MINIMUM TIME STEP. . . . . . . . . . . . .   0.000000    
 MIN. TIME STEP FLAG (1:STOP RUN, 2:DELETE BRICK)     1

 QUAD TIME STEP SCALE FACTOR. . . . . . . . . . .  0.4000000    
 QUAD MINIMUM TIME STEP . . . . . . . . . . . . .   0.000000    
 MIN. TIME STEP FLAG (1:STOP RUN, 2:DELETE QUAD).     1

 SHELL TIME STEP SCALE FACTOR . . . . . . . . . .  0.4000000    
 SHELL MINIMUM TIME STEP. . . . . . . . . . . . .   0.000000    
 MIN. TIME FLAG (1:STOP, 2:DELETE, 3:SMALL STRAIN)    2

 TRUSS TIME STEP SCALE FACTOR . . . . . . . . . .  0.4000000    
 TRUSS MINIMUM TIME STEP. . . . . . . . . . . . .   0.000000    
 MIN. TIME FLAG (1:STOP, 2:DELETE). . . . . . . .     0

 BEAM TIME STEP SCALE FACTOR. . . . . . . . . . .  0.4000000    
 BEAM MINIMUM TIME STEP . . . . . . . . . . . . .   0.000000    
 MIN. TIME FLAG (1:STOP, 2:DELETE). . . . . . . .     0

 SPRING TIME STEP SCALE FACTOR. . . . . . . . . .  0.4000000    
 SPRING MINIMUM TIME STEP . . . . . . . . . . . .   0.000000    
 MIN. TIME FLAG (1:STOP, 2:DELETE). . . . . . . .     0

 AIRBAG TIME STEP SCALE FACTOR. . . . . . . . . .  0.4000000    
 AIRBAG MINIMUM TIME STEP . . . . . . . . . . . .   0.000000    
 MIN. TIME FLAG (1:STOP). . . . . . . . . . . . .     0

 CONTACT TIME STEP SCALE FACTOR . . . . . . . . .  0.4000000    
 CONTACT MINIMUM TIME STEP. . . . . . . . . . . .   0.000000    
 MIN. TIME FLAG(1:STOP, 2:REMOVE NODE FROM INTERF)    0

 PRINTOUT CYCLE FREQUENCY . . . . . . . . . . . .  -100

 RESTART CYCLE FREQUENCY. . . . . . . . . . . . .   10000000

 MAXIMUM RESTART WRITE BEFORE OVERWRITE . . . . .     0

 INVERS: INPUT DECK VERSION . . . . . . . . . . .  2026
 ITTYP : FLAG FOR TYPE OF T-FILE. . . . . . . . .     4

 INITIAL TIME STEP. . . . . . . . . . . . . . . .  0.2500000E-04
 MAXIMUM TIME STEP. . . . . . . . . . . . . . . .  0.2500000E-04

 PARALLEL ARITHMETIC ON
 NUMBER OF INTERFACES TO BE ELIMINATED. . . . . .        0

 NUMBER OF PARTS TO BE ELIMINATED . . . . . . . .        0

 NUMBER OF SOLID  ELEMENT BLOCKS TO BE ELIMINATED        0

 NUMBER OF QUAD   ELEMENT BLOCKS TO BE ELIMINATED        0

 NUMBER OF SHELL  ELEMENT BLOCKS TO BE ELIMINATED        0

 NUMBER OF TRUSS  ELEMENT BLOCKS TO BE ELIMINATED        0

 NUMBER OF BEAM   ELEMENT BLOCKS TO BE ELIMINATED        0

 NUMBER OF SPRING ELEMENT BLOCKS TO BE ELIMINATED        0

 NUMBER OF SH_3N  ELEMENT BLOCKS TO BE ELIMINATED        0

 NUMBER OF  SPH PARTICLES BLOCKS TO BE ELIMINATED        0

 NUMBER OF RIGID LINKS. . . . . . . . . . . . . .        0

 NUMBER OF NEW BOUNDARY CONDITIONS. . . . . . . .        0


 TIME FOR FIRST ANIMATION-FILE PLOT . . . . . . .   0.000000    
 TIME INTERVAL FOR ANIMATION-FILE PLOTS . . . . .  0.2500000E-01
 TIME TO STOP ANIMATION-FILE PLOTS. . . . . . . .  0.1000000E+21
 SENSOR FOR ANIMATION-FILE PLOTS. . . . . . . . .          0
 TIME INTERVAL FOR SENSOR ANIMATION-FILE PLOTS. .   0.000000    

 VARIABLE SAVED ON ANIMATION FILES (1: YES) :
      PLASTIC STRAIN. . . . . .     0
      DENSITY     (SOLID ONLY).     0
      SPECIFIC ENERGY . . . . .     1
      HOURGLASS ENERGY. . . . .     0
      TEMPERATURE (SOLID ONLY).     0
      THICKNESS   (SHELL ONLY).     0
      PRESSURE    (SOLID ONLY).     0
      VON MISES . . . . . . . .     0
      TURBULENT ENERGY (FLUID).     0
      TURBULENT VISCOSITY(FLUID)    0
      VORTICITY (FLUID) . . . .     0
 NODAL VALUES SAVED ON ANIMATION FILES (1: YES) :
      PRESSURE. . . . . . . . .     0
      DENSITY . . . . . . . . .     0
      TEMPERATURE . . . . . . .     0
 VECTOR SAVED ON ANIMATION FILES (1: YES) :
      VELOCITY VECTOR . . . . .     1
      DISPLACEMENT VECTOR . . .     1
      ACCELERATION VECTOR . . .     0
      CONTACT FORCES. . . . . .     0
      INTERNAL FORCES . . . . .     0
      EXTERNAL FORCES . . . . .     0
      SECTION RBY RWALL FORCES.     0
      ROTATIONAL VELOCITY VECTOR    0
      CONTACT PRESSURE (VECTORS)    0
 SHELL TENSOR SAVED ON ANIMATION FILES (1: YES) :
      MEMBRANE STRESS . . . . .     0
      BENDING STRESS(MOMENT/T^2)    0
      UPPER LAYER STRESS. . . .     0
      LOWER LAYER STRESS. . . .     0
      MEMBRANE STRAIN . . . . .     0
      CURVATURE . . . . . . . .     0
      UPPER LAYER STRAIN. . . .     0
      LOWER LAYER STRAIN. . . .     0
 NODAL MASS SAVED ON ANIMATION FILES (1: YES) :    1
 KEEP DELETED ELEMENT (1: YES) :    0


 09/10/2026
   CYCLE    TIME      TIME-STEP  ELEMENT          ERROR  I-ENERGY    K-ENERGY T  K-ENERGY R  EXT-WORK     MAS.ERR     TOTAL MASS  MASS ADDED
       0   0.000      0.2500E-04 SHELL          2   0.0%   0.000       0.000       0.000       0.000       0.000      0.2214       0.000    
     ANIMATION FILE: A20_PANEL_ROTATIONA001 WRITTEN
     100  0.2500E-02  0.2500E-04 SHELL          2  -9.3%  0.2299E-17  0.4162E-02 -0.1084E-18  0.4587E-02   0.000      0.2214       0.000    
     200  0.5000E-02  0.2500E-04 SHELL          2  -9.2%  0.7304E-16  0.1656E-01 -0.2168E-18  0.1825E-01   0.000      0.2214       0.000    
     300  0.7500E-02  0.2500E-04 SHELL          2  -9.2%  0.5501E-15  0.3708E-01 -0.4337E-18  0.4086E-01   0.000      0.2214       0.000    
     400  0.1000E-01  0.2500E-04 SHELL          2  -9.2%  0.2299E-14  0.6559E-01  0.8674E-18  0.7227E-01   0.000      0.2214       0.000    
     500  0.1250E-01  0.2500E-04 SHELL          2  -9.2%  0.6957E-14  0.1020       0.000      0.1124       0.000      0.2214       0.000    
     600  0.1500E-01  0.2500E-04 SHELL          2  -9.2%  0.1717E-13  0.1461     -0.3469E-17  0.1610       0.000      0.2214       0.000    
     700  0.1750E-01  0.2500E-04 SHELL          2  -9.2%  0.3679E-13  0.1979     -0.3469E-17  0.2180       0.000      0.2214       0.000    
     800  0.2000E-01  0.2500E-04 SHELL          2  -9.2%  0.7113E-13  0.2571     -0.3469E-17  0.2833       0.000      0.2214       0.000    
     900  0.2250E-01  0.2500E-04 SHELL          3  -9.2%  0.1271E-12  0.3237       0.000      0.3567       0.000      0.2214       0.000    
    1000  0.2500E-01  0.2500E-04 SHELL          3  -9.2%  0.2134E-12  0.3976      0.6939E-17  0.4381       0.000      0.2214       0.000    
     ANIMATION FILE: A20_PANEL_ROTATIONA002 WRITTEN
    1100  0.2750E-01  0.2500E-04 SHELL          2  -9.2%  0.3408E-12  0.4787       0.000      0.5274       0.000      0.2214       0.000    
    1200  0.3000E-01  0.2500E-04 SHELL          2  -9.2%  0.5221E-12  0.5667       0.000      0.6244       0.000      0.2214       0.000    
    1300  0.3250E-01  0.2500E-04 SHELL          2  -9.2%  0.7725E-12  0.6617      0.1388E-16  0.7291       0.000      0.2214       0.000    
    1400  0.3500E-01  0.2500E-04 SHELL          3  -9.2%  0.1109E-11  0.7635       0.000      0.8412       0.000      0.2214       0.000    
    1500  0.3750E-01  0.2500E-04 SHELL          2  -9.2%  0.1553E-11  0.8719     -0.1388E-16  0.9606       0.000      0.2214       0.000    
    1600  0.4000E-01  0.2500E-04 SHELL          2  -9.2%  0.2126E-11  0.9869     -0.1388E-16   1.087       0.000      0.2214       0.000    
    1700  0.4250E-01  0.2500E-04 SHELL          2  -9.2%  0.2854E-11   1.108      0.2776E-16   1.221       0.000      0.2214       0.000    
    1800  0.4500E-01  0.2500E-04 SHELL          3  -9.2%  0.3766E-11   1.236       0.000       1.362       0.000      0.2214       0.000    
    1900  0.4750E-01  0.2500E-04 SHELL          2  -9.2%  0.4893E-11   1.370       0.000       1.509       0.000      0.2214       0.000    
    2000  0.5000E-01  0.2500E-04 SHELL          2  -9.2%  0.6268E-11   1.510     -0.2776E-16   1.664       0.000      0.2214       0.000    
     ANIMATION FILE: A20_PANEL_ROTATIONA003 WRITTEN
    2100  0.5250E-01  0.2500E-04 SHELL          3  -9.2%  0.7931E-11   1.656     -0.2776E-16   1.825       0.000      0.2214       0.000    
    2200  0.5500E-01  0.2500E-04 SHELL          2  -9.2%  0.9922E-11   1.808      0.2776E-16   1.992       0.000      0.2214       0.000    
    2300  0.5750E-01  0.2500E-04 SHELL          2  -9.2%  0.1228E-10   1.966      0.2776E-16   2.166       0.000      0.2214       0.000    
    2400  0.6000E-01  0.2500E-04 SHELL          2  -9.2%  0.1506E-10   2.129       0.000       2.346       0.000      0.2214       0.000    
    2500  0.6250E-01  0.2500E-04 SHELL          2  -9.2%  0.1832E-10   2.298      0.2776E-16   2.532       0.000      0.2214       0.000    
    2600  0.6500E-01  0.2500E-04 SHELL          2  -9.2%  0.2209E-10   2.472       0.000       2.724       0.000      0.2214       0.000    
    2700  0.6750E-01  0.2500E-04 SHELL          2  -9.2%  0.2644E-10   2.652      0.5551E-16   2.921       0.000      0.2214       0.000    
    2800  0.7000E-01  0.2500E-04 SHELL          2  -9.2%  0.3144E-10   2.836     -0.5551E-16   3.125       0.000      0.2214       0.000    
    2900  0.7250E-01  0.2500E-04 SHELL          3  -9.2%  0.3714E-10   3.026       0.000       3.334       0.000      0.2214       0.000    
    3000  0.7500E-01  0.2500E-04 SHELL          2  -9.2%  0.4361E-10   3.221       0.000       3.549       0.000      0.2214       0.000    
     ANIMATION FILE: A20_PANEL_ROTATIONA004 WRITTEN
    3100  0.7750E-01  0.2500E-04 SHELL          2  -9.2%  0.5093E-10   3.421       0.000       3.769       0.000      0.2214       0.000    
    3200  0.8000E-01  0.2500E-04 SHELL          2  -9.2%  0.5917E-10   3.625     -0.5551E-16   3.994       0.000      0.2214       0.000    
    3300  0.8250E-01  0.2500E-04 SHELL          3  -9.2%  0.6840E-10   3.835      0.5551E-16   4.225       0.000      0.2214       0.000    
    3400  0.8500E-01  0.2500E-04 SHELL          2  -9.2%  0.7871E-10   4.048       0.000       4.460       0.000      0.2214       0.000    
    3500  0.8750E-01  0.2500E-04 SHELL          2  -9.2%  0.9017E-10   4.267     -0.5551E-16   4.701       0.000      0.2214       0.000    
    3600  0.9000E-01  0.2500E-04 SHELL          3  -9.2%  0.1029E-09   4.489     -0.5551E-16   4.946       0.000      0.2214       0.000    
    3700  0.9250E-01  0.2500E-04 SHELL          3  -9.2%  0.1169E-09   4.716     -0.5551E-16   5.196       0.000      0.2214       0.000    
    3800  0.9500E-01  0.2500E-04 SHELL          3  -9.2%  0.1324E-09   4.947       0.000       5.450       0.000      0.2214       0.000    
    3900  0.9750E-01  0.2500E-04 SHELL          2  -9.2%  0.1495E-09   5.182      0.1110E-15   5.709       0.000      0.2214       0.000    
    4000  0.1000      0.2500E-04 SHELL          2  -9.2%  0.1681E-09   5.421       0.000       5.973       0.000      0.2214       0.000    
     ANIMATION FILE: A20_PANEL_ROTATIONA005 WRITTEN
    4100  0.1025      0.2500E-04 SHELL          2  -9.2%  0.1885E-09   5.664       0.000       6.240       0.000      0.2214       0.000    
    4200  0.1050      0.2500E-04 SHELL          3  -9.2%  0.2107E-09   5.910       0.000       6.512       0.000      0.2214       0.000    
    4300  0.1075      0.2500E-04 SHELL          2  -9.2%  0.2349E-09   6.161       0.000       6.788       0.000      0.2214       0.000    
    4400  0.1100      0.2500E-04 SHELL          3  -9.2%  0.2611E-09   6.415       0.000       7.067       0.000      0.2214       0.000    
    4500  0.1125      0.2500E-04 SHELL          2  -9.2%  0.2895E-09   6.672      0.1110E-15   7.351       0.000      0.2214       0.000    
    4600  0.1150      0.2500E-04 SHELL          2  -9.2%  0.3202E-09   6.932       0.000       7.638       0.000      0.2214       0.000    
    4700  0.1175      0.2500E-04 SHELL          3  -9.2%  0.3533E-09   7.196      0.1110E-15   7.929       0.000      0.2214       0.000    
    4800  0.1200      0.2500E-04 SHELL          2  -9.2%  0.3890E-09   7.463       0.000       8.223       0.000      0.2214       0.000    
    4900  0.1225      0.2500E-04 SHELL          2  -9.2%  0.4273E-09   7.733     -0.1110E-15   8.520       0.000      0.2214       0.000    
    5000  0.1250      0.2500E-04 SHELL          3  -9.2%  0.4684E-09   8.006     -0.1110E-15   8.821       0.000      0.2214       0.000    
     ANIMATION FILE: A20_PANEL_ROTATIONA006 WRITTEN
    5100  0.1275      0.2500E-04 SHELL          2  -9.2%  0.5124E-09   8.282      0.1110E-15   9.125       0.000      0.2214       0.000    
    5200  0.1300      0.2500E-04 SHELL          2  -9.2%  0.5594E-09   8.561      0.1110E-15   9.432       0.000      0.2214       0.000    
    5300  0.1325      0.2500E-04 SHELL          2  -9.2%  0.6097E-09   8.842      0.1110E-15   9.742       0.000      0.2214       0.000    
    5400  0.1350      0.2500E-04 SHELL          2  -9.2%  0.6632E-09   9.126      0.1110E-15   10.06       0.000      0.2214       0.000    
    5500  0.1375      0.2500E-04 SHELL          3  -9.2%  0.7202E-09   9.413     -0.2220E-15   10.37       0.000      0.2214       0.000    
    5600  0.1400      0.2500E-04 SHELL          3  -9.2%  0.7808E-09   9.702     -0.1110E-15   10.69       0.000      0.2214       0.000    
    5700  0.1425      0.2500E-04 SHELL          3  -9.2%  0.8452E-09   9.993       0.000       11.01       0.000      0.2214       0.000    
    5800  0.1450      0.2500E-04 SHELL          2  -9.2%  0.9134E-09   10.29       0.000       11.33       0.000      0.2214       0.000    
    5900  0.1475      0.2500E-04 SHELL          2  -9.2%  0.9856E-09   10.58       0.000       11.66       0.000      0.2214       0.000    
    6000  0.1500      0.2500E-04 SHELL          2  -9.2%  0.1062E-08   10.88       0.000       11.99       0.000      0.2214       0.000    
     ANIMATION FILE: A20_PANEL_ROTATIONA007 WRITTEN
    6100  0.1525      0.2500E-04 SHELL          2  -9.2%  0.1143E-08   11.18       0.000       12.32       0.000      0.2214       0.000    
    6200  0.1550      0.2500E-04 SHELL          3  -9.2%  0.1228E-08   11.48       0.000       12.65       0.000      0.2214       0.000    
    6300  0.1575      0.2500E-04 SHELL          3  -9.2%  0.1318E-08   11.78       0.000       12.98       0.000      0.2214       0.000    
    6400  0.1600      0.2500E-04 SHELL          2  -9.2%  0.1412E-08   12.09       0.000       13.32       0.000      0.2214       0.000    
    6500  0.1625      0.2500E-04 SHELL          2  -9.2%  0.1512E-08   12.40     -0.2220E-15   13.66       0.000      0.2214       0.000    
    6600  0.1650      0.2500E-04 SHELL          2  -9.2%  0.1616E-08   12.70       0.000       14.00       0.000      0.2214       0.000    
    6700  0.1675      0.2500E-04 SHELL          2  -9.2%  0.1726E-08   13.01       0.000       14.34       0.000      0.2214       0.000    
    6800  0.1700      0.2500E-04 SHELL          3  -9.2%  0.1841E-08   13.32      0.2220E-15   14.68       0.000      0.2214       0.000    
    6900  0.1725      0.2500E-04 SHELL          2  -9.2%  0.1962E-08   13.64     -0.2220E-15   15.02       0.000      0.2214       0.000    
    7000  0.1750      0.2500E-04 SHELL          2  -9.2%  0.2088E-08   13.95       0.000       15.37       0.000      0.2214       0.000    
     ANIMATION FILE: A20_PANEL_ROTATIONA008 WRITTEN
    7100  0.1775      0.2500E-04 SHELL          3  -9.2%  0.2220E-08   14.26       0.000       15.72       0.000      0.2214       0.000    
    7200  0.1800      0.2500E-04 SHELL          3  -9.2%  0.2358E-08   14.58      0.2220E-15   16.06       0.000      0.2214       0.000    
    7300  0.1825      0.2500E-04 SHELL          3  -9.2%  0.2502E-08   14.90       0.000       16.41       0.000      0.2214       0.000    
    7400  0.1850      0.2500E-04 SHELL          3  -9.2%  0.2652E-08   15.21      0.2220E-15   16.76       0.000      0.2214       0.000    
    7500  0.1875      0.2500E-04 SHELL          2  -9.2%  0.2809E-08   15.53     -0.2220E-15   17.11       0.000      0.2214       0.000    
    7600  0.1900      0.2500E-04 SHELL          2  -9.2%  0.2973E-08   15.85      0.2220E-15   17.46       0.000      0.2214       0.000    
    7700  0.1925      0.2500E-04 SHELL          2  -9.2%  0.3143E-08   16.17      0.2220E-15   17.82       0.000      0.2214       0.000    
    7800  0.1950      0.2500E-04 SHELL          3  -9.2%  0.3320E-08   16.49      0.2220E-15   18.17       0.000      0.2214       0.000    
    7900  0.1975      0.2500E-04 SHELL          2  -9.2%  0.3504E-08   16.81     -0.2220E-15   18.52       0.000      0.2214       0.000    
    8000  0.2000      0.2500E-04 SHELL          2  -9.2%  0.3695E-08   17.13     -0.2220E-15   18.88       0.000      0.2214       0.000    
     ANIMATION FILE: A20_PANEL_ROTATIONA009 WRITTEN
    8100  0.2025      0.2500E-04 SHELL          2  -9.2%  0.3893E-08   17.45     -0.2220E-15   19.23       0.000      0.2214       0.000    
    8200  0.2050      0.2500E-04 SHELL          3  -9.2%  0.4099E-08   17.78      0.2220E-15   19.59       0.000      0.2214       0.000    
    8300  0.2075      0.2500E-04 SHELL          3  -9.2%  0.4312E-08   18.10     -0.2220E-15   19.94       0.000      0.2214       0.000    
    8400  0.2100      0.2500E-04 SHELL          3  -9.2%  0.4534E-08   18.42      0.4441E-15   20.29       0.000      0.2214       0.000    
    8500  0.2125      0.2500E-04 SHELL          2  -9.2%  0.4763E-08   18.74     -0.2220E-15   20.65       0.000      0.2214       0.000    
    8600  0.2150      0.2500E-04 SHELL          2  -9.2%  0.5000E-08   19.06     -0.2220E-15   21.00       0.000      0.2214       0.000    
    8700  0.2175      0.2500E-04 SHELL          3  -9.2%  0.5245E-08   19.39      0.2220E-15   21.36       0.000      0.2214       0.000    
    8800  0.2200      0.2500E-04 SHELL          2  -9.2%  0.5499E-08   19.71       0.000       21.71       0.000      0.2214       0.000    
    8900  0.2225      0.2500E-04 SHELL          3  -9.2%  0.5760E-08   20.03       0.000       22.07       0.000      0.2214       0.000    
    9000  0.2250      0.2500E-04 SHELL          2  -9.2%  0.6031E-08   20.35     -0.4441E-15   22.42       0.000      0.2214       0.000    
     ANIMATION FILE: A20_PANEL_ROTATIONA010 WRITTEN
    9100  0.2275      0.2500E-04 SHELL          2  -9.2%  0.6310E-08   20.67       0.000       22.77       0.000      0.2214       0.000    
    9200  0.2300      0.2500E-04 SHELL          3  -9.2%  0.6598E-08   20.99       0.000       23.13       0.000      0.2214       0.000    
    9300  0.2325      0.2500E-04 SHELL          3  -9.2%  0.6895E-08   21.31       0.000       23.48       0.000      0.2214       0.000    
    9400  0.2350      0.2500E-04 SHELL          2  -9.2%  0.7201E-08   21.63       0.000       23.83       0.000      0.2214       0.000    
    9500  0.2375      0.2500E-04 SHELL          2  -9.2%  0.7516E-08   21.95       0.000       24.18       0.000      0.2214       0.000    
    9600  0.2400      0.2500E-04 SHELL          3  -9.2%  0.7840E-08   22.27       0.000       24.53       0.000      0.2214       0.000    
    9700  0.2425      0.2500E-04 SHELL          2  -9.2%  0.8174E-08   22.58       0.000       24.88       0.000      0.2214       0.000    
    9800  0.2450      0.2500E-04 SHELL          2  -9.2%  0.8517E-08   22.90     -0.4441E-15   25.23       0.000      0.2214       0.000    
    9900  0.2475      0.2500E-04 SHELL          2  -9.2%  0.8869E-08   23.21       0.000       25.58       0.000      0.2214       0.000    
   CYCLE    TIME      TIME-STEP  ELEMENT          ERROR  I-ENERGY    K-ENERGY T  K-ENERGY R  EXT-WORK     MAS.ERR     TOTAL MASS  MASS ADDED
   10000  0.2500      0.2500E-04 SHELL          3  -9.2%  0.9232E-08   23.53      0.4441E-15   25.92       0.000      0.2214       0.000    
     ANIMATION FILE: A20_PANEL_ROTATIONA011 WRITTEN
   10100  0.2525      0.2500E-04 SHELL          2  -9.2%  0.9604E-08   23.84       0.000       26.27       0.000      0.2214       0.000    
   10200  0.2550      0.2500E-04 SHELL          3  -9.2%  0.9986E-08   24.15       0.000       26.61       0.000      0.2214       0.000    
   10300  0.2575      0.2500E-04 SHELL          3  -9.2%  0.1038E-07   24.46      0.4441E-15   26.95       0.000      0.2214       0.000    
   10400  0.2600      0.2500E-04 SHELL          2  -9.2%  0.1078E-07   24.77       0.000       27.30       0.000      0.2214       0.000    
   10500  0.2625      0.2500E-04 SHELL          2  -9.2%  0.1119E-07   25.08       0.000       27.64       0.000      0.2214       0.000    
   10600  0.2650      0.2500E-04 SHELL          3  -9.2%  0.1162E-07   25.39     -0.4441E-15   27.97       0.000      0.2214       0.000    
   10700  0.2675      0.2500E-04 SHELL          2  -9.2%  0.1205E-07   25.70       0.000       28.31       0.000      0.2214       0.000    
   10800  0.2700      0.2500E-04 SHELL          3  -9.2%  0.1249E-07   26.00       0.000       28.65       0.000      0.2214       0.000    
   10900  0.2725      0.2500E-04 SHELL          2  -9.2%  0.1295E-07   26.30     -0.4441E-15   28.98       0.000      0.2214       0.000    
   11000  0.2750      0.2500E-04 SHELL          2  -9.2%  0.1341E-07   26.60       0.000       29.31       0.000      0.2214       0.000    
     ANIMATION FILE: A20_PANEL_ROTATIONA012 WRITTEN
   11100  0.2775      0.2500E-04 SHELL          3  -9.2%  0.1388E-07   26.90       0.000       29.64       0.000      0.2214       0.000    
   11200  0.2800      0.2500E-04 SHELL          3  -9.2%  0.1437E-07   27.20       0.000       29.97       0.000      0.2214       0.000    
   11300  0.2825      0.2500E-04 SHELL          3  -9.2%  0.1487E-07   27.50       0.000       30.29       0.000      0.2214       0.000    
   11400  0.2850      0.2500E-04 SHELL          3  -9.2%  0.1537E-07   27.79      0.4441E-15   30.62       0.000      0.2214       0.000    
   11500  0.2875      0.2500E-04 SHELL          3  -9.2%  0.1589E-07   28.08       0.000       30.94       0.000      0.2214       0.000    
   11600  0.2900      0.2500E-04 SHELL          2  -9.2%  0.1642E-07   28.37     -0.4441E-15   31.26       0.000      0.2214       0.000    
   11700  0.2925      0.2500E-04 SHELL          2  -9.2%  0.1696E-07   28.66       0.000       31.58       0.000      0.2214       0.000    
   11800  0.2950      0.2500E-04 SHELL          2  -9.2%  0.1751E-07   28.95      0.4441E-15   31.89       0.000      0.2214       0.000    
   11900  0.2975      0.2500E-04 SHELL          2  -9.2%  0.1807E-07   29.23       0.000       32.21       0.000      0.2214       0.000    
   12000  0.3000      0.2500E-04 SHELL          2  -9.2%  0.1864E-07   29.51       0.000       32.52       0.000      0.2214       0.000    
     ANIMATION FILE: A20_PANEL_ROTATIONA013 WRITTEN
   12100  0.3025      0.2500E-04 SHELL          3  -9.2%  0.1923E-07   29.79       0.000       32.83       0.000      0.2214       0.000    
   12200  0.3050      0.2500E-04 SHELL          2  -9.2%  0.1982E-07   30.07       0.000       33.13       0.000      0.2214       0.000    
   12300  0.3075      0.2500E-04 SHELL          3  -9.2%  0.2043E-07   30.35      0.4441E-15   33.44       0.000      0.2214       0.000    
   12400  0.3100      0.2500E-04 SHELL          2  -9.2%  0.2104E-07   30.62      0.4441E-15   33.74       0.000      0.2214       0.000    
   12500  0.3125      0.2500E-04 SHELL          3  -9.2%  0.2167E-07   30.89       0.000       34.04       0.000      0.2214       0.000    
   12600  0.3150      0.2500E-04 SHELL          3  -9.2%  0.2231E-07   31.16       0.000       34.33       0.000      0.2214       0.000    
   12700  0.3175      0.2500E-04 SHELL          3  -9.2%  0.2296E-07   31.43      0.4441E-15   34.62       0.000      0.2214       0.000    
   12800  0.3200      0.2500E-04 SHELL          2  -9.2%  0.2362E-07   31.69       0.000       34.91       0.000      0.2214       0.000    
   12900  0.3225      0.2500E-04 SHELL          2  -9.2%  0.2429E-07   31.95       0.000       35.20       0.000      0.2214       0.000    
   13000  0.3250      0.2500E-04 SHELL          3  -9.2%  0.2498E-07   32.21      0.4441E-15   35.49       0.000      0.2214       0.000    
     ANIMATION FILE: A20_PANEL_ROTATIONA014 WRITTEN
   13100  0.3275      0.2500E-04 SHELL          2  -9.2%  0.2567E-07   32.46       0.000       35.77       0.000      0.2214       0.000    
   13200  0.3300      0.2500E-04 SHELL          3  -9.2%  0.2637E-07   32.72       0.000       36.05       0.000      0.2214       0.000    
   13300  0.3325      0.2500E-04 SHELL          3  -9.2%  0.2709E-07   32.97      0.8882E-15   36.32       0.000      0.2214       0.000    
   13400  0.3350      0.2500E-04 SHELL          3  -9.2%  0.2782E-07   33.21      0.4441E-15   36.60       0.000      0.2214       0.000    
   13500  0.3375      0.2500E-04 SHELL          2  -9.2%  0.2855E-07   33.46      0.4441E-15   36.86       0.000      0.2214       0.000    
   13600  0.3400      0.2500E-04 SHELL          2  -9.2%  0.2930E-07   33.70       0.000       37.13       0.000      0.2214       0.000    
   13700  0.3425      0.2500E-04 SHELL          3  -9.2%  0.3006E-07   33.94     -0.4441E-15   37.39       0.000      0.2214       0.000    
   13800  0.3450      0.2500E-04 SHELL          3  -9.2%  0.3083E-07   34.18      0.4441E-15   37.65       0.000      0.2214       0.000    
   13900  0.3475      0.2500E-04 SHELL          3  -9.2%  0.3161E-07   34.41       0.000       37.91       0.000      0.2214       0.000    
   14000  0.3500      0.2500E-04 SHELL          3  -9.2%  0.3240E-07   34.64     -0.4441E-15   38.16       0.000      0.2214       0.000    
     ANIMATION FILE: A20_PANEL_ROTATIONA015 WRITTEN
   14100  0.3525      0.2500E-04 SHELL          2  -9.2%  0.3320E-07   34.87     -0.4441E-15   38.41       0.000      0.2214       0.000    
   14200  0.3550      0.2500E-04 SHELL          3  -9.2%  0.3401E-07   35.09     -0.4441E-15   38.66       0.000      0.2214       0.000    
   14300  0.3575      0.2500E-04 SHELL          3  -9.2%  0.3484E-07   35.31      0.4441E-15   38.90       0.000      0.2214       0.000    
   14400  0.3600      0.2500E-04 SHELL          3  -9.2%  0.3567E-07   35.53      0.4441E-15   39.14       0.000      0.2214       0.000    
   14500  0.3625      0.2500E-04 SHELL          2  -9.2%  0.3651E-07   35.74     -0.8882E-15   39.38       0.000      0.2214       0.000    
   14600  0.3650      0.2500E-04 SHELL          3  -9.2%  0.3736E-07   35.95       0.000       39.61       0.000      0.2214       0.000    
   14700  0.3675      0.2500E-04 SHELL          2  -9.2%  0.3823E-07   36.16     -0.4441E-15   39.84       0.000      0.2214       0.000    
   14800  0.3700      0.2500E-04 SHELL          2  -9.2%  0.3910E-07   36.36       0.000       40.07       0.000      0.2214       0.000    
   14900  0.3725      0.2500E-04 SHELL          2  -9.2%  0.3998E-07   36.57      0.8882E-15   40.29       0.000      0.2214       0.000    
   15000  0.3750      0.2500E-04 SHELL          3  -9.2%  0.4087E-07   36.76     -0.4441E-15   40.51       0.000      0.2214       0.000    
     ANIMATION FILE: A20_PANEL_ROTATIONA016 WRITTEN
   15100  0.3775      0.2500E-04 SHELL          2  -9.2%  0.4177E-07   36.96      0.4441E-15   40.72       0.000      0.2214       0.000    
   15200  0.3800      0.2500E-04 SHELL          2  -9.2%  0.4269E-07   37.15       0.000       40.93       0.000      0.2214       0.000    
   15300  0.3825      0.2500E-04 SHELL          2  -9.2%  0.4361E-07   37.34     -0.4441E-15   41.14       0.000      0.2214       0.000    
   15400  0.3850      0.2500E-04 SHELL          2  -9.2%  0.4453E-07   37.52      0.4441E-15   41.34       0.000      0.2214       0.000    
   15500  0.3875      0.2500E-04 SHELL          2  -9.2%  0.4547E-07   37.70       0.000       41.54       0.000      0.2214       0.000    
   15600  0.3900      0.2500E-04 SHELL          3  -9.2%  0.4642E-07   37.88       0.000       41.73       0.000      0.2214       0.000    
   15700  0.3925      0.2500E-04 SHELL          2  -9.2%  0.4738E-07   38.05     -0.4441E-15   41.92       0.000      0.2214       0.000    
   15800  0.3950      0.2500E-04 SHELL          2  -9.2%  0.4834E-07   38.22      0.4441E-15   42.11       0.000      0.2214       0.000    
   15900  0.3975      0.2500E-04 SHELL          2  -9.2%  0.4932E-07   38.39      0.4441E-15   42.29       0.000      0.2214       0.000    
   16000  0.4000      0.2500E-04 SHELL          3  -9.2%  0.5030E-07   38.55      0.4441E-15   42.47       0.000      0.2214       0.000    
     ANIMATION FILE: A20_PANEL_ROTATIONA017 WRITTEN
   16100  0.4025      0.2500E-04 SHELL          3  -9.2%  0.5129E-07   38.71     -0.4441E-15   42.65       0.000      0.2214       0.000    
   16200  0.4050      0.2500E-04 SHELL          2  -9.2%  0.5229E-07   38.86      0.4441E-15   42.82       0.000      0.2214       0.000    
   16300  0.4075      0.2500E-04 SHELL          2  -9.2%  0.5329E-07   39.01      0.4441E-15   42.99       0.000      0.2214       0.000    
   16400  0.4100      0.2500E-04 SHELL          2  -9.2%  0.5431E-07   39.16     -0.4441E-15   43.15       0.000      0.2214       0.000    
   16500  0.4125      0.2500E-04 SHELL          3  -9.2%  0.5533E-07   39.31       0.000       43.31       0.000      0.2214       0.000    
   16600  0.4150      0.2500E-04 SHELL          3  -9.2%  0.5636E-07   39.45       0.000       43.46       0.000      0.2214       0.000    
   16700  0.4175      0.2500E-04 SHELL          2  -9.2%  0.5739E-07   39.58       0.000       43.61       0.000      0.2214       0.000    
   16800  0.4200      0.2500E-04 SHELL          2  -9.2%  0.5843E-07   39.71      0.8882E-15   43.76       0.000      0.2214       0.000    
   16900  0.4225      0.2500E-04 SHELL          3  -9.2%  0.5948E-07   39.84       0.000       43.90       0.000      0.2214       0.000    
   17000  0.4250      0.2500E-04 SHELL          2  -9.2%  0.6054E-07   39.97       0.000       44.04       0.000      0.2214       0.000    
     ANIMATION FILE: A20_PANEL_ROTATIONA018 WRITTEN
   17100  0.4275      0.2500E-04 SHELL          2  -9.2%  0.6160E-07   40.09       0.000       44.17       0.000      0.2214       0.000    
   17200  0.4300      0.2500E-04 SHELL          2  -9.2%  0.6267E-07   40.21       0.000       44.30       0.000      0.2214       0.000    
   17300  0.4325      0.2500E-04 SHELL          3  -9.2%  0.6375E-07   40.32       0.000       44.42       0.000      0.2214       0.000    
   17400  0.4350      0.2500E-04 SHELL          3  -9.2%  0.6483E-07   40.43       0.000       44.54       0.000      0.2214       0.000    
   17500  0.4375      0.2500E-04 SHELL          2  -9.2%  0.6592E-07   40.53       0.000       44.66       0.000      0.2214       0.000    
   17600  0.4400      0.2500E-04 SHELL          3  -9.2%  0.6701E-07   40.63     -0.8882E-15   44.77       0.000      0.2214       0.000    
   17700  0.4425      0.2500E-04 SHELL          2  -9.2%  0.6811E-07   40.73       0.000       44.88       0.000      0.2214       0.000    
   17800  0.4450      0.2500E-04 SHELL          2  -9.2%  0.6921E-07   40.82       0.000       44.98       0.000      0.2214       0.000    
   17900  0.4475      0.2500E-04 SHELL          3  -9.2%  0.7032E-07   40.91       0.000       45.08       0.000      0.2214       0.000    
   18000  0.4500      0.2500E-04 SHELL          2  -9.2%  0.7143E-07   41.00       0.000       45.17       0.000      0.2214       0.000    
     ANIMATION FILE: A20_PANEL_ROTATIONA019 WRITTEN
   18100  0.4525      0.2500E-04 SHELL          3  -9.2%  0.7255E-07   41.08       0.000       45.26       0.000      0.2214       0.000    
   18200  0.4550      0.2500E-04 SHELL          2  -9.2%  0.7367E-07   41.15     -0.8882E-15   45.34       0.000      0.2214       0.000    
   18300  0.4575      0.2500E-04 SHELL          3  -9.2%  0.7480E-07   41.23       0.000       45.42       0.000      0.2214       0.000    
   18400  0.4600      0.2500E-04 SHELL          3  -9.2%  0.7593E-07   41.30       0.000       45.50       0.000      0.2214       0.000    
   18500  0.4625      0.2500E-04 SHELL          2  -9.2%  0.7706E-07   41.36       0.000       45.57       0.000      0.2214       0.000    
   18600  0.4650      0.2500E-04 SHELL          3  -9.2%  0.7820E-07   41.42       0.000       45.64       0.000      0.2214       0.000    
   18700  0.4675      0.2500E-04 SHELL          2  -9.2%  0.7934E-07   41.48     -0.8882E-15   45.70       0.000      0.2214       0.000    
   18800  0.4700      0.2500E-04 SHELL          3  -9.2%  0.8048E-07   41.53       0.000       45.75       0.000      0.2214       0.000    
   18900  0.4725      0.2500E-04 SHELL          2  -9.2%  0.8162E-07   41.58       0.000       45.81       0.000      0.2214       0.000    
   19000  0.4750      0.2500E-04 SHELL          3  -9.2%  0.8277E-07   41.62       0.000       45.86       0.000      0.2214       0.000    
     ANIMATION FILE: A20_PANEL_ROTATIONA020 WRITTEN
   19100  0.4775      0.2500E-04 SHELL          3  -9.2%  0.8392E-07   41.66       0.000       45.90       0.000      0.2214       0.000    
   19200  0.4800      0.2500E-04 SHELL          3  -9.2%  0.8508E-07   41.70       0.000       45.94       0.000      0.2214       0.000    
   19300  0.4825      0.2500E-04 SHELL          2  -9.2%  0.8623E-07   41.73       0.000       45.97       0.000      0.2214       0.000    
   19400  0.4850      0.2500E-04 SHELL          3  -9.2%  0.8739E-07   41.75      0.8882E-15   46.00       0.000      0.2214       0.000    
   19500  0.4875      0.2500E-04 SHELL          2  -9.2%  0.8854E-07   41.78     -0.8882E-15   46.03       0.000      0.2214       0.000    
   19600  0.4900      0.2500E-04 SHELL          3  -9.2%  0.8970E-07   41.80      0.8882E-15   46.05       0.000      0.2214       0.000    
   19700  0.4925      0.2500E-04 SHELL          2  -9.2%  0.9086E-07   41.81       0.000       46.07       0.000      0.2214       0.000    
   19800  0.4950      0.2500E-04 SHELL          2  -9.2%  0.9202E-07   41.82       0.000       46.08       0.000      0.2214       0.000    
   19900  0.4975      0.2500E-04 SHELL          3  -9.2%  0.9318E-07   41.83       0.000       46.08       0.000      0.2214       0.000    
   CYCLE    TIME      TIME-STEP  ELEMENT          ERROR  I-ENERGY    K-ENERGY T  K-ENERGY R  EXT-WORK     MAS.ERR     TOTAL MASS  MASS ADDED
   20000  0.5000      0.2500E-04 SHELL          3  -9.2%  0.9434E-07   41.83       0.000       46.09       0.000      0.2214       0.000    
     ANIMATION FILE: A20_PANEL_ROTATIONA021 WRITTEN
   20100  0.5025      0.2500E-04 SHELL          3  -9.2%  0.9550E-07   41.83       0.000       46.08       0.000      0.2214       0.000    
   20200  0.5050      0.2500E-04 SHELL          2  -9.2%  0.9666E-07   41.82       0.000       46.08       0.000      0.2214       0.000    
   20300  0.5075      0.2500E-04 SHELL          3  -9.2%  0.9782E-07   41.81     -0.8882E-15   46.07       0.000      0.2214       0.000    
   20400  0.5100      0.2500E-04 SHELL          2  -9.2%  0.9898E-07   41.80     -0.8882E-15   46.05       0.000      0.2214       0.000    
   20500  0.5125      0.2500E-04 SHELL          3  -9.2%  0.1001E-06   41.78     -0.8882E-15   46.03       0.000      0.2214       0.000    
   20600  0.5150      0.2500E-04 SHELL          2  -9.2%  0.1013E-06   41.75     -0.8882E-15   46.00       0.000      0.2214       0.000    
   20700  0.5175      0.2500E-04 SHELL          3  -9.2%  0.1025E-06   41.73       0.000       45.97       0.000      0.2214       0.000    
   20800  0.5200      0.2500E-04 SHELL          3  -9.2%  0.1036E-06   41.70     -0.8882E-15   45.94       0.000      0.2214       0.000    
   20900  0.5225      0.2500E-04 SHELL          2  -9.2%  0.1048E-06   41.66       0.000       45.90       0.000      0.2214       0.000    
   21000  0.5250      0.2500E-04 SHELL          2  -9.2%  0.1059E-06   41.62       0.000       45.86       0.000      0.2214       0.000    
     ANIMATION FILE: A20_PANEL_ROTATIONA022 WRITTEN
   21100  0.5275      0.2500E-04 SHELL          3  -9.2%  0.1071E-06   41.58       0.000       45.81       0.000      0.2214       0.000    
   21200  0.5300      0.2500E-04 SHELL          3  -9.2%  0.1082E-06   41.53       0.000       45.75       0.000      0.2214       0.000    
   21300  0.5325      0.2500E-04 SHELL          2  -9.2%  0.1093E-06   41.48       0.000       45.70       0.000      0.2214       0.000    
   21400  0.5350      0.2500E-04 SHELL          2  -9.2%  0.1105E-06   41.42       0.000       45.64       0.000      0.2214       0.000    
   21500  0.5375      0.2500E-04 SHELL          2  -9.2%  0.1116E-06   41.36       0.000       45.57       0.000      0.2214       0.000    
   21600  0.5400      0.2500E-04 SHELL          3  -9.2%  0.1128E-06   41.30       0.000       45.50       0.000      0.2214       0.000    
   21700  0.5425      0.2500E-04 SHELL          2  -9.2%  0.1139E-06   41.23       0.000       45.42       0.000      0.2214       0.000    
   21800  0.5450      0.2500E-04 SHELL          3  -9.2%  0.1150E-06   41.15       0.000       45.34       0.000      0.2214       0.000    
   21900  0.5475      0.2500E-04 SHELL          2  -9.2%  0.1161E-06   41.08       0.000       45.26       0.000      0.2214       0.000    
   22000  0.5500      0.2500E-04 SHELL          3  -9.2%  0.1173E-06   41.00       0.000       45.17       0.000      0.2214       0.000    
     ANIMATION FILE: A20_PANEL_ROTATIONA023 WRITTEN
   22100  0.5525      0.2500E-04 SHELL          2  -9.2%  0.1184E-06   40.91      0.8882E-15   45.08       0.000      0.2214       0.000    
   22200  0.5550      0.2500E-04 SHELL          3  -9.2%  0.1195E-06   40.82     -0.8882E-15   44.98       0.000      0.2214       0.000    
   22300  0.5575      0.2500E-04 SHELL          2  -9.2%  0.1206E-06   40.73       0.000       44.88       0.000      0.2214       0.000    
   22400  0.5600      0.2500E-04 SHELL          2  -9.2%  0.1217E-06   40.63       0.000       44.77       0.000      0.2214       0.000    
   22500  0.5625      0.2500E-04 SHELL          3  -9.2%  0.1228E-06   40.53      0.8882E-15   44.66       0.000      0.2214       0.000    
   22600  0.5650      0.2500E-04 SHELL          2  -9.2%  0.1239E-06   40.43      0.8882E-15   44.54       0.000      0.2214       0.000    
   22700  0.5675      0.2500E-04 SHELL          2  -9.2%  0.1249E-06   40.32      0.8882E-15   44.42       0.000      0.2214       0.000    
   22800  0.5700      0.2500E-04 SHELL          3  -9.2%  0.1260E-06   40.21       0.000       44.30       0.000      0.2214       0.000    
   22900  0.5725      0.2500E-04 SHELL          3  -9.2%  0.1271E-06   40.09       0.000       44.17       0.000      0.2214       0.000    
   23000  0.5750      0.2500E-04 SHELL          2  -9.2%  0.1281E-06   39.97       0.000       44.04       0.000      0.2214       0.000    
     ANIMATION FILE: A20_PANEL_ROTATIONA024 WRITTEN
   23100  0.5775      0.2500E-04 SHELL          2  -9.2%  0.1292E-06   39.84       0.000       43.90       0.000      0.2214       0.000    
   23200  0.5800      0.2500E-04 SHELL          3  -9.2%  0.1303E-06   39.71       0.000       43.76       0.000      0.2214       0.000    
   23300  0.5825      0.2500E-04 SHELL          3  -9.2%  0.1313E-06   39.58      0.8882E-15   43.61       0.000      0.2214       0.000    
   23400  0.5850      0.2500E-04 SHELL          2  -9.2%  0.1323E-06   39.45       0.000       43.46       0.000      0.2214       0.000    
   23500  0.5875      0.2500E-04 SHELL          3  -9.2%  0.1334E-06   39.31      0.8882E-15   43.31       0.000      0.2214       0.000    
   23600  0.5900      0.2500E-04 SHELL          2  -9.2%  0.1344E-06   39.16       0.000       43.15       0.000      0.2214       0.000    
   23700  0.5925      0.2500E-04 SHELL          3  -9.2%  0.1354E-06   39.01       0.000       42.99       0.000      0.2214       0.000    
   23800  0.5950      0.2500E-04 SHELL          3  -9.2%  0.1364E-06   38.86      0.4441E-15   42.82       0.000      0.2214       0.000    
   23900  0.5975      0.2500E-04 SHELL          2  -9.2%  0.1374E-06   38.71       0.000       42.65       0.000      0.2214       0.000    
   24000  0.6000      0.2500E-04 SHELL          3  -9.2%  0.1384E-06   38.55     -0.4441E-15   42.47       0.000      0.2214       0.000    
     ANIMATION FILE: A20_PANEL_ROTATIONA025 WRITTEN
   24100  0.6025      0.2500E-04 SHELL          3  -9.2%  0.1394E-06   38.39     -0.4441E-15   42.29       0.000      0.2214       0.000    
   24200  0.6050      0.2500E-04 SHELL          3  -9.2%  0.1403E-06   38.22     -0.4441E-15   42.11       0.000      0.2214       0.000    
   24300  0.6075      0.2500E-04 SHELL          3  -9.2%  0.1413E-06   38.05       0.000       41.92       0.000      0.2214       0.000    
   24400  0.6100      0.2500E-04 SHELL          2  -9.2%  0.1423E-06   37.88       0.000       41.73       0.000      0.2214       0.000    
   24500  0.6125      0.2500E-04 SHELL          2  -9.2%  0.1432E-06   37.70     -0.4441E-15   41.54       0.000      0.2214       0.000    
   24600  0.6150      0.2500E-04 SHELL          2  -9.2%  0.1442E-06   37.52     -0.4441E-15   41.34       0.000      0.2214       0.000    
   24700  0.6175      0.2500E-04 SHELL          3  -9.2%  0.1451E-06   37.34       0.000       41.14       0.000      0.2214       0.000    
   24800  0.6200      0.2500E-04 SHELL          2  -9.2%  0.1460E-06   37.15     -0.4441E-15   40.93       0.000      0.2214       0.000    
   24900  0.6225      0.2500E-04 SHELL          2  -9.2%  0.1469E-06   36.96     -0.8882E-15   40.72       0.000      0.2214       0.000    
   25000  0.6250      0.2500E-04 SHELL          3  -9.2%  0.1478E-06   36.76     -0.4441E-15   40.51       0.000      0.2214       0.000    
     ANIMATION FILE: A20_PANEL_ROTATIONA026 WRITTEN
   25100  0.6275      0.2500E-04 SHELL          2  -9.2%  0.1487E-06   36.57       0.000       40.29       0.000      0.2214       0.000    
   25200  0.6300      0.2500E-04 SHELL          3  -9.2%  0.1496E-06   36.36       0.000       40.07       0.000      0.2214       0.000    
   25300  0.6325      0.2500E-04 SHELL          2  -9.2%  0.1505E-06   36.16     -0.4441E-15   39.84       0.000      0.2214       0.000    
   25400  0.6350      0.2500E-04 SHELL          2  -9.2%  0.1513E-06   35.95     -0.4441E-15   39.61       0.000      0.2214       0.000    
   25500  0.6375      0.2500E-04 SHELL          2  -9.2%  0.1522E-06   35.74     -0.4441E-15   39.38       0.000      0.2214       0.000    
   25600  0.6400      0.2500E-04 SHELL          3  -9.2%  0.1530E-06   35.53     -0.4441E-15   39.14       0.000      0.2214       0.000    
   25700  0.6425      0.2500E-04 SHELL          3  -9.2%  0.1539E-06   35.31       0.000       38.90       0.000      0.2214       0.000    
   25800  0.6450      0.2500E-04 SHELL          2  -9.2%  0.1547E-06   35.09       0.000       38.66       0.000      0.2214       0.000    
   25900  0.6475      0.2500E-04 SHELL          2  -9.2%  0.1555E-06   34.87     -0.8882E-15   38.41       0.000      0.2214       0.000    
   26000  0.6500      0.2500E-04 SHELL          2  -9.2%  0.1563E-06   34.64     -0.8882E-15   38.16       0.000      0.2214       0.000    
     ANIMATION FILE: A20_PANEL_ROTATIONA027 WRITTEN
   26100  0.6525      0.2500E-04 SHELL          3  -9.2%  0.1571E-06   34.41      0.4441E-15   37.91       0.000      0.2214       0.000    
   26200  0.6550      0.2500E-04 SHELL          2  -9.2%  0.1579E-06   34.18     -0.4441E-15   37.65       0.000      0.2214       0.000    
   26300  0.6575      0.2500E-04 SHELL          3  -9.2%  0.1586E-06   33.94     -0.4441E-15   37.39       0.000      0.2214       0.000    
   26400  0.6600      0.2500E-04 SHELL          2  -9.2%  0.1594E-06   33.70     -0.4441E-15   37.13       0.000      0.2214       0.000    
   26500  0.6625      0.2500E-04 SHELL          3  -9.2%  0.1601E-06   33.46       0.000       36.86       0.000      0.2214       0.000    
   26600  0.6650      0.2500E-04 SHELL          3  -9.2%  0.1609E-06   33.21     -0.4441E-15   36.60       0.000      0.2214       0.000    
   26700  0.6675      0.2500E-04 SHELL          2  -9.2%  0.1616E-06   32.97       0.000       36.32       0.000      0.2214       0.000    
   26800  0.6700      0.2500E-04 SHELL          2  -9.2%  0.1623E-06   32.72     -0.4441E-15   36.05       0.000      0.2214       0.000    
   26900  0.6725      0.2500E-04 SHELL          2  -9.2%  0.1630E-06   32.46       0.000       35.77       0.000      0.2214       0.000    
   27000  0.6750      0.2500E-04 SHELL          2  -9.2%  0.1637E-06   32.21      0.8882E-15   35.49       0.000      0.2214       0.000    
     ANIMATION FILE: A20_PANEL_ROTATIONA028 WRITTEN
   27100  0.6775      0.2500E-04 SHELL          3  -9.2%  0.1644E-06   31.95      0.4441E-15   35.20       0.000      0.2214       0.000    
   27200  0.6800      0.2500E-04 SHELL          3  -9.2%  0.1651E-06   31.69      0.4441E-15   34.91       0.000      0.2214       0.000    
   27300  0.6825      0.2500E-04 SHELL          2  -9.2%  0.1657E-06   31.43       0.000       34.62       0.000      0.2214       0.000    
   27400  0.6850      0.2500E-04 SHELL          2  -9.2%  0.1664E-06   31.16      0.4441E-15   34.33       0.000      0.2214       0.000    
   27500  0.6875      0.2500E-04 SHELL          2  -9.2%  0.1670E-06   30.89     -0.4441E-15   34.04       0.000      0.2214       0.000    
   27600  0.6900      0.2500E-04 SHELL          2  -9.2%  0.1676E-06   30.62      0.4441E-15   33.74       0.000      0.2214       0.000    
   27700  0.6925      0.2500E-04 SHELL          2  -9.2%  0.1683E-06   30.35     -0.4441E-15   33.44       0.000      0.2214       0.000    
   27800  0.6950      0.2500E-04 SHELL          3  -9.2%  0.1689E-06   30.07     -0.4441E-15   33.13       0.000      0.2214       0.000    
   27900  0.6975      0.2500E-04 SHELL          3  -9.2%  0.1695E-06   29.79     -0.4441E-15   32.83       0.000      0.2214       0.000    
   28000  0.7000      0.2500E-04 SHELL          3  -9.2%  0.1700E-06   29.51       0.000       32.52       0.000      0.2214       0.000    
     ANIMATION FILE: A20_PANEL_ROTATIONA029 WRITTEN
   28100  0.7025      0.2500E-04 SHELL          3  -9.2%  0.1706E-06   29.23       0.000       32.21       0.000      0.2214       0.000    
   28200  0.7050      0.2500E-04 SHELL          3  -9.2%  0.1712E-06   28.95     -0.4441E-15   31.89       0.000      0.2214       0.000    
   28300  0.7075      0.2500E-04 SHELL          3  -9.2%  0.1717E-06   28.66       0.000       31.58       0.000      0.2214       0.000    
   28400  0.7100      0.2500E-04 SHELL          3  -9.2%  0.1723E-06   28.37       0.000       31.26       0.000      0.2214       0.000    
   28500  0.7125      0.2500E-04 SHELL          2  -9.2%  0.1728E-06   28.08       0.000       30.94       0.000      0.2214       0.000    
   28600  0.7150      0.2500E-04 SHELL          2  -9.2%  0.1733E-06   27.79     -0.4441E-15   30.62       0.000      0.2214       0.000    
   28700  0.7175      0.2500E-04 SHELL          3  -9.2%  0.1738E-06   27.50       0.000       30.29       0.000      0.2214       0.000    
   28800  0.7200      0.2500E-04 SHELL          2  -9.2%  0.1743E-06   27.20       0.000       29.97       0.000      0.2214       0.000    
   28900  0.7225      0.2500E-04 SHELL          2  -9.2%  0.1748E-06   26.90      0.4441E-15   29.64       0.000      0.2214       0.000    
   29000  0.7250      0.2500E-04 SHELL          3  -9.2%  0.1753E-06   26.60     -0.4441E-15   29.31       0.000      0.2214       0.000    
     ANIMATION FILE: A20_PANEL_ROTATIONA030 WRITTEN
   29100  0.7275      0.2500E-04 SHELL          3  -9.2%  0.1757E-06   26.30      0.4441E-15   28.98       0.000      0.2214       0.000    
   29200  0.7300      0.2500E-04 SHELL          2  -9.2%  0.1762E-06   26.00       0.000       28.65       0.000      0.2214       0.000    
   29300  0.7325      0.2500E-04 SHELL          3  -9.2%  0.1766E-06   25.70      0.4441E-15   28.31       0.000      0.2214       0.000    
   29400  0.7350      0.2500E-04 SHELL          2  -9.2%  0.1771E-06   25.39       0.000       27.97       0.000      0.2214       0.000    
   29500  0.7375      0.2500E-04 SHELL          3  -9.2%  0.1775E-06   25.08       0.000       27.64       0.000      0.2214       0.000    
   29600  0.7400      0.2500E-04 SHELL          2  -9.2%  0.1779E-06   24.77       0.000       27.30       0.000      0.2214       0.000    
   29700  0.7425      0.2500E-04 SHELL          2  -9.2%  0.1783E-06   24.46       0.000       26.95       0.000      0.2214       0.000    
   29800  0.7450      0.2500E-04 SHELL          3  -9.2%  0.1787E-06   24.15      0.4441E-15   26.61       0.000      0.2214       0.000    
   29900  0.7475      0.2500E-04 SHELL          2  -9.2%  0.1791E-06   23.84       0.000       26.27       0.000      0.2214       0.000    
   CYCLE    TIME      TIME-STEP  ELEMENT          ERROR  I-ENERGY    K-ENERGY T  K-ENERGY R  EXT-WORK     MAS.ERR     TOTAL MASS  MASS ADDED
   30000  0.7500      0.2500E-04 SHELL          2  -9.2%  0.1795E-06   23.53       0.000       25.92       0.000      0.2214       0.000    
     ANIMATION FILE: A20_PANEL_ROTATIONA031 WRITTEN
   30100  0.7525      0.2500E-04 SHELL          3  -9.2%  0.1798E-06   23.21       0.000       25.58       0.000      0.2214       0.000    
   30200  0.7550      0.2500E-04 SHELL          2  -9.2%  0.1802E-06   22.90       0.000       25.23       0.000      0.2214       0.000    
   30300  0.7575      0.2500E-04 SHELL          2  -9.2%  0.1805E-06   22.58       0.000       24.88       0.000      0.2214       0.000    
   30400  0.7600      0.2500E-04 SHELL          2  -9.2%  0.1808E-06   22.27       0.000       24.53       0.000      0.2214       0.000    
   30500  0.7625      0.2500E-04 SHELL          3  -9.2%  0.1812E-06   21.95      0.4441E-15   24.18       0.000      0.2214       0.000    
   30600  0.7650      0.2500E-04 SHELL          2  -9.2%  0.1815E-06   21.63       0.000       23.83       0.000      0.2214       0.000    
   30700  0.7675      0.2500E-04 SHELL          2  -9.2%  0.1818E-06   21.31       0.000       23.48       0.000      0.2214       0.000    
   30800  0.7700      0.2500E-04 SHELL          3  -9.2%  0.1821E-06   20.99       0.000       23.13       0.000      0.2214       0.000    
   30900  0.7725      0.2500E-04 SHELL          3  -9.2%  0.1824E-06   20.67       0.000       22.77       0.000      0.2214       0.000    
   31000  0.7750      0.2500E-04 SHELL          3  -9.2%  0.1827E-06   20.35       0.000       22.42       0.000      0.2214       0.000    
     ANIMATION FILE: A20_PANEL_ROTATIONA032 WRITTEN
   31100  0.7775      0.2500E-04 SHELL          3  -9.2%  0.1829E-06   20.03       0.000       22.07       0.000      0.2214       0.000    
   31200  0.7800      0.2500E-04 SHELL          3  -9.2%  0.1832E-06   19.71      0.4441E-15   21.71       0.000      0.2214       0.000    
   31300  0.7825      0.2500E-04 SHELL          3  -9.2%  0.1834E-06   19.39      0.2220E-15   21.36       0.000      0.2214       0.000    
   31400  0.7850      0.2500E-04 SHELL          2  -9.2%  0.1837E-06   19.06       0.000       21.00       0.000      0.2214       0.000    
   31500  0.7875      0.2500E-04 SHELL          2  -9.2%  0.1839E-06   18.74       0.000       20.65       0.000      0.2214       0.000    
   31600  0.7900      0.2500E-04 SHELL          3  -9.2%  0.1842E-06   18.42       0.000       20.29       0.000      0.2214       0.000    
   31700  0.7925      0.2500E-04 SHELL          2  -9.2%  0.1844E-06   18.10     -0.2220E-15   19.94       0.000      0.2214       0.000    
   31800  0.7950      0.2500E-04 SHELL          2  -9.2%  0.1846E-06   17.78     -0.2220E-15   19.59       0.000      0.2214       0.000    
   31900  0.7975      0.2500E-04 SHELL          3  -9.2%  0.1848E-06   17.45     -0.2220E-15   19.23       0.000      0.2214       0.000    
   32000  0.8000      0.2500E-04 SHELL          3  -9.2%  0.1850E-06   17.13     -0.2220E-15   18.88       0.000      0.2214       0.000    
     ANIMATION FILE: A20_PANEL_ROTATIONA033 WRITTEN
   32100  0.8025      0.2500E-04 SHELL          3  -9.2%  0.1852E-06   16.81      0.2220E-15   18.52       0.000      0.2214       0.000    
   32200  0.8050      0.2500E-04 SHELL          3  -9.2%  0.1854E-06   16.49     -0.2220E-15   18.17       0.000      0.2214       0.000    
   32300  0.8075      0.2500E-04 SHELL          2  -9.2%  0.1855E-06   16.17      0.2220E-15   17.82       0.000      0.2214       0.000    
   32400  0.8100      0.2500E-04 SHELL          3  -9.2%  0.1857E-06   15.85       0.000       17.46       0.000      0.2214       0.000    
   32500  0.8125      0.2500E-04 SHELL          2  -9.2%  0.1859E-06   15.53      0.2220E-15   17.11       0.000      0.2214       0.000    
   32600  0.8150      0.2500E-04 SHELL          3  -9.2%  0.1860E-06   15.21       0.000       16.76       0.000      0.2214       0.000    
   32700  0.8175      0.2500E-04 SHELL          3  -9.2%  0.1862E-06   14.90      0.2220E-15   16.41       0.000      0.2214       0.000    
   32800  0.8200      0.2500E-04 SHELL          2  -9.2%  0.1863E-06   14.58     -0.2220E-15   16.06       0.000      0.2214       0.000    
   32900  0.8225      0.2500E-04 SHELL          3  -9.2%  0.1865E-06   14.26      0.2220E-15   15.72       0.000      0.2214       0.000    
   33000  0.8250      0.2500E-04 SHELL          3  -9.2%  0.1866E-06   13.95       0.000       15.37       0.000      0.2214       0.000    
     ANIMATION FILE: A20_PANEL_ROTATIONA034 WRITTEN
   33100  0.8275      0.2500E-04 SHELL          2  -9.2%  0.1867E-06   13.64       0.000       15.02       0.000      0.2214       0.000    
   33200  0.8300      0.2500E-04 SHELL          3  -9.2%  0.1868E-06   13.32     -0.2220E-15   14.68       0.000      0.2214       0.000    
   33300  0.8325      0.2500E-04 SHELL          2  -9.2%  0.1870E-06   13.01       0.000       14.34       0.000      0.2214       0.000    
   33400  0.8350      0.2500E-04 SHELL          3  -9.2%  0.1871E-06   12.70     -0.2220E-15   14.00       0.000      0.2214       0.000    
   33500  0.8375      0.2500E-04 SHELL          2  -9.2%  0.1872E-06   12.40       0.000       13.66       0.000      0.2214       0.000    
   33600  0.8400      0.2500E-04 SHELL          2  -9.2%  0.1873E-06   12.09     -0.2220E-15   13.32       0.000      0.2214       0.000    
   33700  0.8425      0.2500E-04 SHELL          3  -9.2%  0.1874E-06   11.78     -0.2220E-15   12.98       0.000      0.2214       0.000    
   33800  0.8450      0.2500E-04 SHELL          3  -9.2%  0.1875E-06   11.48       0.000       12.65       0.000      0.2214       0.000    
   33900  0.8475      0.2500E-04 SHELL          2  -9.2%  0.1875E-06   11.18       0.000       12.32       0.000      0.2214       0.000    
   34000  0.8500      0.2500E-04 SHELL          3  -9.2%  0.1876E-06   10.88       0.000       11.99       0.000      0.2214       0.000    
     ANIMATION FILE: A20_PANEL_ROTATIONA035 WRITTEN
   34100  0.8525      0.2500E-04 SHELL          3  -9.2%  0.1877E-06   10.58       0.000       11.66       0.000      0.2214       0.000    
   34200  0.8550      0.2500E-04 SHELL          3  -9.2%  0.1878E-06   10.29       0.000       11.33       0.000      0.2214       0.000    
   34300  0.8575      0.2500E-04 SHELL          2  -9.2%  0.1878E-06   9.993      0.2220E-15   11.01       0.000      0.2214       0.000    
   34400  0.8600      0.2500E-04 SHELL          3  -9.2%  0.1879E-06   9.702     -0.1110E-15   10.69       0.000      0.2214       0.000    
   34500  0.8625      0.2500E-04 SHELL          2  -9.2%  0.1880E-06   9.413       0.000       10.37       0.000      0.2214       0.000    
   34600  0.8650      0.2500E-04 SHELL          2  -9.2%  0.1880E-06   9.126       0.000       10.06       0.000      0.2214       0.000    
   34700  0.8675      0.2500E-04 SHELL          3  -9.2%  0.1881E-06   8.842       0.000       9.742       0.000      0.2214       0.000    
   34800  0.8700      0.2500E-04 SHELL          2  -9.2%  0.1881E-06   8.561     -0.1110E-15   9.432       0.000      0.2214       0.000    
   34900  0.8725      0.2500E-04 SHELL          3  -9.2%  0.1882E-06   8.282     -0.1110E-15   9.125       0.000      0.2214       0.000    
   35000  0.8750      0.2500E-04 SHELL          2  -9.2%  0.1882E-06   8.006       0.000       8.821       0.000      0.2214       0.000    
     ANIMATION FILE: A20_PANEL_ROTATIONA036 WRITTEN
   35100  0.8775      0.2500E-04 SHELL          2  -9.2%  0.1883E-06   7.733     -0.1110E-15   8.520       0.000      0.2214       0.000    
   35200  0.8800      0.2500E-04 SHELL          2  -9.2%  0.1883E-06   7.463     -0.1110E-15   8.223       0.000      0.2214       0.000    
   35300  0.8825      0.2500E-04 SHELL          3  -9.2%  0.1883E-06   7.196       0.000       7.929       0.000      0.2214       0.000    
   35400  0.8850      0.2500E-04 SHELL          3  -9.2%  0.1884E-06   6.932       0.000       7.638       0.000      0.2214       0.000    
   35500  0.8875      0.2500E-04 SHELL          3  -9.2%  0.1884E-06   6.672       0.000       7.351       0.000      0.2214       0.000    
   35600  0.8900      0.2500E-04 SHELL          2  -9.2%  0.1884E-06   6.415       0.000       7.067       0.000      0.2214       0.000    
   35700  0.8925      0.2500E-04 SHELL          3  -9.2%  0.1885E-06   6.161     -0.1110E-15   6.788       0.000      0.2214       0.000    
   35800  0.8950      0.2500E-04 SHELL          2  -9.2%  0.1885E-06   5.910       0.000       6.512       0.000      0.2214       0.000    
   35900  0.8975      0.2500E-04 SHELL          2  -9.2%  0.1885E-06   5.664       0.000       6.240       0.000      0.2214       0.000    
   36000  0.9000      0.2500E-04 SHELL          3  -9.2%  0.1885E-06   5.421      0.1110E-15   5.973       0.000      0.2214       0.000    
     ANIMATION FILE: A20_PANEL_ROTATIONA037 WRITTEN
   36100  0.9025      0.2500E-04 SHELL          3  -9.2%  0.1885E-06   5.182     -0.1110E-15   5.709       0.000      0.2214       0.000    
   36200  0.9050      0.2500E-04 SHELL          3  -9.2%  0.1886E-06   4.947       0.000       5.450       0.000      0.2214       0.000    
   36300  0.9075      0.2500E-04 SHELL          3  -9.2%  0.1886E-06   4.716      0.5551E-16   5.196       0.000      0.2214       0.000    
   36400  0.9100      0.2500E-04 SHELL          2  -9.2%  0.1886E-06   4.489      0.5551E-16   4.946       0.000      0.2214       0.000    
   36500  0.9125      0.2500E-04 SHELL          3  -9.2%  0.1886E-06   4.267      0.1110E-15   4.701       0.000      0.2214       0.000    
   36600  0.9150      0.2500E-04 SHELL          3  -9.2%  0.1886E-06   4.048      0.5551E-16   4.460       0.000      0.2214       0.000    
   36700  0.9175      0.2500E-04 SHELL          3  -9.2%  0.1886E-06   3.835     -0.5551E-16   4.225       0.000      0.2214       0.000    
   36800  0.9200      0.2500E-04 SHELL          2  -9.2%  0.1886E-06   3.625       0.000       3.994       0.000      0.2214       0.000    
   36900  0.9225      0.2500E-04 SHELL          2  -9.2%  0.1886E-06   3.421     -0.5551E-16   3.769       0.000      0.2214       0.000    
   37000  0.9250      0.2500E-04 SHELL          2  -9.2%  0.1886E-06   3.221       0.000       3.549       0.000      0.2214       0.000    
     ANIMATION FILE: A20_PANEL_ROTATIONA038 WRITTEN
   37100  0.9275      0.2500E-04 SHELL          3  -9.2%  0.1886E-06   3.026      0.5551E-16   3.334       0.000      0.2214       0.000    
   37200  0.9300      0.2500E-04 SHELL          2  -9.2%  0.1887E-06   2.836       0.000       3.125       0.000      0.2214       0.000    
   37300  0.9325      0.2500E-04 SHELL          3  -9.2%  0.1887E-06   2.652       0.000       2.921       0.000      0.2214       0.000    
   37400  0.9350      0.2500E-04 SHELL          3  -9.2%  0.1887E-06   2.472       0.000       2.724       0.000      0.2214       0.000    
   37500  0.9375      0.2500E-04 SHELL          3  -9.2%  0.1887E-06   2.298     -0.2776E-16   2.532       0.000      0.2214       0.000    
   37600  0.9400      0.2500E-04 SHELL          3  -9.2%  0.1887E-06   2.129     -0.2776E-16   2.346       0.000      0.2214       0.000    
   37700  0.9425      0.2500E-04 SHELL          3  -9.2%  0.1887E-06   1.966      0.2776E-16   2.166       0.000      0.2214       0.000    
   37800  0.9450      0.2500E-04 SHELL          2  -9.2%  0.1887E-06   1.808       0.000       1.992       0.000      0.2214       0.000    
   37900  0.9475      0.2500E-04 SHELL          3  -9.2%  0.1887E-06   1.656       0.000       1.825       0.000      0.2214       0.000    
   38000  0.9500      0.2500E-04 SHELL          3  -9.2%  0.1887E-06   1.510     -0.2776E-16   1.664       0.000      0.2214       0.000    
     ANIMATION FILE: A20_PANEL_ROTATIONA039 WRITTEN
   38100  0.9525      0.2500E-04 SHELL          3  -9.2%  0.1887E-06   1.370       0.000       1.509       0.000      0.2214       0.000    
   38200  0.9550      0.2500E-04 SHELL          3  -9.2%  0.1887E-06   1.236     -0.2776E-16   1.362       0.000      0.2214       0.000    
   38300  0.9575      0.2500E-04 SHELL          3  -9.2%  0.1887E-06   1.108     -0.1388E-16   1.221       0.000      0.2214       0.000    
   38400  0.9600      0.2500E-04 SHELL          2  -9.2%  0.1887E-06  0.9869      0.1388E-16   1.087       0.000      0.2214       0.000    
   38500  0.9625      0.2500E-04 SHELL          2  -9.2%  0.1887E-06  0.8719       0.000      0.9606       0.000      0.2214       0.000    
   38600  0.9650      0.2500E-04 SHELL          2  -9.2%  0.1887E-06  0.7635      0.1388E-16  0.8412       0.000      0.2214       0.000    
   38700  0.9675      0.2500E-04 SHELL          2  -9.2%  0.1887E-06  0.6617     -0.1388E-16  0.7291       0.000      0.2214       0.000    
   38800  0.9700      0.2500E-04 SHELL          3  -9.2%  0.1887E-06  0.5667       0.000      0.6244       0.000      0.2214       0.000    
   38900  0.9725      0.2500E-04 SHELL          3  -9.2%  0.1887E-06  0.4787       0.000      0.5274       0.000      0.2214       0.000    
   39000  0.9750      0.2500E-04 SHELL          2  -9.2%  0.1887E-06  0.3976       0.000      0.4381       0.000      0.2214       0.000    
     ANIMATION FILE: A20_PANEL_ROTATIONA040 WRITTEN
   39100  0.9775      0.2500E-04 SHELL          3  -9.2%  0.1887E-06  0.3237     -0.6939E-17  0.3567       0.000      0.2214       0.000    
   39200  0.9800      0.2500E-04 SHELL          3  -9.2%  0.1887E-06  0.2571      0.3469E-17  0.2833       0.000      0.2214       0.000    
   39300  0.9825      0.2500E-04 SHELL          2  -9.2%  0.1887E-06  0.1979      0.3469E-17  0.2180       0.000      0.2214       0.000    
   39400  0.9850      0.2500E-04 SHELL          2  -9.2%  0.1887E-06  0.1461       0.000      0.1610       0.000      0.2214       0.000    
   39500  0.9875      0.2500E-04 SHELL          2  -9.2%  0.1887E-06  0.1020       0.000      0.1124       0.000      0.2214       0.000    
   39600  0.9900      0.2500E-04 SHELL          3  -9.2%  0.1887E-06  0.6559E-01 -0.8674E-18  0.7227E-01   0.000      0.2214       0.000    
   39700  0.9925      0.2500E-04 SHELL          2  -9.2%  0.1887E-06  0.3708E-01   0.000      0.4086E-01   0.000      0.2214       0.000    
   39800  0.9950      0.2500E-04 SHELL          2  -9.2%  0.1887E-06  0.1656E-01   0.000      0.1825E-01   0.000      0.2214       0.000    
   39900  0.9975      0.2500E-04 SHELL          2  -9.3%  0.1887E-06  0.4162E-02   0.000      0.4588E-02   0.000      0.2214       0.000    

     RESTART FILES: A20_PANEL_ROTATION_0001_[0001-0001].rst WRITTEN
     -------------

   CYCLE    TIME      TIME-STEP  ELEMENT          ERROR  I-ENERGY    K-ENERGY T  K-ENERGY R  EXT-WORK     MAS.ERR     TOTAL MASS  MASS ADDED
   40000   1.000      0.2500E-04 SHELL          2  -8.4%  0.1887E-06  0.1673E-05   0.000      0.2032E-05   0.000      0.2214       0.000    
     ANIMATION FILE: A20_PANEL_ROTATIONA041 WRITTEN
  
                           ** CPU USER TIME **
  
  
                        ** SUMMARY **
  
 #PROC  ELEMENT   KINCOND   INTEG     IO        T0        ASM       RESOL    
   1   .5094E+01 .1188E+01 .6250E+00 .1141E+01 .2000E+01 .5938E+00 .1195E+02
  
 
                   ** CUMULATIVE CPU TIME SUMMARY **
  
 CONTACT SORTING.............: .0000E+00     0.00 % 
 CONTACT FORCES..............: .1562E-01     0.13 % 
 ELEMENT FORCES..............: .5094E+01    42.61 % 
 KINEMATIC COND..............: .1188E+01     9.93 % 
 INTEGRATION.................: .6250E+00     5.23 % 
 ASSEMBLING..................: .5938E+00     4.97 % 
 OTHERS (including I/O)......: .4438E+01    37.12 % 
 TOTAL.......................: .1195E+02   100.00 % 
  
  
                           ** ELAPSED TIME **
  
  
                        ** SUMMARY **
  
 #PROC  ELEMENT   KINCOND   INTEG     IO        T0        ASM       RESOL    
   1   .2495E+01 .4659E+00 .3345E+00 .5378E+00 .1036E+01 .2646E+00 .5996E+01
  
                   ** MEMORY USAGE STATISTICS **
  
 TOTAL MEMORY USED .........................:       82 MB
 MAXIMUM MEMORY PER PROCESSOR...............:       82 MB
 MINIMUM MEMORY PER PROCESSOR...............:       82 MB
 AVERAGE MEMORY PER PROCESSOR...............:       82 MB
  
                   ** DISK USAGE STATISTICS **
  
 TOTAL DISK SPACE USED .....................:         15 MB
 ANIMATION/H3D/TH/OUTP SIZE ................:          0 MB
 RESTART FILE SIZE .........................:         15 MB
  
                   ** COMPUTE TIME INFORMATION **
                        ** CURRENT ENGINE **
  
 EXECUTION STARTED .........................:      2026/10/09  11:32:20
 EXECUTION COMPLETED .......................:      2026/10/09  11:32:26
  
 ELAPSED TIME     =          6.06 s
                          0:00:06



     NORMAL TERMINATION      



     TOTAL NUMBER OF CYCLES  :   40001

  
                   ** COMPUTE RUNTIME INFORMATION SUMMARY **
  
        STARTER RUNTIME =          3.52s (00:00:03)
 # 001   ENGINE RUNTIME =          6.06s (00:00:06)
 ------------------------------ 
 STARTER+ENGINE RUNTIME =          9.58s (00:00:09)
  
