 I02E_FREE_RUPTURABLE_ZERO_SPEED_H254_R4_0001.out
************************************************************************
**                                                                    **
**                                                                    **
**                         OpenRadioss Engine                         **
**                                                                    **
**            Non-linear Finite Element Analysis Software             **
**                                                                    **
**                                                                    **
**                                                                    **
**                  Windows 64 bits, Intel compiler                   **
**                      Double Precision Version                      **
**                                                                    **
**                                                                    **
**                                                                    **
************************************************************************
** OpenRadioss Software                                               **
** COPYRIGHT (C) 2026 Siemens                                         **
** Licensed under GNU Affero General Public License.                  **
** See License file.                                                  **
************************************************************************
 
 NUMBER OF SPMD DOMAINS           1
 NUMBER OF THREADS PER DOMAIN     1
 NUMBER OF HMPP PROCESSES         1
  
 COMPUTATION HARDWARE DESCRIPTION
  
 HOSTNAME     CPU TYPE, FREQUENCY AND MEMORY
 jeux   AMD Ryzen 5 5600 6-Core Processor               (x86_64), 3700 MHz,   7432 MB RAM,  18090 MB swap
  
 STACKSIZE  . . . . . . . . . . . . . . . . . . . . 1430 MB
 THREAD STACKSIZE . . . . . . . . . . . . . . . . . 400 MB
 
************************************************************************


 I02E_FREE_RUPTURABLE_ZERO_SPEED_H254_R4D01                                      


 FINAL TIME . . . . . . . . . . . . . . . . . . .  0.1000000E-02

 TIME INTERVAL FOR TIME HISTORY PLOTS . . . . . .  0.1000000E-02

 TIME STEP SCALE FACTOR . . . . . . . . . . . . .  0.4000000    

 MINIMUM TIME STEP  . . . . . . . . . . . . . . .   0.000000    


 BRICK TIME STEP SCALE FACTOR . . . . . . . . . .  0.4000000    
 BRICK MINIMUM TIME STEP. . . . . . . . . . . . .   0.000000    
 MIN. TIME STEP FLAG (1:STOP RUN, 2:DELETE BRICK)     1

 QUAD TIME STEP SCALE FACTOR. . . . . . . . . . .  0.4000000    
 QUAD MINIMUM TIME STEP . . . . . . . . . . . . .   0.000000    
 MIN. TIME STEP FLAG (1:STOP RUN, 2:DELETE QUAD).     1

 SHELL TIME STEP SCALE FACTOR . . . . . . . . . .  0.4000000    
 SHELL MINIMUM TIME STEP. . . . . . . . . . . . .   0.000000    
 MIN. TIME FLAG (1:STOP, 2:DELETE, 3:SMALL STRAIN)    2

 TRUSS TIME STEP SCALE FACTOR . . . . . . . . . .  0.4000000    
 TRUSS MINIMUM TIME STEP. . . . . . . . . . . . .   0.000000    
 MIN. TIME FLAG (1:STOP, 2:DELETE). . . . . . . .     0

 BEAM TIME STEP SCALE FACTOR. . . . . . . . . . .  0.4000000    
 BEAM MINIMUM TIME STEP . . . . . . . . . . . . .   0.000000    
 MIN. TIME FLAG (1:STOP, 2:DELETE). . . . . . . .     0

 SPRING TIME STEP SCALE FACTOR. . . . . . . . . .  0.4000000    
 SPRING MINIMUM TIME STEP . . . . . . . . . . . .   0.000000    
 MIN. TIME FLAG (1:STOP, 2:DELETE). . . . . . . .     0

 AIRBAG TIME STEP SCALE FACTOR. . . . . . . . . .  0.4000000    
 AIRBAG MINIMUM TIME STEP . . . . . . . . . . . .   0.000000    
 MIN. TIME FLAG (1:STOP). . . . . . . . . . . . .     0

 CONTACT TIME STEP SCALE FACTOR . . . . . . . . .  0.4000000    
 CONTACT MINIMUM TIME STEP. . . . . . . . . . . .   0.000000    
 MIN. TIME FLAG(1:STOP, 2:REMOVE NODE FROM INTERF)    0

 PRINTOUT CYCLE FREQUENCY . . . . . . . . . . . .  -100

 RESTART CYCLE FREQUENCY. . . . . . . . . . . . .   10000000

 MAXIMUM RESTART WRITE BEFORE OVERWRITE . . . . .     0

 INVERS: INPUT DECK VERSION . . . . . . . . . . .  2026
 ITTYP : FLAG FOR TYPE OF T-FILE. . . . . . . . .     4

 INITIAL TIME STEP. . . . . . . . . . . . . . . .   0.000000    
 MAXIMUM TIME STEP. . . . . . . . . . . . . . . .  0.1000000E+21

 PARALLEL ARITHMETIC ON
 NUMBER OF INTERFACES TO BE ELIMINATED. . . . . .        0

 NUMBER OF PARTS TO BE ELIMINATED . . . . . . . .        0

 NUMBER OF SOLID  ELEMENT BLOCKS TO BE ELIMINATED        0

 NUMBER OF QUAD   ELEMENT BLOCKS TO BE ELIMINATED        0

 NUMBER OF SHELL  ELEMENT BLOCKS TO BE ELIMINATED        0

 NUMBER OF TRUSS  ELEMENT BLOCKS TO BE ELIMINATED        0

 NUMBER OF BEAM   ELEMENT BLOCKS TO BE ELIMINATED        0

 NUMBER OF SPRING ELEMENT BLOCKS TO BE ELIMINATED        0

 NUMBER OF SH_3N  ELEMENT BLOCKS TO BE ELIMINATED        0

 NUMBER OF  SPH PARTICLES BLOCKS TO BE ELIMINATED        0

 NUMBER OF RIGID LINKS. . . . . . . . . . . . . .        0

 NUMBER OF NEW BOUNDARY CONDITIONS. . . . . . . .        0


 TIME FOR FIRST ANIMATION-FILE PLOT . . . . . . .   0.000000    
 TIME INTERVAL FOR ANIMATION-FILE PLOTS . . . . .  0.1000000E-02
 TIME TO STOP ANIMATION-FILE PLOTS. . . . . . . .  0.1000000E+21
 SENSOR FOR ANIMATION-FILE PLOTS. . . . . . . . .          0
 TIME INTERVAL FOR SENSOR ANIMATION-FILE PLOTS. .   0.000000    

 VARIABLE SAVED ON ANIMATION FILES (1: YES) :
      PLASTIC STRAIN. . . . . .     0
      DENSITY     (SOLID ONLY).     0
      SPECIFIC ENERGY . . . . .     1
      HOURGLASS ENERGY. . . . .     0
      TEMPERATURE (SOLID ONLY).     0
      THICKNESS   (SHELL ONLY).     0
      PRESSURE    (SOLID ONLY).     0
      VON MISES . . . . . . . .     0
      TURBULENT ENERGY (FLUID).     0
      TURBULENT VISCOSITY(FLUID)    0
      VORTICITY (FLUID) . . . .     0
 NODAL VALUES SAVED ON ANIMATION FILES (1: YES) :
      PRESSURE. . . . . . . . .     0
      DENSITY . . . . . . . . .     0
      TEMPERATURE . . . . . . .     0
 VECTOR SAVED ON ANIMATION FILES (1: YES) :
      VELOCITY VECTOR . . . . .     1
      DISPLACEMENT VECTOR . . .     1
      ACCELERATION VECTOR . . .     0
      CONTACT FORCES. . . . . .     0
      INTERNAL FORCES . . . . .     0
      EXTERNAL FORCES . . . . .     0
      SECTION RBY RWALL FORCES.     0
      ROTATIONAL VELOCITY VECTOR    0
      CONTACT PRESSURE (VECTORS)    0
 SHELL TENSOR SAVED ON ANIMATION FILES (1: YES) :
      MEMBRANE STRESS . . . . .     0
      BENDING STRESS(MOMENT/T^2)    0
      UPPER LAYER STRESS. . . .     0
      LOWER LAYER STRESS. . . .     0
      MEMBRANE STRAIN . . . . .     0
      CURVATURE . . . . . . . .     0
      UPPER LAYER STRAIN. . . .     0
      LOWER LAYER STRAIN. . . .     0
 NODAL MASS SAVED ON ANIMATION FILES (1: YES) :    0
 KEEP DELETED ELEMENT (1: YES) :    0


 14/09/2026
   CYCLE    TIME      TIME-STEP  ELEMENT          ERROR  I-ENERGY    K-ENERGY T  K-ENERGY R  EXT-WORK     MAS.ERR     TOTAL MASS  MASS ADDED
       0   0.000      0.3367E-08 NODE        1818   0.0%   0.000       0.000       0.000       0.000       0.000      0.4706E+05   0.000    
     ANIMATION FILE: I02E_FREE_RUPTURABLE_ZERO_SPEED_H254_R4A001 WRITTEN
     100  0.3367E-06  0.3367E-08 NODE        1818   0.0%   0.000       0.000       0.000       0.000       0.000      0.4706E+05   0.000    
     200  0.6735E-06  0.3367E-08 NODE        1818   0.0%   0.000       0.000       0.000       0.000       0.000      0.4706E+05   0.000    
     300  0.1010E-05  0.3367E-08 NODE        1818   0.0%   0.000       0.000       0.000       0.000       0.000      0.4706E+05   0.000    
     400  0.1347E-05  0.3367E-08 NODE        1818   0.0%   0.000       0.000       0.000       0.000       0.000      0.4706E+05   0.000    
     500  0.1684E-05  0.3367E-08 NODE        1818   0.0%   0.000       0.000       0.000       0.000       0.000      0.4706E+05   0.000    
     600  0.2020E-05  0.3367E-08 NODE        1818   0.0%   0.000       0.000       0.000       0.000       0.000      0.4706E+05   0.000    
     700  0.2357E-05  0.3367E-08 NODE        1818   0.0%   0.000       0.000       0.000       0.000       0.000      0.4706E+05   0.000    
     800  0.2694E-05  0.3367E-08 NODE        1818   0.0%   0.000       0.000       0.000       0.000       0.000      0.4706E+05   0.000    
     900  0.3031E-05  0.3367E-08 NODE        1818   0.0%   0.000       0.000       0.000       0.000       0.000      0.4706E+05   0.000    
    1000  0.3367E-05  0.3367E-08 NODE        1818   0.0%   0.000       0.000       0.000       0.000       0.000      0.4706E+05   0.000    
    1100  0.3704E-05  0.3367E-08 NODE        1818   0.0%   0.000       0.000       0.000       0.000       0.000      0.4706E+05   0.000    
    1200  0.4041E-05  0.3367E-08 NODE        1818   0.0%   0.000       0.000       0.000       0.000       0.000      0.4706E+05   0.000    
    1300  0.4378E-05  0.3367E-08 NODE        1818   0.0%   0.000       0.000       0.000       0.000       0.000      0.4706E+05   0.000    
    1400  0.4714E-05  0.3367E-08 NODE        1818   0.0%   0.000       0.000       0.000       0.000       0.000      0.4706E+05   0.000    
    1500  0.5051E-05  0.3367E-08 NODE        1818   0.0%   0.000       0.000       0.000       0.000       0.000      0.4706E+05   0.000    
    1600  0.5388E-05  0.3367E-08 NODE        1818   0.0%   0.000       0.000       0.000       0.000       0.000      0.4706E+05   0.000    
    1700  0.5725E-05  0.3367E-08 NODE        1818   0.0%   0.000       0.000       0.000       0.000       0.000      0.4706E+05   0.000    
    1800  0.6061E-05  0.3367E-08 NODE        1818   0.0%   0.000       0.000       0.000       0.000       0.000      0.4706E+05   0.000    
    1900  0.6398E-05  0.3367E-08 NODE        1818   0.0%   0.000       0.000       0.000       0.000       0.000      0.4706E+05   0.000    
    2000  0.6735E-05  0.3367E-08 NODE        1818   0.0%   0.000       0.000       0.000       0.000       0.000      0.4706E+05   0.000    
    2100  0.7072E-05  0.3367E-08 NODE        1818   0.0%   0.000       0.000       0.000       0.000       0.000      0.4706E+05   0.000    
    2200  0.7408E-05  0.3367E-08 NODE        1818   0.0%   0.000       0.000       0.000       0.000       0.000      0.4706E+05   0.000    
    2300  0.7745E-05  0.3367E-08 NODE        1818   0.0%   0.000       0.000       0.000       0.000       0.000      0.4706E+05   0.000    
    2400  0.8082E-05  0.3367E-08 NODE        1818   0.0%   0.000       0.000       0.000       0.000       0.000      0.4706E+05   0.000    
    2500  0.8418E-05  0.3367E-08 NODE        1818   0.0%   0.000       0.000       0.000       0.000       0.000      0.4706E+05   0.000    
    2600  0.8755E-05  0.3367E-08 NODE        1818   0.0%   0.000       0.000       0.000       0.000       0.000      0.4706E+05   0.000    
    2700  0.9092E-05  0.3367E-08 NODE        1818   0.0%   0.000       0.000       0.000       0.000       0.000      0.4706E+05   0.000    
    2800  0.9429E-05  0.3367E-08 NODE        1818   0.0%   0.000       0.000       0.000       0.000       0.000      0.4706E+05   0.000    
    2900  0.9765E-05  0.3367E-08 NODE        1818   0.0%   0.000       0.000       0.000       0.000       0.000      0.4706E+05   0.000    
    3000  0.1010E-04  0.3367E-08 NODE        1818   0.0%   0.000       0.000       0.000       0.000       0.000      0.4706E+05   0.000    
    3100  0.1044E-04  0.3367E-08 NODE        1818   0.0%   0.000       0.000       0.000       0.000       0.000      0.4706E+05   0.000    
    3200  0.1078E-04  0.3367E-08 NODE        1818   0.0%   0.000       0.000       0.000       0.000       0.000      0.4706E+05   0.000    
    3300  0.1111E-04  0.3367E-08 NODE        1818   0.0%   0.000       0.000       0.000       0.000       0.000      0.4706E+05   0.000    
    3400  0.1145E-04  0.3367E-08 NODE        1818   0.0%   0.000       0.000       0.000       0.000       0.000      0.4706E+05   0.000    
    3500  0.1179E-04  0.3367E-08 NODE        1818   0.0%   0.000       0.000       0.000       0.000       0.000      0.4706E+05   0.000    
    3600  0.1212E-04  0.3367E-08 NODE        1818   0.0%   0.000       0.000       0.000       0.000       0.000      0.4706E+05   0.000    
    3700  0.1246E-04  0.3367E-08 NODE        1818   0.0%   0.000       0.000       0.000       0.000       0.000      0.4706E+05   0.000    
    3800  0.1280E-04  0.3367E-08 NODE        1818   0.0%   0.000       0.000       0.000       0.000       0.000      0.4706E+05   0.000    
    3900  0.1313E-04  0.3367E-08 NODE        1818   0.0%   0.000       0.000       0.000       0.000       0.000      0.4706E+05   0.000    
    4000  0.1347E-04  0.3367E-08 NODE        1818   0.0%   0.000       0.000       0.000       0.000       0.000      0.4706E+05   0.000    
    4100  0.1381E-04  0.3367E-08 NODE        1818   0.0%   0.000       0.000       0.000       0.000       0.000      0.4706E+05   0.000    
    4200  0.1414E-04  0.3367E-08 NODE        1818   0.0%   0.000       0.000       0.000       0.000       0.000      0.4706E+05   0.000    
    4300  0.1448E-04  0.3367E-08 NODE        1818   0.0%   0.000       0.000       0.000       0.000       0.000      0.4706E+05   0.000    
    4400  0.1482E-04  0.3367E-08 NODE        1818   0.0%   0.000       0.000       0.000       0.000       0.000      0.4706E+05   0.000    
    4500  0.1515E-04  0.3367E-08 NODE        1818   0.0%   0.000       0.000       0.000       0.000       0.000      0.4706E+05   0.000    
    4600  0.1549E-04  0.3367E-08 NODE        1818   0.0%   0.000       0.000       0.000       0.000       0.000      0.4706E+05   0.000    
    4700  0.1583E-04  0.3367E-08 NODE        1818   0.0%   0.000       0.000       0.000       0.000       0.000      0.4706E+05   0.000    
    4800  0.1616E-04  0.3367E-08 NODE        1818   0.0%   0.000       0.000       0.000       0.000       0.000      0.4706E+05   0.000    
    4900  0.1650E-04  0.3367E-08 NODE        1818   0.0%   0.000       0.000       0.000       0.000       0.000      0.4706E+05   0.000    
    5000  0.1684E-04  0.3367E-08 NODE        1818   0.0%   0.000       0.000       0.000       0.000       0.000      0.4706E+05   0.000    
    5100  0.1717E-04  0.3367E-08 NODE        1818   0.0%   0.000       0.000       0.000       0.000       0.000      0.4706E+05   0.000    
    5200  0.1751E-04  0.3367E-08 NODE        1818   0.0%   0.000       0.000       0.000       0.000       0.000      0.4706E+05   0.000    
    5300  0.1785E-04  0.3367E-08 NODE        1818   0.0%   0.000       0.000       0.000       0.000       0.000      0.4706E+05   0.000    
    5400  0.1818E-04  0.3367E-08 NODE        1818   0.0%   0.000       0.000       0.000       0.000       0.000      0.4706E+05   0.000    
    5500  0.1852E-04  0.3367E-08 NODE        1818   0.0%   0.000       0.000       0.000       0.000       0.000      0.4706E+05   0.000    
    5600  0.1886E-04  0.3367E-08 NODE        1818   0.0%   0.000       0.000       0.000       0.000       0.000      0.4706E+05   0.000    
    5700  0.1919E-04  0.3367E-08 NODE        1818   0.0%   0.000       0.000       0.000       0.000       0.000      0.4706E+05   0.000    
    5800  0.1953E-04  0.3367E-08 NODE        1818   0.0%   0.000       0.000       0.000       0.000       0.000      0.4706E+05   0.000    
    5900  0.1987E-04  0.3367E-08 NODE        1818   0.0%   0.000       0.000       0.000       0.000       0.000      0.4706E+05   0.000    
    6000  0.2020E-04  0.3367E-08 NODE        1818   0.0%   0.000       0.000       0.000       0.000       0.000      0.4706E+05   0.000    
    6100  0.2054E-04  0.3367E-08 NODE        1818   0.0%   0.000       0.000       0.000       0.000       0.000      0.4706E+05   0.000    
    6200  0.2088E-04  0.3367E-08 NODE        1818   0.0%   0.000       0.000       0.000       0.000       0.000      0.4706E+05   0.000    
    6300  0.2121E-04  0.3367E-08 NODE        1818   0.0%   0.000       0.000       0.000       0.000       0.000      0.4706E+05   0.000    
    6400  0.2155E-04  0.3367E-08 NODE        1818   0.0%   0.000       0.000       0.000       0.000       0.000      0.4706E+05   0.000    
    6500  0.2189E-04  0.3367E-08 NODE        1818   0.0%   0.000       0.000       0.000       0.000       0.000      0.4706E+05   0.000    
    6600  0.2222E-04  0.3367E-08 NODE        1818   0.0%   0.000       0.000       0.000       0.000       0.000      0.4706E+05   0.000    
    6700  0.2256E-04  0.3367E-08 NODE        1818   0.0%   0.000       0.000       0.000       0.000       0.000      0.4706E+05   0.000    
    6800  0.2290E-04  0.3367E-08 NODE        1818   0.0%   0.000       0.000       0.000       0.000       0.000      0.4706E+05   0.000    
    6900  0.2323E-04  0.3367E-08 NODE        1818   0.0%   0.000       0.000       0.000       0.000       0.000      0.4706E+05   0.000    
    7000  0.2357E-04  0.3367E-08 NODE        1818   0.0%   0.000       0.000       0.000       0.000       0.000      0.4706E+05   0.000    
    7100  0.2391E-04  0.3367E-08 NODE        1818   0.0%   0.000       0.000       0.000       0.000       0.000      0.4706E+05   0.000    
    7200  0.2425E-04  0.3367E-08 NODE        1818   0.0%   0.000       0.000       0.000       0.000       0.000      0.4706E+05   0.000    
    7300  0.2458E-04  0.3367E-08 NODE        1818   0.0%   0.000       0.000       0.000       0.000       0.000      0.4706E+05   0.000    
    7400  0.2492E-04  0.3367E-08 NODE        1818   0.0%   0.000       0.000       0.000       0.000       0.000      0.4706E+05   0.000    
    7500  0.2526E-04  0.3367E-08 NODE        1818   0.0%   0.000       0.000       0.000       0.000       0.000      0.4706E+05   0.000    
    7600  0.2559E-04  0.3367E-08 NODE        1818   0.0%   0.000       0.000       0.000       0.000       0.000      0.4706E+05   0.000    
    7700  0.2593E-04  0.3367E-08 NODE        1818   0.0%   0.000       0.000       0.000       0.000       0.000      0.4706E+05   0.000    
    7800  0.2627E-04  0.3367E-08 NODE        1818   0.0%   0.000       0.000       0.000       0.000       0.000      0.4706E+05   0.000    
    7900  0.2660E-04  0.3367E-08 NODE        1818   0.0%   0.000       0.000       0.000       0.000       0.000      0.4706E+05   0.000    
    8000  0.2694E-04  0.3367E-08 NODE        1818   0.0%   0.000       0.000       0.000       0.000       0.000      0.4706E+05   0.000    
    8100  0.2728E-04  0.3367E-08 NODE        1818   0.0%   0.000       0.000       0.000       0.000       0.000      0.4706E+05   0.000    
    8200  0.2761E-04  0.3367E-08 NODE        1818   0.0%   0.000       0.000       0.000       0.000       0.000      0.4706E+05   0.000    
    8300  0.2795E-04  0.3367E-08 NODE        1818   0.0%   0.000       0.000       0.000       0.000       0.000      0.4706E+05   0.000    
    8400  0.2829E-04  0.3367E-08 NODE        1818   0.0%   0.000       0.000       0.000       0.000       0.000      0.4706E+05   0.000    
    8500  0.2862E-04  0.3367E-08 NODE        1818   0.0%   0.000       0.000       0.000       0.000       0.000      0.4706E+05   0.000    
    8600  0.2896E-04  0.3367E-08 NODE        1818   0.0%   0.000       0.000       0.000       0.000       0.000      0.4706E+05   0.000    
    8700  0.2930E-04  0.3367E-08 NODE        1818   0.0%   0.000       0.000       0.000       0.000       0.000      0.4706E+05   0.000    
    8800  0.2963E-04  0.3367E-08 NODE        1818   0.0%   0.000       0.000       0.000       0.000       0.000      0.4706E+05   0.000    
    8900  0.2997E-04  0.3367E-08 NODE        1818   0.0%   0.000       0.000       0.000       0.000       0.000      0.4706E+05   0.000    
    9000  0.3031E-04  0.3367E-08 NODE        1818   0.0%   0.000       0.000       0.000       0.000       0.000      0.4706E+05   0.000    
    9100  0.3064E-04  0.3367E-08 NODE        1818   0.0%   0.000       0.000       0.000       0.000       0.000      0.4706E+05   0.000    
    9200  0.3098E-04  0.3367E-08 NODE        1818   0.0%   0.000       0.000       0.000       0.000       0.000      0.4706E+05   0.000    
    9300  0.3132E-04  0.3367E-08 NODE        1818   0.0%   0.000       0.000       0.000       0.000       0.000      0.4706E+05   0.000    
    9400  0.3165E-04  0.3367E-08 NODE        1818   0.0%   0.000       0.000       0.000       0.000       0.000      0.4706E+05   0.000    
    9500  0.3199E-04  0.3367E-08 NODE        1818   0.0%   0.000       0.000       0.000       0.000       0.000      0.4706E+05   0.000    
    9600  0.3233E-04  0.3367E-08 NODE        1818   0.0%   0.000       0.000       0.000       0.000       0.000      0.4706E+05   0.000    
    9700  0.3266E-04  0.3367E-08 NODE        1818   0.0%   0.000       0.000       0.000       0.000       0.000      0.4706E+05   0.000    
    9800  0.3300E-04  0.3367E-08 NODE        1818   0.0%   0.000       0.000       0.000       0.000       0.000      0.4706E+05   0.000    
    9900  0.3334E-04  0.3367E-08 NODE        1818   0.0%   0.000       0.000       0.000       0.000       0.000      0.4706E+05   0.000    
   CYCLE    TIME      TIME-STEP  ELEMENT          ERROR  I-ENERGY    K-ENERGY T  K-ENERGY R  EXT-WORK     MAS.ERR     TOTAL MASS  MASS ADDED
   10000  0.3367E-04  0.3367E-08 NODE        1818   0.0%   0.000       0.000       0.000       0.000       0.000      0.4706E+05   0.000    
   10100  0.3401E-04  0.3367E-08 NODE        1818   0.0%   0.000       0.000       0.000       0.000       0.000      0.4706E+05   0.000    
   10200  0.3435E-04  0.3367E-08 NODE        1818   0.0%   0.000       0.000       0.000       0.000       0.000      0.4706E+05   0.000    
   10300  0.3468E-04  0.3367E-08 NODE        1818   0.0%   0.000       0.000       0.000       0.000       0.000      0.4706E+05   0.000    
   10400  0.3502E-04  0.3367E-08 NODE        1818   0.0%   0.000       0.000       0.000       0.000       0.000      0.4706E+05   0.000    
   10500  0.3536E-04  0.3367E-08 NODE        1818   0.0%   0.000       0.000       0.000       0.000       0.000      0.4706E+05   0.000    
   10600  0.3569E-04  0.3367E-08 NODE        1818   0.0%   0.000       0.000       0.000       0.000       0.000      0.4706E+05   0.000    
   10700  0.3603E-04  0.3367E-08 NODE        1818   0.0%   0.000       0.000       0.000       0.000       0.000      0.4706E+05   0.000    
   10800  0.3637E-04  0.3367E-08 NODE        1818   0.0%   0.000       0.000       0.000       0.000       0.000      0.4706E+05   0.000    
   10900  0.3670E-04  0.3367E-08 NODE        1818   0.0%   0.000       0.000       0.000       0.000       0.000      0.4706E+05   0.000    
   11000  0.3704E-04  0.3367E-08 NODE        1818   0.0%   0.000       0.000       0.000       0.000       0.000      0.4706E+05   0.000    
   11100  0.3738E-04  0.3367E-08 NODE        1818   0.0%   0.000       0.000       0.000       0.000       0.000      0.4706E+05   0.000    
   11200  0.3771E-04  0.3367E-08 NODE        1818   0.0%   0.000       0.000       0.000       0.000       0.000      0.4706E+05   0.000    
   11300  0.3805E-04  0.3367E-08 NODE        1818   0.0%   0.000       0.000       0.000       0.000       0.000      0.4706E+05   0.000    
   11400  0.3839E-04  0.3367E-08 NODE        1818   0.0%   0.000       0.000       0.000       0.000       0.000      0.4706E+05   0.000    
   11500  0.3872E-04  0.3367E-08 NODE        1818   0.0%   0.000       0.000       0.000       0.000       0.000      0.4706E+05   0.000    
   11600  0.3906E-04  0.3367E-08 NODE        1818   0.0%   0.000       0.000       0.000       0.000       0.000      0.4706E+05   0.000    
   11700  0.3940E-04  0.3367E-08 NODE        1818   0.0%   0.000       0.000       0.000       0.000       0.000      0.4706E+05   0.000    
   11800  0.3974E-04  0.3367E-08 NODE        1818   0.0%   0.000       0.000       0.000       0.000       0.000      0.4706E+05   0.000    
   11900  0.4007E-04  0.3367E-08 NODE        1818   0.0%   0.000       0.000       0.000       0.000       0.000      0.4706E+05   0.000    
   12000  0.4041E-04  0.3367E-08 NODE        1818   0.0%   0.000       0.000       0.000       0.000       0.000      0.4706E+05   0.000    
   12100  0.4075E-04  0.3367E-08 NODE        1818   0.0%   0.000       0.000       0.000       0.000       0.000      0.4706E+05   0.000    
   12200  0.4108E-04  0.3367E-08 NODE        1818   0.0%   0.000       0.000       0.000       0.000       0.000      0.4706E+05   0.000    
   12300  0.4142E-04  0.3367E-08 NODE        1818   0.0%   0.000       0.000       0.000       0.000       0.000      0.4706E+05   0.000    
   12400  0.4176E-04  0.3367E-08 NODE        1818   0.0%   0.000       0.000       0.000       0.000       0.000      0.4706E+05   0.000    
   12500  0.4209E-04  0.3367E-08 NODE        1818   0.0%   0.000       0.000       0.000       0.000       0.000      0.4706E+05   0.000    
   12600  0.4243E-04  0.3367E-08 NODE        1818   0.0%   0.000       0.000       0.000       0.000       0.000      0.4706E+05   0.000    
   12700  0.4277E-04  0.3367E-08 NODE        1818   0.0%   0.000       0.000       0.000       0.000       0.000      0.4706E+05   0.000    
   12800  0.4310E-04  0.3367E-08 NODE        1818   0.0%   0.000       0.000       0.000       0.000       0.000      0.4706E+05   0.000    
   12900  0.4344E-04  0.3367E-08 NODE        1818   0.0%   0.000       0.000       0.000       0.000       0.000      0.4706E+05   0.000    
   13000  0.4378E-04  0.3367E-08 NODE        1818   0.0%   0.000       0.000       0.000       0.000       0.000      0.4706E+05   0.000    
   13100  0.4411E-04  0.3367E-08 NODE        1818   0.0%   0.000       0.000       0.000       0.000       0.000      0.4706E+05   0.000    
   13200  0.4445E-04  0.3367E-08 NODE        1818   0.0%   0.000       0.000       0.000       0.000       0.000      0.4706E+05   0.000    
   13300  0.4479E-04  0.3367E-08 NODE        1818   0.0%   0.000       0.000       0.000       0.000       0.000      0.4706E+05   0.000    
   13400  0.4512E-04  0.3367E-08 NODE        1818   0.0%   0.000       0.000       0.000       0.000       0.000      0.4706E+05   0.000    
   13500  0.4546E-04  0.3367E-08 NODE        1818   0.0%   0.000       0.000       0.000       0.000       0.000      0.4706E+05   0.000    
   13600  0.4580E-04  0.3367E-08 NODE        1818   0.0%   0.000       0.000       0.000       0.000       0.000      0.4706E+05   0.000    
   13700  0.4613E-04  0.3367E-08 NODE        1818   0.0%   0.000       0.000       0.000       0.000       0.000      0.4706E+05   0.000    
   13800  0.4647E-04  0.3367E-08 NODE        1818   0.0%   0.000       0.000       0.000       0.000       0.000      0.4706E+05   0.000    
   13900  0.4681E-04  0.3367E-08 NODE        1818   0.0%   0.000       0.000       0.000       0.000       0.000      0.4706E+05   0.000    
   14000  0.4714E-04  0.3367E-08 NODE        1818   0.0%   0.000       0.000       0.000       0.000       0.000      0.4706E+05   0.000    
   14100  0.4748E-04  0.3367E-08 NODE        1818   0.0%   0.000       0.000       0.000       0.000       0.000      0.4706E+05   0.000    
   14200  0.4782E-04  0.3367E-08 NODE        1818   0.0%   0.000       0.000       0.000       0.000       0.000      0.4706E+05   0.000    
   14300  0.4815E-04  0.3367E-08 NODE        1818   0.0%   0.000       0.000       0.000       0.000       0.000      0.4706E+05   0.000    
   14400  0.4849E-04  0.3367E-08 NODE        1818   0.0%   0.000       0.000       0.000       0.000       0.000      0.4706E+05   0.000    
   14500  0.4883E-04  0.3367E-08 NODE        1818   0.0%   0.000       0.000       0.000       0.000       0.000      0.4706E+05   0.000    
   14600  0.4916E-04  0.3367E-08 NODE        1818   0.0%   0.000       0.000       0.000       0.000       0.000      0.4706E+05   0.000    
   14700  0.4950E-04  0.3367E-08 NODE        1818   0.0%   0.000       0.000       0.000       0.000       0.000      0.4706E+05   0.000    
   14800  0.4984E-04  0.3367E-08 NODE        1818   0.0%   0.000       0.000       0.000       0.000       0.000      0.4706E+05   0.000    
   14900  0.5017E-04  0.3367E-08 NODE        1818   0.0%   0.000       0.000       0.000       0.000       0.000      0.4706E+05   0.000    
   15000  0.5051E-04  0.3367E-08 NODE        1818   0.0%   0.000       0.000       0.000       0.000       0.000      0.4706E+05   0.000    
   15100  0.5085E-04  0.3367E-08 NODE        1818   0.0%   0.000       0.000       0.000       0.000       0.000      0.4706E+05   0.000    
   15200  0.5118E-04  0.3367E-08 NODE        1818   0.0%   0.000       0.000       0.000       0.000       0.000      0.4706E+05   0.000    
   15300  0.5152E-04  0.3367E-08 NODE        1818   0.0%   0.000       0.000       0.000       0.000       0.000      0.4706E+05   0.000    
   15400  0.5186E-04  0.3367E-08 NODE        1818   0.0%   0.000       0.000       0.000       0.000       0.000      0.4706E+05   0.000    
   15500  0.5219E-04  0.3367E-08 NODE        1818   0.0%   0.000       0.000       0.000       0.000       0.000      0.4706E+05   0.000    
   15600  0.5253E-04  0.3367E-08 NODE        1818   0.0%   0.000       0.000       0.000       0.000       0.000      0.4706E+05   0.000    
   15700  0.5287E-04  0.3367E-08 NODE        1818   0.0%   0.000       0.000       0.000       0.000       0.000      0.4706E+05   0.000    
   15800  0.5320E-04  0.3367E-08 NODE        1818   0.0%   0.000       0.000       0.000       0.000       0.000      0.4706E+05   0.000    
   15900  0.5354E-04  0.3367E-08 NODE        1818   0.0%   0.000       0.000       0.000       0.000       0.000      0.4706E+05   0.000    
   16000  0.5388E-04  0.3367E-08 NODE        1818   0.0%   0.000       0.000       0.000       0.000       0.000      0.4706E+05   0.000    
   16100  0.5421E-04  0.3367E-08 NODE        1818   0.0%   0.000       0.000       0.000       0.000       0.000      0.4706E+05   0.000    
   16200  0.5455E-04  0.3367E-08 NODE        1818   0.0%   0.000       0.000       0.000       0.000       0.000      0.4706E+05   0.000    
   16300  0.5489E-04  0.3367E-08 NODE        1818   0.0%   0.000       0.000       0.000       0.000       0.000      0.4706E+05   0.000    
   16400  0.5523E-04  0.3367E-08 NODE        1818   0.0%   0.000       0.000       0.000       0.000       0.000      0.4706E+05   0.000    
   16500  0.5556E-04  0.3367E-08 NODE        1818   0.0%   0.000       0.000       0.000       0.000       0.000      0.4706E+05   0.000    
   16600  0.5590E-04  0.3367E-08 NODE        1818   0.0%   0.000       0.000       0.000       0.000       0.000      0.4706E+05   0.000    
   16700  0.5624E-04  0.3367E-08 NODE        1818   0.0%   0.000       0.000       0.000       0.000       0.000      0.4706E+05   0.000    
   16800  0.5657E-04  0.3367E-08 NODE        1818   0.0%   0.000       0.000       0.000       0.000       0.000      0.4706E+05   0.000    
   16900  0.5691E-04  0.3367E-08 NODE        1818   0.0%   0.000       0.000       0.000       0.000       0.000      0.4706E+05   0.000    
   17000  0.5725E-04  0.3367E-08 NODE        1818   0.0%   0.000       0.000       0.000       0.000       0.000      0.4706E+05   0.000    
   17100  0.5758E-04  0.3367E-08 NODE        1818   0.0%   0.000       0.000       0.000       0.000       0.000      0.4706E+05   0.000    
   17200  0.5792E-04  0.3367E-08 NODE        1818   0.0%   0.000       0.000       0.000       0.000       0.000      0.4706E+05   0.000    
   17300  0.5826E-04  0.3367E-08 NODE        1818   0.0%   0.000       0.000       0.000       0.000       0.000      0.4706E+05   0.000    
   17400  0.5859E-04  0.3367E-08 NODE        1818   0.0%   0.000       0.000       0.000       0.000       0.000      0.4706E+05   0.000    
   17500  0.5893E-04  0.3367E-08 NODE        1818   0.0%   0.000       0.000       0.000       0.000       0.000      0.4706E+05   0.000    
   17600  0.5927E-04  0.3367E-08 NODE        1818   0.0%   0.000       0.000       0.000       0.000       0.000      0.4706E+05   0.000    
   17700  0.5960E-04  0.3367E-08 NODE        1818   0.0%   0.000       0.000       0.000       0.000       0.000      0.4706E+05   0.000    
   17800  0.5994E-04  0.3367E-08 NODE        1818   0.0%   0.000       0.000       0.000       0.000       0.000      0.4706E+05   0.000    
   17900  0.6028E-04  0.3367E-08 NODE        1818   0.0%   0.000       0.000       0.000       0.000       0.000      0.4706E+05   0.000    
   18000  0.6061E-04  0.3367E-08 NODE        1818   0.0%   0.000       0.000       0.000       0.000       0.000      0.4706E+05   0.000    
   18100  0.6095E-04  0.3367E-08 NODE        1818   0.0%   0.000       0.000       0.000       0.000       0.000      0.4706E+05   0.000    
   18200  0.6129E-04  0.3367E-08 NODE        1818   0.0%   0.000       0.000       0.000       0.000       0.000      0.4706E+05   0.000    
   18300  0.6162E-04  0.3367E-08 NODE        1818   0.0%   0.000       0.000       0.000       0.000       0.000      0.4706E+05   0.000    
   18400  0.6196E-04  0.3367E-08 NODE        1818   0.0%   0.000       0.000       0.000       0.000       0.000      0.4706E+05   0.000    
   18500  0.6230E-04  0.3367E-08 NODE        1818   0.0%   0.000       0.000       0.000       0.000       0.000      0.4706E+05   0.000    
   18600  0.6263E-04  0.3367E-08 NODE        1818   0.0%   0.000       0.000       0.000       0.000       0.000      0.4706E+05   0.000    
   18700  0.6297E-04  0.3367E-08 NODE        1818   0.0%   0.000       0.000       0.000       0.000       0.000      0.4706E+05   0.000    
   18800  0.6331E-04  0.3367E-08 NODE        1818   0.0%   0.000       0.000       0.000       0.000       0.000      0.4706E+05   0.000    
   18900  0.6364E-04  0.3367E-08 NODE        1818   0.0%   0.000       0.000       0.000       0.000       0.000      0.4706E+05   0.000    
   19000  0.6398E-04  0.3367E-08 NODE        1818   0.0%   0.000       0.000       0.000       0.000       0.000      0.4706E+05   0.000    
   19100  0.6432E-04  0.3367E-08 NODE        1818   0.0%   0.000       0.000       0.000       0.000       0.000      0.4706E+05   0.000    
   19200  0.6465E-04  0.3367E-08 NODE        1818   0.0%   0.000       0.000       0.000       0.000       0.000      0.4706E+05   0.000    
   19300  0.6499E-04  0.3367E-08 NODE        1818   0.0%   0.000       0.000       0.000       0.000       0.000      0.4706E+05   0.000    
   19400  0.6533E-04  0.3367E-08 NODE        1818   0.0%   0.000       0.000       0.000       0.000       0.000      0.4706E+05   0.000    
   19500  0.6566E-04  0.3367E-08 NODE        1818   0.0%   0.000       0.000       0.000       0.000       0.000      0.4706E+05   0.000    
   19600  0.6600E-04  0.3367E-08 NODE        1818   0.0%   0.000       0.000       0.000       0.000       0.000      0.4706E+05   0.000    
   19700  0.6634E-04  0.3367E-08 NODE        1818   0.0%   0.000       0.000       0.000       0.000       0.000      0.4706E+05   0.000    
   19800  0.6667E-04  0.3367E-08 NODE        1818   0.0%   0.000       0.000       0.000       0.000       0.000      0.4706E+05   0.000    
   19900  0.6701E-04  0.3367E-08 NODE        1818   0.0%   0.000       0.000       0.000       0.000       0.000      0.4706E+05   0.000    
   CYCLE    TIME      TIME-STEP  ELEMENT          ERROR  I-ENERGY    K-ENERGY T  K-ENERGY R  EXT-WORK     MAS.ERR     TOTAL MASS  MASS ADDED
   20000  0.6735E-04  0.3367E-08 NODE        1818   0.0%   0.000       0.000       0.000       0.000       0.000      0.4706E+05   0.000    
   20100  0.6768E-04  0.3367E-08 NODE        1818   0.0%   0.000       0.000       0.000       0.000       0.000      0.4706E+05   0.000    
   20200  0.6802E-04  0.3367E-08 NODE        1818   0.0%   0.000       0.000       0.000       0.000       0.000      0.4706E+05   0.000    
   20300  0.6836E-04  0.3367E-08 NODE        1818   0.0%   0.000       0.000       0.000       0.000       0.000      0.4706E+05   0.000    
   20400  0.6869E-04  0.3367E-08 NODE        1818   0.0%   0.000       0.000       0.000       0.000       0.000      0.4706E+05   0.000    
   20500  0.6903E-04  0.3367E-08 NODE        1818   0.0%   0.000       0.000       0.000       0.000       0.000      0.4706E+05   0.000    
   20600  0.6937E-04  0.3367E-08 NODE        1818   0.0%   0.000       0.000       0.000       0.000       0.000      0.4706E+05   0.000    
   20700  0.6970E-04  0.3367E-08 NODE        1818   0.0%   0.000       0.000       0.000       0.000       0.000      0.4706E+05   0.000    
   20800  0.7004E-04  0.3367E-08 NODE        1818   0.0%   0.000       0.000       0.000       0.000       0.000      0.4706E+05   0.000    
   20900  0.7038E-04  0.3367E-08 NODE        1818   0.0%   0.000       0.000       0.000       0.000       0.000      0.4706E+05   0.000    
   21000  0.7072E-04  0.3367E-08 NODE        1818   0.0%   0.000       0.000       0.000       0.000       0.000      0.4706E+05   0.000    
   21100  0.7105E-04  0.3367E-08 NODE        1818   0.0%   0.000       0.000       0.000       0.000       0.000      0.4706E+05   0.000    
   21200  0.7139E-04  0.3367E-08 NODE        1818   0.0%   0.000       0.000       0.000       0.000       0.000      0.4706E+05   0.000    
   21300  0.7173E-04  0.3367E-08 NODE        1818   0.0%   0.000       0.000       0.000       0.000       0.000      0.4706E+05   0.000    
   21400  0.7206E-04  0.3367E-08 NODE        1818   0.0%   0.000       0.000       0.000       0.000       0.000      0.4706E+05   0.000    
   21500  0.7240E-04  0.3367E-08 NODE        1818   0.0%   0.000       0.000       0.000       0.000       0.000      0.4706E+05   0.000    
   21600  0.7274E-04  0.3367E-08 NODE        1818   0.0%   0.000       0.000       0.000       0.000       0.000      0.4706E+05   0.000    
   21700  0.7307E-04  0.3367E-08 NODE        1818   0.0%   0.000       0.000       0.000       0.000       0.000      0.4706E+05   0.000    
   21800  0.7341E-04  0.3367E-08 NODE        1818   0.0%   0.000       0.000       0.000       0.000       0.000      0.4706E+05   0.000    
   21900  0.7375E-04  0.3367E-08 NODE        1818   0.0%   0.000       0.000       0.000       0.000       0.000      0.4706E+05   0.000    
   22000  0.7408E-04  0.3367E-08 NODE        1818   0.0%   0.000       0.000       0.000       0.000       0.000      0.4706E+05   0.000    
   22100  0.7442E-04  0.3367E-08 NODE        1818   0.0%   0.000       0.000       0.000       0.000       0.000      0.4706E+05   0.000    
   22200  0.7476E-04  0.3367E-08 NODE        1818   0.0%   0.000       0.000       0.000       0.000       0.000      0.4706E+05   0.000    
   22300  0.7509E-04  0.3367E-08 NODE        1818   0.0%   0.000       0.000       0.000       0.000       0.000      0.4706E+05   0.000    
   22400  0.7543E-04  0.3367E-08 NODE        1818   0.0%   0.000       0.000       0.000       0.000       0.000      0.4706E+05   0.000    
   22500  0.7577E-04  0.3367E-08 NODE        1818   0.0%   0.000       0.000       0.000       0.000       0.000      0.4706E+05   0.000    
   22600  0.7610E-04  0.3367E-08 NODE        1818   0.0%   0.000       0.000       0.000       0.000       0.000      0.4706E+05   0.000    
   22700  0.7644E-04  0.3367E-08 NODE        1818   0.0%   0.000       0.000       0.000       0.000       0.000      0.4706E+05   0.000    
   22800  0.7678E-04  0.3367E-08 NODE        1818   0.0%   0.000       0.000       0.000       0.000       0.000      0.4706E+05   0.000    
   22900  0.7711E-04  0.3367E-08 NODE        1818   0.0%   0.000       0.000       0.000       0.000       0.000      0.4706E+05   0.000    
   23000  0.7745E-04  0.3367E-08 NODE        1818   0.0%   0.000       0.000       0.000       0.000       0.000      0.4706E+05   0.000    
   23100  0.7779E-04  0.3367E-08 NODE        1818   0.0%   0.000       0.000       0.000       0.000       0.000      0.4706E+05   0.000    
   23200  0.7812E-04  0.3367E-08 NODE        1818   0.0%   0.000       0.000       0.000       0.000       0.000      0.4706E+05   0.000    
   23300  0.7846E-04  0.3367E-08 NODE        1818   0.0%   0.000       0.000       0.000       0.000       0.000      0.4706E+05   0.000    
   23400  0.7880E-04  0.3367E-08 NODE        1818   0.0%   0.000       0.000       0.000       0.000       0.000      0.4706E+05   0.000    
   23500  0.7913E-04  0.3367E-08 NODE        1818   0.0%   0.000       0.000       0.000       0.000       0.000      0.4706E+05   0.000    
   23600  0.7947E-04  0.3367E-08 NODE        1818   0.0%   0.000       0.000       0.000       0.000       0.000      0.4706E+05   0.000    
   23700  0.7981E-04  0.3367E-08 NODE        1818   0.0%   0.000       0.000       0.000       0.000       0.000      0.4706E+05   0.000    
   23800  0.8014E-04  0.3367E-08 NODE        1818   0.0%   0.000       0.000       0.000       0.000       0.000      0.4706E+05   0.000    
   23900  0.8048E-04  0.3367E-08 NODE        1818   0.0%   0.000       0.000       0.000       0.000       0.000      0.4706E+05   0.000    
   24000  0.8082E-04  0.3367E-08 NODE        1818   0.0%   0.000       0.000       0.000       0.000       0.000      0.4706E+05   0.000    
   24100  0.8115E-04  0.3367E-08 NODE        1818   0.0%   0.000       0.000       0.000       0.000       0.000      0.4706E+05   0.000    
   24200  0.8149E-04  0.3367E-08 NODE        1818   0.0%   0.000       0.000       0.000       0.000       0.000      0.4706E+05   0.000    
   24300  0.8183E-04  0.3367E-08 NODE        1818   0.0%   0.000       0.000       0.000       0.000       0.000      0.4706E+05   0.000    
   24400  0.8216E-04  0.3367E-08 NODE        1818   0.0%   0.000       0.000       0.000       0.000       0.000      0.4706E+05   0.000    
   24500  0.8250E-04  0.3367E-08 NODE        1818   0.0%   0.000       0.000       0.000       0.000       0.000      0.4706E+05   0.000    
   24600  0.8284E-04  0.3367E-08 NODE        1818   0.0%   0.000       0.000       0.000       0.000       0.000      0.4706E+05   0.000    
   24700  0.8317E-04  0.3367E-08 NODE        1818   0.0%   0.000       0.000       0.000       0.000       0.000      0.4706E+05   0.000    
   24800  0.8351E-04  0.3367E-08 NODE        1818   0.0%   0.000       0.000       0.000       0.000       0.000      0.4706E+05   0.000    
   24900  0.8385E-04  0.3367E-08 NODE        1818   0.0%   0.000       0.000       0.000       0.000       0.000      0.4706E+05   0.000    
   25000  0.8418E-04  0.3367E-08 NODE        1818   0.0%   0.000       0.000       0.000       0.000       0.000      0.4706E+05   0.000    
   25100  0.8452E-04  0.3367E-08 NODE        1818   0.0%   0.000       0.000       0.000       0.000       0.000      0.4706E+05   0.000    
   25200  0.8486E-04  0.3367E-08 NODE        1818   0.0%   0.000       0.000       0.000       0.000       0.000      0.4706E+05   0.000    
   25300  0.8519E-04  0.3367E-08 NODE        1818   0.0%   0.000       0.000       0.000       0.000       0.000      0.4706E+05   0.000    
   25400  0.8553E-04  0.3367E-08 NODE        1818   0.0%   0.000       0.000       0.000       0.000       0.000      0.4706E+05   0.000    
   25500  0.8587E-04  0.3367E-08 NODE        1818   0.0%   0.000       0.000       0.000       0.000       0.000      0.4706E+05   0.000    
   25600  0.8621E-04  0.3367E-08 NODE        1818   0.0%   0.000       0.000       0.000       0.000       0.000      0.4706E+05   0.000    
   25700  0.8654E-04  0.3367E-08 NODE        1818   0.0%   0.000       0.000       0.000       0.000       0.000      0.4706E+05   0.000    
   25800  0.8688E-04  0.3367E-08 NODE        1818   0.0%   0.000       0.000       0.000       0.000       0.000      0.4706E+05   0.000    
   25900  0.8722E-04  0.3367E-08 NODE        1818   0.0%   0.000       0.000       0.000       0.000       0.000      0.4706E+05   0.000    
   26000  0.8755E-04  0.3367E-08 NODE        1818   0.0%   0.000       0.000       0.000       0.000       0.000      0.4706E+05   0.000    
   26100  0.8789E-04  0.3367E-08 NODE        1818   0.0%   0.000       0.000       0.000       0.000       0.000      0.4706E+05   0.000    
   26200  0.8823E-04  0.3367E-08 NODE        1818   0.0%   0.000       0.000       0.000       0.000       0.000      0.4706E+05   0.000    
   26300  0.8856E-04  0.3367E-08 NODE        1818   0.0%   0.000       0.000       0.000       0.000       0.000      0.4706E+05   0.000    
   26400  0.8890E-04  0.3367E-08 NODE        1818   0.0%   0.000       0.000       0.000       0.000       0.000      0.4706E+05   0.000    
   26500  0.8924E-04  0.3367E-08 NODE        1818   0.0%   0.000       0.000       0.000       0.000       0.000      0.4706E+05   0.000    
   26600  0.8957E-04  0.3367E-08 NODE        1818   0.0%   0.000       0.000       0.000       0.000       0.000      0.4706E+05   0.000    
   26700  0.8991E-04  0.3367E-08 NODE        1818   0.0%   0.000       0.000       0.000       0.000       0.000      0.4706E+05   0.000    
   26800  0.9025E-04  0.3367E-08 NODE        1818   0.0%   0.000       0.000       0.000       0.000       0.000      0.4706E+05   0.000    
   26900  0.9058E-04  0.3367E-08 NODE        1818   0.0%   0.000       0.000       0.000       0.000       0.000      0.4706E+05   0.000    
   27000  0.9092E-04  0.3367E-08 NODE        1818   0.0%   0.000       0.000       0.000       0.000       0.000      0.4706E+05   0.000    
   27100  0.9126E-04  0.3367E-08 NODE        1818   0.0%   0.000       0.000       0.000       0.000       0.000      0.4706E+05   0.000    
   27200  0.9159E-04  0.3367E-08 NODE        1818   0.0%   0.000       0.000       0.000       0.000       0.000      0.4706E+05   0.000    
   27300  0.9193E-04  0.3367E-08 NODE        1818   0.0%   0.000       0.000       0.000       0.000       0.000      0.4706E+05   0.000    
   27400  0.9227E-04  0.3367E-08 NODE        1818   0.0%   0.000       0.000       0.000       0.000       0.000      0.4706E+05   0.000    
   27500  0.9260E-04  0.3367E-08 NODE        1818   0.0%   0.000       0.000       0.000       0.000       0.000      0.4706E+05   0.000    
   27600  0.9294E-04  0.3367E-08 NODE        1818   0.0%   0.000       0.000       0.000       0.000       0.000      0.4706E+05   0.000    
   27700  0.9328E-04  0.3367E-08 NODE        1818   0.0%   0.000       0.000       0.000       0.000       0.000      0.4706E+05   0.000    
   27800  0.9361E-04  0.3367E-08 NODE        1818   0.0%   0.000       0.000       0.000       0.000       0.000      0.4706E+05   0.000    
   27900  0.9395E-04  0.3367E-08 NODE        1818   0.0%   0.000       0.000       0.000       0.000       0.000      0.4706E+05   0.000    
   28000  0.9429E-04  0.3367E-08 NODE        1818   0.0%   0.000       0.000       0.000       0.000       0.000      0.4706E+05   0.000    
   28100  0.9462E-04  0.3367E-08 NODE        1818   0.0%   0.000       0.000       0.000       0.000       0.000      0.4706E+05   0.000    
   28200  0.9496E-04  0.3367E-08 NODE        1818   0.0%   0.000       0.000       0.000       0.000       0.000      0.4706E+05   0.000    
   28300  0.9530E-04  0.3367E-08 NODE        1818   0.0%   0.000       0.000       0.000       0.000       0.000      0.4706E+05   0.000    
   28400  0.9563E-04  0.3367E-08 NODE        1818   0.0%   0.000       0.000       0.000       0.000       0.000      0.4706E+05   0.000    
   28500  0.9597E-04  0.3367E-08 NODE        1818   0.0%   0.000       0.000       0.000       0.000       0.000      0.4706E+05   0.000    
   28600  0.9631E-04  0.3367E-08 NODE        1818   0.0%   0.000       0.000       0.000       0.000       0.000      0.4706E+05   0.000    
   28700  0.9664E-04  0.3367E-08 NODE        1818   0.0%   0.000       0.000       0.000       0.000       0.000      0.4706E+05   0.000    
   28800  0.9698E-04  0.3367E-08 NODE        1818   0.0%   0.000       0.000       0.000       0.000       0.000      0.4706E+05   0.000    
   28900  0.9732E-04  0.3367E-08 NODE        1818   0.0%   0.000       0.000       0.000       0.000       0.000      0.4706E+05   0.000    
   29000  0.9765E-04  0.3367E-08 NODE        1818   0.0%   0.000       0.000       0.000       0.000       0.000      0.4706E+05   0.000    
   29100  0.9799E-04  0.3367E-08 NODE        1818   0.0%   0.000       0.000       0.000       0.000       0.000      0.4706E+05   0.000    
   29200  0.9833E-04  0.3367E-08 NODE        1818   0.0%   0.000       0.000       0.000       0.000       0.000      0.4706E+05   0.000    
   29300  0.9866E-04  0.3367E-08 NODE        1818   0.0%   0.000       0.000       0.000       0.000       0.000      0.4706E+05   0.000    
   29400  0.9900E-04  0.3367E-08 NODE        1818   0.0%   0.000       0.000       0.000       0.000       0.000      0.4706E+05   0.000    
   29500  0.9934E-04  0.3367E-08 NODE        1818   0.0%   0.000       0.000       0.000       0.000       0.000      0.4706E+05   0.000    
   29600  0.9967E-04  0.3367E-08 NODE        1818   0.0%   0.000       0.000       0.000       0.000       0.000      0.4706E+05   0.000    
   29700  0.1000E-03  0.3367E-08 NODE        1818   0.0%   0.000       0.000       0.000       0.000       0.000      0.4706E+05   0.000    
   29800  0.1003E-03  0.3367E-08 NODE        1818   0.0%   0.000       0.000       0.000       0.000       0.000      0.4706E+05   0.000    
   29900  0.1007E-03  0.3367E-08 NODE        1818   0.0%   0.000       0.000       0.000       0.000       0.000      0.4706E+05   0.000    
   CYCLE    TIME      TIME-STEP  ELEMENT          ERROR  I-ENERGY    K-ENERGY T  K-ENERGY R  EXT-WORK     MAS.ERR     TOTAL MASS  MASS ADDED
   30000  0.1010E-03  0.3367E-08 NODE        1818   0.0%   0.000       0.000       0.000       0.000       0.000      0.4706E+05   0.000    
   30100  0.1014E-03  0.3367E-08 NODE        1818   0.0%   0.000       0.000       0.000       0.000       0.000      0.4706E+05   0.000    
   30200  0.1017E-03  0.3367E-08 NODE        1818   0.0%   0.000       0.000       0.000       0.000       0.000      0.4706E+05   0.000    
   30300  0.1020E-03  0.3367E-08 NODE        1818   0.0%   0.000       0.000       0.000       0.000       0.000      0.4706E+05   0.000    
   30400  0.1024E-03  0.3367E-08 NODE        1818   0.0%   0.000       0.000       0.000       0.000       0.000      0.4706E+05   0.000    
   30500  0.1027E-03  0.3367E-08 NODE        1818   0.0%   0.000       0.000       0.000       0.000       0.000      0.4706E+05   0.000    
   30600  0.1030E-03  0.3367E-08 NODE        1818   0.0%   0.000       0.000       0.000       0.000       0.000      0.4706E+05   0.000    
   30700  0.1034E-03  0.3367E-08 NODE        1818   0.0%   0.000       0.000       0.000       0.000       0.000      0.4706E+05   0.000    
   30800  0.1037E-03  0.3367E-08 NODE        1818   0.0%   0.000       0.000       0.000       0.000       0.000      0.4706E+05   0.000    
   30900  0.1041E-03  0.3367E-08 NODE        1818   0.0%   0.000       0.000       0.000       0.000       0.000      0.4706E+05   0.000    
   31000  0.1044E-03  0.3367E-08 NODE        1818   0.0%   0.000       0.000       0.000       0.000       0.000      0.4706E+05   0.000    
   31100  0.1047E-03  0.3367E-08 NODE        1818   0.0%   0.000       0.000       0.000       0.000       0.000      0.4706E+05   0.000    
   31200  0.1051E-03  0.3367E-08 NODE        1818   0.0%   0.000       0.000       0.000       0.000       0.000      0.4706E+05   0.000    
   31300  0.1054E-03  0.3367E-08 NODE        1818   0.0%   0.000       0.000       0.000       0.000       0.000      0.4706E+05   0.000    
   31400  0.1057E-03  0.3367E-08 NODE        1818   0.0%   0.000       0.000       0.000       0.000       0.000      0.4706E+05   0.000    
   31500  0.1061E-03  0.3367E-08 NODE        1818   0.0%   0.000       0.000       0.000       0.000       0.000      0.4706E+05   0.000    
   31600  0.1064E-03  0.3367E-08 NODE        1818   0.0%   0.000       0.000       0.000       0.000       0.000      0.4706E+05   0.000    
   31700  0.1067E-03  0.3367E-08 NODE        1818   0.0%   0.000       0.000       0.000       0.000       0.000      0.4706E+05   0.000    
   31800  0.1071E-03  0.3367E-08 NODE        1818   0.0%   0.000       0.000       0.000       0.000       0.000      0.4706E+05   0.000    
   31900  0.1074E-03  0.3367E-08 NODE        1818   0.0%   0.000       0.000       0.000       0.000       0.000      0.4706E+05   0.000    
   32000  0.1078E-03  0.3367E-08 NODE        1818   0.0%   0.000       0.000       0.000       0.000       0.000      0.4706E+05   0.000    
   32100  0.1081E-03  0.3367E-08 NODE        1818   0.0%   0.000       0.000       0.000       0.000       0.000      0.4706E+05   0.000    
   32200  0.1084E-03  0.3367E-08 NODE        1818   0.0%   0.000       0.000       0.000       0.000       0.000      0.4706E+05   0.000    
   32300  0.1088E-03  0.3367E-08 NODE        1818   0.0%   0.000       0.000       0.000       0.000       0.000      0.4706E+05   0.000    
   32400  0.1091E-03  0.3367E-08 NODE        1818   0.0%   0.000       0.000       0.000       0.000       0.000      0.4706E+05   0.000    
   32500  0.1094E-03  0.3367E-08 NODE        1818   0.0%   0.000       0.000       0.000       0.000       0.000      0.4706E+05   0.000    
   32600  0.1098E-03  0.3367E-08 NODE        1818   0.0%   0.000       0.000       0.000       0.000       0.000      0.4706E+05   0.000    
   32700  0.1101E-03  0.3367E-08 NODE        1818   0.0%   0.000       0.000       0.000       0.000       0.000      0.4706E+05   0.000    
   32800  0.1105E-03  0.3367E-08 NODE        1818   0.0%   0.000       0.000       0.000       0.000       0.000      0.4706E+05   0.000    
   32900  0.1108E-03  0.3367E-08 NODE        1818   0.0%   0.000       0.000       0.000       0.000       0.000      0.4706E+05   0.000    
   33000  0.1111E-03  0.3367E-08 NODE        1818   0.0%   0.000       0.000       0.000       0.000       0.000      0.4706E+05   0.000    
   33100  0.1115E-03  0.3367E-08 NODE        1818   0.0%   0.000       0.000       0.000       0.000       0.000      0.4706E+05   0.000    
   33200  0.1118E-03  0.3367E-08 NODE        1818   0.0%   0.000       0.000       0.000       0.000       0.000      0.4706E+05   0.000    
   33300  0.1121E-03  0.3367E-08 NODE        1818   0.0%   0.000       0.000       0.000       0.000       0.000      0.4706E+05   0.000    
   33400  0.1125E-03  0.3367E-08 NODE        1818   0.0%   0.000       0.000       0.000       0.000       0.000      0.4706E+05   0.000    
   33500  0.1128E-03  0.3367E-08 NODE        1818   0.0%   0.000       0.000       0.000       0.000       0.000      0.4706E+05   0.000    
   33600  0.1131E-03  0.3367E-08 NODE        1818   0.0%   0.000       0.000       0.000       0.000       0.000      0.4706E+05   0.000    
   33700  0.1135E-03  0.3367E-08 NODE        1818   0.0%   0.000       0.000       0.000       0.000       0.000      0.4706E+05   0.000    
   33800  0.1138E-03  0.3367E-08 NODE        1818   0.0%   0.000       0.000       0.000       0.000       0.000      0.4706E+05   0.000    
   33900  0.1142E-03  0.3367E-08 NODE        1818   0.0%   0.000       0.000       0.000       0.000       0.000      0.4706E+05   0.000    
   34000  0.1145E-03  0.3367E-08 NODE        1818   0.0%   0.000       0.000       0.000       0.000       0.000      0.4706E+05   0.000    
   34100  0.1148E-03  0.3367E-08 NODE        1818   0.0%   0.000       0.000       0.000       0.000       0.000      0.4706E+05   0.000    
   34200  0.1152E-03  0.3367E-08 NODE        1818   0.0%   0.000       0.000       0.000       0.000       0.000      0.4706E+05   0.000    
   34300  0.1155E-03  0.3367E-08 NODE        1818   0.0%   0.000       0.000       0.000       0.000       0.000      0.4706E+05   0.000    
   34400  0.1158E-03  0.3367E-08 NODE        1818   0.0%   0.000       0.000       0.000       0.000       0.000      0.4706E+05   0.000    
   34500  0.1162E-03  0.3367E-08 NODE        1818   0.0%   0.000       0.000       0.000       0.000       0.000      0.4706E+05   0.000    
   34600  0.1165E-03  0.3367E-08 NODE        1818   0.0%   0.000       0.000       0.000       0.000       0.000      0.4706E+05   0.000    
   34700  0.1168E-03  0.3367E-08 NODE        1818   0.0%   0.000       0.000       0.000       0.000       0.000      0.4706E+05   0.000    
   34800  0.1172E-03  0.3367E-08 NODE        1818   0.0%   0.000       0.000       0.000       0.000       0.000      0.4706E+05   0.000    
   34900  0.1175E-03  0.3367E-08 NODE        1818   0.0%   0.000       0.000       0.000       0.000       0.000      0.4706E+05   0.000    
   35000  0.1179E-03  0.3367E-08 NODE        1818   0.0%   0.000       0.000       0.000       0.000       0.000      0.4706E+05   0.000    
   35100  0.1182E-03  0.3367E-08 NODE        1818   0.0%   0.000       0.000       0.000       0.000       0.000      0.4706E+05   0.000    
   35200  0.1185E-03  0.3367E-08 NODE        1818   0.0%   0.000       0.000       0.000       0.000       0.000      0.4706E+05   0.000    
   35300  0.1189E-03  0.3367E-08 NODE        1818   0.0%   0.000       0.000       0.000       0.000       0.000      0.4706E+05   0.000    
   35400  0.1192E-03  0.3367E-08 NODE        1818   0.0%   0.000       0.000       0.000       0.000       0.000      0.4706E+05   0.000    
   35500  0.1195E-03  0.3367E-08 NODE        1818   0.0%   0.000       0.000       0.000       0.000       0.000      0.4706E+05   0.000    
   35600  0.1199E-03  0.3367E-08 NODE        1818   0.0%   0.000       0.000       0.000       0.000       0.000      0.4706E+05   0.000    
   35700  0.1202E-03  0.3367E-08 NODE        1818   0.0%   0.000       0.000       0.000       0.000       0.000      0.4706E+05   0.000    
   35800  0.1206E-03  0.3367E-08 NODE        1818   0.0%   0.000       0.000       0.000       0.000       0.000      0.4706E+05   0.000    
   35900  0.1209E-03  0.3367E-08 NODE        1818   0.0%   0.000       0.000       0.000       0.000       0.000      0.4706E+05   0.000    
   36000  0.1212E-03  0.3367E-08 NODE        1818   0.0%   0.000       0.000       0.000       0.000       0.000      0.4706E+05   0.000    
   36100  0.1216E-03  0.3367E-08 NODE        1818   0.0%   0.000       0.000       0.000       0.000       0.000      0.4706E+05   0.000    
   36200  0.1219E-03  0.3367E-08 NODE        1818   0.0%   0.000       0.000       0.000       0.000       0.000      0.4706E+05   0.000    
   36300  0.1222E-03  0.3367E-08 NODE        1818   0.0%   0.000       0.000       0.000       0.000       0.000      0.4706E+05   0.000    
   36400  0.1226E-03  0.3367E-08 NODE        1818   0.0%   0.000       0.000       0.000       0.000       0.000      0.4706E+05   0.000    
   36500  0.1229E-03  0.3367E-08 NODE        1818   0.0%   0.000       0.000       0.000       0.000       0.000      0.4706E+05   0.000    
   36600  0.1232E-03  0.3367E-08 NODE        1818   0.0%   0.000       0.000       0.000       0.000       0.000      0.4706E+05   0.000    
   36700  0.1236E-03  0.3367E-08 NODE        1818   0.0%   0.000       0.000       0.000       0.000       0.000      0.4706E+05   0.000    
   36800  0.1239E-03  0.3367E-08 NODE        1818   0.0%   0.000       0.000       0.000       0.000       0.000      0.4706E+05   0.000    
   36900  0.1243E-03  0.3367E-08 NODE        1818   0.0%   0.000       0.000       0.000       0.000       0.000      0.4706E+05   0.000    
   37000  0.1246E-03  0.3367E-08 NODE        1818   0.0%   0.000       0.000       0.000       0.000       0.000      0.4706E+05   0.000    
   37100  0.1249E-03  0.3367E-08 NODE        1818   0.0%   0.000       0.000       0.000       0.000       0.000      0.4706E+05   0.000    
   37200  0.1253E-03  0.3367E-08 NODE        1818   0.0%   0.000       0.000       0.000       0.000       0.000      0.4706E+05   0.000    
   37300  0.1256E-03  0.3367E-08 NODE        1818   0.0%   0.000       0.000       0.000       0.000       0.000      0.4706E+05   0.000    
   37400  0.1259E-03  0.3367E-08 NODE        1818   0.0%   0.000       0.000       0.000       0.000       0.000      0.4706E+05   0.000    
   37500  0.1263E-03  0.3367E-08 NODE        1818   0.0%   0.000       0.000       0.000       0.000       0.000      0.4706E+05   0.000    
   37600  0.1266E-03  0.3367E-08 NODE        1818   0.0%   0.000       0.000       0.000       0.000       0.000      0.4706E+05   0.000    
   37700  0.1270E-03  0.3367E-08 NODE        1818   0.0%   0.000       0.000       0.000       0.000       0.000      0.4706E+05   0.000    
   37800  0.1273E-03  0.3367E-08 NODE        1818   0.0%   0.000       0.000       0.000       0.000       0.000      0.4706E+05   0.000    
   37900  0.1276E-03  0.3367E-08 NODE        1818   0.0%   0.000       0.000       0.000       0.000       0.000      0.4706E+05   0.000    
   38000  0.1280E-03  0.3367E-08 NODE        1818   0.0%   0.000       0.000       0.000       0.000       0.000      0.4706E+05   0.000    
   38100  0.1283E-03  0.3367E-08 NODE        1818   0.0%   0.000       0.000       0.000       0.000       0.000      0.4706E+05   0.000    
   38200  0.1286E-03  0.3367E-08 NODE        1818   0.0%   0.000       0.000       0.000       0.000       0.000      0.4706E+05   0.000    
   38300  0.1290E-03  0.3367E-08 NODE        1818   0.0%   0.000       0.000       0.000       0.000       0.000      0.4706E+05   0.000    
   38400  0.1293E-03  0.3367E-08 NODE        1818   0.0%   0.000       0.000       0.000       0.000       0.000      0.4706E+05   0.000    
   38500  0.1296E-03  0.3367E-08 NODE        1818   0.0%   0.000       0.000       0.000       0.000       0.000      0.4706E+05   0.000    
   38600  0.1300E-03  0.3367E-08 NODE        1818   0.0%   0.000       0.000       0.000       0.000       0.000      0.4706E+05   0.000    
   38700  0.1303E-03  0.3367E-08 NODE        1818   0.0%   0.000       0.000       0.000       0.000       0.000      0.4706E+05   0.000    
   38800  0.1307E-03  0.3367E-08 NODE        1818   0.0%   0.000       0.000       0.000       0.000       0.000      0.4706E+05   0.000    
   38900  0.1310E-03  0.3367E-08 NODE        1818   0.0%   0.000       0.000       0.000       0.000       0.000      0.4706E+05   0.000    
   39000  0.1313E-03  0.3367E-08 NODE        1818   0.0%   0.000       0.000       0.000       0.000       0.000      0.4706E+05   0.000    
   39100  0.1317E-03  0.3367E-08 NODE        1818   0.0%   0.000       0.000       0.000       0.000       0.000      0.4706E+05   0.000    
   39200  0.1320E-03  0.3367E-08 NODE        1818   0.0%   0.000       0.000       0.000       0.000       0.000      0.4706E+05   0.000    
   39300  0.1323E-03  0.3367E-08 NODE        1818   0.0%   0.000       0.000       0.000       0.000       0.000      0.4706E+05   0.000    
   39400  0.1327E-03  0.3367E-08 NODE        1818   0.0%   0.000       0.000       0.000       0.000       0.000      0.4706E+05   0.000    
   39500  0.1330E-03  0.3367E-08 NODE        1818   0.0%   0.000       0.000       0.000       0.000       0.000      0.4706E+05   0.000    
   39600  0.1333E-03  0.3367E-08 NODE        1818   0.0%   0.000       0.000       0.000       0.000       0.000      0.4706E+05   0.000    
   39700  0.1337E-03  0.3367E-08 NODE        1818   0.0%   0.000       0.000       0.000       0.000       0.000      0.4706E+05   0.000    
   39800  0.1340E-03  0.3367E-08 NODE        1818   0.0%   0.000       0.000       0.000       0.000       0.000      0.4706E+05   0.000    
   39900  0.1344E-03  0.3367E-08 NODE        1818   0.0%   0.000       0.000       0.000       0.000       0.000      0.4706E+05   0.000    
   CYCLE    TIME      TIME-STEP  ELEMENT          ERROR  I-ENERGY    K-ENERGY T  K-ENERGY R  EXT-WORK     MAS.ERR     TOTAL MASS  MASS ADDED
   40000  0.1347E-03  0.3367E-08 NODE        1818   0.0%   0.000       0.000       0.000       0.000       0.000      0.4706E+05   0.000    
   40100  0.1350E-03  0.3367E-08 NODE        1818   0.0%   0.000       0.000       0.000       0.000       0.000      0.4706E+05   0.000    
   40200  0.1354E-03  0.3367E-08 NODE        1818   0.0%   0.000       0.000       0.000       0.000       0.000      0.4706E+05   0.000    
   40300  0.1357E-03  0.3367E-08 NODE        1818   0.0%   0.000       0.000       0.000       0.000       0.000      0.4706E+05   0.000    
   40400  0.1360E-03  0.3367E-08 NODE        1818   0.0%   0.000       0.000       0.000       0.000       0.000      0.4706E+05   0.000    
   40500  0.1364E-03  0.3367E-08 NODE        1818   0.0%   0.000       0.000       0.000       0.000       0.000      0.4706E+05   0.000    
   40600  0.1367E-03  0.3367E-08 NODE        1818   0.0%   0.000       0.000       0.000       0.000       0.000      0.4706E+05   0.000    
   40700  0.1371E-03  0.3367E-08 NODE        1818   0.0%   0.000       0.000       0.000       0.000       0.000      0.4706E+05   0.000    
   40800  0.1374E-03  0.3367E-08 NODE        1818   0.0%   0.000       0.000       0.000       0.000       0.000      0.4706E+05   0.000    
   40900  0.1377E-03  0.3367E-08 NODE        1818   0.0%   0.000       0.000       0.000       0.000       0.000      0.4706E+05   0.000    
   41000  0.1381E-03  0.3367E-08 NODE        1818   0.0%   0.000       0.000       0.000       0.000       0.000      0.4706E+05   0.000    
   41100  0.1384E-03  0.3367E-08 NODE        1818   0.0%   0.000       0.000       0.000       0.000       0.000      0.4706E+05   0.000    
   41200  0.1387E-03  0.3367E-08 NODE        1818   0.0%   0.000       0.000       0.000       0.000       0.000      0.4706E+05   0.000    
   41300  0.1391E-03  0.3367E-08 NODE        1818   0.0%   0.000       0.000       0.000       0.000       0.000      0.4706E+05   0.000    
   41400  0.1394E-03  0.3367E-08 NODE        1818   0.0%   0.000       0.000       0.000       0.000       0.000      0.4706E+05   0.000    
   41500  0.1397E-03  0.3367E-08 NODE        1818   0.0%   0.000       0.000       0.000       0.000       0.000      0.4706E+05   0.000    
   41600  0.1401E-03  0.3367E-08 NODE        1818   0.0%   0.000       0.000       0.000       0.000       0.000      0.4706E+05   0.000    
   41700  0.1404E-03  0.3367E-08 NODE        1818   0.0%   0.000       0.000       0.000       0.000       0.000      0.4706E+05   0.000    
   41800  0.1408E-03  0.3367E-08 NODE        1818   0.0%   0.000       0.000       0.000       0.000       0.000      0.4706E+05   0.000    
   41900  0.1411E-03  0.3367E-08 NODE        1818   0.0%   0.000       0.000       0.000       0.000       0.000      0.4706E+05   0.000    
   42000  0.1414E-03  0.3367E-08 NODE        1818   0.0%   0.000       0.000       0.000       0.000       0.000      0.4706E+05   0.000    
   42100  0.1418E-03  0.3367E-08 NODE        1818   0.0%   0.000       0.000       0.000       0.000       0.000      0.4706E+05   0.000    
   42200  0.1421E-03  0.3367E-08 NODE        1818   0.0%   0.000       0.000       0.000       0.000       0.000      0.4706E+05   0.000    
   42300  0.1424E-03  0.3367E-08 NODE        1818   0.0%   0.000       0.000       0.000       0.000       0.000      0.4706E+05   0.000    
   42400  0.1428E-03  0.3367E-08 NODE        1818   0.0%   0.000       0.000       0.000       0.000       0.000      0.4706E+05   0.000    
   42500  0.1431E-03  0.3367E-08 NODE        1818   0.0%   0.000       0.000       0.000       0.000       0.000      0.4706E+05   0.000    
   42600  0.1435E-03  0.3367E-08 NODE        1818   0.0%   0.000       0.000       0.000       0.000       0.000      0.4706E+05   0.000    
   42700  0.1438E-03  0.3367E-08 NODE        1818   0.0%   0.000       0.000       0.000       0.000       0.000      0.4706E+05   0.000    
   42800  0.1441E-03  0.3367E-08 NODE        1818   0.0%   0.000       0.000       0.000       0.000       0.000      0.4706E+05   0.000    
   42900  0.1445E-03  0.3367E-08 NODE        1818   0.0%   0.000       0.000       0.000       0.000       0.000      0.4706E+05   0.000    
   43000  0.1448E-03  0.3367E-08 NODE        1818   0.0%   0.000       0.000       0.000       0.000       0.000      0.4706E+05   0.000    
   43100  0.1451E-03  0.3367E-08 NODE        1818   0.0%   0.000       0.000       0.000       0.000       0.000      0.4706E+05   0.000    
   43200  0.1455E-03  0.3367E-08 NODE        1818   0.0%   0.000       0.000       0.000       0.000       0.000      0.4706E+05   0.000    
   43300  0.1458E-03  0.3367E-08 NODE        1818   0.0%   0.000       0.000       0.000       0.000       0.000      0.4706E+05   0.000    
   43400  0.1461E-03  0.3367E-08 NODE        1818   0.0%   0.000       0.000       0.000       0.000       0.000      0.4706E+05   0.000    
   43500  0.1465E-03  0.3367E-08 NODE        1818   0.0%   0.000       0.000       0.000       0.000       0.000      0.4706E+05   0.000    
   43600  0.1468E-03  0.3367E-08 NODE        1818   0.0%   0.000       0.000       0.000       0.000       0.000      0.4706E+05   0.000    
   43700  0.1472E-03  0.3367E-08 NODE        1818   0.0%   0.000       0.000       0.000       0.000       0.000      0.4706E+05   0.000    
   43800  0.1475E-03  0.3367E-08 NODE        1818   0.0%   0.000       0.000       0.000       0.000       0.000      0.4706E+05   0.000    
   43900  0.1478E-03  0.3367E-08 NODE        1818   0.0%   0.000       0.000       0.000       0.000       0.000      0.4706E+05   0.000    
   44000  0.1482E-03  0.3367E-08 NODE        1818   0.0%   0.000       0.000       0.000       0.000       0.000      0.4706E+05   0.000    
   44100  0.1485E-03  0.3367E-08 NODE        1818   0.0%   0.000       0.000       0.000       0.000       0.000      0.4706E+05   0.000    
   44200  0.1488E-03  0.3367E-08 NODE        1818   0.0%   0.000       0.000       0.000       0.000       0.000      0.4706E+05   0.000    
   44300  0.1492E-03  0.3367E-08 NODE        1818   0.0%   0.000       0.000       0.000       0.000       0.000      0.4706E+05   0.000    
   44400  0.1495E-03  0.3367E-08 NODE        1818   0.0%   0.000       0.000       0.000       0.000       0.000      0.4706E+05   0.000    
   44500  0.1498E-03  0.3367E-08 NODE        1818   0.0%   0.000       0.000       0.000       0.000       0.000      0.4706E+05   0.000    
   44600  0.1502E-03  0.3367E-08 NODE        1818   0.0%   0.000       0.000       0.000       0.000       0.000      0.4706E+05   0.000    
   44700  0.1505E-03  0.3367E-08 NODE        1818   0.0%   0.000       0.000       0.000       0.000       0.000      0.4706E+05   0.000    
   44800  0.1509E-03  0.3367E-08 NODE        1818   0.0%   0.000       0.000       0.000       0.000       0.000      0.4706E+05   0.000    
   44900  0.1512E-03  0.3367E-08 NODE        1818   0.0%   0.000       0.000       0.000       0.000       0.000      0.4706E+05   0.000    
   45000  0.1515E-03  0.3367E-08 NODE        1818   0.0%   0.000       0.000       0.000       0.000       0.000      0.4706E+05   0.000    
   45100  0.1519E-03  0.3367E-08 NODE        1818   0.0%   0.000       0.000       0.000       0.000       0.000      0.4706E+05   0.000    
   45200  0.1522E-03  0.3367E-08 NODE        1818   0.0%   0.000       0.000       0.000       0.000       0.000      0.4706E+05   0.000    
   45300  0.1525E-03  0.3367E-08 NODE        1818   0.0%   0.000       0.000       0.000       0.000       0.000      0.4706E+05   0.000    
   45400  0.1529E-03  0.3367E-08 NODE        1818   0.0%   0.000       0.000       0.000       0.000       0.000      0.4706E+05   0.000    
   45500  0.1532E-03  0.3367E-08 NODE        1818   0.0%   0.000       0.000       0.000       0.000       0.000      0.4706E+05   0.000    
   45600  0.1536E-03  0.3367E-08 NODE        1818   0.0%   0.000       0.000       0.000       0.000       0.000      0.4706E+05   0.000    
   45700  0.1539E-03  0.3367E-08 NODE        1818   0.0%   0.000       0.000       0.000       0.000       0.000      0.4706E+05   0.000    
   45800  0.1542E-03  0.3367E-08 NODE        1818   0.0%   0.000       0.000       0.000       0.000       0.000      0.4706E+05   0.000    
   45900  0.1546E-03  0.3367E-08 NODE        1818   0.0%   0.000       0.000       0.000       0.000       0.000      0.4706E+05   0.000    
   46000  0.1549E-03  0.3367E-08 NODE        1818   0.0%   0.000       0.000       0.000       0.000       0.000      0.4706E+05   0.000    
   46100  0.1552E-03  0.3367E-08 NODE        1818   0.0%   0.000       0.000       0.000       0.000       0.000      0.4706E+05   0.000    
   46200  0.1556E-03  0.3367E-08 NODE        1818   0.0%   0.000       0.000       0.000       0.000       0.000      0.4706E+05   0.000    
   46300  0.1559E-03  0.3367E-08 NODE        1818   0.0%   0.000       0.000       0.000       0.000       0.000      0.4706E+05   0.000    
   46400  0.1562E-03  0.3367E-08 NODE        1818   0.0%   0.000       0.000       0.000       0.000       0.000      0.4706E+05   0.000    
   46500  0.1566E-03  0.3367E-08 NODE        1818   0.0%   0.000       0.000       0.000       0.000       0.000      0.4706E+05   0.000    
   46600  0.1569E-03  0.3367E-08 NODE        1818   0.0%   0.000       0.000       0.000       0.000       0.000      0.4706E+05   0.000    
   46700  0.1573E-03  0.3367E-08 NODE        1818   0.0%   0.000       0.000       0.000       0.000       0.000      0.4706E+05   0.000    
   46800  0.1576E-03  0.3367E-08 NODE        1818   0.0%   0.000       0.000       0.000       0.000       0.000      0.4706E+05   0.000    
   46900  0.1579E-03  0.3367E-08 NODE        1818   0.0%   0.000       0.000       0.000       0.000       0.000      0.4706E+05   0.000    
   47000  0.1583E-03  0.3367E-08 NODE        1818   0.0%   0.000       0.000       0.000       0.000       0.000      0.4706E+05   0.000    
   47100  0.1586E-03  0.3367E-08 NODE        1818   0.0%   0.000       0.000       0.000       0.000       0.000      0.4706E+05   0.000    
   47200  0.1589E-03  0.3367E-08 NODE        1818   0.0%   0.000       0.000       0.000       0.000       0.000      0.4706E+05   0.000    
   47300  0.1593E-03  0.3367E-08 NODE        1818   0.0%   0.000       0.000       0.000       0.000       0.000      0.4706E+05   0.000    
   47400  0.1596E-03  0.3367E-08 NODE        1818   0.0%   0.000       0.000       0.000       0.000       0.000      0.4706E+05   0.000    
   47500  0.1600E-03  0.3367E-08 NODE        1818   0.0%   0.000       0.000       0.000       0.000       0.000      0.4706E+05   0.000    
   47600  0.1603E-03  0.3367E-08 NODE        1818   0.0%   0.000       0.000       0.000       0.000       0.000      0.4706E+05   0.000    
   47700  0.1606E-03  0.3367E-08 NODE        1818   0.0%   0.000       0.000       0.000       0.000       0.000      0.4706E+05   0.000    
   47800  0.1610E-03  0.3367E-08 NODE        1818   0.0%   0.000       0.000       0.000       0.000       0.000      0.4706E+05   0.000    
   47900  0.1613E-03  0.3367E-08 NODE        1818   0.0%   0.000       0.000       0.000       0.000       0.000      0.4706E+05   0.000    
   48000  0.1616E-03  0.3367E-08 NODE        1818   0.0%   0.000       0.000       0.000       0.000       0.000      0.4706E+05   0.000    
   48100  0.1620E-03  0.3367E-08 NODE        1818   0.0%   0.000       0.000       0.000       0.000       0.000      0.4706E+05   0.000    
   48200  0.1623E-03  0.3367E-08 NODE        1818   0.0%   0.000       0.000       0.000       0.000       0.000      0.4706E+05   0.000    
   48300  0.1626E-03  0.3367E-08 NODE        1818   0.0%   0.000       0.000       0.000       0.000       0.000      0.4706E+05   0.000    
   48400  0.1630E-03  0.3367E-08 NODE        1818   0.0%   0.000       0.000       0.000       0.000       0.000      0.4706E+05   0.000    
   48500  0.1633E-03  0.3367E-08 NODE        1818   0.0%   0.000       0.000       0.000       0.000       0.000      0.4706E+05   0.000    
   48600  0.1637E-03  0.3367E-08 NODE        1818   0.0%   0.000       0.000       0.000       0.000       0.000      0.4706E+05   0.000    
   48700  0.1640E-03  0.3367E-08 NODE        1818   0.0%   0.000       0.000       0.000       0.000       0.000      0.4706E+05   0.000    
   48800  0.1643E-03  0.3367E-08 NODE        1818   0.0%   0.000       0.000       0.000       0.000       0.000      0.4706E+05   0.000    
   48900  0.1647E-03  0.3367E-08 NODE        1818   0.0%   0.000       0.000       0.000       0.000       0.000      0.4706E+05   0.000    
   49000  0.1650E-03  0.3367E-08 NODE        1818   0.0%   0.000       0.000       0.000       0.000       0.000      0.4706E+05   0.000    
   49100  0.1653E-03  0.3367E-08 NODE        1818   0.0%   0.000       0.000       0.000       0.000       0.000      0.4706E+05   0.000    
   49200  0.1657E-03  0.3367E-08 NODE        1818   0.0%   0.000       0.000       0.000       0.000       0.000      0.4706E+05   0.000    
   49300  0.1660E-03  0.3367E-08 NODE        1818   0.0%   0.000       0.000       0.000       0.000       0.000      0.4706E+05   0.000    
   49400  0.1663E-03  0.3367E-08 NODE        1818   0.0%   0.000       0.000       0.000       0.000       0.000      0.4706E+05   0.000    
   49500  0.1667E-03  0.3367E-08 NODE        1818   0.0%   0.000       0.000       0.000       0.000       0.000      0.4706E+05   0.000    
   49600  0.1670E-03  0.3367E-08 NODE        1818   0.0%   0.000       0.000       0.000       0.000       0.000      0.4706E+05   0.000    
   49700  0.1674E-03  0.3367E-08 NODE        1818   0.0%   0.000       0.000       0.000       0.000       0.000      0.4706E+05   0.000    
   49800  0.1677E-03  0.3367E-08 NODE        1818   0.0%   0.000       0.000       0.000       0.000       0.000      0.4706E+05   0.000    
   49900  0.1680E-03  0.3367E-08 NODE        1818   0.0%   0.000       0.000       0.000       0.000       0.000      0.4706E+05   0.000    
   CYCLE    TIME      TIME-STEP  ELEMENT          ERROR  I-ENERGY    K-ENERGY T  K-ENERGY R  EXT-WORK     MAS.ERR     TOTAL MASS  MASS ADDED
   50000  0.1684E-03  0.3367E-08 NODE        1818   0.0%   0.000       0.000       0.000       0.000       0.000      0.4706E+05   0.000    
   50100  0.1687E-03  0.3367E-08 NODE        1818   0.0%   0.000       0.000       0.000       0.000       0.000      0.4706E+05   0.000    
   50200  0.1690E-03  0.3367E-08 NODE        1818   0.0%   0.000       0.000       0.000       0.000       0.000      0.4706E+05   0.000    
   50300  0.1694E-03  0.3367E-08 NODE        1818   0.0%   0.000       0.000       0.000       0.000       0.000      0.4706E+05   0.000    
   50400  0.1697E-03  0.3367E-08 NODE        1818   0.0%   0.000       0.000       0.000       0.000       0.000      0.4706E+05   0.000    
   50500  0.1701E-03  0.3367E-08 NODE        1818   0.0%   0.000       0.000       0.000       0.000       0.000      0.4706E+05   0.000    
   50600  0.1704E-03  0.3367E-08 NODE        1818   0.0%   0.000       0.000       0.000       0.000       0.000      0.4706E+05   0.000    
   50700  0.1707E-03  0.3367E-08 NODE        1818   0.0%   0.000       0.000       0.000       0.000       0.000      0.4706E+05   0.000    
   50800  0.1711E-03  0.3367E-08 NODE        1818   0.0%   0.000       0.000       0.000       0.000       0.000      0.4706E+05   0.000    
   50900  0.1714E-03  0.3367E-08 NODE        1818   0.0%   0.000       0.000       0.000       0.000       0.000      0.4706E+05   0.000    
   51000  0.1717E-03  0.3367E-08 NODE        1818   0.0%   0.000       0.000       0.000       0.000       0.000      0.4706E+05   0.000    
   51100  0.1721E-03  0.3367E-08 NODE        1818   0.0%   0.000       0.000       0.000       0.000       0.000      0.4706E+05   0.000    
   51200  0.1724E-03  0.3367E-08 NODE        1818   0.0%   0.000       0.000       0.000       0.000       0.000      0.4706E+05   0.000    
   51300  0.1727E-03  0.3367E-08 NODE        1818   0.0%   0.000       0.000       0.000       0.000       0.000      0.4706E+05   0.000    
   51400  0.1731E-03  0.3367E-08 NODE        1818   0.0%   0.000       0.000       0.000       0.000       0.000      0.4706E+05   0.000    
   51500  0.1734E-03  0.3367E-08 NODE        1818   0.0%   0.000       0.000       0.000       0.000       0.000      0.4706E+05   0.000    
   51600  0.1738E-03  0.3367E-08 NODE        1818   0.0%   0.000       0.000       0.000       0.000       0.000      0.4706E+05   0.000    
   51700  0.1741E-03  0.3367E-08 NODE        1818   0.0%   0.000       0.000       0.000       0.000       0.000      0.4706E+05   0.000    
   51800  0.1744E-03  0.3367E-08 NODE        1818   0.0%   0.000       0.000       0.000       0.000       0.000      0.4706E+05   0.000    
   51900  0.1748E-03  0.3367E-08 NODE        1818   0.0%   0.000       0.000       0.000       0.000       0.000      0.4706E+05   0.000    
   52000  0.1751E-03  0.3367E-08 NODE        1818   0.0%   0.000       0.000       0.000       0.000       0.000      0.4706E+05   0.000    
   52100  0.1754E-03  0.3367E-08 NODE        1818   0.0%   0.000       0.000       0.000       0.000       0.000      0.4706E+05   0.000    
   52200  0.1758E-03  0.3367E-08 NODE        1818   0.0%   0.000       0.000       0.000       0.000       0.000      0.4706E+05   0.000    
   52300  0.1761E-03  0.3367E-08 NODE        1818   0.0%   0.000       0.000       0.000       0.000       0.000      0.4706E+05   0.000    
   52400  0.1765E-03  0.3367E-08 NODE        1818   0.0%   0.000       0.000       0.000       0.000       0.000      0.4706E+05   0.000    
   52500  0.1768E-03  0.3367E-08 NODE        1818   0.0%   0.000       0.000       0.000       0.000       0.000      0.4706E+05   0.000    
   52600  0.1771E-03  0.3367E-08 NODE        1818   0.0%   0.000       0.000       0.000       0.000       0.000      0.4706E+05   0.000    
   52700  0.1775E-03  0.3367E-08 NODE        1818   0.0%   0.000       0.000       0.000       0.000       0.000      0.4706E+05   0.000    
   52800  0.1778E-03  0.3367E-08 NODE        1818   0.0%   0.000       0.000       0.000       0.000       0.000      0.4706E+05   0.000    
   52900  0.1781E-03  0.3367E-08 NODE        1818   0.0%   0.000       0.000       0.000       0.000       0.000      0.4706E+05   0.000    
   53000  0.1785E-03  0.3367E-08 NODE        1818   0.0%   0.000       0.000       0.000       0.000       0.000      0.4706E+05   0.000    
   53100  0.1788E-03  0.3367E-08 NODE        1818   0.0%   0.000       0.000       0.000       0.000       0.000      0.4706E+05   0.000    
   53200  0.1791E-03  0.3367E-08 NODE        1818   0.0%   0.000       0.000       0.000       0.000       0.000      0.4706E+05   0.000    
   53300  0.1795E-03  0.3367E-08 NODE        1818   0.0%   0.000       0.000       0.000       0.000       0.000      0.4706E+05   0.000    
   53400  0.1798E-03  0.3367E-08 NODE        1818   0.0%   0.000       0.000       0.000       0.000       0.000      0.4706E+05   0.000    
   53500  0.1802E-03  0.3367E-08 NODE        1818   0.0%   0.000       0.000       0.000       0.000       0.000      0.4706E+05   0.000    
   53600  0.1805E-03  0.3367E-08 NODE        1818   0.0%   0.000       0.000       0.000       0.000       0.000      0.4706E+05   0.000    
   53700  0.1808E-03  0.3367E-08 NODE        1818   0.0%   0.000       0.000       0.000       0.000       0.000      0.4706E+05   0.000    
   53800  0.1812E-03  0.3367E-08 NODE        1818   0.0%   0.000       0.000       0.000       0.000       0.000      0.4706E+05   0.000    
   53900  0.1815E-03  0.3367E-08 NODE        1818   0.0%   0.000       0.000       0.000       0.000       0.000      0.4706E+05   0.000    
   54000  0.1818E-03  0.3367E-08 NODE        1818   0.0%   0.000       0.000       0.000       0.000       0.000      0.4706E+05   0.000    
   54100  0.1822E-03  0.3367E-08 NODE        1818   0.0%   0.000       0.000       0.000       0.000       0.000      0.4706E+05   0.000    
   54200  0.1825E-03  0.3367E-08 NODE        1818   0.0%   0.000       0.000       0.000       0.000       0.000      0.4706E+05   0.000    
   54300  0.1828E-03  0.3367E-08 NODE        1818   0.0%   0.000       0.000       0.000       0.000       0.000      0.4706E+05   0.000    
   54400  0.1832E-03  0.3367E-08 NODE        1818   0.0%   0.000       0.000       0.000       0.000       0.000      0.4706E+05   0.000    
   54500  0.1835E-03  0.3367E-08 NODE        1818   0.0%   0.000       0.000       0.000       0.000       0.000      0.4706E+05   0.000    
   54600  0.1839E-03  0.3367E-08 NODE        1818   0.0%   0.000       0.000       0.000       0.000       0.000      0.4706E+05   0.000    
   54700  0.1842E-03  0.3367E-08 NODE        1818   0.0%   0.000       0.000       0.000       0.000       0.000      0.4706E+05   0.000    
   54800  0.1845E-03  0.3367E-08 NODE        1818   0.0%   0.000       0.000       0.000       0.000       0.000      0.4706E+05   0.000    
   54900  0.1849E-03  0.3367E-08 NODE        1818   0.0%   0.000       0.000       0.000       0.000       0.000      0.4706E+05   0.000    
   55000  0.1852E-03  0.3367E-08 NODE        1818   0.0%   0.000       0.000       0.000       0.000       0.000      0.4706E+05   0.000    
   55100  0.1855E-03  0.3367E-08 NODE        1818   0.0%   0.000       0.000       0.000       0.000       0.000      0.4706E+05   0.000    
   55200  0.1859E-03  0.3367E-08 NODE        1818   0.0%   0.000       0.000       0.000       0.000       0.000      0.4706E+05   0.000    
   55300  0.1862E-03  0.3367E-08 NODE        1818   0.0%   0.000       0.000       0.000       0.000       0.000      0.4706E+05   0.000    
   55400  0.1866E-03  0.3367E-08 NODE        1818   0.0%   0.000       0.000       0.000       0.000       0.000      0.4706E+05   0.000    
   55500  0.1869E-03  0.3367E-08 NODE        1818   0.0%   0.000       0.000       0.000       0.000       0.000      0.4706E+05   0.000    
   55600  0.1872E-03  0.3367E-08 NODE        1818   0.0%   0.000       0.000       0.000       0.000       0.000      0.4706E+05   0.000    
   55700  0.1876E-03  0.3367E-08 NODE        1818   0.0%   0.000       0.000       0.000       0.000       0.000      0.4706E+05   0.000    
   55800  0.1879E-03  0.3367E-08 NODE        1818   0.0%   0.000       0.000       0.000       0.000       0.000      0.4706E+05   0.000    
   55900  0.1882E-03  0.3367E-08 NODE        1818   0.0%   0.000       0.000       0.000       0.000       0.000      0.4706E+05   0.000    
   56000  0.1886E-03  0.3367E-08 NODE        1818   0.0%   0.000       0.000       0.000       0.000       0.000      0.4706E+05   0.000    
   56100  0.1889E-03  0.3367E-08 NODE        1818   0.0%   0.000       0.000       0.000       0.000       0.000      0.4706E+05   0.000    
   56200  0.1892E-03  0.3367E-08 NODE        1818   0.0%   0.000       0.000       0.000       0.000       0.000      0.4706E+05   0.000    
   56300  0.1896E-03  0.3367E-08 NODE        1818   0.0%   0.000       0.000       0.000       0.000       0.000      0.4706E+05   0.000    
   56400  0.1899E-03  0.3367E-08 NODE        1818   0.0%   0.000       0.000       0.000       0.000       0.000      0.4706E+05   0.000    
   56500  0.1903E-03  0.3367E-08 NODE        1818   0.0%   0.000       0.000       0.000       0.000       0.000      0.4706E+05   0.000    
   56600  0.1906E-03  0.3367E-08 NODE        1818   0.0%   0.000       0.000       0.000       0.000       0.000      0.4706E+05   0.000    
   56700  0.1909E-03  0.3367E-08 NODE        1818   0.0%   0.000       0.000       0.000       0.000       0.000      0.4706E+05   0.000    
   56800  0.1913E-03  0.3367E-08 NODE        1818   0.0%   0.000       0.000       0.000       0.000       0.000      0.4706E+05   0.000    
   56900  0.1916E-03  0.3367E-08 NODE        1818   0.0%   0.000       0.000       0.000       0.000       0.000      0.4706E+05   0.000    
   57000  0.1919E-03  0.3367E-08 NODE        1818   0.0%   0.000       0.000       0.000       0.000       0.000      0.4706E+05   0.000    
   57100  0.1923E-03  0.3367E-08 NODE        1818   0.0%   0.000       0.000       0.000       0.000       0.000      0.4706E+05   0.000    
   57200  0.1926E-03  0.3367E-08 NODE        1818   0.0%   0.000       0.000       0.000       0.000       0.000      0.4706E+05   0.000    
   57300  0.1930E-03  0.3367E-08 NODE        1818   0.0%   0.000       0.000       0.000       0.000       0.000      0.4706E+05   0.000    
   57400  0.1933E-03  0.3367E-08 NODE        1818   0.0%   0.000       0.000       0.000       0.000       0.000      0.4706E+05   0.000    
   57500  0.1936E-03  0.3367E-08 NODE        1818   0.0%   0.000       0.000       0.000       0.000       0.000      0.4706E+05   0.000    
   57600  0.1940E-03  0.3367E-08 NODE        1818   0.0%   0.000       0.000       0.000       0.000       0.000      0.4706E+05   0.000    
   57700  0.1943E-03  0.3367E-08 NODE        1818   0.0%   0.000       0.000       0.000       0.000       0.000      0.4706E+05   0.000    
   57800  0.1946E-03  0.3367E-08 NODE        1818   0.0%   0.000       0.000       0.000       0.000       0.000      0.4706E+05   0.000    
   57900  0.1950E-03  0.3367E-08 NODE        1818   0.0%   0.000       0.000       0.000       0.000       0.000      0.4706E+05   0.000    
   58000  0.1953E-03  0.3367E-08 NODE        1818   0.0%   0.000       0.000       0.000       0.000       0.000      0.4706E+05   0.000    
   58100  0.1956E-03  0.3367E-08 NODE        1818   0.0%   0.000       0.000       0.000       0.000       0.000      0.4706E+05   0.000    
   58200  0.1960E-03  0.3367E-08 NODE        1818   0.0%   0.000       0.000       0.000       0.000       0.000      0.4706E+05   0.000    
   58300  0.1963E-03  0.3367E-08 NODE        1818   0.0%   0.000       0.000       0.000       0.000       0.000      0.4706E+05   0.000    
   58400  0.1967E-03  0.3367E-08 NODE        1818   0.0%   0.000       0.000       0.000       0.000       0.000      0.4706E+05   0.000    
   58500  0.1970E-03  0.3367E-08 NODE        1818   0.0%   0.000       0.000       0.000       0.000       0.000      0.4706E+05   0.000    
   58600  0.1973E-03  0.3367E-08 NODE        1818   0.0%   0.000       0.000       0.000       0.000       0.000      0.4706E+05   0.000    
   58700  0.1977E-03  0.3367E-08 NODE        1818   0.0%   0.000       0.000       0.000       0.000       0.000      0.4706E+05   0.000    
   58800  0.1980E-03  0.3367E-08 NODE        1818   0.0%   0.000       0.000       0.000       0.000       0.000      0.4706E+05   0.000    
   58900  0.1983E-03  0.3367E-08 NODE        1818   0.0%   0.000       0.000       0.000       0.000       0.000      0.4706E+05   0.000    
   59000  0.1987E-03  0.3367E-08 NODE        1818   0.0%   0.000       0.000       0.000       0.000       0.000      0.4706E+05   0.000    
   59100  0.1990E-03  0.3367E-08 NODE        1818   0.0%   0.000       0.000       0.000       0.000       0.000      0.4706E+05   0.000    
   59200  0.1993E-03  0.3367E-08 NODE        1818   0.0%   0.000       0.000       0.000       0.000       0.000      0.4706E+05   0.000    
   59300  0.1997E-03  0.3367E-08 NODE        1818   0.0%   0.000       0.000       0.000       0.000       0.000      0.4706E+05   0.000    
   59400  0.2000E-03  0.3367E-08 NODE        1818   0.0%   0.000       0.000       0.000       0.000       0.000      0.4706E+05   0.000    
   59500  0.2004E-03  0.3367E-08 NODE        1818   0.0%   0.000       0.000       0.000       0.000       0.000      0.4706E+05   0.000    
   59600  0.2007E-03  0.3367E-08 NODE        1818   0.0%   0.000       0.000       0.000       0.000       0.000      0.4706E+05   0.000    
   59700  0.2010E-03  0.3367E-08 NODE        1818   0.0%   0.000       0.000       0.000       0.000       0.000      0.4706E+05   0.000    
   59800  0.2014E-03  0.3367E-08 NODE        1818   0.0%   0.000       0.000       0.000       0.000       0.000      0.4706E+05   0.000    
   59900  0.2017E-03  0.3367E-08 NODE        1818   0.0%   0.000       0.000       0.000       0.000       0.000      0.4706E+05   0.000    
   CYCLE    TIME      TIME-STEP  ELEMENT          ERROR  I-ENERGY    K-ENERGY T  K-ENERGY R  EXT-WORK     MAS.ERR     TOTAL MASS  MASS ADDED
   60000  0.2020E-03  0.3367E-08 NODE        1818   0.0%   0.000       0.000       0.000       0.000       0.000      0.4706E+05   0.000    
   60100  0.2024E-03  0.3367E-08 NODE        1818   0.0%   0.000       0.000       0.000       0.000       0.000      0.4706E+05   0.000    
   60200  0.2027E-03  0.3367E-08 NODE        1818   0.0%   0.000       0.000       0.000       0.000       0.000      0.4706E+05   0.000    
   60300  0.2031E-03  0.3367E-08 NODE        1818   0.0%   0.000       0.000       0.000       0.000       0.000      0.4706E+05   0.000    
   60400  0.2034E-03  0.3367E-08 NODE        1818   0.0%   0.000       0.000       0.000       0.000       0.000      0.4706E+05   0.000    
   60500  0.2037E-03  0.3367E-08 NODE        1818   0.0%   0.000       0.000       0.000       0.000       0.000      0.4706E+05   0.000    
   60600  0.2041E-03  0.3367E-08 NODE        1818   0.0%   0.000       0.000       0.000       0.000       0.000      0.4706E+05   0.000    
   60700  0.2044E-03  0.3367E-08 NODE        1818   0.0%   0.000       0.000       0.000       0.000       0.000      0.4706E+05   0.000    
   60800  0.2047E-03  0.3367E-08 NODE        1818   0.0%   0.000       0.000       0.000       0.000       0.000      0.4706E+05   0.000    
   60900  0.2051E-03  0.3367E-08 NODE        1818   0.0%   0.000       0.000       0.000       0.000       0.000      0.4706E+05   0.000    
   61000  0.2054E-03  0.3367E-08 NODE        1818   0.0%   0.000       0.000       0.000       0.000       0.000      0.4706E+05   0.000    
   61100  0.2057E-03  0.3367E-08 NODE        1818   0.0%   0.000       0.000       0.000       0.000       0.000      0.4706E+05   0.000    
   61200  0.2061E-03  0.3367E-08 NODE        1818   0.0%   0.000       0.000       0.000       0.000       0.000      0.4706E+05   0.000    
   61300  0.2064E-03  0.3367E-08 NODE        1818   0.0%   0.000       0.000       0.000       0.000       0.000      0.4706E+05   0.000    
   61400  0.2068E-03  0.3367E-08 NODE        1818   0.0%   0.000       0.000       0.000       0.000       0.000      0.4706E+05   0.000    
   61500  0.2071E-03  0.3367E-08 NODE        1818   0.0%   0.000       0.000       0.000       0.000       0.000      0.4706E+05   0.000    
   61600  0.2074E-03  0.3367E-08 NODE        1818   0.0%   0.000       0.000       0.000       0.000       0.000      0.4706E+05   0.000    
   61700  0.2078E-03  0.3367E-08 NODE        1818   0.0%   0.000       0.000       0.000       0.000       0.000      0.4706E+05   0.000    
   61800  0.2081E-03  0.3367E-08 NODE        1818   0.0%   0.000       0.000       0.000       0.000       0.000      0.4706E+05   0.000    
   61900  0.2084E-03  0.3367E-08 NODE        1818   0.0%   0.000       0.000       0.000       0.000       0.000      0.4706E+05   0.000    
   62000  0.2088E-03  0.3367E-08 NODE        1818   0.0%   0.000       0.000       0.000       0.000       0.000      0.4706E+05   0.000    
   62100  0.2091E-03  0.3367E-08 NODE        1818   0.0%   0.000       0.000       0.000       0.000       0.000      0.4706E+05   0.000    
   62200  0.2095E-03  0.3367E-08 NODE        1818   0.0%   0.000       0.000       0.000       0.000       0.000      0.4706E+05   0.000    
   62300  0.2098E-03  0.3367E-08 NODE        1818   0.0%   0.000       0.000       0.000       0.000       0.000      0.4706E+05   0.000    
   62400  0.2101E-03  0.3367E-08 NODE        1818   0.0%   0.000       0.000       0.000       0.000       0.000      0.4706E+05   0.000    
   62500  0.2105E-03  0.3367E-08 NODE        1818   0.0%   0.000       0.000       0.000       0.000       0.000      0.4706E+05   0.000    
   62600  0.2108E-03  0.3367E-08 NODE        1818   0.0%   0.000       0.000       0.000       0.000       0.000      0.4706E+05   0.000    
   62700  0.2111E-03  0.3367E-08 NODE        1818   0.0%   0.000       0.000       0.000       0.000       0.000      0.4706E+05   0.000    
   62800  0.2115E-03  0.3367E-08 NODE        1818   0.0%   0.000       0.000       0.000       0.000       0.000      0.4706E+05   0.000    
   62900  0.2118E-03  0.3367E-08 NODE        1818   0.0%   0.000       0.000       0.000       0.000       0.000      0.4706E+05   0.000    
   63000  0.2121E-03  0.3367E-08 NODE        1818   0.0%   0.000       0.000       0.000       0.000       0.000      0.4706E+05   0.000    
   63100  0.2125E-03  0.3367E-08 NODE        1818   0.0%   0.000       0.000       0.000       0.000       0.000      0.4706E+05   0.000    
   63200  0.2128E-03  0.3367E-08 NODE        1818   0.0%   0.000       0.000       0.000       0.000       0.000      0.4706E+05   0.000    
   63300  0.2132E-03  0.3367E-08 NODE        1818   0.0%   0.000       0.000       0.000       0.000       0.000      0.4706E+05   0.000    
   63400  0.2135E-03  0.3367E-08 NODE        1818   0.0%   0.000       0.000       0.000       0.000       0.000      0.4706E+05   0.000    
   63500  0.2138E-03  0.3367E-08 NODE        1818   0.0%   0.000       0.000       0.000       0.000       0.000      0.4706E+05   0.000    
   63600  0.2142E-03  0.3367E-08 NODE        1818   0.0%   0.000       0.000       0.000       0.000       0.000      0.4706E+05   0.000    
   63700  0.2145E-03  0.3367E-08 NODE        1818   0.0%   0.000       0.000       0.000       0.000       0.000      0.4706E+05   0.000    
   63800  0.2148E-03  0.3367E-08 NODE        1818   0.0%   0.000       0.000       0.000       0.000       0.000      0.4706E+05   0.000    
   63900  0.2152E-03  0.3367E-08 NODE        1818   0.0%   0.000       0.000       0.000       0.000       0.000      0.4706E+05   0.000    
   64000  0.2155E-03  0.3367E-08 NODE        1818   0.0%   0.000       0.000       0.000       0.000       0.000      0.4706E+05   0.000    
   64100  0.2158E-03  0.3367E-08 NODE        1818   0.0%   0.000       0.000       0.000       0.000       0.000      0.4706E+05   0.000    
   64200  0.2162E-03  0.3367E-08 NODE        1818   0.0%   0.000       0.000       0.000       0.000       0.000      0.4706E+05   0.000    
