************************************************************************
**                                                                    **
**                                                                    **
**                         OpenRadioss Engine                         **
**                                                                    **
**            Non-linear Finite Element Analysis Software             **
**                                                                    **
**                                                                    **
**                                                                    **
**                  Windows 64 bits, Intel compiler                   **
**                      Double Precision Version                      **
**                                                                    **
**                                                                    **
**                                                                    **
************************************************************************
** OpenRadioss Software                                               **
** COPYRIGHT (C) 2026 Siemens                                         **
** Licensed under GNU Affero General Public License.                  **
** See License file.                                                  **
************************************************************************
 
 ROOT: A10_K01_DT010  RESTART: 0001
 NUMBER OF HMPP PROCESSES     2
 07/10/2026
     ANIMATION FILE: A10_K01_DT010A001 WRITTEN
     ANIMATION FILE: A10_K01_DT010A002 WRITTEN
     ANIMATION FILE: A10_K01_DT010A003 WRITTEN
     ANIMATION FILE: A10_K01_DT010A004 WRITTEN
     ANIMATION FILE: A10_K01_DT010A005 WRITTEN
     ANIMATION FILE: A10_K01_DT010A006 WRITTEN
     ANIMATION FILE: A10_K01_DT010A007 WRITTEN
     ANIMATION FILE: A10_K01_DT010A008 WRITTEN
     RESTART FILES: A10_K01_DT010_0001_[0001-0001].rst WRITTEN
     ANIMATION FILE: A10_K01_DT010A009 WRITTEN
  
                           ** CPU USER TIME **
  
  
                        ** SUMMARY **
  
 #PROC  CONTSORT  CONTFOR   ELEMENT   KINCOND   INTEG     IO        T0        ASM       RESOL    
   1   .3125E-01 .0000E+00 .3125E-01 .1562E-01 .4688E-01 .1094E+00 .0000E+00 .1562E-01 .3438E+00
 
                   ** CUMULATIVE CPU TIME SUMMARY **
  
 CONTACT SORTING.............: .3125E-01     9.09 % 
 CONTACT FORCES..............: .0000E+00     0.00 % 
 ELEMENT FORCES..............: .3125E-01     9.09 % 
 KINEMATIC COND..............: .1562E-01     4.55 % 
 INTEGRATION.................: .4688E-01    13.64 % 
 ASSEMBLING..................: .1562E-01     4.55 % 
 OTHERS (including I/O)......: .2031E+00    59.09 % 
 TOTAL.......................: .3438E+00   100.00 % 
  
                   ** MEMORY USAGE STATISTICS **
  
 TOTAL MEMORY USED .........................:       48 MB
 MAXIMUM MEMORY PER PROCESSOR...............:       48 MB
 MINIMUM MEMORY PER PROCESSOR...............:       48 MB
 AVERAGE MEMORY PER PROCESSOR...............:       48 MB
  
                   ** DISK USAGE STATISTICS **
  
 TOTAL DISK SPACE USED .....................:          0 MB
 ANIMATION/H3D/TH/OUTP SIZE ................:          0 MB
 RESTART FILE SIZE .........................:          0 MB
  
 ELAPSED TIME     =          0.21 s
                          0:00:00
  
     NORMAL TERMINATION      
     TOTAL NUMBER OF CYCLES  :    1312
