 A23_REFERENCE_EXTENSION_0001.out
************************************************************************
**                                                                    **
**                                                                    **
**                         OpenRadioss Engine                         **
**                                                                    **
**            Non-linear Finite Element Analysis Software             **
**                                                                    **
**                                                                    **
**                                                                    **
**                  Windows 64 bits, Intel compiler                   **
**                      Double Precision Version                      **
**                                                                    **
**                                                                    **
**                                                                    **
************************************************************************
** OpenRadioss Software                                               **
** COPYRIGHT (C) 2026 Siemens                                         **
** Licensed under GNU Affero General Public License.                  **
** See License file.                                                  **
************************************************************************
 
 NUMBER OF SPMD DOMAINS           1
 NUMBER OF THREADS PER DOMAIN     1
 NUMBER OF HMPP PROCESSES         1
  
 COMPUTATION HARDWARE DESCRIPTION
  
 HOSTNAME     CPU TYPE, FREQUENCY AND MEMORY
 jeux   AMD Ryzen 5 5600 6-Core Processor               (x86_64), 3700 MHz,   7240 MB RAM,  19241 MB swap
  
 STACKSIZE  . . . . . . . . . . . . . . . . . . . . 1430 MB
 THREAD STACKSIZE . . . . . . . . . . . . . . . . . 400 MB
 
************************************************************************


 A23_REFERENCE_EXTENSIOND01                                                      


 FINAL TIME . . . . . . . . . . . . . . . . . . .   1.000000    

 TIME INTERVAL FOR TIME HISTORY PLOTS . . . . . .  0.1000000E-02

 TIME STEP SCALE FACTOR . . . . . . . . . . . . .  0.4000000    

 MINIMUM TIME STEP  . . . . . . . . . . . . . . .   0.000000    


 BRICK TIME STEP SCALE FACTOR . . . . . . . . . .  0.4000000    
 BRICK MINIMUM TIME STEP. . . . . . . . . . . . .   0.000000    
 MIN. TIME STEP FLAG (1:STOP RUN, 2:DELETE BRICK)     1

 QUAD TIME STEP SCALE FACTOR. . . . . . . . . . .  0.4000000    
 QUAD MINIMUM TIME STEP . . . . . . . . . . . . .   0.000000    
 MIN. TIME STEP FLAG (1:STOP RUN, 2:DELETE QUAD).     1

 SHELL TIME STEP SCALE FACTOR . . . . . . . . . .  0.4000000    
 SHELL MINIMUM TIME STEP. . . . . . . . . . . . .   0.000000    
 MIN. TIME FLAG (1:STOP, 2:DELETE, 3:SMALL STRAIN)    2

 TRUSS TIME STEP SCALE FACTOR . . . . . . . . . .  0.4000000    
 TRUSS MINIMUM TIME STEP. . . . . . . . . . . . .   0.000000    
 MIN. TIME FLAG (1:STOP, 2:DELETE). . . . . . . .     0

 BEAM TIME STEP SCALE FACTOR. . . . . . . . . . .  0.4000000    
 BEAM MINIMUM TIME STEP . . . . . . . . . . . . .   0.000000    
 MIN. TIME FLAG (1:STOP, 2:DELETE). . . . . . . .     0

 SPRING TIME STEP SCALE FACTOR. . . . . . . . . .  0.4000000    
 SPRING MINIMUM TIME STEP . . . . . . . . . . . .   0.000000    
 MIN. TIME FLAG (1:STOP, 2:DELETE). . . . . . . .     0

 AIRBAG TIME STEP SCALE FACTOR. . . . . . . . . .  0.4000000    
 AIRBAG MINIMUM TIME STEP . . . . . . . . . . . .   0.000000    
 MIN. TIME FLAG (1:STOP). . . . . . . . . . . . .     0

 CONTACT TIME STEP SCALE FACTOR . . . . . . . . .  0.4000000    
 CONTACT MINIMUM TIME STEP. . . . . . . . . . . .   0.000000    
 MIN. TIME FLAG(1:STOP, 2:REMOVE NODE FROM INTERF)    0

 PRINTOUT CYCLE FREQUENCY . . . . . . . . . . . .  -100

 RESTART CYCLE FREQUENCY. . . . . . . . . . . . .   10000000

 MAXIMUM RESTART WRITE BEFORE OVERWRITE . . . . .     0

 INVERS: INPUT DECK VERSION . . . . . . . . . . .  2026
 ITTYP : FLAG FOR TYPE OF T-FILE. . . . . . . . .     4

 INITIAL TIME STEP. . . . . . . . . . . . . . . .  0.2500000E-04
 MAXIMUM TIME STEP. . . . . . . . . . . . . . . .  0.2500000E-04

 PARALLEL ARITHMETIC ON
 NUMBER OF INTERFACES TO BE ELIMINATED. . . . . .        0

 NUMBER OF PARTS TO BE ELIMINATED . . . . . . . .        0

 NUMBER OF SOLID  ELEMENT BLOCKS TO BE ELIMINATED        0

 NUMBER OF QUAD   ELEMENT BLOCKS TO BE ELIMINATED        0

 NUMBER OF SHELL  ELEMENT BLOCKS TO BE ELIMINATED        0

 NUMBER OF TRUSS  ELEMENT BLOCKS TO BE ELIMINATED        0

 NUMBER OF BEAM   ELEMENT BLOCKS TO BE ELIMINATED        0

 NUMBER OF SPRING ELEMENT BLOCKS TO BE ELIMINATED        0

 NUMBER OF SH_3N  ELEMENT BLOCKS TO BE ELIMINATED        0

 NUMBER OF  SPH PARTICLES BLOCKS TO BE ELIMINATED        0

 NUMBER OF RIGID LINKS. . . . . . . . . . . . . .        0

 NUMBER OF NEW BOUNDARY CONDITIONS. . . . . . . .        0


 TIME FOR FIRST ANIMATION-FILE PLOT . . . . . . .   0.000000    
 TIME INTERVAL FOR ANIMATION-FILE PLOTS . . . . .  0.2500000E-01
 TIME TO STOP ANIMATION-FILE PLOTS. . . . . . . .  0.1000000E+21
 SENSOR FOR ANIMATION-FILE PLOTS. . . . . . . . .          0
 TIME INTERVAL FOR SENSOR ANIMATION-FILE PLOTS. .   0.000000    

 VARIABLE SAVED ON ANIMATION FILES (1: YES) :
      PLASTIC STRAIN. . . . . .     0
      DENSITY     (SOLID ONLY).     0
      SPECIFIC ENERGY . . . . .     1
      HOURGLASS ENERGY. . . . .     0
      TEMPERATURE (SOLID ONLY).     0
      THICKNESS   (SHELL ONLY).     0
      PRESSURE    (SOLID ONLY).     0
      VON MISES . . . . . . . .     0
      TURBULENT ENERGY (FLUID).     0
      TURBULENT VISCOSITY(FLUID)    0
      VORTICITY (FLUID) . . . .     0
 NODAL VALUES SAVED ON ANIMATION FILES (1: YES) :
      PRESSURE. . . . . . . . .     0
      DENSITY . . . . . . . . .     0
      TEMPERATURE . . . . . . .     0
 VECTOR SAVED ON ANIMATION FILES (1: YES) :
      VELOCITY VECTOR . . . . .     1
      DISPLACEMENT VECTOR . . .     1
      ACCELERATION VECTOR . . .     0
      CONTACT FORCES. . . . . .     0
      INTERNAL FORCES . . . . .     0
      EXTERNAL FORCES . . . . .     0
      SECTION RBY RWALL FORCES.     0
      ROTATIONAL VELOCITY VECTOR    0
      CONTACT PRESSURE (VECTORS)    0
 SHELL TENSOR SAVED ON ANIMATION FILES (1: YES) :
      MEMBRANE STRESS . . . . .     0
      BENDING STRESS(MOMENT/T^2)    0
      UPPER LAYER STRESS. . . .     0
      LOWER LAYER STRESS. . . .     0
      MEMBRANE STRAIN . . . . .     0
      CURVATURE . . . . . . . .     0
      UPPER LAYER STRAIN. . . .     0
      LOWER LAYER STRAIN. . . .     0
 NODAL MASS SAVED ON ANIMATION FILES (1: YES) :    1
 KEEP DELETED ELEMENT (1: YES) :    0


 10/10/2026
   CYCLE    TIME      TIME-STEP  ELEMENT          ERROR  I-ENERGY    K-ENERGY T  K-ENERGY R  EXT-WORK     MAS.ERR     TOTAL MASS  MASS ADDED
       0   0.000      0.2500E-04 SHELL          4   0.0%   0.000       0.000       0.000       0.000       0.000      0.3604       0.000    
     ANIMATION FILE: A23_REFERENCE_EXTENSIONA001 WRITTEN
     100  0.2500E-02  0.2500E-04 SHELL          4  -0.0%  0.1150E-09  0.5210E-09   0.000      0.6362E-09   0.000      0.3604       0.000    
     200  0.5000E-02  0.2500E-04 SHELL          4  -0.0%  0.1833E-08  0.2074E-08   0.000      0.3907E-08   0.000      0.3604       0.000    
     300  0.7500E-02  0.2500E-04 SHELL          4  -0.0%  0.9251E-08  0.4642E-08   0.000      0.1389E-07   0.000      0.3604       0.000    
     400  0.1000E-01  0.2500E-04 SHELL          4  -0.0%  0.2914E-07  0.8211E-08   0.000      0.3735E-07   0.000      0.3604       0.000    
     500  0.1250E-01  0.2500E-04 SHELL          4  -0.0%  0.7090E-07  0.1277E-07   0.000      0.8367E-07   0.000      0.3604       0.000    
     600  0.1500E-01  0.2500E-04 SHELL          4  -0.0%  0.1465E-06  0.1829E-07   0.000      0.1648E-06   0.000      0.3604       0.000    
     700  0.1750E-01  0.2500E-04 SHELL          4  -0.0%  0.2706E-06  0.2477E-07   0.000      0.2953E-06   0.000      0.3604       0.000    
     800  0.2000E-01  0.2500E-04 SHELL          4  -0.0%  0.4600E-06  0.3218E-07   0.000      0.4922E-06   0.000      0.3604       0.000    
     900  0.2250E-01  0.2500E-04 SHELL          4  -0.0%  0.7343E-06  0.4053E-07   0.000      0.7749E-06   0.000      0.3604       0.000    
    1000  0.2500E-01  0.2500E-04 SHELL          4  -0.0%  0.1115E-05  0.4978E-07   0.000      0.1165E-05   0.000      0.3604       0.000    
     ANIMATION FILE: A23_REFERENCE_EXTENSIONA002 WRITTEN
    1100  0.2750E-01  0.2500E-04 SHELL          4  -0.0%  0.1628E-05  0.5992E-07   0.000      0.1688E-05   0.000      0.3604       0.000    
    1200  0.3000E-01  0.2500E-04 SHELL          4  -0.0%  0.2297E-05  0.7095E-07   0.000      0.2368E-05   0.000      0.3604       0.000    
    1300  0.3250E-01  0.2500E-04 SHELL          4  -0.0%  0.3154E-05  0.8283E-07   0.000      0.3236E-05   0.000      0.3604       0.000    
    1400  0.3500E-01  0.2500E-04 SHELL          4  -0.0%  0.4227E-05  0.9557E-07   0.000      0.4323E-05   0.000      0.3604       0.000    
    1500  0.3750E-01  0.2500E-04 SHELL          4  -0.0%  0.5552E-05  0.1091E-06   0.000      0.5661E-05   0.000      0.3604       0.000    
    1600  0.4000E-01  0.2500E-04 SHELL          4  -0.0%  0.7162E-05  0.1235E-06   0.000      0.7286E-05   0.000      0.3604       0.000    
    1700  0.4250E-01  0.2500E-04 SHELL          4  -0.0%  0.9097E-05  0.1387E-06   0.000      0.9235E-05   0.000      0.3604       0.000    
    1800  0.4500E-01  0.2500E-04 SHELL          4  -0.0%  0.1139E-04  0.1547E-06   0.000      0.1155E-04   0.000      0.3604       0.000    
    1900  0.4750E-01  0.2500E-04 SHELL          4  -0.0%  0.1410E-04  0.1715E-06   0.000      0.1427E-04   0.000      0.3604       0.000    
    2000  0.5000E-01  0.2500E-04 SHELL          4  -0.0%  0.1725E-04  0.1890E-06   0.000      0.1744E-04   0.000      0.3604       0.000    
     ANIMATION FILE: A23_REFERENCE_EXTENSIONA003 WRITTEN
    2100  0.5250E-01  0.2500E-04 SHELL          4  -0.0%  0.2089E-04  0.2073E-06   0.000      0.2110E-04   0.000      0.3604       0.000    
    2200  0.5500E-01  0.2500E-04 SHELL          4  -0.0%  0.2508E-04  0.2263E-06   0.000      0.2530E-04   0.000      0.3604       0.000    
    2300  0.5750E-01  0.2500E-04 SHELL          4  -0.0%  0.2985E-04  0.2461E-06   0.000      0.3010E-04   0.000      0.3604       0.000    
    2400  0.6000E-01  0.2500E-04 SHELL          4  -0.0%  0.3527E-04  0.2665E-06   0.000      0.3554E-04   0.000      0.3604       0.000    
    2500  0.6250E-01  0.2500E-04 SHELL          4  -0.0%  0.4139E-04  0.2876E-06   0.000      0.4167E-04   0.000      0.3604       0.000    
    2600  0.6500E-01  0.2500E-04 SHELL          4  -0.0%  0.4825E-04  0.3094E-06   0.000      0.4856E-04   0.000      0.3604       0.000    
    2700  0.6750E-01  0.2500E-04 SHELL          4  -0.0%  0.5591E-04  0.3319E-06   0.000      0.5625E-04   0.000      0.3604       0.000    
    2800  0.7000E-01  0.2500E-04 SHELL          4  -0.0%  0.6444E-04  0.3551E-06   0.000      0.6480E-04   0.000      0.3604       0.000    
    2900  0.7250E-01  0.2500E-04 SHELL          4  -0.0%  0.7389E-04  0.3788E-06   0.000      0.7427E-04   0.000      0.3604       0.000    
    3000  0.7500E-01  0.2500E-04 SHELL          4  -0.0%  0.8433E-04  0.4032E-06   0.000      0.8473E-04   0.000      0.3604       0.000    
     ANIMATION FILE: A23_REFERENCE_EXTENSIONA004 WRITTEN
    3100  0.7750E-01  0.2500E-04 SHELL          4  -0.0%  0.9581E-04  0.4282E-06   0.000      0.9624E-04   0.000      0.3604       0.000    
    3200  0.8000E-01  0.2500E-04 SHELL          4  -0.0%  0.1084E-03  0.4538E-06   0.000      0.1089E-03   0.000      0.3604       0.000    
    3300  0.8250E-01  0.2500E-04 SHELL          4  -0.0%  0.1222E-03  0.4800E-06   0.000      0.1227E-03   0.000      0.3604       0.000    
    3400  0.8500E-01  0.2500E-04 SHELL          4  -0.0%  0.1372E-03  0.5068E-06   0.000      0.1377E-03   0.000      0.3604       0.000    
    3500  0.8750E-01  0.2500E-04 SHELL          4  -0.0%  0.1535E-03  0.5341E-06   0.000      0.1540E-03   0.000      0.3604       0.000    
    3600  0.9000E-01  0.2500E-04 SHELL          4  -0.0%  0.1712E-03  0.5620E-06   0.000      0.1718E-03   0.000      0.3604       0.000    
    3700  0.9250E-01  0.2500E-04 SHELL          4  -0.0%  0.1904E-03  0.5904E-06   0.000      0.1909E-03   0.000      0.3604       0.000    
    3800  0.9500E-01  0.2500E-04 SHELL          4  -0.0%  0.2110E-03  0.6193E-06   0.000      0.2117E-03   0.000      0.3604       0.000    
    3900  0.9750E-01  0.2500E-04 SHELL          4  -0.0%  0.2333E-03  0.6487E-06   0.000      0.2340E-03   0.000      0.3604       0.000    
    4000  0.1000      0.2500E-04 SHELL          4  -0.0%  0.2573E-03  0.6786E-06   0.000      0.2579E-03   0.000      0.3604       0.000    
     ANIMATION FILE: A23_REFERENCE_EXTENSIONA005 WRITTEN
    4100  0.1025      0.2500E-04 SHELL          4  -0.0%  0.2829E-03  0.7090E-06   0.000      0.2837E-03   0.000      0.3604       0.000    
    4200  0.1050      0.2500E-04 SHELL          4  -0.0%  0.3105E-03  0.7399E-06   0.000      0.3112E-03   0.000      0.3604       0.000    
    4300  0.1075      0.2500E-04 SHELL          4  -0.0%  0.3399E-03  0.7712E-06   0.000      0.3407E-03   0.000      0.3604       0.000    
    4400  0.1100      0.2500E-04 SHELL          4  -0.0%  0.3713E-03  0.8030E-06   0.000      0.3721E-03   0.000      0.3604       0.000    
    4500  0.1125      0.2500E-04 SHELL          4  -0.0%  0.4047E-03  0.8352E-06   0.000      0.4056E-03   0.000      0.3604       0.000    
    4600  0.1150      0.2500E-04 SHELL          4  -0.0%  0.4404E-03  0.8678E-06   0.000      0.4412E-03   0.000      0.3604       0.000    
    4700  0.1175      0.2500E-04 SHELL          4  -0.0%  0.4782E-03  0.9008E-06   0.000      0.4791E-03   0.000      0.3604       0.000    
    4800  0.1200      0.2500E-04 SHELL          4  -0.0%  0.5183E-03  0.9343E-06   0.000      0.5192E-03   0.000      0.3604       0.000    
    4900  0.1225      0.2500E-04 SHELL          4  -0.0%  0.5608E-03  0.9681E-06   0.000      0.5618E-03   0.000      0.3604       0.000    
    5000  0.1250      0.2500E-04 SHELL          4  -0.0%  0.6058E-03  0.1002E-05   0.000      0.6068E-03   0.000      0.3604       0.000    
     ANIMATION FILE: A23_REFERENCE_EXTENSIONA006 WRITTEN
    5100  0.1275      0.2500E-04 SHELL          4  -0.0%  0.6534E-03  0.1037E-05   0.000      0.6544E-03   0.000      0.3604       0.000    
    5200  0.1300      0.2500E-04 SHELL          4  -0.0%  0.7036E-03  0.1072E-05   0.000      0.7047E-03   0.000      0.3604       0.000    
    5300  0.1325      0.2500E-04 SHELL          4  -0.0%  0.7565E-03  0.1107E-05   0.000      0.7576E-03   0.000      0.3604       0.000    
    5400  0.1350      0.2500E-04 SHELL          4  -0.0%  0.8123E-03  0.1142E-05   0.000      0.8134E-03   0.000      0.3604       0.000    
    5500  0.1375      0.2500E-04 SHELL          4  -0.0%  0.8709E-03  0.1178E-05   0.000      0.8721E-03   0.000      0.3604       0.000    
    5600  0.1400      0.2500E-04 SHELL          4  -0.0%  0.9326E-03  0.1214E-05   0.000      0.9338E-03   0.000      0.3604       0.000    
    5700  0.1425      0.2500E-04 SHELL          4  -0.0%  0.9973E-03  0.1251E-05   0.000      0.9986E-03   0.000      0.3604       0.000    
    5800  0.1450      0.2500E-04 SHELL          4  -0.0%  0.1065E-02  0.1288E-05   0.000      0.1067E-02   0.000      0.3604       0.000    
    5900  0.1475      0.2500E-04 SHELL          4  -0.0%  0.1136E-02  0.1325E-05   0.000      0.1138E-02   0.000      0.3604       0.000    
    6000  0.1500      0.2500E-04 SHELL          4  -0.0%  0.1211E-02  0.1362E-05   0.000      0.1212E-02   0.000      0.3604       0.000    
     ANIMATION FILE: A23_REFERENCE_EXTENSIONA007 WRITTEN
    6100  0.1525      0.2500E-04 SHELL          4  -0.0%  0.1289E-02  0.1399E-05   0.000      0.1290E-02   0.000      0.3604       0.000    
    6200  0.1550      0.2500E-04 SHELL          4  -0.0%  0.1370E-02  0.1437E-05   0.000      0.1372E-02   0.000      0.3604       0.000    
    6300  0.1575      0.2500E-04 SHELL          4  -0.0%  0.1456E-02  0.1475E-05   0.000      0.1457E-02   0.000      0.3604       0.000    
    6400  0.1600      0.2500E-04 SHELL          4  -0.0%  0.1545E-02  0.1513E-05   0.000      0.1546E-02   0.000      0.3604       0.000    
    6500  0.1625      0.2500E-04 SHELL          4  -0.0%  0.1637E-02  0.1552E-05   0.000      0.1639E-02   0.000      0.3604       0.000    
    6600  0.1650      0.2500E-04 SHELL          4  -0.0%  0.1734E-02  0.1590E-05   0.000      0.1735E-02   0.000      0.3604       0.000    
    6700  0.1675      0.2500E-04 SHELL          4  -0.0%  0.1834E-02  0.1629E-05   0.000      0.1836E-02   0.000      0.3604       0.000    
    6800  0.1700      0.2500E-04 SHELL          4  -0.0%  0.1939E-02  0.1668E-05   0.000      0.1941E-02   0.000      0.3604       0.000    
    6900  0.1725      0.2500E-04 SHELL          4  -0.0%  0.2048E-02  0.1707E-05   0.000      0.2050E-02   0.000      0.3604       0.000    
    7000  0.1750      0.2500E-04 SHELL          4  -0.0%  0.2161E-02  0.1746E-05   0.000      0.2163E-02   0.000      0.3604       0.000    
     ANIMATION FILE: A23_REFERENCE_EXTENSIONA008 WRITTEN
    7100  0.1775      0.2500E-04 SHELL          4  -0.0%  0.2279E-02  0.1786E-05   0.000      0.2281E-02   0.000      0.3604       0.000    
    7200  0.1800      0.2500E-04 SHELL          4  -0.0%  0.2401E-02  0.1825E-05   0.000      0.2403E-02   0.000      0.3604       0.000    
    7300  0.1825      0.2500E-04 SHELL          4  -0.0%  0.2527E-02  0.1865E-05   0.000      0.2529E-02   0.000      0.3604       0.000    
    7400  0.1850      0.2500E-04 SHELL          4  -0.0%  0.2659E-02  0.1905E-05   0.000      0.2660E-02   0.000      0.3604       0.000    
    7500  0.1875      0.2500E-04 SHELL          4  -0.0%  0.2795E-02  0.1944E-05   0.000      0.2796E-02   0.000      0.3604       0.000    
    7600  0.1900      0.2500E-04 SHELL          4  -0.0%  0.2935E-02  0.1984E-05   0.000      0.2937E-02   0.000      0.3604       0.000    
    7700  0.1925      0.2500E-04 SHELL          4  -0.0%  0.3081E-02  0.2024E-05   0.000      0.3083E-02   0.000      0.3604       0.000    
    7800  0.1950      0.2500E-04 SHELL          4  -0.0%  0.3232E-02  0.2064E-05   0.000      0.3234E-02   0.000      0.3604       0.000    
    7900  0.1975      0.2500E-04 SHELL          4  -0.0%  0.3388E-02  0.2105E-05   0.000      0.3390E-02   0.000      0.3604       0.000    
    8000  0.2000      0.2500E-04 SHELL          4  -0.0%  0.3549E-02  0.2145E-05   0.000      0.3551E-02   0.000      0.3604       0.000    
     ANIMATION FILE: A23_REFERENCE_EXTENSIONA009 WRITTEN
    8100  0.2025      0.2500E-04 SHELL          4  -0.0%  0.3716E-02  0.2185E-05   0.000      0.3718E-02   0.000      0.3604       0.000    
    8200  0.2050      0.2500E-04 SHELL          4  -0.0%  0.3887E-02  0.2225E-05   0.000      0.3890E-02   0.000      0.3604       0.000    
    8300  0.2075      0.2500E-04 SHELL          4  -0.0%  0.4065E-02  0.2266E-05   0.000      0.4067E-02   0.000      0.3604       0.000    
    8400  0.2100      0.2500E-04 SHELL          4  -0.0%  0.4248E-02  0.2306E-05   0.000      0.4250E-02   0.000      0.3604       0.000    
    8500  0.2125      0.2500E-04 SHELL          4  -0.0%  0.4436E-02  0.2346E-05   0.000      0.4439E-02   0.000      0.3604       0.000    
    8600  0.2150      0.2500E-04 SHELL          4  -0.0%  0.4631E-02  0.2386E-05   0.000      0.4633E-02   0.000      0.3604       0.000    
    8700  0.2175      0.2500E-04 SHELL          4  -0.0%  0.4831E-02  0.2427E-05   0.000      0.4834E-02   0.000      0.3604       0.000    
    8800  0.2200      0.2500E-04 SHELL          4  -0.0%  0.5037E-02  0.2467E-05   0.000      0.5040E-02   0.000      0.3604       0.000    
    8900  0.2225      0.2500E-04 SHELL          4  -0.0%  0.5250E-02  0.2507E-05   0.000      0.5252E-02   0.000      0.3604       0.000    
    9000  0.2250      0.2500E-04 SHELL          4  -0.0%  0.5468E-02  0.2547E-05   0.000      0.5471E-02   0.000      0.3604       0.000    
     ANIMATION FILE: A23_REFERENCE_EXTENSIONA010 WRITTEN
    9100  0.2275      0.2500E-04 SHELL          4  -0.0%  0.5693E-02  0.2588E-05   0.000      0.5696E-02   0.000      0.3604       0.000    
    9200  0.2300      0.2500E-04 SHELL          4  -0.0%  0.5924E-02  0.2628E-05   0.000      0.5927E-02   0.000      0.3604       0.000    
    9300  0.2325      0.2500E-04 SHELL          4  -0.0%  0.6162E-02  0.2668E-05   0.000      0.6164E-02   0.000      0.3604       0.000    
    9400  0.2350      0.2500E-04 SHELL          4  -0.0%  0.6406E-02  0.2708E-05   0.000      0.6408E-02   0.000      0.3604       0.000    
    9500  0.2375      0.2500E-04 SHELL          4  -0.0%  0.6656E-02  0.2748E-05   0.000      0.6659E-02   0.000      0.3604       0.000    
    9600  0.2400      0.2500E-04 SHELL          4  -0.0%  0.6913E-02  0.2787E-05   0.000      0.6916E-02   0.000      0.3604       0.000    
    9700  0.2425      0.2500E-04 SHELL          4  -0.0%  0.7177E-02  0.2827E-05   0.000      0.7180E-02   0.000      0.3604       0.000    
    9800  0.2450      0.2500E-04 SHELL          4  -0.0%  0.7448E-02  0.2867E-05   0.000      0.7451E-02   0.000      0.3604       0.000    
    9900  0.2475      0.2500E-04 SHELL          4  -0.0%  0.7726E-02  0.2906E-05   0.000      0.7729E-02   0.000      0.3604       0.000    
   CYCLE    TIME      TIME-STEP  ELEMENT          ERROR  I-ENERGY    K-ENERGY T  K-ENERGY R  EXT-WORK     MAS.ERR     TOTAL MASS  MASS ADDED
   10000  0.2500      0.2500E-04 SHELL          4  -0.0%  0.8011E-02  0.2945E-05   0.000      0.8014E-02   0.000      0.3604       0.000    
     ANIMATION FILE: A23_REFERENCE_EXTENSIONA011 WRITTEN
   10100  0.2525      0.2500E-04 SHELL          4  -0.0%  0.8303E-02  0.2985E-05   0.000      0.8306E-02   0.000      0.3604       0.000    
   10200  0.2550      0.2500E-04 SHELL          4  -0.0%  0.8602E-02  0.3024E-05   0.000      0.8605E-02   0.000      0.3604       0.000    
   10300  0.2575      0.2500E-04 SHELL          4  -0.0%  0.8908E-02  0.3063E-05   0.000      0.8912E-02   0.000      0.3604       0.000    
   10400  0.2600      0.2500E-04 SHELL          4  -0.0%  0.9222E-02  0.3101E-05   0.000      0.9225E-02   0.000      0.3604       0.000    
   10500  0.2625      0.2500E-04 SHELL          4  -0.0%  0.9544E-02  0.3140E-05   0.000      0.9547E-02   0.000      0.3604       0.000    
   10600  0.2650      0.2500E-04 SHELL          4  -0.0%  0.9872E-02  0.3178E-05   0.000      0.9875E-02   0.000      0.3604       0.000    
   10700  0.2675      0.2500E-04 SHELL          4  -0.0%  0.1021E-01  0.3217E-05   0.000      0.1021E-01   0.000      0.3604       0.000    
   10800  0.2700      0.2500E-04 SHELL          4  -0.0%  0.1055E-01  0.3255E-05   0.000      0.1056E-01   0.000      0.3604       0.000    
   10900  0.2725      0.2500E-04 SHELL          4  -0.0%  0.1090E-01  0.3293E-05   0.000      0.1091E-01   0.000      0.3604       0.000    
   11000  0.2750      0.2500E-04 SHELL          4  -0.0%  0.1126E-01  0.3330E-05   0.000      0.1127E-01   0.000      0.3604       0.000    
     ANIMATION FILE: A23_REFERENCE_EXTENSIONA012 WRITTEN
   11100  0.2775      0.2500E-04 SHELL          4  -0.0%  0.1163E-01  0.3368E-05   0.000      0.1164E-01   0.000      0.3604       0.000    
   11200  0.2800      0.2500E-04 SHELL          4  -0.0%  0.1201E-01  0.3405E-05   0.000      0.1201E-01   0.000      0.3604       0.000    
   11300  0.2825      0.2500E-04 SHELL          4  -0.0%  0.1239E-01  0.3442E-05   0.000      0.1239E-01   0.000      0.3604       0.000    
   11400  0.2850      0.2500E-04 SHELL          4  -0.0%  0.1278E-01  0.3479E-05   0.000      0.1279E-01   0.000      0.3604       0.000    
   11500  0.2875      0.2500E-04 SHELL          4  -0.0%  0.1318E-01  0.3515E-05   0.000      0.1319E-01   0.000      0.3604       0.000    
   11600  0.2900      0.2500E-04 SHELL          4  -0.0%  0.1359E-01  0.3552E-05   0.000      0.1359E-01   0.000      0.3604       0.000    
   11700  0.2925      0.2500E-04 SHELL          4  -0.0%  0.1401E-01  0.3588E-05   0.000      0.1401E-01   0.000      0.3604       0.000    
   11800  0.2950      0.2500E-04 SHELL          4  -0.0%  0.1443E-01  0.3624E-05   0.000      0.1444E-01   0.000      0.3604       0.000    
   11900  0.2975      0.2500E-04 SHELL          4  -0.0%  0.1487E-01  0.3659E-05   0.000      0.1487E-01   0.000      0.3604       0.000    
   12000  0.3000      0.2500E-04 SHELL          4  -0.0%  0.1531E-01  0.3695E-05   0.000      0.1531E-01   0.000      0.3604       0.000    
     ANIMATION FILE: A23_REFERENCE_EXTENSIONA013 WRITTEN
   12100  0.3025      0.2500E-04 SHELL          4  -0.0%  0.1576E-01  0.3730E-05   0.000      0.1576E-01   0.000      0.3604       0.000    
   12200  0.3050      0.2500E-04 SHELL          4  -0.0%  0.1622E-01  0.3764E-05   0.000      0.1622E-01   0.000      0.3604       0.000    
   12300  0.3075      0.2500E-04 SHELL          4  -0.0%  0.1669E-01  0.3799E-05   0.000      0.1669E-01   0.000      0.3604       0.000    
   12400  0.3100      0.2500E-04 SHELL          4  -0.0%  0.1716E-01  0.3833E-05   0.000      0.1717E-01   0.000      0.3604       0.000    
   12500  0.3125      0.2500E-04 SHELL          4  -0.0%  0.1765E-01  0.3867E-05   0.000      0.1765E-01   0.000      0.3604       0.000    
   12600  0.3150      0.2500E-04 SHELL          4  -0.0%  0.1815E-01  0.3901E-05   0.000      0.1815E-01   0.000      0.3604       0.000    
   12700  0.3175      0.2500E-04 SHELL          4  -0.0%  0.1865E-01  0.3934E-05   0.000      0.1865E-01   0.000      0.3604       0.000    
   12800  0.3200      0.2500E-04 SHELL          4  -0.0%  0.1916E-01  0.3967E-05   0.000      0.1917E-01   0.000      0.3604       0.000    
   12900  0.3225      0.2500E-04 SHELL          4  -0.0%  0.1969E-01  0.4000E-05   0.000      0.1969E-01   0.000      0.3604       0.000    
   13000  0.3250      0.2500E-04 SHELL          4  -0.0%  0.2022E-01  0.4032E-05   0.000      0.2022E-01   0.000      0.3604       0.000    
     ANIMATION FILE: A23_REFERENCE_EXTENSIONA014 WRITTEN
   13100  0.3275      0.2500E-04 SHELL          4  -0.0%  0.2076E-01  0.4064E-05   0.000      0.2076E-01   0.000      0.3604       0.000    
   13200  0.3300      0.2500E-04 SHELL          4  -0.0%  0.2131E-01  0.4096E-05   0.000      0.2131E-01   0.000      0.3604       0.000    
   13300  0.3325      0.2500E-04 SHELL          4  -0.0%  0.2187E-01  0.4127E-05   0.000      0.2187E-01   0.000      0.3604       0.000    
   13400  0.3350      0.2500E-04 SHELL          4  -0.0%  0.2244E-01  0.4158E-05   0.000      0.2244E-01   0.000      0.3604       0.000    
   13500  0.3375      0.2500E-04 SHELL          4  -0.0%  0.2301E-01  0.4188E-05   0.000      0.2302E-01   0.000      0.3604       0.000    
   13600  0.3400      0.2500E-04 SHELL          4  -0.0%  0.2360E-01  0.4219E-05   0.000      0.2361E-01   0.000      0.3604       0.000    
   13700  0.3425      0.2500E-04 SHELL          4  -0.0%  0.2420E-01  0.4249E-05   0.000      0.2420E-01   0.000      0.3604       0.000    
   13800  0.3450      0.2500E-04 SHELL          4  -0.0%  0.2480E-01  0.4278E-05   0.000      0.2481E-01   0.000      0.3604       0.000    
   13900  0.3475      0.2500E-04 SHELL          4  -0.0%  0.2542E-01  0.4307E-05   0.000      0.2543E-01   0.000      0.3604       0.000    
   14000  0.3500      0.2500E-04 SHELL          4  -0.0%  0.2605E-01  0.4336E-05   0.000      0.2605E-01   0.000      0.3604       0.000    
     ANIMATION FILE: A23_REFERENCE_EXTENSIONA015 WRITTEN
   14100  0.3525      0.2500E-04 SHELL          4  -0.0%  0.2668E-01  0.4364E-05   0.000      0.2669E-01   0.000      0.3604       0.000    
   14200  0.3550      0.2500E-04 SHELL          4  -0.0%  0.2733E-01  0.4393E-05   0.000      0.2733E-01   0.000      0.3604       0.000    
   14300  0.3575      0.2500E-04 SHELL          4  -0.0%  0.2798E-01  0.4420E-05   0.000      0.2799E-01   0.000      0.3604       0.000    
   14400  0.3600      0.2500E-04 SHELL          4  -0.0%  0.2865E-01  0.4447E-05   0.000      0.2865E-01   0.000      0.3604       0.000    
   14500  0.3625      0.2500E-04 SHELL          4  -0.0%  0.2932E-01  0.4474E-05   0.000      0.2933E-01   0.000      0.3604       0.000    
   14600  0.3650      0.2500E-04 SHELL          4  -0.0%  0.3001E-01  0.4501E-05   0.000      0.3001E-01   0.000      0.3604       0.000    
   14700  0.3675      0.2500E-04 SHELL          4  -0.0%  0.3070E-01  0.4527E-05   0.000      0.3071E-01   0.000      0.3604       0.000    
   14800  0.3700      0.2500E-04 SHELL          4  -0.0%  0.3141E-01  0.4552E-05   0.000      0.3141E-01   0.000      0.3604       0.000    
   14900  0.3725      0.2500E-04 SHELL          4  -0.0%  0.3212E-01  0.4577E-05   0.000      0.3213E-01   0.000      0.3604       0.000    
   15000  0.3750      0.2500E-04 SHELL          4  -0.0%  0.3285E-01  0.4602E-05   0.000      0.3285E-01   0.000      0.3604       0.000    
     ANIMATION FILE: A23_REFERENCE_EXTENSIONA016 WRITTEN
   15100  0.3775      0.2500E-04 SHELL          4  -0.0%  0.3358E-01  0.4626E-05   0.000      0.3359E-01   0.000      0.3604       0.000    
   15200  0.3800      0.2500E-04 SHELL          4  -0.0%  0.3433E-01  0.4650E-05   0.000      0.3433E-01   0.000      0.3604       0.000    
   15300  0.3825      0.2500E-04 SHELL          4  -0.0%  0.3508E-01  0.4674E-05   0.000      0.3509E-01   0.000      0.3604       0.000    
   15400  0.3850      0.2500E-04 SHELL          4  -0.0%  0.3585E-01  0.4697E-05   0.000      0.3585E-01   0.000      0.3604       0.000    
   15500  0.3875      0.2500E-04 SHELL          4  -0.0%  0.3663E-01  0.4719E-05   0.000      0.3663E-01   0.000      0.3604       0.000    
   15600  0.3900      0.2500E-04 SHELL          4  -0.0%  0.3741E-01  0.4742E-05   0.000      0.3742E-01   0.000      0.3604       0.000    
   15700  0.3925      0.2500E-04 SHELL          4  -0.0%  0.3821E-01  0.4763E-05   0.000      0.3821E-01   0.000      0.3604       0.000    
   15800  0.3950      0.2500E-04 SHELL          4  -0.0%  0.3901E-01  0.4785E-05   0.000      0.3902E-01   0.000      0.3604       0.000    
   15900  0.3975      0.2500E-04 SHELL          4  -0.0%  0.3983E-01  0.4805E-05   0.000      0.3983E-01   0.000      0.3604       0.000    
   16000  0.4000      0.2500E-04 SHELL          4  -0.0%  0.4066E-01  0.4826E-05   0.000      0.4066E-01   0.000      0.3604       0.000    
     ANIMATION FILE: A23_REFERENCE_EXTENSIONA017 WRITTEN
   16100  0.4025      0.2500E-04 SHELL          4  -0.0%  0.4149E-01  0.4846E-05   0.000      0.4150E-01   0.000      0.3604       0.000    
   16200  0.4050      0.2500E-04 SHELL          4  -0.0%  0.4234E-01  0.4865E-05   0.000      0.4234E-01   0.000      0.3604       0.000    
   16300  0.4075      0.2500E-04 SHELL          4  -0.0%  0.4320E-01  0.4884E-05   0.000      0.4320E-01   0.000      0.3604       0.000    
   16400  0.4100      0.2500E-04 SHELL          4  -0.0%  0.4406E-01  0.4902E-05   0.000      0.4407E-01   0.000      0.3604       0.000    
   16500  0.4125      0.2500E-04 SHELL          4  -0.0%  0.4494E-01  0.4920E-05   0.000      0.4495E-01   0.000      0.3604       0.000    
   16600  0.4150      0.2500E-04 SHELL          4  -0.0%  0.4583E-01  0.4938E-05   0.000      0.4583E-01   0.000      0.3604       0.000    
   16700  0.4175      0.2500E-04 SHELL          4  -0.0%  0.4673E-01  0.4955E-05   0.000      0.4673E-01   0.000      0.3604       0.000    
   16800  0.4200      0.2500E-04 SHELL          4  -0.0%  0.4764E-01  0.4972E-05   0.000      0.4764E-01   0.000      0.3604       0.000    
   16900  0.4225      0.2500E-04 SHELL          4  -0.0%  0.4855E-01  0.4988E-05   0.000      0.4856E-01   0.000      0.3604       0.000    
   17000  0.4250      0.2500E-04 SHELL          4  -0.0%  0.4948E-01  0.5003E-05   0.000      0.4949E-01   0.000      0.3604       0.000    
     ANIMATION FILE: A23_REFERENCE_EXTENSIONA018 WRITTEN
   17100  0.4275      0.2500E-04 SHELL          4  -0.0%  0.5042E-01  0.5018E-05   0.000      0.5043E-01   0.000      0.3604       0.000    
   17200  0.4300      0.2500E-04 SHELL          4  -0.0%  0.5137E-01  0.5033E-05   0.000      0.5138E-01   0.000      0.3604       0.000    
   17300  0.4325      0.2500E-04 SHELL          4  -0.0%  0.5233E-01  0.5047E-05   0.000      0.5234E-01   0.000      0.3604       0.000    
   17400  0.4350      0.2500E-04 SHELL          4  -0.0%  0.5330E-01  0.5061E-05   0.000      0.5331E-01   0.000      0.3604       0.000    
   17500  0.4375      0.2500E-04 SHELL          4  -0.0%  0.5428E-01  0.5074E-05   0.000      0.5429E-01   0.000      0.3604       0.000    
   17600  0.4400      0.2500E-04 SHELL          4  -0.0%  0.5527E-01  0.5086E-05   0.000      0.5528E-01   0.000      0.3604       0.000    
   17700  0.4425      0.2500E-04 SHELL          4  -0.0%  0.5627E-01  0.5099E-05   0.000      0.5628E-01   0.000      0.3604       0.000    
   17800  0.4450      0.2500E-04 SHELL          4  -0.0%  0.5728E-01  0.5110E-05   0.000      0.5729E-01   0.000      0.3604       0.000    
   17900  0.4475      0.2500E-04 SHELL          4  -0.0%  0.5830E-01  0.5121E-05   0.000      0.5831E-01   0.000      0.3604       0.000    
   18000  0.4500      0.2500E-04 SHELL          4  -0.0%  0.5934E-01  0.5132E-05   0.000      0.5934E-01   0.000      0.3604       0.000    
     ANIMATION FILE: A23_REFERENCE_EXTENSIONA019 WRITTEN
   18100  0.4525      0.2500E-04 SHELL          4  -0.0%  0.6038E-01  0.5142E-05   0.000      0.6038E-01   0.000      0.3604       0.000    
   18200  0.4550      0.2500E-04 SHELL          4  -0.0%  0.6143E-01  0.5152E-05   0.000      0.6143E-01   0.000      0.3604       0.000    
   18300  0.4575      0.2500E-04 SHELL          4  -0.0%  0.6249E-01  0.5161E-05   0.000      0.6249E-01   0.000      0.3604       0.000    
   18400  0.4600      0.2500E-04 SHELL          4  -0.0%  0.6356E-01  0.5169E-05   0.000      0.6357E-01   0.000      0.3604       0.000    
   18500  0.4625      0.2500E-04 SHELL          4  -0.0%  0.6464E-01  0.5177E-05   0.000      0.6465E-01   0.000      0.3604       0.000    
   18600  0.4650      0.2500E-04 SHELL          4  -0.0%  0.6573E-01  0.5185E-05   0.000      0.6574E-01   0.000      0.3604       0.000    
   18700  0.4675      0.2500E-04 SHELL          4  -0.0%  0.6683E-01  0.5192E-05   0.000      0.6684E-01   0.000      0.3604       0.000    
   18800  0.4700      0.2500E-04 SHELL          4  -0.0%  0.6794E-01  0.5199E-05   0.000      0.6795E-01   0.000      0.3604       0.000    
   18900  0.4725      0.2500E-04 SHELL          4  -0.0%  0.6906E-01  0.5205E-05   0.000      0.6907E-01   0.000      0.3604       0.000    
   19000  0.4750      0.2500E-04 SHELL          4  -0.0%  0.7020E-01  0.5210E-05   0.000      0.7020E-01   0.000      0.3604       0.000    
     ANIMATION FILE: A23_REFERENCE_EXTENSIONA020 WRITTEN
   19100  0.4775      0.2500E-04 SHELL          4  -0.0%  0.7134E-01  0.5215E-05   0.000      0.7134E-01   0.000      0.3604       0.000    
   19200  0.4800      0.2500E-04 SHELL          4  -0.0%  0.7249E-01  0.5219E-05   0.000      0.7249E-01   0.000      0.3604       0.000    
   19300  0.4825      0.2500E-04 SHELL          4  -0.0%  0.7364E-01  0.5223E-05   0.000      0.7365E-01   0.000      0.3604       0.000    
   19400  0.4850      0.2500E-04 SHELL          4  -0.0%  0.7481E-01  0.5227E-05   0.000      0.7482E-01   0.000      0.3604       0.000    
   19500  0.4875      0.2500E-04 SHELL          4  -0.0%  0.7599E-01  0.5230E-05   0.000      0.7600E-01   0.000      0.3604       0.000    
   19600  0.4900      0.2500E-04 SHELL          4  -0.0%  0.7718E-01  0.5232E-05   0.000      0.7719E-01   0.000      0.3604       0.000    
   19700  0.4925      0.2500E-04 SHELL          4  -0.0%  0.7838E-01  0.5234E-05   0.000      0.7838E-01   0.000      0.3604       0.000    
   19800  0.4950      0.2500E-04 SHELL          4  -0.0%  0.7959E-01  0.5235E-05   0.000      0.7959E-01   0.000      0.3604       0.000    
   19900  0.4975      0.2500E-04 SHELL          4  -0.0%  0.8080E-01  0.5236E-05   0.000      0.8081E-01   0.000      0.3604       0.000    
   CYCLE    TIME      TIME-STEP  ELEMENT          ERROR  I-ENERGY    K-ENERGY T  K-ENERGY R  EXT-WORK     MAS.ERR     TOTAL MASS  MASS ADDED
   20000  0.5000      0.2500E-04 SHELL          4   0.0%  0.8203E-01  0.5236E-05   0.000      0.8203E-01   0.000      0.3604       0.000    
     ANIMATION FILE: A23_REFERENCE_EXTENSIONA021 WRITTEN
   20100  0.5025      0.2500E-04 SHELL          4   0.0%  0.8326E-01  0.5236E-05   0.000      0.8327E-01   0.000      0.3604       0.000    
   20200  0.5050      0.2500E-04 SHELL          4   0.0%  0.8451E-01  0.5235E-05   0.000      0.8451E-01   0.000      0.3604       0.000    
   20300  0.5075      0.2500E-04 SHELL          4   0.0%  0.8576E-01  0.5234E-05   0.000      0.8577E-01   0.000      0.3604       0.000    
   20400  0.5100      0.2500E-04 SHELL          4   0.0%  0.8702E-01  0.5232E-05   0.000      0.8703E-01   0.000      0.3604       0.000    
   20500  0.5125      0.2500E-04 SHELL          4   0.0%  0.8829E-01  0.5230E-05   0.000      0.8830E-01   0.000      0.3604       0.000    
   20600  0.5150      0.2500E-04 SHELL          4   0.0%  0.8957E-01  0.5227E-05   0.000      0.8958E-01   0.000      0.3604       0.000    
   20700  0.5175      0.2500E-04 SHELL          4   0.0%  0.9086E-01  0.5223E-05   0.000      0.9087E-01   0.000      0.3604       0.000    
   20800  0.5200      0.2500E-04 SHELL          4   0.0%  0.9216E-01  0.5219E-05   0.000      0.9217E-01   0.000      0.3604       0.000    
   20900  0.5225      0.2500E-04 SHELL          4   0.0%  0.9347E-01  0.5215E-05   0.000      0.9347E-01   0.000      0.3604       0.000    
   21000  0.5250      0.2500E-04 SHELL          4   0.0%  0.9478E-01  0.5210E-05   0.000      0.9479E-01   0.000      0.3604       0.000    
     ANIMATION FILE: A23_REFERENCE_EXTENSIONA022 WRITTEN
   21100  0.5275      0.2500E-04 SHELL          4   0.0%  0.9611E-01  0.5205E-05   0.000      0.9611E-01   0.000      0.3604       0.000    
   21200  0.5300      0.2500E-04 SHELL          4   0.0%  0.9744E-01  0.5199E-05   0.000      0.9744E-01   0.000      0.3604       0.000    
   21300  0.5325      0.2500E-04 SHELL          4   0.0%  0.9878E-01  0.5192E-05   0.000      0.9878E-01   0.000      0.3604       0.000    
   21400  0.5350      0.2500E-04 SHELL          4   0.0%  0.1001      0.5185E-05   0.000      0.1001       0.000      0.3604       0.000    
   21500  0.5375      0.2500E-04 SHELL          4   0.0%  0.1015      0.5177E-05   0.000      0.1015       0.000      0.3604       0.000    
   21600  0.5400      0.2500E-04 SHELL          4   0.0%  0.1028      0.5169E-05   0.000      0.1029       0.000      0.3604       0.000    
   21700  0.5425      0.2500E-04 SHELL          4   0.0%  0.1042      0.5161E-05   0.000      0.1042       0.000      0.3604       0.000    
   21800  0.5450      0.2500E-04 SHELL          4   0.0%  0.1056      0.5152E-05   0.000      0.1056       0.000      0.3604       0.000    
   21900  0.5475      0.2500E-04 SHELL          4   0.0%  0.1070      0.5142E-05   0.000      0.1070       0.000      0.3604       0.000    
   22000  0.5500      0.2500E-04 SHELL          4   0.0%  0.1084      0.5132E-05   0.000      0.1084       0.000      0.3604       0.000    
     ANIMATION FILE: A23_REFERENCE_EXTENSIONA023 WRITTEN
   22100  0.5525      0.2500E-04 SHELL          4   0.0%  0.1098      0.5121E-05   0.000      0.1098       0.000      0.3604       0.000    
   22200  0.5550      0.2500E-04 SHELL          4   0.0%  0.1112      0.5110E-05   0.000      0.1112       0.000      0.3604       0.000    
   22300  0.5575      0.2500E-04 SHELL          4   0.0%  0.1126      0.5099E-05   0.000      0.1126       0.000      0.3604       0.000    
   22400  0.5600      0.2500E-04 SHELL          4   0.0%  0.1140      0.5086E-05   0.000      0.1141       0.000      0.3604       0.000    
   22500  0.5625      0.2500E-04 SHELL          4   0.0%  0.1155      0.5074E-05   0.000      0.1155       0.000      0.3604       0.000    
   22600  0.5650      0.2500E-04 SHELL          4   0.0%  0.1169      0.5061E-05   0.000      0.1169       0.000      0.3604       0.000    
   22700  0.5675      0.2500E-04 SHELL          4   0.0%  0.1184      0.5047E-05   0.000      0.1184       0.000      0.3604       0.000    
   22800  0.5700      0.2500E-04 SHELL          4   0.0%  0.1198      0.5033E-05   0.000      0.1198       0.000      0.3604       0.000    
   22900  0.5725      0.2500E-04 SHELL          4   0.0%  0.1213      0.5018E-05   0.000      0.1213       0.000      0.3604       0.000    
   23000  0.5750      0.2500E-04 SHELL          4   0.0%  0.1228      0.5003E-05   0.000      0.1228       0.000      0.3604       0.000    
     ANIMATION FILE: A23_REFERENCE_EXTENSIONA024 WRITTEN
   23100  0.5775      0.2500E-04 SHELL          4   0.0%  0.1242      0.4988E-05   0.000      0.1242       0.000      0.3604       0.000    
   23200  0.5800      0.2500E-04 SHELL          4   0.0%  0.1257      0.4972E-05   0.000      0.1257       0.000      0.3604       0.000    
   23300  0.5825      0.2500E-04 SHELL          4   0.0%  0.1272      0.4955E-05   0.000      0.1272       0.000      0.3604       0.000    
   23400  0.5850      0.2500E-04 SHELL          4   0.0%  0.1287      0.4938E-05   0.000      0.1287       0.000      0.3604       0.000    
   23500  0.5875      0.2500E-04 SHELL          4   0.0%  0.1302      0.4920E-05   0.000      0.1302       0.000      0.3604       0.000    
   23600  0.5900      0.2500E-04 SHELL          4   0.0%  0.1317      0.4902E-05   0.000      0.1317       0.000      0.3604       0.000    
   23700  0.5925      0.2500E-04 SHELL          4   0.0%  0.1332      0.4884E-05   0.000      0.1332       0.000      0.3604       0.000    
   23800  0.5950      0.2500E-04 SHELL          4   0.0%  0.1347      0.4865E-05   0.000      0.1347       0.000      0.3604       0.000    
   23900  0.5975      0.2500E-04 SHELL          4   0.0%  0.1362      0.4846E-05   0.000      0.1362       0.000      0.3604       0.000    
   24000  0.6000      0.2500E-04 SHELL          4   0.0%  0.1378      0.4826E-05   0.000      0.1378       0.000      0.3604       0.000    
     ANIMATION FILE: A23_REFERENCE_EXTENSIONA025 WRITTEN
   24100  0.6025      0.2500E-04 SHELL          4   0.0%  0.1393      0.4805E-05   0.000      0.1393       0.000      0.3604       0.000    
   24200  0.6050      0.2500E-04 SHELL          4   0.0%  0.1408      0.4785E-05   0.000      0.1408       0.000      0.3604       0.000    
   24300  0.6075      0.2500E-04 SHELL          4   0.0%  0.1424      0.4763E-05   0.000      0.1424       0.000      0.3604       0.000    
   24400  0.6100      0.2500E-04 SHELL          4   0.0%  0.1439      0.4742E-05   0.000      0.1439       0.000      0.3604       0.000    
   24500  0.6125      0.2500E-04 SHELL          4   0.0%  0.1455      0.4719E-05   0.000      0.1455       0.000      0.3604       0.000    
   24600  0.6150      0.2500E-04 SHELL          4   0.0%  0.1470      0.4697E-05   0.000      0.1471       0.000      0.3604       0.000    
   24700  0.6175      0.2500E-04 SHELL          4   0.0%  0.1486      0.4674E-05   0.000      0.1486       0.000      0.3604       0.000    
   24800  0.6200      0.2500E-04 SHELL          4   0.0%  0.1502      0.4650E-05   0.000      0.1502       0.000      0.3604       0.000    
   24900  0.6225      0.2500E-04 SHELL          4   0.0%  0.1517      0.4626E-05   0.000      0.1518       0.000      0.3604       0.000    
   25000  0.6250      0.2500E-04 SHELL          4   0.0%  0.1533      0.4602E-05   0.000      0.1533       0.000      0.3604       0.000    
     ANIMATION FILE: A23_REFERENCE_EXTENSIONA026 WRITTEN
   25100  0.6275      0.2500E-04 SHELL          4   0.0%  0.1549      0.4577E-05   0.000      0.1549       0.000      0.3604       0.000    
   25200  0.6300      0.2500E-04 SHELL          4   0.0%  0.1565      0.4552E-05   0.000      0.1565       0.000      0.3604       0.000    
   25300  0.6325      0.2500E-04 SHELL          4   0.0%  0.1581      0.4527E-05   0.000      0.1581       0.000      0.3604       0.000    
   25400  0.6350      0.2500E-04 SHELL          4   0.0%  0.1597      0.4501E-05   0.000      0.1597       0.000      0.3604       0.000    
   25500  0.6375      0.2500E-04 SHELL          4   0.0%  0.1613      0.4474E-05   0.000      0.1613       0.000      0.3604       0.000    
   25600  0.6400      0.2500E-04 SHELL          4   0.0%  0.1628      0.4447E-05   0.000      0.1629       0.000      0.3604       0.000    
   25700  0.6425      0.2500E-04 SHELL          4   0.0%  0.1644      0.4420E-05   0.000      0.1645       0.000      0.3604       0.000    
   25800  0.6450      0.2500E-04 SHELL          4   0.0%  0.1661      0.4393E-05   0.000      0.1661       0.000      0.3604       0.000    
   25900  0.6475      0.2500E-04 SHELL          4   0.0%  0.1677      0.4364E-05   0.000      0.1677       0.000      0.3604       0.000    
   26000  0.6500      0.2500E-04 SHELL          4   0.0%  0.1693      0.4336E-05   0.000      0.1693       0.000      0.3604       0.000    
     ANIMATION FILE: A23_REFERENCE_EXTENSIONA027 WRITTEN
   26100  0.6525      0.2500E-04 SHELL          4   0.0%  0.1709      0.4307E-05   0.000      0.1709       0.000      0.3604       0.000    
   26200  0.6550      0.2500E-04 SHELL          4   0.0%  0.1725      0.4278E-05   0.000      0.1725       0.000      0.3604       0.000    
   26300  0.6575      0.2500E-04 SHELL          4   0.0%  0.1741      0.4249E-05   0.000      0.1741       0.000      0.3604       0.000    
   26400  0.6600      0.2500E-04 SHELL          4   0.0%  0.1757      0.4219E-05   0.000      0.1757       0.000      0.3604       0.000    
   26500  0.6625      0.2500E-04 SHELL          4   0.0%  0.1773      0.4188E-05   0.000      0.1773       0.000      0.3604       0.000    
   26600  0.6650      0.2500E-04 SHELL          4   0.0%  0.1789      0.4158E-05   0.000      0.1790       0.000      0.3604       0.000    
   26700  0.6675      0.2500E-04 SHELL          4   0.0%  0.1806      0.4127E-05   0.000      0.1806       0.000      0.3604       0.000    
   26800  0.6700      0.2500E-04 SHELL          4   0.0%  0.1822      0.4096E-05   0.000      0.1822       0.000      0.3604       0.000    
   26900  0.6725      0.2500E-04 SHELL          4   0.0%  0.1838      0.4064E-05   0.000      0.1838       0.000      0.3604       0.000    
   27000  0.6750      0.2500E-04 SHELL          4   0.0%  0.1854      0.4032E-05   0.000      0.1854       0.000      0.3604       0.000    
     ANIMATION FILE: A23_REFERENCE_EXTENSIONA028 WRITTEN
   27100  0.6775      0.2500E-04 SHELL          4   0.0%  0.1871      0.4000E-05   0.000      0.1871       0.000      0.3604       0.000    
   27200  0.6800      0.2500E-04 SHELL          4   0.0%  0.1887      0.3967E-05   0.000      0.1887       0.000      0.3604       0.000    
   27300  0.6825      0.2500E-04 SHELL          4   0.0%  0.1903      0.3934E-05   0.000      0.1903       0.000      0.3604       0.000    
   27400  0.6850      0.2500E-04 SHELL          4   0.0%  0.1919      0.3901E-05   0.000      0.1919       0.000      0.3604       0.000    
   27500  0.6875      0.2500E-04 SHELL          4   0.0%  0.1936      0.3867E-05   0.000      0.1936       0.000      0.3604       0.000    
   27600  0.6900      0.2500E-04 SHELL          4   0.0%  0.1952      0.3833E-05   0.000      0.1952       0.000      0.3604       0.000    
   27700  0.6925      0.2500E-04 SHELL          4   0.0%  0.1968      0.3799E-05   0.000      0.1968       0.000      0.3604       0.000    
   27800  0.6950      0.2500E-04 SHELL          4   0.0%  0.1984      0.3764E-05   0.000      0.1984       0.000      0.3604       0.000    
   27900  0.6975      0.2500E-04 SHELL          4   0.0%  0.2000      0.3730E-05   0.000      0.2001       0.000      0.3604       0.000    
   28000  0.7000      0.2500E-04 SHELL          4   0.0%  0.2017      0.3695E-05   0.000      0.2017       0.000      0.3604       0.000    
     ANIMATION FILE: A23_REFERENCE_EXTENSIONA029 WRITTEN
   28100  0.7025      0.2500E-04 SHELL          4   0.0%  0.2033      0.3659E-05   0.000      0.2033       0.000      0.3604       0.000    
   28200  0.7050      0.2500E-04 SHELL          4   0.0%  0.2049      0.3624E-05   0.000      0.2049       0.000      0.3604       0.000    
   28300  0.7075      0.2500E-04 SHELL          4   0.0%  0.2065      0.3588E-05   0.000      0.2065       0.000      0.3604       0.000    
   28400  0.7100      0.2500E-04 SHELL          4   0.0%  0.2081      0.3552E-05   0.000      0.2081       0.000      0.3604       0.000    
   28500  0.7125      0.2500E-04 SHELL          4   0.0%  0.2098      0.3515E-05   0.000      0.2098       0.000      0.3604       0.000    
   28600  0.7150      0.2500E-04 SHELL          4   0.0%  0.2114      0.3479E-05   0.000      0.2114       0.000      0.3604       0.000    
   28700  0.7175      0.2500E-04 SHELL          4   0.0%  0.2130      0.3442E-05   0.000      0.2130       0.000      0.3604       0.000    
   28800  0.7200      0.2500E-04 SHELL          4   0.0%  0.2146      0.3405E-05   0.000      0.2146       0.000      0.3604       0.000    
   28900  0.7225      0.2500E-04 SHELL          4   0.0%  0.2162      0.3368E-05   0.000      0.2162       0.000      0.3604       0.000    
   29000  0.7250      0.2500E-04 SHELL          4   0.0%  0.2178      0.3330E-05   0.000      0.2178       0.000      0.3604       0.000    
     ANIMATION FILE: A23_REFERENCE_EXTENSIONA030 WRITTEN
   29100  0.7275      0.2500E-04 SHELL          4   0.0%  0.2194      0.3293E-05   0.000      0.2194       0.000      0.3604       0.000    
   29200  0.7300      0.2500E-04 SHELL          4   0.0%  0.2210      0.3255E-05   0.000      0.2210       0.000      0.3604       0.000    
   29300  0.7325      0.2500E-04 SHELL          4   0.0%  0.2226      0.3217E-05   0.000      0.2226       0.000      0.3604       0.000    
   29400  0.7350      0.2500E-04 SHELL          4   0.0%  0.2241      0.3178E-05   0.000      0.2242       0.000      0.3604       0.000    
   29500  0.7375      0.2500E-04 SHELL          4   0.0%  0.2257      0.3140E-05   0.000      0.2257       0.000      0.3604       0.000    
   29600  0.7400      0.2500E-04 SHELL          4   0.0%  0.2273      0.3101E-05   0.000      0.2273       0.000      0.3604       0.000    
   29700  0.7425      0.2500E-04 SHELL          4   0.0%  0.2289      0.3063E-05   0.000      0.2289       0.000      0.3604       0.000    
   29800  0.7450      0.2500E-04 SHELL          4   0.0%  0.2305      0.3024E-05   0.000      0.2305       0.000      0.3604       0.000    
   29900  0.7475      0.2500E-04 SHELL          4   0.0%  0.2320      0.2985E-05   0.000      0.2320       0.000      0.3604       0.000    
   CYCLE    TIME      TIME-STEP  ELEMENT          ERROR  I-ENERGY    K-ENERGY T  K-ENERGY R  EXT-WORK     MAS.ERR     TOTAL MASS  MASS ADDED
   30000  0.7500      0.2500E-04 SHELL          4   0.0%  0.2336      0.2945E-05   0.000      0.2336       0.000      0.3604       0.000    
     ANIMATION FILE: A23_REFERENCE_EXTENSIONA031 WRITTEN
   30100  0.7525      0.2500E-04 SHELL          4   0.0%  0.2351      0.2906E-05   0.000      0.2351       0.000      0.3604       0.000    
   30200  0.7550      0.2500E-04 SHELL          4   0.0%  0.2367      0.2867E-05   0.000      0.2367       0.000      0.3604       0.000    
   30300  0.7575      0.2500E-04 SHELL          4   0.0%  0.2382      0.2827E-05   0.000      0.2382       0.000      0.3604       0.000    
   30400  0.7600      0.2500E-04 SHELL          4   0.0%  0.2398      0.2787E-05   0.000      0.2398       0.000      0.3604       0.000    
   30500  0.7625      0.2500E-04 SHELL          4   0.0%  0.2413      0.2748E-05   0.000      0.2413       0.000      0.3604       0.000    
   30600  0.7650      0.2500E-04 SHELL          4   0.0%  0.2428      0.2708E-05   0.000      0.2428       0.000      0.3604       0.000    
   30700  0.7675      0.2500E-04 SHELL          4   0.0%  0.2443      0.2668E-05   0.000      0.2443       0.000      0.3604       0.000    
   30800  0.7700      0.2500E-04 SHELL          4   0.0%  0.2458      0.2628E-05   0.000      0.2459       0.000      0.3604       0.000    
   30900  0.7725      0.2500E-04 SHELL          4   0.0%  0.2474      0.2588E-05   0.000      0.2474       0.000      0.3604       0.000    
   31000  0.7750      0.2500E-04 SHELL          4   0.0%  0.2489      0.2547E-05   0.000      0.2489       0.000      0.3604       0.000    
     ANIMATION FILE: A23_REFERENCE_EXTENSIONA032 WRITTEN
   31100  0.7775      0.2500E-04 SHELL          4   0.0%  0.2503      0.2507E-05   0.000      0.2503       0.000      0.3604       0.000    
   31200  0.7800      0.2500E-04 SHELL          4   0.0%  0.2518      0.2467E-05   0.000      0.2518       0.000      0.3604       0.000    
   31300  0.7825      0.2500E-04 SHELL          4   0.0%  0.2533      0.2427E-05   0.000      0.2533       0.000      0.3604       0.000    
   31400  0.7850      0.2500E-04 SHELL          4   0.0%  0.2548      0.2386E-05   0.000      0.2548       0.000      0.3604       0.000    
   31500  0.7875      0.2500E-04 SHELL          4   0.0%  0.2562      0.2346E-05   0.000      0.2562       0.000      0.3604       0.000    
   31600  0.7900      0.2500E-04 SHELL          4   0.0%  0.2577      0.2306E-05   0.000      0.2577       0.000      0.3604       0.000    
   31700  0.7925      0.2500E-04 SHELL          4   0.0%  0.2591      0.2266E-05   0.000      0.2591       0.000      0.3604       0.000    
   31800  0.7950      0.2500E-04 SHELL          4   0.0%  0.2606      0.2225E-05   0.000      0.2606       0.000      0.3604       0.000    
   31900  0.7975      0.2500E-04 SHELL          4   0.0%  0.2620      0.2185E-05   0.000      0.2620       0.000      0.3604       0.000    
   32000  0.8000      0.2500E-04 SHELL          4   0.0%  0.2634      0.2145E-05   0.000      0.2634       0.000      0.3604       0.000    
     ANIMATION FILE: A23_REFERENCE_EXTENSIONA033 WRITTEN
   32100  0.8025      0.2500E-04 SHELL          4   0.0%  0.2648      0.2105E-05   0.000      0.2648       0.000      0.3604       0.000    
   32200  0.8050      0.2500E-04 SHELL          4   0.0%  0.2662      0.2064E-05   0.000      0.2662       0.000      0.3604       0.000    
   32300  0.8075      0.2500E-04 SHELL          4   0.0%  0.2676      0.2024E-05   0.000      0.2676       0.000      0.3604       0.000    
   32400  0.8100      0.2500E-04 SHELL          4   0.0%  0.2690      0.1984E-05   0.000      0.2690       0.000      0.3604       0.000    
   32500  0.8125      0.2500E-04 SHELL          4   0.0%  0.2703      0.1944E-05   0.000      0.2703       0.000      0.3604       0.000    
   32600  0.8150      0.2500E-04 SHELL          4   0.0%  0.2717      0.1905E-05   0.000      0.2717       0.000      0.3604       0.000    
   32700  0.8175      0.2500E-04 SHELL          4   0.0%  0.2730      0.1865E-05   0.000      0.2730       0.000      0.3604       0.000    
   32800  0.8200      0.2500E-04 SHELL          4   0.0%  0.2744      0.1825E-05   0.000      0.2744       0.000      0.3604       0.000    
   32900  0.8225      0.2500E-04 SHELL          4   0.0%  0.2757      0.1786E-05   0.000      0.2757       0.000      0.3604       0.000    
   33000  0.8250      0.2500E-04 SHELL          4   0.0%  0.2770      0.1746E-05   0.000      0.2770       0.000      0.3604       0.000    
     ANIMATION FILE: A23_REFERENCE_EXTENSIONA034 WRITTEN
   33100  0.8275      0.2500E-04 SHELL          4   0.0%  0.2783      0.1707E-05   0.000      0.2783       0.000      0.3604       0.000    
   33200  0.8300      0.2500E-04 SHELL          4   0.0%  0.2796      0.1668E-05   0.000      0.2796       0.000      0.3604       0.000    
   33300  0.8325      0.2500E-04 SHELL          4   0.0%  0.2809      0.1629E-05   0.000      0.2809       0.000      0.3604       0.000    
   33400  0.8350      0.2500E-04 SHELL          4   0.0%  0.2821      0.1590E-05   0.000      0.2821       0.000      0.3604       0.000    
   33500  0.8375      0.2500E-04 SHELL          4   0.0%  0.2834      0.1552E-05   0.000      0.2834       0.000      0.3604       0.000    
   33600  0.8400      0.2500E-04 SHELL          4   0.0%  0.2846      0.1513E-05   0.000      0.2846       0.000      0.3604       0.000    
   33700  0.8425      0.2500E-04 SHELL          4   0.0%  0.2858      0.1475E-05   0.000      0.2858       0.000      0.3604       0.000    
   33800  0.8450      0.2500E-04 SHELL          4   0.0%  0.2871      0.1437E-05   0.000      0.2871       0.000      0.3604       0.000    
   33900  0.8475      0.2500E-04 SHELL          4   0.0%  0.2883      0.1399E-05   0.000      0.2883       0.000      0.3604       0.000    
   34000  0.8500      0.2500E-04 SHELL          4   0.0%  0.2894      0.1362E-05   0.000      0.2894       0.000      0.3604       0.000    
     ANIMATION FILE: A23_REFERENCE_EXTENSIONA035 WRITTEN
   34100  0.8525      0.2500E-04 SHELL          4   0.0%  0.2906      0.1325E-05   0.000      0.2906       0.000      0.3604       0.000    
   34200  0.8550      0.2500E-04 SHELL          4   0.0%  0.2918      0.1288E-05   0.000      0.2918       0.000      0.3604       0.000    
   34300  0.8575      0.2500E-04 SHELL          4   0.0%  0.2929      0.1251E-05   0.000      0.2929       0.000      0.3604       0.000    
   34400  0.8600      0.2500E-04 SHELL          4   0.0%  0.2940      0.1214E-05   0.000      0.2940       0.000      0.3604       0.000    
   34500  0.8625      0.2500E-04 SHELL          4   0.0%  0.2952      0.1178E-05   0.000      0.2952       0.000      0.3604       0.000    
   34600  0.8650      0.2500E-04 SHELL          4   0.0%  0.2963      0.1142E-05   0.000      0.2963       0.000      0.3604       0.000    
   34700  0.8675      0.2500E-04 SHELL          4   0.0%  0.2973      0.1107E-05   0.000      0.2973       0.000      0.3604       0.000    
   34800  0.8700      0.2500E-04 SHELL          4   0.0%  0.2984      0.1072E-05   0.000      0.2984       0.000      0.3604       0.000    
   34900  0.8725      0.2500E-04 SHELL          4   0.0%  0.2995      0.1037E-05   0.000      0.2995       0.000      0.3604       0.000    
   35000  0.8750      0.2500E-04 SHELL          4   0.0%  0.3005      0.1002E-05   0.000      0.3005       0.000      0.3604       0.000    
     ANIMATION FILE: A23_REFERENCE_EXTENSIONA036 WRITTEN
   35100  0.8775      0.2500E-04 SHELL          4   0.0%  0.3015      0.9681E-06   0.000      0.3015       0.000      0.3604       0.000    
   35200  0.8800      0.2500E-04 SHELL          4   0.0%  0.3025      0.9343E-06   0.000      0.3025       0.000      0.3604       0.000    
   35300  0.8825      0.2500E-04 SHELL          4   0.0%  0.3035      0.9008E-06   0.000      0.3035       0.000      0.3604       0.000    
   35400  0.8850      0.2500E-04 SHELL          4   0.0%  0.3045      0.8678E-06   0.000      0.3045       0.000      0.3604       0.000    
   35500  0.8875      0.2500E-04 SHELL          4   0.0%  0.3055      0.8352E-06   0.000      0.3055       0.000      0.3604       0.000    
   35600  0.8900      0.2500E-04 SHELL          4   0.0%  0.3064      0.8030E-06   0.000      0.3064       0.000      0.3604       0.000    
   35700  0.8925      0.2500E-04 SHELL          4   0.0%  0.3073      0.7712E-06   0.000      0.3073       0.000      0.3604       0.000    
   35800  0.8950      0.2500E-04 SHELL          4   0.0%  0.3082      0.7399E-06   0.000      0.3082       0.000      0.3604       0.000    
   35900  0.8975      0.2500E-04 SHELL          4   0.0%  0.3091      0.7090E-06   0.000      0.3091       0.000      0.3604       0.000    
   36000  0.9000      0.2500E-04 SHELL          4   0.0%  0.3100      0.6786E-06   0.000      0.3100       0.000      0.3604       0.000    
     ANIMATION FILE: A23_REFERENCE_EXTENSIONA037 WRITTEN
   36100  0.9025      0.2500E-04 SHELL          4   0.0%  0.3108      0.6487E-06   0.000      0.3108       0.000      0.3604       0.000    
   36200  0.9050      0.2500E-04 SHELL          4   0.0%  0.3117      0.6193E-06   0.000      0.3117       0.000      0.3604       0.000    
   36300  0.9075      0.2500E-04 SHELL          4   0.0%  0.3125      0.5904E-06   0.000      0.3125       0.000      0.3604       0.000    
   36400  0.9100      0.2500E-04 SHELL          4   0.0%  0.3133      0.5620E-06   0.000      0.3133       0.000      0.3604       0.000    
   36500  0.9125      0.2500E-04 SHELL          4   0.0%  0.3141      0.5341E-06   0.000      0.3141       0.000      0.3604       0.000    
   36600  0.9150      0.2500E-04 SHELL          4   0.0%  0.3148      0.5068E-06   0.000      0.3148       0.000      0.3604       0.000    
   36700  0.9175      0.2500E-04 SHELL          4   0.0%  0.3156      0.4800E-06   0.000      0.3156       0.000      0.3604       0.000    
   36800  0.9200      0.2500E-04 SHELL          4   0.0%  0.3163      0.4538E-06   0.000      0.3163       0.000      0.3604       0.000    
   36900  0.9225      0.2500E-04 SHELL          4   0.0%  0.3170      0.4282E-06   0.000      0.3170       0.000      0.3604       0.000    
   37000  0.9250      0.2500E-04 SHELL          4   0.0%  0.3177      0.4032E-06   0.000      0.3177       0.000      0.3604       0.000    
     ANIMATION FILE: A23_REFERENCE_EXTENSIONA038 WRITTEN
   37100  0.9275      0.2500E-04 SHELL          4   0.0%  0.3183      0.3788E-06   0.000      0.3183       0.000      0.3604       0.000    
   37200  0.9300      0.2500E-04 SHELL          4   0.0%  0.3190      0.3551E-06   0.000      0.3190       0.000      0.3604       0.000    
   37300  0.9325      0.2500E-04 SHELL          4   0.0%  0.3196      0.3319E-06   0.000      0.3196       0.000      0.3604       0.000    
   37400  0.9350      0.2500E-04 SHELL          4   0.0%  0.3202      0.3094E-06   0.000      0.3202       0.000      0.3604       0.000    
   37500  0.9375      0.2500E-04 SHELL          4   0.0%  0.3208      0.2876E-06   0.000      0.3208       0.000      0.3604       0.000    
   37600  0.9400      0.2500E-04 SHELL          4   0.0%  0.3213      0.2665E-06   0.000      0.3213       0.000      0.3604       0.000    
   37700  0.9425      0.2500E-04 SHELL          4   0.0%  0.3219      0.2461E-06   0.000      0.3219       0.000      0.3604       0.000    
   37800  0.9450      0.2500E-04 SHELL          4   0.0%  0.3224      0.2263E-06   0.000      0.3224       0.000      0.3604       0.000    
   37900  0.9475      0.2500E-04 SHELL          4   0.0%  0.3229      0.2073E-06   0.000      0.3229       0.000      0.3604       0.000    
   38000  0.9500      0.2500E-04 SHELL          4   0.0%  0.3234      0.1890E-06   0.000      0.3234       0.000      0.3604       0.000    
     ANIMATION FILE: A23_REFERENCE_EXTENSIONA039 WRITTEN
   38100  0.9525      0.2500E-04 SHELL          4   0.0%  0.3238      0.1715E-06   0.000      0.3238       0.000      0.3604       0.000    
   38200  0.9550      0.2500E-04 SHELL          4   0.0%  0.3242      0.1547E-06   0.000      0.3242       0.000      0.3604       0.000    
   38300  0.9575      0.2500E-04 SHELL          4   0.0%  0.3246      0.1387E-06   0.000      0.3246       0.000      0.3604       0.000    
   38400  0.9600      0.2500E-04 SHELL          4   0.0%  0.3250      0.1235E-06   0.000      0.3250       0.000      0.3604       0.000    
   38500  0.9625      0.2500E-04 SHELL          4   0.0%  0.3254      0.1091E-06   0.000      0.3254       0.000      0.3604       0.000    
   38600  0.9650      0.2500E-04 SHELL          4   0.0%  0.3257      0.9557E-07   0.000      0.3257       0.000      0.3604       0.000    
   38700  0.9675      0.2500E-04 SHELL          4   0.0%  0.3261      0.8283E-07   0.000      0.3261       0.000      0.3604       0.000    
   38800  0.9700      0.2500E-04 SHELL          4   0.0%  0.3264      0.7095E-07   0.000      0.3264       0.000      0.3604       0.000    
   38900  0.9725      0.2500E-04 SHELL          4   0.0%  0.3266      0.5992E-07   0.000      0.3266       0.000      0.3604       0.000    
   39000  0.9750      0.2500E-04 SHELL          4   0.0%  0.3269      0.4978E-07   0.000      0.3269       0.000      0.3604       0.000    
     ANIMATION FILE: A23_REFERENCE_EXTENSIONA040 WRITTEN
   39100  0.9775      0.2500E-04 SHELL          4   0.0%  0.3271      0.4053E-07   0.000      0.3271       0.000      0.3604       0.000    
   39200  0.9800      0.2500E-04 SHELL          4   0.0%  0.3273      0.3218E-07   0.000      0.3273       0.000      0.3604       0.000    
   39300  0.9825      0.2500E-04 SHELL          4   0.0%  0.3275      0.2477E-07   0.000      0.3275       0.000      0.3604       0.000    
   39400  0.9850      0.2500E-04 SHELL          4   0.0%  0.3277      0.1829E-07   0.000      0.3277       0.000      0.3604       0.000    
   39500  0.9875      0.2500E-04 SHELL          4   0.0%  0.3278      0.1277E-07   0.000      0.3278       0.000      0.3604       0.000    
   39600  0.9900      0.2500E-04 SHELL          4   0.0%  0.3279      0.8211E-08   0.000      0.3279       0.000      0.3604       0.000    
   39700  0.9925      0.2500E-04 SHELL          4   0.0%  0.3280      0.4642E-08   0.000      0.3280       0.000      0.3604       0.000    
   39800  0.9950      0.2500E-04 SHELL          4   0.0%  0.3280      0.2074E-08   0.000      0.3280       0.000      0.3604       0.000    
   39900  0.9975      0.2500E-04 SHELL          4   0.0%  0.3281      0.5210E-09   0.000      0.3281       0.000      0.3604       0.000    

     RESTART FILES: A23_REFERENCE_EXTENSION_0001_[0001-0001].rst WRITTEN
     -------------

   CYCLE    TIME      TIME-STEP  ELEMENT          ERROR  I-ENERGY    K-ENERGY T  K-ENERGY R  EXT-WORK     MAS.ERR     TOTAL MASS  MASS ADDED
   40000   1.000      0.2500E-04 SHELL          4  -0.0%  0.3281      0.2094E-12   0.000      0.3281       0.000      0.3604       0.000    
     ANIMATION FILE: A23_REFERENCE_EXTENSIONA041 WRITTEN
  
                           ** CPU USER TIME **
  
  
                        ** SUMMARY **
  
 #PROC  CONTSORT  CONTFOR   ELEMENT   KINCOND   INTEG     IO        T0        ASM       RESOL    
   1   .3281E+00 .4688E-01 .3094E+01 .2500E+00 .7812E-01 .5156E+00 .7656E+00 .6250E-01 .5828E+01
  
 
                   ** CUMULATIVE CPU TIME SUMMARY **
  
 CONTACT SORTING.............: .3281E+00     5.63 % 
 CONTACT FORCES..............: .4688E-01     0.80 % 
 ELEMENT FORCES..............: .3094E+01    53.08 % 
 KINEMATIC COND..............: .2500E+00     4.29 % 
 INTEGRATION.................: .7812E-01     1.34 % 
 ASSEMBLING..................: .6250E-01     1.07 % 
 OTHERS (including I/O)......: .1969E+01    33.78 % 
 TOTAL.......................: .5828E+01   100.00 % 
  
  
                           ** ELAPSED TIME **
  
  
                        ** SUMMARY **
  
 #PROC  CONTSORT  CONTFOR   ELEMENT   KINCOND   INTEG     IO        T0        ASM       RESOL    
   1   .3362E+00 .7474E-01 .2918E+01 .2785E+00 .1478E+00 .4531E+00 .8232E+00 .9999E-01 .5827E+01
  
                   ** MEMORY USAGE STATISTICS **
  
 TOTAL MEMORY USED .........................:       81 MB
 MAXIMUM MEMORY PER PROCESSOR...............:       81 MB
 MINIMUM MEMORY PER PROCESSOR...............:       81 MB
 AVERAGE MEMORY PER PROCESSOR...............:       81 MB
  
                   ** DISK USAGE STATISTICS **
  
 TOTAL DISK SPACE USED .....................:         23 MB
 ANIMATION/H3D/TH/OUTP SIZE ................:          0 MB
 RESTART FILE SIZE .........................:         22 MB
  
                   ** COMPUTE TIME INFORMATION **
                        ** CURRENT ENGINE **
  
 EXECUTION STARTED .........................:      2026/10/10  10:28:27
 EXECUTION COMPLETED .......................:      2026/10/10  10:28:33
  
 ELAPSED TIME     =          5.90 s
                          0:00:05



     NORMAL TERMINATION      



     TOTAL NUMBER OF CYCLES  :   40001

  
                   ** COMPUTE RUNTIME INFORMATION SUMMARY **
  
        STARTER RUNTIME =          4.21s (00:00:04)
 # 001   ENGINE RUNTIME =          5.90s (00:00:05)
 ------------------------------ 
 STARTER+ENGINE RUNTIME =         10.11s (00:00:10)
  
