************************************************************************
**                                                                    **
**                                                                    **
**                         OpenRadioss Engine                         **
**                                                                    **
**            Non-linear Finite Element Analysis Software             **
**                                                                    **
**                                                                    **
**                                                                    **
**                  Windows 64 bits, Intel compiler                   **
**                      Double Precision Version                      **
**                                                                    **
**                                                                    **
**                                                                    **
************************************************************************
** OpenRadioss Software                                               **
** COPYRIGHT (C) 2026 Siemens                                         **
** Licensed under GNU Affero General Public License.                  **
** See License file.                                                  **
************************************************************************
 
 ROOT: A05_ROUND_METAL  RESTART: 0001
 NUMBER OF HMPP PROCESSES     2
 05/10/2026
     ANIMATION FILE: A05_ROUND_METALA001 WRITTEN
     ANIMATION FILE: A05_ROUND_METALA002 WRITTEN
     ANIMATION FILE: A05_ROUND_METALA003 WRITTEN
     ANIMATION FILE: A05_ROUND_METALA004 WRITTEN
     ANIMATION FILE: A05_ROUND_METALA005 WRITTEN
     ANIMATION FILE: A05_ROUND_METALA006 WRITTEN
     ANIMATION FILE: A05_ROUND_METALA007 WRITTEN
     ANIMATION FILE: A05_ROUND_METALA008 WRITTEN
     ANIMATION FILE: A05_ROUND_METALA009 WRITTEN
     ANIMATION FILE: A05_ROUND_METALA010 WRITTEN
     RESTART FILES: A05_ROUND_METAL_0001_[0001-0001].rst WRITTEN
     ANIMATION FILE: A05_ROUND_METALA011 WRITTEN
  
                           ** CPU USER TIME **
  
  
                        ** SUMMARY **
  
 #PROC  CONTSORT  CONTFOR   ELEMENT   KINCOND   INTEG     IO        T0        ASM       RESOL    
   1   .5312E+00 .1094E+00 .5452E+02 .3422E+01 .1172E+01 .4750E+01 .9375E-01 .3016E+01 .7094E+02
 
                   ** CUMULATIVE CPU TIME SUMMARY **
  
 CONTACT SORTING.............: .5312E+00     0.75 % 
 CONTACT FORCES..............: .1094E+00     0.15 % 
 ELEMENT FORCES..............: .5452E+02    76.85 % 
 KINEMATIC COND..............: .3422E+01     4.82 % 
 INTEGRATION.................: .1172E+01     1.65 % 
 ASSEMBLING..................: .3016E+01     4.25 % 
 OTHERS (including I/O)......: .8172E+01    11.52 % 
 TOTAL.......................: .7094E+02   100.00 % 
  
                   ** MEMORY USAGE STATISTICS **
  
 TOTAL MEMORY USED .........................:      229 MB
 MAXIMUM MEMORY PER PROCESSOR...............:      229 MB
 MINIMUM MEMORY PER PROCESSOR...............:      229 MB
 AVERAGE MEMORY PER PROCESSOR...............:      229 MB
  
                   ** DISK USAGE STATISTICS **
  
 TOTAL DISK SPACE USED .....................:        121 MB
 ANIMATION/H3D/TH/OUTP SIZE ................:         65 MB
 RESTART FILE SIZE .........................:         55 MB
  
 ELAPSED TIME     =         35.69 s
                          0:00:35
  
     NORMAL TERMINATION      
     TOTAL NUMBER OF CYCLES  :    2723
