 V8W_FF_P100_DT090_T1_0000.out
************************************************************************
**                                                                    **
**                                                                    **
**                        OpenRadioss Starter                         **
**                                                                    **
**            Non-linear Finite Element Analysis Software             **
**                                                                    **
**                                                                    **
**                                                                    **
**                  Windows 64 bits, Intel compiler                   **
**                      Double Precision Version                      **
**                                                                    **
**                                                                    **
**                                                                    **
************************************************************************
** OpenRadioss Software                                               **
** COPYRIGHT (C) 2026 Siemens                                         **
** Licensed under GNU Affero General Public License.                  **
** See License file.                                                  **
************************************************************************
 
  
 COMPUTATION HARDWARE DESCRIPTION
  
 HOSTNAME     CPU TYPE, FREQUENCY AND MEMORY
 jeux   AMD Ryzen 5 5600 6-Core Processor               (x86_64), 3700 MHz,   6037 MB RAM,  22954 MB swap
  
 STACKSIZE  . . . . . . . . . . . . . . . . . . . . 1430 MB
 THREAD STACKSIZE . . . . . . . . . . . . . . . . . 400 MB
 
************************************************************************


************************************************************************
* INPUT READING PROCESS
************************************************************************

WARNING ID : 100214
** WARNING IN INPUT OPTIONS
DESCRIPTION :  
-- BLOCK: /PROP/SHELL/3
-- LINE: 5         0             51.9292                   0                   0         0
unsupported field exists
SOLUTION :     
    Please check input format and fields description defined in the Reference Guide.

WARNING ID : 100214
** WARNING IN INPUT OPTIONS
DESCRIPTION :  
-- BLOCK: /PROP/SHELL/4
-- LINE: 5         0             18.6079                   0                   0         0
unsupported field exists
SOLUTION :     
    Please check input format and fields description defined in the Reference Guide.

 -NO SYNTAX ERROR DETECTED DURING INPUT READING PROCESS




************************************************************************



    UNIT SYSTEMS DEFINITION     
    -----------------------     

                                                          MASS                LENGTH              TIME
    WORK UNIT SYSTEM . . . . . . ( g  , mm , ms  ) 1.0000000000000E-03 1.0000000000000E-03 1.0000000000000E-03
    INPUT UNIT SYSTEM  . . . . . ( g  , mm , ms  ) 1.0000000000000E-03 1.0000000000000E-03 1.0000000000000E-03
V8W_FF_P100_DT090_T1 free_flight pairwise core-cowling qualification


    CONTROL  PARAMETERS                                                                  
    -------------------                                                                  

    IPRI  : PRINTOUT FLAG . . . . . . . . . . . . . . . .         0
    INVERS: MANUAL VERSION OF THIS INPUT DECK . . . . . .      2026
    NSUBS:   NUMBER OF SUBSETS. . . . . . . . . . . . . .         1
    NPART:   NUMBER OF PARTS. . . . . . . . . . . . . . .         2
    NUMMAT: NUMBER OF MATERIALS . . . . . . . . . . . . .         2
    NUMGEO: NUMBER OF PROPERTY SETS . . . . . . . . . . .         2
    NUMNOD: NUMBER OF NODAL POINTS. . . . . . . . . . . .      2852
    NUMSKW: NUMBER OF SKEW REFERENCE FRAMES . . . . . . .         0
    NUMBCS: NUMBER OF BOUNDARY CONDITIONS . . . . . . . .         0
    NUMFRAM: NUMBER OF REFERENCE FRAMES . . . . . . . . .         0
    NUMELQ: NUMBER OF 2D QUAD ELEMENTS. . . . . . . . . .         0
    NUMELT3 : NUMBER OF 2D TRIA ELEMENTS. . . . . . . . .         0
    NUMELS: NUMBER OF 3D SOLID ELEMENTS . . . . . . . . .         0
    NUMELC: NUMBER OF 3D SHELL ELEMENTS (4-NODES) . . . .      2790
    NUMELT: NUMBER OF 3D TRUSS ELEMENTS . . . . . . . . .         0
    NUMELP: NUMBER OF 3D BEAM  ELEMENTS . . . . . . . . .         0
    NUMELR: NUMBER OF 3D SPRING ELEMENTS. . . . . . . . .         0
    NUMELTG: NUMBER OF 3D SHELL ELEMENTS (3-NODES). . . .         0
    NUMELX: NUMBER OF MULTIPURPOSE ELEMENTS . . . . . . .         0
    NUMELIG3D: NUMBER OF ISO-GEOMETRIC ELEMENTS . . . . .         0
    NUMSPH : NUMBER OF SMOOTH PARTICLES (SPH CELLS) . . .         0
    NSPHBCS: NUMBER OF SPH SYMMETRY CONDITIONS. . . . . .         0
    NSPHIO : NUMBER OF SPH INLET/OUTLET CONDITIONS. . . .         0

    NFUNCT: NUMBER OF USER'S FUNCTIONS . . . . . . . . .          0
    NGRAV:  NUMBER OF GRAVITY LOADS . . . . . . . . . . .         0
    NFUNC2D:  NUMBER OF USER 2D FUNCTIONS . . . . . . . .         0
    NINIGRV:NUMBER OF INITIAL GRAVITY LOADS . . . . . . .         0
    NCONLD: NUMBER OF CONCENTRATED LOADS. . . . . . . . .         0
    NINVEL: NUMBER OF INITIAL VELOCITIES. . . . . . . . .         1
    NPRELD: NUMBER OF PRESSURE LOADS. . . . . . . . . . .         0
    NINIMAP1D: NUMBER OF INITIAL 1D MAPPING.. . . . . . .         0
    NINIMAP2D: NUMBER OF INITIAL 2D MAPPING.. . . . . . .         0
    NUMBER OF ACCELEROMETERS. . . . . . . . . . . . . . .         0
    NUMBER OF SENSORS . . . . . . . . . . . . . . . . . .         0
    NUMBER OF GAUGES. . . . . . . . . . . . . . . . . . .         0
    NINTER: NUMBER OF INTERFACES. . . . . . . . . . . . .         2
    NRWALL: NUMBER OF RIGID WALLS . . . . . . . . . . . .         0
    NRBODY: NUMBER OF RIGID BODIES. . . . . . . . . . . .         0
    NFXBODY: NUMBER OF FLEXIBLE BODIES. . . . . . . . . .         0
    NCONX : NUMBER OF RIGID LINKS TO MADYMO BODIES. . . .         0
    NODMAS: NUMBER OF ADDED NODAL MASSES. . . . . . . . .         0
    NIMPDISP: NUMBER OF IMPOSED DISPLACEMENTS . . . . . .         0
    NIMPVEL: NUMBER OF IMPOSED VELOCITIES . . . . . . . .         0
    NIMPACC: NUMBER OF IMPOSED ACCELERATIONS . . . . . .          0
    NRIVET: NUMBER OF RIVETS OR SPOT WELDS. . . . . . . .         0
    NSECT : NUMBER OF SECTIONS SAVED (TIME HISTORY PLOTS)         0
    NJOINT: NUMBER OF JOINTS. . . . . . . . . . . . . . .         0
    NACTIV: NUMBER OF ELEMENT DEACTIVATION GROUPS . . . .         0
    NDAMP:  NUMBER OF RAYLEIGH DAMPING GROUPS . . . . . .         0
    NGJOINT: NUMBER OF GEAR TYPE JOINTS . . . . . . . . .         0
    NUMMPC: NUMBER OF MULTI-POINT CONSTRAINTS . . . . . .         0
    NR2RLNK: NUMBER OF EXTERNAL COUPLING LINKS . . . . .          0
    NSUBDOM: NUMBER OF SUBDOMAINS . . . . . .. . . . . .          0
    NVOLU:  NUMBER OF MONITORED VOLUMES . . . . . . . . .         0
    NEIG:   NUMBER OF EIGEN AND STATIC MODES PROBLEMS . .         0
    NBEM:   NUMBER OF BEM SOLVED PROBLEMS . . . . . . . .         0
    NRBE2:  NUMBER OF RBE2 RIGID ELEMENTS . . . . . . . .         0
    NRBE3:  NUMBER OF RBE3 CONSTRAINT ELEMENTS  . . . . .         0
    INITIAL STRESS FILE =
                                          FLAG ISIGI. . .         0


    N2D3D : ANALYSIS TYPE: 0=3D,1=AXISYM,2=PLANE STRAIN .         0


    ANALYSIS OPTIONS
    ----------------

    INTEG8 : 8 GAUSS POINT CONDENSED INTEGRATION . . . . .         0
    IPARITH: PARALLEL ARITHMETIC FLAG (2 OFF, 1 0N). . . .         1
    IUSERW : GENERAL USER WINDOW FLAG. . . . . . . . . . .         0
    ISOLID : DEFAULT BRICK FORMULATION FLAG. . . . . . . .         1
    ITET4  : DEFAULT TETRA4 FORMULATION FLAG . . . . . . .         0
    ITET10 : DEFAULT TETRA10 FORMULATION FLAG. . . . . . .      1000
    ISMSTR : DEFAULT BRICK SMALL STRAIN FLAG . . . . . . .         0
    ICPRE  : DEFAULT SOLID CONSTANT PRESSURE FLAG. . . . .         0
    ISHELL : DEFAULT SHELL FORMULATION FLAG. . . . . . . .         1
    ISST   : DEFAULT SHELL SMALL STRAIN FLAG . . . . . . .         0
    ITHK   : DEFAULT SHELL THICKNESS VARIATION FLAG. . . .         0
    IPLA   : DEFAULT PLANE STRESS PLASTICITY FLAG. . . . .         0
    ISTR   : DEFAULT SHELL STRAIN COMPUTATION FLAG . . . .         1
    ISHEA  : DEFAULT SHELL SHEAR COMPUTATION FLAG. . . . .         0
    INSH   : SHELL INERTIA FLAG. . . . . . . . . . . . . .         0
    ISH3N  : DEFAULT 3 NODE SHELL FORMULATION FLAG . . . .         2
    NPTS   : SHELL PROPERTIES DEFAULT NUMBER OF           
             INTEGRATION POINTS OR LAYERS. . . . . . . . .        -1
    IFRAME : DEFAULT SOLID FRAME FORMULATION FLAG . . . .          1
    IOFFSET: DEFAULT SHELL OFFSET FLAG. . . . . . . . . .          0
    ICONTROL:DEFAULT SOLID DISTORTION CONTROL FLAG. . . .          0
    ISHFRAM: LOCAL SHELL FRAME DEFINITION. . . . . . . . .         0


    LAGRANGE MULTIPLIER OPTIONS
    ---------------------------
    LAGM_TOL:CONVERGENCE CRITERION. . . . . . . . . . . . 1.0000000000000E-11


    NODAL MASS DISTRIBUTION FLAG . . . . . . . . .         0


    SPEED PARAMETERS  
    ----------------  

    STARTER RUNNING ON. . . . . . . . . . . . . . . . . .         1 THREAD              
    NUMBER OF SPMD DOMAINS. . . . . . . . . . . . . . . .         1
    NUMBER OF THREADS PER DOMAIN. . . . . . . . . . . . .         1
    ARCHITECTURE OPTIMIZATION . . . . . . . . . . . . . .        22, win64               
    SIZE OF ELEMENT BUFFER. . . . . . . . . . . . . . . .       128
 
     INFO : OMP_NUM_THREADS SET, DEFAULT SETTING IGNORED
  


    MATERIAL LAWS
    -------------
    NUMBER OF MATERIALS. . . . . . . . . =         2




     Equivalent deformable engine-core steel; unchanged V8V hypothesis
     MATERIAL NUMBER . . . . . . . . . . . .=         2
     MATERIAL LAW  . . . . . . . . . . . . . .= PLAS_JOHNS

       ELASTIC PLASTIC LAW                   
       -------------------                   


     INITIAL DENSITY . . . . . . . . . . . .= 7.8600000000000E-03

     YOUNG MODULUS . . . . . . . . . . . . .=  200000.0000000    
     POISSON  RATIO. . . . . . . . . . . . .= 0.3000000000000    
     SHEAR MODULUS . . . . . . . . . . . . .=  76923.07692308    


     JOHNSON COOK MODEL :
     YIELD STRESS  . . . . . . . . . . . . .=  800.0000000000    
     ULTIMATE STRESS (UTS) . . . . . . . . .=  1000.000000000    
     STRAIN AT UTS (Ag). . . . . . . . . . .= 0.1000000000000    
     YIELD COEFFICIENT A . . . . . . . . . .=  800.0000000000    
     YIELD COEFFICIENT B . . . . . . . . . .=  682.1535137032    
     YIELD COEFFICIENT N . . . . . . . . . .= 0.3494706592825    
     EPS-MAX . . . . . . . . . . . . . . . .= 0.2000000000000    
     SIG-MAX . . . . . . . . . . . . . . . .= 1.0000000000000E+20
     ISO-KINEMATIC HARDENING FACTOR. . . . .=  0.000000000000    


     FLAG FOR STRAIN RATE DEPENDENCY TYPE. .=         2
        VP=1  EQUIVALENT PLASTIC STRAIN RATE
        VP=2  TOTAL STRAIN RATE (DEFAULT)
        VP=3  DEVIATORIC STRAIN RATE
     STRAIN RATE COEFFICIENT CC. . . . . . .= 1.0000000000000E-02
     REFERENCE STRAIN RATE . . . . . . . . .= 1.0000000000000E-03
     FLAG FOR STRAIN RATE ON SIG-MAX . . . .=         1
     SMOOTH STRAIN RATE OPTION . . . . . . .=         1
     STRAIN RATE CUTTING FREQUENCY . . . . .=  1.000000000000    
     TEMPERATURE EXPONENT. . . . . . . . . .=  1.000000000000    
     MELTING TEMPERATURE K . . . . . . . . .= 1.0000000000000E+20
     SPECIFIC HEAT Rho*Cp. . . . . . . . . .=  0.000000000000    
     INITIAL TEMPERATURE K . . . . . . . . .=  300.0000000000    
     MAXIMAL TEMPERATURE K . . . . . . . . .= 1.0000000000000E+20
     PRESSURE CUTOFF IN TENSION. . . . . . .=-1.0000000000000E+20




     Equivalent deformable cowling aluminum; widened-opening V8W hypothesis
     MATERIAL NUMBER . . . . . . . . . . . .=         3
     MATERIAL LAW  . . . . . . . . . . . . . .= PLAS_JOHNS

       ELASTIC PLASTIC LAW                   
       -------------------                   


     INITIAL DENSITY . . . . . . . . . . . .= 2.7000000000000E-03

     YOUNG MODULUS . . . . . . . . . . . . .=  70000.00000000    
     POISSON  RATIO. . . . . . . . . . . . .= 0.3300000000000    
     SHEAR MODULUS . . . . . . . . . . . . .=  26315.78947368    


     JOHNSON COOK MODEL :
     YIELD STRESS  . . . . . . . . . . . . .=  300.0000000000    
     ULTIMATE STRESS (UTS) . . . . . . . . .=  450.0000000000    
     STRAIN AT UTS (Ag). . . . . . . . . . .= 0.1200000000000    
     YIELD COEFFICIENT A . . . . . . . . . .=  300.0000000000    
     YIELD COEFFICIENT B . . . . . . . . . .=  375.3221105950    
     YIELD COEFFICIENT N . . . . . . . . . .= 0.2799885166408    
     EPS-MAX . . . . . . . . . . . . . . . .= 0.1200000000000    
     SIG-MAX . . . . . . . . . . . . . . . .= 1.0000000000000E+20
     ISO-KINEMATIC HARDENING FACTOR. . . . .=  0.000000000000    


     FLAG FOR STRAIN RATE DEPENDENCY TYPE. .=         2
        VP=1  EQUIVALENT PLASTIC STRAIN RATE
        VP=2  TOTAL STRAIN RATE (DEFAULT)
        VP=3  DEVIATORIC STRAIN RATE
     STRAIN RATE COEFFICIENT CC. . . . . . .=  0.000000000000    
     REFERENCE STRAIN RATE . . . . . . . . .=  1.000000000000    
     FLAG FOR STRAIN RATE ON SIG-MAX . . . .=         1
     SMOOTH STRAIN RATE OPTION . . . . . . .=         0
     STRAIN RATE CUTTING FREQUENCY . . . . .=  1.000000000000    
     TEMPERATURE EXPONENT. . . . . . . . . .=  1.000000000000    
     MELTING TEMPERATURE K . . . . . . . . .= 1.0000000000000E+20
     SPECIFIC HEAT Rho*Cp. . . . . . . . . .=  0.000000000000    
     INITIAL TEMPERATURE K . . . . . . . . .=  300.0000000000    
     MAXIMAL TEMPERATURE K . . . . . . . . .= 1.0000000000000E+20
     PRESSURE CUTOFF IN TENSION. . . . . . .=-1.0000000000000E+20




         PROPERTY SETS
         -------------


ENGINE_CORE_EQUIVALENT_MASS_QEPH        
     ISOTROPIC SHELL PROPERTY SET
     PROPERTY SET NUMBER . . . . . . . . . .=         3
     NUMBER OF INTEGRATION POINTS. . . . . .=         5
     POST PROCESSING STRAIN FLAG . . . . . .=         1
     SHELL THICKNESS . . . . . . . . . . . .=  51.92920000000    
     SMALL STRAIN FLAG . . . . . . . . . . .=         2
     SHELL FORMULATION FLAG. . . . . . . . .=        24
     3NODE SHELL FORMULATION FLAG. . . . . .=         2
     DRILLING D.O.F. FLAG  . . . . . . . . .=         0
     PINCHING D.O.F. FLAG  . . . . . . . . .=         0
     SHELL MEMBRANE DAMPING. . . . . . . . .=  0.000000000000    
     SHELL NUMERICAL DAMPING . . . . . . . .= 1.5000000000000E-02
     SHEAR AREA REDUCTION FACTOR . . . . . .= 0.8333333333333    
     ELEMENT DELETION PARAMETER. . . . . . .= 0.9999990000000    
      > 0.0 : FRACTION OF FAILED THICKNESS   
      < 0.0 : FRACTION OF FAILED INTG. POINTS
     SHEAR FORMULATION FLAG. . . . . . . . .=         0
     THICKNESS VARIATION FLAG. . . . . . . .=         0
     PLASTICITY FORMULATION FLAG . . . . . .=         0
     SHELL OFFSET POSITION FLAG . . . . . . =         0


COWLING_EQUIVALENT_MASS_QEPH            
     ISOTROPIC SHELL PROPERTY SET
     PROPERTY SET NUMBER . . . . . . . . . .=         4
     NUMBER OF INTEGRATION POINTS. . . . . .=         5
     POST PROCESSING STRAIN FLAG . . . . . .=         1
     SHELL THICKNESS . . . . . . . . . . . .=  18.60790000000    
     SMALL STRAIN FLAG . . . . . . . . . . .=         2
     SHELL FORMULATION FLAG. . . . . . . . .=        24
     3NODE SHELL FORMULATION FLAG. . . . . .=         2
     DRILLING D.O.F. FLAG  . . . . . . . . .=         0
     PINCHING D.O.F. FLAG  . . . . . . . . .=         0
     SHELL MEMBRANE DAMPING. . . . . . . . .=  0.000000000000    
     SHELL NUMERICAL DAMPING . . . . . . . .= 1.5000000000000E-02
     SHEAR AREA REDUCTION FACTOR . . . . . .= 0.8333333333333    
     ELEMENT DELETION PARAMETER. . . . . . .= 0.9999990000000    
      > 0.0 : FRACTION OF FAILED THICKNESS   
      < 0.0 : FRACTION OF FAILED INTG. POINTS
     SHEAR FORMULATION FLAG. . . . . . . . .=         0
     THICKNESS VARIATION FLAG. . . . . . . .=         0
     PLASTICITY FORMULATION FLAG . . . . . .=         0
     SHELL OFFSET POSITION FLAG . . . . . . =         0




       PARTS
       -----



PART:         3,DEFORMABLE_ENGINE_CORE_EQUIVALENT
----
     PROPERTY    :         3 (TYPE 01),ENGINE_CORE_EQUIVALENT_MASS_QEPH
     MATERIAL    :         2 (LAW  02),Equivalent deformable engine-core steel; unchanged V8V hypothesis
     SUBSET      :         0
     FRAMEWORK   :         LAGRANGE
     VIRT. THICKN:         0.000000000000    

PART:         4,DEFORMABLE_COWLING_EQUIVALENT
----
     PROPERTY    :         4 (TYPE 01),COWLING_EQUIVALENT_MASS_QEPH
     MATERIAL    :         3 (LAW  02),Equivalent deformable cowling aluminum; widened-opening V8W hypothesis
     SUBSET      :         0
     FRAMEWORK   :         LAGRANGE
     VIRT. THICKN:         0.000000000000    


       HIERARCHICAL SUBSET ORGANIZATION
       --------------------------------


  
  
 SUBSET:         0,GLOBAL MODEL                                                                                                     
 ~~~~~~
  |
  |________Part(s):         3,DEFORMABLE_ENGINE_CORE_EQUIVALENT       
                            4,DEFORMABLE_COWLING_EQUIVALENT           
  
 SPMD IS CHECKING FOR ELEMENT DELETION IN : 
 V8W_FF_P100_DT090_T1_0001.rad                                                                                
 
 DOMAIN DECOMPOSITION USING MULTILEVEL KWAY
 ------------------------------------------
 DOMAIN DECOMPOSITION OPTIMIZED FOR PARALLEL ARITHMETIC ON
 DOMAIN DECOMPOSITION : OPTIMIZED FOR BROADWELL PROCESSOR

    INTERFACES               
  --------------             



   INTERFACE NUMBER :         2 CORE_NODES_TO_COWLING_SURFACE


    TYPE==7   PARALLEL/AUTO IMPACTING           


    BOUND. COND. DELETED AFTER IMPACT . . . . . IN X DIR       0
       SECONDARY NODE  (1:YES 0:NO)                Y DIR       0
                                                   Z DIR       0
    STIFFNESS FACTOR. . . . . . . . . . . . . .   1.000000000000    
    STIFFNESS FORMULATION. .  . . . . . . . . .                4
 2,3,4,5 : STIFFNESS IS COMPUTED FROM STIFFNESS ON MAIN SIDE
                            AND STIFFNESS AT SECONDARY NODES
    1000 : STIFFNESS IS COMPUTED FROM STIFFNESS ON MAIN SIDE
    MINIMUM STIFFNESS. . . .  . . . . . . . . .   0.000000000000    
    MAXIMUM STIFFNESS. . . .  . . . . . . . . .  1.0000000000000E+30
    FRICTION FACTOR . . . . . . . . . . . . . .   0.000000000000    
    VARIABLE GAP FLAG . . . . . . . . . . . . .                2
    MINIMUM GAP . . . . . . . . . . . . . . . .   0.000000000000    
    MAXIMUM GAP (= 0. <=> NO MAXIMUM GAP) . . .  1.0000000000000E+30
    %MESHSIZE TAKEN INTO ACCOUNT FOR            
    CALCULATION OF MAXIMUM GAP(IGAP = 3). . . .   0.000000000000    
    FLAGREMNODE : NOT CONSIDER NEIGHBORING      
    NODES IN CASE OF ELEMENT SIZE < GAP VALUE .                1
    DE-ACTIVATION FLAG IF CONFLICT W/ TYPE2 . .                3
    GAP SCALE FACTOR. . . . . . . . . . . . . .   1.000000000000    
    START TIME. . . . . . . . . . . . . . . . .   0.000000000000    
    STOP TIME . . . . . . . . . . . . . . . . .  1.0000000000000E+30
    BUCKET FACTOR . . . . . . . . . . . . . . .  0.2000000000000    
    DE-ACTIVATION OF INITIAL PENETRATIONS . . .             1000
    MAXIMUM INITIAL PENETRATION FACTOR. . . . .   0.000000000000    
    CRITICAL DAMPING FACTOR . . . . . . . . . .  5.0000000000000E-02
    FRICTION CRITICAL DAMPING FACTOR. . . . . .   0.000000000000    
    QUADRATIC DAMPING FLAG. . . . . . . . . . .                0
    FORMULATION LEVEL . . . . . . . . . . . . .                0
    MEAN POSSIBLE NUMBER OF IMPACT/NODE . . . .                4

    DELETION FLAG ON FAILURE OF MAIN ELEMENT (1:YES-ALL/2:YES-ANY) :     2

    FRICTION FORMULATION: TOTAL (VISCOUS) FORMULATION
    FRICTION FILTERING FLAG. . . . . . . . .          0
    FILTERING FACTOR . . . . . . . . . . . .   0.000000000000    

    FRICTION MODEL 0 (Coulomb Law) :
      FRICTION COEFFICIENT . . . . . . . . .   0.000000000000    

      SECONDARY SURFACE INPUT BY NODES
      MAIN SURFACE INPUT BY SEGMENTS

    INTERFACES               
  --------------             



   INTERFACE NUMBER :         3 COWLING_NODES_TO_CORE_SURFACE


    TYPE==7   PARALLEL/AUTO IMPACTING           


    BOUND. COND. DELETED AFTER IMPACT . . . . . IN X DIR       0
       SECONDARY NODE  (1:YES 0:NO)                Y DIR       0
                                                   Z DIR       0
    STIFFNESS FACTOR. . . . . . . . . . . . . .   1.000000000000    
    STIFFNESS FORMULATION. .  . . . . . . . . .                4
 2,3,4,5 : STIFFNESS IS COMPUTED FROM STIFFNESS ON MAIN SIDE
                            AND STIFFNESS AT SECONDARY NODES
    1000 : STIFFNESS IS COMPUTED FROM STIFFNESS ON MAIN SIDE
    MINIMUM STIFFNESS. . . .  . . . . . . . . .   0.000000000000    
    MAXIMUM STIFFNESS. . . .  . . . . . . . . .  1.0000000000000E+30
    FRICTION FACTOR . . . . . . . . . . . . . .   0.000000000000    
    VARIABLE GAP FLAG . . . . . . . . . . . . .                2
    MINIMUM GAP . . . . . . . . . . . . . . . .   0.000000000000    
    MAXIMUM GAP (= 0. <=> NO MAXIMUM GAP) . . .  1.0000000000000E+30
    %MESHSIZE TAKEN INTO ACCOUNT FOR            
    CALCULATION OF MAXIMUM GAP(IGAP = 3). . . .   0.000000000000    
    FLAGREMNODE : NOT CONSIDER NEIGHBORING      
    NODES IN CASE OF ELEMENT SIZE < GAP VALUE .                1
    DE-ACTIVATION FLAG IF CONFLICT W/ TYPE2 . .                3
    GAP SCALE FACTOR. . . . . . . . . . . . . .   1.000000000000    
    START TIME. . . . . . . . . . . . . . . . .   0.000000000000    
    STOP TIME . . . . . . . . . . . . . . . . .  1.0000000000000E+30
    BUCKET FACTOR . . . . . . . . . . . . . . .  0.2000000000000    
    DE-ACTIVATION OF INITIAL PENETRATIONS . . .             1000
    MAXIMUM INITIAL PENETRATION FACTOR. . . . .   0.000000000000    
    CRITICAL DAMPING FACTOR . . . . . . . . . .  5.0000000000000E-02
    FRICTION CRITICAL DAMPING FACTOR. . . . . .   0.000000000000    
    QUADRATIC DAMPING FLAG. . . . . . . . . . .                0
    FORMULATION LEVEL . . . . . . . . . . . . .                0
    MEAN POSSIBLE NUMBER OF IMPACT/NODE . . . .                4

    DELETION FLAG ON FAILURE OF MAIN ELEMENT (1:YES-ALL/2:YES-ANY) :     2

    FRICTION FORMULATION: TOTAL (VISCOUS) FORMULATION
    FRICTION FILTERING FLAG. . . . . . . . .          0
    FILTERING FACTOR . . . . . . . . . . . .   0.000000000000    

    FRICTION MODEL 0 (Coulomb Law) :
      FRICTION COEFFICIENT . . . . . . . . .   0.000000000000    

      SECONDARY SURFACE INPUT BY NODES
      MAIN SURFACE INPUT BY SEGMENTS


 INTERFACE NUMBER. . . . . . . . . . . . . .         2
 INTERFACE TYPE. . . . . . . . . . . . . . .     7

  GAP MIN =   18.60790000000    
  POSSIBLE IMPACT NUMBER:           0  (<=           1 *NSN)


 INTERFACE NUMBER. . . . . . . . . . . . . .         3
 INTERFACE TYPE. . . . . . . . . . . . . . .     7

  GAP MIN =   50.00000000000    
  POSSIBLE IMPACT NUMBER:           0  (<=           1 *NSN)
 
 --------------------------------------
 NEW DOMAIN DECOMPOSITION FOR OPTIMIZATION
 --------------------------------------
 
 DOMAIN DECOMPOSITION USING MULTILEVEL KWAY
 ------------------------------------------
 DOMAIN DECOMPOSITION OPTIMIZED FOR PARALLEL ARITHMETIC ON
 DOMAIN DECOMPOSITION : OPTIMIZED FOR BROADWELL PROCESSOR

    INTERFACES               
  --------------             



   INTERFACE NUMBER :         2 CORE_NODES_TO_COWLING_SURFACE


    TYPE==7   PARALLEL/AUTO IMPACTING           


    BOUND. COND. DELETED AFTER IMPACT . . . . . IN X DIR       0
       SECONDARY NODE  (1:YES 0:NO)                Y DIR       0
                                                   Z DIR       0
    STIFFNESS FACTOR. . . . . . . . . . . . . .   1.000000000000    
    STIFFNESS FORMULATION. .  . . . . . . . . .                4
 2,3,4,5 : STIFFNESS IS COMPUTED FROM STIFFNESS ON MAIN SIDE
                            AND STIFFNESS AT SECONDARY NODES
    1000 : STIFFNESS IS COMPUTED FROM STIFFNESS ON MAIN SIDE
    MINIMUM STIFFNESS. . . .  . . . . . . . . .   0.000000000000    
    MAXIMUM STIFFNESS. . . .  . . . . . . . . .  1.0000000000000E+30
    FRICTION FACTOR . . . . . . . . . . . . . .   0.000000000000    
    VARIABLE GAP FLAG . . . . . . . . . . . . .                2
    MINIMUM GAP . . . . . . . . . . . . . . . .   0.000000000000    
    MAXIMUM GAP (= 0. <=> NO MAXIMUM GAP) . . .  1.0000000000000E+30
    %MESHSIZE TAKEN INTO ACCOUNT FOR            
    CALCULATION OF MAXIMUM GAP(IGAP = 3). . . .   0.000000000000    
    FLAGREMNODE : NOT CONSIDER NEIGHBORING      
    NODES IN CASE OF ELEMENT SIZE < GAP VALUE .                1
    DE-ACTIVATION FLAG IF CONFLICT W/ TYPE2 . .                3
    GAP SCALE FACTOR. . . . . . . . . . . . . .   1.000000000000    
    START TIME. . . . . . . . . . . . . . . . .   0.000000000000    
    STOP TIME . . . . . . . . . . . . . . . . .  1.0000000000000E+30
    BUCKET FACTOR . . . . . . . . . . . . . . .  0.2000000000000    
    DE-ACTIVATION OF INITIAL PENETRATIONS . . .             1000
    MAXIMUM INITIAL PENETRATION FACTOR. . . . .   0.000000000000    
    CRITICAL DAMPING FACTOR . . . . . . . . . .  5.0000000000000E-02
    FRICTION CRITICAL DAMPING FACTOR. . . . . .   0.000000000000    
    QUADRATIC DAMPING FLAG. . . . . . . . . . .                0
    FORMULATION LEVEL . . . . . . . . . . . . .                0
    MEAN POSSIBLE NUMBER OF IMPACT/NODE . . . .                4

    DELETION FLAG ON FAILURE OF MAIN ELEMENT (1:YES-ALL/2:YES-ANY) :     2

    FRICTION FORMULATION: TOTAL (VISCOUS) FORMULATION
    FRICTION FILTERING FLAG. . . . . . . . .          0
    FILTERING FACTOR . . . . . . . . . . . .   0.000000000000    

    FRICTION MODEL 0 (Coulomb Law) :
      FRICTION COEFFICIENT . . . . . . . . .   0.000000000000    

      SECONDARY SURFACE INPUT BY NODES
      MAIN SURFACE INPUT BY SEGMENTS

    INTERFACES               
  --------------             



   INTERFACE NUMBER :         3 COWLING_NODES_TO_CORE_SURFACE


    TYPE==7   PARALLEL/AUTO IMPACTING           


    BOUND. COND. DELETED AFTER IMPACT . . . . . IN X DIR       0
       SECONDARY NODE  (1:YES 0:NO)                Y DIR       0
                                                   Z DIR       0
    STIFFNESS FACTOR. . . . . . . . . . . . . .   1.000000000000    
    STIFFNESS FORMULATION. .  . . . . . . . . .                4
 2,3,4,5 : STIFFNESS IS COMPUTED FROM STIFFNESS ON MAIN SIDE
                            AND STIFFNESS AT SECONDARY NODES
    1000 : STIFFNESS IS COMPUTED FROM STIFFNESS ON MAIN SIDE
    MINIMUM STIFFNESS. . . .  . . . . . . . . .   0.000000000000    
    MAXIMUM STIFFNESS. . . .  . . . . . . . . .  1.0000000000000E+30
    FRICTION FACTOR . . . . . . . . . . . . . .   0.000000000000    
    VARIABLE GAP FLAG . . . . . . . . . . . . .                2
    MINIMUM GAP . . . . . . . . . . . . . . . .   0.000000000000    
    MAXIMUM GAP (= 0. <=> NO MAXIMUM GAP) . . .  1.0000000000000E+30
    %MESHSIZE TAKEN INTO ACCOUNT FOR            
    CALCULATION OF MAXIMUM GAP(IGAP = 3). . . .   0.000000000000    
    FLAGREMNODE : NOT CONSIDER NEIGHBORING      
    NODES IN CASE OF ELEMENT SIZE < GAP VALUE .                1
    DE-ACTIVATION FLAG IF CONFLICT W/ TYPE2 . .                3
    GAP SCALE FACTOR. . . . . . . . . . . . . .   1.000000000000    
    START TIME. . . . . . . . . . . . . . . . .   0.000000000000    
    STOP TIME . . . . . . . . . . . . . . . . .  1.0000000000000E+30
    BUCKET FACTOR . . . . . . . . . . . . . . .  0.2000000000000    
    DE-ACTIVATION OF INITIAL PENETRATIONS . . .             1000
    MAXIMUM INITIAL PENETRATION FACTOR. . . . .   0.000000000000    
    CRITICAL DAMPING FACTOR . . . . . . . . . .  5.0000000000000E-02
    FRICTION CRITICAL DAMPING FACTOR. . . . . .   0.000000000000    
    QUADRATIC DAMPING FLAG. . . . . . . . . . .                0
    FORMULATION LEVEL . . . . . . . . . . . . .                0
    MEAN POSSIBLE NUMBER OF IMPACT/NODE . . . .                4

    DELETION FLAG ON FAILURE OF MAIN ELEMENT (1:YES-ALL/2:YES-ANY) :     2

    FRICTION FORMULATION: TOTAL (VISCOUS) FORMULATION
    FRICTION FILTERING FLAG. . . . . . . . .          0
    FILTERING FACTOR . . . . . . . . . . . .   0.000000000000    

    FRICTION MODEL 0 (Coulomb Law) :
      FRICTION COEFFICIENT . . . . . . . . .   0.000000000000    

      SECONDARY SURFACE INPUT BY NODES
      MAIN SURFACE INPUT BY SEGMENTS


 INTERFACE NUMBER. . . . . . . . . . . . . .         2
 INTERFACE TYPE. . . . . . . . . . . . . . .     7

  GAP MIN =   18.60790000000    
  POSSIBLE IMPACT NUMBER:           0  (<=           1 *NSN)


 INTERFACE NUMBER. . . . . . . . . . . . . .         3
 INTERFACE TYPE. . . . . . . . . . . . . . .     7

  GAP MIN =   50.00000000000    
  POSSIBLE IMPACT NUMBER:           0  (<=           1 *NSN)



 SHELL GROUP         1 VECTORIZATION CODE =    3
 SHELL GROUP         2 VECTORIZATION CODE =    0
 SHELL GROUP         3 VECTORIZATION CODE =    0
 SHELL GROUP         4 VECTORIZATION CODE =    0
 SHELL GROUP         5 VECTORIZATION CODE =    0
 SHELL GROUP         6 VECTORIZATION CODE =    0
 SHELL GROUP         7 VECTORIZATION CODE =   12
 SHELL GROUP         8 VECTORIZATION CODE =   12
 SHELL GROUP         9 VECTORIZATION CODE =    8
 SHELL GROUP        10 VECTORIZATION CODE =    8
 SHELL GROUP        11 VECTORIZATION CODE =    8
 SHELL GROUP        12 VECTORIZATION CODE =    8
 SHELL GROUP        13 VECTORIZATION CODE =    8
 SHELL GROUP        14 VECTORIZATION CODE =    8
 SHELL GROUP        15 VECTORIZATION CODE =    8
 SHELL GROUP        16 VECTORIZATION CODE =    8
 SHELL GROUP        17 VECTORIZATION CODE =    8
 SHELL GROUP        18 VECTORIZATION CODE =    8
 SHELL GROUP        19 VECTORIZATION CODE =    8
 SHELL GROUP        20 VECTORIZATION CODE =   12
 SHELL GROUP        21 VECTORIZATION CODE =    4
 SHELL GROUP        22 VECTORIZATION CODE =    0


PART MASS & INERTIA
-------------------


PART :          3, DEFORMABLE_ENGINE_CORE_EQUIVALENT
            Mass             Ixx             Iyy             Izz             Ixy             Iyz             Izx
  3.60000218E+06  2.09444291E+12  2.09444291E+12  8.93646267E+11  1.63912773E-07  4.99933958E-06 -1.39035285E-04
               X               Y               Z     Kin. Energy              Vx              Vy              Vz
 -2.53526548E-14  1.55220335E-15  1.30000000E+03  7.05893412E+10  0.00000000E+00  0.00000000E+00 -1.98031000E+02

PART :          4, DEFORMABLE_COWLING_EQUIVALENT
            Mass             Ixx             Iyy             Izz             Ixy             Iyz             Izx
  9.58604576E+05  1.04189075E+12  1.04189075E+12  1.01073752E+12  1.51395798E-05  1.07665186E-04  3.95554443E-04
               X               Y               Z     Kin. Energy              Vx              Vy              Vz
  3.47689834E-13  9.48465807E-14  1.18679245E+03  1.87964513E+10  0.00000000E+00  0.00000000E+00 -1.98031000E+02


PART ELEMENT/MATERIAL PARAMETER REVIEW:
-----------------------

Part id,name:         3 DEFORMABLE_ENGINE_CO   Mat type:   2 Elm type: SHELL-4nodes           
----
  Ishell  Ismstr   Idril     NPT    ITHK   IPLAS    IPOS
      24       2       2       5       0       0       0
--      hm        hf        hr        dm        dn
    0.0000    0.0000    0.0000    0.0150    0.0150

Part id,name:         4 DEFORMABLE_COWLING_E   Mat type:   2 Elm type: SHELL-4nodes           
----
  Ishell  Ismstr   Idril     NPT    ITHK   IPLAS    IPOS
      24       2       2       5       0       0       0
--      hm        hf        hr        dm        dn
    0.0000    0.0000    0.0000    0.0150    0.0150



     TOTAL MASS AND MASS CENTER
     --------------------------
                     MASS                    X                    Y                    Z

       4558606.752240     -7.6427288716303E-14 -6.1736854221590E-14   1276.194201716    


     TOTAL INERTIA
     -------------
                      IXX                  IYY                  IZZ                  IXY                  IYZ                  IZX
       3146035649669.       3146035649669.       1904383787151.      1.7464160919189E-05 -2.0657101211233E-04 -3.8276824601754E-04



      ADDED NODAL NON-STRUCTURAL MASSES 
     -----------------------------------

      TOTAL ADDED MASS =   0.000000000000    




     TOTAL ADDED NON-STRUCTURAL INERTIA
     ------------------

      TOTAL ADDED INERTIA =   0.000000000000    


 

         SHELL ELEMENTS TIME STEP
         ------------------------

      TIME STEP       ELEMENT NUMBER
  1.7306581251534E-02           1493
  1.7306581251534E-02           1729
  1.7306581251534E-02           1344
  1.7306581251534E-02           1475
  1.7306581251534E-02           2778
  1.7306581251534E-02           2777
  1.7306581251534E-02           2776
  1.7306581251534E-02           1325
  1.7306581251534E-02           1343
  1.7306581251534E-02           1529
  1.7306581251534E-02           1511
  1.7306581251534E-02           1345
  1.7306581251534E-02           1547
  1.7306581251534E-02           1565
  1.7306581251534E-02           1583
  1.7306581251534E-02           1601
  1.7306581251534E-02           1619
  1.7306581251534E-02           1637
  1.7306581251534E-02           1655
  1.7306581251534E-02           1457
  1.7306581251534E-02           1346
  1.7306581251534E-02           1439
  1.7306581251534E-02           2107
  1.7306581251534E-02           1421
  1.7306581251534E-02           1258
  1.7306581251534E-02           2110
  1.7306581251534E-02           1259
  1.7306581251534E-02           2109
  1.7306581251534E-02           1260
  1.7306581251534E-02           2108
  1.7306581251534E-02           2539
  1.7306581251534E-02           1674
  1.7306581251534E-02           2540
  1.7306581251534E-02           2217
  1.7306581251534E-02           1692
  1.7306581251534E-02           1349
  1.7306581251534E-02           1367
  1.7306581251534E-02           1348
  1.7306581251534E-02           1385
  1.7306581251534E-02           1403
  1.7306581251534E-02           1347
  1.7306581251534E-02           1673
  1.7306581251534E-02           2218
  1.7306581251534E-02           2235
  1.7306581251534E-02           1263
  1.7306581251534E-02           2253
  1.7306581251534E-02           2487
  1.7306581251534E-02           2505
  1.7306581251534E-02           2523
  1.7306581251534E-02           2541
  1.7306581251534E-02           1261
  1.7306581251534E-02           1262
  1.7306581251534E-02           2142
  1.7306581251534E-02           1264
  1.7306581251534E-02           2141


         NODAL TIME STEP (estimation)
         ---------------

      TIME STEP       NODE NUMBER
  1.6337082699744E-02           1902
  1.6337082699744E-02           2852
  1.6337082699744E-02           1904
  1.6337082699744E-02           1903
  1.6337082699744E-02           1900
  1.6337082699744E-02           1901
  1.6337082699744E-02           1906
  1.6337082699744E-02           1899
  1.6337082699744E-02           1898
  1.6337082699744E-02           1905
  1.6337082699744E-02           1907
  1.6337082699744E-02           1913
  1.6337082699744E-02           1908
  1.6337082699744E-02           1915
  1.6337082699744E-02           1914
  1.6337082699744E-02           1911
  1.6337082699744E-02           1912
  1.6337082699744E-02           1896
  1.6337082699744E-02           1910
  1.6337082699744E-02           1909
  1.6337082699744E-02           1897
  1.6337082699744E-02           1895
  1.6337082699744E-02           1880
  1.6337082699744E-02           1894
  1.6337082699744E-02           1882
  1.6337082699744E-02           1881
  1.6337082699744E-02           1878
  1.6337082699744E-02           1879
  1.6337082699744E-02           1884
  1.6337082699744E-02           1877
  1.6337082699744E-02           1876
  1.6337082699744E-02           1883
  1.6337082699744E-02           1885
  1.6337082699744E-02           1891
  1.6337082699744E-02           1886
  1.6337082699744E-02           1893
  1.6337082699744E-02           1892
  1.6337082699744E-02           1889
  1.6337082699744E-02           1890
  1.6337082699744E-02           1917
  1.6337082699744E-02           1888
  1.6337082699744E-02           1887
  1.6337082699744E-02           1916
  1.6337082699744E-02           1919
  1.6337082699744E-02           1918
  1.6337082699744E-02           1947
  1.6337082699744E-02           1920
  1.6337082699744E-02           1949
  1.6337082699744E-02           1948
  1.6337082699744E-02           1945
  1.6337082699744E-02           1946
  1.6337082699744E-02           1951
  1.6337082699744E-02           1944
  1.6337082699744E-02           1943
  1.6337082699744E-02           1950
  1.6337082699744E-02           1952
  1.6337082699744E-02           1958
  1.6337082699744E-02           1953
  1.6337082699744E-02           1960
  1.6337082699744E-02           1959
  1.6337082699744E-02           1956
  1.6337082699744E-02           1957
  1.6337082699744E-02           1941
  1.6337082699744E-02           1955
  1.6337082699744E-02           1954
  1.6337082699744E-02           1942
  1.6337082699744E-02           1940
  1.6337082699744E-02           1925
  1.6337082699744E-02           1939
  1.6337082699744E-02           1927
  1.6337082699744E-02           1926
  1.6337082699744E-02           1923
  1.6337082699744E-02           1924
  1.6337082699744E-02           1929
  1.6337082699744E-02           1922
  1.6337082699744E-02           1921
  1.6337082699744E-02           1928
  1.6337082699744E-02           1930
  1.6337082699744E-02           1936
  1.6337082699744E-02           1931
  1.6337082699744E-02           1938
  1.6337082699744E-02           1937
  1.6337082699744E-02           1934
  1.6337082699744E-02           1935
  1.6337082699744E-02           1874
  1.6337082699744E-02           1933
  1.6337082699744E-02           1932
  1.6337082699744E-02           1875
  1.6337082699744E-02           1873
  1.6337082699744E-02           1813
  1.6337082699744E-02           1872
  1.6337082699744E-02           1815
  1.6337082699744E-02           1814
  1.6337082699744E-02           1811
  1.6337082699744E-02           1812
  1.6337082699744E-02           1817
  1.6337082699744E-02           1810
  1.6337082699744E-02           1809
  1.6337082699744E-02           1816
  1.6337082699744E-02           1818


         NODAL TIME STEP DISTRIBUTION 
         ----------------------------


            % OF NODES
                   ^
                   |                                                            
          69.004 --|#                                                           
                   |#                                                           
                   |#                                                           
                   |#                                                           
                   |#                                                           
                   |#                                                           
                   |#                                                           
                   |#                                                           
                   |#                                                           
                   |#                                                           
                   |#                                                           
                   |#                                                           
                   |#                                                           
                   |#                                                       #   
                   |#                                                       #   
                   |#                                                       #   
                   |#                                                       #   
                   |#                                                       #   
                   |#                                                       #   
                   |#                                                       #   
                   |#                                                       #   
                   |#                                                       #   
           0.000 --|#  #   #  #  #   #  #  #  #   #  #  #  #   #  #  #   #  # # 
                    -------------------------------------------------------------> NODAL TIME STEP
                    |                                                          |
                1.634E-02                                                  1.666E-02
  
  


     INITIAL ADDED MASS ESTIMATION for /DT/NODA/CST
     ----------------------------------------------


            DM/M - at first cycle - scaling factor = 0.9
                   ^
                   |                                                            
           0.100 --|                                                          * 
                   |                                                            
                   |                                                       *    
                   |                                                    *       
                   |                                                 *          
                   |                                               *            
                   |                                                            
                   |                                            *               
                   |                                         *                  
                   |                                       *                    
                   |                                    *                       
                   |                                 *                          
                   |                                                            
                   |                              *                             
                   |                            *                               
                   |                         *                                  
                   |                      *                                     
                   |                   *                                        
                   |                                                            
                   |                 *                                          
                   |              *                                             
                   |           *                                                
           0.005 --|*       *                                                   
                    -------------------------------------------------------------> TARGET TIME STEP
                    |                                                          |
                1.488E-02                                                  1.566E-02
  
  
              DM/M at first cycle          |  Target time step - scaling factor = 0.9  |  Target time step - scaling factor = 0.67
    -------------------------------------  |  ---------------------------------------  |  ---------------------------------------
                 1.000E-02                 |                 1.501E-02                 |                 1.117E-02
                 2.000E-02                 |                 1.508E-02                 |                 1.123E-02
                 3.000E-02                 |                 1.516E-02                 |                 1.128E-02
                 4.000E-02                 |                 1.523E-02                 |                 1.134E-02
                 5.000E-02                 |                 1.530E-02                 |                 1.139E-02


    WARNING : These added mass estimations are valid at first cycle only.
    Because of element deformation or contacts the added mass can increase during the run


 SUMMARY OF POSSIBLE INCOMPATIBLE KINEMATIC CONDITIONS :
 -----------------------------------------------------
                                  
 NO TRUE INCOMPATIBLE KINEMATIC CONDITION

 
    STARTER STORAGE 
    --------------- 
 
    STARTER MEMORY USAGE        174 MB


     LOCAL ENGINE STORAGE EVALUATION FOR SPMD PROCESSOR     1
     --------------------------------------------------------
        RESTART FILE SIZE         4 MB
 

     RESTART FILES V8W_FF_P100_DT090_T1_0000 WRITTEN
     -------------

  
------------------------------------------------------------------------
  
                   ** COMPUTE TIME INFORMATION **
  
 EXECUTION STARTED      :      2026/08/24  18:38:42
 EXECUTION COMPLETED    :      2026/08/24  18:38:42
  
 ELAPSED TIME...........=          0.61 s
                               00:00:00
  
------------------------------------------------------------------------



     TERMINATION WITH WARNING           
     ------------------                                                                  


------------------------------------------------------------------------------------------------------------------------
|            ERROR(S) SUMMARY                               |             WARNING(S) SUMMARY                           |
------------------------------------------------------------------------------------------------------------------------
|                                                           |                                                          |
|                                                           |  --- GLOBAL UNITS                           2 WARNING(S) |
|                                                           |       |                                                  |
|                                                           |       |                                                  |
|                                                           |       |---     2 WARNING ID :       100214               |
|                                                           |       | ** WARNING IN INPUT OPTIONS                      |
|                                                           |       |                                                  |
|                                                           |                                                          |
|                                                           |                                                          |
------------------------------------------------------------------------------------------------------------------------




              0 ERROR(S)            
              2 WARNING(S)          


