************************************************************************
**                                                                    **
**                                                                    **
**                         OpenRadioss Engine                         **
**                                                                    **
**            Non-linear Finite Element Analysis Software             **
**                                                                    **
**                                                                    **
**                                                                    **
**                  Windows 64 bits, Intel compiler                   **
**                      Double Precision Version                      **
**                                                                    **
**                                                                    **
**                                                                    **
************************************************************************
** OpenRadioss Software                                               **
** COPYRIGHT (C) 2026 Siemens                                         **
** Licensed under GNU Affero General Public License.                  **
** See License file.                                                  **
************************************************************************
 
 ROOT: I02E_FREE_MERGED_H254_R8  RESTART: 0001
 NUMBER OF HMPP PROCESSES     1
 14/09/2026
 NC=       0 T= 0.0000E+00 DT= 2.2880E-04 ERR=  0.0% DM/M= 0.0000E+00
     ANIMATION FILE: I02E_FREE_MERGED_H254_R8A001 WRITTEN
     ANIMATION FILE: I02E_FREE_MERGED_H254_R8A002 WRITTEN
 NC=     100 T= 2.2880E-02 DT= 2.2880E-04 ERR=  0.0% DM/M= 0.0000E+00
 ELAPSED TIME=          0.13 s  REMAINING TIME=          1.81 s
     ANIMATION FILE: I02E_FREE_MERGED_H254_R8A003 WRITTEN
     ANIMATION FILE: I02E_FREE_MERGED_H254_R8A004 WRITTEN
 NC=     200 T= 4.5760E-02 DT= 2.2880E-04 ERR=  0.0% DM/M= 0.0000E+00
 ELAPSED TIME=          0.21 s  REMAINING TIME=          1.42 s
     ANIMATION FILE: I02E_FREE_MERGED_H254_R8A005 WRITTEN
     ANIMATION FILE: I02E_FREE_MERGED_H254_R8A006 WRITTEN
 NC=     300 T= 6.8640E-02 DT= 2.2880E-04 ERR=  0.0% DM/M= 0.0000E+00
 ELAPSED TIME=          0.30 s  REMAINING TIME=          1.23 s
     ANIMATION FILE: I02E_FREE_MERGED_H254_R8A007 WRITTEN
     ANIMATION FILE: I02E_FREE_MERGED_H254_R8A008 WRITTEN
 NC=     400 T= 9.1520E-02 DT= 2.2880E-04 ERR=  0.0% DM/M= 0.0000E+00
 ELAPSED TIME=          0.39 s  REMAINING TIME=          1.09 s
     ANIMATION FILE: I02E_FREE_MERGED_H254_R8A009 WRITTEN
     ANIMATION FILE: I02E_FREE_MERGED_H254_R8A010 WRITTEN
 NC=     500 T= 1.1440E-01 DT= 2.2880E-04 ERR=  0.0% DM/M= 0.0000E+00
 ELAPSED TIME=          0.48 s  REMAINING TIME=          0.98 s
     ANIMATION FILE: I02E_FREE_MERGED_H254_R8A011 WRITTEN
     ANIMATION FILE: I02E_FREE_MERGED_H254_R8A012 WRITTEN
 NC=     600 T= 1.3728E-01 DT= 2.2880E-04 ERR=  0.0% DM/M= 0.0000E+00
 ELAPSED TIME=          0.56 s  REMAINING TIME=          0.87 s
     ANIMATION FILE: I02E_FREE_MERGED_H254_R8A013 WRITTEN
     ANIMATION FILE: I02E_FREE_MERGED_H254_R8A014 WRITTEN
 NC=     700 T= 1.6016E-01 DT= 2.2880E-04 ERR=  0.0% DM/M= 0.0000E+00
 ELAPSED TIME=          0.65 s  REMAINING TIME=          0.77 s
     ANIMATION FILE: I02E_FREE_MERGED_H254_R8A015 WRITTEN
     ANIMATION FILE: I02E_FREE_MERGED_H254_R8A016 WRITTEN
 NC=     800 T= 1.8304E-01 DT= 2.2880E-04 ERR=  0.0% DM/M= 0.0000E+00
 ELAPSED TIME=          0.74 s  REMAINING TIME=          0.67 s
     ANIMATION FILE: I02E_FREE_MERGED_H254_R8A017 WRITTEN
     ANIMATION FILE: I02E_FREE_MERGED_H254_R8A018 WRITTEN
 NC=     900 T= 2.0592E-01 DT= 2.2880E-04 ERR=  0.0% DM/M= 0.0000E+00
 ELAPSED TIME=          0.82 s  REMAINING TIME=          0.58 s
     ANIMATION FILE: I02E_FREE_MERGED_H254_R8A019 WRITTEN
     ANIMATION FILE: I02E_FREE_MERGED_H254_R8A020 WRITTEN
 NC=    1000 T= 2.2880E-01 DT= 2.2880E-04 ERR=  0.0% DM/M= 0.0000E+00
 ELAPSED TIME=          0.91 s  REMAINING TIME=          0.48 s
     ANIMATION FILE: I02E_FREE_MERGED_H254_R8A021 WRITTEN
     ANIMATION FILE: I02E_FREE_MERGED_H254_R8A022 WRITTEN
 NC=    1100 T= 2.5168E-01 DT= 2.2880E-04 ERR=  0.0% DM/M= 0.0000E+00
 ELAPSED TIME=          1.00 s  REMAINING TIME=          0.39 s
     ANIMATION FILE: I02E_FREE_MERGED_H254_R8A023 WRITTEN
     ANIMATION FILE: I02E_FREE_MERGED_H254_R8A024 WRITTEN
 NC=    1200 T= 2.7456E-01 DT= 2.2880E-04 ERR=  0.0% DM/M= 0.0000E+00
 ELAPSED TIME=          1.09 s  REMAINING TIME=          0.30 s
     ANIMATION FILE: I02E_FREE_MERGED_H254_R8A025 WRITTEN
     ANIMATION FILE: I02E_FREE_MERGED_H254_R8A026 WRITTEN
 NC=    1300 T= 2.9744E-01 DT= 2.2880E-04 ERR=  0.0% DM/M= 0.0000E+00
 ELAPSED TIME=          1.17 s  REMAINING TIME=          0.21 s
     ANIMATION FILE: I02E_FREE_MERGED_H254_R8A027 WRITTEN
     ANIMATION FILE: I02E_FREE_MERGED_H254_R8A028 WRITTEN
 NC=    1400 T= 3.2032E-01 DT= 2.2880E-04 ERR=  0.0% DM/M= 0.0000E+00
 ELAPSED TIME=          1.26 s  REMAINING TIME=          0.12 s
     ANIMATION FILE: I02E_FREE_MERGED_H254_R8A029 WRITTEN
     ANIMATION FILE: I02E_FREE_MERGED_H254_R8A030 WRITTEN
 NC=    1500 T= 3.4320E-01 DT= 2.2880E-04 ERR=  0.0% DM/M= 0.0000E+00
 ELAPSED TIME=          1.35 s  REMAINING TIME=          0.03 s
     RESTART FILES: I02E_FREE_MERGED_H254_R8_0001_[0001-0001].rst WRITTEN
  
                           ** CPU USER TIME **
  
  
                        ** SUMMARY **
  
 #PROC  CONTSORT  CONTFOR   ELEMENT   KINCOND   INTEG     IO        T0        ASM       RESOL    
   1   .1562E-01 .0000E+00 .8594E+00 .0000E+00 .1562E-01 .3438E+00 .4688E-01 .3125E-01 .1344E+01
 
                   ** CUMULATIVE CPU TIME SUMMARY **
  
 CONTACT SORTING.............: .1562E-01     1.16 % 
 CONTACT FORCES..............: .0000E+00     0.00 % 
 ELEMENT FORCES..............: .8594E+00    63.95 % 
 KINEMATIC COND..............: .0000E+00     0.00 % 
 INTEGRATION.................: .1562E-01     1.16 % 
 ASSEMBLING..................: .3125E-01     2.33 % 
 OTHERS (including I/O)......: .4219E+00    31.40 % 
 TOTAL.......................: .1344E+01   100.00 % 
  
                   ** MEMORY USAGE STATISTICS **
  
 TOTAL MEMORY USED .........................:       55 MB
 MAXIMUM MEMORY PER PROCESSOR...............:       55 MB
 MINIMUM MEMORY PER PROCESSOR...............:       55 MB
 AVERAGE MEMORY PER PROCESSOR...............:       55 MB
  
                   ** DISK USAGE STATISTICS **
  
 TOTAL DISK SPACE USED .....................:          7 MB
 ANIMATION/H3D/TH/OUTP SIZE ................:          5 MB
 RESTART FILE SIZE .........................:          2 MB
  
 ELAPSED TIME     =          1.38 s
                          0:00:01
  
     NORMAL TERMINATION      
     TOTAL NUMBER OF CYCLES  :    1530
