 I02F_AA2024_G30_H2_HALFDT_R3_0001.out
************************************************************************
**                                                                    **
**                                                                    **
**                         OpenRadioss Engine                         **
**                                                                    **
**            Non-linear Finite Element Analysis Software             **
**                                                                    **
**                                                                    **
**                                                                    **
**                  Windows 64 bits, Intel compiler                   **
**                      Double Precision Version                      **
**                                                                    **
**                                                                    **
**                                                                    **
************************************************************************
** OpenRadioss Software                                               **
** COPYRIGHT (C) 2026 Siemens                                         **
** Licensed under GNU Affero General Public License.                  **
** See License file.                                                  **
************************************************************************
 
 NUMBER OF SPMD DOMAINS           1
 NUMBER OF THREADS PER DOMAIN     1
 NUMBER OF HMPP PROCESSES         1
  
 COMPUTATION HARDWARE DESCRIPTION
  
 HOSTNAME     CPU TYPE, FREQUENCY AND MEMORY
 jeux   AMD Ryzen 5 5600 6-Core Processor               (x86_64), 3700 MHz,   5275 MB RAM,  18090 MB swap
  
 STACKSIZE  . . . . . . . . . . . . . . . . . . . . 1430 MB
 THREAD STACKSIZE . . . . . . . . . . . . . . . . . 400 MB
 
************************************************************************


 I02F_AA2024_G30_H2_HALFDT_R3D01                                                 


 FINAL TIME . . . . . . . . . . . . . . . . . . .   8.000000    

 TIME INTERVAL FOR TIME HISTORY PLOTS . . . . . .  0.2000000E-02

 TIME STEP SCALE FACTOR . . . . . . . . . . . . .  0.4500000    

 MINIMUM TIME STEP  . . . . . . . . . . . . . . .   0.000000    


 BRICK TIME STEP SCALE FACTOR . . . . . . . . . .  0.4500000    
 BRICK MINIMUM TIME STEP. . . . . . . . . . . . .   0.000000    
 MIN. TIME STEP FLAG (1:STOP RUN, 2:DELETE BRICK)     1

 QUAD TIME STEP SCALE FACTOR. . . . . . . . . . .  0.4500000    
 QUAD MINIMUM TIME STEP . . . . . . . . . . . . .   0.000000    
 MIN. TIME STEP FLAG (1:STOP RUN, 2:DELETE QUAD).     1

 SHELL TIME STEP SCALE FACTOR . . . . . . . . . .  0.4500000    
 SHELL MINIMUM TIME STEP. . . . . . . . . . . . .   0.000000    
 MIN. TIME FLAG (1:STOP, 2:DELETE, 3:SMALL STRAIN)    2

 TRUSS TIME STEP SCALE FACTOR . . . . . . . . . .  0.4500000    
 TRUSS MINIMUM TIME STEP. . . . . . . . . . . . .   0.000000    
 MIN. TIME FLAG (1:STOP, 2:DELETE). . . . . . . .     0

 BEAM TIME STEP SCALE FACTOR. . . . . . . . . . .  0.4500000    
 BEAM MINIMUM TIME STEP . . . . . . . . . . . . .   0.000000    
 MIN. TIME FLAG (1:STOP, 2:DELETE). . . . . . . .     0

 SPRING TIME STEP SCALE FACTOR. . . . . . . . . .  0.4500000    
 SPRING MINIMUM TIME STEP . . . . . . . . . . . .   0.000000    
 MIN. TIME FLAG (1:STOP, 2:DELETE). . . . . . . .     0

 AIRBAG TIME STEP SCALE FACTOR. . . . . . . . . .  0.4500000    
 AIRBAG MINIMUM TIME STEP . . . . . . . . . . . .   0.000000    
 MIN. TIME FLAG (1:STOP). . . . . . . . . . . . .     0

 CONTACT TIME STEP SCALE FACTOR . . . . . . . . .  0.4500000    
 CONTACT MINIMUM TIME STEP. . . . . . . . . . . .   0.000000    
 MIN. TIME FLAG(1:STOP, 2:REMOVE NODE FROM INTERF)    0

 PRINTOUT CYCLE FREQUENCY . . . . . . . . . . . .  -100

 RESTART CYCLE FREQUENCY. . . . . . . . . . . . .   10000000

 MAXIMUM RESTART WRITE BEFORE OVERWRITE . . . . .     0

 INVERS: INPUT DECK VERSION . . . . . . . . . . .  2026
 ITTYP : FLAG FOR TYPE OF T-FILE. . . . . . . . .     4

 INITIAL TIME STEP. . . . . . . . . . . . . . . .   0.000000    
 MAXIMUM TIME STEP. . . . . . . . . . . . . . . .  0.1000000E+21

 PARALLEL ARITHMETIC ON
 NUMBER OF INTERFACES TO BE ELIMINATED. . . . . .        0

 NUMBER OF PARTS TO BE ELIMINATED . . . . . . . .        0

 NUMBER OF SOLID  ELEMENT BLOCKS TO BE ELIMINATED        0

 NUMBER OF QUAD   ELEMENT BLOCKS TO BE ELIMINATED        0

 NUMBER OF SHELL  ELEMENT BLOCKS TO BE ELIMINATED        0

 NUMBER OF TRUSS  ELEMENT BLOCKS TO BE ELIMINATED        0

 NUMBER OF BEAM   ELEMENT BLOCKS TO BE ELIMINATED        0

 NUMBER OF SPRING ELEMENT BLOCKS TO BE ELIMINATED        0

 NUMBER OF SH_3N  ELEMENT BLOCKS TO BE ELIMINATED        0

 NUMBER OF  SPH PARTICLES BLOCKS TO BE ELIMINATED        0

 NUMBER OF RIGID LINKS. . . . . . . . . . . . . .        0

 NUMBER OF NEW BOUNDARY CONDITIONS. . . . . . . .        0


 TIME FOR FIRST ANIMATION-FILE PLOT . . . . . . .   0.000000    
 TIME INTERVAL FOR ANIMATION-FILE PLOTS . . . . .  0.4000000    
 TIME TO STOP ANIMATION-FILE PLOTS. . . . . . . .  0.1000000E+21
 SENSOR FOR ANIMATION-FILE PLOTS. . . . . . . . .          0
 TIME INTERVAL FOR SENSOR ANIMATION-FILE PLOTS. .   0.000000    

 VARIABLE SAVED ON ANIMATION FILES (1: YES) :
      PLASTIC STRAIN. . . . . .     0
      DENSITY     (SOLID ONLY).     0
      SPECIFIC ENERGY . . . . .     1
      HOURGLASS ENERGY. . . . .     0
      TEMPERATURE (SOLID ONLY).     0
      THICKNESS   (SHELL ONLY).     0
      PRESSURE    (SOLID ONLY).     0
      VON MISES . . . . . . . .     0
      TURBULENT ENERGY (FLUID).     0
      TURBULENT VISCOSITY(FLUID)    0
      VORTICITY (FLUID) . . . .     0
 NODAL VALUES SAVED ON ANIMATION FILES (1: YES) :
      PRESSURE. . . . . . . . .     0
      DENSITY . . . . . . . . .     0
      TEMPERATURE . . . . . . .     0
 VECTOR SAVED ON ANIMATION FILES (1: YES) :
      VELOCITY VECTOR . . . . .     1
      DISPLACEMENT VECTOR . . .     1
      ACCELERATION VECTOR . . .     0
      CONTACT FORCES. . . . . .     0
      INTERNAL FORCES . . . . .     0
      EXTERNAL FORCES . . . . .     0
      SECTION RBY RWALL FORCES.     0
      ROTATIONAL VELOCITY VECTOR    0
      CONTACT PRESSURE (VECTORS)    0
 SHELL TENSOR SAVED ON ANIMATION FILES (1: YES) :
      MEMBRANE STRESS . . . . .     0
      BENDING STRESS(MOMENT/T^2)    0
      UPPER LAYER STRESS. . . .     0
      LOWER LAYER STRESS. . . .     0
      MEMBRANE STRAIN . . . . .     0
      CURVATURE . . . . . . . .     0
      UPPER LAYER STRAIN. . . .     0
      LOWER LAYER STRAIN. . . .     0
 NODAL MASS SAVED ON ANIMATION FILES (1: YES) :    0
 KEEP DELETED ELEMENT (1: YES) :    0


 14/09/2026
   CYCLE    TIME      TIME-STEP  ELEMENT          ERROR  I-ENERGY    K-ENERGY T  K-ENERGY R  EXT-WORK     MAS.ERR     TOTAL MASS  MASS ADDED
       0   0.000      0.1547E-03 SHELL          1   0.0%   0.000       0.000       0.000       0.000       0.000      0.1023       0.000    
     ANIMATION FILE: I02F_AA2024_G30_H2_HALFDT_R3A001 WRITTEN
     100  0.1547E-01  0.1547E-03 SHELL          1   0.0%  0.1516E-04  0.5807E-08   0.000      0.1516E-04   0.000      0.1023       0.000    
     200  0.3093E-01  0.1547E-03 SHELL          1   0.0%  0.6060E-04  0.8210E-08   0.000      0.6061E-04   0.000      0.1023       0.000    
     300  0.4640E-01  0.1547E-03 SHELL          1  -0.0%  0.1363E-03  0.1112E-07   0.000      0.1363E-03   0.000      0.1023       0.000    
     400  0.6187E-01  0.1547E-03 SHELL          1  -0.0%  0.2423E-03  0.1671E-07   0.000      0.2423E-03   0.000      0.1023       0.000    
     500  0.7733E-01  0.1547E-03 SHELL          1  -0.0%  0.3786E-03  0.2172E-07   0.000      0.3786E-03   0.000      0.1023       0.000    
     600  0.9280E-01  0.1547E-03 SHELL          1  -0.0%  0.8823E-03  0.1988E-06   0.000      0.8825E-03   0.000      0.1023       0.000    
     700  0.1083      0.1547E-03 SHELL          1  -0.0%  0.1704E-02  0.2028E-06   0.000      0.1704E-02   0.000      0.1023       0.000    
     800  0.1237      0.1547E-03 SHELL          1  -0.0%  0.2792E-02  0.1600E-06   0.000      0.2793E-02   0.000      0.1023       0.000    
     900  0.1392      0.1547E-03 SHELL          1  -0.0%  0.4149E-02  0.1103E-06   0.000      0.4149E-02   0.000      0.1023       0.000    
    1000  0.1547      0.1547E-03 SHELL          1  -0.0%  0.5773E-02  0.7639E-07   0.000      0.5773E-02   0.000      0.1023       0.000    
    1100  0.1701      0.1547E-03 SHELL          1  -0.0%  0.8552E-02  0.1887E-06   0.000      0.8552E-02   0.000      0.1023       0.000    
    1200  0.1856      0.1547E-03 SHELL          1  -0.0%  0.1245E-01  0.1592E-06   0.000      0.1245E-01   0.000      0.1023       0.000    
    1300  0.2011      0.1547E-03 SHELL          1  -0.0%  0.1707E-01  0.1423E-06   0.000      0.1707E-01   0.000      0.1023       0.000    
    1400  0.2165      0.1547E-03 SHELL          1  -0.0%  0.2242E-01  0.1504E-06   0.000      0.2242E-01   0.000      0.1023       0.000    
    1500  0.2320      0.1547E-03 SHELL          1  -0.0%  0.2851E-01  0.1924E-06   0.000      0.2851E-01   0.000      0.1023       0.000    
    1600  0.2475      0.1547E-03 SHELL          1  -0.0%  0.3667E-01  0.4005E-06   0.000      0.3667E-01   0.000      0.1023       0.000    
    1700  0.2629      0.1547E-03 SHELL          1  -0.0%  0.4750E-01  0.5598E-06   0.000      0.4750E-01   0.000      0.1023       0.000    
    1800  0.2784      0.1547E-03 SHELL          1  -0.0%  0.5973E-01  0.7113E-06   0.000      0.5973E-01   0.000      0.1023       0.000    
    1900  0.2939      0.1547E-03 SHELL          1  -0.0%  0.7336E-01  0.8095E-06   0.000      0.7336E-01   0.000      0.1023       0.000    
    2000  0.3093      0.1547E-03 SHELL          1  -0.0%  0.8839E-01  0.8039E-06   0.000      0.8839E-01   0.000      0.1023       0.000    
    2100  0.3248      0.1547E-03 SHELL          1  -0.0%  0.1063      0.1218E-05   0.000      0.1063       0.000      0.1023       0.000    
    2200  0.3403      0.1547E-03 SHELL          1  -0.0%  0.1293      0.1051E-05   0.000      0.1293       0.000      0.1023       0.000    
    2300  0.3557      0.1547E-03 SHELL          1  -0.0%  0.1547      0.8196E-06   0.000      0.1547       0.000      0.1023       0.000    
    2400  0.3712      0.1547E-03 SHELL          1  -0.0%  0.1823      0.6471E-06   0.000      0.1823       0.000      0.1023       0.000    
    2500  0.3867      0.1547E-03 SHELL          1  -0.0%  0.2122      0.5659E-06   0.000      0.2122       0.000      0.1023       0.000    
     ANIMATION FILE: I02F_AA2024_G30_H2_HALFDT_R3A002 WRITTEN
    2600  0.4021      0.1547E-03 SHELL          1  -0.0%  0.2453      0.8487E-06   0.000      0.2453       0.000      0.1023       0.000    
    2700  0.4176      0.1547E-03 SHELL          1  -0.0%  0.2873      0.8471E-06   0.000      0.2873       0.000      0.1023       0.000    
    2800  0.4331      0.1547E-03 SHELL          1  -0.0%  0.3325      0.8836E-06   0.000      0.3326       0.000      0.1023       0.000    
    2900  0.4485      0.1547E-03 SHELL          1  -0.0%  0.3812      0.1007E-05   0.000      0.3812       0.000      0.1023       0.000    
    3000  0.4640      0.1547E-03 SHELL          1  -0.0%  0.4331      0.1209E-05   0.000      0.4331       0.000      0.1023       0.000    
    3100  0.4795      0.1547E-03 SHELL          1  -0.0%  0.4883      0.1408E-05   0.000      0.4883       0.000      0.1023       0.000    
    3200  0.4949      0.1547E-03 SHELL          1  -0.0%  0.5567      0.1882E-05   0.000      0.5567       0.000      0.1023       0.000    
    3300  0.5104      0.1547E-03 SHELL          1  -0.0%  0.6300      0.1994E-05   0.000      0.6300       0.000      0.1023       0.000    
    3400  0.5259      0.1547E-03 SHELL          1  -0.0%  0.7079      0.1983E-05   0.000      0.7079       0.000      0.1023       0.000    
    3500  0.5413      0.1547E-03 SHELL          1  -0.0%  0.7902      0.1871E-05   0.000      0.7902       0.000      0.1023       0.000    
    3600  0.5568      0.1547E-03 SHELL          1  -0.0%  0.8771      0.1685E-05   0.000      0.8771       0.000      0.1023       0.000    
    3700  0.5723      0.1547E-03 SHELL          1  -0.0%  0.9791      0.2219E-05   0.000      0.9791       0.000      0.1023       0.000    
    3800  0.5877      0.1547E-03 SHELL          1  -0.0%   1.090      0.1998E-05   0.000       1.090       0.000      0.1023       0.000    
    3900  0.6032      0.1547E-03 SHELL          1  -0.0%   1.206      0.1832E-05   0.000       1.206       0.000      0.1023       0.000    
    4000  0.6187      0.1547E-03 SHELL          1  -0.0%   1.328      0.1769E-05   0.000       1.328       0.000      0.1023       0.000    
    4100  0.6342      0.1547E-03 SHELL          1  -0.0%   1.456      0.1780E-05   0.000       1.456       0.000      0.1023       0.000    
    4200  0.6496      0.1547E-03 SHELL          1  -0.0%   1.601      0.2301E-05   0.000       1.601       0.000      0.1023       0.000    
    4300  0.6651      0.1547E-03 SHELL          1  -0.0%   1.759      0.2330E-05   0.000       1.759       0.000      0.1023       0.000    
    4400  0.6806      0.1547E-03 SHELL          1  -0.0%   1.924      0.2434E-05   0.000       1.924       0.000      0.1023       0.000    
    4500  0.6960      0.1547E-03 SHELL          1  -0.0%   2.096      0.2611E-05   0.000       2.096       0.000      0.1023       0.000    
    4600  0.7115      0.1547E-03 SHELL          1  -0.0%   2.277      0.2777E-05   0.000       2.277       0.000      0.1023       0.000    
    4700  0.7270      0.1547E-03 SHELL          1  -0.0%   2.473      0.3308E-05   0.000       2.473       0.000      0.1023       0.000    
    4800  0.7424      0.1547E-03 SHELL          1  -0.0%   2.689      0.3445E-05   0.000       2.689       0.000      0.1023       0.000    
    4900  0.7579      0.1547E-03 SHELL          1  -0.0%   2.915      0.3498E-05   0.000       2.915       0.000      0.1023       0.000    
    5000  0.7734      0.1547E-03 SHELL          1  -0.0%   3.149      0.3484E-05   0.000       3.149       0.000      0.1023       0.000    
    5100  0.7888      0.1547E-03 SHELL          1  -0.0%   3.392      0.3379E-05   0.000       3.392       0.000      0.1023       0.000    
     ANIMATION FILE: I02F_AA2024_G30_H2_HALFDT_R3A003 WRITTEN
    5200  0.8043      0.1547E-03 SHELL          1  -0.0%   3.652      0.4170E-05   0.000       3.652       0.000      0.1023       0.000    
    5300  0.8198      0.1547E-03 SHELL          1  -0.0%   3.938      0.3945E-05   0.000       3.938       0.000      0.1023       0.000    
    5400  0.8353      0.1547E-03 SHELL          1  -0.0%   4.236      0.3694E-05   0.000       4.236       0.000      0.1023       0.000    
    5500  0.8507      0.1547E-03 SHELL          1  -0.0%   4.544      0.3529E-05   0.000       4.544       0.000      0.1023       0.000    
    5600  0.8662      0.1547E-03 SHELL          1  -0.0%   4.863      0.3448E-05   0.000       4.863       0.000      0.1023       0.000    
    5700  0.8817      0.1547E-03 SHELL          1  -0.0%   5.196      0.4019E-05   0.000       5.196       0.000      0.1023       0.000    
    5800  0.8971      0.1547E-03 SHELL          1  -0.0%   5.565      0.3969E-05   0.000       5.565       0.000      0.1023       0.000    
    5900  0.9126      0.1547E-03 SHELL          1  -0.0%   5.948      0.4027E-05   0.000       5.948       0.000      0.1023       0.000    
    6000  0.9281      0.1547E-03 SHELL          1  -0.0%   6.343      0.4231E-05   0.000       6.343       0.000      0.1023       0.000    
    6100  0.9436      0.1547E-03 SHELL          1  -0.0%   6.750      0.4492E-05   0.000       6.750       0.000      0.1023       0.000    
    6200  0.9590      0.1547E-03 SHELL          1  -0.0%   7.171      0.4709E-05   0.000       7.171       0.000      0.1023       0.000    
    6300  0.9745      0.1547E-03 SHELL          1  -0.0%   7.634      0.5483E-05   0.000       7.634       0.000      0.1023       0.000    
    6400  0.9900      0.1547E-03 SHELL          1  -0.0%   8.115      0.5643E-05   0.000       8.115       0.000      0.1023       0.000    
    6500   1.005      0.1547E-03 SHELL          1  -0.0%   8.610      0.5689E-05   0.000       8.610       0.000      0.1023       0.000    
    6600   1.021      0.1547E-03 SHELL          1  -0.0%   9.119      0.5583E-05   0.000       9.119       0.000      0.1023       0.000    
    6700   1.036      0.1547E-03 SHELL          1  -0.0%   9.644      0.5335E-05   0.000       9.644       0.000      0.1023       0.000    
    6800   1.052      0.1547E-03 SHELL          1  -0.0%   10.21      0.6136E-05   0.000       10.21       0.000      0.1023       0.000    
    6900   1.067      0.1547E-03 SHELL          1  -0.0%   10.80      0.5745E-05   0.000       10.80       0.000      0.1023       0.000    
    7000   1.083      0.1547E-03 SHELL          1  -0.0%   11.41      0.5461E-05   0.000       11.41       0.000      0.1023       0.000    
    7100   1.098      0.1547E-03 SHELL          1  -0.0%   12.04      0.5316E-05   0.000       12.04       0.000      0.1023       0.000    
    7200   1.114      0.1547E-03 SHELL          1  -0.0%   12.68      0.5284E-05   0.000       12.68       0.000      0.1023       0.000    
    7300   1.129      0.1547E-03 SHELL          1  -0.0%   13.36      0.5939E-05   0.000       13.36       0.000      0.1023       0.000    
    7400   1.145      0.1547E-03 SHELL          1  -0.0%   14.08      0.6021E-05   0.000       14.08       0.000      0.1023       0.000    
    7500   1.160      0.1547E-03 SHELL          1  -0.0%   14.82      0.6284E-05   0.000       14.82       0.000      0.1023       0.000    
    7600   1.176      0.1548E-03 SHELL          1  -0.0%   15.58      0.6638E-05   0.000       15.58       0.000      0.1023       0.000    
    7700   1.191      0.1548E-03 SHELL          1  -0.0%   16.35      0.6942E-05   0.000       16.35       0.000      0.1023       0.000    
     ANIMATION FILE: I02F_AA2024_G30_H2_HALFDT_R3A004 WRITTEN
    7800   1.207      0.1548E-03 SHELL          1  -0.0%   17.17      0.7792E-05   0.000       17.17       0.000      0.1023       0.000    
    7900   1.222      0.1548E-03 SHELL          1  -0.0%   18.02      0.7969E-05   0.000       18.02       0.000      0.1023       0.000    
    8000   1.238      0.1548E-03 SHELL          1  -0.0%   18.91      0.8002E-05   0.000       18.91       0.000      0.1023       0.000    
    8100   1.253      0.1548E-03 SHELL          1  -0.0%   19.81      0.7881E-05   0.000       19.81       0.000      0.1023       0.000    
    8200   1.269      0.1548E-03 SHELL          1  -0.0%   20.73      0.7602E-05   0.000       20.73       0.000      0.1023       0.000    
    8300   1.284      0.1548E-03 SHELL          1  -0.0%   21.69      0.8468E-05   0.000       21.69       0.000      0.1023       0.000    
    8400   1.299      0.1548E-03 SHELL          1  -0.0%   22.70      0.8042E-05   0.000       22.70       0.000      0.1023       0.000    
    8500   1.315      0.1548E-03 SHELL          1  -0.0%   23.74      0.7705E-05   0.000       23.74       0.000      0.1023       0.000    
    8600   1.330      0.1548E-03 SHELL          1  -0.0%   24.80      0.7534E-05   0.000       24.80       0.000      0.1023       0.000    
    8700   1.346      0.1548E-03 SHELL          1  -0.0%   25.89      0.7494E-05   0.000       25.89       0.000      0.1023       0.000    
    8800   1.361      0.1548E-03 SHELL          1  -0.0%   27.00      0.8235E-05   0.000       27.00       0.000      0.1023       0.000    
    8900   1.377      0.1548E-03 SHELL          1  -0.0%   28.18      0.8288E-05   0.000       28.18       0.000      0.1023       0.000    
    9000   1.392      0.1548E-03 SHELL          1  -0.0%   29.40      0.8510E-05   0.000       29.40       0.000      0.1023       0.000    
    9100   1.408      0.1548E-03 SHELL          1  -0.0%   30.63      0.8865E-05   0.000       30.63       0.000      0.1023       0.000    
    9200   1.423      0.1548E-03 SHELL          1  -0.0%   31.90      0.9200E-05   0.000       31.90       0.000      0.1023       0.000    
    9300   1.439      0.1548E-03 SHELL          4  -0.0%   33.18      0.8925E-05   0.000       33.18       0.000      0.1023       0.000    
    9400   1.454      0.1548E-03 SHELL          2  -0.0%   34.53      0.9766E-05   0.000       34.53       0.000      0.1023       0.000    
    9500   1.470      0.1548E-03 SHELL          3  -0.0%   35.87      0.9681E-05   0.000       35.87       0.000      0.1023       0.000    
    9600   1.485      0.1548E-03 SHELL          4  -0.0%   37.22      0.9680E-05   0.000       37.22       0.000      0.1023       0.000    
    9700   1.501      0.1548E-03 SHELL          1  -0.0%   38.57      0.9675E-05   0.000       38.57       0.000      0.1023       0.000    
    9800   1.516      0.1548E-03 SHELL          4  -0.0%   39.92      0.9675E-05   0.000       39.92       0.000      0.1023       0.000    
    9900   1.532      0.1548E-03 SHELL          1  -0.0%   41.31      0.1036E-04   0.000       41.31       0.000      0.1023       0.000    
   CYCLE    TIME      TIME-STEP  ELEMENT          ERROR  I-ENERGY    K-ENERGY T  K-ENERGY R  EXT-WORK     MAS.ERR     TOTAL MASS  MASS ADDED
   10000   1.547      0.1548E-03 SHELL          1  -0.0%   42.71      0.1048E-04   0.000       42.71       0.000      0.1023       0.000    
   10100   1.563      0.1548E-03 SHELL          3  -0.0%   44.12      0.1048E-04   0.000       44.12       0.000      0.1023       0.000    
   10200   1.578      0.1548E-03 SHELL          3  -0.0%   45.52      0.1048E-04   0.000       45.52       0.000      0.1023       0.000    
   10300   1.594      0.1548E-03 SHELL          1  -0.0%   46.92      0.1048E-04   0.000       46.92       0.000      0.1023       0.000    
     ANIMATION FILE: I02F_AA2024_G30_H2_HALFDT_R3A005 WRITTEN
   10400   1.609      0.1548E-03 SHELL          4  -0.0%   48.36      0.1104E-04   0.000       48.36       0.000      0.1023       0.000    
   10500   1.625      0.1548E-03 SHELL          3  -0.0%   49.81      0.1128E-04   0.000       49.81       0.000      0.1023       0.000    
   10600   1.640      0.1548E-03 SHELL          4  -0.0%   51.27      0.1129E-04   0.000       51.27       0.000      0.1023       0.000    
   10700   1.656      0.1548E-03 SHELL          3  -0.0%   52.73      0.1129E-04   0.000       52.73       0.000      0.1023       0.000    
   10800   1.671      0.1548E-03 SHELL          1  -0.0%   54.18      0.1129E-04   0.000       54.19       0.000      0.1023       0.000    
   10900   1.686      0.1548E-03 SHELL          2  -0.0%   55.66      0.1202E-04   0.000       55.66       0.000      0.1023       0.000    
   11000   1.702      0.1548E-03 SHELL          1  -0.0%   57.17      0.1215E-04   0.000       57.17       0.000      0.1023       0.000    
   11100   1.717      0.1548E-03 SHELL          2  -0.0%   58.68      0.1209E-04   0.000       58.68       0.000      0.1023       0.000    
   11200   1.733      0.1548E-03 SHELL          1  -0.0%   60.19      0.1210E-04   0.000       60.19       0.000      0.1023       0.000    
   11300   1.748      0.1548E-03 SHELL          1  -0.0%   61.70      0.1209E-04   0.000       61.70       0.000      0.1023       0.000    
   11400   1.764      0.1548E-03 SHELL          3  -0.0%   63.22      0.1285E-04   0.000       63.22       0.000      0.1023       0.000    
   11500   1.779      0.1548E-03 SHELL          1  -0.0%   64.78      0.1283E-04   0.000       64.78       0.000      0.1023       0.000    
   11600   1.795      0.1549E-03 SHELL          1  -0.0%   66.34      0.1290E-04   0.000       66.34       0.000      0.1023       0.000    
   11700   1.810      0.1549E-03 SHELL          1  -0.0%   67.90      0.1290E-04   0.000       67.90       0.000      0.1023       0.000    
   11800   1.826      0.1549E-03 SHELL          1  -0.0%   69.45      0.1290E-04   0.000       69.45       0.000      0.1023       0.000    
   11900   1.841      0.1549E-03 SHELL          1  -0.0%   71.02      0.1356E-04   0.000       71.02       0.000      0.1023       0.000    
   12000   1.857      0.1549E-03 SHELL          4  -0.0%   72.62      0.1356E-04   0.000       72.62       0.000      0.1023       0.000    
   12100   1.872      0.1549E-03 SHELL          2  -0.0%   74.23      0.1370E-04   0.000       74.23       0.000      0.1023       0.000    
   12200   1.888      0.1549E-03 SHELL          1  -0.0%   75.84      0.1371E-04   0.000       75.84       0.000      0.1023       0.000    
   12300   1.903      0.1549E-03 SHELL          1  -0.0%   77.44      0.1370E-04   0.000       77.44       0.000      0.1023       0.000    
   12400   1.919      0.1549E-03 SHELL          1  -0.0%   79.05      0.1370E-04   0.000       79.05       0.000      0.1023       0.000    
   12500   1.934      0.1549E-03 SHELL          3  -0.0%   80.70      0.1450E-04   0.000       80.70       0.000      0.1023       0.000    
   12600   1.950      0.1549E-03 SHELL          3  -0.0%   82.35      0.1451E-04   0.000       82.35       0.000      0.1023       0.000    
   12700   1.965      0.1549E-03 SHELL          1  -0.0%   84.01      0.1449E-04   0.000       84.01       0.000      0.1023       0.000    
   12800   1.981      0.1549E-03 SHELL          1  -0.0%   85.66      0.1449E-04   0.000       85.66       0.000      0.1023       0.000    
   12900   1.996      0.1549E-03 SHELL          1  -0.0%   87.31      0.1449E-04   0.000       87.31       0.000      0.1023       0.000    
     ANIMATION FILE: I02F_AA2024_G30_H2_HALFDT_R3A006 WRITTEN
   13000   2.012      0.1549E-03 SHELL          1  -0.0%   89.00      0.1515E-04   0.000       89.00       0.000      0.1023       0.000    
   13100   2.027      0.1549E-03 SHELL          1  -0.0%   90.70      0.1524E-04   0.000       90.70       0.000      0.1023       0.000    
   13200   2.043      0.1549E-03 SHELL          4  -0.0%   92.39      0.1527E-04   0.000       92.39       0.000      0.1023       0.000    
   13300   2.058      0.1549E-03 SHELL          1  -0.0%   94.09      0.1527E-04   0.000       94.09       0.000      0.1023       0.000    
   13400   2.074      0.1549E-03 SHELL          1  -0.0%   95.79      0.1527E-04   0.000       95.79       0.000      0.1023       0.000    
   13500   2.089      0.1549E-03 SHELL          4  -0.0%   97.51      0.1582E-04   0.000       97.51       0.000      0.1023       0.000    
   13600   2.105      0.1549E-03 SHELL          3  -0.0%   99.25      0.1603E-04   0.000       99.25       0.000      0.1023       0.000    
   13700   2.120      0.1549E-03 SHELL          1  -0.0%   101.0      0.1604E-04   0.000       101.0       0.000      0.1023       0.000    
   13800   2.136      0.1549E-03 SHELL          1  -0.0%   102.7      0.1604E-04   0.000       102.7       0.000      0.1023       0.000    
   13900   2.151      0.1549E-03 SHELL          1  -0.0%   104.5      0.1603E-04   0.000       104.5       0.000      0.1023       0.000    
   14000   2.167      0.1549E-03 SHELL          2  -0.0%   106.2      0.1671E-04   0.000       106.2       0.000      0.1023       0.000    
   14100   2.182      0.1549E-03 SHELL          2  -0.0%   108.0      0.1686E-04   0.000       108.0       0.000      0.1023       0.000    
   14200   2.198      0.1549E-03 SHELL          1  -0.0%   109.8      0.1679E-04   0.000       109.8       0.000      0.1023       0.000    
   14300   2.213      0.1549E-03 SHELL          1  -0.0%   111.6      0.1679E-04   0.000       111.6       0.000      0.1023       0.000    
   14400   2.229      0.1549E-03 SHELL          1  -0.0%   113.4      0.1678E-04   0.000       113.4       0.000      0.1023       0.000    
   14500   2.244      0.1549E-03 SHELL          3  -0.0%   115.1      0.1750E-04   0.000       115.1       0.000      0.1023       0.000    
   14600   2.260      0.1549E-03 SHELL          1  -0.0%   117.0      0.1746E-04   0.000       117.0       0.000      0.1023       0.000    
   14700   2.275      0.1549E-03 SHELL          1  -0.0%   118.8      0.1752E-04   0.000       118.8       0.000      0.1023       0.000    
   14800   2.291      0.1550E-03 SHELL          1  -0.0%   120.6      0.1752E-04   0.000       120.6       0.000      0.1023       0.000    
   14900   2.306      0.1550E-03 SHELL          1  -0.0%   122.4      0.1752E-04   0.000       122.4       0.000      0.1023       0.000    
   15000   2.322      0.1550E-03 SHELL          1  -0.0%   124.3      0.1814E-04   0.000       124.3       0.000      0.1023       0.000    
   15100   2.337      0.1550E-03 SHELL          4  -0.0%   126.1      0.1812E-04   0.000       126.1       0.000      0.1023       0.000    
   15200   2.353      0.1550E-03 SHELL          4  -0.0%   128.0      0.1824E-04   0.000       128.0       0.000      0.1023       0.000    
   15300   2.368      0.1550E-03 SHELL          1  -0.0%   129.8      0.1823E-04   0.000       129.8       0.000      0.1023       0.000    
   15400   2.384      0.1550E-03 SHELL          1  -0.0%   131.7      0.1823E-04   0.000       131.7       0.000      0.1023       0.000    
   15500   2.399      0.1550E-03 SHELL          1  -0.0%   133.5      0.1822E-04   0.000       133.5       0.000      0.1023       0.000    
     ANIMATION FILE: I02F_AA2024_G30_H2_HALFDT_R3A007 WRITTEN
   15600   2.415      0.1550E-03 SHELL          1  -0.0%   135.4      0.1889E-04   0.000       135.4       0.000      0.1023       0.000    
   15700   2.430      0.1550E-03 SHELL          3  -0.0%   137.3      0.1895E-04   0.000       137.3       0.000      0.1023       0.000    
   15800   2.446      0.1550E-03 SHELL          1  -0.0%   139.2      0.1892E-04   0.000       139.2       0.000      0.1023       0.000    
   15900   2.461      0.1550E-03 SHELL          1  -0.0%   141.1      0.1892E-04   0.000       141.1       0.000      0.1023       0.000    
   16000   2.477      0.1550E-03 SHELL          1  -0.0%   143.0      0.1891E-04   0.000       143.0       0.000      0.1023       0.000    
   16100   2.492      0.1550E-03 SHELL          1  -0.0%   144.9      0.1952E-04   0.000       144.9       0.000      0.1023       0.000    
   16200   2.508      0.1550E-03 SHELL          1  -0.0%   146.8      0.1957E-04   0.000       146.8       0.000      0.1023       0.000    
   16300   2.523      0.1550E-03 SHELL          1  -0.0%   148.8      0.1958E-04   0.000       148.8       0.000      0.1023       0.000    
   16400   2.539      0.1550E-03 SHELL          1  -0.0%   150.7      0.1958E-04   0.000       150.7       0.000      0.1023       0.000    
   16500   2.554      0.1550E-03 SHELL          1  -0.0%   152.6      0.1958E-04   0.000       152.6       0.000      0.1023       0.000    
   16600   2.570      0.1550E-03 SHELL          1  -0.0%   154.6      0.2010E-04   0.000       154.6       0.000      0.1023       0.000    
   16700   2.585      0.1550E-03 SHELL          3  -0.0%   156.5      0.2024E-04   0.000       156.5       0.000      0.1023       0.000    
   16800   2.601      0.1550E-03 SHELL          1  -0.0%   158.5      0.2022E-04   0.000       158.5       0.000      0.1023       0.000    
   16900   2.616      0.1550E-03 SHELL          1  -0.0%   160.4      0.2022E-04   0.000       160.4       0.000      0.1023       0.000    
   17000   2.632      0.1550E-03 SHELL          1  -0.0%   162.4      0.2021E-04   0.000       162.4       0.000      0.1023       0.000    
   17100   2.647      0.1550E-03 SHELL          1  -0.0%   164.4      0.2073E-04   0.000       164.4       0.000      0.1023       0.000    
   17200   2.663      0.1550E-03 SHELL          2  -0.0%   166.4      0.2086E-04   0.000       166.4       0.000      0.1023       0.000    
   17300   2.678      0.1550E-03 SHELL          1  -0.0%   168.4      0.2083E-04   0.000       168.4       0.000      0.1023       0.000    
   17400   2.694      0.1550E-03 SHELL          1  -0.0%   170.3      0.2083E-04   0.000       170.3       0.000      0.1023       0.000    
   17500   2.709      0.1550E-03 SHELL          1  -0.0%   172.3      0.2082E-04   0.000       172.3       0.000      0.1023       0.000    
   17600   2.725      0.1550E-03 SHELL          4  -0.0%   174.3      0.2142E-04   0.000       174.3       0.000      0.1023       0.000    
   17700   2.740      0.1551E-03 SHELL          1  -0.0%   176.3      0.2136E-04   0.000       176.3       0.000      0.1023       0.000    
   17800   2.756      0.1551E-03 SHELL          1  -0.0%   178.4      0.2140E-04   0.000       178.4       0.000      0.1023       0.000    
   17900   2.771      0.1551E-03 SHELL          1  -0.0%   180.4      0.2141E-04   0.000       180.4       0.000      0.1023       0.000    
   18000   2.787      0.1551E-03 SHELL          1  -0.0%   182.4      0.2140E-04   0.000       182.4       0.000      0.1023       0.000    
     ANIMATION FILE: I02F_AA2024_G30_H2_HALFDT_R3A008 WRITTEN
   18100   2.802      0.1551E-03 SHELL          1  -0.0%   184.4      0.2191E-04   0.000       184.4       0.000      0.1023       0.000    
   18200   2.818      0.1551E-03 SHELL          4  -0.0%   186.5      0.2190E-04   0.000       186.5       0.000      0.1023       0.000    
   18300   2.833      0.1551E-03 SHELL          4  -0.0%   188.5      0.2198E-04   0.000       188.5       0.000      0.1023       0.000    
   18400   2.849      0.1551E-03 SHELL          1  -0.0%   190.5      0.2196E-04   0.000       190.5       0.000      0.1023       0.000    
   18500   2.864      0.1551E-03 SHELL          1  -0.0%   192.6      0.2195E-04   0.000       192.6       0.000      0.1023       0.000    
   18600   2.880      0.1551E-03 SHELL          1  -0.0%   194.6      0.2195E-04   0.000       194.6       0.000      0.1023       0.000    
   18700   2.895      0.1551E-03 SHELL          1  -0.0%   196.7      0.2245E-04   0.000       196.7       0.000      0.1023       0.000    
   18800   2.911      0.1551E-03 SHELL          1  -0.0%   198.8      0.2248E-04   0.000       198.8       0.000      0.1023       0.000    
   18900   2.926      0.1551E-03 SHELL          1  -0.0%   200.8      0.2247E-04   0.000       200.8       0.000      0.1023       0.000    
   19000   2.942      0.1551E-03 SHELL          1  -0.0%   202.9      0.2247E-04   0.000       202.9       0.000      0.1023       0.000    
   19100   2.957      0.1551E-03 SHELL          1  -0.0%   205.0      0.2246E-04   0.000       205.0       0.000      0.1023       0.000    
   19200   2.973      0.1551E-03 SHELL          1  -0.0%   207.1      0.2297E-04   0.000       207.1       0.000      0.1023       0.000    
   19300   2.988      0.1551E-03 SHELL          1  -0.0%   209.2      0.2293E-04   0.000       209.2       0.000      0.1023       0.000    
   19400   3.004      0.1551E-03 SHELL          1  -0.0%   211.2      0.2295E-04   0.000       211.2       0.000      0.1023       0.000    
   19500   3.019      0.1551E-03 SHELL          1  -0.0%   213.3      0.2295E-04   0.000       213.3       0.000      0.1023       0.000    
   19600   3.035      0.1551E-03 SHELL          1  -0.0%   215.4      0.2294E-04   0.000       215.4       0.000      0.1023       0.000    
   19700   3.050      0.1551E-03 SHELL          1  -0.0%   217.5      0.2336E-04   0.000       217.5       0.000      0.1023       0.000    
   19800   3.066      0.1551E-03 SHELL          1  -0.0%   219.6      0.2342E-04   0.000       219.6       0.000      0.1023       0.000    
   19900   3.081      0.1551E-03 SHELL          1  -0.0%   221.8      0.2340E-04   0.000       221.8       0.000      0.1023       0.000    
   CYCLE    TIME      TIME-STEP  ELEMENT          ERROR  I-ENERGY    K-ENERGY T  K-ENERGY R  EXT-WORK     MAS.ERR     TOTAL MASS  MASS ADDED
   20000   3.097      0.1551E-03 SHELL          1  -0.0%   223.9      0.2340E-04   0.000       223.9       0.000      0.1023       0.000    
   20100   3.112      0.1551E-03 SHELL          1  -0.0%   226.0      0.2339E-04   0.000       226.0       0.000      0.1023       0.000    
   20200   3.128      0.1551E-03 SHELL          4  -0.0%   228.1      0.2369E-04   0.000       228.1       0.000      0.1023       0.000    
   20300   3.143      0.1551E-03 SHELL          3  -0.0%   230.2      0.2381E-04   0.000       230.2       0.000      0.1023       0.000    
   20400   3.159      0.1551E-03 SHELL          1  -0.0%   232.4      0.2382E-04   0.000       232.4       0.000      0.1023       0.000    
   20500   3.174      0.1552E-03 SHELL          1  -0.0%   234.5      0.2381E-04   0.000       234.5       0.000      0.1023       0.000    
   20600   3.190      0.1552E-03 SHELL          1  -0.0%   236.6      0.2380E-04   0.000       236.6       0.000      0.1023       0.000    
     ANIMATION FILE: I02F_AA2024_G30_H2_HALFDT_R3A009 WRITTEN
   20700   3.205      0.1552E-03 SHELL          4  -0.0%   238.8      0.2419E-04   0.000       238.8       0.000      0.1023       0.000    
   20800   3.221      0.1552E-03 SHELL          1  -0.0%   240.9      0.2419E-04   0.000       240.9       0.000      0.1023       0.000    
   20900   3.236      0.1552E-03 SHELL          1  -0.0%   243.1      0.2419E-04   0.000       243.1       0.000      0.1023       0.000    
   21000   3.252      0.1552E-03 SHELL          1  -0.0%   245.2      0.2418E-04   0.000       245.2       0.000      0.1023       0.000    
   21100   3.267      0.1552E-03 SHELL          1  -0.0%   247.4      0.2417E-04   0.000       247.4       0.000      0.1023       0.000    
   21200   3.283      0.1552E-03 SHELL          2  -0.0%   249.5      0.2448E-04   0.000       249.5       0.000      0.1023       0.000    
   21300   3.298      0.1552E-03 SHELL          1  -0.0%   251.7      0.2451E-04   0.000       251.7       0.000      0.1023       0.000    
   21400   3.314      0.1552E-03 SHELL          1  -0.0%   253.8      0.2451E-04   0.000       253.8       0.000      0.1023       0.000    
   21500   3.329      0.1552E-03 SHELL          1  -0.0%   256.0      0.2451E-04   0.000       256.0       0.000      0.1023       0.000    
   21600   3.345      0.1552E-03 SHELL          1  -0.0%   258.2      0.2451E-04   0.000       258.2       0.000      0.1023       0.000    
   21700   3.361      0.1552E-03 SHELL          1  -0.0%   260.3      0.2469E-04   0.000       260.3       0.000      0.1023       0.000    
   21800   3.376      0.1552E-03 SHELL          3  -0.0%   262.5      0.2480E-04   0.000       262.5       0.000      0.1023       0.000    
   21900   3.392      0.1552E-03 SHELL          1  -0.0%   264.7      0.2481E-04   0.000       264.7       0.000      0.1023       0.000    
   22000   3.407      0.1552E-03 SHELL          1  -0.0%   266.9      0.2481E-04   0.000       266.9       0.000      0.1023       0.000    
   22100   3.423      0.1552E-03 SHELL          1  -0.0%   269.1      0.2480E-04   0.000       269.1       0.000      0.1023       0.000    
   22200   3.438      0.1552E-03 SHELL          1  -0.0%   271.2      0.2480E-04   0.000       271.2       0.000      0.1023       0.000    
   22300   3.454      0.1552E-03 SHELL          1  -0.0%   273.4      0.2509E-04   0.000       273.4       0.000      0.1023       0.000    
   22400   3.469      0.1552E-03 SHELL          1  -0.0%   275.6      0.2507E-04   0.000       275.6       0.000      0.1023       0.000    
   22500   3.485      0.1552E-03 SHELL          1  -0.0%   277.8      0.2507E-04   0.000       277.8       0.000      0.1023       0.000    
   22600   3.500      0.1552E-03 SHELL          1  -0.0%   280.0      0.2506E-04   0.000       280.0       0.000      0.1023       0.000    
   22700   3.516      0.1552E-03 SHELL          1  -0.0%   282.2      0.2505E-04   0.000       282.2       0.000      0.1023       0.000    
   22800   3.531      0.1552E-03 SHELL          1  -0.0%   284.4      0.2525E-04   0.000       284.4       0.000      0.1023       0.000    
   22900   3.547      0.1552E-03 SHELL          1  -0.0%   286.6      0.2529E-04   0.000       286.6       0.000      0.1023       0.000    
   23000   3.562      0.1552E-03 SHELL          1  -0.0%   288.8      0.2528E-04   0.000       288.8       0.000      0.1023       0.000    
   23100   3.578      0.1552E-03 SHELL          1  -0.0%   291.0      0.2528E-04   0.000       291.0       0.000      0.1023       0.000    
   23200   3.593      0.1553E-03 SHELL          1  -0.0%   293.2      0.2527E-04   0.000       293.2       0.000      0.1023       0.000    
     ANIMATION FILE: I02F_AA2024_G30_H2_HALFDT_R3A010 WRITTEN
   23300   3.609      0.1553E-03 SHELL          1  -0.0%   295.4      0.2540E-04   0.000       295.4       0.000      0.1023       0.000    
   23400   3.624      0.1553E-03 SHELL          1  -0.0%   297.6      0.2547E-04   0.000       297.6       0.000      0.1023       0.000    
   23500   3.640      0.1553E-03 SHELL          1  -0.0%   299.8      0.2546E-04   0.000       299.8       0.000      0.1023       0.000    
   23600   3.655      0.1553E-03 SHELL          1  -0.0%   302.0      0.2545E-04   0.000       302.0       0.000      0.1023       0.000    
   23700   3.671      0.1553E-03 SHELL          1  -0.0%   304.2      0.2545E-04   0.000       304.2       0.000      0.1023       0.000    
   23800   3.687      0.1553E-03 SHELL          2  -0.0%   306.4      0.2559E-04   0.000       306.4       0.000      0.1023       0.000    
   23900   3.702      0.1553E-03 SHELL          1  -0.0%   308.7      0.2561E-04   0.000       308.7       0.000      0.1023       0.000    
   24000   3.718      0.1553E-03 SHELL          1  -0.0%   310.9      0.2559E-04   0.000       310.9       0.000      0.1023       0.000    
   24100   3.733      0.1553E-03 SHELL          1  -0.0%   313.1      0.2559E-04   0.000       313.1       0.000      0.1023       0.000    
   24200   3.749      0.1553E-03 SHELL          1  -0.0%   315.3      0.2558E-04   0.000       315.3       0.000      0.1023       0.000    
   24300   3.764      0.1553E-03 SHELL          1  -0.0%   317.5      0.2570E-04   0.000       317.5       0.000      0.1023       0.000    
   24400   3.780      0.1553E-03 SHELL          1  -0.0%   319.7      0.2568E-04   0.000       319.7       0.000      0.1023       0.000    
   24500   3.795      0.1553E-03 SHELL          1  -0.0%   322.0      0.2568E-04   0.000       322.0       0.000      0.1023       0.000    
   24600   3.811      0.1553E-03 SHELL          1  -0.0%   324.2      0.2568E-04   0.000       324.2       0.000      0.1023       0.000    
   24700   3.826      0.1553E-03 SHELL          1  -0.0%   326.4      0.2567E-04   0.000       326.4       0.000      0.1023       0.000    
   24800   3.842      0.1553E-03 SHELL          1  -0.0%   328.6      0.2574E-04   0.000       328.6       0.000      0.1023       0.000    
   24900   3.857      0.1553E-03 SHELL          1  -0.0%   330.9      0.2574E-04   0.000       330.9       0.000      0.1023       0.000    
   25000   3.873      0.1553E-03 SHELL          1  -0.0%   333.1      0.2574E-04   0.000       333.1       0.000      0.1023       0.000    
   25100   3.888      0.1553E-03 SHELL          1  -0.0%   335.3      0.2573E-04   0.000       335.3       0.000      0.1023       0.000    
   25200   3.904      0.1553E-03 SHELL          1  -0.0%   337.5      0.2573E-04   0.000       337.5       0.000      0.1023       0.000    
   25300   3.919      0.1553E-03 SHELL          1  -0.0%   339.8      0.2572E-04   0.000       339.8       0.000      0.1023       0.000    
   25400   3.935      0.1553E-03 SHELL          1  -0.0%   342.0      0.2576E-04   0.000       342.0       0.000      0.1023       0.000    
   25500   3.951      0.1553E-03 SHELL          1  -0.0%   344.2      0.2575E-04   0.000       344.2       0.000      0.1023       0.000    
   25600   3.966      0.1553E-03 SHELL          1  -0.0%   346.4      0.2575E-04   0.000       346.4       0.000      0.1023       0.000    
   25700   3.982      0.1553E-03 SHELL          1  -0.0%   348.7      0.2574E-04   0.000       348.7       0.000      0.1023       0.000    
   25800   3.997      0.1553E-03 SHELL          1  -0.0%   350.9      0.2573E-04   0.000       350.9       0.000      0.1023       0.000    
     ANIMATION FILE: I02F_AA2024_G30_H2_HALFDT_R3A011 WRITTEN
   25900   4.013      0.1553E-03 SHELL          1  -0.0%   353.1      0.2573E-04   0.000       353.1       0.000      0.1023       0.000    
   26000   4.028      0.1554E-03 SHELL          1  -0.0%   355.3      0.2572E-04   0.000       355.3       0.000      0.1023       0.000    
   26100   4.044      0.1554E-03 SHELL          1  -0.0%   357.6      0.2572E-04   0.000       357.6       0.000      0.1023       0.000    
   26200   4.059      0.1554E-03 SHELL          1  -0.0%   359.8      0.2571E-04   0.000       359.8       0.000      0.1023       0.000    
   26300   4.075      0.1554E-03 SHELL          1  -0.0%   362.0      0.2570E-04   0.000       362.0       0.000      0.1023       0.000    
   26400   4.090      0.1554E-03 SHELL          1  -0.0%   364.2      0.2566E-04   0.000       364.2       0.000      0.1023       0.000    
   26500   4.106      0.1554E-03 SHELL          1  -0.0%   366.5      0.2566E-04   0.000       366.5       0.000      0.1023       0.000    
   26600   4.121      0.1554E-03 SHELL          1  -0.0%   368.7      0.2564E-04   0.000       368.7       0.000      0.1023       0.000    
   26700   4.137      0.1554E-03 SHELL          1  -0.0%   370.9      0.2564E-04   0.000       370.9       0.000      0.1023       0.000    
   26800   4.153      0.1554E-03 SHELL          1  -0.0%   373.1      0.2563E-04   0.000       373.1       0.000      0.1023       0.000    
   26900   4.168      0.1554E-03 SHELL          1  -0.0%   375.4      0.2557E-04   0.000       375.4       0.000      0.1023       0.000    
   27000   4.184      0.1554E-03 SHELL          1  -0.0%   377.6      0.2554E-04   0.000       377.6       0.000      0.1023       0.000    
   27100   4.199      0.1554E-03 SHELL          1  -0.0%   379.8      0.2553E-04   0.000       379.8       0.000      0.1023       0.000    
   27200   4.215      0.1554E-03 SHELL          1  -0.0%   382.0      0.2553E-04   0.000       382.0       0.000      0.1023       0.000    
   27300   4.230      0.1554E-03 SHELL          1  -0.0%   384.2      0.2552E-04   0.000       384.2       0.000      0.1023       0.000    
   27400   4.246      0.1554E-03 SHELL          1  -0.0%   386.4      0.2540E-04   0.000       386.4       0.000      0.1023       0.000    
   27500   4.261      0.1554E-03 SHELL          1  -0.0%   388.7      0.2538E-04   0.000       388.7       0.000      0.1023       0.000    
   27600   4.277      0.1554E-03 SHELL          1  -0.0%   390.9      0.2538E-04   0.000       390.9       0.000      0.1023       0.000    
   27700   4.292      0.1554E-03 SHELL          1  -0.0%   393.1      0.2538E-04   0.000       393.1       0.000      0.1023       0.000    
   27800   4.308      0.1554E-03 SHELL          1  -0.0%   395.3      0.2537E-04   0.000       395.3       0.000      0.1023       0.000    
   27900   4.323      0.1554E-03 SHELL          4  -0.0%   397.5      0.2522E-04   0.000       397.5       0.000      0.1023       0.000    
   28000   4.339      0.1554E-03 SHELL          4  -0.0%   399.7      0.2521E-04   0.000       399.7       0.000      0.1023       0.000    
   28100   4.355      0.1554E-03 SHELL          1  -0.0%   401.9      0.2519E-04   0.000       401.9       0.000      0.1023       0.000    
   28200   4.370      0.1554E-03 SHELL          1  -0.0%   404.1      0.2518E-04   0.000       404.1       0.000      0.1023       0.000    
   28300   4.386      0.1554E-03 SHELL          1  -0.0%   406.3      0.2518E-04   0.000       406.3       0.000      0.1023       0.000    
     ANIMATION FILE: I02F_AA2024_G30_H2_HALFDT_R3A012 WRITTEN
   28400   4.401      0.1554E-03 SHELL          2  -0.0%   408.5      0.2502E-04   0.000       408.5       0.000      0.1023       0.000    
   28500   4.417      0.1554E-03 SHELL          1  -0.0%   410.7      0.2500E-04   0.000       410.7       0.000      0.1023       0.000    
   28600   4.432      0.1554E-03 SHELL          1  -0.0%   412.9      0.2496E-04   0.000       412.9       0.000      0.1023       0.000    
   28700   4.448      0.1554E-03 SHELL          1  -0.0%   415.1      0.2495E-04   0.000       415.1       0.000      0.1023       0.000    
   28800   4.463      0.1554E-03 SHELL          1  -0.0%   417.3      0.2495E-04   0.000       417.3       0.000      0.1023       0.000    
   28900   4.479      0.1555E-03 SHELL          1  -0.0%   419.5      0.2494E-04   0.000       419.5       0.000      0.1023       0.000    
   29000   4.494      0.1555E-03 SHELL          1  -0.0%   421.7      0.2470E-04   0.000       421.7       0.000      0.1023       0.000    
   29100   4.510      0.1555E-03 SHELL          1  -0.0%   423.9      0.2468E-04   0.000       423.9       0.000      0.1023       0.000    
   29200   4.526      0.1555E-03 SHELL          1  -0.0%   426.1      0.2468E-04   0.000       426.1       0.000      0.1023       0.000    
   29300   4.541      0.1555E-03 SHELL          1  -0.0%   428.3      0.2468E-04   0.000       428.3       0.000      0.1023       0.000    
   29400   4.557      0.1555E-03 SHELL          1  -0.0%   430.5      0.2467E-04   0.000       430.5       0.000      0.1023       0.000    
   29500   4.572      0.1555E-03 SHELL          3  -0.0%   432.6      0.2442E-04   0.000       432.6       0.000      0.1023       0.000    
   29600   4.588      0.1555E-03 SHELL          1  -0.0%   434.8      0.2439E-04   0.000       434.8       0.000      0.1023       0.000    
   29700   4.603      0.1555E-03 SHELL          1  -0.0%   437.0      0.2438E-04   0.000       437.0       0.000      0.1023       0.000    
   29800   4.619      0.1555E-03 SHELL          1  -0.0%   439.2      0.2437E-04   0.000       439.2       0.000      0.1023       0.000    
   29900   4.634      0.1555E-03 SHELL          1  -0.0%   441.3      0.2437E-04   0.000       441.3       0.000      0.1023       0.000    
   CYCLE    TIME      TIME-STEP  ELEMENT          ERROR  I-ENERGY    K-ENERGY T  K-ENERGY R  EXT-WORK     MAS.ERR     TOTAL MASS  MASS ADDED
   30000   4.650      0.1555E-03 SHELL          3  -0.0%   443.5      0.2409E-04   0.000       443.5       0.000      0.1023       0.000    
   30100   4.665      0.1555E-03 SHELL          1  -0.0%   445.7      0.2403E-04   0.000       445.7       0.000      0.1023       0.000    
   30200   4.681      0.1555E-03 SHELL          1  -0.0%   447.8      0.2403E-04   0.000       447.8       0.000      0.1023       0.000    
   30300   4.697      0.1555E-03 SHELL          1  -0.0%   450.0      0.2403E-04   0.000       450.0       0.000      0.1023       0.000    
   30400   4.712      0.1555E-03 SHELL          1  -0.0%   452.1      0.2402E-04   0.000       452.1       0.000      0.1023       0.000    
   30500   4.728      0.1555E-03 SHELL          1  -0.0%   454.3      0.2376E-04   0.000       454.3       0.000      0.1023       0.000    
   30600   4.743      0.1555E-03 SHELL          1  -0.0%   456.4      0.2366E-04   0.000       456.4       0.000      0.1023       0.000    
   30700   4.759      0.1555E-03 SHELL          1  -0.0%   458.6      0.2364E-04   0.000       458.6       0.000      0.1023       0.000    
   30800   4.774      0.1555E-03 SHELL          1  -0.0%   460.7      0.2365E-04   0.000       460.7       0.000      0.1023       0.000    
   30900   4.790      0.1555E-03 SHELL          1  -0.0%   462.9      0.2364E-04   0.000       462.9       0.000      0.1023       0.000    
     ANIMATION FILE: I02F_AA2024_G30_H2_HALFDT_R3A013 WRITTEN
   31000   4.805      0.1555E-03 SHELL          1  -0.0%   465.0      0.2326E-04   0.000       465.0       0.000      0.1023       0.000    
   31100   4.821      0.1555E-03 SHELL          2  -0.0%   467.1      0.2325E-04   0.000       467.1       0.000      0.1023       0.000    
   31200   4.837      0.1555E-03 SHELL          1  -0.0%   469.2      0.2324E-04   0.000       469.2       0.000      0.1023       0.000    
   31300   4.852      0.1555E-03 SHELL          1  -0.0%   471.4      0.2323E-04   0.000       471.4       0.000      0.1023       0.000    
   31400   4.868      0.1555E-03 SHELL          1  -0.0%   473.5      0.2322E-04   0.000       473.5       0.000      0.1023       0.000    
   31500   4.883      0.1555E-03 SHELL          3  -0.0%   475.6      0.2286E-04   0.000       475.6       0.000      0.1023       0.000    
   31600   4.899      0.1555E-03 SHELL          4  -0.0%   477.7      0.2283E-04   0.000       477.7       0.000      0.1023       0.000    
   31700   4.914      0.1555E-03 SHELL          1  -0.0%   479.8      0.2279E-04   0.000       479.8       0.000      0.1023       0.000    
   31800   4.930      0.1555E-03 SHELL          1  -0.0%   481.9      0.2278E-04   0.000       481.9       0.000      0.1023       0.000    
   31900   4.945      0.1555E-03 SHELL          1  -0.0%   484.0      0.2277E-04   0.000       484.0       0.000      0.1023       0.000    
   32000   4.961      0.1556E-03 SHELL          2  -0.0%   486.1      0.2244E-04   0.000       486.1       0.000      0.1023       0.000    
   32100   4.976      0.1556E-03 SHELL          1  -0.0%   488.2      0.2240E-04   0.000       488.2       0.000      0.1023       0.000    
   32200   4.992      0.1556E-03 SHELL          1  -0.0%   490.3      0.2230E-04   0.000       490.3       0.000      0.1023       0.000    
   32300   5.008      0.1556E-03 SHELL          1  -0.0%   492.4      0.2229E-04   0.000       492.4       0.000      0.1023       0.000    
   32400   5.023      0.1556E-03 SHELL          1  -0.0%   494.5      0.2229E-04   0.000       494.5       0.000      0.1023       0.000    
   32500   5.039      0.1556E-03 SHELL          1  -0.0%   496.5      0.2229E-04   0.000       496.5       0.000      0.1023       0.000    
   32600   5.054      0.1556E-03 SHELL          1  -0.0%   498.6      0.2180E-04   0.000       498.6       0.000      0.1023       0.000    
   32700   5.070      0.1556E-03 SHELL          4  -0.0%   500.7      0.2177E-04   0.000       500.7       0.000      0.1023       0.000    
   32800   5.085      0.1556E-03 SHELL          1  -0.0%   502.7      0.2178E-04   0.000       502.7       0.000      0.1023       0.000    
   32900   5.101      0.1556E-03 SHELL          1  -0.0%   504.8      0.2178E-04   0.000       504.8       0.000      0.1023       0.000    
   33000   5.117      0.1556E-03 SHELL          1  -0.0%   506.8      0.2177E-04   0.000       506.8       0.000      0.1023       0.000    
   33100   5.132      0.1556E-03 SHELL          3  -0.0%   508.9      0.2130E-04   0.000       508.9       0.000      0.1023       0.000    
   33200   5.148      0.1556E-03 SHELL          1  -0.0%   510.9      0.2127E-04   0.000       510.9       0.000      0.1023       0.000    
   33300   5.163      0.1556E-03 SHELL          1  -0.0%   512.9      0.2124E-04   0.000       512.9       0.000      0.1023       0.000    
   33400   5.179      0.1556E-03 SHELL          1  -0.0%   515.0      0.2123E-04   0.000       515.0       0.000      0.1023       0.000    
   33500   5.194      0.1556E-03 SHELL          1  -0.0%   517.0      0.2123E-04   0.000       517.0       0.000      0.1023       0.000    
     ANIMATION FILE: I02F_AA2024_G30_H2_HALFDT_R3A014 WRITTEN
   33600   5.210      0.1556E-03 SHELL          3  -0.0%   519.0      0.2076E-04   0.000       519.0       0.000      0.1023       0.000    
   33700   5.225      0.1556E-03 SHELL          3  -0.0%   521.0      0.2068E-04   0.000       521.0       0.000      0.1023       0.000    
   33800   5.241      0.1556E-03 SHELL          1  -0.0%   523.0      0.2066E-04   0.000       523.0       0.000      0.1023       0.000    
   33900   5.257      0.1556E-03 SHELL          1  -0.0%   525.1      0.2066E-04   0.000       525.1       0.000      0.1023       0.000    
   34000   5.272      0.1556E-03 SHELL          1  -0.0%   527.1      0.2065E-04   0.000       527.1       0.000      0.1023       0.000    
   34100   5.288      0.1556E-03 SHELL          1  -0.0%   529.1      0.2023E-04   0.000       529.1       0.000      0.1023       0.000    
   34200   5.303      0.1556E-03 SHELL          1  -0.0%   531.0      0.2006E-04   0.000       531.0       0.000      0.1023       0.000    
   34300   5.319      0.1556E-03 SHELL          1  -0.0%   533.0      0.2006E-04   0.000       533.0       0.000      0.1023       0.000    
   34400   5.334      0.1556E-03 SHELL          1  -0.0%   535.0      0.2006E-04   0.000       535.0       0.000      0.1023       0.000    
   34500   5.350      0.1556E-03 SHELL          1  -0.0%   537.0      0.2005E-04   0.000       537.0       0.000      0.1023       0.000    
   34600   5.365      0.1556E-03 SHELL          1  -0.0%   538.9      0.1947E-04   0.000       538.9       0.000      0.1023       0.000    
   34700   5.381      0.1556E-03 SHELL          4  -0.0%   540.9      0.1945E-04   0.000       540.9       0.000      0.1023       0.000    
   34800   5.397      0.1556E-03 SHELL          1  -0.0%   542.8      0.1944E-04   0.000       542.8       0.000      0.1023       0.000    
   34900   5.412      0.1556E-03 SHELL          1  -0.0%   544.8      0.1943E-04   0.000       544.8       0.000      0.1023       0.000    
   35000   5.428      0.1556E-03 SHELL          1  -0.0%   546.7      0.1943E-04   0.000       546.7       0.000      0.1023       0.000    
   35100   5.443      0.1556E-03 SHELL          3  -0.0%   548.7      0.1888E-04   0.000       548.7       0.000      0.1023       0.000    
   35200   5.459      0.1556E-03 SHELL          4  -0.0%   550.6      0.1886E-04   0.000       550.6       0.000      0.1023       0.000    
   35300   5.474      0.1556E-03 SHELL          1  -0.0%   552.5      0.1879E-04   0.000       552.5       0.000      0.1023       0.000    
   35400   5.490      0.1556E-03 SHELL          1  -0.0%   554.4      0.1877E-04   0.000       554.4       0.000      0.1023       0.000    
   35500   5.506      0.1557E-03 SHELL          1  -0.0%   556.3      0.1878E-04   0.000       556.3       0.000      0.1023       0.000    
   35600   5.521      0.1557E-03 SHELL          1  -0.0%   558.2      0.1827E-04   0.000       558.2       0.000      0.1023       0.000    
   35700   5.537      0.1557E-03 SHELL          3  -0.0%   560.1      0.1825E-04   0.000       560.1       0.000      0.1023       0.000    
   35800   5.552      0.1557E-03 SHELL          2  -0.0%   562.0      0.1811E-04   0.000       562.0       0.000      0.1023       0.000    
   35900   5.568      0.1557E-03 SHELL          1  -0.0%   563.9      0.1811E-04   0.000       563.9       0.000      0.1023       0.000    
   36000   5.583      0.1557E-03 SHELL          1  -0.0%   565.8      0.1810E-04   0.000       565.8       0.000      0.1023       0.000    
   36100   5.599      0.1557E-03 SHELL          1  -0.0%   567.7      0.1810E-04   0.000       567.7       0.000      0.1023       0.000    
     ANIMATION FILE: I02F_AA2024_G30_H2_HALFDT_R3A015 WRITTEN
   36200   5.615      0.1557E-03 SHELL          1  -0.0%   569.5      0.1747E-04   0.000       569.5       0.000      0.1023       0.000    
   36300   5.630      0.1557E-03 SHELL          4  -0.0%   571.3      0.1742E-04   0.000       571.3       0.000      0.1023       0.000    
   36400   5.646      0.1557E-03 SHELL          1  -0.0%   573.2      0.1741E-04   0.000       573.2       0.000      0.1023       0.000    
   36500   5.661      0.1557E-03 SHELL          1  -0.0%   575.0      0.1741E-04   0.000       575.0       0.000      0.1023       0.000    
   36600   5.677      0.1557E-03 SHELL          1  -0.0%   576.9      0.1741E-04   0.000       576.9       0.000      0.1023       0.000    
   36700   5.692      0.1557E-03 SHELL          3  -0.0%   578.7      0.1677E-04   0.000       578.7       0.000      0.1023       0.000    
   36800   5.708      0.1557E-03 SHELL          1  -0.0%   580.5      0.1673E-04   0.000       580.5       0.000      0.1023       0.000    
   36900   5.723      0.1557E-03 SHELL          1  -0.0%   582.3      0.1671E-04   0.000       582.3       0.000      0.1023       0.000    
   37000   5.739      0.1557E-03 SHELL          1  -0.0%   584.1      0.1670E-04   0.000       584.1       0.000      0.1023       0.000    
   37100   5.755      0.1557E-03 SHELL          1  -0.0%   585.9      0.1670E-04   0.000       585.9       0.000      0.1023       0.000    
   37200   5.770      0.1557E-03 SHELL          3  -0.0%   587.7      0.1606E-04   0.000       587.7       0.000      0.1023       0.000    
   37300   5.786      0.1557E-03 SHELL          1  -0.0%   589.5      0.1598E-04   0.000       589.5       0.000      0.1023       0.000    
   37400   5.801      0.1557E-03 SHELL          1  -0.0%   591.3      0.1597E-04   0.000       591.3       0.000      0.1023       0.000    
   37500   5.817      0.1557E-03 SHELL          1  -0.0%   593.0      0.1597E-04   0.000       593.0       0.000      0.1023       0.000    
 FAILURE (FTAB) OF SHELL ELEMENT          1 ,GAUSS PT 1 ,LAYER  1 ,INTEGRATION PT  1
 FAILURE (FTAB) OF SHELL ELEMENT          2 ,GAUSS PT 1 ,LAYER  1 ,INTEGRATION PT  1
 FAILURE (FTAB) OF SHELL ELEMENT          3 ,GAUSS PT 1 ,LAYER  1 ,INTEGRATION PT  1
 FAILURE (FTAB) OF SHELL ELEMENT          4 ,GAUSS PT 1 ,LAYER  1 ,INTEGRATION PT  1
 FAILURE (FTAB) OF SHELL ELEMENT          1 ,GAUSS PT 1 ,LAYER  1 ,INTEGRATION PT  2
 FAILURE (FTAB) OF SHELL ELEMENT          2 ,GAUSS PT 1 ,LAYER  1 ,INTEGRATION PT  2
 FAILURE (FTAB) OF SHELL ELEMENT          3 ,GAUSS PT 1 ,LAYER  1 ,INTEGRATION PT  2
 FAILURE (FTAB) OF SHELL ELEMENT          4 ,GAUSS PT 1 ,LAYER  1 ,INTEGRATION PT  2
 FAILURE (FTAB) OF SHELL ELEMENT          1 ,GAUSS PT 1 ,LAYER  1 ,INTEGRATION PT  3
 FAILURE (FTAB) OF SHELL ELEMENT          2 ,GAUSS PT 1 ,LAYER  1 ,INTEGRATION PT  3
 FAILURE (FTAB) OF SHELL ELEMENT          3 ,GAUSS PT 1 ,LAYER  1 ,INTEGRATION PT  3
 FAILURE (FTAB) OF SHELL ELEMENT          4 ,GAUSS PT 1 ,LAYER  1 ,INTEGRATION PT  3
 FAILURE (FTAB) OF SHELL ELEMENT          1 ,GAUSS PT 1 ,LAYER  1 ,INTEGRATION PT  4
 FAILURE (FTAB) OF SHELL ELEMENT          2 ,GAUSS PT 1 ,LAYER  1 ,INTEGRATION PT  4
 FAILURE (FTAB) OF SHELL ELEMENT          3 ,GAUSS PT 1 ,LAYER  1 ,INTEGRATION PT  4
 FAILURE (FTAB) OF SHELL ELEMENT          4 ,GAUSS PT 1 ,LAYER  1 ,INTEGRATION PT  4
 FAILURE (FTAB) OF SHELL ELEMENT          1 ,GAUSS PT 1 ,LAYER  1 ,INTEGRATION PT  5
 FAILURE (FTAB) OF SHELL ELEMENT          2 ,GAUSS PT 1 ,LAYER  1 ,INTEGRATION PT  5
 FAILURE (FTAB) OF SHELL ELEMENT          3 ,GAUSS PT 1 ,LAYER  1 ,INTEGRATION PT  5
 FAILURE (FTAB) OF SHELL ELEMENT          4 ,GAUSS PT 1 ,LAYER  1 ,INTEGRATION PT  5
 -- RUPTURE (TAB1) OF SHELL ELEMENT NUMBER          1
 -- RUPTURE (TAB1) OF SHELL ELEMENT NUMBER          2
 -- RUPTURE (TAB1) OF SHELL ELEMENT NUMBER          3
 -- RUPTURE (TAB1) OF SHELL ELEMENT NUMBER          4
   37600   5.847      0.2041E-02 SHELL          1  -0.0%   594.3      0.1561E-04   0.000       594.3       0.000      0.1023       0.000    
     ANIMATION FILE: I02F_AA2024_G30_H2_HALFDT_R3A016 WRITTEN
     ANIMATION FILE: I02F_AA2024_G30_H2_HALFDT_R3A017 WRITTEN
     ANIMATION FILE: I02F_AA2024_G30_H2_HALFDT_R3A018 WRITTEN
     ANIMATION FILE: I02F_AA2024_G30_H2_HALFDT_R3A019 WRITTEN
     ANIMATION FILE: I02F_AA2024_G30_H2_HALFDT_R3A020 WRITTEN

     RESTART FILES: I02F_AA2024_G30_H2_HALFDT_R3_0001_[0001-0001].rst WRITTEN
     -------------

  
                           ** CPU USER TIME **
  
  
                        ** SUMMARY **
  
 #PROC  ELEMENT   KINCOND   INTEG     IO        T0        ASM       RESOL    
   1   .5781E+00 .2812E+00 .1562E+00 .4688E+00 .3906E+00 .9375E-01 .2438E+01
  
 
                   ** CUMULATIVE CPU TIME SUMMARY **
  
 CONTACT SORTING.............: .0000E+00     0.00 % 
 CONTACT FORCES..............: .1562E-01     0.64 % 
 ELEMENT FORCES..............: .5781E+00    23.72 % 
 KINEMATIC COND..............: .2812E+00    11.54 % 
 INTEGRATION.................: .1562E+00     6.41 % 
 ASSEMBLING..................: .9375E-01     3.85 % 
 OTHERS (including I/O)......: .1312E+01    53.85 % 
 TOTAL.......................: .2438E+01   100.00 % 
  
  
                           ** ELAPSED TIME **
  
  
                        ** SUMMARY **
  
 #PROC  ELEMENT   KINCOND   INTEG     IO        T0        ASM       RESOL    
   1   .5156E+00 .1755E+00 .1262E+00 .5017E+00 .4083E+00 .7768E-01 .2441E+01
  
                   ** MEMORY USAGE STATISTICS **
  
 TOTAL MEMORY USED .........................:       48 MB
 MAXIMUM MEMORY PER PROCESSOR...............:       48 MB
 MINIMUM MEMORY PER PROCESSOR...............:       48 MB
 AVERAGE MEMORY PER PROCESSOR...............:       48 MB
  
                   ** DISK USAGE STATISTICS **
  
 TOTAL DISK SPACE USED .....................:          1 MB
 ANIMATION/H3D/TH/OUTP SIZE ................:          0 MB
 RESTART FILE SIZE .........................:          0 MB
  
                   ** COMPUTE TIME INFORMATION **
                        ** CURRENT ENGINE **
  
 EXECUTION STARTED .........................:      2026/09/14  14:12:13
 EXECUTION COMPLETED .......................:      2026/09/14  14:12:15
  
 ELAPSED TIME     =          2.47 s
                          0:00:02



     NORMAL TERMINATION      



     TOTAL NUMBER OF CYCLES  :   37649

  
                   ** COMPUTE RUNTIME INFORMATION SUMMARY **
  
        STARTER RUNTIME =          0.56s (00:00:00)
 # 001   ENGINE RUNTIME =          2.47s (00:00:02)
 ------------------------------ 
 STARTER+ENGINE RUNTIME =          3.03s (00:00:03)
  
