************************************************************************
**                                                                    **
**                                                                    **
**                         OpenRadioss Engine                         **
**                                                                    **
**            Non-linear Finite Element Analysis Software             **
**                                                                    **
**                                                                    **
**                                                                    **
**                  Windows 64 bits, Intel compiler                   **
**                      Double Precision Version                      **
**                                                                    **
**                                                                    **
**                                                                    **
************************************************************************
** OpenRadioss Software                                               **
** COPYRIGHT (C) 2026 Siemens                                         **
** Licensed under GNU Affero General Public License.                  **
** See License file.                                                  **
************************************************************************
 
 ROOT: I02F_AA2024_G30_H4_R3  RESTART: 0001
 NUMBER OF HMPP PROCESSES     1
 14/09/2026
 NC=       0 T= 0.0000E+00 DT= 6.1865E-04 ERR=  0.0% DM/M= 0.0000E+00
     ANIMATION FILE: I02F_AA2024_G30_H4_R3A001 WRITTEN
 NC=     100 T= 6.1865E-02 DT= 6.1865E-04 ERR= -0.0% DM/M= 0.0000E+00
 ELAPSED TIME=          0.04 s  REMAINING TIME=          5.33 s
 NC=     200 T= 1.2373E-01 DT= 6.1865E-04 ERR= -0.0% DM/M= 0.0000E+00
 ELAPSED TIME=          0.05 s  REMAINING TIME=          3.27 s
 NC=     300 T= 1.8560E-01 DT= 6.1865E-04 ERR=  0.0% DM/M= 0.0000E+00
 ELAPSED TIME=          0.06 s  REMAINING TIME=          2.53 s
 NC=     400 T= 2.4746E-01 DT= 6.1866E-04 ERR= -0.0% DM/M= 0.0000E+00
 ELAPSED TIME=          0.07 s  REMAINING TIME=          2.10 s
 NC=     500 T= 3.0933E-01 DT= 6.1866E-04 ERR= -0.0% DM/M= 0.0000E+00
 ELAPSED TIME=          0.08 s  REMAINING TIME=          1.89 s
 NC=     600 T= 3.7119E-01 DT= 6.1867E-04 ERR= -0.0% DM/M= 0.0000E+00
 ELAPSED TIME=          0.08 s  REMAINING TIME=          1.73 s
     ANIMATION FILE: I02F_AA2024_G30_H4_R3A002 WRITTEN
 NC=     700 T= 4.3306E-01 DT= 6.1868E-04 ERR= -0.0% DM/M= 0.0000E+00
 ELAPSED TIME=          0.09 s  REMAINING TIME=          1.61 s
 NC=     800 T= 4.9493E-01 DT= 6.1869E-04 ERR= -0.0% DM/M= 0.0000E+00
 ELAPSED TIME=          0.10 s  REMAINING TIME=          1.50 s
 NC=     900 T= 5.5680E-01 DT= 6.1870E-04 ERR= -0.0% DM/M= 0.0000E+00
 ELAPSED TIME=          0.11 s  REMAINING TIME=          1.42 s
 NC=    1000 T= 6.1867E-01 DT= 6.1871E-04 ERR= -0.0% DM/M= 0.0000E+00
 ELAPSED TIME=          0.11 s  REMAINING TIME=          1.35 s
 NC=    1100 T= 6.8054E-01 DT= 6.1872E-04 ERR= -0.0% DM/M= 0.0000E+00
 ELAPSED TIME=          0.12 s  REMAINING TIME=          1.29 s
 NC=    1200 T= 7.4241E-01 DT= 6.1873E-04 ERR= -0.0% DM/M= 0.0000E+00
 ELAPSED TIME=          0.13 s  REMAINING TIME=          1.26 s
     ANIMATION FILE: I02F_AA2024_G30_H4_R3A003 WRITTEN
 NC=    1300 T= 8.0429E-01 DT= 6.1874E-04 ERR= -0.0% DM/M= 0.0000E+00
 ELAPSED TIME=          0.14 s  REMAINING TIME=          1.23 s
 NC=    1400 T= 8.6616E-01 DT= 6.1876E-04 ERR= -0.0% DM/M= 0.0000E+00
 ELAPSED TIME=          0.14 s  REMAINING TIME=          1.19 s
 NC=    1500 T= 9.2804E-01 DT= 6.1877E-04 ERR= -0.0% DM/M= 0.0000E+00
 ELAPSED TIME=          0.15 s  REMAINING TIME=          1.15 s
 NC=    1600 T= 9.8992E-01 DT= 6.1879E-04 ERR= -0.0% DM/M= 0.0000E+00
 ELAPSED TIME=          0.16 s  REMAINING TIME=          1.12 s
 NC=    1700 T= 1.0518E+00 DT= 6.1881E-04 ERR= -0.0% DM/M= 0.0000E+00
 ELAPSED TIME=          0.17 s  REMAINING TIME=          1.09 s
 NC=    1800 T= 1.1137E+00 DT= 6.1883E-04 ERR= -0.0% DM/M= 0.0000E+00
 ELAPSED TIME=          0.17 s  REMAINING TIME=          1.06 s
 NC=    1900 T= 1.1756E+00 DT= 6.1884E-04 ERR= -0.0% DM/M= 0.0000E+00
 ELAPSED TIME=          0.18 s  REMAINING TIME=          1.04 s
     ANIMATION FILE: I02F_AA2024_G30_H4_R3A004 WRITTEN
 NC=    2000 T= 1.2374E+00 DT= 6.1886E-04 ERR= -0.0% DM/M= 0.0000E+00
 ELAPSED TIME=          0.19 s  REMAINING TIME=          1.02 s
 NC=    2100 T= 1.2993E+00 DT= 6.1888E-04 ERR= -0.0% DM/M= 0.0000E+00
 ELAPSED TIME=          0.19 s  REMAINING TIME=          1.00 s
 NC=    2200 T= 1.3612E+00 DT= 6.1891E-04 ERR= -0.0% DM/M= 0.0000E+00
 ELAPSED TIME=          0.20 s  REMAINING TIME=          0.98 s
 NC=    2300 T= 1.4231E+00 DT= 6.1893E-04 ERR= -0.0% DM/M= 0.0000E+00
 ELAPSED TIME=          0.21 s  REMAINING TIME=          0.96 s
 NC=    2400 T= 1.4850E+00 DT= 6.1895E-04 ERR= -0.0% DM/M= 0.0000E+00
 ELAPSED TIME=          0.21 s  REMAINING TIME=          0.94 s
 NC=    2500 T= 1.5469E+00 DT= 6.1897E-04 ERR= -0.0% DM/M= 0.0000E+00
 ELAPSED TIME=          0.22 s  REMAINING TIME=          0.92 s
     ANIMATION FILE: I02F_AA2024_G30_H4_R3A005 WRITTEN
 NC=    2600 T= 1.6088E+00 DT= 6.1900E-04 ERR= -0.0% DM/M= 0.0000E+00
 ELAPSED TIME=          0.23 s  REMAINING TIME=          0.91 s
 NC=    2700 T= 1.6707E+00 DT= 6.1902E-04 ERR= -0.0% DM/M= 0.0000E+00
 ELAPSED TIME=          0.24 s  REMAINING TIME=          0.89 s
 NC=    2800 T= 1.7326E+00 DT= 6.1905E-04 ERR= -0.0% DM/M= 0.0000E+00
 ELAPSED TIME=          0.24 s  REMAINING TIME=          0.88 s
 NC=    2900 T= 1.7945E+00 DT= 6.1907E-04 ERR= -0.0% DM/M= 0.0000E+00
 ELAPSED TIME=          0.25 s  REMAINING TIME=          0.86 s
 NC=    3000 T= 1.8564E+00 DT= 6.1910E-04 ERR= -0.0% DM/M= 0.0000E+00
 ELAPSED TIME=          0.26 s  REMAINING TIME=          0.85 s
 NC=    3100 T= 1.9183E+00 DT= 6.1913E-04 ERR= -0.0% DM/M= 0.0000E+00
 ELAPSED TIME=          0.26 s  REMAINING TIME=          0.83 s
 NC=    3200 T= 1.9802E+00 DT= 6.1916E-04 ERR= -0.0% DM/M= 0.0000E+00
 ELAPSED TIME=          0.27 s  REMAINING TIME=          0.82 s
     ANIMATION FILE: I02F_AA2024_G30_H4_R3A006 WRITTEN
 NC=    3300 T= 2.0422E+00 DT= 6.1918E-04 ERR= -0.0% DM/M= 0.0000E+00
 ELAPSED TIME=          0.28 s  REMAINING TIME=          0.81 s
 NC=    3400 T= 2.1041E+00 DT= 6.1921E-04 ERR= -0.0% DM/M= 0.0000E+00
 ELAPSED TIME=          0.28 s  REMAINING TIME=          0.80 s
 NC=    3500 T= 2.1660E+00 DT= 6.1924E-04 ERR= -0.0% DM/M= 0.0000E+00
 ELAPSED TIME=          0.29 s  REMAINING TIME=          0.79 s
 NC=    3600 T= 2.2279E+00 DT= 6.1927E-04 ERR= -0.0% DM/M= 0.0000E+00
 ELAPSED TIME=          0.30 s  REMAINING TIME=          0.77 s
 NC=    3700 T= 2.2899E+00 DT= 6.1930E-04 ERR= -0.0% DM/M= 0.0000E+00
 ELAPSED TIME=          0.31 s  REMAINING TIME=          0.76 s
 NC=    3800 T= 2.3518E+00 DT= 6.1933E-04 ERR= -0.0% DM/M= 0.0000E+00
 ELAPSED TIME=          0.31 s  REMAINING TIME=          0.75 s
     ANIMATION FILE: I02F_AA2024_G30_H4_R3A007 WRITTEN
 NC=    3900 T= 2.4137E+00 DT= 6.1936E-04 ERR= -0.0% DM/M= 0.0000E+00
 ELAPSED TIME=          0.32 s  REMAINING TIME=          0.74 s
 NC=    4000 T= 2.4757E+00 DT= 6.1940E-04 ERR= -0.0% DM/M= 0.0000E+00
 ELAPSED TIME=          0.33 s  REMAINING TIME=          0.73 s
 NC=    4100 T= 2.5376E+00 DT= 6.1943E-04 ERR= -0.0% DM/M= 0.0000E+00
 ELAPSED TIME=          0.33 s  REMAINING TIME=          0.72 s
 NC=    4200 T= 2.5996E+00 DT= 6.1946E-04 ERR= -0.0% DM/M= 0.0000E+00
 ELAPSED TIME=          0.34 s  REMAINING TIME=          0.71 s
 NC=    4300 T= 2.6615E+00 DT= 6.1949E-04 ERR= -0.0% DM/M= 0.0000E+00
 ELAPSED TIME=          0.35 s  REMAINING TIME=          0.70 s
 NC=    4400 T= 2.7235E+00 DT= 6.1953E-04 ERR= -0.0% DM/M= 0.0000E+00
 ELAPSED TIME=          0.35 s  REMAINING TIME=          0.69 s
 NC=    4500 T= 2.7854E+00 DT= 6.1956E-04 ERR= -0.0% DM/M= 0.0000E+00
 ELAPSED TIME=          0.36 s  REMAINING TIME=          0.68 s
     ANIMATION FILE: I02F_AA2024_G30_H4_R3A008 WRITTEN
 NC=    4600 T= 2.8474E+00 DT= 6.1959E-04 ERR= -0.0% DM/M= 0.0000E+00
 ELAPSED TIME=          0.37 s  REMAINING TIME=          0.67 s
 NC=    4700 T= 2.9093E+00 DT= 6.1963E-04 ERR= -0.0% DM/M= 0.0000E+00
 ELAPSED TIME=          0.38 s  REMAINING TIME=          0.66 s
 NC=    4800 T= 2.9713E+00 DT= 6.1966E-04 ERR= -0.0% DM/M= 0.0000E+00
 ELAPSED TIME=          0.38 s  REMAINING TIME=          0.65 s
 NC=    4900 T= 3.0333E+00 DT= 6.1969E-04 ERR= -0.0% DM/M= 0.0000E+00
 ELAPSED TIME=          0.39 s  REMAINING TIME=          0.64 s
 NC=    5000 T= 3.0952E+00 DT= 6.1973E-04 ERR= -0.0% DM/M= 0.0000E+00
 ELAPSED TIME=          0.40 s  REMAINING TIME=          0.63 s
 NC=    5100 T= 3.1572E+00 DT= 6.1976E-04 ERR= -0.0% DM/M= 0.0000E+00
 ELAPSED TIME=          0.40 s  REMAINING TIME=          0.62 s
     ANIMATION FILE: I02F_AA2024_G30_H4_R3A009 WRITTEN
 NC=    5200 T= 3.2192E+00 DT= 6.1980E-04 ERR= -0.0% DM/M= 0.0000E+00
 ELAPSED TIME=          0.41 s  REMAINING TIME=          0.61 s
 NC=    5300 T= 3.2812E+00 DT= 6.1983E-04 ERR= -0.0% DM/M= 0.0000E+00
 ELAPSED TIME=          0.42 s  REMAINING TIME=          0.60 s
 NC=    5400 T= 3.3431E+00 DT= 6.1987E-04 ERR= -0.0% DM/M= 0.0000E+00
 ELAPSED TIME=          0.43 s  REMAINING TIME=          0.59 s
 NC=    5500 T= 3.4051E+00 DT= 6.1990E-04 ERR= -0.0% DM/M= 0.0000E+00
 ELAPSED TIME=          0.43 s  REMAINING TIME=          0.58 s
 NC=    5600 T= 3.4671E+00 DT= 6.1994E-04 ERR= -0.0% DM/M= 0.0000E+00
 ELAPSED TIME=          0.44 s  REMAINING TIME=          0.57 s
 NC=    5700 T= 3.5291E+00 DT= 6.1997E-04 ERR= -0.0% DM/M= 0.0000E+00
 ELAPSED TIME=          0.45 s  REMAINING TIME=          0.57 s
 NC=    5800 T= 3.5911E+00 DT= 6.2001E-04 ERR= -0.0% DM/M= 0.0000E+00
 ELAPSED TIME=          0.45 s  REMAINING TIME=          0.56 s
     ANIMATION FILE: I02F_AA2024_G30_H4_R3A010 WRITTEN
 NC=    5900 T= 3.6531E+00 DT= 6.2004E-04 ERR= -0.0% DM/M= 0.0000E+00
 ELAPSED TIME=          0.46 s  REMAINING TIME=          0.55 s
 NC=    6000 T= 3.7151E+00 DT= 6.2008E-04 ERR= -0.0% DM/M= 0.0000E+00
 ELAPSED TIME=          0.47 s  REMAINING TIME=          0.54 s
 NC=    6100 T= 3.7771E+00 DT= 6.2011E-04 ERR= -0.0% DM/M= 0.0000E+00
 ELAPSED TIME=          0.48 s  REMAINING TIME=          0.53 s
 NC=    6200 T= 3.8392E+00 DT= 6.2015E-04 ERR= -0.0% DM/M= 0.0000E+00
 ELAPSED TIME=          0.48 s  REMAINING TIME=          0.52 s
 NC=    6300 T= 3.9012E+00 DT= 6.2018E-04 ERR= -0.0% DM/M= 0.0000E+00
 ELAPSED TIME=          0.49 s  REMAINING TIME=          0.51 s
 NC=    6400 T= 3.9632E+00 DT= 6.2021E-04 ERR= -0.0% DM/M= 0.0000E+00
 ELAPSED TIME=          0.50 s  REMAINING TIME=          0.51 s
     ANIMATION FILE: I02F_AA2024_G30_H4_R3A011 WRITTEN
 NC=    6500 T= 4.0252E+00 DT= 6.2025E-04 ERR= -0.0% DM/M= 0.0000E+00
 ELAPSED TIME=          0.50 s  REMAINING TIME=          0.50 s
 NC=    6600 T= 4.0872E+00 DT= 6.2028E-04 ERR= -0.0% DM/M= 0.0000E+00
 ELAPSED TIME=          0.51 s  REMAINING TIME=          0.49 s
 NC=    6700 T= 4.1493E+00 DT= 6.2032E-04 ERR= -0.0% DM/M= 0.0000E+00
 ELAPSED TIME=          0.52 s  REMAINING TIME=          0.48 s
 NC=    6800 T= 4.2113E+00 DT= 6.2035E-04 ERR= -0.0% DM/M= 0.0000E+00
 ELAPSED TIME=          0.53 s  REMAINING TIME=          0.47 s
 NC=    6900 T= 4.2733E+00 DT= 6.2039E-04 ERR= -0.0% DM/M= 0.0000E+00
 ELAPSED TIME=          0.53 s  REMAINING TIME=          0.46 s
 NC=    7000 T= 4.3354E+00 DT= 6.2042E-04 ERR= -0.0% DM/M= 0.0000E+00
 ELAPSED TIME=          0.54 s  REMAINING TIME=          0.46 s
 NC=    7100 T= 4.3974E+00 DT= 6.2046E-04 ERR= -0.0% DM/M= 0.0000E+00
 ELAPSED TIME=          0.55 s  REMAINING TIME=          0.45 s
     ANIMATION FILE: I02F_AA2024_G30_H4_R3A012 WRITTEN
 NC=    7200 T= 4.4595E+00 DT= 6.2049E-04 ERR= -0.0% DM/M= 0.0000E+00
 ELAPSED TIME=          0.55 s  REMAINING TIME=          0.44 s
 NC=    7300 T= 4.5215E+00 DT= 6.2052E-04 ERR= -0.0% DM/M= 0.0000E+00
 ELAPSED TIME=          0.56 s  REMAINING TIME=          0.43 s
 NC=    7400 T= 4.5836E+00 DT= 6.2056E-04 ERR= -0.0% DM/M= 0.0000E+00
 ELAPSED TIME=          0.57 s  REMAINING TIME=          0.42 s
 NC=    7500 T= 4.6456E+00 DT= 6.2059E-04 ERR= -0.0% DM/M= 0.0000E+00
 ELAPSED TIME=          0.57 s  REMAINING TIME=          0.42 s
 NC=    7600 T= 4.7077E+00 DT= 6.2062E-04 ERR= -0.0% DM/M= 0.0000E+00
 ELAPSED TIME=          0.58 s  REMAINING TIME=          0.41 s
 NC=    7700 T= 4.7698E+00 DT= 6.2065E-04 ERR= -0.0% DM/M= 0.0000E+00
 ELAPSED TIME=          0.59 s  REMAINING TIME=          0.40 s
     ANIMATION FILE: I02F_AA2024_G30_H4_R3A013 WRITTEN
 NC=    7800 T= 4.8318E+00 DT= 6.2069E-04 ERR= -0.0% DM/M= 0.0000E+00
 ELAPSED TIME=          0.60 s  REMAINING TIME=          0.39 s
 NC=    7900 T= 4.8939E+00 DT= 6.2072E-04 ERR= -0.0% DM/M= 0.0000E+00
 ELAPSED TIME=          0.60 s  REMAINING TIME=          0.38 s
 NC=    8000 T= 4.9560E+00 DT= 6.2075E-04 ERR= -0.0% DM/M= 0.0000E+00
 ELAPSED TIME=          0.61 s  REMAINING TIME=          0.38 s
 NC=    8100 T= 5.0180E+00 DT= 6.2078E-04 ERR= -0.0% DM/M= 0.0000E+00
 ELAPSED TIME=          0.62 s  REMAINING TIME=          0.37 s
 NC=    8200 T= 5.0801E+00 DT= 6.2081E-04 ERR= -0.0% DM/M= 0.0000E+00
 ELAPSED TIME=          0.62 s  REMAINING TIME=          0.36 s
 NC=    8300 T= 5.1422E+00 DT= 6.2084E-04 ERR= -0.0% DM/M= 0.0000E+00
 ELAPSED TIME=          0.63 s  REMAINING TIME=          0.35 s
     ANIMATION FILE: I02F_AA2024_G30_H4_R3A014 WRITTEN
 NC=    8400 T= 5.2043E+00 DT= 6.2087E-04 ERR= -0.0% DM/M= 0.0000E+00
 ELAPSED TIME=          0.64 s  REMAINING TIME=          0.34 s
 NC=    8500 T= 5.2664E+00 DT= 6.2090E-04 ERR= -0.0% DM/M= 0.0000E+00
 ELAPSED TIME=          0.65 s  REMAINING TIME=          0.34 s
 NC=    8600 T= 5.3285E+00 DT= 6.2093E-04 ERR= -0.0% DM/M= 0.0000E+00
 ELAPSED TIME=          0.65 s  REMAINING TIME=          0.33 s
 NC=    8700 T= 5.3906E+00 DT= 6.2096E-04 ERR= -0.0% DM/M= 0.0000E+00
 ELAPSED TIME=          0.66 s  REMAINING TIME=          0.32 s
 NC=    8800 T= 5.4527E+00 DT= 6.2099E-04 ERR= -0.0% DM/M= 0.0000E+00
 ELAPSED TIME=          0.67 s  REMAINING TIME=          0.31 s
 NC=    8900 T= 5.5148E+00 DT= 6.2102E-04 ERR= -0.0% DM/M= 0.0000E+00
 ELAPSED TIME=          0.67 s  REMAINING TIME=          0.30 s
 NC=    9000 T= 5.5769E+00 DT= 6.2104E-04 ERR= -0.0% DM/M= 0.0000E+00
 ELAPSED TIME=          0.68 s  REMAINING TIME=          0.30 s
     ANIMATION FILE: I02F_AA2024_G30_H4_R3A015 WRITTEN
 NC=    9100 T= 5.6390E+00 DT= 6.2107E-04 ERR= -0.0% DM/M= 0.0000E+00
 ELAPSED TIME=          0.69 s  REMAINING TIME=          0.29 s
 NC=    9200 T= 5.7011E+00 DT= 6.2110E-04 ERR= -0.0% DM/M= 0.0000E+00
 ELAPSED TIME=          0.70 s  REMAINING TIME=          0.28 s
 NC=    9300 T= 5.7632E+00 DT= 6.2112E-04 ERR= -0.0% DM/M= 0.0000E+00
 ELAPSED TIME=          0.70 s  REMAINING TIME=          0.27 s
 FAILURE (FTAB) OF SHELL ELEMENT          1 ,GAUSS PT 1 ,LAYER  1 ,INTEGRATION PT  1 AT TIME :  5.7719E+00
 FAILURE (FTAB) OF SHELL ELEMENT          2 ,GAUSS PT 1 ,LAYER  1 ,INTEGRATION PT  1 AT TIME :  5.7719E+00
 FAILURE (FTAB) OF SHELL ELEMENT          1 ,GAUSS PT 1 ,LAYER  1 ,INTEGRATION PT  2 AT TIME :  5.7719E+00
 FAILURE (FTAB) OF SHELL ELEMENT          2 ,GAUSS PT 1 ,LAYER  1 ,INTEGRATION PT  2 AT TIME :  5.7719E+00
 FAILURE (FTAB) OF SHELL ELEMENT          1 ,GAUSS PT 1 ,LAYER  1 ,INTEGRATION PT  3 AT TIME :  5.7719E+00
 FAILURE (FTAB) OF SHELL ELEMENT          2 ,GAUSS PT 1 ,LAYER  1 ,INTEGRATION PT  3 AT TIME :  5.7719E+00
 FAILURE (FTAB) OF SHELL ELEMENT          1 ,GAUSS PT 1 ,LAYER  1 ,INTEGRATION PT  4 AT TIME :  5.7719E+00
 FAILURE (FTAB) OF SHELL ELEMENT          2 ,GAUSS PT 1 ,LAYER  1 ,INTEGRATION PT  4 AT TIME :  5.7719E+00
 FAILURE (FTAB) OF SHELL ELEMENT          1 ,GAUSS PT 1 ,LAYER  1 ,INTEGRATION PT  5 AT TIME :  5.7719E+00
 FAILURE (FTAB) OF SHELL ELEMENT          2 ,GAUSS PT 1 ,LAYER  1 ,INTEGRATION PT  5 AT TIME :  5.7719E+00
 -- RUPTURE (TAB1) OF SHELL ELEMENT :         1 AT TIME :  5.772    
 -- RUPTURE (TAB1) OF SHELL ELEMENT :         2 AT TIME :  5.772    
     ANIMATION FILE: I02F_AA2024_G30_H4_R3A016 WRITTEN
     ANIMATION FILE: I02F_AA2024_G30_H4_R3A017 WRITTEN
     ANIMATION FILE: I02F_AA2024_G30_H4_R3A018 WRITTEN
     ANIMATION FILE: I02F_AA2024_G30_H4_R3A019 WRITTEN
     ANIMATION FILE: I02F_AA2024_G30_H4_R3A020 WRITTEN
     RESTART FILES: I02F_AA2024_G30_H4_R3_0001_[0001-0001].rst WRITTEN
  
                           ** CPU USER TIME **
  
  
                        ** SUMMARY **
  
 #PROC  ELEMENT   KINCOND   INTEG     IO        T0        ASM       RESOL    
   1   .6250E-01 .6250E-01 .0000E+00 .2188E+00 .1250E+00 .1562E-01 .6875E+00
 
                   ** CUMULATIVE CPU TIME SUMMARY **
  
 CONTACT SORTING.............: .0000E+00     0.00 % 
 CONTACT FORCES..............: .0000E+00     0.00 % 
 ELEMENT FORCES..............: .6250E-01     9.09 % 
 KINEMATIC COND..............: .6250E-01     9.09 % 
 INTEGRATION.................: .0000E+00     0.00 % 
 ASSEMBLING..................: .1562E-01     2.27 % 
 OTHERS (including I/O)......: .5469E+00    79.55 % 
 TOTAL.......................: .6875E+00   100.00 % 
  
                   ** MEMORY USAGE STATISTICS **
  
 TOTAL MEMORY USED .........................:       48 MB
 MAXIMUM MEMORY PER PROCESSOR...............:       48 MB
 MINIMUM MEMORY PER PROCESSOR...............:       48 MB
 AVERAGE MEMORY PER PROCESSOR...............:       48 MB
  
                   ** DISK USAGE STATISTICS **
  
 TOTAL DISK SPACE USED .....................:          1 MB
 ANIMATION/H3D/TH/OUTP SIZE ................:          0 MB
 RESTART FILE SIZE .........................:          0 MB
  
 ELAPSED TIME     =          0.72 s
                          0:00:00
  
     NORMAL TERMINATION      
     TOTAL NUMBER OF CYCLES  :    9375
