************************************************************************
**                                                                    **
**                                                                    **
**                         OpenRadioss Engine                         **
**                                                                    **
**            Non-linear Finite Element Analysis Software             **
**                                                                    **
**                                                                    **
**                                                                    **
**                  Windows 64 bits, Intel compiler                   **
**                      Double Precision Version                      **
**                                                                    **
**                                                                    **
**                                                                    **
************************************************************************
** OpenRadioss Software                                               **
** COPYRIGHT (C) 2026 Siemens                                         **
** Licensed under GNU Affero General Public License.                  **
** See License file.                                                  **
************************************************************************
 
 ROOT: I02F_AA2024_G30_H2_R3  RESTART: 0001
 NUMBER OF HMPP PROCESSES     1
 14/09/2026
 NC=       0 T= 0.0000E+00 DT= 3.0932E-04 ERR=  0.0% DM/M= 0.0000E+00
     ANIMATION FILE: I02F_AA2024_G30_H2_R3A001 WRITTEN
 NC=     100 T= 3.0932E-02 DT= 3.0933E-04 ERR=  0.0% DM/M= 0.0000E+00
 ELAPSED TIME=          0.04 s  REMAINING TIME=          9.40 s
 NC=     200 T= 6.1865E-02 DT= 3.0933E-04 ERR= -0.0% DM/M= 0.0000E+00
 ELAPSED TIME=          0.04 s  REMAINING TIME=          5.56 s
 NC=     300 T= 9.2798E-02 DT= 3.0933E-04 ERR= -0.0% DM/M= 0.0000E+00
 ELAPSED TIME=          0.05 s  REMAINING TIME=          4.28 s
 NC=     400 T= 1.2373E-01 DT= 3.0933E-04 ERR= -0.0% DM/M= 0.0000E+00
 ELAPSED TIME=          0.06 s  REMAINING TIME=          3.62 s
 NC=     500 T= 1.5466E-01 DT= 3.0933E-04 ERR= -0.0% DM/M= 0.0000E+00
 ELAPSED TIME=          0.06 s  REMAINING TIME=          3.23 s
 NC=     600 T= 1.8560E-01 DT= 3.0933E-04 ERR= -0.0% DM/M= 0.0000E+00
 ELAPSED TIME=          0.07 s  REMAINING TIME=          2.97 s
 NC=     700 T= 2.1653E-01 DT= 3.0933E-04 ERR= -0.0% DM/M= 0.0000E+00
 ELAPSED TIME=          0.08 s  REMAINING TIME=          2.77 s
 NC=     800 T= 2.4746E-01 DT= 3.0933E-04 ERR= -0.0% DM/M= 0.0000E+00
 ELAPSED TIME=          0.08 s  REMAINING TIME=          2.63 s
 NC=     900 T= 2.7840E-01 DT= 3.0934E-04 ERR= -0.0% DM/M= 0.0000E+00
 ELAPSED TIME=          0.09 s  REMAINING TIME=          2.52 s
 NC=    1000 T= 3.0933E-01 DT= 3.0934E-04 ERR= -0.0% DM/M= 0.0000E+00
 ELAPSED TIME=          0.10 s  REMAINING TIME=          2.42 s
 NC=    1100 T= 3.4026E-01 DT= 3.0934E-04 ERR= -0.0% DM/M= 0.0000E+00
 ELAPSED TIME=          0.10 s  REMAINING TIME=          2.35 s
 NC=    1200 T= 3.7120E-01 DT= 3.0934E-04 ERR= -0.0% DM/M= 0.0000E+00
 ELAPSED TIME=          0.11 s  REMAINING TIME=          2.28 s
     ANIMATION FILE: I02F_AA2024_G30_H2_R3A002 WRITTEN
 NC=    1300 T= 4.0213E-01 DT= 3.0935E-04 ERR= -0.0% DM/M= 0.0000E+00
 ELAPSED TIME=          0.12 s  REMAINING TIME=          2.24 s
 NC=    1400 T= 4.3307E-01 DT= 3.0935E-04 ERR= -0.0% DM/M= 0.0000E+00
 ELAPSED TIME=          0.13 s  REMAINING TIME=          2.19 s
 NC=    1500 T= 4.6400E-01 DT= 3.0935E-04 ERR= -0.0% DM/M= 0.0000E+00
 ELAPSED TIME=          0.13 s  REMAINING TIME=          2.15 s
 NC=    1600 T= 4.9494E-01 DT= 3.0936E-04 ERR= -0.0% DM/M= 0.0000E+00
 ELAPSED TIME=          0.14 s  REMAINING TIME=          2.11 s
 NC=    1700 T= 5.2587E-01 DT= 3.0936E-04 ERR= -0.0% DM/M= 0.0000E+00
 ELAPSED TIME=          0.15 s  REMAINING TIME=          2.07 s
 NC=    1800 T= 5.5681E-01 DT= 3.0937E-04 ERR= -0.0% DM/M= 0.0000E+00
 ELAPSED TIME=          0.15 s  REMAINING TIME=          2.04 s
 NC=    1900 T= 5.8775E-01 DT= 3.0937E-04 ERR= -0.0% DM/M= 0.0000E+00
 ELAPSED TIME=          0.16 s  REMAINING TIME=          2.01 s
 NC=    2000 T= 6.1868E-01 DT= 3.0938E-04 ERR= -0.0% DM/M= 0.0000E+00
 ELAPSED TIME=          0.17 s  REMAINING TIME=          1.98 s
 NC=    2100 T= 6.4962E-01 DT= 3.0938E-04 ERR= -0.0% DM/M= 0.0000E+00
 ELAPSED TIME=          0.17 s  REMAINING TIME=          1.95 s
 NC=    2200 T= 6.8056E-01 DT= 3.0939E-04 ERR= -0.0% DM/M= 0.0000E+00
 ELAPSED TIME=          0.18 s  REMAINING TIME=          1.93 s
 NC=    2300 T= 7.1150E-01 DT= 3.0939E-04 ERR= -0.0% DM/M= 0.0000E+00
 ELAPSED TIME=          0.19 s  REMAINING TIME=          1.90 s
 NC=    2400 T= 7.4244E-01 DT= 3.0940E-04 ERR= -0.0% DM/M= 0.0000E+00
 ELAPSED TIME=          0.19 s  REMAINING TIME=          1.88 s
 NC=    2500 T= 7.7338E-01 DT= 3.0940E-04 ERR= -0.0% DM/M= 0.0000E+00
 ELAPSED TIME=          0.20 s  REMAINING TIME=          1.86 s
     ANIMATION FILE: I02F_AA2024_G30_H2_R3A003 WRITTEN
 NC=    2600 T= 8.0432E-01 DT= 3.0941E-04 ERR= -0.0% DM/M= 0.0000E+00
 ELAPSED TIME=          0.21 s  REMAINING TIME=          1.85 s
 NC=    2700 T= 8.3526E-01 DT= 3.0942E-04 ERR= -0.0% DM/M= 0.0000E+00
 ELAPSED TIME=          0.21 s  REMAINING TIME=          1.83 s
 NC=    2800 T= 8.6620E-01 DT= 3.0942E-04 ERR= -0.0% DM/M= 0.0000E+00
 ELAPSED TIME=          0.22 s  REMAINING TIME=          1.81 s
 NC=    2900 T= 8.9715E-01 DT= 3.0943E-04 ERR= -0.0% DM/M= 0.0000E+00
 ELAPSED TIME=          0.23 s  REMAINING TIME=          1.79 s
 NC=    3000 T= 9.2809E-01 DT= 3.0944E-04 ERR= -0.0% DM/M= 0.0000E+00
 ELAPSED TIME=          0.23 s  REMAINING TIME=          1.78 s
 NC=    3100 T= 9.5903E-01 DT= 3.0944E-04 ERR= -0.0% DM/M= 0.0000E+00
 ELAPSED TIME=          0.24 s  REMAINING TIME=          1.76 s
 NC=    3200 T= 9.8998E-01 DT= 3.0945E-04 ERR= -0.0% DM/M= 0.0000E+00
 ELAPSED TIME=          0.25 s  REMAINING TIME=          1.75 s
 NC=    3300 T= 1.0209E+00 DT= 3.0946E-04 ERR= -0.0% DM/M= 0.0000E+00
 ELAPSED TIME=          0.25 s  REMAINING TIME=          1.73 s
 NC=    3400 T= 1.0519E+00 DT= 3.0947E-04 ERR= -0.0% DM/M= 0.0000E+00
 ELAPSED TIME=          0.26 s  REMAINING TIME=          1.72 s
 NC=    3500 T= 1.0828E+00 DT= 3.0948E-04 ERR= -0.0% DM/M= 0.0000E+00
 ELAPSED TIME=          0.27 s  REMAINING TIME=          1.70 s
 NC=    3600 T= 1.1138E+00 DT= 3.0948E-04 ERR= -0.0% DM/M= 0.0000E+00
 ELAPSED TIME=          0.27 s  REMAINING TIME=          1.69 s
 NC=    3700 T= 1.1447E+00 DT= 3.0949E-04 ERR= -0.0% DM/M= 0.0000E+00
 ELAPSED TIME=          0.28 s  REMAINING TIME=          1.68 s
 NC=    3800 T= 1.1757E+00 DT= 3.0950E-04 ERR= -0.0% DM/M= 0.0000E+00
 ELAPSED TIME=          0.29 s  REMAINING TIME=          1.66 s
     ANIMATION FILE: I02F_AA2024_G30_H2_R3A004 WRITTEN
 NC=    3900 T= 1.2066E+00 DT= 3.0951E-04 ERR= -0.0% DM/M= 0.0000E+00
 ELAPSED TIME=          0.29 s  REMAINING TIME=          1.66 s
 NC=    4000 T= 1.2376E+00 DT= 3.0952E-04 ERR= -0.0% DM/M= 0.0000E+00
 ELAPSED TIME=          0.30 s  REMAINING TIME=          1.64 s
 NC=    4100 T= 1.2685E+00 DT= 3.0953E-04 ERR= -0.0% DM/M= 0.0000E+00
 ELAPSED TIME=          0.31 s  REMAINING TIME=          1.63 s
 NC=    4200 T= 1.2995E+00 DT= 3.0954E-04 ERR= -0.0% DM/M= 0.0000E+00
 ELAPSED TIME=          0.31 s  REMAINING TIME=          1.62 s
 NC=    4300 T= 1.3304E+00 DT= 3.0955E-04 ERR= -0.0% DM/M= 0.0000E+00
 ELAPSED TIME=          0.32 s  REMAINING TIME=          1.61 s
 NC=    4400 T= 1.3614E+00 DT= 3.0956E-04 ERR= -0.0% DM/M= 0.0000E+00
 ELAPSED TIME=          0.33 s  REMAINING TIME=          1.60 s
 NC=    4500 T= 1.3923E+00 DT= 3.0956E-04 ERR= -0.0% DM/M= 0.0000E+00
 ELAPSED TIME=          0.33 s  REMAINING TIME=          1.59 s
 NC=    4600 T= 1.4233E+00 DT= 3.0957E-04 ERR= -0.0% DM/M= 0.0000E+00
 ELAPSED TIME=          0.34 s  REMAINING TIME=          1.58 s
 NC=    4700 T= 1.4543E+00 DT= 3.0958E-04 ERR= -0.0% DM/M= 0.0000E+00
 ELAPSED TIME=          0.35 s  REMAINING TIME=          1.57 s
 NC=    4800 T= 1.4852E+00 DT= 3.0959E-04 ERR= -0.0% DM/M= 0.0000E+00
 ELAPSED TIME=          0.36 s  REMAINING TIME=          1.56 s
 NC=    4900 T= 1.5162E+00 DT= 3.0961E-04 ERR= -0.0% DM/M= 0.0000E+00
 ELAPSED TIME=          0.36 s  REMAINING TIME=          1.55 s
 NC=    5000 T= 1.5471E+00 DT= 3.0962E-04 ERR= -0.0% DM/M= 0.0000E+00
 ELAPSED TIME=          0.37 s  REMAINING TIME=          1.54 s
 NC=    5100 T= 1.5781E+00 DT= 3.0963E-04 ERR= -0.0% DM/M= 0.0000E+00
 ELAPSED TIME=          0.38 s  REMAINING TIME=          1.53 s
     ANIMATION FILE: I02F_AA2024_G30_H2_R3A005 WRITTEN
 NC=    5200 T= 1.6091E+00 DT= 3.0964E-04 ERR= -0.0% DM/M= 0.0000E+00
 ELAPSED TIME=          0.38 s  REMAINING TIME=          1.52 s
 NC=    5300 T= 1.6400E+00 DT= 3.0965E-04 ERR= -0.0% DM/M= 0.0000E+00
 ELAPSED TIME=          0.39 s  REMAINING TIME=          1.51 s
 NC=    5400 T= 1.6710E+00 DT= 3.0966E-04 ERR= -0.0% DM/M= 0.0000E+00
 ELAPSED TIME=          0.40 s  REMAINING TIME=          1.50 s
 NC=    5500 T= 1.7020E+00 DT= 3.0967E-04 ERR= -0.0% DM/M= 0.0000E+00
 ELAPSED TIME=          0.40 s  REMAINING TIME=          1.49 s
 NC=    5600 T= 1.7329E+00 DT= 3.0968E-04 ERR= -0.0% DM/M= 0.0000E+00
 ELAPSED TIME=          0.41 s  REMAINING TIME=          1.48 s
 NC=    5700 T= 1.7639E+00 DT= 3.0969E-04 ERR= -0.0% DM/M= 0.0000E+00
 ELAPSED TIME=          0.42 s  REMAINING TIME=          1.47 s
 NC=    5800 T= 1.7949E+00 DT= 3.0970E-04 ERR= -0.0% DM/M= 0.0000E+00
 ELAPSED TIME=          0.42 s  REMAINING TIME=          1.47 s
 NC=    5900 T= 1.8258E+00 DT= 3.0972E-04 ERR= -0.0% DM/M= 0.0000E+00
 ELAPSED TIME=          0.43 s  REMAINING TIME=          1.46 s
 NC=    6000 T= 1.8568E+00 DT= 3.0973E-04 ERR= -0.0% DM/M= 0.0000E+00
 ELAPSED TIME=          0.44 s  REMAINING TIME=          1.45 s
 NC=    6100 T= 1.8878E+00 DT= 3.0974E-04 ERR= -0.0% DM/M= 0.0000E+00
 ELAPSED TIME=          0.44 s  REMAINING TIME=          1.44 s
 NC=    6200 T= 1.9187E+00 DT= 3.0975E-04 ERR= -0.0% DM/M= 0.0000E+00
 ELAPSED TIME=          0.45 s  REMAINING TIME=          1.43 s
 NC=    6300 T= 1.9497E+00 DT= 3.0976E-04 ERR= -0.0% DM/M= 0.0000E+00
 ELAPSED TIME=          0.46 s  REMAINING TIME=          1.42 s
 NC=    6400 T= 1.9807E+00 DT= 3.0978E-04 ERR= -0.0% DM/M= 0.0000E+00
 ELAPSED TIME=          0.46 s  REMAINING TIME=          1.41 s
     ANIMATION FILE: I02F_AA2024_G30_H2_R3A006 WRITTEN
 NC=    6500 T= 2.0117E+00 DT= 3.0979E-04 ERR= -0.0% DM/M= 0.0000E+00
 ELAPSED TIME=          0.47 s  REMAINING TIME=          1.41 s
 NC=    6600 T= 2.0427E+00 DT= 3.0980E-04 ERR= -0.0% DM/M= 0.0000E+00
 ELAPSED TIME=          0.48 s  REMAINING TIME=          1.40 s
 NC=    6700 T= 2.0736E+00 DT= 3.0981E-04 ERR= -0.0% DM/M= 0.0000E+00
 ELAPSED TIME=          0.49 s  REMAINING TIME=          1.39 s
 NC=    6800 T= 2.1046E+00 DT= 3.0983E-04 ERR= -0.0% DM/M= 0.0000E+00
 ELAPSED TIME=          0.49 s  REMAINING TIME=          1.38 s
 NC=    6900 T= 2.1356E+00 DT= 3.0984E-04 ERR= -0.0% DM/M= 0.0000E+00
 ELAPSED TIME=          0.50 s  REMAINING TIME=          1.37 s
 NC=    7000 T= 2.1666E+00 DT= 3.0985E-04 ERR= -0.0% DM/M= 0.0000E+00
 ELAPSED TIME=          0.51 s  REMAINING TIME=          1.36 s
 NC=    7100 T= 2.1976E+00 DT= 3.0987E-04 ERR= -0.0% DM/M= 0.0000E+00
 ELAPSED TIME=          0.51 s  REMAINING TIME=          1.35 s
 NC=    7200 T= 2.2286E+00 DT= 3.0988E-04 ERR= -0.0% DM/M= 0.0000E+00
 ELAPSED TIME=          0.52 s  REMAINING TIME=          1.35 s
 NC=    7300 T= 2.2596E+00 DT= 3.0989E-04 ERR= -0.0% DM/M= 0.0000E+00
 ELAPSED TIME=          0.53 s  REMAINING TIME=          1.34 s
 NC=    7400 T= 2.2905E+00 DT= 3.0990E-04 ERR= -0.0% DM/M= 0.0000E+00
 ELAPSED TIME=          0.53 s  REMAINING TIME=          1.33 s
 NC=    7500 T= 2.3215E+00 DT= 3.0992E-04 ERR= -0.0% DM/M= 0.0000E+00
 ELAPSED TIME=          0.54 s  REMAINING TIME=          1.32 s
 NC=    7600 T= 2.3525E+00 DT= 3.0993E-04 ERR= -0.0% DM/M= 0.0000E+00
 ELAPSED TIME=          0.55 s  REMAINING TIME=          1.31 s
 NC=    7700 T= 2.3835E+00 DT= 3.0994E-04 ERR= -0.0% DM/M= 0.0000E+00
 ELAPSED TIME=          0.55 s  REMAINING TIME=          1.30 s
     ANIMATION FILE: I02F_AA2024_G30_H2_R3A007 WRITTEN
 NC=    7800 T= 2.4145E+00 DT= 3.0996E-04 ERR= -0.0% DM/M= 0.0000E+00
 ELAPSED TIME=          0.56 s  REMAINING TIME=          1.30 s
 NC=    7900 T= 2.4455E+00 DT= 3.0997E-04 ERR= -0.0% DM/M= 0.0000E+00
 ELAPSED TIME=          0.57 s  REMAINING TIME=          1.29 s
 NC=    8000 T= 2.4765E+00 DT= 3.0999E-04 ERR= -0.0% DM/M= 0.0000E+00
 ELAPSED TIME=          0.58 s  REMAINING TIME=          1.28 s
 NC=    8100 T= 2.5075E+00 DT= 3.1000E-04 ERR= -0.0% DM/M= 0.0000E+00
 ELAPSED TIME=          0.58 s  REMAINING TIME=          1.28 s
 NC=    8200 T= 2.5385E+00 DT= 3.1001E-04 ERR= -0.0% DM/M= 0.0000E+00
 ELAPSED TIME=          0.59 s  REMAINING TIME=          1.27 s
 NC=    8300 T= 2.5695E+00 DT= 3.1003E-04 ERR= -0.0% DM/M= 0.0000E+00
 ELAPSED TIME=          0.60 s  REMAINING TIME=          1.26 s
 NC=    8400 T= 2.6005E+00 DT= 3.1004E-04 ERR= -0.0% DM/M= 0.0000E+00
 ELAPSED TIME=          0.60 s  REMAINING TIME=          1.25 s
 NC=    8500 T= 2.6315E+00 DT= 3.1005E-04 ERR= -0.0% DM/M= 0.0000E+00
 ELAPSED TIME=          0.61 s  REMAINING TIME=          1.25 s
 NC=    8600 T= 2.6625E+00 DT= 3.1007E-04 ERR= -0.0% DM/M= 0.0000E+00
 ELAPSED TIME=          0.62 s  REMAINING TIME=          1.24 s
 NC=    8700 T= 2.6935E+00 DT= 3.1008E-04 ERR= -0.0% DM/M= 0.0000E+00
 ELAPSED TIME=          0.62 s  REMAINING TIME=          1.23 s
 NC=    8800 T= 2.7245E+00 DT= 3.1010E-04 ERR= -0.0% DM/M= 0.0000E+00
 ELAPSED TIME=          0.63 s  REMAINING TIME=          1.22 s
 NC=    8900 T= 2.7556E+00 DT= 3.1011E-04 ERR= -0.0% DM/M= 0.0000E+00
 ELAPSED TIME=          0.64 s  REMAINING TIME=          1.21 s
 NC=    9000 T= 2.7866E+00 DT= 3.1013E-04 ERR= -0.0% DM/M= 0.0000E+00
 ELAPSED TIME=          0.64 s  REMAINING TIME=          1.21 s
     ANIMATION FILE: I02F_AA2024_G30_H2_R3A008 WRITTEN
 NC=    9100 T= 2.8176E+00 DT= 3.1014E-04 ERR= -0.0% DM/M= 0.0000E+00
 ELAPSED TIME=          0.65 s  REMAINING TIME=          1.20 s
 NC=    9200 T= 2.8486E+00 DT= 3.1015E-04 ERR= -0.0% DM/M= 0.0000E+00
 ELAPSED TIME=          0.66 s  REMAINING TIME=          1.19 s
 NC=    9300 T= 2.8796E+00 DT= 3.1017E-04 ERR= -0.0% DM/M= 0.0000E+00
 ELAPSED TIME=          0.67 s  REMAINING TIME=          1.18 s
 NC=    9400 T= 2.9106E+00 DT= 3.1018E-04 ERR= -0.0% DM/M= 0.0000E+00
 ELAPSED TIME=          0.67 s  REMAINING TIME=          1.18 s
 NC=    9500 T= 2.9416E+00 DT= 3.1020E-04 ERR= -0.0% DM/M= 0.0000E+00
 ELAPSED TIME=          0.68 s  REMAINING TIME=          1.17 s
 NC=    9600 T= 2.9727E+00 DT= 3.1021E-04 ERR= -0.0% DM/M= 0.0000E+00
 ELAPSED TIME=          0.69 s  REMAINING TIME=          1.16 s
 NC=    9700 T= 3.0037E+00 DT= 3.1023E-04 ERR= -0.0% DM/M= 0.0000E+00
 ELAPSED TIME=          0.69 s  REMAINING TIME=          1.15 s
 NC=    9800 T= 3.0347E+00 DT= 3.1024E-04 ERR= -0.0% DM/M= 0.0000E+00
 ELAPSED TIME=          0.70 s  REMAINING TIME=          1.15 s
 NC=    9900 T= 3.0657E+00 DT= 3.1025E-04 ERR= -0.0% DM/M= 0.0000E+00
 ELAPSED TIME=          0.71 s  REMAINING TIME=          1.15 s
 NC=   10000 T= 3.0968E+00 DT= 3.1027E-04 ERR= -0.0% DM/M= 0.0000E+00
 ELAPSED TIME=          0.72 s  REMAINING TIME=          1.14 s
 NC=   10100 T= 3.1278E+00 DT= 3.1028E-04 ERR= -0.0% DM/M= 0.0000E+00
 ELAPSED TIME=          0.73 s  REMAINING TIME=          1.13 s
 NC=   10200 T= 3.1588E+00 DT= 3.1030E-04 ERR= -0.0% DM/M= 0.0000E+00
 ELAPSED TIME=          0.73 s  REMAINING TIME=          1.12 s
 NC=   10300 T= 3.1898E+00 DT= 3.1031E-04 ERR= -0.0% DM/M= 0.0000E+00
 ELAPSED TIME=          0.74 s  REMAINING TIME=          1.11 s
     ANIMATION FILE: I02F_AA2024_G30_H2_R3A009 WRITTEN
 NC=   10400 T= 3.2209E+00 DT= 3.1033E-04 ERR= -0.0% DM/M= 0.0000E+00
 ELAPSED TIME=          0.75 s  REMAINING TIME=          1.11 s
 NC=   10500 T= 3.2519E+00 DT= 3.1034E-04 ERR= -0.0% DM/M= 0.0000E+00
 ELAPSED TIME=          0.75 s  REMAINING TIME=          1.10 s
 NC=   10600 T= 3.2829E+00 DT= 3.1036E-04 ERR= -0.0% DM/M= 0.0000E+00
 ELAPSED TIME=          0.76 s  REMAINING TIME=          1.09 s
 NC=   10700 T= 3.3140E+00 DT= 3.1037E-04 ERR= -0.0% DM/M= 0.0000E+00
 ELAPSED TIME=          0.77 s  REMAINING TIME=          1.08 s
 NC=   10800 T= 3.3450E+00 DT= 3.1039E-04 ERR= -0.0% DM/M= 0.0000E+00
 ELAPSED TIME=          0.77 s  REMAINING TIME=          1.08 s
 NC=   10900 T= 3.3761E+00 DT= 3.1040E-04 ERR= -0.0% DM/M= 0.0000E+00
 ELAPSED TIME=          0.78 s  REMAINING TIME=          1.07 s
 NC=   11000 T= 3.4071E+00 DT= 3.1041E-04 ERR= -0.0% DM/M= 0.0000E+00
 ELAPSED TIME=          0.79 s  REMAINING TIME=          1.06 s
 NC=   11100 T= 3.4381E+00 DT= 3.1043E-04 ERR= -0.0% DM/M= 0.0000E+00
 ELAPSED TIME=          0.79 s  REMAINING TIME=          1.05 s
 NC=   11200 T= 3.4692E+00 DT= 3.1044E-04 ERR= -0.0% DM/M= 0.0000E+00
 ELAPSED TIME=          0.80 s  REMAINING TIME=          1.05 s
 NC=   11300 T= 3.5002E+00 DT= 3.1046E-04 ERR= -0.0% DM/M= 0.0000E+00
 ELAPSED TIME=          0.81 s  REMAINING TIME=          1.04 s
 NC=   11400 T= 3.5313E+00 DT= 3.1047E-04 ERR= -0.0% DM/M= 0.0000E+00
 ELAPSED TIME=          0.82 s  REMAINING TIME=          1.03 s
 NC=   11500 T= 3.5623E+00 DT= 3.1049E-04 ERR= -0.0% DM/M= 0.0000E+00
 ELAPSED TIME=          0.82 s  REMAINING TIME=          1.03 s
 NC=   11600 T= 3.5934E+00 DT= 3.1050E-04 ERR= -0.0% DM/M= 0.0000E+00
 ELAPSED TIME=          0.83 s  REMAINING TIME=          1.02 s
     ANIMATION FILE: I02F_AA2024_G30_H2_R3A010 WRITTEN
 NC=   11700 T= 3.6244E+00 DT= 3.1052E-04 ERR= -0.0% DM/M= 0.0000E+00
 ELAPSED TIME=          0.84 s  REMAINING TIME=          1.01 s
 NC=   11800 T= 3.6555E+00 DT= 3.1053E-04 ERR= -0.0% DM/M= 0.0000E+00
 ELAPSED TIME=          0.85 s  REMAINING TIME=          1.00 s
 NC=   11900 T= 3.6865E+00 DT= 3.1055E-04 ERR= -0.0% DM/M= 0.0000E+00
 ELAPSED TIME=          0.85 s  REMAINING TIME=          1.00 s
 NC=   12000 T= 3.7176E+00 DT= 3.1056E-04 ERR= -0.0% DM/M= 0.0000E+00
 ELAPSED TIME=          0.86 s  REMAINING TIME=          0.99 s
 NC=   12100 T= 3.7486E+00 DT= 3.1057E-04 ERR= -0.0% DM/M= 0.0000E+00
 ELAPSED TIME=          0.87 s  REMAINING TIME=          0.98 s
 NC=   12200 T= 3.7797E+00 DT= 3.1059E-04 ERR= -0.0% DM/M= 0.0000E+00
 ELAPSED TIME=          0.87 s  REMAINING TIME=          0.97 s
 NC=   12300 T= 3.8108E+00 DT= 3.1060E-04 ERR= -0.0% DM/M= 0.0000E+00
 ELAPSED TIME=          0.88 s  REMAINING TIME=          0.97 s
 NC=   12400 T= 3.8418E+00 DT= 3.1062E-04 ERR= -0.0% DM/M= 0.0000E+00
 ELAPSED TIME=          0.89 s  REMAINING TIME=          0.96 s
 NC=   12500 T= 3.8729E+00 DT= 3.1063E-04 ERR= -0.0% DM/M= 0.0000E+00
 ELAPSED TIME=          0.89 s  REMAINING TIME=          0.95 s
 NC=   12600 T= 3.9040E+00 DT= 3.1065E-04 ERR= -0.0% DM/M= 0.0000E+00
 ELAPSED TIME=          0.90 s  REMAINING TIME=          0.94 s
 NC=   12700 T= 3.9350E+00 DT= 3.1066E-04 ERR= -0.0% DM/M= 0.0000E+00
 ELAPSED TIME=          0.91 s  REMAINING TIME=          0.94 s
 NC=   12800 T= 3.9661E+00 DT= 3.1068E-04 ERR= -0.0% DM/M= 0.0000E+00
 ELAPSED TIME=          0.91 s  REMAINING TIME=          0.93 s
 NC=   12900 T= 3.9972E+00 DT= 3.1069E-04 ERR= -0.0% DM/M= 0.0000E+00
 ELAPSED TIME=          0.92 s  REMAINING TIME=          0.92 s
     ANIMATION FILE: I02F_AA2024_G30_H2_R3A011 WRITTEN
 NC=   13000 T= 4.0282E+00 DT= 3.1070E-04 ERR= -0.0% DM/M= 0.0000E+00
 ELAPSED TIME=          0.93 s  REMAINING TIME=          0.91 s
 NC=   13100 T= 4.0593E+00 DT= 3.1072E-04 ERR= -0.0% DM/M= 0.0000E+00
 ELAPSED TIME=          0.93 s  REMAINING TIME=          0.91 s
 NC=   13200 T= 4.0904E+00 DT= 3.1073E-04 ERR= -0.0% DM/M= 0.0000E+00
 ELAPSED TIME=          0.94 s  REMAINING TIME=          0.90 s
 NC=   13300 T= 4.1214E+00 DT= 3.1075E-04 ERR= -0.0% DM/M= 0.0000E+00
 ELAPSED TIME=          0.95 s  REMAINING TIME=          0.89 s
 NC=   13400 T= 4.1525E+00 DT= 3.1076E-04 ERR= -0.0% DM/M= 0.0000E+00
 ELAPSED TIME=          0.95 s  REMAINING TIME=          0.88 s
 NC=   13500 T= 4.1836E+00 DT= 3.1077E-04 ERR= -0.0% DM/M= 0.0000E+00
 ELAPSED TIME=          0.96 s  REMAINING TIME=          0.88 s
 NC=   13600 T= 4.2147E+00 DT= 3.1079E-04 ERR= -0.0% DM/M= 0.0000E+00
 ELAPSED TIME=          0.97 s  REMAINING TIME=          0.87 s
 NC=   13700 T= 4.2457E+00 DT= 3.1080E-04 ERR= -0.0% DM/M= 0.0000E+00
 ELAPSED TIME=          0.98 s  REMAINING TIME=          0.86 s
 NC=   13800 T= 4.2768E+00 DT= 3.1082E-04 ERR= -0.0% DM/M= 0.0000E+00
 ELAPSED TIME=          0.98 s  REMAINING TIME=          0.85 s
 NC=   13900 T= 4.3079E+00 DT= 3.1083E-04 ERR= -0.0% DM/M= 0.0000E+00
 ELAPSED TIME=          0.99 s  REMAINING TIME=          0.85 s
 NC=   14000 T= 4.3390E+00 DT= 3.1084E-04 ERR= -0.0% DM/M= 0.0000E+00
 ELAPSED TIME=          1.00 s  REMAINING TIME=          0.84 s
 NC=   14100 T= 4.3701E+00 DT= 3.1086E-04 ERR= -0.0% DM/M= 0.0000E+00
 ELAPSED TIME=          1.00 s  REMAINING TIME=          0.83 s
     ANIMATION FILE: I02F_AA2024_G30_H2_R3A012 WRITTEN
 NC=   14200 T= 4.4012E+00 DT= 3.1087E-04 ERR= -0.0% DM/M= 0.0000E+00
 ELAPSED TIME=          1.01 s  REMAINING TIME=          0.83 s
 NC=   14300 T= 4.4323E+00 DT= 3.1088E-04 ERR= -0.0% DM/M= 0.0000E+00
 ELAPSED TIME=          1.02 s  REMAINING TIME=          0.82 s
 NC=   14400 T= 4.4633E+00 DT= 3.1090E-04 ERR= -0.0% DM/M= 0.0000E+00
 ELAPSED TIME=          1.02 s  REMAINING TIME=          0.81 s
 NC=   14500 T= 4.4944E+00 DT= 3.1091E-04 ERR= -0.0% DM/M= 0.0000E+00
 ELAPSED TIME=          1.03 s  REMAINING TIME=          0.80 s
 NC=   14600 T= 4.5255E+00 DT= 3.1092E-04 ERR= -0.0% DM/M= 0.0000E+00
 ELAPSED TIME=          1.04 s  REMAINING TIME=          0.80 s
 NC=   14700 T= 4.5566E+00 DT= 3.1094E-04 ERR= -0.0% DM/M= 0.0000E+00
 ELAPSED TIME=          1.04 s  REMAINING TIME=          0.79 s
 NC=   14800 T= 4.5877E+00 DT= 3.1095E-04 ERR= -0.0% DM/M= 0.0000E+00
 ELAPSED TIME=          1.05 s  REMAINING TIME=          0.78 s
 NC=   14900 T= 4.6188E+00 DT= 3.1096E-04 ERR= -0.0% DM/M= 0.0000E+00
 ELAPSED TIME=          1.06 s  REMAINING TIME=          0.77 s
 NC=   15000 T= 4.6499E+00 DT= 3.1098E-04 ERR= -0.0% DM/M= 0.0000E+00
 ELAPSED TIME=          1.06 s  REMAINING TIME=          0.77 s
 NC=   15100 T= 4.6810E+00 DT= 3.1099E-04 ERR= -0.0% DM/M= 0.0000E+00
 ELAPSED TIME=          1.07 s  REMAINING TIME=          0.76 s
 NC=   15200 T= 4.7121E+00 DT= 3.1100E-04 ERR= -0.0% DM/M= 0.0000E+00
 ELAPSED TIME=          1.08 s  REMAINING TIME=          0.75 s
 NC=   15300 T= 4.7432E+00 DT= 3.1102E-04 ERR= -0.0% DM/M= 0.0000E+00
 ELAPSED TIME=          1.08 s  REMAINING TIME=          0.74 s
 NC=   15400 T= 4.7743E+00 DT= 3.1103E-04 ERR= -0.0% DM/M= 0.0000E+00
 ELAPSED TIME=          1.09 s  REMAINING TIME=          0.74 s
     ANIMATION FILE: I02F_AA2024_G30_H2_R3A013 WRITTEN
 NC=   15500 T= 4.8054E+00 DT= 3.1104E-04 ERR= -0.0% DM/M= 0.0000E+00
 ELAPSED TIME=          1.10 s  REMAINING TIME=          0.73 s
 NC=   15600 T= 4.8365E+00 DT= 3.1105E-04 ERR= -0.0% DM/M= 0.0000E+00
 ELAPSED TIME=          1.11 s  REMAINING TIME=          0.72 s
 NC=   15700 T= 4.8676E+00 DT= 3.1107E-04 ERR= -0.0% DM/M= 0.0000E+00
 ELAPSED TIME=          1.11 s  REMAINING TIME=          0.72 s
 NC=   15800 T= 4.8987E+00 DT= 3.1108E-04 ERR= -0.0% DM/M= 0.0000E+00
 ELAPSED TIME=          1.12 s  REMAINING TIME=          0.71 s
 NC=   15900 T= 4.9298E+00 DT= 3.1109E-04 ERR= -0.0% DM/M= 0.0000E+00
 ELAPSED TIME=          1.13 s  REMAINING TIME=          0.70 s
 NC=   16000 T= 4.9609E+00 DT= 3.1110E-04 ERR= -0.0% DM/M= 0.0000E+00
 ELAPSED TIME=          1.13 s  REMAINING TIME=          0.69 s
 NC=   16100 T= 4.9921E+00 DT= 3.1112E-04 ERR= -0.0% DM/M= 0.0000E+00
 ELAPSED TIME=          1.14 s  REMAINING TIME=          0.69 s
 NC=   16200 T= 5.0232E+00 DT= 3.1113E-04 ERR= -0.0% DM/M= 0.0000E+00
 ELAPSED TIME=          1.15 s  REMAINING TIME=          0.68 s
 NC=   16300 T= 5.0543E+00 DT= 3.1114E-04 ERR= -0.0% DM/M= 0.0000E+00
 ELAPSED TIME=          1.15 s  REMAINING TIME=          0.67 s
 NC=   16400 T= 5.0854E+00 DT= 3.1115E-04 ERR= -0.0% DM/M= 0.0000E+00
 ELAPSED TIME=          1.16 s  REMAINING TIME=          0.66 s
 NC=   16500 T= 5.1165E+00 DT= 3.1116E-04 ERR= -0.0% DM/M= 0.0000E+00
 ELAPSED TIME=          1.17 s  REMAINING TIME=          0.66 s
 NC=   16600 T= 5.1476E+00 DT= 3.1118E-04 ERR= -0.0% DM/M= 0.0000E+00
 ELAPSED TIME=          1.17 s  REMAINING TIME=          0.65 s
 NC=   16700 T= 5.1787E+00 DT= 3.1119E-04 ERR= -0.0% DM/M= 0.0000E+00
 ELAPSED TIME=          1.18 s  REMAINING TIME=          0.64 s
     ANIMATION FILE: I02F_AA2024_G30_H2_R3A014 WRITTEN
 NC=   16800 T= 5.2099E+00 DT= 3.1120E-04 ERR= -0.0% DM/M= 0.0000E+00
 ELAPSED TIME=          1.19 s  REMAINING TIME=          0.64 s
 NC=   16900 T= 5.2410E+00 DT= 3.1121E-04 ERR= -0.0% DM/M= 0.0000E+00
 ELAPSED TIME=          1.19 s  REMAINING TIME=          0.63 s
 NC=   17000 T= 5.2721E+00 DT= 3.1122E-04 ERR= -0.0% DM/M= 0.0000E+00
 ELAPSED TIME=          1.20 s  REMAINING TIME=          0.62 s
 NC=   17100 T= 5.3032E+00 DT= 3.1123E-04 ERR= -0.0% DM/M= 0.0000E+00
 ELAPSED TIME=          1.21 s  REMAINING TIME=          0.61 s
 NC=   17200 T= 5.3344E+00 DT= 3.1124E-04 ERR= -0.0% DM/M= 0.0000E+00
 ELAPSED TIME=          1.21 s  REMAINING TIME=          0.61 s
 NC=   17300 T= 5.3655E+00 DT= 3.1126E-04 ERR= -0.0% DM/M= 0.0000E+00
 ELAPSED TIME=          1.22 s  REMAINING TIME=          0.60 s
 NC=   17400 T= 5.3966E+00 DT= 3.1127E-04 ERR= -0.0% DM/M= 0.0000E+00
 ELAPSED TIME=          1.23 s  REMAINING TIME=          0.59 s
 NC=   17500 T= 5.4277E+00 DT= 3.1128E-04 ERR= -0.0% DM/M= 0.0000E+00
 ELAPSED TIME=          1.23 s  REMAINING TIME=          0.59 s
 NC=   17600 T= 5.4589E+00 DT= 3.1129E-04 ERR= -0.0% DM/M= 0.0000E+00
 ELAPSED TIME=          1.24 s  REMAINING TIME=          0.58 s
 NC=   17700 T= 5.4900E+00 DT= 3.1130E-04 ERR= -0.0% DM/M= 0.0000E+00
 ELAPSED TIME=          1.25 s  REMAINING TIME=          0.57 s
 NC=   17800 T= 5.5211E+00 DT= 3.1131E-04 ERR= -0.0% DM/M= 0.0000E+00
 ELAPSED TIME=          1.25 s  REMAINING TIME=          0.56 s
 NC=   17900 T= 5.5523E+00 DT= 3.1132E-04 ERR= -0.0% DM/M= 0.0000E+00
 ELAPSED TIME=          1.26 s  REMAINING TIME=          0.56 s
 NC=   18000 T= 5.5834E+00 DT= 3.1133E-04 ERR= -0.0% DM/M= 0.0000E+00
 ELAPSED TIME=          1.27 s  REMAINING TIME=          0.55 s
     ANIMATION FILE: I02F_AA2024_G30_H2_R3A015 WRITTEN
 NC=   18100 T= 5.6145E+00 DT= 3.1134E-04 ERR= -0.0% DM/M= 0.0000E+00
 ELAPSED TIME=          1.28 s  REMAINING TIME=          0.54 s
 NC=   18200 T= 5.6457E+00 DT= 3.1135E-04 ERR= -0.0% DM/M= 0.0000E+00
 ELAPSED TIME=          1.28 s  REMAINING TIME=          0.53 s
 NC=   18300 T= 5.6768E+00 DT= 3.1136E-04 ERR= -0.0% DM/M= 0.0000E+00
 ELAPSED TIME=          1.29 s  REMAINING TIME=          0.53 s
 NC=   18400 T= 5.7079E+00 DT= 3.1137E-04 ERR= -0.0% DM/M= 0.0000E+00
 ELAPSED TIME=          1.30 s  REMAINING TIME=          0.52 s
 NC=   18500 T= 5.7391E+00 DT= 3.1138E-04 ERR= -0.0% DM/M= 0.0000E+00
 ELAPSED TIME=          1.30 s  REMAINING TIME=          0.51 s
 NC=   18600 T= 5.7702E+00 DT= 3.1139E-04 ERR= -0.0% DM/M= 0.0000E+00
 ELAPSED TIME=          1.31 s  REMAINING TIME=          0.51 s
 NC=   18700 T= 5.8013E+00 DT= 3.1140E-04 ERR= -0.0% DM/M= 0.0000E+00
 ELAPSED TIME=          1.32 s  REMAINING TIME=          0.50 s
 FAILURE (FTAB) OF SHELL ELEMENT          1 ,GAUSS PT 1 ,LAYER  1 ,INTEGRATION PT  1 AT TIME :  5.8284E+00
 FAILURE (FTAB) OF SHELL ELEMENT          2 ,GAUSS PT 1 ,LAYER  1 ,INTEGRATION PT  1 AT TIME :  5.8284E+00
 FAILURE (FTAB) OF SHELL ELEMENT          3 ,GAUSS PT 1 ,LAYER  1 ,INTEGRATION PT  1 AT TIME :  5.8284E+00
 FAILURE (FTAB) OF SHELL ELEMENT          4 ,GAUSS PT 1 ,LAYER  1 ,INTEGRATION PT  1 AT TIME :  5.8284E+00
 FAILURE (FTAB) OF SHELL ELEMENT          1 ,GAUSS PT 1 ,LAYER  1 ,INTEGRATION PT  2 AT TIME :  5.8284E+00
 FAILURE (FTAB) OF SHELL ELEMENT          2 ,GAUSS PT 1 ,LAYER  1 ,INTEGRATION PT  2 AT TIME :  5.8284E+00
 FAILURE (FTAB) OF SHELL ELEMENT          3 ,GAUSS PT 1 ,LAYER  1 ,INTEGRATION PT  2 AT TIME :  5.8284E+00
 FAILURE (FTAB) OF SHELL ELEMENT          4 ,GAUSS PT 1 ,LAYER  1 ,INTEGRATION PT  2 AT TIME :  5.8284E+00
 FAILURE (FTAB) OF SHELL ELEMENT          1 ,GAUSS PT 1 ,LAYER  1 ,INTEGRATION PT  3 AT TIME :  5.8284E+00
 FAILURE (FTAB) OF SHELL ELEMENT          2 ,GAUSS PT 1 ,LAYER  1 ,INTEGRATION PT  3 AT TIME :  5.8284E+00
 FAILURE (FTAB) OF SHELL ELEMENT          3 ,GAUSS PT 1 ,LAYER  1 ,INTEGRATION PT  3 AT TIME :  5.8284E+00
 FAILURE (FTAB) OF SHELL ELEMENT          4 ,GAUSS PT 1 ,LAYER  1 ,INTEGRATION PT  3 AT TIME :  5.8284E+00
 FAILURE (FTAB) OF SHELL ELEMENT          1 ,GAUSS PT 1 ,LAYER  1 ,INTEGRATION PT  4 AT TIME :  5.8284E+00
 FAILURE (FTAB) OF SHELL ELEMENT          2 ,GAUSS PT 1 ,LAYER  1 ,INTEGRATION PT  4 AT TIME :  5.8284E+00
 FAILURE (FTAB) OF SHELL ELEMENT          3 ,GAUSS PT 1 ,LAYER  1 ,INTEGRATION PT  4 AT TIME :  5.8284E+00
 FAILURE (FTAB) OF SHELL ELEMENT          4 ,GAUSS PT 1 ,LAYER  1 ,INTEGRATION PT  4 AT TIME :  5.8284E+00
 FAILURE (FTAB) OF SHELL ELEMENT          1 ,GAUSS PT 1 ,LAYER  1 ,INTEGRATION PT  5 AT TIME :  5.8284E+00
 FAILURE (FTAB) OF SHELL ELEMENT          2 ,GAUSS PT 1 ,LAYER  1 ,INTEGRATION PT  5 AT TIME :  5.8284E+00
 FAILURE (FTAB) OF SHELL ELEMENT          3 ,GAUSS PT 1 ,LAYER  1 ,INTEGRATION PT  5 AT TIME :  5.8284E+00
 FAILURE (FTAB) OF SHELL ELEMENT          4 ,GAUSS PT 1 ,LAYER  1 ,INTEGRATION PT  5 AT TIME :  5.8284E+00
 -- RUPTURE (TAB1) OF SHELL ELEMENT :         1 AT TIME :  5.828    
 -- RUPTURE (TAB1) OF SHELL ELEMENT :         2 AT TIME :  5.828    
 -- RUPTURE (TAB1) OF SHELL ELEMENT :         3 AT TIME :  5.828    
 -- RUPTURE (TAB1) OF SHELL ELEMENT :         4 AT TIME :  5.828    
 NC=   18800 T= 5.8368E+00 DT= 1.1826E-03 ERR= -0.0% DM/M= 0.0000E+00
 ELAPSED TIME=          1.32 s  REMAINING TIME=          0.49 s
     ANIMATION FILE: I02F_AA2024_G30_H2_R3A016 WRITTEN
     ANIMATION FILE: I02F_AA2024_G30_H2_R3A017 WRITTEN
     ANIMATION FILE: I02F_AA2024_G30_H2_R3A018 WRITTEN
     ANIMATION FILE: I02F_AA2024_G30_H2_R3A019 WRITTEN
     ANIMATION FILE: I02F_AA2024_G30_H2_R3A020 WRITTEN
     RESTART FILES: I02F_AA2024_G30_H2_R3_0001_[0001-0001].rst WRITTEN
  
                           ** CPU USER TIME **
  
  
                        ** SUMMARY **
  
 #PROC  ELEMENT   KINCOND   INTEG     IO        T0        ASM       RESOL    
   1   .3281E+00 .1250E+00 .6250E-01 .2969E+00 .1719E+00 .3125E-01 .1297E+01
 
                   ** CUMULATIVE CPU TIME SUMMARY **
  
 CONTACT SORTING.............: .0000E+00     0.00 % 
 CONTACT FORCES..............: .0000E+00     0.00 % 
 ELEMENT FORCES..............: .3281E+00    25.30 % 
 KINEMATIC COND..............: .1250E+00     9.64 % 
 INTEGRATION.................: .6250E-01     4.82 % 
 ASSEMBLING..................: .3125E-01     2.41 % 
 OTHERS (including I/O)......: .7500E+00    57.83 % 
 TOTAL.......................: .1297E+01   100.00 % 
  
                   ** MEMORY USAGE STATISTICS **
  
 TOTAL MEMORY USED .........................:       48 MB
 MAXIMUM MEMORY PER PROCESSOR...............:       48 MB
 MINIMUM MEMORY PER PROCESSOR...............:       48 MB
 AVERAGE MEMORY PER PROCESSOR...............:       48 MB
  
                   ** DISK USAGE STATISTICS **
  
 TOTAL DISK SPACE USED .....................:          1 MB
 ANIMATION/H3D/TH/OUTP SIZE ................:          0 MB
 RESTART FILE SIZE .........................:          0 MB
  
 ELAPSED TIME     =          1.34 s
                          0:00:01
  
     NORMAL TERMINATION      
     TOTAL NUMBER OF CYCLES  :   18855
