 I02F_AA2024_G30_H2_R3_0001.out
************************************************************************
**                                                                    **
**                                                                    **
**                         OpenRadioss Engine                         **
**                                                                    **
**            Non-linear Finite Element Analysis Software             **
**                                                                    **
**                                                                    **
**                                                                    **
**                  Windows 64 bits, Intel compiler                   **
**                      Double Precision Version                      **
**                                                                    **
**                                                                    **
**                                                                    **
************************************************************************
** OpenRadioss Software                                               **
** COPYRIGHT (C) 2026 Siemens                                         **
** Licensed under GNU Affero General Public License.                  **
** See License file.                                                  **
************************************************************************
 
 NUMBER OF SPMD DOMAINS           1
 NUMBER OF THREADS PER DOMAIN     1
 NUMBER OF HMPP PROCESSES         1
  
 COMPUTATION HARDWARE DESCRIPTION
  
 HOSTNAME     CPU TYPE, FREQUENCY AND MEMORY
 jeux   AMD Ryzen 5 5600 6-Core Processor               (x86_64), 3700 MHz,   4777 MB RAM,  18090 MB swap
  
 STACKSIZE  . . . . . . . . . . . . . . . . . . . . 1430 MB
 THREAD STACKSIZE . . . . . . . . . . . . . . . . . 400 MB
 
************************************************************************


 I02F_AA2024_G30_H2_R3D01                                                        


 FINAL TIME . . . . . . . . . . . . . . . . . . .   8.000000    

 TIME INTERVAL FOR TIME HISTORY PLOTS . . . . . .  0.2000000E-02

 TIME STEP SCALE FACTOR . . . . . . . . . . . . .  0.9000000    

 MINIMUM TIME STEP  . . . . . . . . . . . . . . .   0.000000    


 BRICK TIME STEP SCALE FACTOR . . . . . . . . . .  0.9000000    
 BRICK MINIMUM TIME STEP. . . . . . . . . . . . .   0.000000    
 MIN. TIME STEP FLAG (1:STOP RUN, 2:DELETE BRICK)     1

 QUAD TIME STEP SCALE FACTOR. . . . . . . . . . .  0.9000000    
 QUAD MINIMUM TIME STEP . . . . . . . . . . . . .   0.000000    
 MIN. TIME STEP FLAG (1:STOP RUN, 2:DELETE QUAD).     1

 SHELL TIME STEP SCALE FACTOR . . . . . . . . . .  0.9000000    
 SHELL MINIMUM TIME STEP. . . . . . . . . . . . .   0.000000    
 MIN. TIME FLAG (1:STOP, 2:DELETE, 3:SMALL STRAIN)    2

 TRUSS TIME STEP SCALE FACTOR . . . . . . . . . .  0.9000000    
 TRUSS MINIMUM TIME STEP. . . . . . . . . . . . .   0.000000    
 MIN. TIME FLAG (1:STOP, 2:DELETE). . . . . . . .     0

 BEAM TIME STEP SCALE FACTOR. . . . . . . . . . .  0.9000000    
 BEAM MINIMUM TIME STEP . . . . . . . . . . . . .   0.000000    
 MIN. TIME FLAG (1:STOP, 2:DELETE). . . . . . . .     0

 SPRING TIME STEP SCALE FACTOR. . . . . . . . . .  0.9000000    
 SPRING MINIMUM TIME STEP . . . . . . . . . . . .   0.000000    
 MIN. TIME FLAG (1:STOP, 2:DELETE). . . . . . . .     0

 AIRBAG TIME STEP SCALE FACTOR. . . . . . . . . .  0.9000000    
 AIRBAG MINIMUM TIME STEP . . . . . . . . . . . .   0.000000    
 MIN. TIME FLAG (1:STOP). . . . . . . . . . . . .     0

 CONTACT TIME STEP SCALE FACTOR . . . . . . . . .  0.9000000    
 CONTACT MINIMUM TIME STEP. . . . . . . . . . . .   0.000000    
 MIN. TIME FLAG(1:STOP, 2:REMOVE NODE FROM INTERF)    0

 PRINTOUT CYCLE FREQUENCY . . . . . . . . . . . .  -100

 RESTART CYCLE FREQUENCY. . . . . . . . . . . . .   10000000

 MAXIMUM RESTART WRITE BEFORE OVERWRITE . . . . .     0

 INVERS: INPUT DECK VERSION . . . . . . . . . . .  2026
 ITTYP : FLAG FOR TYPE OF T-FILE. . . . . . . . .     4

 INITIAL TIME STEP. . . . . . . . . . . . . . . .   0.000000    
 MAXIMUM TIME STEP. . . . . . . . . . . . . . . .  0.1000000E+21

 PARALLEL ARITHMETIC ON
 NUMBER OF INTERFACES TO BE ELIMINATED. . . . . .        0

 NUMBER OF PARTS TO BE ELIMINATED . . . . . . . .        0

 NUMBER OF SOLID  ELEMENT BLOCKS TO BE ELIMINATED        0

 NUMBER OF QUAD   ELEMENT BLOCKS TO BE ELIMINATED        0

 NUMBER OF SHELL  ELEMENT BLOCKS TO BE ELIMINATED        0

 NUMBER OF TRUSS  ELEMENT BLOCKS TO BE ELIMINATED        0

 NUMBER OF BEAM   ELEMENT BLOCKS TO BE ELIMINATED        0

 NUMBER OF SPRING ELEMENT BLOCKS TO BE ELIMINATED        0

 NUMBER OF SH_3N  ELEMENT BLOCKS TO BE ELIMINATED        0

 NUMBER OF  SPH PARTICLES BLOCKS TO BE ELIMINATED        0

 NUMBER OF RIGID LINKS. . . . . . . . . . . . . .        0

 NUMBER OF NEW BOUNDARY CONDITIONS. . . . . . . .        0


 TIME FOR FIRST ANIMATION-FILE PLOT . . . . . . .   0.000000    
 TIME INTERVAL FOR ANIMATION-FILE PLOTS . . . . .  0.4000000    
 TIME TO STOP ANIMATION-FILE PLOTS. . . . . . . .  0.1000000E+21
 SENSOR FOR ANIMATION-FILE PLOTS. . . . . . . . .          0
 TIME INTERVAL FOR SENSOR ANIMATION-FILE PLOTS. .   0.000000    

 VARIABLE SAVED ON ANIMATION FILES (1: YES) :
      PLASTIC STRAIN. . . . . .     0
      DENSITY     (SOLID ONLY).     0
      SPECIFIC ENERGY . . . . .     1
      HOURGLASS ENERGY. . . . .     0
      TEMPERATURE (SOLID ONLY).     0
      THICKNESS   (SHELL ONLY).     0
      PRESSURE    (SOLID ONLY).     0
      VON MISES . . . . . . . .     0
      TURBULENT ENERGY (FLUID).     0
      TURBULENT VISCOSITY(FLUID)    0
      VORTICITY (FLUID) . . . .     0
 NODAL VALUES SAVED ON ANIMATION FILES (1: YES) :
      PRESSURE. . . . . . . . .     0
      DENSITY . . . . . . . . .     0
      TEMPERATURE . . . . . . .     0
 VECTOR SAVED ON ANIMATION FILES (1: YES) :
      VELOCITY VECTOR . . . . .     1
      DISPLACEMENT VECTOR . . .     1
      ACCELERATION VECTOR . . .     0
      CONTACT FORCES. . . . . .     0
      INTERNAL FORCES . . . . .     0
      EXTERNAL FORCES . . . . .     0
      SECTION RBY RWALL FORCES.     0
      ROTATIONAL VELOCITY VECTOR    0
      CONTACT PRESSURE (VECTORS)    0
 SHELL TENSOR SAVED ON ANIMATION FILES (1: YES) :
      MEMBRANE STRESS . . . . .     0
      BENDING STRESS(MOMENT/T^2)    0
      UPPER LAYER STRESS. . . .     0
      LOWER LAYER STRESS. . . .     0
      MEMBRANE STRAIN . . . . .     0
      CURVATURE . . . . . . . .     0
      UPPER LAYER STRAIN. . . .     0
      LOWER LAYER STRAIN. . . .     0
 NODAL MASS SAVED ON ANIMATION FILES (1: YES) :    0
 KEEP DELETED ELEMENT (1: YES) :    0


 14/09/2026
   CYCLE    TIME      TIME-STEP  ELEMENT          ERROR  I-ENERGY    K-ENERGY T  K-ENERGY R  EXT-WORK     MAS.ERR     TOTAL MASS  MASS ADDED
       0   0.000      0.3093E-03 SHELL          1   0.0%   0.000       0.000       0.000       0.000       0.000      0.1023       0.000    
     ANIMATION FILE: I02F_AA2024_G30_H2_R3A001 WRITTEN
     100  0.3093E-01  0.3093E-03 SHELL          1   0.0%  0.6060E-04  0.7338E-08   0.000      0.6061E-04   0.000      0.1023       0.000    
     200  0.6187E-01  0.3093E-03 SHELL          1  -0.0%  0.2423E-03  0.1636E-07   0.000      0.2423E-03   0.000      0.1023       0.000    
     300  0.9280E-01  0.3093E-03 SHELL          1  -0.0%  0.8823E-03  0.1938E-06   0.000      0.8825E-03   0.000      0.1023       0.000    
     400  0.1237      0.3093E-03 SHELL          1  -0.0%  0.2792E-02  0.1742E-06   0.000      0.2793E-02   0.000      0.1023       0.000    
     500  0.1547      0.3093E-03 SHELL          1  -0.0%  0.5773E-02  0.8304E-07   0.000      0.5773E-02   0.000      0.1023       0.000    
     600  0.1856      0.3093E-03 SHELL          1  -0.0%  0.1245E-01  0.1568E-06   0.000      0.1245E-01   0.000      0.1023       0.000    
     700  0.2165      0.3093E-03 SHELL          1  -0.0%  0.2242E-01  0.1509E-06   0.000      0.2242E-01   0.000      0.1023       0.000    
     800  0.2475      0.3093E-03 SHELL          1  -0.0%  0.3667E-01  0.3556E-06   0.000      0.3667E-01   0.000      0.1023       0.000    
     900  0.2784      0.3093E-03 SHELL          1  -0.0%  0.5973E-01  0.6830E-06   0.000      0.5973E-01   0.000      0.1023       0.000    
    1000  0.3093      0.3093E-03 SHELL          4  -0.0%  0.8839E-01  0.8493E-06   0.000      0.8839E-01   0.000      0.1023       0.000    
    1100  0.3403      0.3093E-03 SHELL          1  -0.0%  0.1293      0.1166E-05   0.000      0.1293       0.000      0.1023       0.000    
    1200  0.3712      0.3093E-03 SHELL          1  -0.0%  0.1823      0.7168E-06   0.000      0.1823       0.000      0.1023       0.000    
     ANIMATION FILE: I02F_AA2024_G30_H2_R3A002 WRITTEN
    1300  0.4021      0.3093E-03 SHELL          1  -0.0%  0.2453      0.8131E-06   0.000      0.2453       0.000      0.1023       0.000    
    1400  0.4331      0.3094E-03 SHELL          1  -0.0%  0.3325      0.8151E-06   0.000      0.3326       0.000      0.1023       0.000    
    1500  0.4640      0.3094E-03 SHELL          1  -0.0%  0.4331      0.1091E-05   0.000      0.4331       0.000      0.1023       0.000    
    1600  0.4949      0.3094E-03 SHELL          1  -0.0%  0.5567      0.1878E-05   0.000      0.5567       0.000      0.1023       0.000    
    1700  0.5259      0.3094E-03 SHELL          1  -0.0%  0.7079      0.2191E-05   0.000      0.7079       0.000      0.1023       0.000    
    1800  0.5568      0.3094E-03 SHELL          1  -0.0%  0.8771      0.1851E-05   0.000      0.8771       0.000      0.1023       0.000    
    1900  0.5877      0.3094E-03 SHELL          1  -0.0%   1.090      0.2055E-05   0.000       1.090       0.000      0.1023       0.000    
    2000  0.6187      0.3094E-03 SHELL          1  -0.0%   1.328      0.1662E-05   0.000       1.328       0.000      0.1023       0.000    
    2100  0.6496      0.3094E-03 SHELL          2  -0.0%   1.601      0.2124E-05   0.000       1.601       0.000      0.1023       0.000    
    2200  0.6806      0.3094E-03 SHELL          1  -0.0%   1.924      0.2382E-05   0.000       1.924       0.000      0.1023       0.000    
    2300  0.7115      0.3094E-03 SHELL          1  -0.0%   2.277      0.2849E-05   0.000       2.277       0.000      0.1023       0.000    
    2400  0.7424      0.3094E-03 SHELL          1  -0.0%   2.689      0.3661E-05   0.000       2.689       0.000      0.1023       0.000    
    2500  0.7734      0.3094E-03 SHELL          1  -0.0%   3.149      0.3604E-05   0.000       3.149       0.000      0.1023       0.000    
     ANIMATION FILE: I02F_AA2024_G30_H2_R3A003 WRITTEN
    2600  0.8043      0.3094E-03 SHELL          1  -0.0%   3.652      0.4123E-05   0.000       3.652       0.000      0.1023       0.000    
    2700  0.8353      0.3094E-03 SHELL          1  -0.0%   4.236      0.3614E-05   0.000       4.236       0.000      0.1023       0.000    
    2800  0.8662      0.3094E-03 SHELL          1  -0.0%   4.863      0.3343E-05   0.000       4.863       0.000      0.1023       0.000    
    2900  0.8971      0.3094E-03 SHELL          1  -0.0%   5.565      0.3975E-05   0.000       5.565       0.000      0.1023       0.000    
    3000  0.9281      0.3094E-03 SHELL          1  -0.0%   6.343      0.4280E-05   0.000       6.343       0.000      0.1023       0.000    
    3100  0.9590      0.3094E-03 SHELL          1  -0.0%   7.170      0.4738E-05   0.000       7.171       0.000      0.1023       0.000    
    3200  0.9900      0.3095E-03 SHELL          1  -0.0%   8.115      0.5687E-05   0.000       8.115       0.000      0.1023       0.000    
    3300   1.021      0.3095E-03 SHELL          1  -0.0%   9.119      0.5568E-05   0.000       9.119       0.000      0.1023       0.000    
    3400   1.052      0.3095E-03 SHELL          1  -0.0%   10.21      0.6188E-05   0.000       10.21       0.000      0.1023       0.000    
    3500   1.083      0.3095E-03 SHELL          1  -0.0%   11.41      0.5517E-05   0.000       11.41       0.000      0.1023       0.000    
    3600   1.114      0.3095E-03 SHELL          1  -0.0%   12.68      0.5252E-05   0.000       12.68       0.000      0.1023       0.000    
    3700   1.145      0.3095E-03 SHELL          1  -0.0%   14.08      0.5970E-05   0.000       14.08       0.000      0.1023       0.000    
    3800   1.176      0.3095E-03 SHELL          1  -0.0%   15.58      0.6488E-05   0.000       15.58       0.000      0.1023       0.000    
     ANIMATION FILE: I02F_AA2024_G30_H2_R3A004 WRITTEN
    3900   1.207      0.3095E-03 SHELL          1  -0.0%   17.17      0.7753E-05   0.000       17.17       0.000      0.1023       0.000    
    4000   1.238      0.3095E-03 SHELL          1  -0.0%   18.91      0.8142E-05   0.000       18.91       0.000      0.1023       0.000    
    4100   1.269      0.3095E-03 SHELL          1  -0.0%   20.73      0.7783E-05   0.000       20.73       0.000      0.1023       0.000    
    4200   1.299      0.3095E-03 SHELL          1  -0.0%   22.70      0.8220E-05   0.000       22.70       0.000      0.1023       0.000    
    4300   1.330      0.3095E-03 SHELL          1  -0.0%   24.80      0.7476E-05   0.000       24.80       0.000      0.1023       0.000    
    4400   1.361      0.3096E-03 SHELL          1  -0.0%   27.00      0.8033E-05   0.000       27.00       0.000      0.1023       0.000    
    4500   1.392      0.3096E-03 SHELL          1  -0.0%   29.40      0.8327E-05   0.000       29.40       0.000      0.1023       0.000    
    4600   1.423      0.3096E-03 SHELL          1  -0.0%   31.90      0.9093E-05   0.000       31.90       0.000      0.1023       0.000    
    4700   1.454      0.3096E-03 SHELL          2  -0.0%   34.53      0.9653E-05   0.000       34.53       0.000      0.1023       0.000    
    4800   1.485      0.3096E-03 SHELL          2  -0.0%   37.22      0.9677E-05   0.000       37.22       0.000      0.1023       0.000    
    4900   1.516      0.3096E-03 SHELL          1  -0.0%   39.92      0.9675E-05   0.000       39.92       0.000      0.1023       0.000    
    5000   1.547      0.3096E-03 SHELL          2  -0.0%   42.71      0.1049E-04   0.000       42.71       0.000      0.1023       0.000    
    5100   1.578      0.3096E-03 SHELL          1  -0.0%   45.52      0.1048E-04   0.000       45.52       0.000      0.1023       0.000    
     ANIMATION FILE: I02F_AA2024_G30_H2_R3A005 WRITTEN
    5200   1.609      0.3096E-03 SHELL          4  -0.0%   48.36      0.1112E-04   0.000       48.36       0.000      0.1023       0.000    
    5300   1.640      0.3096E-03 SHELL          1  -0.0%   51.27      0.1129E-04   0.000       51.27       0.000      0.1023       0.000    
    5400   1.671      0.3097E-03 SHELL          1  -0.0%   54.18      0.1129E-04   0.000       54.18       0.000      0.1023       0.000    
    5500   1.702      0.3097E-03 SHELL          3  -0.0%   57.17      0.1208E-04   0.000       57.17       0.000      0.1023       0.000    
    5600   1.733      0.3097E-03 SHELL          1  -0.0%   60.19      0.1210E-04   0.000       60.19       0.000      0.1023       0.000    
    5700   1.764      0.3097E-03 SHELL          1  -0.0%   63.22      0.1293E-04   0.000       63.22       0.000      0.1023       0.000    
    5800   1.795      0.3097E-03 SHELL          1  -0.0%   66.34      0.1290E-04   0.000       66.34       0.000      0.1023       0.000    
    5900   1.826      0.3097E-03 SHELL          1  -0.0%   69.45      0.1290E-04   0.000       69.45       0.000      0.1023       0.000    
    6000   1.857      0.3097E-03 SHELL          3  -0.0%   72.62      0.1371E-04   0.000       72.62       0.000      0.1023       0.000    
    6100   1.888      0.3097E-03 SHELL          1  -0.0%   75.84      0.1370E-04   0.000       75.84       0.000      0.1023       0.000    
    6200   1.919      0.3098E-03 SHELL          1  -0.0%   79.05      0.1370E-04   0.000       79.05       0.000      0.1023       0.000    
    6300   1.950      0.3098E-03 SHELL          1  -0.0%   82.35      0.1450E-04   0.000       82.35       0.000      0.1023       0.000    
    6400   1.981      0.3098E-03 SHELL          1  -0.0%   85.66      0.1449E-04   0.000       85.66       0.000      0.1023       0.000    
     ANIMATION FILE: I02F_AA2024_G30_H2_R3A006 WRITTEN
    6500   2.012      0.3098E-03 SHELL          2  -0.0%   89.00      0.1520E-04   0.000       89.00       0.000      0.1023       0.000    
    6600   2.043      0.3098E-03 SHELL          1  -0.0%   92.39      0.1527E-04   0.000       92.39       0.000      0.1023       0.000    
    6700   2.074      0.3098E-03 SHELL          1  -0.0%   95.79      0.1527E-04   0.000       95.79       0.000      0.1023       0.000    
    6800   2.105      0.3098E-03 SHELL          4  -0.0%   99.25      0.1605E-04   0.000       99.25       0.000      0.1023       0.000    
    6900   2.136      0.3098E-03 SHELL          1  -0.0%   102.7      0.1604E-04   0.000       102.7       0.000      0.1023       0.000    
    7000   2.167      0.3099E-03 SHELL          2  -0.0%   106.2      0.1680E-04   0.000       106.2       0.000      0.1023       0.000    
    7100   2.198      0.3099E-03 SHELL          1  -0.0%   109.8      0.1679E-04   0.000       109.8       0.000      0.1023       0.000    
    7200   2.229      0.3099E-03 SHELL          1  -0.0%   113.4      0.1678E-04   0.000       113.4       0.000      0.1023       0.000    
    7300   2.260      0.3099E-03 SHELL          3  -0.0%   117.0      0.1750E-04   0.000       117.0       0.000      0.1023       0.000    
    7400   2.291      0.3099E-03 SHELL          1  -0.0%   120.6      0.1752E-04   0.000       120.6       0.000      0.1023       0.000    
    7500   2.322      0.3099E-03 SHELL          1  -0.0%   124.3      0.1815E-04   0.000       124.3       0.000      0.1023       0.000    
    7600   2.353      0.3099E-03 SHELL          1  -0.0%   128.0      0.1824E-04   0.000       128.0       0.000      0.1023       0.000    
    7700   2.384      0.3099E-03 SHELL          1  -0.0%   131.7      0.1823E-04   0.000       131.7       0.000      0.1023       0.000    
     ANIMATION FILE: I02F_AA2024_G30_H2_R3A007 WRITTEN
    7800   2.415      0.3100E-03 SHELL          4  -0.0%   135.4      0.1895E-04   0.000       135.4       0.000      0.1023       0.000    
    7900   2.446      0.3100E-03 SHELL          1  -0.0%   139.2      0.1892E-04   0.000       139.2       0.000      0.1023       0.000    
    8000   2.477      0.3100E-03 SHELL          1  -0.0%   143.0      0.1891E-04   0.000       143.0       0.000      0.1023       0.000    
    8100   2.508      0.3100E-03 SHELL          1  -0.0%   146.8      0.1958E-04   0.000       146.8       0.000      0.1023       0.000    
    8200   2.539      0.3100E-03 SHELL          1  -0.0%   150.7      0.1958E-04   0.000       150.7       0.000      0.1023       0.000    
    8300   2.570      0.3100E-03 SHELL          4  -0.0%   154.6      0.2015E-04   0.000       154.6       0.000      0.1023       0.000    
    8400   2.601      0.3100E-03 SHELL          1  -0.0%   158.5      0.2022E-04   0.000       158.5       0.000      0.1023       0.000    
    8500   2.632      0.3101E-03 SHELL          1  -0.0%   162.4      0.2021E-04   0.000       162.4       0.000      0.1023       0.000    
    8600   2.663      0.3101E-03 SHELL          1  -0.0%   166.4      0.2085E-04   0.000       166.4       0.000      0.1023       0.000    
    8700   2.694      0.3101E-03 SHELL          1  -0.0%   170.3      0.2083E-04   0.000       170.3       0.000      0.1023       0.000    
    8800   2.725      0.3101E-03 SHELL          4  -0.0%   174.3      0.2147E-04   0.000       174.3       0.000      0.1023       0.000    
    8900   2.756      0.3101E-03 SHELL          1  -0.0%   178.4      0.2141E-04   0.000       178.4       0.000      0.1023       0.000    
    9000   2.787      0.3101E-03 SHELL          1  -0.0%   182.4      0.2140E-04   0.000       182.4       0.000      0.1023       0.000    
     ANIMATION FILE: I02F_AA2024_G30_H2_R3A008 WRITTEN
    9100   2.818      0.3101E-03 SHELL          4  -0.0%   186.5      0.2194E-04   0.000       186.5       0.000      0.1023       0.000    
    9200   2.849      0.3102E-03 SHELL          1  -0.0%   190.5      0.2196E-04   0.000       190.5       0.000      0.1023       0.000    
    9300   2.880      0.3102E-03 SHELL          1  -0.0%   194.6      0.2195E-04   0.000       194.6       0.000      0.1023       0.000    
    9400   2.911      0.3102E-03 SHELL          1  -0.0%   198.8      0.2248E-04   0.000       198.8       0.000      0.1023       0.000    
    9500   2.942      0.3102E-03 SHELL          1  -0.0%   202.9      0.2247E-04   0.000       202.9       0.000      0.1023       0.000    
    9600   2.973      0.3102E-03 SHELL          1  -0.0%   207.1      0.2298E-04   0.000       207.1       0.000      0.1023       0.000    
    9700   3.004      0.3102E-03 SHELL          1  -0.0%   211.2      0.2295E-04   0.000       211.2       0.000      0.1023       0.000    
    9800   3.035      0.3102E-03 SHELL          1  -0.0%   215.4      0.2294E-04   0.000       215.4       0.000      0.1023       0.000    
    9900   3.066      0.3103E-03 SHELL          1  -0.0%   219.6      0.2341E-04   0.000       219.6       0.000      0.1023       0.000    
   CYCLE    TIME      TIME-STEP  ELEMENT          ERROR  I-ENERGY    K-ENERGY T  K-ENERGY R  EXT-WORK     MAS.ERR     TOTAL MASS  MASS ADDED
   10000   3.097      0.3103E-03 SHELL          1  -0.0%   223.9      0.2340E-04   0.000       223.9       0.000      0.1023       0.000    
   10100   3.128      0.3103E-03 SHELL          4  -0.0%   228.1      0.2374E-04   0.000       228.1       0.000      0.1023       0.000    
   10200   3.159      0.3103E-03 SHELL          1  -0.0%   232.4      0.2381E-04   0.000       232.4       0.000      0.1023       0.000    
   10300   3.190      0.3103E-03 SHELL          1  -0.0%   236.6      0.2380E-04   0.000       236.6       0.000      0.1023       0.000    
     ANIMATION FILE: I02F_AA2024_G30_H2_R3A009 WRITTEN
   10400   3.221      0.3103E-03 SHELL          1  -0.0%   240.9      0.2418E-04   0.000       240.9       0.000      0.1023       0.000    
   10500   3.252      0.3103E-03 SHELL          1  -0.0%   245.2      0.2418E-04   0.000       245.2       0.000      0.1023       0.000    
   10600   3.283      0.3104E-03 SHELL          1  -0.0%   249.5      0.2450E-04   0.000       249.5       0.000      0.1023       0.000    
   10700   3.314      0.3104E-03 SHELL          1  -0.0%   253.8      0.2452E-04   0.000       253.8       0.000      0.1023       0.000    
   10800   3.345      0.3104E-03 SHELL          1  -0.0%   258.2      0.2451E-04   0.000       258.2       0.000      0.1023       0.000    
   10900   3.376      0.3104E-03 SHELL          3  -0.0%   262.5      0.2483E-04   0.000       262.5       0.000      0.1023       0.000    
   11000   3.407      0.3104E-03 SHELL          1  -0.0%   266.9      0.2481E-04   0.000       266.9       0.000      0.1023       0.000    
   11100   3.438      0.3104E-03 SHELL          1  -0.0%   271.2      0.2480E-04   0.000       271.2       0.000      0.1023       0.000    
   11200   3.469      0.3104E-03 SHELL          1  -0.0%   275.6      0.2507E-04   0.000       275.6       0.000      0.1023       0.000    
   11300   3.500      0.3105E-03 SHELL          1  -0.0%   280.0      0.2506E-04   0.000       280.0       0.000      0.1023       0.000    
   11400   3.531      0.3105E-03 SHELL          1  -0.0%   284.4      0.2527E-04   0.000       284.4       0.000      0.1023       0.000    
   11500   3.562      0.3105E-03 SHELL          1  -0.0%   288.8      0.2528E-04   0.000       288.8       0.000      0.1023       0.000    
   11600   3.593      0.3105E-03 SHELL          1  -0.0%   293.2      0.2527E-04   0.000       293.2       0.000      0.1023       0.000    
     ANIMATION FILE: I02F_AA2024_G30_H2_R3A010 WRITTEN
   11700   3.624      0.3105E-03 SHELL          1  -0.0%   297.6      0.2546E-04   0.000       297.6       0.000      0.1023       0.000    
   11800   3.655      0.3105E-03 SHELL          1  -0.0%   302.0      0.2545E-04   0.000       302.0       0.000      0.1023       0.000    
   11900   3.687      0.3105E-03 SHELL          4  -0.0%   306.4      0.2561E-04   0.000       306.4       0.000      0.1023       0.000    
   12000   3.718      0.3106E-03 SHELL          1  -0.0%   310.9      0.2559E-04   0.000       310.9       0.000      0.1023       0.000    
   12100   3.749      0.3106E-03 SHELL          1  -0.0%   315.3      0.2558E-04   0.000       315.3       0.000      0.1023       0.000    
   12200   3.780      0.3106E-03 SHELL          1  -0.0%   319.7      0.2569E-04   0.000       319.7       0.000      0.1023       0.000    
   12300   3.811      0.3106E-03 SHELL          1  -0.0%   324.2      0.2568E-04   0.000       324.2       0.000      0.1023       0.000    
   12400   3.842      0.3106E-03 SHELL          1  -0.0%   328.6      0.2574E-04   0.000       328.6       0.000      0.1023       0.000    
   12500   3.873      0.3106E-03 SHELL          1  -0.0%   333.1      0.2574E-04   0.000       333.1       0.000      0.1023       0.000    
   12600   3.904      0.3106E-03 SHELL          1  -0.0%   337.5      0.2573E-04   0.000       337.5       0.000      0.1023       0.000    
   12700   3.935      0.3107E-03 SHELL          1  -0.0%   342.0      0.2576E-04   0.000       342.0       0.000      0.1023       0.000    
   12800   3.966      0.3107E-03 SHELL          1  -0.0%   346.4      0.2575E-04   0.000       346.4       0.000      0.1023       0.000    
   12900   3.997      0.3107E-03 SHELL          1  -0.0%   350.9      0.2573E-04   0.000       350.9       0.000      0.1023       0.000    
     ANIMATION FILE: I02F_AA2024_G30_H2_R3A011 WRITTEN
   13000   4.028      0.3107E-03 SHELL          1  -0.0%   355.3      0.2572E-04   0.000       355.3       0.000      0.1023       0.000    
   13100   4.059      0.3107E-03 SHELL          1  -0.0%   359.8      0.2571E-04   0.000       359.8       0.000      0.1023       0.000    
   13200   4.090      0.3107E-03 SHELL          1  -0.0%   364.2      0.2566E-04   0.000       364.2       0.000      0.1023       0.000    
   13300   4.121      0.3107E-03 SHELL          1  -0.0%   368.7      0.2564E-04   0.000       368.7       0.000      0.1023       0.000    
   13400   4.153      0.3108E-03 SHELL          1  -0.0%   373.1      0.2563E-04   0.000       373.1       0.000      0.1023       0.000    
   13500   4.184      0.3108E-03 SHELL          1  -0.0%   377.6      0.2554E-04   0.000       377.6       0.000      0.1023       0.000    
   13600   4.215      0.3108E-03 SHELL          1  -0.0%   382.0      0.2553E-04   0.000       382.0       0.000      0.1023       0.000    
   13700   4.246      0.3108E-03 SHELL          1  -0.0%   386.5      0.2540E-04   0.000       386.5       0.000      0.1023       0.000    
   13800   4.277      0.3108E-03 SHELL          1  -0.0%   390.9      0.2538E-04   0.000       390.9       0.000      0.1023       0.000    
   13900   4.308      0.3108E-03 SHELL          1  -0.0%   395.3      0.2537E-04   0.000       395.3       0.000      0.1023       0.000    
   14000   4.339      0.3108E-03 SHELL          2  -0.0%   399.7      0.2520E-04   0.000       399.7       0.000      0.1023       0.000    
   14100   4.370      0.3109E-03 SHELL          1  -0.0%   404.1      0.2518E-04   0.000       404.1       0.000      0.1023       0.000    
     ANIMATION FILE: I02F_AA2024_G30_H2_R3A012 WRITTEN
   14200   4.401      0.3109E-03 SHELL          1  -0.0%   408.5      0.2502E-04   0.000       408.5       0.000      0.1023       0.000    
   14300   4.432      0.3109E-03 SHELL          1  -0.0%   412.9      0.2496E-04   0.000       412.9       0.000      0.1023       0.000    
   14400   4.463      0.3109E-03 SHELL          1  -0.0%   417.3      0.2495E-04   0.000       417.3       0.000      0.1023       0.000    
   14500   4.494      0.3109E-03 SHELL          1  -0.0%   421.7      0.2470E-04   0.000       421.7       0.000      0.1023       0.000    
   14600   4.526      0.3109E-03 SHELL          1  -0.0%   426.1      0.2468E-04   0.000       426.1       0.000      0.1023       0.000    
   14700   4.557      0.3109E-03 SHELL          1  -0.0%   430.5      0.2467E-04   0.000       430.5       0.000      0.1023       0.000    
   14800   4.588      0.3110E-03 SHELL          1  -0.0%   434.8      0.2438E-04   0.000       434.8       0.000      0.1023       0.000    
   14900   4.619      0.3110E-03 SHELL          1  -0.0%   439.2      0.2437E-04   0.000       439.2       0.000      0.1023       0.000    
   15000   4.650      0.3110E-03 SHELL          2  -0.0%   443.5      0.2409E-04   0.000       443.5       0.000      0.1023       0.000    
   15100   4.681      0.3110E-03 SHELL          1  -0.0%   447.8      0.2403E-04   0.000       447.8       0.000      0.1023       0.000    
   15200   4.712      0.3110E-03 SHELL          1  -0.0%   452.1      0.2402E-04   0.000       452.1       0.000      0.1023       0.000    
   15300   4.743      0.3110E-03 SHELL          1  -0.0%   456.4      0.2365E-04   0.000       456.4       0.000      0.1023       0.000    
   15400   4.774      0.3110E-03 SHELL          1  -0.0%   460.7      0.2364E-04   0.000       460.7       0.000      0.1023       0.000    
     ANIMATION FILE: I02F_AA2024_G30_H2_R3A013 WRITTEN
   15500   4.805      0.3110E-03 SHELL          1  -0.0%   465.0      0.2326E-04   0.000       465.0       0.000      0.1023       0.000    
   15600   4.837      0.3111E-03 SHELL          1  -0.0%   469.2      0.2323E-04   0.000       469.2       0.000      0.1023       0.000    
   15700   4.868      0.3111E-03 SHELL          1  -0.0%   473.5      0.2322E-04   0.000       473.5       0.000      0.1023       0.000    
   15800   4.899      0.3111E-03 SHELL          2  -0.0%   477.7      0.2281E-04   0.000       477.7       0.000      0.1023       0.000    
   15900   4.930      0.3111E-03 SHELL          1  -0.0%   481.9      0.2278E-04   0.000       481.9       0.000      0.1023       0.000    
   16000   4.961      0.3111E-03 SHELL          2  -0.0%   486.1      0.2244E-04   0.000       486.1       0.000      0.1023       0.000    
   16100   4.992      0.3111E-03 SHELL          1  -0.0%   490.3      0.2230E-04   0.000       490.3       0.000      0.1023       0.000    
   16200   5.023      0.3111E-03 SHELL          1  -0.0%   494.5      0.2229E-04   0.000       494.5       0.000      0.1023       0.000    
   16300   5.054      0.3111E-03 SHELL          3  -0.0%   498.6      0.2176E-04   0.000       498.6       0.000      0.1023       0.000    
   16400   5.085      0.3112E-03 SHELL          1  -0.0%   502.7      0.2178E-04   0.000       502.7       0.000      0.1023       0.000    
   16500   5.117      0.3112E-03 SHELL          1  -0.0%   506.8      0.2177E-04   0.000       506.8       0.000      0.1023       0.000    
   16600   5.148      0.3112E-03 SHELL          1  -0.0%   510.9      0.2124E-04   0.000       510.9       0.000      0.1023       0.000    
   16700   5.179      0.3112E-03 SHELL          1  -0.0%   515.0      0.2123E-04   0.000       515.0       0.000      0.1023       0.000    
     ANIMATION FILE: I02F_AA2024_G30_H2_R3A014 WRITTEN
   16800   5.210      0.3112E-03 SHELL          2  -0.0%   519.0      0.2075E-04   0.000       519.0       0.000      0.1023       0.000    
   16900   5.241      0.3112E-03 SHELL          1  -0.0%   523.0      0.2066E-04   0.000       523.0       0.000      0.1023       0.000    
   17000   5.272      0.3112E-03 SHELL          1  -0.0%   527.1      0.2065E-04   0.000       527.1       0.000      0.1023       0.000    
   17100   5.303      0.3112E-03 SHELL          4  -0.0%   531.0      0.2005E-04   0.000       531.0       0.000      0.1023       0.000    
   17200   5.334      0.3112E-03 SHELL          1  -0.0%   535.0      0.2006E-04   0.000       535.0       0.000      0.1023       0.000    
   17300   5.365      0.3113E-03 SHELL          1  -0.0%   538.9      0.1947E-04   0.000       538.9       0.000      0.1023       0.000    
   17400   5.397      0.3113E-03 SHELL          1  -0.0%   542.8      0.1943E-04   0.000       542.8       0.000      0.1023       0.000    
   17500   5.428      0.3113E-03 SHELL          1  -0.0%   546.7      0.1943E-04   0.000       546.7       0.000      0.1023       0.000    
   17600   5.459      0.3113E-03 SHELL          1  -0.0%   550.6      0.1880E-04   0.000       550.6       0.000      0.1023       0.000    
   17700   5.490      0.3113E-03 SHELL          1  -0.0%   554.4      0.1878E-04   0.000       554.4       0.000      0.1023       0.000    
   17800   5.521      0.3113E-03 SHELL          1  -0.0%   558.2      0.1827E-04   0.000       558.2       0.000      0.1023       0.000    
   17900   5.552      0.3113E-03 SHELL          1  -0.0%   562.0      0.1811E-04   0.000       562.0       0.000      0.1023       0.000    
   18000   5.583      0.3113E-03 SHELL          1  -0.0%   565.8      0.1810E-04   0.000       565.8       0.000      0.1023       0.000    
     ANIMATION FILE: I02F_AA2024_G30_H2_R3A015 WRITTEN
   18100   5.615      0.3113E-03 SHELL          1  -0.0%   569.5      0.1742E-04   0.000       569.5       0.000      0.1023       0.000    
   18200   5.646      0.3114E-03 SHELL          4  -0.0%   573.2      0.1741E-04   0.000       573.2       0.000      0.1023       0.000    
   18300   5.677      0.3114E-03 SHELL          1  -0.0%   576.9      0.1741E-04   0.000       576.9       0.000      0.1023       0.000    
   18400   5.708      0.3114E-03 SHELL          1  -0.0%   580.5      0.1671E-04   0.000       580.5       0.000      0.1023       0.000    
   18500   5.739      0.3114E-03 SHELL          1  -0.0%   584.1      0.1670E-04   0.000       584.1       0.000      0.1023       0.000    
   18600   5.770      0.3114E-03 SHELL          4  -0.0%   587.7      0.1608E-04   0.000       587.7       0.000      0.1023       0.000    
   18700   5.801      0.3114E-03 SHELL          4  -0.0%   591.3      0.1598E-04   0.000       591.3       0.000      0.1023       0.000    
 FAILURE (FTAB) OF SHELL ELEMENT          1 ,GAUSS PT 1 ,LAYER  1 ,INTEGRATION PT  1
 FAILURE (FTAB) OF SHELL ELEMENT          2 ,GAUSS PT 1 ,LAYER  1 ,INTEGRATION PT  1
 FAILURE (FTAB) OF SHELL ELEMENT          3 ,GAUSS PT 1 ,LAYER  1 ,INTEGRATION PT  1
 FAILURE (FTAB) OF SHELL ELEMENT          4 ,GAUSS PT 1 ,LAYER  1 ,INTEGRATION PT  1
 FAILURE (FTAB) OF SHELL ELEMENT          1 ,GAUSS PT 1 ,LAYER  1 ,INTEGRATION PT  2
 FAILURE (FTAB) OF SHELL ELEMENT          2 ,GAUSS PT 1 ,LAYER  1 ,INTEGRATION PT  2
 FAILURE (FTAB) OF SHELL ELEMENT          3 ,GAUSS PT 1 ,LAYER  1 ,INTEGRATION PT  2
 FAILURE (FTAB) OF SHELL ELEMENT          4 ,GAUSS PT 1 ,LAYER  1 ,INTEGRATION PT  2
 FAILURE (FTAB) OF SHELL ELEMENT          1 ,GAUSS PT 1 ,LAYER  1 ,INTEGRATION PT  3
 FAILURE (FTAB) OF SHELL ELEMENT          2 ,GAUSS PT 1 ,LAYER  1 ,INTEGRATION PT  3
 FAILURE (FTAB) OF SHELL ELEMENT          3 ,GAUSS PT 1 ,LAYER  1 ,INTEGRATION PT  3
 FAILURE (FTAB) OF SHELL ELEMENT          4 ,GAUSS PT 1 ,LAYER  1 ,INTEGRATION PT  3
 FAILURE (FTAB) OF SHELL ELEMENT          1 ,GAUSS PT 1 ,LAYER  1 ,INTEGRATION PT  4
 FAILURE (FTAB) OF SHELL ELEMENT          2 ,GAUSS PT 1 ,LAYER  1 ,INTEGRATION PT  4
 FAILURE (FTAB) OF SHELL ELEMENT          3 ,GAUSS PT 1 ,LAYER  1 ,INTEGRATION PT  4
 FAILURE (FTAB) OF SHELL ELEMENT          4 ,GAUSS PT 1 ,LAYER  1 ,INTEGRATION PT  4
 FAILURE (FTAB) OF SHELL ELEMENT          1 ,GAUSS PT 1 ,LAYER  1 ,INTEGRATION PT  5
 FAILURE (FTAB) OF SHELL ELEMENT          2 ,GAUSS PT 1 ,LAYER  1 ,INTEGRATION PT  5
 FAILURE (FTAB) OF SHELL ELEMENT          3 ,GAUSS PT 1 ,LAYER  1 ,INTEGRATION PT  5
 FAILURE (FTAB) OF SHELL ELEMENT          4 ,GAUSS PT 1 ,LAYER  1 ,INTEGRATION PT  5
 -- RUPTURE (TAB1) OF SHELL ELEMENT NUMBER          1
 -- RUPTURE (TAB1) OF SHELL ELEMENT NUMBER          2
 -- RUPTURE (TAB1) OF SHELL ELEMENT NUMBER          3
 -- RUPTURE (TAB1) OF SHELL ELEMENT NUMBER          4
   18800   5.837      0.1183E-02 SHELL          4  -0.0%   594.3      0.1597E-04   0.000       594.3       0.000      0.1023       0.000    
     ANIMATION FILE: I02F_AA2024_G30_H2_R3A016 WRITTEN
     ANIMATION FILE: I02F_AA2024_G30_H2_R3A017 WRITTEN
     ANIMATION FILE: I02F_AA2024_G30_H2_R3A018 WRITTEN
     ANIMATION FILE: I02F_AA2024_G30_H2_R3A019 WRITTEN
     ANIMATION FILE: I02F_AA2024_G30_H2_R3A020 WRITTEN

     RESTART FILES: I02F_AA2024_G30_H2_R3_0001_[0001-0001].rst WRITTEN
     -------------

  
                           ** CPU USER TIME **
  
  
                        ** SUMMARY **
  
 #PROC  ELEMENT   KINCOND   INTEG     IO        T0        ASM       RESOL    
   1   .3281E+00 .1250E+00 .6250E-01 .2969E+00 .1719E+00 .3125E-01 .1297E+01
  
 
                   ** CUMULATIVE CPU TIME SUMMARY **
  
 CONTACT SORTING.............: .0000E+00     0.00 % 
 CONTACT FORCES..............: .0000E+00     0.00 % 
 ELEMENT FORCES..............: .3281E+00    25.30 % 
 KINEMATIC COND..............: .1250E+00     9.64 % 
 INTEGRATION.................: .6250E-01     4.82 % 
 ASSEMBLING..................: .3125E-01     2.41 % 
 OTHERS (including I/O)......: .7500E+00    57.83 % 
 TOTAL.......................: .1297E+01   100.00 % 
  
  
                           ** ELAPSED TIME **
  
  
                        ** SUMMARY **
  
 #PROC  ELEMENT   KINCOND   INTEG     IO        T0        ASM       RESOL    
   1   .2681E+00 .8839E-01 .6446E-01 .3173E+00 .2085E+00 .3912E-01 .1308E+01
  
                   ** MEMORY USAGE STATISTICS **
  
 TOTAL MEMORY USED .........................:       48 MB
 MAXIMUM MEMORY PER PROCESSOR...............:       48 MB
 MINIMUM MEMORY PER PROCESSOR...............:       48 MB
 AVERAGE MEMORY PER PROCESSOR...............:       48 MB
  
                   ** DISK USAGE STATISTICS **
  
 TOTAL DISK SPACE USED .....................:          1 MB
 ANIMATION/H3D/TH/OUTP SIZE ................:          0 MB
 RESTART FILE SIZE .........................:          0 MB
  
                   ** COMPUTE TIME INFORMATION **
                        ** CURRENT ENGINE **
  
 EXECUTION STARTED .........................:      2026/09/14  14:10:07
 EXECUTION COMPLETED .......................:      2026/09/14  14:10:09
  
 ELAPSED TIME     =          1.34 s
                          0:00:01



     NORMAL TERMINATION      



     TOTAL NUMBER OF CYCLES  :   18855

  
                   ** COMPUTE RUNTIME INFORMATION SUMMARY **
  
        STARTER RUNTIME =          0.57s (00:00:00)
 # 001   ENGINE RUNTIME =          1.34s (00:00:01)
 ------------------------------ 
 STARTER+ENGINE RUNTIME =          1.91s (00:00:01)
  
