************************************************************************
**                                                                    **
**                                                                    **
**                         OpenRadioss Engine                         **
**                                                                    **
**            Non-linear Finite Element Analysis Software             **
**                                                                    **
**                                                                    **
**                                                                    **
**                  Windows 64 bits, Intel compiler                   **
**                      Double Precision Version                      **
**                                                                    **
**                                                                    **
**                                                                    **
************************************************************************
** OpenRadioss Software                                               **
** COPYRIGHT (C) 2026 Siemens                                         **
** Licensed under GNU Affero General Public License.                  **
** See License file.                                                  **
************************************************************************
 
 ROOT: I02F_AA2024_G30_H4_R1  RESTART: 0001
 NUMBER OF HMPP PROCESSES     1
 14/09/2026
 NC=       0 T= 0.0000E+00 DT= 6.1865E-04 ERR=  0.0% DM/M= 0.0000E+00
     ANIMATION FILE: I02F_AA2024_G30_H4_R1A001 WRITTEN
 NC=     100 T= 6.1865E-02 DT= 6.1865E-04 ERR= -0.0% DM/M= 0.0000E+00
 ELAPSED TIME=          0.07 s  REMAINING TIME=          8.90 s
 NC=     200 T= 1.2373E-01 DT= 6.1865E-04 ERR=  0.0% DM/M= 0.0000E+00
 ELAPSED TIME=          0.08 s  REMAINING TIME=          4.94 s
 NC=     300 T= 1.8560E-01 DT= 6.1865E-04 ERR=  0.0% DM/M= 0.0000E+00
 ELAPSED TIME=          0.09 s  REMAINING TIME=          3.61 s
 NC=     400 T= 2.4746E-01 DT= 6.1866E-04 ERR= -0.0% DM/M= 0.0000E+00
 ELAPSED TIME=          0.09 s  REMAINING TIME=          2.95 s
 NC=     500 T= 3.0933E-01 DT= 6.1866E-04 ERR= -0.0% DM/M= 0.0000E+00
 ELAPSED TIME=          0.10 s  REMAINING TIME=          2.54 s
 NC=     600 T= 3.7119E-01 DT= 6.1867E-04 ERR= -0.0% DM/M= 0.0000E+00
 ELAPSED TIME=          0.11 s  REMAINING TIME=          2.27 s
     ANIMATION FILE: I02F_AA2024_G30_H4_R1A002 WRITTEN
 NC=     700 T= 4.3306E-01 DT= 6.1868E-04 ERR= -0.0% DM/M= 0.0000E+00
 ELAPSED TIME=          0.12 s  REMAINING TIME=          2.10 s
 NC=     800 T= 4.9493E-01 DT= 6.1868E-04 ERR= -0.0% DM/M= 0.0000E+00
 ELAPSED TIME=          0.13 s  REMAINING TIME=          1.94 s
 NC=     900 T= 5.5680E-01 DT= 6.1869E-04 ERR= -0.0% DM/M= 0.0000E+00
 ELAPSED TIME=          0.14 s  REMAINING TIME=          1.82 s
 NC=    1000 T= 6.1867E-01 DT= 6.1870E-04 ERR= -0.0% DM/M= 0.0000E+00
 ELAPSED TIME=          0.14 s  REMAINING TIME=          1.73 s
 NC=    1100 T= 6.8054E-01 DT= 6.1871E-04 ERR= -0.0% DM/M= 0.0000E+00
 ELAPSED TIME=          0.15 s  REMAINING TIME=          1.64 s
 NC=    1200 T= 7.4241E-01 DT= 6.1873E-04 ERR= -0.0% DM/M= 0.0000E+00
 ELAPSED TIME=          0.16 s  REMAINING TIME=          1.57 s
     ANIMATION FILE: I02F_AA2024_G30_H4_R1A003 WRITTEN
 NC=    1300 T= 8.0428E-01 DT= 6.1874E-04 ERR= -0.0% DM/M= 0.0000E+00
 ELAPSED TIME=          0.17 s  REMAINING TIME=          1.52 s
 NC=    1400 T= 8.6616E-01 DT= 6.1875E-04 ERR= -0.0% DM/M= 0.0000E+00
 ELAPSED TIME=          0.18 s  REMAINING TIME=          1.47 s
 NC=    1500 T= 9.2803E-01 DT= 6.1877E-04 ERR= -0.0% DM/M= 0.0000E+00
 ELAPSED TIME=          0.19 s  REMAINING TIME=          1.42 s
 NC=    1600 T= 9.8991E-01 DT= 6.1878E-04 ERR= -0.0% DM/M= 0.0000E+00
 ELAPSED TIME=          0.19 s  REMAINING TIME=          1.38 s
 NC=    1700 T= 1.0518E+00 DT= 6.1880E-04 ERR= -0.0% DM/M= 0.0000E+00
 ELAPSED TIME=          0.20 s  REMAINING TIME=          1.34 s
 NC=    1800 T= 1.1137E+00 DT= 6.1881E-04 ERR= -0.0% DM/M= 0.0000E+00
 ELAPSED TIME=          0.21 s  REMAINING TIME=          1.31 s
 NC=    1900 T= 1.1756E+00 DT= 6.1883E-04 ERR= -0.0% DM/M= 0.0000E+00
 ELAPSED TIME=          0.22 s  REMAINING TIME=          1.27 s
     ANIMATION FILE: I02F_AA2024_G30_H4_R1A004 WRITTEN
 NC=    2000 T= 1.2374E+00 DT= 6.1885E-04 ERR= -0.0% DM/M= 0.0000E+00
 ELAPSED TIME=          0.23 s  REMAINING TIME=          1.25 s
 NC=    2100 T= 1.2993E+00 DT= 6.1887E-04 ERR= -0.0% DM/M= 0.0000E+00
 ELAPSED TIME=          0.24 s  REMAINING TIME=          1.22 s
 NC=    2200 T= 1.3612E+00 DT= 6.1889E-04 ERR= -0.0% DM/M= 0.0000E+00
 ELAPSED TIME=          0.24 s  REMAINING TIME=          1.19 s
 NC=    2300 T= 1.4231E+00 DT= 6.1891E-04 ERR= -0.0% DM/M= 0.0000E+00
 ELAPSED TIME=          0.25 s  REMAINING TIME=          1.17 s
 NC=    2400 T= 1.4850E+00 DT= 6.1893E-04 ERR= -0.0% DM/M= 0.0000E+00
 ELAPSED TIME=          0.26 s  REMAINING TIME=          1.15 s
 NC=    2500 T= 1.5469E+00 DT= 6.1895E-04 ERR= -0.0% DM/M= 0.0000E+00
 ELAPSED TIME=          0.27 s  REMAINING TIME=          1.12 s
     ANIMATION FILE: I02F_AA2024_G30_H4_R1A005 WRITTEN
 NC=    2600 T= 1.6088E+00 DT= 6.1897E-04 ERR= -0.0% DM/M= 0.0000E+00
 ELAPSED TIME=          0.28 s  REMAINING TIME=          1.11 s
 NC=    2700 T= 1.6707E+00 DT= 6.1900E-04 ERR= -0.0% DM/M= 0.0000E+00
 ELAPSED TIME=          0.29 s  REMAINING TIME=          1.09 s
 NC=    2800 T= 1.7326E+00 DT= 6.1902E-04 ERR= -0.0% DM/M= 0.0000E+00
 ELAPSED TIME=          0.29 s  REMAINING TIME=          1.07 s
 NC=    2900 T= 1.7945E+00 DT= 6.1905E-04 ERR= -0.0% DM/M= 0.0000E+00
 ELAPSED TIME=          0.30 s  REMAINING TIME=          1.05 s
 NC=    3000 T= 1.8564E+00 DT= 6.1907E-04 ERR= -0.0% DM/M= 0.0000E+00
 ELAPSED TIME=          0.31 s  REMAINING TIME=          1.03 s
 NC=    3100 T= 1.9183E+00 DT= 6.1910E-04 ERR= -0.0% DM/M= 0.0000E+00
 ELAPSED TIME=          0.32 s  REMAINING TIME=          1.01 s
 NC=    3200 T= 1.9802E+00 DT= 6.1912E-04 ERR= -0.0% DM/M= 0.0000E+00
 ELAPSED TIME=          0.33 s  REMAINING TIME=          1.00 s
     ANIMATION FILE: I02F_AA2024_G30_H4_R1A006 WRITTEN
 NC=    3300 T= 2.0421E+00 DT= 6.1915E-04 ERR= -0.0% DM/M= 0.0000E+00
 ELAPSED TIME=          0.34 s  REMAINING TIME=          0.98 s
 NC=    3400 T= 2.1040E+00 DT= 6.1917E-04 ERR= -0.0% DM/M= 0.0000E+00
 ELAPSED TIME=          0.35 s  REMAINING TIME=          0.97 s
 NC=    3500 T= 2.1660E+00 DT= 6.1920E-04 ERR= -0.0% DM/M= 0.0000E+00
 ELAPSED TIME=          0.36 s  REMAINING TIME=          0.96 s
 NC=    3600 T= 2.2279E+00 DT= 6.1920E-04 ERR= -0.0% DM/M= 0.0000E+00
 ELAPSED TIME=          0.36 s  REMAINING TIME=          0.94 s
 NC=    3700 T= 2.2898E+00 DT= 6.1920E-04 ERR= -0.0% DM/M= 0.0000E+00
 ELAPSED TIME=          0.37 s  REMAINING TIME=          0.93 s
 NC=    3800 T= 2.3517E+00 DT= 6.1920E-04 ERR= -0.0% DM/M= 0.0000E+00
 ELAPSED TIME=          0.38 s  REMAINING TIME=          0.91 s
     ANIMATION FILE: I02F_AA2024_G30_H4_R1A007 WRITTEN
 NC=    3900 T= 2.4136E+00 DT= 6.1920E-04 ERR= -0.0% DM/M= 0.0000E+00
 ELAPSED TIME=          0.39 s  REMAINING TIME=          0.90 s
 NC=    4000 T= 2.4756E+00 DT= 6.1920E-04 ERR= -0.0% DM/M= 0.0000E+00
 ELAPSED TIME=          0.40 s  REMAINING TIME=          0.89 s
 NC=    4100 T= 2.5375E+00 DT= 6.1920E-04 ERR= -0.0% DM/M= 0.0000E+00
 ELAPSED TIME=          0.41 s  REMAINING TIME=          0.88 s
 NC=    4200 T= 2.5994E+00 DT= 6.1920E-04 ERR= -0.0% DM/M= 0.0000E+00
 ELAPSED TIME=          0.42 s  REMAINING TIME=          0.86 s
 NC=    4300 T= 2.6613E+00 DT= 6.1920E-04 ERR= -0.0% DM/M= 0.0000E+00
 ELAPSED TIME=          0.42 s  REMAINING TIME=          0.85 s
 NC=    4400 T= 2.7232E+00 DT= 6.1920E-04 ERR= -0.0% DM/M= 0.0000E+00
 ELAPSED TIME=          0.43 s  REMAINING TIME=          0.84 s
 NC=    4500 T= 2.7852E+00 DT= 6.1920E-04 ERR= -0.0% DM/M= 0.0000E+00
 ELAPSED TIME=          0.44 s  REMAINING TIME=          0.82 s
     ANIMATION FILE: I02F_AA2024_G30_H4_R1A008 WRITTEN
 NC=    4600 T= 2.8471E+00 DT= 6.1920E-04 ERR= -0.0% DM/M= 0.0000E+00
 ELAPSED TIME=          0.45 s  REMAINING TIME=          0.81 s
 NC=    4700 T= 2.9090E+00 DT= 6.1920E-04 ERR= -0.0% DM/M= 0.0000E+00
 ELAPSED TIME=          0.46 s  REMAINING TIME=          0.80 s
 NC=    4800 T= 2.9709E+00 DT= 6.1920E-04 ERR= -0.0% DM/M= 0.0000E+00
 ELAPSED TIME=          0.47 s  REMAINING TIME=          0.79 s
 NC=    4900 T= 3.0328E+00 DT= 6.1920E-04 ERR= -0.0% DM/M= 0.0000E+00
 ELAPSED TIME=          0.47 s  REMAINING TIME=          0.78 s
 FAILURE (FTAB) OF SHELL ELEMENT         12 ,GAUSS PT 1 ,LAYER  1 ,INTEGRATION PT  1 AT TIME :  3.0787E+00
 FAILURE (FTAB) OF SHELL ELEMENT         12 ,GAUSS PT 1 ,LAYER  1 ,INTEGRATION PT  2 AT TIME :  3.0787E+00
 FAILURE (FTAB) OF SHELL ELEMENT         12 ,GAUSS PT 1 ,LAYER  1 ,INTEGRATION PT  3 AT TIME :  3.0787E+00
 FAILURE (FTAB) OF SHELL ELEMENT         12 ,GAUSS PT 1 ,LAYER  1 ,INTEGRATION PT  4 AT TIME :  3.0787E+00
 FAILURE (FTAB) OF SHELL ELEMENT         12 ,GAUSS PT 1 ,LAYER  1 ,INTEGRATION PT  5 AT TIME :  3.0787E+00
 -- RUPTURE (TAB1) OF SHELL ELEMENT :        12 AT TIME :  3.079    
 FAILURE (FTAB) OF SHELL ELEMENT         11 ,GAUSS PT 1 ,LAYER  1 ,INTEGRATION PT  1 AT TIME :  3.0793E+00
 FAILURE (FTAB) OF SHELL ELEMENT         11 ,GAUSS PT 1 ,LAYER  1 ,INTEGRATION PT  2 AT TIME :  3.0793E+00
 FAILURE (FTAB) OF SHELL ELEMENT         11 ,GAUSS PT 1 ,LAYER  1 ,INTEGRATION PT  3 AT TIME :  3.0793E+00
 FAILURE (FTAB) OF SHELL ELEMENT         11 ,GAUSS PT 1 ,LAYER  1 ,INTEGRATION PT  4 AT TIME :  3.0793E+00
 FAILURE (FTAB) OF SHELL ELEMENT         11 ,GAUSS PT 1 ,LAYER  1 ,INTEGRATION PT  5 AT TIME :  3.0793E+00
 -- RUPTURE (TAB1) OF SHELL ELEMENT :        11 AT TIME :  3.079    
 NC=    5000 T= 3.0947E+00 DT= 6.1833E-04 ERR=  0.3% DM/M= 0.0000E+00
 ELAPSED TIME=          0.48 s  REMAINING TIME=          0.77 s
 NC=    5100 T= 3.1564E+00 DT= 6.1631E-04 ERR= -0.1% DM/M= 0.0000E+00
 ELAPSED TIME=          0.49 s  REMAINING TIME=          0.75 s
     ANIMATION FILE: I02F_AA2024_G30_H4_R1A009 WRITTEN
 NC=    5200 T= 3.2182E+00 DT= 6.1854E-04 ERR= -0.2% DM/M= 0.0000E+00
 ELAPSED TIME=          0.50 s  REMAINING TIME=          0.74 s
 NC=    5300 T= 3.2799E+00 DT= 6.1814E-04 ERR= -0.3% DM/M= 0.0000E+00
 ELAPSED TIME=          0.51 s  REMAINING TIME=          0.73 s
 NC=    5400 T= 3.3417E+00 DT= 6.1751E-04 ERR= -0.3% DM/M= 0.0000E+00
 ELAPSED TIME=          0.52 s  REMAINING TIME=          0.72 s
 NC=    5500 T= 3.4035E+00 DT= 6.1855E-04 ERR= -0.2% DM/M= 0.0000E+00
 ELAPSED TIME=          0.52 s  REMAINING TIME=          0.71 s
 NC=    5600 T= 3.4652E+00 DT= 6.1695E-04 ERR= -0.3% DM/M= 0.0000E+00
 ELAPSED TIME=          0.53 s  REMAINING TIME=          0.70 s
 NC=    5700 T= 3.5270E+00 DT= 6.1827E-04 ERR= -0.3% DM/M= 0.0000E+00
 ELAPSED TIME=          0.54 s  REMAINING TIME=          0.69 s
 NC=    5800 T= 3.5888E+00 DT= 6.1854E-04 ERR= -0.3% DM/M= 0.0000E+00
 ELAPSED TIME=          0.55 s  REMAINING TIME=          0.68 s
     ANIMATION FILE: I02F_AA2024_G30_H4_R1A010 WRITTEN
 NC=    5900 T= 3.6506E+00 DT= 6.1756E-04 ERR= -0.3% DM/M= 0.0000E+00
 ELAPSED TIME=          0.56 s  REMAINING TIME=          0.67 s
 NC=    6000 T= 3.7124E+00 DT= 6.1857E-04 ERR= -0.3% DM/M= 0.0000E+00
 ELAPSED TIME=          0.57 s  REMAINING TIME=          0.65 s
 NC=    6100 T= 3.7742E+00 DT= 6.1749E-04 ERR= -0.4% DM/M= 0.0000E+00
 ELAPSED TIME=          0.57 s  REMAINING TIME=          0.64 s
 NC=    6200 T= 3.8360E+00 DT= 6.1796E-04 ERR= -0.4% DM/M= 0.0000E+00
 ELAPSED TIME=          0.58 s  REMAINING TIME=          0.63 s
 NC=    6300 T= 3.8978E+00 DT= 6.1857E-04 ERR= -0.4% DM/M= 0.0000E+00
 ELAPSED TIME=          0.59 s  REMAINING TIME=          0.62 s
 NC=    6400 T= 3.9596E+00 DT= 6.1761E-04 ERR= -0.4% DM/M= 0.0000E+00
 ELAPSED TIME=          0.60 s  REMAINING TIME=          0.61 s
     ANIMATION FILE: I02F_AA2024_G30_H4_R1A011 WRITTEN
 NC=    6500 T= 4.0214E+00 DT= 6.1834E-04 ERR= -0.4% DM/M= 0.0000E+00
 ELAPSED TIME=          0.61 s  REMAINING TIME=          0.60 s
 NC=    6600 T= 4.0832E+00 DT= 6.1790E-04 ERR= -0.4% DM/M= 0.0000E+00
 ELAPSED TIME=          0.62 s  REMAINING TIME=          0.59 s
 NC=    6700 T= 4.1450E+00 DT= 6.1811E-04 ERR= -0.4% DM/M= 0.0000E+00
 ELAPSED TIME=          0.63 s  REMAINING TIME=          0.58 s
 NC=    6800 T= 4.2068E+00 DT= 6.1855E-04 ERR= -0.4% DM/M= 0.0000E+00
 ELAPSED TIME=          0.63 s  REMAINING TIME=          0.57 s
 NC=    6900 T= 4.2686E+00 DT= 6.1770E-04 ERR= -0.4% DM/M= 0.0000E+00
 ELAPSED TIME=          0.64 s  REMAINING TIME=          0.56 s
 NC=    7000 T= 4.3304E+00 DT= 6.1823E-04 ERR= -0.4% DM/M= 0.0000E+00
 ELAPSED TIME=          0.65 s  REMAINING TIME=          0.55 s
 NC=    7100 T= 4.3922E+00 DT= 6.1822E-04 ERR= -0.4% DM/M= 0.0000E+00
 ELAPSED TIME=          0.66 s  REMAINING TIME=          0.54 s
     ANIMATION FILE: I02F_AA2024_G30_H4_R1A012 WRITTEN
 NC=    7200 T= 4.4541E+00 DT= 6.1823E-04 ERR= -0.4% DM/M= 0.0000E+00
 ELAPSED TIME=          0.67 s  REMAINING TIME=          0.53 s
 NC=    7300 T= 4.5159E+00 DT= 6.1839E-04 ERR= -0.4% DM/M= 0.0000E+00
 ELAPSED TIME=          0.67 s  REMAINING TIME=          0.52 s
 NC=    7400 T= 4.5777E+00 DT= 6.1784E-04 ERR= -0.4% DM/M= 0.0000E+00
 ELAPSED TIME=          0.68 s  REMAINING TIME=          0.51 s
 NC=    7500 T= 4.6395E+00 DT= 6.1829E-04 ERR= -0.4% DM/M= 0.0000E+00
 ELAPSED TIME=          0.69 s  REMAINING TIME=          0.50 s
 NC=    7600 T= 4.7014E+00 DT= 6.1841E-04 ERR= -0.4% DM/M= 0.0000E+00
 ELAPSED TIME=          0.70 s  REMAINING TIME=          0.49 s
 NC=    7700 T= 4.7632E+00 DT= 6.1816E-04 ERR= -0.4% DM/M= 0.0000E+00
 ELAPSED TIME=          0.71 s  REMAINING TIME=          0.48 s
     ANIMATION FILE: I02F_AA2024_G30_H4_R1A013 WRITTEN
 NC=    7800 T= 4.8250E+00 DT= 6.1838E-04 ERR= -0.4% DM/M= 0.0000E+00
 ELAPSED TIME=          0.72 s  REMAINING TIME=          0.47 s
 NC=    7900 T= 4.8868E+00 DT= 6.1802E-04 ERR= -0.4% DM/M= 0.0000E+00
 ELAPSED TIME=          0.72 s  REMAINING TIME=          0.46 s
 NC=    8000 T= 4.9487E+00 DT= 6.1828E-04 ERR= -0.4% DM/M= 0.0000E+00
 ELAPSED TIME=          0.73 s  REMAINING TIME=          0.45 s
 NC=    8100 T= 5.0105E+00 DT= 6.1843E-04 ERR= -0.4% DM/M= 0.0000E+00
 ELAPSED TIME=          0.74 s  REMAINING TIME=          0.44 s
 NC=    8200 T= 5.0723E+00 DT= 6.1814E-04 ERR= -0.4% DM/M= 0.0000E+00
 ELAPSED TIME=          0.75 s  REMAINING TIME=          0.43 s
 NC=    8300 T= 5.1342E+00 DT= 6.1837E-04 ERR= -0.4% DM/M= 0.0000E+00
 ELAPSED TIME=          0.76 s  REMAINING TIME=          0.42 s
 NC=    8400 T= 5.1960E+00 DT= 6.1818E-04 ERR= -0.4% DM/M= 0.0000E+00
 ELAPSED TIME=          0.77 s  REMAINING TIME=          0.41 s
     ANIMATION FILE: I02F_AA2024_G30_H4_R1A014 WRITTEN
 NC=    8500 T= 5.2578E+00 DT= 6.1837E-04 ERR= -0.4% DM/M= 0.0000E+00
 ELAPSED TIME=          0.77 s  REMAINING TIME=          0.40 s
 NC=    8600 T= 5.3197E+00 DT= 6.1845E-04 ERR= -0.4% DM/M= 0.0000E+00
 ELAPSED TIME=          0.78 s  REMAINING TIME=          0.39 s
 NC=    8700 T= 5.3815E+00 DT= 6.1817E-04 ERR= -0.4% DM/M= 0.0000E+00
 ELAPSED TIME=          0.79 s  REMAINING TIME=          0.38 s
 NC=    8800 T= 5.4433E+00 DT= 6.1831E-04 ERR= -0.4% DM/M= 0.0000E+00
 ELAPSED TIME=          0.80 s  REMAINING TIME=          0.38 s
 NC=    8900 T= 5.5052E+00 DT= 6.1831E-04 ERR= -0.4% DM/M= 0.0000E+00
 ELAPSED TIME=          0.81 s  REMAINING TIME=          0.37 s
 NC=    9000 T= 5.5670E+00 DT= 6.1835E-04 ERR= -0.4% DM/M= 0.0000E+00
 ELAPSED TIME=          0.82 s  REMAINING TIME=          0.36 s
     ANIMATION FILE: I02F_AA2024_G30_H4_R1A015 WRITTEN
 NC=    9100 T= 5.6289E+00 DT= 6.1839E-04 ERR= -0.4% DM/M= 0.0000E+00
 ELAPSED TIME=          0.82 s  REMAINING TIME=          0.35 s
 NC=    9200 T= 5.6907E+00 DT= 6.1822E-04 ERR= -0.4% DM/M= 0.0000E+00
 ELAPSED TIME=          0.83 s  REMAINING TIME=          0.34 s
 NC=    9300 T= 5.7525E+00 DT= 6.1841E-04 ERR= -0.4% DM/M= 0.0000E+00
 ELAPSED TIME=          0.84 s  REMAINING TIME=          0.33 s
 NC=    9400 T= 5.8144E+00 DT= 6.1839E-04 ERR= -0.4% DM/M= 0.0000E+00
 ELAPSED TIME=          0.85 s  REMAINING TIME=          0.32 s
 NC=    9500 T= 5.8762E+00 DT= 6.1834E-04 ERR= -0.4% DM/M= 0.0000E+00
 ELAPSED TIME=          0.86 s  REMAINING TIME=          0.31 s
 NC=    9600 T= 5.9380E+00 DT= 6.1835E-04 ERR= -0.4% DM/M= 0.0000E+00
 ELAPSED TIME=          0.87 s  REMAINING TIME=          0.30 s
 NC=    9700 T= 5.9999E+00 DT= 6.1828E-04 ERR= -0.4% DM/M= 0.0000E+00
 ELAPSED TIME=          0.87 s  REMAINING TIME=          0.29 s
     ANIMATION FILE: I02F_AA2024_G30_H4_R1A016 WRITTEN
 NC=    9800 T= 6.0617E+00 DT= 6.1840E-04 ERR= -0.4% DM/M= 0.0000E+00
 ELAPSED TIME=          0.88 s  REMAINING TIME=          0.28 s
 NC=    9900 T= 6.1236E+00 DT= 6.1839E-04 ERR= -0.4% DM/M= 0.0000E+00
 ELAPSED TIME=          0.89 s  REMAINING TIME=          0.27 s
 NC=   10000 T= 6.1854E+00 DT= 6.1835E-04 ERR= -0.4% DM/M= 0.0000E+00
 ELAPSED TIME=          0.90 s  REMAINING TIME=          0.26 s
 NC=   10100 T= 6.2472E+00 DT= 6.1844E-04 ERR= -0.4% DM/M= 0.0000E+00
 ELAPSED TIME=          0.91 s  REMAINING TIME=          0.25 s
 NC=   10200 T= 6.3091E+00 DT= 6.1833E-04 ERR= -0.4% DM/M= 0.0000E+00
 ELAPSED TIME=          0.92 s  REMAINING TIME=          0.25 s
 NC=   10300 T= 6.3709E+00 DT= 6.1838E-04 ERR= -0.4% DM/M= 0.0000E+00
 ELAPSED TIME=          0.92 s  REMAINING TIME=          0.24 s
     ANIMATION FILE: I02F_AA2024_G30_H4_R1A017 WRITTEN
 NC=   10400 T= 6.4328E+00 DT= 6.1838E-04 ERR= -0.4% DM/M= 0.0000E+00
 ELAPSED TIME=          0.93 s  REMAINING TIME=          0.23 s
 NC=   10500 T= 6.4946E+00 DT= 6.1837E-04 ERR= -0.4% DM/M= 0.0000E+00
 ELAPSED TIME=          0.94 s  REMAINING TIME=          0.22 s
 NC=   10600 T= 6.5565E+00 DT= 6.1845E-04 ERR= -0.4% DM/M= 0.0000E+00
 ELAPSED TIME=          0.95 s  REMAINING TIME=          0.21 s
 NC=   10700 T= 6.6183E+00 DT= 6.1837E-04 ERR= -0.4% DM/M= 0.0000E+00
 ELAPSED TIME=          0.96 s  REMAINING TIME=          0.20 s
 NC=   10800 T= 6.6801E+00 DT= 6.1839E-04 ERR= -0.4% DM/M= 0.0000E+00
 ELAPSED TIME=          0.97 s  REMAINING TIME=          0.19 s
 NC=   10900 T= 6.7420E+00 DT= 6.1846E-04 ERR= -0.4% DM/M= 0.0000E+00
 ELAPSED TIME=          0.97 s  REMAINING TIME=          0.18 s
     ANIMATION FILE: I02F_AA2024_G30_H4_R1A018 WRITTEN
 NC=   11000 T= 6.8038E+00 DT= 6.1838E-04 ERR= -0.4% DM/M= 0.0000E+00
 ELAPSED TIME=          0.98 s  REMAINING TIME=          0.17 s
 NC=   11100 T= 6.8657E+00 DT= 6.1840E-04 ERR= -0.4% DM/M= 0.0000E+00
 ELAPSED TIME=          0.99 s  REMAINING TIME=          0.16 s
 NC=   11200 T= 6.9275E+00 DT= 6.1841E-04 ERR= -0.4% DM/M= 0.0000E+00
 ELAPSED TIME=          1.00 s  REMAINING TIME=          0.15 s
 NC=   11300 T= 6.9894E+00 DT= 6.1841E-04 ERR= -0.4% DM/M= 0.0000E+00
 ELAPSED TIME=          1.01 s  REMAINING TIME=          0.15 s
 NC=   11400 T= 7.0512E+00 DT= 6.1844E-04 ERR= -0.4% DM/M= 0.0000E+00
 ELAPSED TIME=          1.02 s  REMAINING TIME=          0.14 s
 NC=   11500 T= 7.1130E+00 DT= 6.1839E-04 ERR= -0.4% DM/M= 0.0000E+00
 ELAPSED TIME=          1.02 s  REMAINING TIME=          0.13 s
 NC=   11600 T= 7.1749E+00 DT= 6.1841E-04 ERR= -0.4% DM/M= 0.0000E+00
 ELAPSED TIME=          1.03 s  REMAINING TIME=          0.12 s
     ANIMATION FILE: I02F_AA2024_G30_H4_R1A019 WRITTEN
 NC=   11700 T= 7.2367E+00 DT= 6.1845E-04 ERR= -0.4% DM/M= 0.0000E+00
 ELAPSED TIME=          1.04 s  REMAINING TIME=          0.11 s
 NC=   11800 T= 7.2986E+00 DT= 6.1843E-04 ERR= -0.4% DM/M= 0.0000E+00
 ELAPSED TIME=          1.05 s  REMAINING TIME=          0.10 s
 NC=   11900 T= 7.3604E+00 DT= 6.1840E-04 ERR= -0.4% DM/M= 0.0000E+00
 ELAPSED TIME=          1.06 s  REMAINING TIME=          0.09 s
 NC=   12000 T= 7.4222E+00 DT= 6.1841E-04 ERR= -0.4% DM/M= 0.0000E+00
 ELAPSED TIME=          1.07 s  REMAINING TIME=          0.08 s
 NC=   12100 T= 7.4841E+00 DT= 6.1842E-04 ERR= -0.4% DM/M= 0.0000E+00
 ELAPSED TIME=          1.07 s  REMAINING TIME=          0.07 s
 NC=   12200 T= 7.5459E+00 DT= 6.1842E-04 ERR= -0.4% DM/M= 0.0000E+00
 ELAPSED TIME=          1.08 s  REMAINING TIME=          0.07 s
     ANIMATION FILE: I02F_AA2024_G30_H4_R1A020 WRITTEN
 NC=   12300 T= 7.6078E+00 DT= 6.1840E-04 ERR= -0.4% DM/M= 0.0000E+00
 ELAPSED TIME=          1.09 s  REMAINING TIME=          0.06 s
 NC=   12400 T= 7.6696E+00 DT= 6.1845E-04 ERR= -0.4% DM/M= 0.0000E+00
 ELAPSED TIME=          1.10 s  REMAINING TIME=          0.05 s
 NC=   12500 T= 7.7315E+00 DT= 6.1842E-04 ERR= -0.4% DM/M= 0.0000E+00
 ELAPSED TIME=          1.11 s  REMAINING TIME=          0.04 s
 NC=   12600 T= 7.7933E+00 DT= 6.1842E-04 ERR= -0.4% DM/M= 0.0000E+00
 ELAPSED TIME=          1.12 s  REMAINING TIME=          0.03 s
 NC=   12700 T= 7.8552E+00 DT= 6.1841E-04 ERR= -0.4% DM/M= 0.0000E+00
 ELAPSED TIME=          1.12 s  REMAINING TIME=          0.02 s
 NC=   12800 T= 7.9170E+00 DT= 6.1845E-04 ERR= -0.4% DM/M= 0.0000E+00
 ELAPSED TIME=          1.13 s  REMAINING TIME=          0.01 s
 NC=   12900 T= 7.9788E+00 DT= 6.1846E-04 ERR= -0.4% DM/M= 0.0000E+00
 ELAPSED TIME=          1.14 s  REMAINING TIME=          0.00 s
     RESTART FILES: I02F_AA2024_G30_H4_R1_0001_[0001-0001].rst WRITTEN
     ANIMATION FILE: I02F_AA2024_G30_H4_R1A021 WRITTEN
  
                           ** CPU USER TIME **
  
  
                        ** SUMMARY **
  
 #PROC  ELEMENT   KINCOND   INTEG     IO        T0        ASM       RESOL    
   1   .2969E+00 .1094E+00 .3125E-01 .2188E+00 .1875E+00 .1562E-01 .1078E+01
 
                   ** CUMULATIVE CPU TIME SUMMARY **
  
 CONTACT SORTING.............: .0000E+00     0.00 % 
 CONTACT FORCES..............: .0000E+00     0.00 % 
 ELEMENT FORCES..............: .2969E+00    27.54 % 
 KINEMATIC COND..............: .1094E+00    10.14 % 
 INTEGRATION.................: .3125E-01     2.90 % 
 ASSEMBLING..................: .1562E-01     1.45 % 
 OTHERS (including I/O)......: .6250E+00    57.97 % 
 TOTAL.......................: .1078E+01   100.00 % 
  
                   ** MEMORY USAGE STATISTICS **
  
 TOTAL MEMORY USED .........................:       48 MB
 MAXIMUM MEMORY PER PROCESSOR...............:       48 MB
 MINIMUM MEMORY PER PROCESSOR...............:       48 MB
 AVERAGE MEMORY PER PROCESSOR...............:       48 MB
  
                   ** DISK USAGE STATISTICS **
  
 TOTAL DISK SPACE USED .....................:          1 MB
 ANIMATION/H3D/TH/OUTP SIZE ................:          1 MB
 RESTART FILE SIZE .........................:          0 MB
  
 ELAPSED TIME     =          1.15 s
                          0:00:01
  
     NORMAL TERMINATION      
     TOTAL NUMBER OF CYCLES  :   12936
