 A22_ROTATION_Y_N4_0001.out
************************************************************************
**                                                                    **
**                                                                    **
**                         OpenRadioss Engine                         **
**                                                                    **
**            Non-linear Finite Element Analysis Software             **
**                                                                    **
**                                                                    **
**                                                                    **
**                  Windows 64 bits, Intel compiler                   **
**                      Double Precision Version                      **
**                                                                    **
**                                                                    **
**                                                                    **
************************************************************************
** OpenRadioss Software                                               **
** COPYRIGHT (C) 2026 Siemens                                         **
** Licensed under GNU Affero General Public License.                  **
** See License file.                                                  **
************************************************************************
 
 NUMBER OF SPMD DOMAINS           1
 NUMBER OF THREADS PER DOMAIN     1
 NUMBER OF HMPP PROCESSES         1
  
 COMPUTATION HARDWARE DESCRIPTION
  
 HOSTNAME     CPU TYPE, FREQUENCY AND MEMORY
 jeux   AMD Ryzen 5 5600 6-Core Processor               (x86_64), 3700 MHz,   7126 MB RAM,  19241 MB swap
  
 STACKSIZE  . . . . . . . . . . . . . . . . . . . . 1430 MB
 THREAD STACKSIZE . . . . . . . . . . . . . . . . . 400 MB
 
************************************************************************


 A22_ROTATION_Y_N4D01                                                            


 FINAL TIME . . . . . . . . . . . . . . . . . . .   1.000000    

 TIME INTERVAL FOR TIME HISTORY PLOTS . . . . . .  0.1000000E-02

 TIME STEP SCALE FACTOR . . . . . . . . . . . . .  0.4000000    

 MINIMUM TIME STEP  . . . . . . . . . . . . . . .   0.000000    


 BRICK TIME STEP SCALE FACTOR . . . . . . . . . .  0.4000000    
 BRICK MINIMUM TIME STEP. . . . . . . . . . . . .   0.000000    
 MIN. TIME STEP FLAG (1:STOP RUN, 2:DELETE BRICK)     1

 QUAD TIME STEP SCALE FACTOR. . . . . . . . . . .  0.4000000    
 QUAD MINIMUM TIME STEP . . . . . . . . . . . . .   0.000000    
 MIN. TIME STEP FLAG (1:STOP RUN, 2:DELETE QUAD).     1

 SHELL TIME STEP SCALE FACTOR . . . . . . . . . .  0.4000000    
 SHELL MINIMUM TIME STEP. . . . . . . . . . . . .   0.000000    
 MIN. TIME FLAG (1:STOP, 2:DELETE, 3:SMALL STRAIN)    2

 TRUSS TIME STEP SCALE FACTOR . . . . . . . . . .  0.4000000    
 TRUSS MINIMUM TIME STEP. . . . . . . . . . . . .   0.000000    
 MIN. TIME FLAG (1:STOP, 2:DELETE). . . . . . . .     0

 BEAM TIME STEP SCALE FACTOR. . . . . . . . . . .  0.4000000    
 BEAM MINIMUM TIME STEP . . . . . . . . . . . . .   0.000000    
 MIN. TIME FLAG (1:STOP, 2:DELETE). . . . . . . .     0

 SPRING TIME STEP SCALE FACTOR. . . . . . . . . .  0.4000000    
 SPRING MINIMUM TIME STEP . . . . . . . . . . . .   0.000000    
 MIN. TIME FLAG (1:STOP, 2:DELETE). . . . . . . .     0

 AIRBAG TIME STEP SCALE FACTOR. . . . . . . . . .  0.4000000    
 AIRBAG MINIMUM TIME STEP . . . . . . . . . . . .   0.000000    
 MIN. TIME FLAG (1:STOP). . . . . . . . . . . . .     0

 CONTACT TIME STEP SCALE FACTOR . . . . . . . . .  0.4000000    
 CONTACT MINIMUM TIME STEP. . . . . . . . . . . .   0.000000    
 MIN. TIME FLAG(1:STOP, 2:REMOVE NODE FROM INTERF)    0

 PRINTOUT CYCLE FREQUENCY . . . . . . . . . . . .  -100

 RESTART CYCLE FREQUENCY. . . . . . . . . . . . .   10000000

 MAXIMUM RESTART WRITE BEFORE OVERWRITE . . . . .     0

 INVERS: INPUT DECK VERSION . . . . . . . . . . .  2026
 ITTYP : FLAG FOR TYPE OF T-FILE. . . . . . . . .     4

 INITIAL TIME STEP. . . . . . . . . . . . . . . .  0.2500000E-04
 MAXIMUM TIME STEP. . . . . . . . . . . . . . . .  0.2500000E-04

 PARALLEL ARITHMETIC ON
 NUMBER OF INTERFACES TO BE ELIMINATED. . . . . .        0

 NUMBER OF PARTS TO BE ELIMINATED . . . . . . . .        0

 NUMBER OF SOLID  ELEMENT BLOCKS TO BE ELIMINATED        0

 NUMBER OF QUAD   ELEMENT BLOCKS TO BE ELIMINATED        0

 NUMBER OF SHELL  ELEMENT BLOCKS TO BE ELIMINATED        0

 NUMBER OF TRUSS  ELEMENT BLOCKS TO BE ELIMINATED        0

 NUMBER OF BEAM   ELEMENT BLOCKS TO BE ELIMINATED        0

 NUMBER OF SPRING ELEMENT BLOCKS TO BE ELIMINATED        0

 NUMBER OF SH_3N  ELEMENT BLOCKS TO BE ELIMINATED        0

 NUMBER OF  SPH PARTICLES BLOCKS TO BE ELIMINATED        0

 NUMBER OF RIGID LINKS. . . . . . . . . . . . . .        0

 NUMBER OF NEW BOUNDARY CONDITIONS. . . . . . . .        0


 TIME FOR FIRST ANIMATION-FILE PLOT . . . . . . .   0.000000    
 TIME INTERVAL FOR ANIMATION-FILE PLOTS . . . . .  0.1000000    
 TIME TO STOP ANIMATION-FILE PLOTS. . . . . . . .  0.1000000E+21
 SENSOR FOR ANIMATION-FILE PLOTS. . . . . . . . .          0
 TIME INTERVAL FOR SENSOR ANIMATION-FILE PLOTS. .   0.000000    

 VARIABLE SAVED ON ANIMATION FILES (1: YES) :
      PLASTIC STRAIN. . . . . .     0
      DENSITY     (SOLID ONLY).     0
      SPECIFIC ENERGY . . . . .     0
      HOURGLASS ENERGY. . . . .     0
      TEMPERATURE (SOLID ONLY).     0
      THICKNESS   (SHELL ONLY).     0
      PRESSURE    (SOLID ONLY).     0
      VON MISES . . . . . . . .     0
      TURBULENT ENERGY (FLUID).     0
      TURBULENT VISCOSITY(FLUID)    0
      VORTICITY (FLUID) . . . .     0
 NODAL VALUES SAVED ON ANIMATION FILES (1: YES) :
      PRESSURE. . . . . . . . .     0
      DENSITY . . . . . . . . .     0
      TEMPERATURE . . . . . . .     0
 VECTOR SAVED ON ANIMATION FILES (1: YES) :
      VELOCITY VECTOR . . . . .     1
      DISPLACEMENT VECTOR . . .     1
      ACCELERATION VECTOR . . .     0
      CONTACT FORCES. . . . . .     0
      INTERNAL FORCES . . . . .     0
      EXTERNAL FORCES . . . . .     0
      SECTION RBY RWALL FORCES.     0
      ROTATIONAL VELOCITY VECTOR    0
      CONTACT PRESSURE (VECTORS)    0
 SHELL TENSOR SAVED ON ANIMATION FILES (1: YES) :
      MEMBRANE STRESS . . . . .     0
      BENDING STRESS(MOMENT/T^2)    0
      UPPER LAYER STRESS. . . .     0
      LOWER LAYER STRESS. . . .     0
      MEMBRANE STRAIN . . . . .     0
      CURVATURE . . . . . . . .     0
      UPPER LAYER STRAIN. . . .     0
      LOWER LAYER STRAIN. . . .     0
 NODAL MASS SAVED ON ANIMATION FILES (1: YES) :    1
 KEEP DELETED ELEMENT (1: YES) :    0


 10/10/2026
   CYCLE    TIME      TIME-STEP  ELEMENT          ERROR  I-ENERGY    K-ENERGY T  K-ENERGY R  EXT-WORK     MAS.ERR     TOTAL MASS  MASS ADDED
       0   0.000      0.2500E-04 BEAM          18   0.0%   0.000       0.000       0.000       0.000       0.000      0.1392E-01   0.000    
     ANIMATION FILE: A22_ROTATION_Y_N4A001 WRITTEN
     100  0.2500E-02  0.2500E-04 BEAM          18  -0.0%  0.1545E-19  0.5736E-06  0.6850E-06  0.1259E-05   0.000      0.1392E-01   0.000    
     200  0.5000E-02  0.2500E-04 BEAM          18  -0.0%  0.9821E-18  0.2283E-05  0.2726E-05  0.5010E-05   0.000      0.1392E-01   0.000    
     300  0.7500E-02  0.2500E-04 BEAM          18  -0.0%  0.1110E-16  0.5111E-05  0.6104E-05  0.1122E-04   0.000      0.1392E-01   0.000    
     400  0.1000E-01  0.2500E-04 BEAM          18  -0.0%  0.6192E-16  0.9041E-05  0.1080E-04  0.1984E-04   0.000      0.1392E-01   0.000    
     500  0.1250E-01  0.2500E-04 BEAM          18  -0.0%  0.2344E-15  0.1405E-04  0.1678E-04  0.3084E-04   0.000      0.1392E-01   0.000    
     600  0.1500E-01  0.2500E-04 BEAM          18  -0.0%  0.6948E-15  0.2014E-04  0.2405E-04  0.4418E-04   0.000      0.1392E-01   0.000    
     700  0.1750E-01  0.2500E-04 BEAM          18  -0.0%  0.1739E-14  0.2727E-04  0.3256E-04  0.5983E-04   0.000      0.1392E-01   0.000    
     800  0.2000E-01  0.2500E-04 BEAM          18  -0.0%  0.3845E-14  0.3544E-04  0.4232E-04  0.7775E-04   0.000      0.1392E-01   0.000    
     900  0.2250E-01  0.2500E-04 BEAM          18  -0.0%  0.7735E-14  0.4462E-04  0.5328E-04  0.9790E-04   0.000      0.1392E-01   0.000    
    1000  0.2500E-01  0.2500E-04 BEAM          18  -0.0%  0.1445E-13  0.5480E-04  0.6545E-04  0.1203E-03   0.000      0.1392E-01   0.000    
    1100  0.2750E-01  0.2500E-04 BEAM          18  -0.0%  0.2540E-13  0.6597E-04  0.7879E-04  0.1448E-03   0.000      0.1392E-01   0.000    
    1200  0.3000E-01  0.2500E-04 BEAM          18  -0.0%  0.4248E-13  0.7811E-04  0.9328E-04  0.1714E-03   0.000      0.1392E-01   0.000    
    1300  0.3250E-01  0.2500E-04 BEAM          18  -0.0%  0.6814E-13  0.9120E-04  0.1089E-03  0.2001E-03   0.000      0.1392E-01   0.000    
    1400  0.3500E-01  0.2500E-04 BEAM          18  -0.0%  0.1055E-12  0.1052E-03  0.1257E-03  0.2309E-03   0.000      0.1392E-01   0.000    
    1500  0.3750E-01  0.2500E-04 BEAM          18  -0.0%  0.1584E-12  0.1202E-03  0.1435E-03  0.2637E-03   0.000      0.1392E-01   0.000    
    1600  0.4000E-01  0.2500E-04 BEAM          18  -0.0%  0.2314E-12  0.1360E-03  0.1624E-03  0.2984E-03   0.000      0.1392E-01   0.000    
    1700  0.4250E-01  0.2500E-04 BEAM          18  -0.0%  0.3304E-12  0.1528E-03  0.1824E-03  0.3352E-03   0.000      0.1392E-01   0.000    
    1800  0.4500E-01  0.2500E-04 BEAM          18  -0.0%  0.4620E-12  0.1704E-03  0.2034E-03  0.3738E-03   0.000      0.1392E-01   0.000    
    1900  0.4750E-01  0.2500E-04 BEAM          18  -0.0%  0.6341E-12  0.1888E-03  0.2255E-03  0.4143E-03   0.000      0.1392E-01   0.000    
    2000  0.5000E-01  0.2500E-04 BEAM          18  -0.0%  0.8560E-12  0.2081E-03  0.2485E-03  0.4567E-03   0.000      0.1392E-01   0.000    
    2100  0.5250E-01  0.2500E-04 BEAM          18  -0.0%  0.1138E-11  0.2282E-03  0.2726E-03  0.5008E-03   0.000      0.1392E-01   0.000    
    2200  0.5500E-01  0.2500E-04 BEAM          18  -0.0%  0.1493E-11  0.2492E-03  0.2976E-03  0.5468E-03   0.000      0.1392E-01   0.000    
    2300  0.5750E-01  0.2500E-04 BEAM          18  -0.0%  0.1934E-11  0.2709E-03  0.3235E-03  0.5944E-03   0.000      0.1392E-01   0.000    
    2400  0.6000E-01  0.2500E-04 BEAM          18  -0.0%  0.2477E-11  0.2934E-03  0.3504E-03  0.6438E-03   0.000      0.1392E-01   0.000    
    2500  0.6250E-01  0.2500E-04 BEAM          18  -0.0%  0.3140E-11  0.3167E-03  0.3782E-03  0.6949E-03   0.000      0.1392E-01   0.000    
    2600  0.6500E-01  0.2500E-04 BEAM          18  -0.0%  0.3942E-11  0.3407E-03  0.4069E-03  0.7476E-03   0.000      0.1392E-01   0.000    
    2700  0.6750E-01  0.2500E-04 BEAM          18  -0.0%  0.4905E-11  0.3655E-03  0.4364E-03  0.8019E-03   0.000      0.1392E-01   0.000    
    2800  0.7000E-01  0.2500E-04 BEAM          18  -0.0%  0.6054E-11  0.3909E-03  0.4668E-03  0.8578E-03   0.000      0.1392E-01   0.000    
    2900  0.7250E-01  0.2500E-04 BEAM          18  -0.0%  0.7414E-11  0.4171E-03  0.4981E-03  0.9152E-03   0.000      0.1392E-01   0.000    
    3000  0.7500E-01  0.2500E-04 BEAM          18  -0.0%  0.9015E-11  0.4439E-03  0.5302E-03  0.9741E-03   0.000      0.1392E-01   0.000    
    3100  0.7750E-01  0.2500E-04 BEAM          18  -0.0%  0.1089E-10  0.4715E-03  0.5630E-03  0.1035E-02   0.000      0.1392E-01   0.000    
    3200  0.8000E-01  0.2500E-04 BEAM          18  -0.0%  0.1307E-10  0.4997E-03  0.5967E-03  0.1096E-02   0.000      0.1392E-01   0.000    
    3300  0.8250E-01  0.2500E-04 BEAM          18  -0.0%  0.1559E-10  0.5285E-03  0.6311E-03  0.1160E-02   0.000      0.1392E-01   0.000    
    3400  0.8500E-01  0.2500E-04 BEAM          18  -0.0%  0.1851E-10  0.5580E-03  0.6663E-03  0.1224E-02   0.000      0.1392E-01   0.000    
    3500  0.8750E-01  0.2500E-04 BEAM          18  -0.0%  0.2185E-10  0.5880E-03  0.7022E-03  0.1290E-02   0.000      0.1392E-01   0.000    
    3600  0.9000E-01  0.2500E-04 BEAM          18  -0.0%  0.2566E-10  0.6187E-03  0.7389E-03  0.1358E-02   0.000      0.1392E-01   0.000    
    3700  0.9250E-01  0.2500E-04 BEAM          18  -0.0%  0.3001E-10  0.6500E-03  0.7762E-03  0.1426E-02   0.000      0.1392E-01   0.000    
    3800  0.9500E-01  0.2500E-04 BEAM          18  -0.0%  0.3493E-10  0.6818E-03  0.8142E-03  0.1496E-02   0.000      0.1392E-01   0.000    
    3900  0.9750E-01  0.2500E-04 BEAM          18  -0.0%  0.4050E-10  0.7142E-03  0.8529E-03  0.1567E-02   0.000      0.1392E-01   0.000    
    4000  0.1000      0.2500E-04 BEAM          18  -0.0%  0.4676E-10  0.7472E-03  0.8923E-03  0.1639E-02   0.000      0.1392E-01   0.000    
     ANIMATION FILE: A22_ROTATION_Y_N4A002 WRITTEN
    4100  0.1025      0.2500E-04 BEAM          18  -0.0%  0.5379E-10  0.7806E-03  0.9322E-03  0.1713E-02   0.000      0.1392E-01   0.000    
    4200  0.1050      0.2500E-04 BEAM          18  -0.0%  0.6166E-10  0.8146E-03  0.9728E-03  0.1787E-02   0.000      0.1392E-01   0.000    
    4300  0.1075      0.2500E-04 BEAM          18  -0.0%  0.7044E-10  0.8491E-03  0.1014E-02  0.1863E-02   0.000      0.1392E-01   0.000    
    4400  0.1100      0.2500E-04 BEAM          18  -0.0%  0.8020E-10  0.8841E-03  0.1056E-02  0.1940E-02   0.000      0.1392E-01   0.000    
    4500  0.1125      0.2500E-04 BEAM          18  -0.0%  0.9104E-10  0.9195E-03  0.1098E-02  0.2018E-02   0.000      0.1392E-01   0.000    
    4600  0.1150      0.2500E-04 BEAM          18  -0.0%  0.1030E-09  0.9555E-03  0.1141E-02  0.2096E-02   0.000      0.1392E-01   0.000    
    4700  0.1175      0.2500E-04 BEAM          18  -0.0%  0.1163E-09  0.9918E-03  0.1184E-02  0.2176E-02   0.000      0.1392E-01   0.000    
    4800  0.1200      0.2500E-04 BEAM          18  -0.0%  0.1308E-09  0.1029E-02  0.1228E-02  0.2257E-02   0.000      0.1392E-01   0.000    
    4900  0.1225      0.2500E-04 BEAM          18  -0.0%  0.1469E-09  0.1066E-02  0.1273E-02  0.2339E-02   0.000      0.1392E-01   0.000    
    5000  0.1250      0.2500E-04 BEAM          18  -0.0%  0.1644E-09  0.1103E-02  0.1318E-02  0.2421E-02   0.000      0.1392E-01   0.000    
    5100  0.1275      0.2500E-04 BEAM          18  -0.0%  0.1837E-09  0.1142E-02  0.1363E-02  0.2505E-02   0.000      0.1392E-01   0.000    
    5200  0.1300      0.2500E-04 BEAM          18  -0.0%  0.2047E-09  0.1180E-02  0.1409E-02  0.2589E-02   0.000      0.1392E-01   0.000    
    5300  0.1325      0.2500E-04 BEAM          18  -0.0%  0.2276E-09  0.1219E-02  0.1455E-02  0.2674E-02   0.000      0.1392E-01   0.000    
    5400  0.1350      0.2500E-04 BEAM          18  -0.0%  0.2525E-09  0.1258E-02  0.1502E-02  0.2760E-02   0.000      0.1392E-01   0.000    
    5500  0.1375      0.2500E-04 BEAM          18   0.0%  0.2795E-09  0.1297E-02  0.1549E-02  0.2847E-02   0.000      0.1392E-01   0.000    
    5600  0.1400      0.2500E-04 BEAM          18   0.0%  0.3089E-09  0.1337E-02  0.1597E-02  0.2934E-02   0.000      0.1392E-01   0.000    
    5700  0.1425      0.2500E-04 BEAM          18   0.0%  0.3407E-09  0.1377E-02  0.1645E-02  0.3022E-02   0.000      0.1392E-01   0.000    
    5800  0.1450      0.2500E-04 BEAM          18   0.0%  0.3750E-09  0.1418E-02  0.1693E-02  0.3111E-02   0.000      0.1392E-01   0.000    
    5900  0.1475      0.2500E-04 BEAM          18   0.0%  0.4120E-09  0.1458E-02  0.1742E-02  0.3200E-02   0.000      0.1392E-01   0.000    
    6000  0.1500      0.2500E-04 BEAM          18   0.0%  0.4520E-09  0.1500E-02  0.1791E-02  0.3290E-02   0.000      0.1392E-01   0.000    
    6100  0.1525      0.2500E-04 BEAM          18   0.0%  0.4949E-09  0.1541E-02  0.1840E-02  0.3381E-02   0.000      0.1392E-01   0.000    
    6200  0.1550      0.2500E-04 BEAM          18   0.0%  0.5411E-09  0.1582E-02  0.1890E-02  0.3472E-02   0.000      0.1392E-01   0.000    
    6300  0.1575      0.2500E-04 BEAM          18   0.0%  0.5906E-09  0.1624E-02  0.1940E-02  0.3564E-02   0.000      0.1392E-01   0.000    
    6400  0.1600      0.2500E-04 BEAM          18   0.0%  0.6437E-09  0.1666E-02  0.1990E-02  0.3656E-02   0.000      0.1392E-01   0.000    
    6500  0.1625      0.2500E-04 BEAM          18   0.0%  0.7005E-09  0.1708E-02  0.2040E-02  0.3749E-02   0.000      0.1392E-01   0.000    
    6600  0.1650      0.2500E-04 BEAM          18   0.0%  0.7612E-09  0.1751E-02  0.2091E-02  0.3842E-02   0.000      0.1392E-01   0.000    
    6700  0.1675      0.2500E-04 BEAM          18   0.0%  0.8261E-09  0.1794E-02  0.2142E-02  0.3936E-02   0.000      0.1392E-01   0.000    
    6800  0.1700      0.2500E-04 BEAM          18   0.0%  0.8952E-09  0.1836E-02  0.2193E-02  0.4030E-02   0.000      0.1392E-01   0.000    
    6900  0.1725      0.2500E-04 BEAM          18   0.0%  0.9689E-09  0.1879E-02  0.2244E-02  0.4124E-02   0.000      0.1392E-01   0.000    
    7000  0.1750      0.2500E-04 BEAM           9   0.0%  0.1047E-08  0.1923E-02  0.2296E-02  0.4219E-02   0.000      0.1392E-01   0.000    
    7100  0.1775      0.2500E-04 BEAM          18   0.0%  0.1131E-08  0.1966E-02  0.2348E-02  0.4314E-02   0.000      0.1392E-01   0.000    
    7200  0.1800      0.2500E-04 BEAM          18   0.0%  0.1219E-08  0.2010E-02  0.2400E-02  0.4409E-02   0.000      0.1392E-01   0.000    
    7300  0.1825      0.2500E-04 BEAM          18   0.0%  0.1313E-08  0.2053E-02  0.2452E-02  0.4505E-02   0.000      0.1392E-01   0.000    
    7400  0.1850      0.2500E-04 BEAM          18   0.0%  0.1413E-08  0.2097E-02  0.2504E-02  0.4601E-02   0.000      0.1392E-01   0.000    
    7500  0.1875      0.2500E-04 BEAM          18   0.0%  0.1518E-08  0.2141E-02  0.2557E-02  0.4697E-02   0.000      0.1392E-01   0.000    
    7600  0.1900      0.2500E-04 BEAM          18   0.0%  0.1629E-08  0.2185E-02  0.2609E-02  0.4794E-02   0.000      0.1392E-01   0.000    
    7700  0.1925      0.2500E-04 BEAM          18   0.0%  0.1747E-08  0.2229E-02  0.2662E-02  0.4890E-02   0.000      0.1392E-01   0.000    
    7800  0.1950      0.2500E-04 BEAM          18   0.0%  0.1871E-08  0.2273E-02  0.2714E-02  0.4987E-02   0.000      0.1392E-01   0.000    
    7900  0.1975      0.2500E-04 BEAM          18   0.0%  0.2003E-08  0.2317E-02  0.2767E-02  0.5084E-02   0.000      0.1392E-01   0.000    
    8000  0.2000      0.2500E-04 BEAM           9   0.0%  0.2141E-08  0.2361E-02  0.2820E-02  0.5181E-02   0.000      0.1392E-01   0.000    
     ANIMATION FILE: A22_ROTATION_Y_N4A003 WRITTEN
    8100  0.2025      0.2500E-04 BEAM          18   0.0%  0.2287E-08  0.2406E-02  0.2873E-02  0.5279E-02   0.000      0.1392E-01   0.000    
    8200  0.2050      0.2500E-04 BEAM          18   0.0%  0.2440E-08  0.2450E-02  0.2926E-02  0.5376E-02   0.000      0.1392E-01   0.000    
    8300  0.2075      0.2500E-04 BEAM          18   0.0%  0.2601E-08  0.2494E-02  0.2979E-02  0.5473E-02   0.000      0.1392E-01   0.000    
    8400  0.2100      0.2500E-04 BEAM          18   0.0%  0.2771E-08  0.2539E-02  0.3032E-02  0.5571E-02   0.000      0.1392E-01   0.000    
    8500  0.2125      0.2500E-04 BEAM          18   0.0%  0.2948E-08  0.2583E-02  0.3085E-02  0.5668E-02   0.000      0.1392E-01   0.000    
    8600  0.2150      0.2500E-04 BEAM          18   0.0%  0.3135E-08  0.2628E-02  0.3138E-02  0.5765E-02   0.000      0.1392E-01   0.000    
    8700  0.2175      0.2500E-04 BEAM          18   0.0%  0.3331E-08  0.2672E-02  0.3191E-02  0.5863E-02   0.000      0.1392E-01   0.000    
    8800  0.2200      0.2500E-04 BEAM          18   0.0%  0.3536E-08  0.2716E-02  0.3244E-02  0.5960E-02   0.000      0.1392E-01   0.000    
    8900  0.2225      0.2500E-04 BEAM          18   0.0%  0.3750E-08  0.2761E-02  0.3297E-02  0.6057E-02   0.000      0.1392E-01   0.000    
    9000  0.2250      0.2500E-04 BEAM          18   0.0%  0.3975E-08  0.2805E-02  0.3349E-02  0.6154E-02   0.000      0.1392E-01   0.000    
    9100  0.2275      0.2500E-04 BEAM          18   0.0%  0.4210E-08  0.2849E-02  0.3402E-02  0.6251E-02   0.000      0.1392E-01   0.000    
    9200  0.2300      0.2500E-04 BEAM           9   0.0%  0.4455E-08  0.2893E-02  0.3455E-02  0.6348E-02   0.000      0.1392E-01   0.000    
    9300  0.2325      0.2500E-04 BEAM          18   0.0%  0.4712E-08  0.2937E-02  0.3508E-02  0.6445E-02   0.000      0.1392E-01   0.000    
    9400  0.2350      0.2500E-04 BEAM          18   0.0%  0.4979E-08  0.2981E-02  0.3560E-02  0.6541E-02   0.000      0.1392E-01   0.000    
    9500  0.2375      0.2500E-04 BEAM          18   0.0%  0.5259E-08  0.3025E-02  0.3613E-02  0.6638E-02   0.000      0.1392E-01   0.000    
    9600  0.2400      0.2500E-04 BEAM           9   0.0%  0.5549E-08  0.3069E-02  0.3665E-02  0.6734E-02   0.000      0.1392E-01   0.000    
    9700  0.2425      0.2500E-04 BEAM          18   0.0%  0.5853E-08  0.3113E-02  0.3717E-02  0.6830E-02   0.000      0.1392E-01   0.000    
    9800  0.2450      0.2500E-04 BEAM          18   0.0%  0.6168E-08  0.3156E-02  0.3769E-02  0.6925E-02   0.000      0.1392E-01   0.000    
    9900  0.2475      0.2500E-04 BEAM          18   0.0%  0.6497E-08  0.3200E-02  0.3821E-02  0.7020E-02   0.000      0.1392E-01   0.000    
   CYCLE    TIME      TIME-STEP  ELEMENT          ERROR  I-ENERGY    K-ENERGY T  K-ENERGY R  EXT-WORK     MAS.ERR     TOTAL MASS  MASS ADDED
   10000  0.2500      0.2500E-04 BEAM          18   0.0%  0.6838E-08  0.3243E-02  0.3873E-02  0.7116E-02   0.000      0.1392E-01   0.000    
   10100  0.2525      0.2500E-04 BEAM          18   0.0%  0.7194E-08  0.3286E-02  0.3924E-02  0.7210E-02   0.000      0.1392E-01   0.000    
   10200  0.2550      0.2500E-04 BEAM          18   0.0%  0.7563E-08  0.3329E-02  0.3976E-02  0.7305E-02   0.000      0.1392E-01   0.000    
   10300  0.2575      0.2500E-04 BEAM          18   0.0%  0.7946E-08  0.3372E-02  0.4027E-02  0.7399E-02   0.000      0.1392E-01   0.000    
   10400  0.2600      0.2500E-04 BEAM          18   0.0%  0.8344E-08  0.3415E-02  0.4078E-02  0.7492E-02   0.000      0.1392E-01   0.000    
   10500  0.2625      0.2500E-04 BEAM           9   0.0%  0.8756E-08  0.3457E-02  0.4128E-02  0.7586E-02   0.000      0.1392E-01   0.000    
   10600  0.2650      0.2500E-04 BEAM          18   0.0%  0.9184E-08  0.3499E-02  0.4179E-02  0.7678E-02   0.000      0.1392E-01   0.000    
   10700  0.2675      0.2500E-04 BEAM          18   0.0%  0.9628E-08  0.3542E-02  0.4229E-02  0.7771E-02   0.000      0.1392E-01   0.000    
   10800  0.2700      0.2500E-04 BEAM          18   0.0%  0.1009E-07  0.3583E-02  0.4279E-02  0.7863E-02   0.000      0.1392E-01   0.000    
   10900  0.2725      0.2500E-04 BEAM           9   0.0%  0.1056E-07  0.3625E-02  0.4329E-02  0.7954E-02   0.000      0.1392E-01   0.000    
   11000  0.2750      0.2500E-04 BEAM          18   0.0%  0.1106E-07  0.3667E-02  0.4379E-02  0.8045E-02   0.000      0.1392E-01   0.000    
   11100  0.2775      0.2500E-04 BEAM          18   0.0%  0.1156E-07  0.3708E-02  0.4428E-02  0.8136E-02   0.000      0.1392E-01   0.000    
   11200  0.2800      0.2500E-04 BEAM          20   0.0%  0.1209E-07  0.3749E-02  0.4477E-02  0.8226E-02   0.000      0.1392E-01   0.000    
   11300  0.2825      0.2500E-04 BEAM          18   0.0%  0.1264E-07  0.3790E-02  0.4526E-02  0.8315E-02   0.000      0.1392E-01   0.000    
   11400  0.2850      0.2500E-04 BEAM          18   0.0%  0.1320E-07  0.3830E-02  0.4574E-02  0.8404E-02   0.000      0.1392E-01   0.000    
   11500  0.2875      0.2500E-04 BEAM          18   0.0%  0.1378E-07  0.3871E-02  0.4622E-02  0.8493E-02   0.000      0.1392E-01   0.000    
   11600  0.2900      0.2500E-04 BEAM           9   0.0%  0.1438E-07  0.3911E-02  0.4670E-02  0.8581E-02   0.000      0.1392E-01   0.000    
   11700  0.2925      0.2500E-04 BEAM          20   0.0%  0.1500E-07  0.3950E-02  0.4717E-02  0.8668E-02   0.000      0.1392E-01   0.000    
   11800  0.2950      0.2500E-04 BEAM          20   0.0%  0.1564E-07  0.3990E-02  0.4765E-02  0.8754E-02   0.000      0.1392E-01   0.000    
   11900  0.2975      0.2500E-04 BEAM           9   0.0%  0.1629E-07  0.4029E-02  0.4811E-02  0.8840E-02   0.000      0.1392E-01   0.000    
   12000  0.3000      0.2500E-04 BEAM           9   0.0%  0.1697E-07  0.4068E-02  0.4858E-02  0.8926E-02   0.000      0.1392E-01   0.000    
     ANIMATION FILE: A22_ROTATION_Y_N4A004 WRITTEN
   12100  0.3025      0.2500E-04 BEAM          18   0.0%  0.1767E-07  0.4106E-02  0.4904E-02  0.9010E-02   0.000      0.1392E-01   0.000    
   12200  0.3050      0.2500E-04 BEAM          18   0.0%  0.1839E-07  0.4145E-02  0.4950E-02  0.9094E-02   0.000      0.1392E-01   0.000    
   12300  0.3075      0.2500E-04 BEAM          18   0.0%  0.1913E-07  0.4183E-02  0.4995E-02  0.9178E-02   0.000      0.1392E-01   0.000    
   12400  0.3100      0.2500E-04 BEAM          18   0.0%  0.1989E-07  0.4220E-02  0.5040E-02  0.9260E-02   0.000      0.1392E-01   0.000    
   12500  0.3125      0.2500E-04 BEAM           9   0.0%  0.2068E-07  0.4258E-02  0.5085E-02  0.9342E-02   0.000      0.1392E-01   0.000    
   12600  0.3150      0.2500E-04 BEAM          18   0.0%  0.2148E-07  0.4295E-02  0.5129E-02  0.9423E-02   0.000      0.1392E-01   0.000    
   12700  0.3175      0.2500E-04 BEAM          18   0.0%  0.2231E-07  0.4331E-02  0.5172E-02  0.9504E-02   0.000      0.1392E-01   0.000    
   12800  0.3200      0.2500E-04 BEAM          18   0.0%  0.2317E-07  0.4368E-02  0.5216E-02  0.9583E-02   0.000      0.1392E-01   0.000    
   12900  0.3225      0.2500E-04 BEAM           9   0.0%  0.2404E-07  0.4404E-02  0.5259E-02  0.9662E-02   0.000      0.1392E-01   0.000    
   13000  0.3250      0.2500E-04 BEAM           9   0.0%  0.2494E-07  0.4439E-02  0.5301E-02  0.9740E-02   0.000      0.1392E-01   0.000    
   13100  0.3275      0.2500E-04 BEAM           9   0.0%  0.2586E-07  0.4474E-02  0.5343E-02  0.9818E-02   0.000      0.1392E-01   0.000    
   13200  0.3300      0.2500E-04 BEAM           9   0.0%  0.2681E-07  0.4509E-02  0.5385E-02  0.9894E-02   0.000      0.1392E-01   0.000    
   13300  0.3325      0.2500E-04 BEAM          18   0.0%  0.2778E-07  0.4544E-02  0.5426E-02  0.9970E-02   0.000      0.1392E-01   0.000    
   13400  0.3350      0.2500E-04 BEAM          18   0.0%  0.2878E-07  0.4578E-02  0.5467E-02  0.1004E-01   0.000      0.1392E-01   0.000    
   13500  0.3375      0.2500E-04 BEAM           9   0.0%  0.2980E-07  0.4612E-02  0.5507E-02  0.1012E-01   0.000      0.1392E-01   0.000    
   13600  0.3400      0.2500E-04 BEAM          18   0.0%  0.3085E-07  0.4645E-02  0.5547E-02  0.1019E-01   0.000      0.1392E-01   0.000    
   13700  0.3425      0.2500E-04 BEAM          18   0.0%  0.3192E-07  0.4678E-02  0.5586E-02  0.1026E-01   0.000      0.1392E-01   0.000    
   13800  0.3450      0.2500E-04 BEAM           9   0.0%  0.3302E-07  0.4710E-02  0.5625E-02  0.1034E-01   0.000      0.1392E-01   0.000    
   13900  0.3475      0.2500E-04 BEAM           9   0.0%  0.3414E-07  0.4742E-02  0.5663E-02  0.1041E-01   0.000      0.1392E-01   0.000    
   14000  0.3500      0.2500E-04 BEAM           9   0.0%  0.3529E-07  0.4774E-02  0.5701E-02  0.1048E-01   0.000      0.1392E-01   0.000    
   14100  0.3525      0.2500E-04 BEAM           9   0.0%  0.3647E-07  0.4805E-02  0.5739E-02  0.1054E-01   0.000      0.1392E-01   0.000    
   14200  0.3550      0.2500E-04 BEAM           9   0.0%  0.3768E-07  0.4836E-02  0.5775E-02  0.1061E-01   0.000      0.1392E-01   0.000    
   14300  0.3575      0.2500E-04 BEAM           9   0.0%  0.3891E-07  0.4867E-02  0.5812E-02  0.1068E-01   0.000      0.1392E-01   0.000    
   14400  0.3600      0.2500E-04 BEAM           9   0.0%  0.4017E-07  0.4897E-02  0.5847E-02  0.1074E-01   0.000      0.1392E-01   0.000    
   14500  0.3625      0.2500E-04 BEAM           9   0.0%  0.4146E-07  0.4926E-02  0.5883E-02  0.1081E-01   0.000      0.1392E-01   0.000    
   14600  0.3650      0.2500E-04 BEAM          20   0.0%  0.4278E-07  0.4955E-02  0.5917E-02  0.1087E-01   0.000      0.1392E-01   0.000    
   14700  0.3675      0.2500E-04 BEAM           9   0.0%  0.4412E-07  0.4984E-02  0.5952E-02  0.1094E-01   0.000      0.1392E-01   0.000    
   14800  0.3700      0.2500E-04 BEAM           9   0.0%  0.4550E-07  0.5012E-02  0.5985E-02  0.1100E-01   0.000      0.1392E-01   0.000    
   14900  0.3725      0.2500E-04 BEAM           9   0.0%  0.4690E-07  0.5040E-02  0.6018E-02  0.1106E-01   0.000      0.1392E-01   0.000    
   15000  0.3750      0.2500E-04 BEAM           9   0.0%  0.4834E-07  0.5067E-02  0.6051E-02  0.1112E-01   0.000      0.1392E-01   0.000    
   15100  0.3775      0.2500E-04 BEAM           9   0.0%  0.4980E-07  0.5094E-02  0.6083E-02  0.1118E-01   0.000      0.1392E-01   0.000    
   15200  0.3800      0.2500E-04 BEAM           9   0.0%  0.5129E-07  0.5120E-02  0.6114E-02  0.1123E-01   0.000      0.1392E-01   0.000    
   15300  0.3825      0.2500E-04 BEAM           9   0.0%  0.5281E-07  0.5146E-02  0.6145E-02  0.1129E-01   0.000      0.1392E-01   0.000    
   15400  0.3850      0.2500E-04 BEAM           9   0.0%  0.5436E-07  0.5171E-02  0.6176E-02  0.1135E-01   0.000      0.1392E-01   0.000    
   15500  0.3875      0.2500E-04 BEAM           9   0.0%  0.5594E-07  0.5196E-02  0.6205E-02  0.1140E-01   0.000      0.1392E-01   0.000    
   15600  0.3900      0.2500E-04 BEAM           9   0.0%  0.5755E-07  0.5221E-02  0.6234E-02  0.1145E-01   0.000      0.1392E-01   0.000    
   15700  0.3925      0.2500E-04 BEAM          18   0.0%  0.5920E-07  0.5244E-02  0.6263E-02  0.1151E-01   0.000      0.1392E-01   0.000    
   15800  0.3950      0.2500E-04 BEAM          20   0.0%  0.6087E-07  0.5268E-02  0.6291E-02  0.1156E-01   0.000      0.1392E-01   0.000    
   15900  0.3975      0.2500E-04 BEAM           9   0.0%  0.6257E-07  0.5291E-02  0.6318E-02  0.1161E-01   0.000      0.1392E-01   0.000    
   16000  0.4000      0.2500E-04 BEAM           9   0.0%  0.6431E-07  0.5313E-02  0.6345E-02  0.1166E-01   0.000      0.1392E-01   0.000    
     ANIMATION FILE: A22_ROTATION_Y_N4A005 WRITTEN
   16100  0.4025      0.2500E-04 BEAM          18   0.0%  0.6607E-07  0.5335E-02  0.6371E-02  0.1171E-01   0.000      0.1392E-01   0.000    
   16200  0.4050      0.2500E-04 BEAM           9   0.0%  0.6787E-07  0.5356E-02  0.6397E-02  0.1175E-01   0.000      0.1392E-01   0.000    
   16300  0.4075      0.2500E-04 BEAM           9   0.0%  0.6970E-07  0.5377E-02  0.6421E-02  0.1180E-01   0.000      0.1392E-01   0.000    
   16400  0.4100      0.2500E-04 BEAM          20   0.0%  0.7156E-07  0.5398E-02  0.6446E-02  0.1184E-01   0.000      0.1392E-01   0.000    
   16500  0.4125      0.2500E-04 BEAM          18   0.0%  0.7345E-07  0.5417E-02  0.6469E-02  0.1189E-01   0.000      0.1392E-01   0.000    
   16600  0.4150      0.2500E-04 BEAM          18   0.0%  0.7537E-07  0.5437E-02  0.6493E-02  0.1193E-01   0.000      0.1392E-01   0.000    
   16700  0.4175      0.2500E-04 BEAM          18   0.0%  0.7733E-07  0.5455E-02  0.6515E-02  0.1197E-01   0.000      0.1392E-01   0.000    
   16800  0.4200      0.2500E-04 BEAM           9   0.0%  0.7932E-07  0.5474E-02  0.6537E-02  0.1201E-01   0.000      0.1392E-01   0.000    
   16900  0.4225      0.2500E-04 BEAM          18   0.0%  0.8133E-07  0.5491E-02  0.6558E-02  0.1205E-01   0.000      0.1392E-01   0.000    
   17000  0.4250      0.2500E-04 BEAM          18   0.0%  0.8338E-07  0.5509E-02  0.6578E-02  0.1209E-01   0.000      0.1392E-01   0.000    
   17100  0.4275      0.2500E-04 BEAM           9   0.0%  0.8547E-07  0.5525E-02  0.6598E-02  0.1212E-01   0.000      0.1392E-01   0.000    
   17200  0.4300      0.2500E-04 BEAM          20   0.0%  0.8758E-07  0.5541E-02  0.6617E-02  0.1216E-01   0.000      0.1392E-01   0.000    
   17300  0.4325      0.2500E-04 BEAM          18   0.0%  0.8973E-07  0.5557E-02  0.6636E-02  0.1219E-01   0.000      0.1392E-01   0.000    
   17400  0.4350      0.2500E-04 BEAM          20   0.0%  0.9191E-07  0.5572E-02  0.6654E-02  0.1223E-01   0.000      0.1392E-01   0.000    
   17500  0.4375      0.2500E-04 BEAM          18   0.0%  0.9412E-07  0.5586E-02  0.6671E-02  0.1226E-01   0.000      0.1392E-01   0.000    
   17600  0.4400      0.2500E-04 BEAM           9   0.0%  0.9636E-07  0.5600E-02  0.6688E-02  0.1229E-01   0.000      0.1392E-01   0.000    
   17700  0.4425      0.2500E-04 BEAM          18   0.0%  0.9863E-07  0.5614E-02  0.6704E-02  0.1232E-01   0.000      0.1392E-01   0.000    
   17800  0.4450      0.2500E-04 BEAM           9   0.0%  0.1009E-06  0.5626E-02  0.6719E-02  0.1235E-01   0.000      0.1392E-01   0.000    
   17900  0.4475      0.2500E-04 BEAM          18   0.0%  0.1033E-06  0.5639E-02  0.6734E-02  0.1237E-01   0.000      0.1392E-01   0.000    
   18000  0.4500      0.2500E-04 BEAM           9   0.0%  0.1056E-06  0.5650E-02  0.6748E-02  0.1240E-01   0.000      0.1392E-01   0.000    
   18100  0.4525      0.2500E-04 BEAM          18   0.0%  0.1080E-06  0.5662E-02  0.6761E-02  0.1242E-01   0.000      0.1392E-01   0.000    
   18200  0.4550      0.2500E-04 BEAM          20   0.0%  0.1105E-06  0.5672E-02  0.6774E-02  0.1245E-01   0.000      0.1392E-01   0.000    
   18300  0.4575      0.2500E-04 BEAM          20   0.0%  0.1129E-06  0.5682E-02  0.6786E-02  0.1247E-01   0.000      0.1392E-01   0.000    
   18400  0.4600      0.2500E-04 BEAM          20   0.0%  0.1154E-06  0.5692E-02  0.6797E-02  0.1249E-01   0.000      0.1392E-01   0.000    
   18500  0.4625      0.2500E-04 BEAM          20   0.0%  0.1180E-06  0.5700E-02  0.6807E-02  0.1251E-01   0.000      0.1392E-01   0.000    
   18600  0.4650      0.2500E-04 BEAM          18   0.0%  0.1205E-06  0.5709E-02  0.6817E-02  0.1253E-01   0.000      0.1392E-01   0.000    
   18700  0.4675      0.2500E-04 BEAM           9   0.0%  0.1231E-06  0.5717E-02  0.6827E-02  0.1254E-01   0.000      0.1392E-01   0.000    
   18800  0.4700      0.2500E-04 BEAM           9   0.0%  0.1257E-06  0.5724E-02  0.6835E-02  0.1256E-01   0.000      0.1392E-01   0.000    
   18900  0.4725      0.2500E-04 BEAM          18   0.0%  0.1284E-06  0.5730E-02  0.6843E-02  0.1257E-01   0.000      0.1392E-01   0.000    
   19000  0.4750      0.2500E-04 BEAM           9   0.0%  0.1311E-06  0.5736E-02  0.6850E-02  0.1259E-01   0.000      0.1392E-01   0.000    
   19100  0.4775      0.2500E-04 BEAM           9   0.0%  0.1338E-06  0.5742E-02  0.6857E-02  0.1260E-01   0.000      0.1392E-01   0.000    
   19200  0.4800      0.2500E-04 BEAM          20   0.0%  0.1365E-06  0.5747E-02  0.6863E-02  0.1261E-01   0.000      0.1392E-01   0.000    
   19300  0.4825      0.2500E-04 BEAM          18   0.0%  0.1393E-06  0.5751E-02  0.6868E-02  0.1262E-01   0.000      0.1392E-01   0.000    
   19400  0.4850      0.2500E-04 BEAM           9   0.0%  0.1421E-06  0.5755E-02  0.6872E-02  0.1263E-01   0.000      0.1392E-01   0.000    
   19500  0.4875      0.2500E-04 BEAM          20   0.0%  0.1449E-06  0.5758E-02  0.6876E-02  0.1263E-01   0.000      0.1392E-01   0.000    
   19600  0.4900      0.2500E-04 BEAM           9   0.0%  0.1478E-06  0.5761E-02  0.6879E-02  0.1264E-01   0.000      0.1392E-01   0.000    
   19700  0.4925      0.2500E-04 BEAM          18   0.0%  0.1507E-06  0.5763E-02  0.6882E-02  0.1264E-01   0.000      0.1392E-01   0.000    
   19800  0.4950      0.2500E-04 BEAM          20   0.0%  0.1536E-06  0.5764E-02  0.6883E-02  0.1265E-01   0.000      0.1392E-01   0.000    
   19900  0.4975      0.2500E-04 BEAM          20   0.0%  0.1566E-06  0.5765E-02  0.6884E-02  0.1265E-01   0.000      0.1392E-01   0.000    
   CYCLE    TIME      TIME-STEP  ELEMENT          ERROR  I-ENERGY    K-ENERGY T  K-ENERGY R  EXT-WORK     MAS.ERR     TOTAL MASS  MASS ADDED
   20000  0.5000      0.2500E-04 BEAM          18   0.0%  0.1595E-06  0.5765E-02  0.6885E-02  0.1265E-01   0.000      0.1392E-01   0.000    
     ANIMATION FILE: A22_ROTATION_Y_N4A006 WRITTEN
   20100  0.5025      0.2500E-04 BEAM           9   0.0%  0.1626E-06  0.5765E-02  0.6884E-02  0.1265E-01   0.000      0.1392E-01   0.000    
   20200  0.5050      0.2500E-04 BEAM           9   0.0%  0.1656E-06  0.5764E-02  0.6883E-02  0.1265E-01   0.000      0.1392E-01   0.000    
   20300  0.5075      0.2500E-04 BEAM          20   0.0%  0.1686E-06  0.5763E-02  0.6882E-02  0.1264E-01   0.000      0.1392E-01   0.000    
   20400  0.5100      0.2500E-04 BEAM          20   0.0%  0.1717E-06  0.5761E-02  0.6879E-02  0.1264E-01   0.000      0.1392E-01   0.000    
   20500  0.5125      0.2500E-04 BEAM           9   0.0%  0.1748E-06  0.5758E-02  0.6876E-02  0.1263E-01   0.000      0.1392E-01   0.000    
   20600  0.5150      0.2500E-04 BEAM          18   0.0%  0.1780E-06  0.5755E-02  0.6872E-02  0.1263E-01   0.000      0.1392E-01   0.000    
   20700  0.5175      0.2500E-04 BEAM          20   0.0%  0.1812E-06  0.5751E-02  0.6868E-02  0.1262E-01   0.000      0.1392E-01   0.000    
   20800  0.5200      0.2500E-04 BEAM           9   0.0%  0.1843E-06  0.5747E-02  0.6863E-02  0.1261E-01   0.000      0.1392E-01   0.000    
   20900  0.5225      0.2500E-04 BEAM          18   0.0%  0.1876E-06  0.5742E-02  0.6857E-02  0.1260E-01   0.000      0.1392E-01   0.000    
   21000  0.5250      0.2500E-04 BEAM           9   0.0%  0.1908E-06  0.5736E-02  0.6850E-02  0.1259E-01   0.000      0.1392E-01   0.000    
   21100  0.5275      0.2500E-04 BEAM          20   0.0%  0.1941E-06  0.5730E-02  0.6843E-02  0.1257E-01   0.000      0.1392E-01   0.000    
   21200  0.5300      0.2500E-04 BEAM          18   0.0%  0.1974E-06  0.5724E-02  0.6835E-02  0.1256E-01   0.000      0.1392E-01   0.000    
   21300  0.5325      0.2500E-04 BEAM          18   0.0%  0.2007E-06  0.5717E-02  0.6827E-02  0.1254E-01   0.000      0.1392E-01   0.000    
   21400  0.5350      0.2500E-04 BEAM          18   0.0%  0.2040E-06  0.5709E-02  0.6817E-02  0.1253E-01   0.000      0.1392E-01   0.000    
   21500  0.5375      0.2500E-04 BEAM          20   0.0%  0.2074E-06  0.5700E-02  0.6807E-02  0.1251E-01   0.000      0.1392E-01   0.000    
   21600  0.5400      0.2500E-04 BEAM          20   0.0%  0.2108E-06  0.5692E-02  0.6797E-02  0.1249E-01   0.000      0.1392E-01   0.000    
   21700  0.5425      0.2500E-04 BEAM           9   0.0%  0.2142E-06  0.5682E-02  0.6786E-02  0.1247E-01   0.000      0.1392E-01   0.000    
   21800  0.5450      0.2500E-04 BEAM          18   0.0%  0.2176E-06  0.5672E-02  0.6774E-02  0.1245E-01   0.000      0.1392E-01   0.000    
   21900  0.5475      0.2500E-04 BEAM           9   0.0%  0.2210E-06  0.5662E-02  0.6761E-02  0.1242E-01   0.000      0.1392E-01   0.000    
   22000  0.5500      0.2500E-04 BEAM          20   0.0%  0.2245E-06  0.5650E-02  0.6748E-02  0.1240E-01   0.000      0.1392E-01   0.000    
   22100  0.5525      0.2500E-04 BEAM           9   0.0%  0.2280E-06  0.5639E-02  0.6734E-02  0.1237E-01   0.000      0.1392E-01   0.000    
   22200  0.5550      0.2500E-04 BEAM          18   0.0%  0.2315E-06  0.5626E-02  0.6719E-02  0.1235E-01   0.000      0.1392E-01   0.000    
   22300  0.5575      0.2500E-04 BEAM           9   0.0%  0.2350E-06  0.5614E-02  0.6704E-02  0.1232E-01   0.000      0.1392E-01   0.000    
   22400  0.5600      0.2500E-04 BEAM           9   0.0%  0.2386E-06  0.5600E-02  0.6688E-02  0.1229E-01   0.000      0.1392E-01   0.000    
   22500  0.5625      0.2500E-04 BEAM          20   0.0%  0.2421E-06  0.5586E-02  0.6671E-02  0.1226E-01   0.000      0.1392E-01   0.000    
   22600  0.5650      0.2500E-04 BEAM           9   0.0%  0.2457E-06  0.5572E-02  0.6654E-02  0.1223E-01   0.000      0.1392E-01   0.000    
   22700  0.5675      0.2500E-04 BEAM          18   0.0%  0.2493E-06  0.5557E-02  0.6636E-02  0.1219E-01   0.000      0.1392E-01   0.000    
   22800  0.5700      0.2500E-04 BEAM          20   0.0%  0.2529E-06  0.5541E-02  0.6617E-02  0.1216E-01   0.000      0.1392E-01   0.000    
   22900  0.5725      0.2500E-04 BEAM          18   0.0%  0.2566E-06  0.5525E-02  0.6598E-02  0.1212E-01   0.000      0.1392E-01   0.000    
   23000  0.5750      0.2500E-04 BEAM          20   0.0%  0.2602E-06  0.5509E-02  0.6578E-02  0.1209E-01   0.000      0.1392E-01   0.000    
   23100  0.5775      0.2500E-04 BEAM           9   0.0%  0.2639E-06  0.5491E-02  0.6558E-02  0.1205E-01   0.000      0.1392E-01   0.000    
   23200  0.5800      0.2500E-04 BEAM          18   0.0%  0.2675E-06  0.5474E-02  0.6537E-02  0.1201E-01   0.000      0.1392E-01   0.000    
   23300  0.5825      0.2500E-04 BEAM          20   0.0%  0.2712E-06  0.5455E-02  0.6515E-02  0.1197E-01   0.000      0.1392E-01   0.000    
   23400  0.5850      0.2500E-04 BEAM           9   0.0%  0.2749E-06  0.5437E-02  0.6493E-02  0.1193E-01   0.000      0.1392E-01   0.000    
   23500  0.5875      0.2500E-04 BEAM           9   0.0%  0.2786E-06  0.5417E-02  0.6469E-02  0.1189E-01   0.000      0.1392E-01   0.000    
   23600  0.5900      0.2500E-04 BEAM           9   0.0%  0.2823E-06  0.5398E-02  0.6446E-02  0.1184E-01   0.000      0.1392E-01   0.000    
   23700  0.5925      0.2500E-04 BEAM          18   0.0%  0.2861E-06  0.5377E-02  0.6421E-02  0.1180E-01   0.000      0.1392E-01   0.000    
   23800  0.5950      0.2500E-04 BEAM          12   0.0%  0.2898E-06  0.5356E-02  0.6397E-02  0.1175E-01   0.000      0.1392E-01   0.000    
   23900  0.5975      0.2500E-04 BEAM           9   0.0%  0.2936E-06  0.5335E-02  0.6371E-02  0.1171E-01   0.000      0.1392E-01   0.000    
   24000  0.6000      0.2500E-04 BEAM           9   0.0%  0.2973E-06  0.5313E-02  0.6345E-02  0.1166E-01   0.000      0.1392E-01   0.000    
     ANIMATION FILE: A22_ROTATION_Y_N4A007 WRITTEN
   24100  0.6025      0.2500E-04 BEAM          20   0.0%  0.3011E-06  0.5291E-02  0.6318E-02  0.1161E-01   0.000      0.1392E-01   0.000    
   24200  0.6050      0.2500E-04 BEAM          20   0.0%  0.3049E-06  0.5268E-02  0.6291E-02  0.1156E-01   0.000      0.1392E-01   0.000    
   24300  0.6075      0.2500E-04 BEAM          20   0.0%  0.3086E-06  0.5244E-02  0.6263E-02  0.1151E-01   0.000      0.1392E-01   0.000    
   24400  0.6100      0.2500E-04 BEAM           9   0.0%  0.3124E-06  0.5221E-02  0.6234E-02  0.1145E-01   0.000      0.1392E-01   0.000    
   24500  0.6125      0.2500E-04 BEAM          20   0.0%  0.3162E-06  0.5196E-02  0.6205E-02  0.1140E-01   0.000      0.1392E-01   0.000    
   24600  0.6150      0.2500E-04 BEAM          18   0.0%  0.3200E-06  0.5171E-02  0.6176E-02  0.1135E-01   0.000      0.1392E-01   0.000    
   24700  0.6175      0.2500E-04 BEAM           9   0.0%  0.3238E-06  0.5146E-02  0.6145E-02  0.1129E-01   0.000      0.1392E-01   0.000    
   24800  0.6200      0.2500E-04 BEAM           9   0.0%  0.3276E-06  0.5120E-02  0.6114E-02  0.1123E-01   0.000      0.1392E-01   0.000    
   24900  0.6225      0.2500E-04 BEAM          20   0.0%  0.3314E-06  0.5094E-02  0.6083E-02  0.1118E-01   0.000      0.1392E-01   0.000    
   25000  0.6250      0.2500E-04 BEAM          20   0.0%  0.3353E-06  0.5067E-02  0.6051E-02  0.1112E-01   0.000      0.1392E-01   0.000    
   25100  0.6275      0.2500E-04 BEAM          20   0.0%  0.3391E-06  0.5040E-02  0.6018E-02  0.1106E-01   0.000      0.1392E-01   0.000    
   25200  0.6300      0.2500E-04 BEAM           9   0.0%  0.3429E-06  0.5012E-02  0.5985E-02  0.1100E-01   0.000      0.1392E-01   0.000    
   25300  0.6325      0.2500E-04 BEAM          18   0.0%  0.3467E-06  0.4984E-02  0.5952E-02  0.1094E-01   0.000      0.1392E-01   0.000    
   25400  0.6350      0.2500E-04 BEAM           9   0.0%  0.3505E-06  0.4955E-02  0.5917E-02  0.1087E-01   0.000      0.1392E-01   0.000    
   25500  0.6375      0.2500E-04 BEAM           9   0.0%  0.3543E-06  0.4926E-02  0.5883E-02  0.1081E-01   0.000      0.1392E-01   0.000    
   25600  0.6400      0.2500E-04 BEAM          20   0.0%  0.3581E-06  0.4897E-02  0.5847E-02  0.1074E-01   0.000      0.1392E-01   0.000    
   25700  0.6425      0.2500E-04 BEAM          20   0.0%  0.3619E-06  0.4867E-02  0.5812E-02  0.1068E-01   0.000      0.1392E-01   0.000    
   25800  0.6450      0.2500E-04 BEAM          20   0.0%  0.3657E-06  0.4836E-02  0.5775E-02  0.1061E-01   0.000      0.1392E-01   0.000    
   25900  0.6475      0.2500E-04 BEAM          20   0.0%  0.3695E-06  0.4805E-02  0.5739E-02  0.1054E-01   0.000      0.1392E-01   0.000    
   26000  0.6500      0.2500E-04 BEAM          20   0.0%  0.3733E-06  0.4774E-02  0.5701E-02  0.1048E-01   0.000      0.1392E-01   0.000    
   26100  0.6525      0.2500E-04 BEAM           9   0.0%  0.3771E-06  0.4742E-02  0.5663E-02  0.1041E-01   0.000      0.1392E-01   0.000    
   26200  0.6550      0.2500E-04 BEAM          20   0.0%  0.3809E-06  0.4710E-02  0.5625E-02  0.1034E-01   0.000      0.1392E-01   0.000    
   26300  0.6575      0.2500E-04 BEAM          20   0.0%  0.3847E-06  0.4678E-02  0.5586E-02  0.1026E-01   0.000      0.1392E-01   0.000    
   26400  0.6600      0.2500E-04 BEAM          20   0.0%  0.3884E-06  0.4645E-02  0.5547E-02  0.1019E-01   0.000      0.1392E-01   0.000    
   26500  0.6625      0.2500E-04 BEAM          20   0.0%  0.3922E-06  0.4612E-02  0.5507E-02  0.1012E-01   0.000      0.1392E-01   0.000    
   26600  0.6650      0.2500E-04 BEAM          20   0.0%  0.3959E-06  0.4578E-02  0.5467E-02  0.1004E-01   0.000      0.1392E-01   0.000    
   26700  0.6675      0.2500E-04 BEAM          20   0.0%  0.3997E-06  0.4544E-02  0.5426E-02  0.9970E-02   0.000      0.1392E-01   0.000    
   26800  0.6700      0.2500E-04 BEAM          17   0.0%  0.4034E-06  0.4509E-02  0.5385E-02  0.9894E-02   0.000      0.1392E-01   0.000    
   26900  0.6725      0.2500E-04 BEAM          17   0.0%  0.4071E-06  0.4474E-02  0.5343E-02  0.9818E-02   0.000      0.1392E-01   0.000    
   27000  0.6750      0.2500E-04 BEAM          20   0.0%  0.4108E-06  0.4439E-02  0.5301E-02  0.9740E-02   0.000      0.1392E-01   0.000    
   27100  0.6775      0.2500E-04 BEAM          17   0.0%  0.4145E-06  0.4404E-02  0.5259E-02  0.9662E-02   0.000      0.1392E-01   0.000    
   27200  0.6800      0.2500E-04 BEAM          17   0.0%  0.4182E-06  0.4368E-02  0.5216E-02  0.9583E-02   0.000      0.1392E-01   0.000    
   27300  0.6825      0.2500E-04 BEAM          20   0.0%  0.4218E-06  0.4331E-02  0.5172E-02  0.9504E-02   0.000      0.1392E-01   0.000    
   27400  0.6850      0.2500E-04 BEAM          20   0.0%  0.4255E-06  0.4295E-02  0.5129E-02  0.9423E-02   0.000      0.1392E-01   0.000    
   27500  0.6875      0.2500E-04 BEAM          17   0.0%  0.4291E-06  0.4258E-02  0.5085E-02  0.9342E-02   0.000      0.1392E-01   0.000    
   27600  0.6900      0.2500E-04 BEAM          20   0.0%  0.4327E-06  0.4220E-02  0.5040E-02  0.9260E-02   0.000      0.1392E-01   0.000    
   27700  0.6925      0.2500E-04 BEAM          17   0.0%  0.4363E-06  0.4183E-02  0.4995E-02  0.9178E-02   0.000      0.1392E-01   0.000    
   27800  0.6950      0.2500E-04 BEAM          18   0.0%  0.4399E-06  0.4145E-02  0.4950E-02  0.9094E-02   0.000      0.1392E-01   0.000    
   27900  0.6975      0.2500E-04 BEAM          17   0.0%  0.4435E-06  0.4106E-02  0.4904E-02  0.9010E-02   0.000      0.1392E-01   0.000    
   28000  0.7000      0.2500E-04 BEAM          17   0.0%  0.4470E-06  0.4068E-02  0.4858E-02  0.8926E-02   0.000      0.1392E-01   0.000    
     ANIMATION FILE: A22_ROTATION_Y_N4A008 WRITTEN
   28100  0.7025      0.2500E-04 BEAM          18   0.0%  0.4505E-06  0.4029E-02  0.4811E-02  0.8840E-02   0.000      0.1392E-01   0.000    
   28200  0.7050      0.2500E-04 BEAM          20   0.0%  0.4540E-06  0.3990E-02  0.4765E-02  0.8754E-02   0.000      0.1392E-01   0.000    
   28300  0.7075      0.2500E-04 BEAM          20   0.0%  0.4575E-06  0.3950E-02  0.4717E-02  0.8668E-02   0.000      0.1392E-01   0.000    
   28400  0.7100      0.2500E-04 BEAM          17   0.0%  0.4610E-06  0.3911E-02  0.4670E-02  0.8581E-02   0.000      0.1392E-01   0.000    
   28500  0.7125      0.2500E-04 BEAM          17   0.0%  0.4644E-06  0.3871E-02  0.4622E-02  0.8493E-02   0.000      0.1392E-01   0.000    
   28600  0.7150      0.2500E-04 BEAM          17   0.0%  0.4678E-06  0.3830E-02  0.4574E-02  0.8404E-02   0.000      0.1392E-01   0.000    
   28700  0.7175      0.2500E-04 BEAM          20   0.0%  0.4712E-06  0.3790E-02  0.4526E-02  0.8315E-02   0.000      0.1392E-01   0.000    
   28800  0.7200      0.2500E-04 BEAM          20   0.0%  0.4746E-06  0.3749E-02  0.4477E-02  0.8226E-02   0.000      0.1392E-01   0.000    
   28900  0.7225      0.2500E-04 BEAM          17   0.0%  0.4779E-06  0.3708E-02  0.4428E-02  0.8136E-02   0.000      0.1392E-01   0.000    
   29000  0.7250      0.2500E-04 BEAM          20   0.0%  0.4812E-06  0.3667E-02  0.4379E-02  0.8045E-02   0.000      0.1392E-01   0.000    
   29100  0.7275      0.2500E-04 BEAM          20   0.0%  0.4845E-06  0.3625E-02  0.4329E-02  0.7954E-02   0.000      0.1392E-01   0.000    
   29200  0.7300      0.2500E-04 BEAM          17   0.0%  0.4878E-06  0.3583E-02  0.4279E-02  0.7863E-02   0.000      0.1392E-01   0.000    
   29300  0.7325      0.2500E-04 BEAM          17   0.0%  0.4910E-06  0.3542E-02  0.4229E-02  0.7771E-02   0.000      0.1392E-01   0.000    
   29400  0.7350      0.2500E-04 BEAM          17   0.0%  0.4942E-06  0.3499E-02  0.4179E-02  0.7678E-02   0.000      0.1392E-01   0.000    
   29500  0.7375      0.2500E-04 BEAM          20   0.0%  0.4974E-06  0.3457E-02  0.4128E-02  0.7586E-02   0.000      0.1392E-01   0.000    
   29600  0.7400      0.2500E-04 BEAM          17   0.0%  0.5006E-06  0.3415E-02  0.4078E-02  0.7492E-02   0.000      0.1392E-01   0.000    
   29700  0.7425      0.2500E-04 BEAM          17   0.0%  0.5037E-06  0.3372E-02  0.4027E-02  0.7399E-02   0.000      0.1392E-01   0.000    
   29800  0.7450      0.2500E-04 BEAM          17   0.0%  0.5068E-06  0.3329E-02  0.3976E-02  0.7305E-02   0.000      0.1392E-01   0.000    
   29900  0.7475      0.2500E-04 BEAM          20   0.0%  0.5099E-06  0.3286E-02  0.3924E-02  0.7210E-02   0.000      0.1392E-01   0.000    
   CYCLE    TIME      TIME-STEP  ELEMENT          ERROR  I-ENERGY    K-ENERGY T  K-ENERGY R  EXT-WORK     MAS.ERR     TOTAL MASS  MASS ADDED
   30000  0.7500      0.2500E-04 BEAM          17   0.0%  0.5129E-06  0.3243E-02  0.3873E-02  0.7116E-02   0.000      0.1392E-01   0.000    
   30100  0.7525      0.2500E-04 BEAM          17   0.0%  0.5159E-06  0.3200E-02  0.3821E-02  0.7020E-02   0.000      0.1392E-01   0.000    
   30200  0.7550      0.2500E-04 BEAM          17   0.0%  0.5189E-06  0.3156E-02  0.3769E-02  0.6925E-02   0.000      0.1392E-01   0.000    
   30300  0.7575      0.2500E-04 BEAM          12   0.0%  0.5218E-06  0.3113E-02  0.3717E-02  0.6830E-02   0.000      0.1392E-01   0.000    
   30400  0.7600      0.2500E-04 BEAM          17   0.0%  0.5247E-06  0.3069E-02  0.3665E-02  0.6734E-02   0.000      0.1392E-01   0.000    
   30500  0.7625      0.2500E-04 BEAM          20   0.0%  0.5276E-06  0.3025E-02  0.3613E-02  0.6638E-02   0.000      0.1392E-01   0.000    
   30600  0.7650      0.2500E-04 BEAM          20   0.0%  0.5304E-06  0.2981E-02  0.3560E-02  0.6541E-02   0.000      0.1392E-01   0.000    
   30700  0.7675      0.2500E-04 BEAM          17   0.0%  0.5332E-06  0.2937E-02  0.3508E-02  0.6445E-02   0.000      0.1392E-01   0.000    
   30800  0.7700      0.2500E-04 BEAM           9   0.0%  0.5360E-06  0.2893E-02  0.3455E-02  0.6348E-02   0.000      0.1392E-01   0.000    
   30900  0.7725      0.2500E-04 BEAM          20   0.0%  0.5387E-06  0.2849E-02  0.3402E-02  0.6251E-02   0.000      0.1392E-01   0.000    
   31000  0.7750      0.2500E-04 BEAM          17   0.0%  0.5414E-06  0.2805E-02  0.3349E-02  0.6154E-02   0.000      0.1392E-01   0.000    
   31100  0.7775      0.2500E-04 BEAM          17   0.0%  0.5441E-06  0.2761E-02  0.3297E-02  0.6057E-02   0.000      0.1392E-01   0.000    
   31200  0.7800      0.2500E-04 BEAM          17   0.0%  0.5467E-06  0.2716E-02  0.3244E-02  0.5960E-02   0.000      0.1392E-01   0.000    
   31300  0.7825      0.2500E-04 BEAM          20   0.0%  0.5493E-06  0.2672E-02  0.3191E-02  0.5863E-02   0.000      0.1392E-01   0.000    
   31400  0.7850      0.2500E-04 BEAM          17   0.0%  0.5519E-06  0.2628E-02  0.3138E-02  0.5765E-02   0.000      0.1392E-01   0.000    
   31500  0.7875      0.2500E-04 BEAM          17   0.0%  0.5544E-06  0.2583E-02  0.3085E-02  0.5668E-02   0.000      0.1392E-01   0.000    
   31600  0.7900      0.2500E-04 BEAM          20   0.0%  0.5569E-06  0.2539E-02  0.3032E-02  0.5571E-02   0.000      0.1392E-01   0.000    
   31700  0.7925      0.2500E-04 BEAM          17   0.0%  0.5593E-06  0.2494E-02  0.2979E-02  0.5473E-02   0.000      0.1392E-01   0.000    
   31800  0.7950      0.2500E-04 BEAM          20   0.0%  0.5617E-06  0.2450E-02  0.2926E-02  0.5376E-02   0.000      0.1392E-01   0.000    
   31900  0.7975      0.2500E-04 BEAM          17   0.0%  0.5641E-06  0.2406E-02  0.2873E-02  0.5279E-02   0.000      0.1392E-01   0.000    
   32000  0.8000      0.2500E-04 BEAM          17   0.0%  0.5664E-06  0.2361E-02  0.2820E-02  0.5181E-02   0.000      0.1392E-01   0.000    
     ANIMATION FILE: A22_ROTATION_Y_N4A009 WRITTEN
   32100  0.8025      0.2500E-04 BEAM          20   0.0%  0.5687E-06  0.2317E-02  0.2767E-02  0.5084E-02   0.000      0.1392E-01   0.000    
   32200  0.8050      0.2500E-04 BEAM          20   0.0%  0.5709E-06  0.2273E-02  0.2714E-02  0.4987E-02   0.000      0.1392E-01   0.000    
   32300  0.8075      0.2500E-04 BEAM          20   0.0%  0.5731E-06  0.2229E-02  0.2662E-02  0.4890E-02   0.000      0.1392E-01   0.000    
   32400  0.8100      0.2500E-04 BEAM          18   0.0%  0.5753E-06  0.2185E-02  0.2609E-02  0.4794E-02   0.000      0.1392E-01   0.000    
   32500  0.8125      0.2500E-04 BEAM          20   0.0%  0.5775E-06  0.2141E-02  0.2557E-02  0.4697E-02   0.000      0.1392E-01   0.000    
   32600  0.8150      0.2500E-04 BEAM          20   0.0%  0.5795E-06  0.2097E-02  0.2504E-02  0.4601E-02   0.000      0.1392E-01   0.000    
   32700  0.8175      0.2500E-04 BEAM          17   0.0%  0.5816E-06  0.2053E-02  0.2452E-02  0.4505E-02   0.000      0.1392E-01   0.000    
   32800  0.8200      0.2500E-04 BEAM          20   0.0%  0.5836E-06  0.2010E-02  0.2400E-02  0.4409E-02   0.000      0.1392E-01   0.000    
   32900  0.8225      0.2500E-04 BEAM          20   0.0%  0.5856E-06  0.1966E-02  0.2348E-02  0.4314E-02   0.000      0.1392E-01   0.000    
   33000  0.8250      0.2500E-04 BEAM          17   0.0%  0.5875E-06  0.1923E-02  0.2296E-02  0.4219E-02   0.000      0.1392E-01   0.000    
   33100  0.8275      0.2500E-04 BEAM          20   0.0%  0.5894E-06  0.1879E-02  0.2244E-02  0.4124E-02   0.000      0.1392E-01   0.000    
   33200  0.8300      0.2500E-04 BEAM          17   0.0%  0.5913E-06  0.1836E-02  0.2193E-02  0.4030E-02   0.000      0.1392E-01   0.000    
   33300  0.8325      0.2500E-04 BEAM          20   0.0%  0.5931E-06  0.1794E-02  0.2142E-02  0.3936E-02   0.000      0.1392E-01   0.000    
   33400  0.8350      0.2500E-04 BEAM          17   0.0%  0.5949E-06  0.1751E-02  0.2091E-02  0.3842E-02   0.000      0.1392E-01   0.000    
   33500  0.8375      0.2500E-04 BEAM          20   0.0%  0.5966E-06  0.1708E-02  0.2040E-02  0.3749E-02   0.000      0.1392E-01   0.000    
   33600  0.8400      0.2500E-04 BEAM          20   0.0%  0.5983E-06  0.1666E-02  0.1990E-02  0.3656E-02   0.000      0.1392E-01   0.000    
   33700  0.8425      0.2500E-04 BEAM          17   0.0%  0.5999E-06  0.1624E-02  0.1940E-02  0.3564E-02   0.000      0.1392E-01   0.000    
   33800  0.8450      0.2500E-04 BEAM          20   0.0%  0.6016E-06  0.1582E-02  0.1890E-02  0.3472E-02   0.000      0.1392E-01   0.000    
   33900  0.8475      0.2500E-04 BEAM          20   0.0%  0.6031E-06  0.1541E-02  0.1840E-02  0.3381E-02   0.000      0.1392E-01   0.000    
   34000  0.8500      0.2500E-04 BEAM          17   0.0%  0.6047E-06  0.1500E-02  0.1791E-02  0.3290E-02   0.000      0.1392E-01   0.000    
   34100  0.8525      0.2500E-04 BEAM          17   0.0%  0.6062E-06  0.1458E-02  0.1742E-02  0.3200E-02   0.000      0.1392E-01   0.000    
   34200  0.8550      0.2500E-04 BEAM          20   0.0%  0.6076E-06  0.1418E-02  0.1693E-02  0.3111E-02   0.000      0.1392E-01   0.000    
   34300  0.8575      0.2500E-04 BEAM          10   0.0%  0.6090E-06  0.1377E-02  0.1645E-02  0.3022E-02   0.000      0.1392E-01   0.000    
   34400  0.8600      0.2500E-04 BEAM          17   0.0%  0.6104E-06  0.1337E-02  0.1597E-02  0.2934E-02   0.000      0.1392E-01   0.000    
   34500  0.8625      0.2500E-04 BEAM          17   0.0%  0.6117E-06  0.1297E-02  0.1549E-02  0.2847E-02   0.000      0.1392E-01   0.000    
   34600  0.8650      0.2500E-04 BEAM           1   0.0%  0.6130E-06  0.1258E-02  0.1502E-02  0.2760E-02   0.000      0.1392E-01   0.000    
   34700  0.8675      0.2500E-04 BEAM          17   0.0%  0.6143E-06  0.1219E-02  0.1455E-02  0.2674E-02   0.000      0.1392E-01   0.000    
   34800  0.8700      0.2500E-04 BEAM          20   0.0%  0.6155E-06  0.1180E-02  0.1409E-02  0.2589E-02   0.000      0.1392E-01   0.000    
   34900  0.8725      0.2500E-04 BEAM          18   0.0%  0.6167E-06  0.1142E-02  0.1363E-02  0.2505E-02   0.000      0.1392E-01   0.000    
   35000  0.8750      0.2500E-04 BEAM          20   0.0%  0.6179E-06  0.1103E-02  0.1318E-02  0.2421E-02   0.000      0.1392E-01   0.000    
   35100  0.8775      0.2500E-04 BEAM          20   0.0%  0.6190E-06  0.1066E-02  0.1273E-02  0.2339E-02   0.000      0.1392E-01   0.000    
   35200  0.8800      0.2500E-04 BEAM          20   0.0%  0.6200E-06  0.1029E-02  0.1228E-02  0.2257E-02   0.000      0.1392E-01   0.000    
   35300  0.8825      0.2500E-04 BEAM          17   0.0%  0.6211E-06  0.9918E-03  0.1184E-02  0.2176E-02   0.000      0.1392E-01   0.000    
   35400  0.8850      0.2500E-04 BEAM          17   0.0%  0.6221E-06  0.9555E-03  0.1141E-02  0.2096E-02   0.000      0.1392E-01   0.000    
   35500  0.8875      0.2500E-04 BEAM          20   0.0%  0.6230E-06  0.9195E-03  0.1098E-02  0.2018E-02   0.000      0.1392E-01   0.000    
   35600  0.8900      0.2500E-04 BEAM          17   0.0%  0.6240E-06  0.8841E-03  0.1056E-02  0.1940E-02   0.000      0.1392E-01   0.000    
   35700  0.8925      0.2500E-04 BEAM          20   0.0%  0.6248E-06  0.8491E-03  0.1014E-02  0.1863E-02   0.000      0.1392E-01   0.000    
   35800  0.8950      0.2500E-04 BEAM          17   0.0%  0.6257E-06  0.8146E-03  0.9728E-03  0.1787E-02   0.000      0.1392E-01   0.000    
   35900  0.8975      0.2500E-04 BEAM          17   0.0%  0.6265E-06  0.7806E-03  0.9322E-03  0.1713E-02   0.000      0.1392E-01   0.000    
   36000  0.9000      0.2500E-04 BEAM          20   0.0%  0.6273E-06  0.7472E-03  0.8923E-03  0.1639E-02   0.000      0.1392E-01   0.000    
     ANIMATION FILE: A22_ROTATION_Y_N4A010 WRITTEN
   36100  0.9025      0.2500E-04 BEAM          17   0.0%  0.6281E-06  0.7142E-03  0.8529E-03  0.1567E-02   0.000      0.1392E-01   0.000    
   36200  0.9050      0.2500E-04 BEAM          17   0.0%  0.6288E-06  0.6818E-03  0.8142E-03  0.1496E-02   0.000      0.1392E-01   0.000    
   36300  0.9075      0.2500E-04 BEAM          20   0.0%  0.6295E-06  0.6500E-03  0.7762E-03  0.1426E-02   0.000      0.1392E-01   0.000    
   36400  0.9100      0.2500E-04 BEAM          17   0.0%  0.6301E-06  0.6187E-03  0.7389E-03  0.1358E-02   0.000      0.1392E-01   0.000    
   36500  0.9125      0.2500E-04 BEAM          20   0.0%  0.6307E-06  0.5880E-03  0.7022E-03  0.1290E-02   0.000      0.1392E-01   0.000    
   36600  0.9150      0.2500E-04 BEAM          20   0.1%  0.6313E-06  0.5580E-03  0.6663E-03  0.1224E-02   0.000      0.1392E-01   0.000    
   36700  0.9175      0.2500E-04 BEAM          17   0.1%  0.6319E-06  0.5285E-03  0.6311E-03  0.1160E-02   0.000      0.1392E-01   0.000    
   36800  0.9200      0.2500E-04 BEAM          20   0.1%  0.6324E-06  0.4997E-03  0.5967E-03  0.1096E-02   0.000      0.1392E-01   0.000    
   36900  0.9225      0.2500E-04 BEAM          17   0.1%  0.6329E-06  0.4715E-03  0.5630E-03  0.1035E-02   0.000      0.1392E-01   0.000    
   37000  0.9250      0.2500E-04 BEAM          17   0.1%  0.6334E-06  0.4439E-03  0.5302E-03  0.9741E-03   0.000      0.1392E-01   0.000    
   37100  0.9275      0.2500E-04 BEAM          17   0.1%  0.6338E-06  0.4171E-03  0.4981E-03  0.9152E-03   0.000      0.1392E-01   0.000    
   37200  0.9300      0.2500E-04 BEAM          17   0.1%  0.6343E-06  0.3909E-03  0.4668E-03  0.8578E-03   0.000      0.1392E-01   0.000    
   37300  0.9325      0.2500E-04 BEAM          17   0.1%  0.6346E-06  0.3655E-03  0.4364E-03  0.8019E-03   0.000      0.1392E-01   0.000    
   37400  0.9350      0.2500E-04 BEAM          20   0.1%  0.6350E-06  0.3407E-03  0.4069E-03  0.7476E-03   0.000      0.1392E-01   0.000    
   37500  0.9375      0.2500E-04 BEAM          17   0.1%  0.6354E-06  0.3167E-03  0.3782E-03  0.6949E-03   0.000      0.1392E-01   0.000    
   37600  0.9400      0.2500E-04 BEAM          20   0.1%  0.6357E-06  0.2934E-03  0.3504E-03  0.6438E-03   0.000      0.1392E-01   0.000    
   37700  0.9425      0.2500E-04 BEAM          20   0.1%  0.6360E-06  0.2709E-03  0.3235E-03  0.5944E-03   0.000      0.1392E-01   0.000    
   37800  0.9450      0.2500E-04 BEAM          17   0.1%  0.6362E-06  0.2492E-03  0.2976E-03  0.5468E-03   0.000      0.1392E-01   0.000    
   37900  0.9475      0.2500E-04 BEAM          17   0.1%  0.6365E-06  0.2282E-03  0.2726E-03  0.5008E-03   0.000      0.1392E-01   0.000    
   38000  0.9500      0.2500E-04 BEAM          17   0.1%  0.6367E-06  0.2081E-03  0.2485E-03  0.4567E-03   0.000      0.1392E-01   0.000    
   38100  0.9525      0.2500E-04 BEAM          20   0.2%  0.6369E-06  0.1888E-03  0.2255E-03  0.4143E-03   0.000      0.1392E-01   0.000    
   38200  0.9550      0.2500E-04 BEAM          20   0.2%  0.6371E-06  0.1704E-03  0.2034E-03  0.3738E-03   0.000      0.1392E-01   0.000    
   38300  0.9575      0.2500E-04 BEAM          20   0.2%  0.6373E-06  0.1528E-03  0.1824E-03  0.3352E-03   0.000      0.1392E-01   0.000    
   38400  0.9600      0.2500E-04 BEAM          17   0.2%  0.6374E-06  0.1360E-03  0.1624E-03  0.2984E-03   0.000      0.1392E-01   0.000    
   38500  0.9625      0.2500E-04 BEAM          20   0.2%  0.6375E-06  0.1202E-03  0.1435E-03  0.2637E-03   0.000      0.1392E-01   0.000    
   38600  0.9650      0.2500E-04 BEAM          17   0.3%  0.6377E-06  0.1052E-03  0.1257E-03  0.2309E-03   0.000      0.1392E-01   0.000    
   38700  0.9675      0.2500E-04 BEAM          20   0.3%  0.6378E-06  0.9120E-04  0.1089E-03  0.2001E-03   0.000      0.1392E-01   0.000    
   38800  0.9700      0.2500E-04 BEAM          17   0.4%  0.6378E-06  0.7811E-04  0.9328E-04  0.1714E-03   0.000      0.1392E-01   0.000    
   38900  0.9725      0.2500E-04 BEAM          17   0.4%  0.6379E-06  0.6597E-04  0.7879E-04  0.1448E-03   0.000      0.1392E-01   0.000    
   39000  0.9750      0.2500E-04 BEAM          20   0.5%  0.6380E-06  0.5480E-04  0.6545E-04  0.1203E-03   0.000      0.1392E-01   0.000    
   39100  0.9775      0.2500E-04 BEAM          20   0.7%  0.6380E-06  0.4462E-04  0.5328E-04  0.9791E-04   0.000      0.1392E-01   0.000    
   39200  0.9800      0.2500E-04 BEAM          20   0.8%  0.6381E-06  0.3544E-04  0.4232E-04  0.7775E-04   0.000      0.1392E-01   0.000    
   39300  0.9825      0.2500E-04 BEAM          20   1.1%  0.6381E-06  0.2727E-04  0.3256E-04  0.5983E-04   0.000      0.1392E-01   0.000    
   39400  0.9850      0.2500E-04 BEAM          20   1.4%  0.6381E-06  0.2014E-04  0.2405E-04  0.4418E-04   0.000      0.1392E-01   0.000    
   39500  0.9875      0.2500E-04 BEAM          20   2.1%  0.6382E-06  0.1405E-04  0.1678E-04  0.3084E-04   0.000      0.1392E-01   0.000    
   39600  0.9900      0.2500E-04 BEAM          17   3.2%  0.6382E-06  0.9041E-05  0.1080E-04  0.1984E-04   0.000      0.1392E-01   0.000    
   39700  0.9925      0.2500E-04 BEAM          17   5.7%  0.6382E-06  0.5111E-05  0.6104E-05  0.1122E-04   0.000      0.1392E-01   0.000    
   39800  0.9950      0.2500E-04 BEAM          18  12.7%  0.6382E-06  0.2283E-05  0.2726E-05  0.5010E-05   0.000      0.1392E-01   0.000    
   39900  0.9975      0.2500E-04 BEAM          20  50.6%  0.6382E-06  0.5736E-06  0.6850E-06  0.1259E-05   0.000      0.1392E-01   0.000    

     RESTART FILES: A22_ROTATION_Y_N4_0001_[0001-0001].rst WRITTEN
     -------------

   CYCLE    TIME      TIME-STEP  ELEMENT          ERROR  I-ENERGY    K-ENERGY T  K-ENERGY R  EXT-WORK     MAS.ERR     TOTAL MASS  MASS ADDED
   40000   1.000      0.2500E-04 BEAM          18  99.9%  0.6382E-06  0.2306E-09  0.2753E-09  0.6427E-09   0.000      0.1392E-01   0.000    
     ANIMATION FILE: A22_ROTATION_Y_N4A011 WRITTEN
  
                           ** CPU USER TIME **
  
  
                        ** SUMMARY **
  
 #PROC  ELEMENT   KINCOND   INTEG     IO        T0        ASM       RESOL    
   1   .3125E+00 .2969E+00 .1875E+00 .4219E+00 .6094E+00 .7812E-01 .2422E+01
  
 
                   ** CUMULATIVE CPU TIME SUMMARY **
  
 CONTACT SORTING.............: .0000E+00     0.00 % 
 CONTACT FORCES..............: .1562E-01     0.65 % 
 ELEMENT FORCES..............: .3125E+00    12.90 % 
 KINEMATIC COND..............: .2969E+00    12.26 % 
 INTEGRATION.................: .1875E+00     7.74 % 
 ASSEMBLING..................: .7812E-01     3.23 % 
 OTHERS (including I/O)......: .1531E+01    63.23 % 
 TOTAL.......................: .2422E+01   100.00 % 
  
  
                           ** ELAPSED TIME **
  
  
                        ** SUMMARY **
  
 #PROC  ELEMENT   KINCOND   INTEG     IO        T0        ASM       RESOL    
   1   .3420E+00 .3427E+00 .1368E+00 .4169E+00 .6227E+00 .8186E-01 .2428E+01
  
                   ** MEMORY USAGE STATISTICS **
  
 TOTAL MEMORY USED .........................:       94 MB
 MAXIMUM MEMORY PER PROCESSOR...............:       94 MB
 MINIMUM MEMORY PER PROCESSOR...............:       94 MB
 AVERAGE MEMORY PER PROCESSOR...............:       94 MB
  
                   ** DISK USAGE STATISTICS **
  
 TOTAL DISK SPACE USED .....................:         47 MB
 ANIMATION/H3D/TH/OUTP SIZE ................:          1 MB
 RESTART FILE SIZE .........................:         46 MB
  
                   ** COMPUTE TIME INFORMATION **
                        ** CURRENT ENGINE **
  
 EXECUTION STARTED .........................:      2026/10/10  09:56:09
 EXECUTION COMPLETED .......................:      2026/10/10  09:56:11
  
 ELAPSED TIME     =          2.56 s
                          0:00:02



     NORMAL TERMINATION      



     TOTAL NUMBER OF CYCLES  :   40001

  
                   ** COMPUTE RUNTIME INFORMATION SUMMARY **
  
        STARTER RUNTIME =          9.67s (00:00:09)
 # 001   ENGINE RUNTIME =          2.56s (00:00:02)
 ------------------------------ 
 STARTER+ENGINE RUNTIME =         12.23s (00:00:12)
  
