 I02B_NORMAL_HIGH_MONO_R2_0001.out
************************************************************************
**                                                                    **
**                                                                    **
**                         OpenRadioss Engine                         **
**                                                                    **
**            Non-linear Finite Element Analysis Software             **
**                                                                    **
**                                                                    **
**                                                                    **
**                  Windows 64 bits, Intel compiler                   **
**                      Double Precision Version                      **
**                                                                    **
**                                                                    **
**                                                                    **
************************************************************************
** OpenRadioss Software                                               **
** COPYRIGHT (C) 2026 Siemens                                         **
** Licensed under GNU Affero General Public License.                  **
** See License file.                                                  **
************************************************************************
 
 NUMBER OF SPMD DOMAINS           1
 NUMBER OF THREADS PER DOMAIN     1
 NUMBER OF HMPP PROCESSES         1
  
 COMPUTATION HARDWARE DESCRIPTION
  
 HOSTNAME     CPU TYPE, FREQUENCY AND MEMORY
 jeux   AMD Ryzen 5 5600 6-Core Processor               (x86_64), 3700 MHz,   6390 MB RAM,  18090 MB swap
  
 STACKSIZE  . . . . . . . . . . . . . . . . . . . . 1430 MB
 THREAD STACKSIZE . . . . . . . . . . . . . . . . . 400 MB
 
************************************************************************


 I02B_NORMAL_HIGH_MONO_R2D01                                                     


 FINAL TIME . . . . . . . . . . . . . . . . . . .   1.100000    

 TIME INTERVAL FOR TIME HISTORY PLOTS . . . . . .  0.2000000E-03

 TIME STEP SCALE FACTOR . . . . . . . . . . . . .  0.5000000E-01

 MINIMUM TIME STEP  . . . . . . . . . . . . . . .   0.000000    


 BRICK TIME STEP SCALE FACTOR . . . . . . . . . .  0.5000000E-01
 BRICK MINIMUM TIME STEP. . . . . . . . . . . . .   0.000000    
 MIN. TIME STEP FLAG (1:STOP RUN, 2:DELETE BRICK)     1

 QUAD TIME STEP SCALE FACTOR. . . . . . . . . . .  0.5000000E-01
 QUAD MINIMUM TIME STEP . . . . . . . . . . . . .   0.000000    
 MIN. TIME STEP FLAG (1:STOP RUN, 2:DELETE QUAD).     1

 SHELL TIME STEP SCALE FACTOR . . . . . . . . . .  0.5000000E-01
 SHELL MINIMUM TIME STEP. . . . . . . . . . . . .   0.000000    
 MIN. TIME FLAG (1:STOP, 2:DELETE, 3:SMALL STRAIN)    2

 TRUSS TIME STEP SCALE FACTOR . . . . . . . . . .  0.5000000E-01
 TRUSS MINIMUM TIME STEP. . . . . . . . . . . . .   0.000000    
 MIN. TIME FLAG (1:STOP, 2:DELETE). . . . . . . .     0

 BEAM TIME STEP SCALE FACTOR. . . . . . . . . . .  0.5000000E-01
 BEAM MINIMUM TIME STEP . . . . . . . . . . . . .   0.000000    
 MIN. TIME FLAG (1:STOP, 2:DELETE). . . . . . . .     0

 SPRING TIME STEP SCALE FACTOR. . . . . . . . . .  0.5000000E-01
 SPRING MINIMUM TIME STEP . . . . . . . . . . . .   0.000000    
 MIN. TIME FLAG (1:STOP, 2:DELETE). . . . . . . .     0

 AIRBAG TIME STEP SCALE FACTOR. . . . . . . . . .  0.5000000E-01
 AIRBAG MINIMUM TIME STEP . . . . . . . . . . . .   0.000000    
 MIN. TIME FLAG (1:STOP). . . . . . . . . . . . .     0

 CONTACT TIME STEP SCALE FACTOR . . . . . . . . .  0.5000000E-01
 CONTACT MINIMUM TIME STEP. . . . . . . . . . . .   0.000000    
 MIN. TIME FLAG(1:STOP, 2:REMOVE NODE FROM INTERF)    0

 PRINTOUT CYCLE FREQUENCY . . . . . . . . . . . .  -100

 RESTART CYCLE FREQUENCY. . . . . . . . . . . . .   10000000

 MAXIMUM RESTART WRITE BEFORE OVERWRITE . . . . .     0

 INVERS: INPUT DECK VERSION . . . . . . . . . . .  2026
 ITTYP : FLAG FOR TYPE OF T-FILE. . . . . . . . .     4

 INITIAL TIME STEP. . . . . . . . . . . . . . . .  0.1000000E-03
 MAXIMUM TIME STEP. . . . . . . . . . . . . . . .  0.1000000E-03

 PARALLEL ARITHMETIC ON
 NUMBER OF INTERFACES TO BE ELIMINATED. . . . . .        0

 NUMBER OF PARTS TO BE ELIMINATED . . . . . . . .        0

 NUMBER OF SOLID  ELEMENT BLOCKS TO BE ELIMINATED        0

 NUMBER OF QUAD   ELEMENT BLOCKS TO BE ELIMINATED        0

 NUMBER OF SHELL  ELEMENT BLOCKS TO BE ELIMINATED        0

 NUMBER OF TRUSS  ELEMENT BLOCKS TO BE ELIMINATED        0

 NUMBER OF BEAM   ELEMENT BLOCKS TO BE ELIMINATED        0

 NUMBER OF SPRING ELEMENT BLOCKS TO BE ELIMINATED        0

 NUMBER OF SH_3N  ELEMENT BLOCKS TO BE ELIMINATED        0

 NUMBER OF  SPH PARTICLES BLOCKS TO BE ELIMINATED        0

 NUMBER OF RIGID LINKS. . . . . . . . . . . . . .        0

 NUMBER OF NEW BOUNDARY CONDITIONS. . . . . . . .        0


 TIME FOR FIRST ANIMATION-FILE PLOT . . . . . . .  0.1000000E+31
 TIME INTERVAL FOR ANIMATION-FILE PLOTS . . . . .   0.000000    
 TIME TO STOP ANIMATION-FILE PLOTS. . . . . . . .  0.1000000E+21
 SENSOR FOR ANIMATION-FILE PLOTS. . . . . . . . .          0
 TIME INTERVAL FOR SENSOR ANIMATION-FILE PLOTS. .   0.000000    

 VARIABLE SAVED ON ANIMATION FILES (1: YES) :
      PLASTIC STRAIN. . . . . .     0
      DENSITY     (SOLID ONLY).     0
      SPECIFIC ENERGY . . . . .     0
      HOURGLASS ENERGY. . . . .     0
      TEMPERATURE (SOLID ONLY).     0
      THICKNESS   (SHELL ONLY).     0
      PRESSURE    (SOLID ONLY).     0
      VON MISES . . . . . . . .     0
      TURBULENT ENERGY (FLUID).     0
      TURBULENT VISCOSITY(FLUID)    0
      VORTICITY (FLUID) . . . .     0
 NODAL VALUES SAVED ON ANIMATION FILES (1: YES) :
      PRESSURE. . . . . . . . .     0
      DENSITY . . . . . . . . .     0
      TEMPERATURE . . . . . . .     0
 VECTOR SAVED ON ANIMATION FILES (1: YES) :
      VELOCITY VECTOR . . . . .     0
      DISPLACEMENT VECTOR . . .     0
      ACCELERATION VECTOR . . .     0
      CONTACT FORCES. . . . . .     0
      INTERNAL FORCES . . . . .     0
      EXTERNAL FORCES . . . . .     0
      SECTION RBY RWALL FORCES.     0
      ROTATIONAL VELOCITY VECTOR    0
      CONTACT PRESSURE (VECTORS)    0
 SHELL TENSOR SAVED ON ANIMATION FILES (1: YES) :
      MEMBRANE STRESS . . . . .     0
      BENDING STRESS(MOMENT/T^2)    0
      UPPER LAYER STRESS. . . .     0
      LOWER LAYER STRESS. . . .     0
      MEMBRANE STRAIN . . . . .     0
      CURVATURE . . . . . . . .     0
      UPPER LAYER STRAIN. . . .     0
      LOWER LAYER STRAIN. . . .     0
 NODAL MASS SAVED ON ANIMATION FILES (1: YES) :    0
 KEEP DELETED ELEMENT (1: YES) :    0


 12/09/2026
   CYCLE    TIME      TIME-STEP  ELEMENT          ERROR  I-ENERGY    K-ENERGY T  K-ENERGY R  EXT-WORK     MAS.ERR     TOTAL MASS  MASS ADDED
       0   0.000      0.1000E-03 SPRIN          1   0.0%   0.000       0.000       0.000       0.000       0.000       200.0       0.000    
     100  0.1000E-01  0.1000E-03 SPRIN          1  -0.2%  0.3060E-01  0.2135       0.000      0.2446       0.000       200.0       0.000    
     200  0.2000E-01  0.1000E-03 SPRIN          1  -0.0%  0.4831      0.8367       0.000       1.320       0.000       200.0       0.000    
     300  0.3000E-01  0.1000E-03 SPRIN          1  -0.0%   2.413       1.844       0.000       4.258       0.000       200.0       0.000    
     400  0.4000E-01  0.1000E-03 SPRIN          1  -0.0%   7.522       3.212       0.000       10.73       0.000       200.0       0.000    
     500  0.5000E-01  0.1000E-03 SPRIN          1  -0.0%   18.11       4.914       0.000       23.03       0.000       200.0       0.000    
     600  0.6000E-01  0.1000E-03 SPRIN          1  -0.0%   37.04       6.928       0.000       43.97       0.000       200.0       0.000    
     700  0.7000E-01  0.1000E-03 SPRIN          1  -0.0%   67.68       9.230       0.000       76.91       0.000       200.0       0.000    
     800  0.8000E-01  0.1000E-03 SPRIN          1  -0.0%   113.8       11.80       0.000       125.6       0.000       200.0       0.000    
     900  0.9000E-01  0.1000E-03 SPRIN          1  -0.0%   172.2       14.61       0.000       186.8       0.000       200.0       0.000    
    1000  0.1000      0.1000E-03 SPRIN          1  -0.0%   236.3       17.64       0.000       253.9       0.000       200.0       0.000    
    1100  0.1100      0.1000E-03 SPRIN          1  -0.0%   305.9       20.87       0.000       326.8       0.000       200.0       0.000    
    1200  0.1200      0.1000E-03 SPRIN          1  -0.0%   380.9       24.29       0.000       405.1       0.000       200.0       0.000    
    1300  0.1300      0.1000E-03 SPRIN          1  -0.0%   460.8       27.86       0.000       488.6       0.000       200.0       0.000    
    1400  0.1400      0.1000E-03 SPRIN          1  -0.0%   545.5       31.57       0.000       577.0       0.000       200.0       0.000    
    1500  0.1500      0.1000E-03 SPRIN          1  -0.0%   634.6       35.41       0.000       670.0       0.000       200.0       0.000    
    1600  0.1600      0.1000E-03 SPRIN          1  -0.0%   727.9       39.34       0.000       767.3       0.000       200.0       0.000    
    1700  0.1700      0.1000E-03 SPRIN          1  -0.0%   825.2       43.36       0.000       868.5       0.000       200.0       0.000    
    1800  0.1800      0.1000E-03 SPRIN          1  -0.0%   926.0       47.45       0.000       973.5       0.000       200.0       0.000    
    1900  0.1900      0.1000E-03 SPRIN          1  -0.0%   1030.       51.59       0.000       1082.       0.000       200.0       0.000    
    2000  0.2000      0.1000E-03 SPRIN          1  -0.0%   1138.       55.76       0.000       1193.       0.000       200.0       0.000    
    2100  0.2100      0.1000E-03 SPRIN          1  -0.0%   1248.       59.94       0.000       1308.       0.000       200.0       0.000    
    2200  0.2200      0.1000E-03 SPRIN          1  -0.0%   1360.       64.13       0.000       1424.       0.000       200.0       0.000    
    2300  0.2300      0.1000E-03 SPRIN          1  -0.0%   1475.       68.31       0.000       1543.       0.000       200.0       0.000    
    2400  0.2400      0.1000E-03 SPRIN          1  -0.0%   1592.       72.46       0.000       1664.       0.000       200.0       0.000    
    2500  0.2500      0.1000E-03 SPRIN          1  -0.0%   1710.       76.57       0.000       1787.       0.000       200.0       0.000    
    2600  0.2600      0.1000E-03 SPRIN          1  -0.0%   1830.       80.62       0.000       1910.       0.000       200.0       0.000    
    2700  0.2700      0.1000E-03 SPRIN          1  -0.0%   1951.       84.61       0.000       2035.       0.000       200.0       0.000    
    2800  0.2800      0.1000E-03 SPRIN          1  -0.0%   2072.       88.52       0.000       2161.       0.000       200.0       0.000    
    2900  0.2900      0.1000E-03 SPRIN          1  -0.0%   2195.       92.34       0.000       2287.       0.000       200.0       0.000    
    3000  0.3000      0.1000E-03 SPRIN          1  -0.0%   2318.       96.05       0.000       2414.       0.000       200.0       0.000    
    3100  0.3100      0.1000E-03 SPRIN          1  -0.0%   2440.       99.65       0.000       2540.       0.000       200.0       0.000    
    3200  0.3200      0.1000E-03 SPRIN          1  -0.0%   2563.       103.1       0.000       2666.       0.000       200.0       0.000    
    3300  0.3300      0.1000E-03 SPRIN          1  -0.0%   2686.       106.5       0.000       2792.       0.000       200.0       0.000    
    3400  0.3400      0.1000E-03 SPRIN          1  -0.0%   2807.       109.7       0.000       2917.       0.000       200.0       0.000    
    3500  0.3500      0.1000E-03 SPRIN          1  -0.0%   2928.       112.7       0.000       3041.       0.000       200.0       0.000    
    3600  0.3600      0.1000E-03 SPRIN          1  -0.0%   3048.       115.6       0.000       3164.       0.000       200.0       0.000    
    3700  0.3700      0.1000E-03 SPRIN          1  -0.0%   3167.       118.3       0.000       3285.       0.000       200.0       0.000    
    3800  0.3800      0.1000E-03 SPRIN          1  -0.0%   3284.       120.9       0.000       3405.       0.000       200.0       0.000    
    3900  0.3900      0.1000E-03 SPRIN          1  -0.0%   3400.       123.3       0.000       3523.       0.000       200.0       0.000    
    4000  0.4000      0.1000E-03 SPRIN          1  -0.0%   3513.       125.5       0.000       3639.       0.000       200.0       0.000    
    4100  0.4100      0.1000E-03 SPRIN          1  -0.0%   3625.       127.4       0.000       3753.       0.000       200.0       0.000    
    4200  0.4200      0.1000E-03 SPRIN          1  -0.0%   3735.       129.2       0.000       3864.       0.000       200.0       0.000    
    4300  0.4300      0.1000E-03 SPRIN          1  -0.0%   3842.       130.8       0.000       3973.       0.000       200.0       0.000    
    4400  0.4400      0.1000E-03 SPRIN          1  -0.0%   3947.       132.2       0.000       4079.       0.000       200.0       0.000    
    4500  0.4500      0.1000E-03 SPRIN          1  -0.0%   4050.       133.4       0.000       4183.       0.000       200.0       0.000    
    4600  0.4600      0.1000E-03 SPRIN          1  -0.0%   4149.       134.4       0.000       4284.       0.000       200.0       0.000    
    4700  0.4700      0.1000E-03 SPRIN          1  -0.0%   4246.       135.1       0.000       4381.       0.000       200.0       0.000    
    4800  0.4800      0.1000E-03 SPRIN          1  -0.0%   4340.       135.7       0.000       4476.       0.000       200.0       0.000    
    4900  0.4900      0.1000E-03 SPRIN          1  -0.0%   4431.       136.0       0.000       4567.       0.000       200.0       0.000    
    5000  0.5000      0.1000E-03 SPRIN          1   0.0%   4519.       136.1       0.000       4655.       0.000       200.0       0.000    
    5100  0.5100      0.1000E-03 SPRIN          1   0.0%   4604.       136.0       0.000       4740.       0.000       200.0       0.000    
    5200  0.5200      0.1000E-03 SPRIN          1   0.0%   4685.       135.7       0.000       4821.       0.000       200.0       0.000    
    5300  0.5300      0.1000E-03 SPRIN          1   0.0%   4763.       135.1       0.000       4899.       0.000       200.0       0.000    
    5400  0.5400      0.1000E-03 SPRIN          1   0.0%   4838.       134.4       0.000       4973.       0.000       200.0       0.000    
    5500  0.5500      0.1000E-03 SPRIN          1   0.0%   4910.       133.4       0.000       5043.       0.000       200.0       0.000    
    5600  0.5600      0.1000E-03 SPRIN          1   0.0%   4978.       132.2       0.000       5110.       0.000       200.0       0.000    
    5700  0.5700      0.1000E-03 SPRIN          1   0.0%   5043.       130.8       0.000       5174.       0.000       200.0       0.000    
    5800  0.5800      0.1000E-03 SPRIN          1   0.0%   5104.       129.2       0.000       5233.       0.000       200.0       0.000    
    5900  0.5900      0.1000E-03 SPRIN          1   0.0%   5162.       127.4       0.000       5289.       0.000       200.0       0.000    
    6000  0.6000      0.1000E-03 SPRIN          1   0.0%   5217.       125.5       0.000       5342.       0.000       200.0       0.000    
    6100  0.6100      0.1000E-03 SPRIN          1   0.0%   5268.       123.3       0.000       5391.       0.000       200.0       0.000    
    6200  0.6200      0.1000E-03 SPRIN          1   0.0%   5316.       120.9       0.000       5437.       0.000       200.0       0.000    
    6300  0.6300      0.1000E-03 SPRIN          1   0.0%   5360.       118.3       0.000       5479.       0.000       200.0       0.000    
    6400  0.6400      0.1000E-03 SPRIN          1   0.0%   5402.       115.6       0.000       5517.       0.000       200.0       0.000    
    6500  0.6500      0.1000E-03 SPRIN          1   0.0%   5440.       112.7       0.000       5553.       0.000       200.0       0.000    
    6600  0.6600      0.1000E-03 SPRIN          1   0.0%   5475.       109.7       0.000       5585.       0.000       200.0       0.000    
    6700  0.6700      0.1000E-03 SPRIN          1   0.0%   5507.       106.5       0.000       5614.       0.000       200.0       0.000    
    6800  0.6800      0.1000E-03 SPRIN          1   0.0%   5536.       103.1       0.000       5639.       0.000       200.0       0.000    
    6900  0.6900      0.1000E-03 SPRIN          1   0.0%   5562.       99.65       0.000       5662.       0.000       200.0       0.000    
    7000  0.7000      0.1000E-03 SPRIN          1   0.0%   5586.       96.05       0.000       5682.       0.000       200.0       0.000    
    7100  0.7100      0.1000E-03 SPRIN          1   0.0%   5607.       92.34       0.000       5699.       0.000       200.0       0.000    
    7200  0.7200      0.1000E-03 SPRIN          1  -0.0%   5625.       88.52       0.000       5714.       0.000       200.0       0.000    
    7300  0.7300      0.1000E-03 SPRIN          1  -0.0%   5641.       84.61       0.000       5726.       0.000       200.0       0.000    
    7400  0.7400      0.1000E-03 SPRIN          1  -0.0%   5655.       80.62       0.000       5735.       0.000       200.0       0.000    
    7500  0.7500      0.1000E-03 SPRIN          1  -0.0%   5666.       76.57       0.000       5743.       0.000       200.0       0.000    
    7600  0.7600      0.1000E-03 SPRIN          1  -0.0%   5675.       72.46       0.000       5748.       0.000       200.0       0.000    
    7700  0.7700      0.1000E-03 SPRIN          1  -0.0%   5683.       68.31       0.000       5751.       0.000       200.0       0.000    
    7800  0.7800      0.1000E-03 SPRIN          1  -0.0%   5688.       64.13       0.000       5752.       0.000       200.0       0.000    
    7900  0.7900      0.1000E-03 SPRIN          1  -0.0%   5692.       59.94       0.000       5752.       0.000       200.0       0.000    
    8000  0.8000      0.1000E-03 SPRIN          1  -0.0%   5695.       55.76       0.000       5751.       0.000       200.0       0.000    
    8100  0.8100      0.1000E-03 SPRIN          1  -0.0%   5696.       51.59       0.000       5747.       0.000       200.0       0.000    
 -- RUPTURE OF SPRING ELEMENT NUMBER          1
    8200  0.8200      0.1000E-03 SHELL          0  -0.0%   5696.       47.45       0.000       5743.       0.000       200.0       0.000    
    8300  0.8300      0.1000E-03 SHELL          0  -0.0%   5696.       43.36       0.000       5739.       0.000       200.0       0.000    
    8400  0.8400      0.1000E-03 SHELL          0  -0.0%   5696.       39.34       0.000       5735.       0.000       200.0       0.000    
    8500  0.8500      0.1000E-03 SHELL          0  -0.0%   5696.       35.41       0.000       5731.       0.000       200.0       0.000    
    8600  0.8600      0.1000E-03 SHELL          0  -0.0%   5696.       31.57       0.000       5728.       0.000       200.0       0.000    
    8700  0.8700      0.1000E-03 SHELL          0  -0.0%   5696.       27.86       0.000       5724.       0.000       200.0       0.000    
    8800  0.8800      0.1000E-03 SHELL          0  -0.0%   5696.       24.29       0.000       5720.       0.000       200.0       0.000    
    8900  0.8900      0.1000E-03 SHELL          0  -0.0%   5696.       20.87       0.000       5717.       0.000       200.0       0.000    
    9000  0.9000      0.1000E-03 SHELL          0  -0.0%   5696.       17.64       0.000       5714.       0.000       200.0       0.000    
    9100  0.9100      0.1000E-03 SHELL          0  -0.0%   5696.       14.61       0.000       5711.       0.000       200.0       0.000    
    9200  0.9200      0.1000E-03 SHELL          0  -0.0%   5696.       11.80       0.000       5708.       0.000       200.0       0.000    
    9300  0.9300      0.1000E-03 SHELL          0  -0.0%   5696.       9.230       0.000       5705.       0.000       200.0       0.000    
    9400  0.9400      0.1000E-03 SHELL          0  -0.0%   5696.       6.928       0.000       5703.       0.000       200.0       0.000    
    9500  0.9500      0.1000E-03 SHELL          0  -0.0%   5696.       4.914       0.000       5701.       0.000       200.0       0.000    
    9600  0.9600      0.1000E-03 SHELL          0  -0.0%   5696.       3.212       0.000       5699.       0.000       200.0       0.000    
    9700  0.9700      0.1000E-03 SHELL          0  -0.0%   5696.       1.844       0.000       5698.       0.000       200.0       0.000    
    9800  0.9800      0.1000E-03 SHELL          0  -0.0%   5696.      0.8367       0.000       5697.       0.000       200.0       0.000    
    9900  0.9900      0.1000E-03 SHELL          0  -0.0%   5696.      0.2135       0.000       5696.       0.000       200.0       0.000    
   CYCLE    TIME      TIME-STEP  ELEMENT          ERROR  I-ENERGY    K-ENERGY T  K-ENERGY R  EXT-WORK     MAS.ERR     TOTAL MASS  MASS ADDED
   10000   1.000      0.1000E-03 SHELL          0  -0.0%   5696.      0.1359E-03   0.000       5696.       0.000       200.0       0.000    
   10100   1.010      0.1000E-03 SHELL          0   0.0%   5696.       0.000       0.000       5696.       0.000       200.0       0.000    
   10200   1.020      0.1000E-03 SHELL          0   0.0%   5696.       0.000       0.000       5696.       0.000       200.0       0.000    
   10300   1.030      0.1000E-03 SHELL          0   0.0%   5696.       0.000       0.000       5696.       0.000       200.0       0.000    
   10400   1.040      0.1000E-03 SHELL          0   0.0%   5696.       0.000       0.000       5696.       0.000       200.0       0.000    
   10500   1.050      0.1000E-03 SHELL          0   0.0%   5696.       0.000       0.000       5696.       0.000       200.0       0.000    
   10600   1.060      0.1000E-03 SHELL          0   0.0%   5696.       0.000       0.000       5696.       0.000       200.0       0.000    
   10700   1.070      0.1000E-03 SHELL          0   0.0%   5696.       0.000       0.000       5696.       0.000       200.0       0.000    
   10800   1.080      0.1000E-03 SHELL          0   0.0%   5696.       0.000       0.000       5696.       0.000       200.0       0.000    
   10900   1.090      0.1000E-03 SHELL          0   0.0%   5696.       0.000       0.000       5696.       0.000       200.0       0.000    
   11000   1.100      0.1000E-03 SHELL          0   0.0%   5696.       0.000       0.000       5696.       0.000       200.0       0.000    

     RESTART FILES: I02B_NORMAL_HIGH_MONO_R2_0001_[0001-0001].rst WRITTEN
     -------------

  
                           ** CPU USER TIME **
  
  
                        ** SUMMARY **
  
 #PROC  ELEMENT   KINCOND   INTEG     IO        T0        ASM       RESOL    
   1   .3125E-01 .1562E-01 .1562E-01 .1562E+00 .9375E-01 .3125E-01 .6562E+00
  
 
                   ** CUMULATIVE CPU TIME SUMMARY **
  
 CONTACT SORTING.............: .0000E+00     0.00 % 
 CONTACT FORCES..............: .0000E+00     0.00 % 
 ELEMENT FORCES..............: .3125E-01     4.76 % 
 KINEMATIC COND..............: .1562E-01     2.38 % 
 INTEGRATION.................: .1562E-01     2.38 % 
 ASSEMBLING..................: .3125E-01     4.76 % 
 OTHERS (including I/O)......: .5625E+00    85.71 % 
 TOTAL.......................: .6562E+00   100.00 % 
  
  
                           ** ELAPSED TIME **
  
  
                        ** SUMMARY **
  
 #PROC  ELEMENT   KINCOND   INTEG     IO        T0        ASM       RESOL    
   1   .6014E-01 .4734E-01 .3560E-01 .1742E+00 .1210E+00 .2163E-01 .6495E+00
  
                   ** MEMORY USAGE STATISTICS **
  
 TOTAL MEMORY USED .........................:       46 MB
 MAXIMUM MEMORY PER PROCESSOR...............:       46 MB
 MINIMUM MEMORY PER PROCESSOR...............:       46 MB
 AVERAGE MEMORY PER PROCESSOR...............:       46 MB
  
                   ** DISK USAGE STATISTICS **
  
 TOTAL DISK SPACE USED .....................:          1 MB
 ANIMATION/H3D/TH/OUTP SIZE ................:          1 MB
 RESTART FILE SIZE .........................:          0 MB
  
                   ** COMPUTE TIME INFORMATION **
                        ** CURRENT ENGINE **
  
 EXECUTION STARTED .........................:      2026/09/12  17:40:36
 EXECUTION COMPLETED .......................:      2026/09/12  17:40:36
  
 ELAPSED TIME     =          0.68 s
                          0:00:00



     NORMAL TERMINATION      



     TOTAL NUMBER OF CYCLES  :   11001

  
                   ** COMPUTE RUNTIME INFORMATION SUMMARY **
  
        STARTER RUNTIME =          0.58s (00:00:00)
 # 001   ENGINE RUNTIME =          0.68s (00:00:00)
 ------------------------------ 
 STARTER+ENGINE RUNTIME =          1.26s (00:00:01)
  
