************************************************************************
**                                                                    **
**                                                                    **
**                         OpenRadioss Engine                         **
**                                                                    **
**            Non-linear Finite Element Analysis Software             **
**                                                                    **
**                                                                    **
**                                                                    **
**                  Windows 64 bits, Intel compiler                   **
**                      Double Precision Version                      **
**                                                                    **
**                                                                    **
**                                                                    **
************************************************************************
** OpenRadioss Software                                               **
** COPYRIGHT (C) 2026 Siemens                                         **
** Licensed under GNU Affero General Public License.                  **
** See License file.                                                  **
************************************************************************
 
 ROOT: I02C_DYN_G_HIGH_H025_R3  RESTART: 0001
 NUMBER OF HMPP PROCESSES     1
 13/09/2026
 NC=       0 T= 0.0000E+00 DT= 5.0000E-05 ERR=  0.0% DM/M= 0.0000E+00
     ANIMATION FILE: I02C_DYN_G_HIGH_H025_R3A001 WRITTEN
 NC=     100 T= 5.0000E-03 DT= 5.0000E-05 ERR=  0.0% DM/M= 0.0000E+00
 ELAPSED TIME=          0.06 s  REMAINING TIME=          2.46 s
     ANIMATION FILE: I02C_DYN_G_HIGH_H025_R3A002 WRITTEN
 NC=     200 T= 1.0000E-02 DT= 5.0000E-05 ERR=  0.0% DM/M= 0.0000E+00
 ELAPSED TIME=          0.08 s  REMAINING TIME=          1.70 s
     ANIMATION FILE: I02C_DYN_G_HIGH_H025_R3A003 WRITTEN
 NC=     300 T= 1.5000E-02 DT= 5.0000E-05 ERR=  0.0% DM/M= 0.0000E+00
 ELAPSED TIME=          0.11 s  REMAINING TIME=          1.43 s
 NC=     400 T= 2.0000E-02 DT= 5.0000E-05 ERR=  0.0% DM/M= 0.0000E+00
 ELAPSED TIME=          0.13 s  REMAINING TIME=          1.27 s
     ANIMATION FILE: I02C_DYN_G_HIGH_H025_R3A004 WRITTEN
 NC=     500 T= 2.5000E-02 DT= 5.0000E-05 ERR=  0.0% DM/M= 0.0000E+00
 ELAPSED TIME=          0.16 s  REMAINING TIME=          1.17 s
     ANIMATION FILE: I02C_DYN_G_HIGH_H025_R3A005 WRITTEN
 NC=     600 T= 3.0000E-02 DT= 5.0000E-05 ERR=  0.0% DM/M= 0.0000E+00
 ELAPSED TIME=          0.18 s  REMAINING TIME=          1.10 s
 NC=     700 T= 3.5000E-02 DT= 5.0000E-05 ERR=  0.0% DM/M= 0.0000E+00
 ELAPSED TIME=          0.21 s  REMAINING TIME=          1.03 s
     ANIMATION FILE: I02C_DYN_G_HIGH_H025_R3A006 WRITTEN
 NC=     800 T= 4.0000E-02 DT= 5.0000E-05 ERR=  0.0% DM/M= 0.0000E+00
 ELAPSED TIME=          0.23 s  REMAINING TIME=          0.99 s
     ANIMATION FILE: I02C_DYN_G_HIGH_H025_R3A007 WRITTEN
 NC=     900 T= 4.5000E-02 DT= 5.0000E-05 ERR=  0.0% DM/M= 0.0000E+00
 ELAPSED TIME=          0.26 s  REMAINING TIME=          0.94 s
     ANIMATION FILE: I02C_DYN_G_HIGH_H025_R3A008 WRITTEN
 NC=    1000 T= 5.0000E-02 DT= 5.0000E-05 ERR=  0.0% DM/M= 0.0000E+00
 ELAPSED TIME=          0.28 s  REMAINING TIME=          0.90 s
 NC=    1100 T= 5.5000E-02 DT= 5.0000E-05 ERR=  0.0% DM/M= 0.0000E+00
 ELAPSED TIME=          0.31 s  REMAINING TIME=          0.86 s
     ANIMATION FILE: I02C_DYN_G_HIGH_H025_R3A009 WRITTEN
 NC=    1200 T= 6.0000E-02 DT= 5.0000E-05 ERR=  0.0% DM/M= 0.0000E+00
 ELAPSED TIME=          0.33 s  REMAINING TIME=          0.82 s
     ANIMATION FILE: I02C_DYN_G_HIGH_H025_R3A010 WRITTEN
 NC=    1300 T= 6.5000E-02 DT= 5.0000E-05 ERR=  0.0% DM/M= 0.0000E+00
 ELAPSED TIME=          0.36 s  REMAINING TIME=          0.79 s
 NC=    1400 T= 7.0000E-02 DT= 5.0000E-05 ERR=  0.0% DM/M= 0.0000E+00
 ELAPSED TIME=          0.38 s  REMAINING TIME=          0.76 s
     ANIMATION FILE: I02C_DYN_G_HIGH_H025_R3A011 WRITTEN
 NC=    1500 T= 7.5000E-02 DT= 5.0000E-05 ERR=  0.0% DM/M= 0.0000E+00
 ELAPSED TIME=          0.41 s  REMAINING TIME=          0.73 s
     ANIMATION FILE: I02C_DYN_G_HIGH_H025_R3A012 WRITTEN
 NC=    1600 T= 8.0000E-02 DT= 5.0000E-05 ERR=  0.0% DM/M= 0.0000E+00
 ELAPSED TIME=          0.43 s  REMAINING TIME=          0.70 s
     ANIMATION FILE: I02C_DYN_G_HIGH_H025_R3A013 WRITTEN
 NC=    1700 T= 8.5000E-02 DT= 5.0000E-05 ERR=  0.0% DM/M= 0.0000E+00
 ELAPSED TIME=          0.46 s  REMAINING TIME=          0.67 s
 NC=    1800 T= 9.0000E-02 DT= 5.0000E-05 ERR=  0.0% DM/M= 0.0000E+00
 ELAPSED TIME=          0.48 s  REMAINING TIME=          0.64 s
     ANIMATION FILE: I02C_DYN_G_HIGH_H025_R3A014 WRITTEN
 NC=    1900 T= 9.5000E-02 DT= 5.0000E-05 ERR=  0.0% DM/M= 0.0000E+00
 ELAPSED TIME=          0.50 s  REMAINING TIME=          0.61 s
     ANIMATION FILE: I02C_DYN_G_HIGH_H025_R3A015 WRITTEN
 NC=    2000 T= 1.0000E-01 DT= 5.0000E-05 ERR=  0.0% DM/M= 0.0000E+00
 ELAPSED TIME=          0.53 s  REMAINING TIME=          0.58 s
 NC=    2100 T= 1.0500E-01 DT= 5.0000E-05 ERR=  0.0% DM/M= 0.0000E+00
 ELAPSED TIME=          0.55 s  REMAINING TIME=          0.55 s
     ANIMATION FILE: I02C_DYN_G_HIGH_H025_R3A016 WRITTEN
 NC=    2200 T= 1.1000E-01 DT= 5.0000E-05 ERR=  0.0% DM/M= 0.0000E+00
 ELAPSED TIME=          0.58 s  REMAINING TIME=          0.53 s
     ANIMATION FILE: I02C_DYN_G_HIGH_H025_R3A017 WRITTEN
 NC=    2300 T= 1.1500E-01 DT= 5.0000E-05 ERR=  0.0% DM/M= 0.0000E+00
 ELAPSED TIME=          0.60 s  REMAINING TIME=          0.50 s
     ANIMATION FILE: I02C_DYN_G_HIGH_H025_R3A018 WRITTEN
 NC=    2400 T= 1.2000E-01 DT= 5.0000E-05 ERR=  0.0% DM/M= 0.0000E+00
 ELAPSED TIME=          0.63 s  REMAINING TIME=          0.47 s
 NC=    2500 T= 1.2500E-01 DT= 5.0000E-05 ERR=  0.0% DM/M= 0.0000E+00
 ELAPSED TIME=          0.65 s  REMAINING TIME=          0.44 s
     ANIMATION FILE: I02C_DYN_G_HIGH_H025_R3A019 WRITTEN
 NC=    2600 T= 1.3000E-01 DT= 5.0000E-05 ERR=  0.0% DM/M= 0.0000E+00
 ELAPSED TIME=          0.68 s  REMAINING TIME=          0.42 s
     ANIMATION FILE: I02C_DYN_G_HIGH_H025_R3A020 WRITTEN
 NC=    2700 T= 1.3500E-01 DT= 5.0000E-05 ERR=  0.0% DM/M= 0.0000E+00
 ELAPSED TIME=          0.70 s  REMAINING TIME=          0.39 s
 NC=    2800 T= 1.4000E-01 DT= 5.0000E-05 ERR=  0.0% DM/M= 0.0000E+00
 ELAPSED TIME=          0.73 s  REMAINING TIME=          0.36 s
     ANIMATION FILE: I02C_DYN_G_HIGH_H025_R3A021 WRITTEN
 NC=    2900 T= 1.4500E-01 DT= 5.0000E-05 ERR=  0.0% DM/M= 0.0000E+00
 ELAPSED TIME=          0.75 s  REMAINING TIME=          0.34 s
     ANIMATION FILE: I02C_DYN_G_HIGH_H025_R3A022 WRITTEN
 NC=    3000 T= 1.5000E-01 DT= 5.0000E-05 ERR=  0.0% DM/M= 0.0000E+00
 ELAPSED TIME=          0.78 s  REMAINING TIME=          0.31 s
     ANIMATION FILE: I02C_DYN_G_HIGH_H025_R3A023 WRITTEN
 NC=    3100 T= 1.5500E-01 DT= 5.0000E-05 ERR=  0.0% DM/M= 0.0000E+00
 ELAPSED TIME=          0.80 s  REMAINING TIME=          0.28 s
 NC=    3200 T= 1.6000E-01 DT= 5.0000E-05 ERR=  0.0% DM/M= 0.0000E+00
 ELAPSED TIME=          0.83 s  REMAINING TIME=          0.26 s
     ANIMATION FILE: I02C_DYN_G_HIGH_H025_R3A024 WRITTEN
 NC=    3300 T= 1.6500E-01 DT= 5.0000E-05 ERR=  0.0% DM/M= 0.0000E+00
 ELAPSED TIME=          0.85 s  REMAINING TIME=          0.23 s
     ANIMATION FILE: I02C_DYN_G_HIGH_H025_R3A025 WRITTEN
 NC=    3400 T= 1.7000E-01 DT= 5.0000E-05 ERR=  0.0% DM/M= 0.0000E+00
 ELAPSED TIME=          0.88 s  REMAINING TIME=          0.21 s
 NC=    3500 T= 1.7500E-01 DT= 5.0000E-05 ERR=  0.0% DM/M= 0.0000E+00
 ELAPSED TIME=          0.90 s  REMAINING TIME=          0.18 s
     ANIMATION FILE: I02C_DYN_G_HIGH_H025_R3A026 WRITTEN
 NC=    3600 T= 1.8000E-01 DT= 5.0000E-05 ERR=  0.0% DM/M= 0.0000E+00
 ELAPSED TIME=          0.92 s  REMAINING TIME=          0.15 s
     ANIMATION FILE: I02C_DYN_G_HIGH_H025_R3A027 WRITTEN
 NC=    3700 T= 1.8500E-01 DT= 5.0000E-05 ERR=  0.0% DM/M= 0.0000E+00
 ELAPSED TIME=          0.95 s  REMAINING TIME=          0.13 s
     ANIMATION FILE: I02C_DYN_G_HIGH_H025_R3A028 WRITTEN
 NC=    3800 T= 1.9000E-01 DT= 5.0000E-05 ERR=  0.0% DM/M= 0.0000E+00
 ELAPSED TIME=          0.97 s  REMAINING TIME=          0.10 s
 NC=    3900 T= 1.9500E-01 DT= 5.0000E-05 ERR=  0.0% DM/M= 0.0000E+00
 ELAPSED TIME=          1.00 s  REMAINING TIME=          0.08 s
     ANIMATION FILE: I02C_DYN_G_HIGH_H025_R3A029 WRITTEN
 NC=    4000 T= 2.0000E-01 DT= 5.0000E-05 ERR=  0.0% DM/M= 0.0000E+00
 ELAPSED TIME=          1.02 s  REMAINING TIME=          0.05 s
     ANIMATION FILE: I02C_DYN_G_HIGH_H025_R3A030 WRITTEN
 NC=    4100 T= 2.0500E-01 DT= 5.0000E-05 ERR=  0.0% DM/M= 0.0000E+00
 ELAPSED TIME=          1.05 s  REMAINING TIME=          0.03 s
 NC=    4200 T= 2.1000E-01 DT= 5.0000E-05 ERR=  0.0% DM/M= 0.0000E+00
 ELAPSED TIME=          1.07 s  REMAINING TIME=          0.00 s
     RESTART FILES: I02C_DYN_G_HIGH_H025_R3_0001_[0001-0001].rst WRITTEN
     ANIMATION FILE: I02C_DYN_G_HIGH_H025_R3A031 WRITTEN
  
                           ** CPU USER TIME **
  
  
                        ** SUMMARY **
  
 #PROC  ELEMENT   KINCOND   INTEG     IO        T0        ASM       RESOL    
   1   .4375E+00 .3125E-01 .0000E+00 .3750E+00 .3125E-01 .6250E-01 .1047E+01
 
                   ** CUMULATIVE CPU TIME SUMMARY **
  
 CONTACT SORTING.............: .0000E+00     0.00 % 
 CONTACT FORCES..............: .0000E+00     0.00 % 
 ELEMENT FORCES..............: .4375E+00    41.79 % 
 KINEMATIC COND..............: .3125E-01     2.99 % 
 INTEGRATION.................: .0000E+00     0.00 % 
 ASSEMBLING..................: .6250E-01     5.97 % 
 OTHERS (including I/O)......: .5156E+00    49.25 % 
 TOTAL.......................: .1047E+01   100.00 % 
  
                   ** MEMORY USAGE STATISTICS **
  
 TOTAL MEMORY USED .........................:       49 MB
 MAXIMUM MEMORY PER PROCESSOR...............:       49 MB
 MINIMUM MEMORY PER PROCESSOR...............:       49 MB
 AVERAGE MEMORY PER PROCESSOR...............:       49 MB
  
                   ** DISK USAGE STATISTICS **
  
 TOTAL DISK SPACE USED .....................:         12 MB
 ANIMATION/H3D/TH/OUTP SIZE ................:         11 MB
 RESTART FILE SIZE .........................:          0 MB
  
 ELAPSED TIME     =          1.08 s
                          0:00:01
  
     NORMAL TERMINATION      
     TOTAL NUMBER OF CYCLES  :    4202
