************************************************************************
**                                                                    **
**                                                                    **
**                         OpenRadioss Engine                         **
**                                                                    **
**            Non-linear Finite Element Analysis Software             **
**                                                                    **
**                                                                    **
**                                                                    **
**                  Windows 64 bits, Intel compiler                   **
**                      Double Precision Version                      **
**                                                                    **
**                                                                    **
**                                                                    **
************************************************************************
** OpenRadioss Software                                               **
** COPYRIGHT (C) 2026 Siemens                                         **
** Licensed under GNU Affero General Public License.                  **
** See License file.                                                  **
************************************************************************
 
 ROOT: I02A_FREE_M050  RESTART: 0001
 NUMBER OF HMPP PROCESSES     1
 12/09/2026
 NC=       0 T= 0.0000E+00 DT= 1.4496E-04 ERR=  0.0% DM/M= 0.0000E+00
     ANIMATION FILE: I02A_FREE_M050A001 WRITTEN
 NC=     100 T= 1.4496E-02 DT= 1.4496E-04 ERR=  0.0% DM/M= 0.0000E+00
 ELAPSED TIME=          1.34 s  REMAINING TIME=        109.89 s
 NC=     200 T= 2.8992E-02 DT= 1.4496E-04 ERR=  0.0% DM/M= 0.0000E+00
 ELAPSED TIME=          2.57 s  REMAINING TIME=        103.80 s
 NC=     300 T= 4.3488E-02 DT= 1.4496E-04 ERR=  0.0% DM/M= 0.0000E+00
 ELAPSED TIME=          3.72 s  REMAINING TIME=         99.03 s
     ANIMATION FILE: I02A_FREE_M050A002 WRITTEN
 NC=     400 T= 5.7983E-02 DT= 1.4496E-04 ERR=  0.0% DM/M= 0.0000E+00
 ELAPSED TIME=          4.91 s  REMAINING TIME=         96.70 s
 NC=     500 T= 7.2479E-02 DT= 1.4496E-04 ERR=  0.0% DM/M= 0.0000E+00
 ELAPSED TIME=          6.05 s  REMAINING TIME=         94.19 s
 NC=     600 T= 8.6975E-02 DT= 1.4496E-04 ERR=  0.0% DM/M= 0.0000E+00
 ELAPSED TIME=          7.21 s  REMAINING TIME=         92.22 s
     ANIMATION FILE: I02A_FREE_M050A003 WRITTEN
 NC=     700 T= 1.0147E-01 DT= 1.4496E-04 ERR=  0.0% DM/M= 0.0000E+00
 ELAPSED TIME=          8.39 s  REMAINING TIME=         90.80 s
 NC=     800 T= 1.1597E-01 DT= 1.4496E-04 ERR=  0.0% DM/M= 0.0000E+00
 ELAPSED TIME=          9.54 s  REMAINING TIME=         89.17 s
 NC=     900 T= 1.3046E-01 DT= 1.4496E-04 ERR=  0.0% DM/M= 0.0000E+00
 ELAPSED TIME=         10.68 s  REMAINING TIME=         87.56 s
 NC=    1000 T= 1.4496E-01 DT= 1.4496E-04 ERR=  0.0% DM/M= 0.0000E+00
 ELAPSED TIME=         11.82 s  REMAINING TIME=         86.02 s
     ANIMATION FILE: I02A_FREE_M050A004 WRITTEN
 NC=    1100 T= 1.5945E-01 DT= 1.4496E-04 ERR=  0.0% DM/M= 0.0000E+00
 ELAPSED TIME=         12.99 s  REMAINING TIME=         84.79 s
 NC=    1200 T= 1.7395E-01 DT= 1.4496E-04 ERR=  0.0% DM/M= 0.0000E+00
 ELAPSED TIME=         14.17 s  REMAINING TIME=         83.57 s
 NC=    1300 T= 1.8845E-01 DT= 1.4496E-04 ERR=  0.0% DM/M= 0.0000E+00
 ELAPSED TIME=         15.31 s  REMAINING TIME=         82.18 s
     ANIMATION FILE: I02A_FREE_M050A005 WRITTEN
 NC=    1400 T= 2.0294E-01 DT= 1.4496E-04 ERR=  0.0% DM/M= 0.0000E+00
 ELAPSED TIME=         16.48 s  REMAINING TIME=         80.99 s
 NC=    1500 T= 2.1744E-01 DT= 1.4496E-04 ERR=  0.0% DM/M= 0.0000E+00
 ELAPSED TIME=         17.62 s  REMAINING TIME=         79.64 s
 NC=    1600 T= 2.3193E-01 DT= 1.4496E-04 ERR=  0.0% DM/M= 0.0000E+00
 ELAPSED TIME=         18.77 s  REMAINING TIME=         78.36 s
 NC=    1700 T= 2.4643E-01 DT= 1.4496E-04 ERR=  0.0% DM/M= 0.0000E+00
 ELAPSED TIME=         19.92 s  REMAINING TIME=         77.07 s
     ANIMATION FILE: I02A_FREE_M050A006 WRITTEN
 NC=    1800 T= 2.6093E-01 DT= 1.4496E-04 ERR=  0.0% DM/M= 0.0000E+00
 ELAPSED TIME=         21.10 s  REMAINING TIME=         75.93 s
 NC=    1900 T= 2.7542E-01 DT= 1.4496E-04 ERR=  0.0% DM/M= 0.0000E+00
 ELAPSED TIME=         22.25 s  REMAINING TIME=         74.71 s
 NC=    2000 T= 2.8992E-01 DT= 1.4496E-04 ERR=  0.0% DM/M= 0.0000E+00
 ELAPSED TIME=         23.45 s  REMAINING TIME=         73.62 s
     ANIMATION FILE: I02A_FREE_M050A007 WRITTEN
 NC=    2100 T= 3.0441E-01 DT= 1.4496E-04 ERR=  0.0% DM/M= 0.0000E+00
 ELAPSED TIME=         24.64 s  REMAINING TIME=         72.51 s
 NC=    2200 T= 3.1891E-01 DT= 1.4496E-04 ERR=  0.0% DM/M= 0.0000E+00
 ELAPSED TIME=         25.80 s  REMAINING TIME=         71.28 s
 NC=    2300 T= 3.3341E-01 DT= 1.4496E-04 ERR=  0.0% DM/M= 0.0000E+00
 ELAPSED TIME=         26.95 s  REMAINING TIME=         70.05 s
 NC=    2400 T= 3.4790E-01 DT= 1.4496E-04 ERR=  0.0% DM/M= 0.0000E+00
 ELAPSED TIME=         28.10 s  REMAINING TIME=         68.81 s
     ANIMATION FILE: I02A_FREE_M050A008 WRITTEN
 NC=    2500 T= 3.6240E-01 DT= 1.4496E-04 ERR=  0.0% DM/M= 0.0000E+00
 ELAPSED TIME=         29.27 s  REMAINING TIME=         67.66 s
 NC=    2600 T= 3.7689E-01 DT= 1.4496E-04 ERR=  0.0% DM/M= 0.0000E+00
 ELAPSED TIME=         30.41 s  REMAINING TIME=         66.41 s
 NC=    2700 T= 3.9139E-01 DT= 1.4496E-04 ERR=  0.0% DM/M= 0.0000E+00
 ELAPSED TIME=         31.55 s  REMAINING TIME=         65.18 s
     ANIMATION FILE: I02A_FREE_M050A009 WRITTEN
 NC=    2800 T= 4.0588E-01 DT= 1.4496E-04 ERR=  0.0% DM/M= 0.0000E+00
 ELAPSED TIME=         32.73 s  REMAINING TIME=         64.04 s
 NC=    2900 T= 4.2038E-01 DT= 1.4496E-04 ERR=  0.0% DM/M= 0.0000E+00
 ELAPSED TIME=         33.95 s  REMAINING TIME=         62.96 s
 NC=    3000 T= 4.3488E-01 DT= 1.4496E-04 ERR=  0.0% DM/M= 0.0000E+00
 ELAPSED TIME=         35.19 s  REMAINING TIME=         61.92 s
 NC=    3100 T= 4.4937E-01 DT= 1.4496E-04 ERR=  0.0% DM/M= 0.0000E+00
 ELAPSED TIME=         36.37 s  REMAINING TIME=         60.76 s
     ANIMATION FILE: I02A_FREE_M050A010 WRITTEN
 NC=    3200 T= 4.6387E-01 DT= 1.4496E-04 ERR=  0.0% DM/M= 0.0000E+00
 ELAPSED TIME=         37.65 s  REMAINING TIME=         59.75 s
 NC=    3300 T= 4.7836E-01 DT= 1.4496E-04 ERR=  0.0% DM/M= 0.0000E+00
 ELAPSED TIME=         38.90 s  REMAINING TIME=         58.68 s
 NC=    3400 T= 4.9286E-01 DT= 1.4496E-04 ERR=  0.0% DM/M= 0.0000E+00
 ELAPSED TIME=         40.08 s  REMAINING TIME=         57.51 s
     ANIMATION FILE: I02A_FREE_M050A011 WRITTEN
 NC=    3500 T= 5.0736E-01 DT= 1.4496E-04 ERR=  0.0% DM/M= 0.0000E+00
 ELAPSED TIME=         41.30 s  REMAINING TIME=         56.38 s
 NC=    3600 T= 5.2185E-01 DT= 1.4496E-04 ERR=  0.0% DM/M= 0.0000E+00
 ELAPSED TIME=         42.49 s  REMAINING TIME=         55.21 s
 NC=    3700 T= 5.3635E-01 DT= 1.4496E-04 ERR=  0.0% DM/M= 0.0000E+00
 ELAPSED TIME=         43.69 s  REMAINING TIME=         54.06 s
     ANIMATION FILE: I02A_FREE_M050A012 WRITTEN
 NC=    3800 T= 5.5084E-01 DT= 1.4496E-04 ERR=  0.0% DM/M= 0.0000E+00
 ELAPSED TIME=         44.92 s  REMAINING TIME=         52.94 s
 NC=    3900 T= 5.6534E-01 DT= 1.4496E-04 ERR=  0.0% DM/M= 0.0000E+00
 ELAPSED TIME=         46.10 s  REMAINING TIME=         51.75 s
 NC=    4000 T= 5.7983E-01 DT= 1.4496E-04 ERR=  0.0% DM/M= 0.0000E+00
 ELAPSED TIME=         47.32 s  REMAINING TIME=         50.61 s
 NC=    4100 T= 5.9433E-01 DT= 1.4496E-04 ERR=  0.0% DM/M= 0.0000E+00
 ELAPSED TIME=         48.57 s  REMAINING TIME=         49.49 s
     ANIMATION FILE: I02A_FREE_M050A013 WRITTEN
 NC=    4200 T= 6.0883E-01 DT= 1.4496E-04 ERR=  0.0% DM/M= 0.0000E+00
 ELAPSED TIME=         49.81 s  REMAINING TIME=         48.37 s
 NC=    4300 T= 6.2332E-01 DT= 1.4496E-04 ERR=  0.0% DM/M= 0.0000E+00
 ELAPSED TIME=         50.99 s  REMAINING TIME=         47.18 s
 NC=    4400 T= 6.3782E-01 DT= 1.4496E-04 ERR=  0.0% DM/M= 0.0000E+00
 ELAPSED TIME=         52.13 s  REMAINING TIME=         45.95 s
     ANIMATION FILE: I02A_FREE_M050A014 WRITTEN
 NC=    4500 T= 6.5231E-01 DT= 1.4496E-04 ERR=  0.0% DM/M= 0.0000E+00
 ELAPSED TIME=         53.30 s  REMAINING TIME=         44.75 s
 NC=    4600 T= 6.6681E-01 DT= 1.4496E-04 ERR=  0.0% DM/M= 0.0000E+00
 ELAPSED TIME=         54.47 s  REMAINING TIME=         43.55 s
 NC=    4700 T= 6.8131E-01 DT= 1.4496E-04 ERR=  0.0% DM/M= 0.0000E+00
 ELAPSED TIME=         55.60 s  REMAINING TIME=         42.33 s
 NC=    4800 T= 6.9580E-01 DT= 1.4496E-04 ERR=  0.0% DM/M= 0.0000E+00
 ELAPSED TIME=         56.80 s  REMAINING TIME=         41.16 s
     ANIMATION FILE: I02A_FREE_M050A015 WRITTEN
 NC=    4900 T= 7.1030E-01 DT= 1.4496E-04 ERR=  0.0% DM/M= 0.0000E+00
 ELAPSED TIME=         58.09 s  REMAINING TIME=         40.05 s
 NC=    5000 T= 7.2479E-01 DT= 1.4496E-04 ERR=  0.0% DM/M= 0.0000E+00
 ELAPSED TIME=         59.31 s  REMAINING TIME=         38.89 s
 NC=    5100 T= 7.3929E-01 DT= 1.4496E-04 ERR=  0.0% DM/M= 0.0000E+00
 ELAPSED TIME=         60.52 s  REMAINING TIME=         37.71 s
     ANIMATION FILE: I02A_FREE_M050A016 WRITTEN
 NC=    5200 T= 7.5379E-01 DT= 1.4496E-04 ERR=  0.0% DM/M= 0.0000E+00
 ELAPSED TIME=         61.69 s  REMAINING TIME=         36.52 s
 NC=    5300 T= 7.6828E-01 DT= 1.4496E-04 ERR=  0.0% DM/M= 0.0000E+00
 ELAPSED TIME=         62.85 s  REMAINING TIME=         35.32 s
 NC=    5400 T= 7.8278E-01 DT= 1.4496E-04 ERR=  0.0% DM/M= 0.0000E+00
 ELAPSED TIME=         64.08 s  REMAINING TIME=         34.15 s
 NC=    5500 T= 7.9727E-01 DT= 1.4496E-04 ERR=  0.0% DM/M= 0.0000E+00
 ELAPSED TIME=         65.33 s  REMAINING TIME=         33.00 s
     ANIMATION FILE: I02A_FREE_M050A017 WRITTEN
 NC=    5600 T= 8.1177E-01 DT= 1.4496E-04 ERR=  0.0% DM/M= 0.0000E+00
 ELAPSED TIME=         66.56 s  REMAINING TIME=         31.83 s
 NC=    5700 T= 8.2626E-01 DT= 1.4496E-04 ERR=  0.0% DM/M= 0.0000E+00
 ELAPSED TIME=         67.70 s  REMAINING TIME=         30.62 s
 NC=    5800 T= 8.4076E-01 DT= 1.4496E-04 ERR=  0.0% DM/M= 0.0000E+00
 ELAPSED TIME=         68.85 s  REMAINING TIME=         29.42 s
     ANIMATION FILE: I02A_FREE_M050A018 WRITTEN
 NC=    5900 T= 8.5526E-01 DT= 1.4496E-04 ERR=  0.0% DM/M= 0.0000E+00
 ELAPSED TIME=         70.09 s  REMAINING TIME=         28.25 s
 NC=    6000 T= 8.6975E-01 DT= 1.4496E-04 ERR=  0.0% DM/M= 0.0000E+00
 ELAPSED TIME=         71.25 s  REMAINING TIME=         27.05 s
 NC=    6100 T= 8.8425E-01 DT= 1.4496E-04 ERR=  0.0% DM/M= 0.0000E+00
 ELAPSED TIME=         72.40 s  REMAINING TIME=         25.85 s
 NC=    6200 T= 8.9874E-01 DT= 1.4496E-04 ERR=  0.0% DM/M= 0.0000E+00
 ELAPSED TIME=         73.58 s  REMAINING TIME=         24.66 s
     ANIMATION FILE: I02A_FREE_M050A019 WRITTEN
 NC=    6300 T= 9.1324E-01 DT= 1.4496E-04 ERR=  0.0% DM/M= 0.0000E+00
 ELAPSED TIME=         74.79 s  REMAINING TIME=         23.48 s
 NC=    6400 T= 9.2774E-01 DT= 1.4496E-04 ERR=  0.0% DM/M= 0.0000E+00
 ELAPSED TIME=         75.95 s  REMAINING TIME=         22.29 s
 NC=    6500 T= 9.4223E-01 DT= 1.4496E-04 ERR=  0.0% DM/M= 0.0000E+00
 ELAPSED TIME=         77.17 s  REMAINING TIME=         21.11 s
     ANIMATION FILE: I02A_FREE_M050A020 WRITTEN
 NC=    6600 T= 9.5673E-01 DT= 1.4496E-04 ERR=  0.0% DM/M= 0.0000E+00
 ELAPSED TIME=         78.37 s  REMAINING TIME=         19.93 s
 NC=    6700 T= 9.7122E-01 DT= 1.4496E-04 ERR=  0.0% DM/M= 0.0000E+00
 ELAPSED TIME=         79.51 s  REMAINING TIME=         18.73 s
 NC=    6800 T= 9.8572E-01 DT= 1.4496E-04 ERR=  0.0% DM/M= 0.0000E+00
 ELAPSED TIME=         80.65 s  REMAINING TIME=         17.53 s
     ANIMATION FILE: I02A_FREE_M050A021 WRITTEN
 NC=    6900 T= 1.0002E+00 DT= 1.4496E-04 ERR=  0.0% DM/M= 0.0000E+00
 ELAPSED TIME=         81.83 s  REMAINING TIME=         16.34 s
 NC=    7000 T= 1.0147E+00 DT= 1.4496E-04 ERR=  0.0% DM/M= 0.0000E+00
 ELAPSED TIME=         82.99 s  REMAINING TIME=         15.15 s
 NC=    7100 T= 1.0292E+00 DT= 1.4496E-04 ERR=  0.0% DM/M= 0.0000E+00
 ELAPSED TIME=         84.13 s  REMAINING TIME=         13.96 s
 NC=    7200 T= 1.0437E+00 DT= 1.4496E-04 ERR=  0.0% DM/M= 0.0000E+00
 ELAPSED TIME=         85.27 s  REMAINING TIME=         12.77 s
     ANIMATION FILE: I02A_FREE_M050A022 WRITTEN
 NC=    7300 T= 1.0582E+00 DT= 1.4496E-04 ERR=  0.0% DM/M= 0.0000E+00
 ELAPSED TIME=         86.45 s  REMAINING TIME=         11.58 s
 NC=    7400 T= 1.0727E+00 DT= 1.4496E-04 ERR=  0.0% DM/M= 0.0000E+00
 ELAPSED TIME=         87.58 s  REMAINING TIME=         10.39 s
 NC=    7500 T= 1.0872E+00 DT= 1.4496E-04 ERR=  0.0% DM/M= 0.0000E+00
 ELAPSED TIME=         88.71 s  REMAINING TIME=          9.21 s
     ANIMATION FILE: I02A_FREE_M050A023 WRITTEN
 NC=    7600 T= 1.1017E+00 DT= 1.4496E-04 ERR=  0.0% DM/M= 0.0000E+00
 ELAPSED TIME=         89.94 s  REMAINING TIME=          8.03 s
 NC=    7700 T= 1.1162E+00 DT= 1.4496E-04 ERR=  0.0% DM/M= 0.0000E+00
 ELAPSED TIME=         91.08 s  REMAINING TIME=          6.84 s
 NC=    7800 T= 1.1307E+00 DT= 1.4496E-04 ERR=  0.0% DM/M= 0.0000E+00
 ELAPSED TIME=         92.23 s  REMAINING TIME=          5.65 s
 NC=    7900 T= 1.1452E+00 DT= 1.4496E-04 ERR=  0.0% DM/M= 0.0000E+00
 ELAPSED TIME=         93.43 s  REMAINING TIME=          4.47 s
     ANIMATION FILE: I02A_FREE_M050A024 WRITTEN
 NC=    8000 T= 1.1597E+00 DT= 1.4496E-04 ERR=  0.0% DM/M= 0.0000E+00
 ELAPSED TIME=         94.72 s  REMAINING TIME=          3.29 s
 NC=    8100 T= 1.1742E+00 DT= 1.4496E-04 ERR=  0.0% DM/M= 0.0000E+00
 ELAPSED TIME=         95.95 s  REMAINING TIME=          2.11 s
 NC=    8200 T= 1.1887E+00 DT= 1.4496E-04 ERR=  0.0% DM/M= 0.0000E+00
 ELAPSED TIME=         97.13 s  REMAINING TIME=          0.93 s
     RESTART FILES: I02A_FREE_M050_0001_[0001-0001].rst WRITTEN
     ANIMATION FILE: I02A_FREE_M050A025 WRITTEN
  
                           ** CPU USER TIME **
  
  
                        ** SUMMARY **
  
 #PROC  ELEMENT   KINCOND   INTEG     IO        T0        ASM       RESOL    
   1   .8891E+02 .4219E+00 .1531E+01 .4297E+01 .1719E+00 .2469E+01 .9803E+02
 
                   ** CUMULATIVE CPU TIME SUMMARY **
  
 CONTACT SORTING.............: .0000E+00     0.00 % 
 CONTACT FORCES..............: .0000E+00     0.00 % 
 ELEMENT FORCES..............: .8891E+02    90.69 % 
 KINEMATIC COND..............: .4219E+00     0.43 % 
 INTEGRATION.................: .1531E+01     1.56 % 
 ASSEMBLING..................: .2469E+01     2.52 % 
 OTHERS (including I/O)......: .4703E+01     4.80 % 
 TOTAL.......................: .9803E+02   100.00 % 
  
                   ** MEMORY USAGE STATISTICS **
  
 TOTAL MEMORY USED .........................:      116 MB
 MAXIMUM MEMORY PER PROCESSOR...............:      116 MB
 MINIMUM MEMORY PER PROCESSOR...............:      116 MB
 AVERAGE MEMORY PER PROCESSOR...............:      116 MB
  
                   ** DISK USAGE STATISTICS **
  
 TOTAL DISK SPACE USED .....................:         83 MB
 ANIMATION/H3D/TH/OUTP SIZE ................:         52 MB
 RESTART FILE SIZE .........................:         31 MB
  
 ELAPSED TIME     =         98.23 s
                          0:01:38
  
     NORMAL TERMINATION      
     TOTAL NUMBER OF CYCLES  :    8280
