************************************************************************
**                                                                    **
**                                                                    **
**                        OpenRadioss Starter                         **
**                                                                    **
**            Non-linear Finite Element Analysis Software             **
**                                                                    **
**                                                                    **
**                                                                    **
**                  Windows 64 bits, Intel compiler                   **
**                      Double Precision Version                      **
**                                                                    **
**                                                                    **
**                                                                    **
************************************************************************
** OpenRadioss Software                                               **
** COPYRIGHT (C) 2026 Siemens                                         **
** Licensed under GNU Affero General Public License.                  **
** See License file.                                                  **
************************************************************************
 

WARNING ID : 100214
** WARNING IN INPUT OPTIONS
DESCRIPTION :  
-- BLOCK: /PROP/SHELL/1
-- LINE: 5         1              7.9375
unsupported field exists
SOLUTION :     
    Please check input format and fields description defined in the Reference Guide.

WARNING ID : 100214
** WARNING IN INPUT OPTIONS
DESCRIPTION :  
-- BLOCK: /PROP/SHELL/2
-- LINE: 5         1               9.525
unsupported field exists
SOLUTION :     
    Please check input format and fields description defined in the Reference Guide.

WARNING ID : 100214
** WARNING IN INPUT OPTIONS
DESCRIPTION :  
-- BLOCK: /PROP/SHELL/3
-- LINE: 5         1                2.54
unsupported field exists
SOLUTION :     
    Please check input format and fields description defined in the Reference Guide.

WARNING ID : 100214
** WARNING IN INPUT OPTIONS
DESCRIPTION :  
-- BLOCK: /PROP/SHELL/4
-- LINE: 5         1               3.175
unsupported field exists
SOLUTION :     
    Please check input format and fields description defined in the Reference Guide.

WARNING ID : 100214
** WARNING IN INPUT OPTIONS
DESCRIPTION :  
-- BLOCK: /PROP/SHELL/5
-- LINE: 5         1               3.175
unsupported field exists
SOLUTION :     
    Please check input format and fields description defined in the Reference Guide.

WARNING ID : 100214
** WARNING IN INPUT OPTIONS
DESCRIPTION :  
-- BLOCK: /PROP/SHELL/6
-- LINE: 5         1               3.175
unsupported field exists
SOLUTION :     
    Please check input format and fields description defined in the Reference Guide.

WARNING ID : 100214
** WARNING IN INPUT OPTIONS
DESCRIPTION :  
-- BLOCK: /PROP/SHELL/7
-- LINE: 5         1               3.175
unsupported field exists
SOLUTION :     
    Please check input format and fields description defined in the Reference Guide.
I02A_FREE_M050
 .. UNITS SYSTEM                                                                         
 .. CONTROL VARIABLES                                                                    
 .. STARTER RUNNING ON    1 THREAD
 .. MATERIALS                                                                            
 .. NODES                                                                                
 .. PROPERTIES                                                                           
 .. 3D SHELL ELEMENTS                                                                    
 .. SUBSETS
 .. ELEMENT GROUPS
 .. PART GROUPS
 .. SURFACES 
 .. NODE GROUP
 .. BOUNDARY CONDITIONS                                                                  
 .. INITIAL VELOCITIES                                                                   
 .. DOMAIN DECOMPOSITION
 .. ELEMENT GROUPS                                                                       
 .. ELEMENT BUFFER INITIALIZATION                                                        
 .. GEOMETRY PLOT FILE                                                                   
 .. PARALLEL RESTART FILES GENERATION                                                    
  
------------------------------------------------------------------------
  
                   ** COMPUTE TIME INFORMATION **
  
 EXECUTION STARTED      :      2026/09/12  12:00:33
 EXECUTION COMPLETED    :      2026/09/12  12:00:38
  
 ELAPSED TIME...........=          4.56 s
                               00:00:04
  
------------------------------------------------------------------------



     TERMINATION WITH WARNING           
     ------------------                                                                  
              0 ERROR(S)            
              7 WARNING(S)          




PLEASE CHECK LISTING FILE FOR FURTHER DETAILS


