 A09_PENALTY_FREE_0001.out
************************************************************************
**                                                                    **
**                                                                    **
**                         OpenRadioss Engine                         **
**                                                                    **
**            Non-linear Finite Element Analysis Software             **
**                                                                    **
**                                                                    **
**                                                                    **
**                  Windows 64 bits, Intel compiler                   **
**                      Double Precision Version                      **
**                                                                    **
**                                                                    **
**                                                                    **
************************************************************************
** OpenRadioss Software                                               **
** COPYRIGHT (C) 2026 Siemens                                         **
** Licensed under GNU Affero General Public License.                  **
** See License file.                                                  **
************************************************************************
 
 NUMBER OF SPMD DOMAINS           1
 NUMBER OF THREADS PER DOMAIN     2
 NUMBER OF HMPP PROCESSES         2
  
 COMPUTATION HARDWARE DESCRIPTION
  
 HOSTNAME     CPU TYPE, FREQUENCY AND MEMORY
 jeux   AMD Ryzen 5 5600 6-Core Processor               (x86_64), 3700 MHz,   6260 MB RAM,  18473 MB swap
  
 STACKSIZE  . . . . . . . . . . . . . . . . . . . . 1430 MB
 THREAD STACKSIZE . . . . . . . . . . . . . . . . . 400 MB
 
************************************************************************


 A09_PENALTY_FREED01                                                             


 FINAL TIME . . . . . . . . . . . . . . . . . . .  0.4000000    

 TIME INTERVAL FOR TIME HISTORY PLOTS . . . . . .  0.2000000E-02

 TIME STEP SCALE FACTOR . . . . . . . . . . . . .  0.8000000    

 MINIMUM TIME STEP  . . . . . . . . . . . . . . .   0.000000    


 BRICK TIME STEP SCALE FACTOR . . . . . . . . . .  0.8000000    
 BRICK MINIMUM TIME STEP. . . . . . . . . . . . .   0.000000    
 MIN. TIME STEP FLAG (1:STOP RUN, 2:DELETE BRICK)     1

 QUAD TIME STEP SCALE FACTOR. . . . . . . . . . .  0.8000000    
 QUAD MINIMUM TIME STEP . . . . . . . . . . . . .   0.000000    
 MIN. TIME STEP FLAG (1:STOP RUN, 2:DELETE QUAD).     1

 SHELL TIME STEP SCALE FACTOR . . . . . . . . . .  0.8000000    
 SHELL MINIMUM TIME STEP. . . . . . . . . . . . .   0.000000    
 MIN. TIME FLAG (1:STOP, 2:DELETE, 3:SMALL STRAIN)    2

 TRUSS TIME STEP SCALE FACTOR . . . . . . . . . .  0.8000000    
 TRUSS MINIMUM TIME STEP. . . . . . . . . . . . .   0.000000    
 MIN. TIME FLAG (1:STOP, 2:DELETE). . . . . . . .     0

 BEAM TIME STEP SCALE FACTOR. . . . . . . . . . .  0.8000000    
 BEAM MINIMUM TIME STEP . . . . . . . . . . . . .   0.000000    
 MIN. TIME FLAG (1:STOP, 2:DELETE). . . . . . . .     0

 SPRING TIME STEP SCALE FACTOR. . . . . . . . . .  0.8000000    
 SPRING MINIMUM TIME STEP . . . . . . . . . . . .   0.000000    
 MIN. TIME FLAG (1:STOP, 2:DELETE). . . . . . . .     0

 AIRBAG TIME STEP SCALE FACTOR. . . . . . . . . .  0.8000000    
 AIRBAG MINIMUM TIME STEP . . . . . . . . . . . .   0.000000    
 MIN. TIME FLAG (1:STOP). . . . . . . . . . . . .     0

 CONTACT TIME STEP SCALE FACTOR . . . . . . . . .  0.8000000    
 CONTACT MINIMUM TIME STEP. . . . . . . . . . . .   0.000000    
 MIN. TIME FLAG(1:STOP, 2:REMOVE NODE FROM INTERF)    0

 PRINTOUT CYCLE FREQUENCY . . . . . . . . . . . .    10

 RESTART CYCLE FREQUENCY. . . . . . . . . . . . .   10000000

 MAXIMUM RESTART WRITE BEFORE OVERWRITE . . . . .     0

 INVERS: INPUT DECK VERSION . . . . . . . . . . .  2026
 ITTYP : FLAG FOR TYPE OF T-FILE. . . . . . . . .     4

 INITIAL TIME STEP. . . . . . . . . . . . . . . .   0.000000    
 MAXIMUM TIME STEP. . . . . . . . . . . . . . . .  0.1000000E+21

 PARALLEL ARITHMETIC ON
 NUMBER OF INTERFACES TO BE ELIMINATED. . . . . .        0

 NUMBER OF PARTS TO BE ELIMINATED . . . . . . . .        0

 NUMBER OF SOLID  ELEMENT BLOCKS TO BE ELIMINATED        0

 NUMBER OF QUAD   ELEMENT BLOCKS TO BE ELIMINATED        0

 NUMBER OF SHELL  ELEMENT BLOCKS TO BE ELIMINATED        0

 NUMBER OF TRUSS  ELEMENT BLOCKS TO BE ELIMINATED        0

 NUMBER OF BEAM   ELEMENT BLOCKS TO BE ELIMINATED        0

 NUMBER OF SPRING ELEMENT BLOCKS TO BE ELIMINATED        0

 NUMBER OF SH_3N  ELEMENT BLOCKS TO BE ELIMINATED        0

 NUMBER OF  SPH PARTICLES BLOCKS TO BE ELIMINATED        0

 NUMBER OF RIGID LINKS. . . . . . . . . . . . . .        0

 NUMBER OF NEW BOUNDARY CONDITIONS. . . . . . . .        0


 TIME FOR FIRST ANIMATION-FILE PLOT . . . . . . .   0.000000    
 TIME INTERVAL FOR ANIMATION-FILE PLOTS . . . . .  0.1000000    
 TIME TO STOP ANIMATION-FILE PLOTS. . . . . . . .  0.1000000E+21
 SENSOR FOR ANIMATION-FILE PLOTS. . . . . . . . .          0
 TIME INTERVAL FOR SENSOR ANIMATION-FILE PLOTS. .   0.000000    

 VARIABLE SAVED ON ANIMATION FILES (1: YES) :
      PLASTIC STRAIN. . . . . .     0
      DENSITY     (SOLID ONLY).     0
      SPECIFIC ENERGY . . . . .     1
      HOURGLASS ENERGY. . . . .     0
      TEMPERATURE (SOLID ONLY).     0
      THICKNESS   (SHELL ONLY).     0
      PRESSURE    (SOLID ONLY).     0
      VON MISES . . . . . . . .     0
      TURBULENT ENERGY (FLUID).     0
      TURBULENT VISCOSITY(FLUID)    0
      VORTICITY (FLUID) . . . .     0
 NODAL VALUES SAVED ON ANIMATION FILES (1: YES) :
      PRESSURE. . . . . . . . .     0
      DENSITY . . . . . . . . .     0
      TEMPERATURE . . . . . . .     0
 VECTOR SAVED ON ANIMATION FILES (1: YES) :
      VELOCITY VECTOR . . . . .     1
      DISPLACEMENT VECTOR . . .     1
      ACCELERATION VECTOR . . .     0
      CONTACT FORCES. . . . . .     0
      INTERNAL FORCES . . . . .     0
      EXTERNAL FORCES . . . . .     0
      SECTION RBY RWALL FORCES.     0
      ROTATIONAL VELOCITY VECTOR    0
      CONTACT PRESSURE (VECTORS)    0
 SHELL TENSOR SAVED ON ANIMATION FILES (1: YES) :
      MEMBRANE STRESS . . . . .     0
      BENDING STRESS(MOMENT/T^2)    0
      UPPER LAYER STRESS. . . .     0
      LOWER LAYER STRESS. . . .     0
      MEMBRANE STRAIN . . . . .     0
      CURVATURE . . . . . . . .     0
      UPPER LAYER STRAIN. . . .     0
      LOWER LAYER STRAIN. . . .     0
 NODAL MASS SAVED ON ANIMATION FILES (1: YES) :    1
 KEEP DELETED ELEMENT (1: YES) :    0


 06/10/2026
   CYCLE    TIME      TIME-STEP  ELEMENT          ERROR  I-ENERGY    K-ENERGY T  K-ENERGY R  EXT-WORK     MAS.ERR     TOTAL MASS  MASS ADDED
       0   0.000      0.7461E-03 NODE        2042   0.0%   0.000      0.2441E+13   0.000       0.000       0.000      0.1913E+09   0.000    
     ANIMATION FILE: A09_PENALTY_FREEA001 WRITTEN
      10  0.7461E-02  0.7461E-03 NODE        2042   0.0%   0.000      0.2441E+13   0.000       0.000       0.000      0.1913E+09   0.000    
      20  0.1492E-01  0.7461E-03 NODE        2042   0.0%   0.000      0.2441E+13   0.000       0.000       0.000      0.1913E+09   0.000    
      30  0.2238E-01  0.7461E-03 NODE        2042   0.0%   0.000      0.2441E+13   0.000       0.000       0.000      0.1913E+09   0.000    
      40  0.2984E-01  0.7461E-03 NODE        2042   0.0%   0.000      0.2441E+13   0.000       0.000       0.000      0.1913E+09   0.000    
      50  0.3730E-01  0.7461E-03 NODE        2042   0.0%   0.000      0.2441E+13   0.000       0.000       0.000      0.1913E+09   0.000    
      60  0.4476E-01  0.7461E-03 NODE        2042   0.0%   0.000      0.2441E+13   0.000       0.000       0.000      0.1913E+09   0.000    
      70  0.5222E-01  0.7461E-03 NODE        2042   0.0%   0.000      0.2441E+13   0.000       0.000       0.000      0.1913E+09   0.000    
      80  0.5968E-01  0.7461E-03 NODE        2042   0.0%   0.000      0.2441E+13   0.000       0.000       0.000      0.1913E+09   0.000    
      90  0.6714E-01  0.7461E-03 NODE        2042   0.0%   0.000      0.2441E+13   0.000       0.000       0.000      0.1913E+09   0.000    
     100  0.7461E-01  0.7461E-03 NODE        2042   0.0%   0.000      0.2441E+13   0.000       0.000       0.000      0.1913E+09   0.000    
     110  0.8207E-01  0.7461E-03 NODE        2042   0.0%   0.000      0.2441E+13   0.000       0.000       0.000      0.1913E+09   0.000    
     120  0.8953E-01  0.7461E-03 NODE        2042   0.0%   0.000      0.2441E+13   0.000       0.000       0.000      0.1913E+09   0.000    
     130  0.9699E-01  0.7461E-03 NODE        2042   0.0%   0.000      0.2441E+13   0.000       0.000       0.000      0.1913E+09   0.000    
     ANIMATION FILE: A09_PENALTY_FREEA002 WRITTEN
     140  0.1044      0.7461E-03 NODE        2042   0.0%   0.000      0.2441E+13   0.000       0.000       0.000      0.1913E+09   0.000    
     150  0.1119      0.7461E-03 NODE        2042   0.0%   0.000      0.2441E+13   0.000       0.000       0.000      0.1913E+09   0.000    
     160  0.1194      0.7461E-03 NODE        2042   0.0%   0.000      0.2441E+13   0.000       0.000       0.000      0.1913E+09   0.000    
     170  0.1268      0.7461E-03 NODE        2042   0.0%   0.000      0.2441E+13   0.000       0.000       0.000      0.1913E+09   0.000    
     180  0.1343      0.7461E-03 NODE        2042   0.0%   0.000      0.2441E+13   0.000       0.000       0.000      0.1913E+09   0.000    
     190  0.1417      0.7461E-03 NODE        2042   0.0%   0.000      0.2441E+13   0.000       0.000       0.000      0.1913E+09   0.000    
     200  0.1492      0.7461E-03 NODE        2042   0.0%   0.000      0.2441E+13   0.000       0.000       0.000      0.1913E+09   0.000    
     210  0.1567      0.7461E-03 NODE        2042   0.0%   0.000      0.2441E+13   0.000       0.000       0.000      0.1913E+09   0.000    
     220  0.1641      0.7461E-03 NODE        2042   0.0%   0.000      0.2441E+13   0.000       0.000       0.000      0.1913E+09   0.000    
     230  0.1716      0.7461E-03 NODE        2042   0.0%   0.000      0.2441E+13   0.000       0.000       0.000      0.1913E+09   0.000    
     240  0.1791      0.7461E-03 NODE        2042   0.0%   0.000      0.2441E+13   0.000       0.000       0.000      0.1913E+09   0.000    
     250  0.1865      0.7461E-03 NODE        2042   0.0%   0.000      0.2441E+13   0.000       0.000       0.000      0.1913E+09   0.000    
     260  0.1940      0.7461E-03 NODE        2042   0.0%   0.000      0.2441E+13   0.000       0.000       0.000      0.1913E+09   0.000    
     ANIMATION FILE: A09_PENALTY_FREEA003 WRITTEN
     270  0.2014      0.7461E-03 NODE        2042   0.0%   0.000      0.2441E+13   0.000       0.000       0.000      0.1913E+09   0.000    
     280  0.2089      0.7461E-03 NODE        2042   0.0%   0.000      0.2441E+13   0.000       0.000       0.000      0.1913E+09   0.000    
     290  0.2164      0.7461E-03 NODE        2042   0.0%   0.000      0.2441E+13   0.000       0.000       0.000      0.1913E+09   0.000    
     300  0.2238      0.7461E-03 NODE        2042   0.0%   0.000      0.2441E+13   0.000       0.000       0.000      0.1913E+09   0.000    
     310  0.2313      0.7461E-03 NODE        2042   0.0%   0.000      0.2441E+13   0.000       0.000       0.000      0.1913E+09   0.000    
     320  0.2387      0.7461E-03 NODE        2042   0.0%   0.000      0.2441E+13   0.000       0.000       0.000      0.1913E+09   0.000    
     330  0.2462      0.7461E-03 NODE        2042   0.0%   0.000      0.2441E+13   0.000       0.000       0.000      0.1913E+09   0.000    
     340  0.2537      0.7461E-03 NODE        2042   0.0%   0.000      0.2441E+13   0.000       0.000       0.000      0.1913E+09   0.000    
     350  0.2611      0.7461E-03 NODE        2042   0.0%   0.000      0.2441E+13   0.000       0.000       0.000      0.1913E+09   0.000    
     360  0.2686      0.7461E-03 NODE        2042   0.0%   0.000      0.2441E+13   0.000       0.000       0.000      0.1913E+09   0.000    
     370  0.2760      0.7461E-03 NODE        2042   0.0%   0.000      0.2441E+13   0.000       0.000       0.000      0.1913E+09   0.000    
     380  0.2835      0.7461E-03 NODE        2042   0.0%   0.000      0.2441E+13   0.000       0.000       0.000      0.1913E+09   0.000    
     390  0.2910      0.7461E-03 NODE        2042   0.0%   0.000      0.2441E+13   0.000       0.000       0.000      0.1913E+09   0.000    
     400  0.2984      0.7461E-03 NODE        2042   0.0%   0.000      0.2441E+13   0.000       0.000       0.000      0.1913E+09   0.000    
     ANIMATION FILE: A09_PENALTY_FREEA004 WRITTEN
     410  0.3059      0.7461E-03 NODE        2042   0.0%   0.000      0.2441E+13   0.000       0.000       0.000      0.1913E+09   0.000    
     420  0.3133      0.7461E-03 NODE        2042   0.0%   0.000      0.2441E+13   0.000       0.000       0.000      0.1913E+09   0.000    
     430  0.3208      0.7461E-03 NODE        2042   0.0%   0.000      0.2441E+13   0.000       0.000       0.000      0.1913E+09   0.000    
     440  0.3283      0.7461E-03 NODE        2042   0.0%   0.000      0.2441E+13   0.000       0.000       0.000      0.1913E+09   0.000    
     450  0.3357      0.7461E-03 NODE        2042   0.0%   0.000      0.2441E+13   0.000       0.000       0.000      0.1913E+09   0.000    
     460  0.3432      0.7461E-03 NODE        2042   0.0%  0.1949E-29  0.2441E+13  0.7796E-32   0.000       0.000      0.1913E+09   0.000    
     470  0.3506      0.7461E-03 NODE        2042   0.0%  0.1887E-28  0.2441E+13  0.6995E-30   0.000       0.000      0.1913E+09   0.000    
     480  0.3581      0.7461E-03 NODE        2042   0.0%  0.4980E-28  0.2441E+13  0.5460E-29   0.000       0.000      0.1913E+09   0.000    
     490  0.3656      0.7461E-03 NODE        2042   0.0%  0.9223E-28  0.2441E+13  0.1993E-28   0.000       0.000      0.1913E+09   0.000    
     500  0.3730      0.7461E-03 NODE        2042   0.0%  0.4092E-27  0.2441E+13  0.5317E-28   0.000       0.000      0.1913E+09   0.000    
     510  0.3805      0.7461E-03 NODE        2042   0.0%  0.1531E-26  0.2441E+13  0.1749E-27   0.000       0.000      0.1913E+09   0.000    
     520  0.3879      0.7461E-03 NODE        2042   0.0%  0.3229E-26  0.2441E+13  0.5893E-27   0.000       0.000      0.1913E+09   0.000    
     530  0.3954      0.7461E-03 NODE        2042   0.0%  0.5105E-26  0.2441E+13  0.1572E-26   0.000       0.000      0.1913E+09   0.000    

     RESTART FILES: A09_PENALTY_FREE_0001_[0001-0001].rst WRITTEN
     -------------

     ANIMATION FILE: A09_PENALTY_FREEA005 WRITTEN
  
                           ** CPU USER TIME **
  
  
                        ** SUMMARY **
  
 #PROC  CONTSORT  CONTFOR   ELEMENT   KINCOND   INTEG     IO        T0        ASM       RESOL    
   1   .1562E-01 .0000E+00 .1064E+02 .6406E+00 .2500E+00 .2266E+01 .9375E-01 .2969E+00 .1484E+02
  
 
                   ** CUMULATIVE CPU TIME SUMMARY **
  
 CONTACT SORTING.............: .1562E-01     0.11 % 
 CONTACT FORCES..............: .0000E+00     0.00 % 
 ELEMENT FORCES..............: .1064E+02    71.68 % 
 KINEMATIC COND..............: .6406E+00     4.32 % 
 INTEGRATION.................: .2500E+00     1.68 % 
 ASSEMBLING..................: .2969E+00     2.00 % 
 OTHERS (including I/O)......: .3000E+01    20.21 % 
 TOTAL.......................: .1484E+02   100.00 % 
  
  
                           ** ELAPSED TIME **
  
  
                        ** SUMMARY **
  
 #PROC  CONTSORT  CONTFOR   ELEMENT   KINCOND   INTEG     IO        T0        ASM       RESOL    
   1   .1631E-01 .2811E-02 .5358E+01 .3235E+00 .9281E-01 .1110E+01 .1285E-01 .1920E+00 .7421E+01
  
                   ** MEMORY USAGE STATISTICS **
  
 TOTAL MEMORY USED .........................:      239 MB
 MAXIMUM MEMORY PER PROCESSOR...............:      239 MB
 MINIMUM MEMORY PER PROCESSOR...............:      239 MB
 AVERAGE MEMORY PER PROCESSOR...............:      239 MB
  
                   ** DISK USAGE STATISTICS **
  
 TOTAL DISK SPACE USED .....................:        113 MB
 ANIMATION/H3D/TH/OUTP SIZE ................:         53 MB
 RESTART FILE SIZE .........................:         59 MB
  
                   ** COMPUTE TIME INFORMATION **
                        ** CURRENT ENGINE **
  
 EXECUTION STARTED .........................:      2026/10/06  18:20:09
 EXECUTION COMPLETED .......................:      2026/10/06  18:20:16
  
 ELAPSED TIME     =          7.61 s
                          0:00:07



     NORMAL TERMINATION      



     TOTAL NUMBER OF CYCLES  :     538

  
                   ** COMPUTE RUNTIME INFORMATION SUMMARY **
  
        STARTER RUNTIME =          1.19s (00:00:01)
 # 001   ENGINE RUNTIME =          7.61s (00:00:07)
 ------------------------------ 
 STARTER+ENGINE RUNTIME =          8.80s (00:00:08)
  
