 A14_AREA_N4_MAIN3_R0_0001.out
************************************************************************
**                                                                    **
**                                                                    **
**                         OpenRadioss Engine                         **
**                                                                    **
**            Non-linear Finite Element Analysis Software             **
**                                                                    **
**                                                                    **
**                                                                    **
**                  Windows 64 bits, Intel compiler                   **
**                      Double Precision Version                      **
**                                                                    **
**                                                                    **
**                                                                    **
************************************************************************
** OpenRadioss Software                                               **
** COPYRIGHT (C) 2026 Siemens                                         **
** Licensed under GNU Affero General Public License.                  **
** See License file.                                                  **
************************************************************************
 
 NUMBER OF SPMD DOMAINS           1
 NUMBER OF THREADS PER DOMAIN     2
 NUMBER OF HMPP PROCESSES         2
  
 COMPUTATION HARDWARE DESCRIPTION
  
 HOSTNAME     CPU TYPE, FREQUENCY AND MEMORY
 jeux   AMD Ryzen 5 5600 6-Core Processor               (x86_64), 3700 MHz,   9949 MB RAM,  20277 MB swap
  
 STACKSIZE  . . . . . . . . . . . . . . . . . . . . 1430 MB
 THREAD STACKSIZE . . . . . . . . . . . . . . . . . 400 MB
 
************************************************************************


 A14_AREA_N4_MAIN3_R0D01                                                         


 FINAL TIME . . . . . . . . . . . . . . . . . . .  0.4000000E-01

 TIME INTERVAL FOR TIME HISTORY PLOTS . . . . . .  0.1000000E-05

 TIME STEP SCALE FACTOR . . . . . . . . . . . . .  0.5000000E-01

 MINIMUM TIME STEP  . . . . . . . . . . . . . . .   0.000000    


 BRICK TIME STEP SCALE FACTOR . . . . . . . . . .  0.5000000E-01
 BRICK MINIMUM TIME STEP. . . . . . . . . . . . .   0.000000    
 MIN. TIME STEP FLAG (1:STOP RUN, 2:DELETE BRICK)     1

 QUAD TIME STEP SCALE FACTOR. . . . . . . . . . .  0.5000000E-01
 QUAD MINIMUM TIME STEP . . . . . . . . . . . . .   0.000000    
 MIN. TIME STEP FLAG (1:STOP RUN, 2:DELETE QUAD).     1

 SHELL TIME STEP SCALE FACTOR . . . . . . . . . .  0.5000000E-01
 SHELL MINIMUM TIME STEP. . . . . . . . . . . . .   0.000000    
 MIN. TIME FLAG (1:STOP, 2:DELETE, 3:SMALL STRAIN)    2

 TRUSS TIME STEP SCALE FACTOR . . . . . . . . . .  0.5000000E-01
 TRUSS MINIMUM TIME STEP. . . . . . . . . . . . .   0.000000    
 MIN. TIME FLAG (1:STOP, 2:DELETE). . . . . . . .     0

 BEAM TIME STEP SCALE FACTOR. . . . . . . . . . .  0.5000000E-01
 BEAM MINIMUM TIME STEP . . . . . . . . . . . . .   0.000000    
 MIN. TIME FLAG (1:STOP, 2:DELETE). . . . . . . .     0

 SPRING TIME STEP SCALE FACTOR. . . . . . . . . .  0.5000000E-01
 SPRING MINIMUM TIME STEP . . . . . . . . . . . .   0.000000    
 MIN. TIME FLAG (1:STOP, 2:DELETE). . . . . . . .     0

 AIRBAG TIME STEP SCALE FACTOR. . . . . . . . . .  0.5000000E-01
 AIRBAG MINIMUM TIME STEP . . . . . . . . . . . .   0.000000    
 MIN. TIME FLAG (1:STOP). . . . . . . . . . . . .     0

 CONTACT TIME STEP SCALE FACTOR . . . . . . . . .  0.5000000E-01
 CONTACT MINIMUM TIME STEP. . . . . . . . . . . .   0.000000    
 MIN. TIME FLAG(1:STOP, 2:REMOVE NODE FROM INTERF)    0

 PRINTOUT CYCLE FREQUENCY . . . . . . . . . . . .    10

 RESTART CYCLE FREQUENCY. . . . . . . . . . . . .   10000000

 MAXIMUM RESTART WRITE BEFORE OVERWRITE . . . . .     0

 INVERS: INPUT DECK VERSION . . . . . . . . . . .  2026
 ITTYP : FLAG FOR TYPE OF T-FILE. . . . . . . . .     4

 INITIAL TIME STEP. . . . . . . . . . . . . . . .   0.000000    
 MAXIMUM TIME STEP. . . . . . . . . . . . . . . .  0.1000000E+21

 PARALLEL ARITHMETIC ON
 NUMBER OF INTERFACES TO BE ELIMINATED. . . . . .        0

 NUMBER OF PARTS TO BE ELIMINATED . . . . . . . .        0

 NUMBER OF SOLID  ELEMENT BLOCKS TO BE ELIMINATED        0

 NUMBER OF QUAD   ELEMENT BLOCKS TO BE ELIMINATED        0

 NUMBER OF SHELL  ELEMENT BLOCKS TO BE ELIMINATED        0

 NUMBER OF TRUSS  ELEMENT BLOCKS TO BE ELIMINATED        0

 NUMBER OF BEAM   ELEMENT BLOCKS TO BE ELIMINATED        0

 NUMBER OF SPRING ELEMENT BLOCKS TO BE ELIMINATED        0

 NUMBER OF SH_3N  ELEMENT BLOCKS TO BE ELIMINATED        0

 NUMBER OF  SPH PARTICLES BLOCKS TO BE ELIMINATED        0

 NUMBER OF RIGID LINKS. . . . . . . . . . . . . .        0

 NUMBER OF NEW BOUNDARY CONDITIONS. . . . . . . .        0


 TIME FOR FIRST ANIMATION-FILE PLOT . . . . . . .   0.000000    
 TIME INTERVAL FOR ANIMATION-FILE PLOTS . . . . .  0.2000000E-02
 TIME TO STOP ANIMATION-FILE PLOTS. . . . . . . .  0.1000000E+21
 SENSOR FOR ANIMATION-FILE PLOTS. . . . . . . . .          0
 TIME INTERVAL FOR SENSOR ANIMATION-FILE PLOTS. .   0.000000    

 VARIABLE SAVED ON ANIMATION FILES (1: YES) :
      PLASTIC STRAIN. . . . . .     0
      DENSITY     (SOLID ONLY).     0
      SPECIFIC ENERGY . . . . .     0
      HOURGLASS ENERGY. . . . .     0
      TEMPERATURE (SOLID ONLY).     0
      THICKNESS   (SHELL ONLY).     0
      PRESSURE    (SOLID ONLY).     0
      VON MISES . . . . . . . .     0
      TURBULENT ENERGY (FLUID).     0
      TURBULENT VISCOSITY(FLUID)    0
      VORTICITY (FLUID) . . . .     0
 NODAL VALUES SAVED ON ANIMATION FILES (1: YES) :
      PRESSURE. . . . . . . . .     0
      DENSITY . . . . . . . . .     0
      TEMPERATURE . . . . . . .     0
 VECTOR SAVED ON ANIMATION FILES (1: YES) :
      VELOCITY VECTOR . . . . .     1
      DISPLACEMENT VECTOR . . .     1
      ACCELERATION VECTOR . . .     0
      CONTACT FORCES. . . . . .     0
      INTERNAL FORCES . . . . .     0
      EXTERNAL FORCES . . . . .     0
      SECTION RBY RWALL FORCES.     0
      ROTATIONAL VELOCITY VECTOR    0
      CONTACT PRESSURE (VECTORS)    0
 SHELL TENSOR SAVED ON ANIMATION FILES (1: YES) :
      MEMBRANE STRESS . . . . .     0
      BENDING STRESS(MOMENT/T^2)    0
      UPPER LAYER STRESS. . . .     0
      LOWER LAYER STRESS. . . .     0
      MEMBRANE STRAIN . . . . .     0
      CURVATURE . . . . . . . .     0
      UPPER LAYER STRAIN. . . .     0
      LOWER LAYER STRAIN. . . .     0
 NODAL MASS SAVED ON ANIMATION FILES (1: YES) :    1
 KEEP DELETED ELEMENT (1: YES) :    0


 08/10/2026
   CYCLE    TIME      TIME-STEP  ELEMENT          ERROR  I-ENERGY    K-ENERGY T  K-ENERGY R  EXT-WORK     MAS.ERR     TOTAL MASS  MASS ADDED
       0   0.000      0.4251E-04 NODE           5   0.0%   0.000      0.2224E+05   0.000       0.000       0.000       5.560       0.000    
     ANIMATION FILE: A14_AREA_N4_MAIN3_R0A001 WRITTEN
      10  0.4251E-03  0.4251E-04 NODE           6   0.0%   0.000      0.2224E+05   0.000       0.000       0.000       5.560       0.000    
      20  0.8503E-03  0.4251E-04 NODE           5   0.0%   0.000      0.2224E+05   0.000       0.000       0.000       5.560       0.000    
      30  0.1275E-02  0.4251E-04 NODE           5   0.0%   0.000      0.2224E+05   0.000       0.000       0.000       5.560       0.000    
      40  0.1701E-02  0.4251E-04 NODE           5   0.0%   0.000      0.2224E+05   0.000       0.000       0.000       5.560       0.000    
     ANIMATION FILE: A14_AREA_N4_MAIN3_R0A002 WRITTEN
      50  0.2126E-02  0.4251E-04 NODE           5   0.0%   0.000      0.2224E+05   0.000       0.000       0.000       5.560       0.000    
      60  0.2551E-02  0.4251E-04 NODE           5   0.0%   0.000      0.2224E+05   0.000       0.000       0.000       5.560       0.000    
      70  0.2976E-02  0.4251E-04 NODE           5   0.0%   0.000      0.2224E+05   0.000       0.000       0.000       5.560       0.000    
      80  0.3401E-02  0.4251E-04 NODE           5   0.0%   0.000      0.2224E+05   0.000       0.000       0.000       5.560       0.000    
      90  0.3826E-02  0.4251E-04 NODE           5   0.0%   0.000      0.2224E+05   0.000       0.000       0.000       5.560       0.000    
     ANIMATION FILE: A14_AREA_N4_MAIN3_R0A003 WRITTEN
     100  0.4251E-02  0.4251E-04 NODE           5   0.0%   0.000      0.2224E+05   0.000       0.000       0.000       5.560       0.000    
     110  0.4676E-02  0.4251E-04 NODE           5   0.0%   0.000      0.2224E+05   0.000       0.000       0.000       5.560       0.000    
     120  0.5102E-02  0.4251E-04 NODE           5   0.0%   0.000      0.2224E+05   0.000       0.000       0.000       5.560       0.000    
     130  0.5527E-02  0.4251E-04 NODE           5   0.0%   0.000      0.2224E+05   0.000       0.000       0.000       5.560       0.000    
     140  0.5952E-02  0.4251E-04 NODE           5   0.0%   0.000      0.2224E+05   0.000       0.000       0.000       5.560       0.000    
     ANIMATION FILE: A14_AREA_N4_MAIN3_R0A004 WRITTEN
     150  0.6377E-02  0.4251E-04 NODE           5   0.0%   0.000      0.2224E+05   0.000       0.000       0.000       5.560       0.000    
     160  0.6802E-02  0.4251E-04 NODE           5   0.0%   0.000      0.2224E+05   0.000       0.000       0.000       5.560       0.000    
     170  0.7227E-02  0.4251E-04 NODE           5   0.0%   0.000      0.2224E+05   0.000       0.000       0.000       5.560       0.000    
     180  0.7652E-02  0.4251E-04 NODE           5   0.0%   0.000      0.2224E+05   0.000       0.000       0.000       5.560       0.000    
     ANIMATION FILE: A14_AREA_N4_MAIN3_R0A005 WRITTEN
     190  0.8078E-02  0.4251E-04 NODE           5   0.0%   0.000      0.2224E+05   0.000       0.000       0.000       5.560       0.000    
     200  0.8503E-02  0.4251E-04 NODE           5   0.0%   0.000      0.2224E+05   0.000       0.000       0.000       5.560       0.000    
     210  0.8928E-02  0.4251E-04 NODE           5   0.0%   0.000      0.2224E+05   0.000       0.000       0.000       5.560       0.000    
     220  0.9353E-02  0.4251E-04 NODE           5   0.0%   0.000      0.2224E+05   0.000       0.000       0.000       5.560       0.000    
     230  0.9778E-02  0.4251E-04 NODE           5   0.0%   0.000      0.2224E+05   0.000       0.000       0.000       5.560       0.000    
     ANIMATION FILE: A14_AREA_N4_MAIN3_R0A006 WRITTEN
     240  0.1020E-01  0.4251E-04 NODE           5   0.0%   0.000      0.2224E+05   0.000       0.000       0.000       5.560       0.000    
     250  0.1063E-01  0.4251E-04 NODE           5   0.0%   0.000      0.2224E+05   0.000       0.000       0.000       5.560       0.000    
     260  0.1105E-01  0.4251E-04 NODE           5   0.0%   0.000      0.2224E+05   0.000       0.000       0.000       5.560       0.000    
     270  0.1148E-01  0.4251E-04 NODE           5   0.0%   0.000      0.2224E+05   0.000       0.000       0.000       5.560       0.000    
     280  0.1190E-01  0.4251E-04 NODE           5   0.0%   0.000      0.2224E+05   0.000       0.000       0.000       5.560       0.000    
     ANIMATION FILE: A14_AREA_N4_MAIN3_R0A007 WRITTEN
     290  0.1233E-01  0.4251E-04 NODE           5   0.0%   0.000      0.2224E+05   0.000       0.000       0.000       5.560       0.000    
     300  0.1275E-01  0.4251E-04 NODE           5   0.0%   0.000      0.2224E+05   0.000       0.000       0.000       5.560       0.000    
     310  0.1318E-01  0.4251E-04 NODE           5   0.0%   0.000      0.2224E+05   0.000       0.000       0.000       5.560       0.000    
     320  0.1360E-01  0.4251E-04 NODE           5   0.0%   0.000      0.2224E+05   0.000       0.000       0.000       5.560       0.000    
     330  0.1403E-01  0.4251E-04 NODE           5   0.0%   0.000      0.2224E+05   0.000       0.000       0.000       5.560       0.000    
     ANIMATION FILE: A14_AREA_N4_MAIN3_R0A008 WRITTEN
     340  0.1445E-01  0.4251E-04 NODE           5   0.0%   0.000      0.2224E+05   0.000       0.000       0.000       5.560       0.000    
     350  0.1488E-01  0.4251E-04 NODE           5   0.0%   0.000      0.2224E+05   0.000       0.000       0.000       5.560       0.000    
     360  0.1530E-01  0.4251E-04 NODE           5   0.0%   0.000      0.2224E+05   0.000       0.000       0.000       5.560       0.000    
     370  0.1573E-01  0.4251E-04 NODE           5   0.0%   0.000      0.2224E+05   0.000       0.000       0.000       5.560       0.000    
     ANIMATION FILE: A14_AREA_N4_MAIN3_R0A009 WRITTEN
     380  0.1616E-01  0.4251E-04 NODE           5   0.0%   0.000      0.2224E+05   0.000       0.000       0.000       5.560       0.000    
     390  0.1658E-01  0.4251E-04 NODE           5   0.0%   0.000      0.2224E+05   0.000       0.000       0.000       5.560       0.000    
     400  0.1701E-01  0.4251E-04 NODE           5   0.0%   0.000      0.2224E+05   0.000       0.000       0.000       5.560       0.000    
     410  0.1743E-01  0.4251E-04 NODE           5   0.0%   0.000      0.2224E+05   0.000       0.000       0.000       5.560       0.000    
     420  0.1786E-01  0.4251E-04 NODE           5   0.0%   0.000      0.2224E+05   0.000       0.000       0.000       5.560       0.000    
     ANIMATION FILE: A14_AREA_N4_MAIN3_R0A010 WRITTEN
     430  0.1828E-01  0.4251E-04 NODE           5   0.0%   0.000      0.2224E+05   0.000       0.000       0.000       5.560       0.000    
     440  0.1871E-01  0.4251E-04 NODE           5   0.0%   0.000      0.2224E+05   0.000       0.000       0.000       5.560       0.000    
     450  0.1913E-01  0.4251E-04 NODE           5   0.0%   0.000      0.2224E+05   0.000       0.000       0.000       5.560       0.000    
     460  0.1956E-01  0.4251E-04 NODE           5   0.0%   0.000      0.2224E+05   0.000       0.000       0.000       5.560       0.000    
     470  0.1998E-01  0.4251E-04 NODE           5   0.0%   0.000      0.2224E+05   0.000       0.000       0.000       5.560       0.000    
     ANIMATION FILE: A14_AREA_N4_MAIN3_R0A011 WRITTEN
     480  0.2039E-01  0.4070E-04 NODE           5  -1.7%   0.000      0.2186E+05   0.000       0.000       0.000       5.560       0.000    
     490  0.2080E-01  0.4070E-04 NODE           5  -7.4%  0.7681E-30  0.2060E+05   0.000       0.000       0.000       5.560       0.000    
     500  0.2121E-01  0.4070E-04 NODE           5 -16.6%  0.3520E-29  0.1855E+05   0.000       0.000       0.000       5.560       0.000    
     510  0.2161E-01  0.4070E-04 NODE           5 -28.6%  0.8274E-29  0.1589E+05   0.000       0.000       0.000       5.560       0.000    
     520  0.2202E-01  0.4070E-04 NODE           5 -42.3%  0.1503E-28  0.1283E+05   0.000       0.000       0.000       5.560       0.000    
     ANIMATION FILE: A14_AREA_N4_MAIN3_R0A012 WRITTEN
     530  0.2243E-01  0.4070E-04 NODE           5 -56.7%  0.2152E-28   9627.       0.000       0.000       0.000       5.560       0.000    
     540  0.2283E-01  0.4070E-04 NODE           5 -70.5%  0.2788E-28   6550.       0.000       0.000       0.000       5.560       0.000    
     550  0.2324E-01  0.4070E-04 NODE           5 -82.7%  0.3950E-28   3852.       0.000       0.000       0.000       5.560       0.000    
     560  0.2365E-01  0.4070E-04 NODE           5 -92.1%  0.4701E-28   1756.       0.000       0.000       0.000       5.560       0.000    
     ANIMATION FILE: A14_AREA_N4_MAIN3_R0A013 WRITTEN
     570  0.2406E-01  0.4070E-04 NODE           5 -98.0%  0.5618E-28   435.5       0.000       0.000       0.000       5.560       0.000    
     580  0.2446E-01  0.4070E-04 NODE           5 -99.9%  0.7012E-28  0.3592       0.000       0.000       0.000       5.560       0.000    
     590  0.2487E-01  0.4070E-04 NODE           5 -97.8%  0.8168E-28   486.4       0.000       0.000       0.000       5.560       0.000    
     600  0.2528E-01  0.4070E-04 NODE           5 -91.7%  0.8587E-28   1854.       0.000       0.000       0.000       5.560       0.000    
     610  0.2568E-01  0.4070E-04 NODE           5 -82.1%  0.9008E-28   3988.       0.000       0.000       0.000       5.560       0.000    
     ANIMATION FILE: A14_AREA_N4_MAIN3_R0A014 WRITTEN
     620  0.2609E-01  0.4070E-04 NODE           5 -69.8%  0.9187E-28   6714.       0.000       0.000       0.000       5.560       0.000    
     630  0.2650E-01  0.4070E-04 NODE           5 -55.9%  0.6756E-28   9805.       0.000       0.000       0.000       5.560       0.000    
     640  0.2690E-01  0.4070E-04 NODE           5 -41.5%  0.3998E-28  0.1300E+05   0.000       0.000       0.000       5.560       0.000    
     650  0.2731E-01  0.4070E-04 NODE           5 -27.8%  0.2380E-28  0.1605E+05   0.000       0.000       0.000       5.560       0.000    
     660  0.2772E-01  0.4070E-04 NODE           5 -16.0%  0.6922E-28  0.1868E+05   0.000       0.000       0.000       5.560       0.000    
     ANIMATION FILE: A14_AREA_N4_MAIN3_R0A015 WRITTEN
     670  0.2813E-01  0.4070E-04 NODE           5  -7.0%  0.2156E-27  0.2069E+05   0.000       0.000       0.000       5.560       0.000    
     680  0.2853E-01  0.4070E-04 NODE           5  -1.5%  0.4603E-27  0.2191E+05   0.000       0.000       0.000       5.560       0.000    
     690  0.2894E-01  0.4251E-04 NODE           5   0.0%  0.7268E-27  0.2224E+05   0.000       0.000       0.000       5.560       0.000    
     700  0.2937E-01  0.4251E-04 NODE           5   0.0%  0.1003E-26  0.2224E+05   0.000       0.000       0.000       5.560       0.000    
     710  0.2979E-01  0.4251E-04 NODE           5   0.0%  0.1336E-26  0.2224E+05   0.000       0.000       0.000       5.560       0.000    
     ANIMATION FILE: A14_AREA_N4_MAIN3_R0A016 WRITTEN
     720  0.3022E-01  0.4251E-04 NODE           5   0.0%  0.1724E-26  0.2224E+05   0.000       0.000       0.000       5.560       0.000    
     730  0.3064E-01  0.4251E-04 NODE           5   0.0%  0.2167E-26  0.2224E+05   0.000       0.000       0.000       5.560       0.000    
     740  0.3107E-01  0.4251E-04 NODE           5   0.0%  0.2667E-26  0.2224E+05   0.000       0.000       0.000       5.560       0.000    
     750  0.3149E-01  0.4251E-04 NODE           5   0.0%  0.3222E-26  0.2224E+05   0.000       0.000       0.000       5.560       0.000    
     760  0.3192E-01  0.4251E-04 NODE           5   0.0%  0.3832E-26  0.2224E+05   0.000       0.000       0.000       5.560       0.000    
     ANIMATION FILE: A14_AREA_N4_MAIN3_R0A017 WRITTEN
     770  0.3234E-01  0.4251E-04 NODE           5   0.0%  0.4499E-26  0.2224E+05   0.000       0.000       0.000       5.560       0.000    
     780  0.3277E-01  0.4251E-04 NODE           5   0.0%  0.5221E-26  0.2224E+05   0.000       0.000       0.000       5.560       0.000    
     790  0.3319E-01  0.4251E-04 NODE           5   0.0%  0.5999E-26  0.2224E+05   0.000       0.000       0.000       5.560       0.000    
     800  0.3362E-01  0.4251E-04 NODE           5   0.0%  0.6832E-26  0.2224E+05   0.000       0.000       0.000       5.560       0.000    
     ANIMATION FILE: A14_AREA_N4_MAIN3_R0A018 WRITTEN
     810  0.3404E-01  0.4251E-04 NODE           6   0.0%  0.7721E-26  0.2224E+05   0.000       0.000       0.000       5.560       0.000    
     820  0.3447E-01  0.4251E-04 NODE           5   0.0%  0.8666E-26  0.2224E+05   0.000       0.000       0.000       5.560       0.000    
     830  0.3489E-01  0.4251E-04 NODE           5   0.0%  0.9666E-26  0.2224E+05   0.000       0.000       0.000       5.560       0.000    
     840  0.3532E-01  0.4251E-04 NODE           5   0.0%  0.1072E-25  0.2224E+05   0.000       0.000       0.000       5.560       0.000    
     850  0.3574E-01  0.4251E-04 NODE           5   0.0%  0.1183E-25  0.2224E+05   0.000       0.000       0.000       5.560       0.000    
     ANIMATION FILE: A14_AREA_N4_MAIN3_R0A019 WRITTEN
     860  0.3617E-01  0.4251E-04 NODE           5   0.0%  0.1300E-25  0.2224E+05   0.000       0.000       0.000       5.560       0.000    
     870  0.3659E-01  0.4251E-04 NODE           5   0.0%  0.1423E-25  0.2224E+05   0.000       0.000       0.000       5.560       0.000    
     880  0.3702E-01  0.4251E-04 NODE           5   0.0%  0.1550E-25  0.2224E+05   0.000       0.000       0.000       5.560       0.000    
     890  0.3744E-01  0.4251E-04 NODE           5   0.0%  0.1684E-25  0.2224E+05   0.000       0.000       0.000       5.560       0.000    
     900  0.3787E-01  0.4251E-04 NODE           5   0.0%  0.1823E-25  0.2224E+05   0.000       0.000       0.000       5.560       0.000    
     ANIMATION FILE: A14_AREA_N4_MAIN3_R0A020 WRITTEN
     910  0.3829E-01  0.4251E-04 NODE           5   0.0%  0.1968E-25  0.2224E+05   0.000       0.000       0.000       5.560       0.000    
     920  0.3872E-01  0.4251E-04 NODE           5   0.0%  0.2073E-25  0.2224E+05   0.000       0.000       0.000       5.560       0.000    
     930  0.3914E-01  0.4251E-04 NODE           5   0.0%  0.2061E-25  0.2224E+05   0.000       0.000       0.000       5.560       0.000    
     940  0.3957E-01  0.4251E-04 NODE           5   0.0%  0.2056E-25  0.2224E+05   0.000       0.000       0.000       5.560       0.000    
     950  0.3999E-01  0.4251E-04 NODE           5   0.0%  0.2059E-25  0.2224E+05   0.000       0.000       0.000       5.560       0.000    

     RESTART FILES: A14_AREA_N4_MAIN3_R0_0001_[0001-0001].rst WRITTEN
     -------------

  
                           ** CPU USER TIME **
  
  
                        ** SUMMARY **
  
 #PROC  CONTSORT  CONTFOR   ELEMENT   KINCOND   INTEG     IO        T0        ASM       RESOL    
   1   .3125E-01 .1094E+00 .3125E-01 .0000E+00 .4688E-01 .1719E+00 .0000E+00 .4688E-01 .5000E+00
  
 
                   ** CUMULATIVE CPU TIME SUMMARY **
  
 CONTACT SORTING.............: .3125E-01     6.25 % 
 CONTACT FORCES..............: .1094E+00    21.88 % 
 .. INCLUDING CONTACT NORMALS: .9375E-01    18.75 % 
 ELEMENT FORCES..............: .3125E-01     6.25 % 
 KINEMATIC COND..............: .0000E+00     0.00 % 
 INTEGRATION.................: .4688E-01     9.38 % 
 ASSEMBLING..................: .4688E-01     9.38 % 
 OTHERS (including I/O)......: .2344E+00    46.88 % 
 TOTAL.......................: .5000E+00   100.00 % 
  
  
                           ** ELAPSED TIME **
  
  
                        ** SUMMARY **
  
 #PROC  CONTSORT  CONTFOR   ELEMENT   KINCOND   INTEG     IO        T0        ASM       RESOL    
   1   .2773E-01 .4488E-01 .1666E-01 .4887E-02 .9327E-02 .8760E-01 .1143E-01 .9710E-02 .2428E+00
  
                   ** MEMORY USAGE STATISTICS **
  
 TOTAL MEMORY USED .........................:       48 MB
 MAXIMUM MEMORY PER PROCESSOR...............:       48 MB
 MINIMUM MEMORY PER PROCESSOR...............:       48 MB
 AVERAGE MEMORY PER PROCESSOR...............:       48 MB
  
                   ** DISK USAGE STATISTICS **
  
 TOTAL DISK SPACE USED .....................:          3 MB
 ANIMATION/H3D/TH/OUTP SIZE ................:          2 MB
 RESTART FILE SIZE .........................:          0 MB
  
                   ** COMPUTE TIME INFORMATION **
                        ** CURRENT ENGINE **
  
 EXECUTION STARTED .........................:      2026/10/08  11:03:14
 EXECUTION COMPLETED .......................:      2026/10/08  11:03:14
  
 ELAPSED TIME     =          0.27 s
                          0:00:00



     NORMAL TERMINATION      



     TOTAL NUMBER OF CYCLES  :     951

  
                   ** COMPUTE RUNTIME INFORMATION SUMMARY **
  
        STARTER RUNTIME =          0.61s (00:00:00)
 # 001   ENGINE RUNTIME =          0.27s (00:00:00)
 ------------------------------ 
 STARTER+ENGINE RUNTIME =          0.89s (00:00:00)
  
