************************************************************************
**                                                                    **
**                                                                    **
**                         OpenRadioss Engine                         **
**                                                                    **
**            Non-linear Finite Element Analysis Software             **
**                                                                    **
**                                                                    **
**                                                                    **
**                  Windows 64 bits, Intel compiler                   **
**                      Double Precision Version                      **
**                                                                    **
**                                                                    **
**                                                                    **
************************************************************************
** OpenRadioss Software                                               **
** COPYRIGHT (C) 2026 Siemens                                         **
** Licensed under GNU Affero General Public License.                  **
** See License file.                                                  **
************************************************************************
 
 ROOT: A20_CORE3D_TIED_20  RESTART: 0002
 NUMBER OF HMPP PROCESSES     2
 09/10/2026
     ANIMATION FILE: A20_CORE3D_TIED_20A101 WRITTEN
     RESTART FILES: A20_CORE3D_TIED_20_0002_[0001-0001].rst WRITTEN
  
                           ** CPU USER TIME **
  
  
                        ** SUMMARY **
  
 #PROC  CONTSORT  CONTFOR   ELEMENT   KINCOND   INTEG     IO        T0        ASM       RESOL    
   1   .0000E+00 .0000E+00 .3125E-01 .0000E+00 .0000E+00 .7812E+00 .0000E+00 .0000E+00 .8438E+00
 
                   ** CUMULATIVE CPU TIME SUMMARY **
  
 CONTACT SORTING.............: .0000E+00     0.00 % 
 CONTACT FORCES..............: .0000E+00     0.00 % 
 ..INCLUDING CONTACT NORMALS: .0000E+00     0.00 % 
 ELEMENT FORCES..............: .3125E-01     3.70 % 
 KINEMATIC COND..............: .0000E+00     0.00 % 
 INTEGRATION.................: .0000E+00     0.00 % 
 ASSEMBLING..................: .0000E+00     0.00 % 
 OTHERS (including I/O)......: .8125E+00    96.30 % 
 TOTAL.......................: .8438E+00   100.00 % 
  
                   ** MEMORY USAGE STATISTICS **
  
 TOTAL MEMORY USED .........................:      367 MB
 MAXIMUM MEMORY PER PROCESSOR...............:      367 MB
 MINIMUM MEMORY PER PROCESSOR...............:      367 MB
 AVERAGE MEMORY PER PROCESSOR...............:      367 MB
  
                   ** DISK USAGE STATISTICS **
  
 TOTAL DISK SPACE USED .....................:        150 MB
 ANIMATION/H3D/TH/OUTP SIZE ................:         11 MB
 RESTART FILE SIZE .........................:        138 MB
  
 ELAPSED TIME     =          0.82 s
                          0:00:00
  
     NORMAL TERMINATION      
     TOTAL NUMBER OF CYCLES  :       1
