 A16_CYCLE_L20_R20_0001.out
************************************************************************
**                                                                    **
**                                                                    **
**                         OpenRadioss Engine                         **
**                                                                    **
**            Non-linear Finite Element Analysis Software             **
**                                                                    **
**                                                                    **
**                                                                    **
**                  Windows 64 bits, Intel compiler                   **
**                      Double Precision Version                      **
**                                                                    **
**                                                                    **
**                                                                    **
************************************************************************
** OpenRadioss Software                                               **
** COPYRIGHT (C) 2026 Siemens                                         **
** Licensed under GNU Affero General Public License.                  **
** See License file.                                                  **
************************************************************************
 
 NUMBER OF SPMD DOMAINS           1
 NUMBER OF THREADS PER DOMAIN     2
 NUMBER OF HMPP PROCESSES         2
  
 COMPUTATION HARDWARE DESCRIPTION
  
 HOSTNAME     CPU TYPE, FREQUENCY AND MEMORY
 jeux   AMD Ryzen 5 5600 6-Core Processor               (x86_64), 3700 MHz,   6940 MB RAM,  20276 MB swap
  
 STACKSIZE  . . . . . . . . . . . . . . . . . . . . 1430 MB
 THREAD STACKSIZE . . . . . . . . . . . . . . . . . 400 MB
 
************************************************************************


 A16_CYCLE_L20_R20D01                                                            


 FINAL TIME . . . . . . . . . . . . . . . . . . .   1.000000    

 TIME INTERVAL FOR TIME HISTORY PLOTS . . . . . .  0.1000000E-03

 TIME STEP SCALE FACTOR . . . . . . . . . . . . .  0.4000000    

 MINIMUM TIME STEP  . . . . . . . . . . . . . . .   0.000000    


 BRICK TIME STEP SCALE FACTOR . . . . . . . . . .  0.4000000    
 BRICK MINIMUM TIME STEP. . . . . . . . . . . . .   0.000000    
 MIN. TIME STEP FLAG (1:STOP RUN, 2:DELETE BRICK)     1

 QUAD TIME STEP SCALE FACTOR. . . . . . . . . . .  0.4000000    
 QUAD MINIMUM TIME STEP . . . . . . . . . . . . .   0.000000    
 MIN. TIME STEP FLAG (1:STOP RUN, 2:DELETE QUAD).     1

 SHELL TIME STEP SCALE FACTOR . . . . . . . . . .  0.4000000    
 SHELL MINIMUM TIME STEP. . . . . . . . . . . . .   0.000000    
 MIN. TIME FLAG (1:STOP, 2:DELETE, 3:SMALL STRAIN)    2

 TRUSS TIME STEP SCALE FACTOR . . . . . . . . . .  0.4000000    
 TRUSS MINIMUM TIME STEP. . . . . . . . . . . . .   0.000000    
 MIN. TIME FLAG (1:STOP, 2:DELETE). . . . . . . .     0

 BEAM TIME STEP SCALE FACTOR. . . . . . . . . . .  0.4000000    
 BEAM MINIMUM TIME STEP . . . . . . . . . . . . .   0.000000    
 MIN. TIME FLAG (1:STOP, 2:DELETE). . . . . . . .     0

 SPRING TIME STEP SCALE FACTOR. . . . . . . . . .  0.4000000    
 SPRING MINIMUM TIME STEP . . . . . . . . . . . .   0.000000    
 MIN. TIME FLAG (1:STOP, 2:DELETE). . . . . . . .     0

 AIRBAG TIME STEP SCALE FACTOR. . . . . . . . . .  0.4000000    
 AIRBAG MINIMUM TIME STEP . . . . . . . . . . . .   0.000000    
 MIN. TIME FLAG (1:STOP). . . . . . . . . . . . .     0

 CONTACT TIME STEP SCALE FACTOR . . . . . . . . .  0.4000000    
 CONTACT MINIMUM TIME STEP. . . . . . . . . . . .   0.000000    
 MIN. TIME FLAG(1:STOP, 2:REMOVE NODE FROM INTERF)    0

 PRINTOUT CYCLE FREQUENCY . . . . . . . . . . . .  -100

 RESTART CYCLE FREQUENCY. . . . . . . . . . . . .   10000000

 MAXIMUM RESTART WRITE BEFORE OVERWRITE . . . . .     0

 INVERS: INPUT DECK VERSION . . . . . . . . . . .  2026
 ITTYP : FLAG FOR TYPE OF T-FILE. . . . . . . . .     4

 INITIAL TIME STEP. . . . . . . . . . . . . . . .  0.2500000E-04
 MAXIMUM TIME STEP. . . . . . . . . . . . . . . .  0.2500000E-04

 PARALLEL ARITHMETIC ON
 NUMBER OF INTERFACES TO BE ELIMINATED. . . . . .        0

 NUMBER OF PARTS TO BE ELIMINATED . . . . . . . .        0

 NUMBER OF SOLID  ELEMENT BLOCKS TO BE ELIMINATED        0

 NUMBER OF QUAD   ELEMENT BLOCKS TO BE ELIMINATED        0

 NUMBER OF SHELL  ELEMENT BLOCKS TO BE ELIMINATED        0

 NUMBER OF TRUSS  ELEMENT BLOCKS TO BE ELIMINATED        0

 NUMBER OF BEAM   ELEMENT BLOCKS TO BE ELIMINATED        0

 NUMBER OF SPRING ELEMENT BLOCKS TO BE ELIMINATED        0

 NUMBER OF SH_3N  ELEMENT BLOCKS TO BE ELIMINATED        0

 NUMBER OF  SPH PARTICLES BLOCKS TO BE ELIMINATED        0

 NUMBER OF RIGID LINKS. . . . . . . . . . . . . .        0

 NUMBER OF NEW BOUNDARY CONDITIONS. . . . . . . .        0


 TIME FOR FIRST ANIMATION-FILE PLOT . . . . . . .   0.000000    
 TIME INTERVAL FOR ANIMATION-FILE PLOTS . . . . .  0.5000000E-02
 TIME TO STOP ANIMATION-FILE PLOTS. . . . . . . .  0.1000000E+21
 SENSOR FOR ANIMATION-FILE PLOTS. . . . . . . . .          0
 TIME INTERVAL FOR SENSOR ANIMATION-FILE PLOTS. .   0.000000    

 VARIABLE SAVED ON ANIMATION FILES (1: YES) :
      PLASTIC STRAIN. . . . . .     0
      DENSITY     (SOLID ONLY).     0
      SPECIFIC ENERGY . . . . .     1
      HOURGLASS ENERGY. . . . .     0
      TEMPERATURE (SOLID ONLY).     0
      THICKNESS   (SHELL ONLY).     0
      PRESSURE    (SOLID ONLY).     0
      VON MISES . . . . . . . .     0
      TURBULENT ENERGY (FLUID).     0
      TURBULENT VISCOSITY(FLUID)    0
      VORTICITY (FLUID) . . . .     0
 NODAL VALUES SAVED ON ANIMATION FILES (1: YES) :
      PRESSURE. . . . . . . . .     0
      DENSITY . . . . . . . . .     0
      TEMPERATURE . . . . . . .     0
 VECTOR SAVED ON ANIMATION FILES (1: YES) :
      VELOCITY VECTOR . . . . .     1
      DISPLACEMENT VECTOR . . .     1
      ACCELERATION VECTOR . . .     0
      CONTACT FORCES. . . . . .     0
      INTERNAL FORCES . . . . .     0
      EXTERNAL FORCES . . . . .     0
      SECTION RBY RWALL FORCES.     0
      ROTATIONAL VELOCITY VECTOR    0
      CONTACT PRESSURE (VECTORS)    0
 SHELL TENSOR SAVED ON ANIMATION FILES (1: YES) :
      MEMBRANE STRESS . . . . .     0
      BENDING STRESS(MOMENT/T^2)    0
      UPPER LAYER STRESS. . . .     0
      LOWER LAYER STRESS. . . .     0
      MEMBRANE STRAIN . . . . .     0
      CURVATURE . . . . . . . .     0
      UPPER LAYER STRAIN. . . .     0
      LOWER LAYER STRAIN. . . .     0
 NODAL MASS SAVED ON ANIMATION FILES (1: YES) :    0
 KEEP DELETED ELEMENT (1: YES) :    0


 08/10/2026
   CYCLE    TIME      TIME-STEP  ELEMENT          ERROR  I-ENERGY    K-ENERGY T  K-ENERGY R  EXT-WORK     MAS.ERR     TOTAL MASS  MASS ADDED
       0   0.000      0.2500E-04 SH_3N          1   0.0%   0.000       0.000       0.000       0.000       0.000      0.8856       0.000    
     ANIMATION FILE: A16_CYCLE_L20_R20A001 WRITTEN
     100  0.2500E-02  0.2500E-04 SH_3N          1  -0.0%  0.1979E-03  0.2689E-02   0.000      0.2888E-02   0.000      0.8856       0.000    
     200  0.5000E-02  0.2500E-04 SH_3N          2  -0.0%  0.3124E-02  0.1054E-01   0.000      0.1367E-01   0.000      0.8856       0.000    
     ANIMATION FILE: A16_CYCLE_L20_R20A002 WRITTEN
     300  0.7500E-02  0.2500E-04 SH_3N          1  -0.0%  0.1560E-01  0.2324E-01   0.000      0.3884E-01   0.000      0.8856       0.000    
     400  0.1000E-01  0.2500E-04 SH_3N          2  -0.0%  0.4864E-01  0.4047E-01   0.000      0.8911E-01   0.000      0.8856       0.000    
     ANIMATION FILE: A16_CYCLE_L20_R20A003 WRITTEN
     500  0.1250E-01  0.2500E-04 SH_3N          1  -0.0%  0.1171      0.6193E-01   0.000      0.1791       0.000      0.8856       0.000    
     600  0.1500E-01  0.2500E-04 SH_3N          2  -0.0%  0.2396      0.8732E-01   0.000      0.3269       0.000      0.8856       0.000    
     ANIMATION FILE: A16_CYCLE_L20_R20A004 WRITTEN
     700  0.1750E-01  0.2500E-04 SH_3N          1  -0.0%  0.4377      0.1164       0.000      0.5540       0.000      0.8856       0.000    
     800  0.2000E-01  0.2500E-04 SH_3N          1  -0.0%  0.7363      0.1487       0.000      0.8851       0.000      0.8856       0.000    
     ANIMATION FILE: A16_CYCLE_L20_R20A005 WRITTEN
     900  0.2250E-01  0.2500E-04 SH_3N          1  -0.0%   1.163      0.1842       0.000       1.347       0.000      0.8856       0.000    
    1000  0.2500E-01  0.2500E-04 SH_3N          1  -0.0%   1.748      0.2225       0.000       1.970       0.000      0.8856       0.000    
     ANIMATION FILE: A16_CYCLE_L20_R20A006 WRITTEN
    1100  0.2750E-01  0.2500E-04 SH_3N          2  -0.0%   2.522      0.2633       0.000       2.786       0.000      0.8856       0.000    
    1200  0.3000E-01  0.2500E-04 SH_3N          2  -0.0%   3.521      0.3065       0.000       3.828       0.000      0.8856       0.000    
     ANIMATION FILE: A16_CYCLE_L20_R20A007 WRITTEN
    1300  0.3250E-01  0.2500E-04 SH_3N          1  -0.0%   4.781      0.3517       0.000       5.132       0.000      0.8856       0.000    
    1400  0.3500E-01  0.2500E-04 SH_3N          2  -0.0%   6.337      0.3986       0.000       6.736       0.000      0.8856       0.000    
     ANIMATION FILE: A16_CYCLE_L20_R20A008 WRITTEN
    1500  0.3750E-01  0.2500E-04 SH_3N          2  -0.0%   8.229      0.4472       0.000       8.677       0.000      0.8856       0.000    
    1600  0.4000E-01  0.2500E-04 SH_3N          2  -0.0%   10.50      0.4970       0.000       10.99       0.000      0.8856       0.000    
     ANIMATION FILE: A16_CYCLE_L20_R20A009 WRITTEN
    1700  0.4250E-01  0.2500E-04 SH_3N          1  -0.0%   13.18      0.5480       0.000       13.73       0.000      0.8856       0.000    
    1800  0.4500E-01  0.2500E-04 SH_3N          1  -0.0%   16.32      0.5999       0.000       16.92       0.000      0.8856       0.000    
     ANIMATION FILE: A16_CYCLE_L20_R20A010 WRITTEN
    1900  0.4750E-01  0.2500E-04 SH_3N          2  -0.0%   19.96      0.6524       0.000       20.61       0.000      0.8856       0.000    
    2000  0.5000E-01  0.2500E-04 SH_3N          1  -0.0%   24.13      0.7055       0.000       24.84       0.000      0.8856       0.000    
     ANIMATION FILE: A16_CYCLE_L20_R20A011 WRITTEN
    2100  0.5250E-01  0.2500E-04 SH_3N          1  -0.0%   28.88      0.7588       0.000       29.64       0.000      0.8856       0.000    
    2200  0.5500E-01  0.2500E-04 SH_3N          1  -0.0%   34.26      0.8121       0.000       35.07       0.000      0.8856       0.000    
     ANIMATION FILE: A16_CYCLE_L20_R20A012 WRITTEN
    2300  0.5750E-01  0.2500E-04 SH_3N          1  -0.0%   40.29      0.8654       0.000       41.16       0.000      0.8856       0.000    
    2400  0.6000E-01  0.2500E-04 SH_3N          2  -0.0%   47.03      0.9184       0.000       47.94       0.000      0.8856       0.000    
     ANIMATION FILE: A16_CYCLE_L20_R20A013 WRITTEN
    2500  0.6250E-01  0.2500E-04 SH_3N          1  -0.0%   54.50      0.9709       0.000       55.47       0.000      0.8856       0.000    
    2600  0.6500E-01  0.2500E-04 SH_3N          1  -0.0%   62.75       1.023       0.000       63.77       0.000      0.8856       0.000    
     ANIMATION FILE: A16_CYCLE_L20_R20A014 WRITTEN
    2700  0.6750E-01  0.2500E-04 SH_3N          1  -0.0%   71.81       1.074       0.000       72.88       0.000      0.8856       0.000    
    2800  0.7000E-01  0.2500E-04 SH_3N          1  -0.0%   81.72       1.124       0.000       82.84       0.000      0.8856       0.000    
     ANIMATION FILE: A16_CYCLE_L20_R20A015 WRITTEN
    2900  0.7250E-01  0.2500E-04 SH_3N          1  -0.0%   92.51       1.173       0.000       93.68       0.000      0.8856       0.000    
    3000  0.7500E-01  0.2500E-04 SH_3N          1  -0.0%   104.2       1.221       0.000       105.4       0.000      0.8856       0.000    
     ANIMATION FILE: A16_CYCLE_L20_R20A016 WRITTEN
    3100  0.7750E-01  0.2500E-04 SH_3N          1  -0.0%   116.9       1.267       0.000       118.1       0.000      0.8856       0.000    
    3200  0.8000E-01  0.2500E-04 SH_3N          1  -0.0%   130.5       1.312       0.000       131.8       0.000      0.8856       0.000    
     ANIMATION FILE: A16_CYCLE_L20_R20A017 WRITTEN
    3300  0.8250E-01  0.2500E-04 SH_3N          1  -0.0%   145.1       1.356       0.000       146.5       0.000      0.8856       0.000    
    3400  0.8500E-01  0.2500E-04 SH_3N          1  -0.0%   160.8       1.397       0.000       162.2       0.000      0.8856       0.000    
     ANIMATION FILE: A16_CYCLE_L20_R20A018 WRITTEN
    3500  0.8750E-01  0.2500E-04 SH_3N          2  -0.0%   177.5       1.437       0.000       178.9       0.000      0.8856       0.000    
    3600  0.9000E-01  0.2500E-04 SH_3N          1  -0.0%   195.2       1.475       0.000       196.7       0.000      0.8856       0.000    
     ANIMATION FILE: A16_CYCLE_L20_R20A019 WRITTEN
    3700  0.9250E-01  0.2500E-04 SH_3N          1  -0.0%   214.0       1.510       0.000       215.6       0.000      0.8856       0.000    
    3800  0.9500E-01  0.2500E-04 SH_3N          1  -0.0%   234.0       1.544       0.000       235.5       0.000      0.8856       0.000    
     ANIMATION FILE: A16_CYCLE_L20_R20A020 WRITTEN
    3900  0.9750E-01  0.2500E-04 SH_3N          1  -0.0%   255.0       1.575       0.000       256.6       0.000      0.8856       0.000    
    4000  0.1000      0.2500E-04 SH_3N          1  -0.0%   277.2       1.604       0.000       278.8       0.000      0.8856       0.000    
     ANIMATION FILE: A16_CYCLE_L20_R20A021 WRITTEN
    4100  0.1025      0.2500E-04 SH_3N          1  -0.0%   300.5       1.630       0.000       302.1       0.000      0.8856       0.000    
    4200  0.1050      0.2500E-04 SH_3N          2  -0.0%   324.9       1.654       0.000       326.5       0.000      0.8856       0.000    
     ANIMATION FILE: A16_CYCLE_L20_R20A022 WRITTEN
    4300  0.1075      0.2500E-04 SH_3N          1  -0.0%   350.4       1.676       0.000       352.1       0.000      0.8856       0.000    
    4400  0.1100      0.2500E-04 SH_3N          1  -0.0%   377.1       1.695       0.000       378.8       0.000      0.8856       0.000    
     ANIMATION FILE: A16_CYCLE_L20_R20A023 WRITTEN
    4500  0.1125      0.2500E-04 SH_3N          2  -0.0%   404.9       1.711       0.000       406.6       0.000      0.8856       0.000    
    4600  0.1150      0.2500E-04 SH_3N          2  -0.0%   433.8       1.724       0.000       435.5       0.000      0.8856       0.000    
     ANIMATION FILE: A16_CYCLE_L20_R20A024 WRITTEN
    4700  0.1175      0.2500E-04 SH_3N          1  -0.0%   463.8       1.735       0.000       465.5       0.000      0.8856       0.000    
    4800  0.1200      0.2500E-04 SH_3N          1  -0.0%   494.9       1.743       0.000       496.6       0.000      0.8856       0.000    
     ANIMATION FILE: A16_CYCLE_L20_R20A025 WRITTEN
    4900  0.1225      0.2500E-04 SH_3N          2  -0.0%   527.0       1.749       0.000       528.8       0.000      0.8856       0.000    
    5000  0.1250      0.2500E-04 SH_3N          2  -0.0%   560.2       1.751       0.000       562.0       0.000      0.8856       0.000    
     ANIMATION FILE: A16_CYCLE_L20_R20A026 WRITTEN
    5100  0.1275      0.2500E-04 SH_3N          1  -0.0%   594.4       1.751       0.000       596.2       0.000      0.8856       0.000    
    5200  0.1300      0.2500E-04 SH_3N          1  -0.0%   629.6       1.748       0.000       631.4       0.000      0.8856       0.000    
     ANIMATION FILE: A16_CYCLE_L20_R20A027 WRITTEN
    5300  0.1325      0.2500E-04 SH_3N          1  -0.0%   665.8       1.742       0.000       667.5       0.000      0.8856       0.000    
    5400  0.1350      0.2500E-04 SH_3N          1  -0.0%   702.9       1.733       0.000       704.6       0.000      0.8856       0.000    
     ANIMATION FILE: A16_CYCLE_L20_R20A028 WRITTEN
    5500  0.1375      0.2500E-04 SH_3N          1  -0.0%   740.9       1.722       0.000       742.6       0.000      0.8856       0.000    
    5600  0.1400      0.2500E-04 SH_3N          1  -0.0%   779.7       1.707       0.000       781.4       0.000      0.8856       0.000    
     ANIMATION FILE: A16_CYCLE_L20_R20A029 WRITTEN
    5700  0.1425      0.2500E-04 SH_3N          1  -0.0%   819.3       1.690       0.000       821.0       0.000      0.8856       0.000    
    5800  0.1450      0.2500E-04 SH_3N          1  -0.0%   859.7       1.671       0.000       861.4       0.000      0.8856       0.000    
     ANIMATION FILE: A16_CYCLE_L20_R20A030 WRITTEN
    5900  0.1475      0.2500E-04 SH_3N          1  -0.0%   900.8       1.649       0.000       902.4       0.000      0.8856       0.000    
    6000  0.1500      0.2500E-04 SH_3N          1  -0.0%   942.5       1.624       0.000       944.1       0.000      0.8856       0.000    
     ANIMATION FILE: A16_CYCLE_L20_R20A031 WRITTEN
    6100  0.1525      0.2500E-04 SH_3N          2  -0.0%   984.8       1.596       0.000       986.4       0.000      0.8856       0.000    
    6200  0.1550      0.2500E-04 SH_3N          1  -0.0%   1028.       1.567       0.000       1029.       0.000      0.8856       0.000    
     ANIMATION FILE: A16_CYCLE_L20_R20A032 WRITTEN
    6300  0.1575      0.2500E-04 SH_3N          1  -0.0%   1071.       1.534       0.000       1073.       0.000      0.8856       0.000    
    6400  0.1600      0.2500E-04 SH_3N          1  -0.0%   1115.       1.500       0.000       1116.       0.000      0.8856       0.000    
     ANIMATION FILE: A16_CYCLE_L20_R20A033 WRITTEN
    6500  0.1625      0.2500E-04 SH_3N          2  -0.0%   1159.       1.463       0.000       1160.       0.000      0.8856       0.000    
    6600  0.1650      0.2500E-04 SH_3N          1  -0.0%   1203.       1.425       0.000       1205.       0.000      0.8856       0.000    
     ANIMATION FILE: A16_CYCLE_L20_R20A034 WRITTEN
    6700  0.1675      0.2500E-04 SH_3N          1  -0.0%   1248.       1.384       0.000       1249.       0.000      0.8856       0.000    
    6800  0.1700      0.2500E-04 SH_3N          2  -0.0%   1292.       1.341       0.000       1294.       0.000      0.8856       0.000    
     ANIMATION FILE: A16_CYCLE_L20_R20A035 WRITTEN
    6900  0.1725      0.2500E-04 SH_3N          2  -0.0%   1337.       1.296       0.000       1338.       0.000      0.8856       0.000    
    7000  0.1750      0.2500E-04 SH_3N          2  -0.0%   1382.       1.250       0.000       1383.       0.000      0.8856       0.000    
     ANIMATION FILE: A16_CYCLE_L20_R20A036 WRITTEN
    7100  0.1775      0.2500E-04 SH_3N          1  -0.0%   1426.       1.203       0.000       1427.       0.000      0.8856       0.000    
    7200  0.1800      0.2500E-04 SH_3N          1  -0.0%   1471.       1.153       0.000       1472.       0.000      0.8856       0.000    
     ANIMATION FILE: A16_CYCLE_L20_R20A037 WRITTEN
    7300  0.1825      0.2500E-04 SH_3N          1  -0.0%   1515.       1.103       0.000       1516.       0.000      0.8856       0.000    
    7400  0.1850      0.2500E-04 SH_3N          2  -0.0%   1558.       1.052       0.000       1559.       0.000      0.8856       0.000    
     ANIMATION FILE: A16_CYCLE_L20_R20A038 WRITTEN
    7500  0.1875      0.2500E-04 SH_3N          1  -0.0%   1601.      0.9992       0.000       1602.       0.000      0.8856       0.000    
    7600  0.1900      0.2500E-04 SH_3N          1  -0.0%   1644.      0.9460       0.000       1645.       0.000      0.8856       0.000    
     ANIMATION FILE: A16_CYCLE_L20_R20A039 WRITTEN
    7700  0.1925      0.2500E-04 SH_3N          1  -0.0%   1686.      0.8923       0.000       1687.       0.000      0.8856       0.000    
    7800  0.1950      0.2500E-04 SH_3N          1  -0.0%   1727.      0.8381       0.000       1728.       0.000      0.8856       0.000    
     ANIMATION FILE: A16_CYCLE_L20_R20A040 WRITTEN
    7900  0.1975      0.2500E-04 SH_3N          1  -0.0%   1768.      0.7837       0.000       1768.       0.000      0.8856       0.000    
    8000  0.2000      0.2500E-04 SH_3N          1  -0.0%   1807.      0.7292       0.000       1808.       0.000      0.8856       0.000    
     ANIMATION FILE: A16_CYCLE_L20_R20A041 WRITTEN
    8100  0.2025      0.2500E-04 SH_3N          1  -0.0%   1845.      0.6749       0.000       1846.       0.000      0.8856       0.000    
    8200  0.2050      0.2500E-04 SH_3N          1  -0.0%   1882.      0.6210       0.000       1883.       0.000      0.8856       0.000    
     ANIMATION FILE: A16_CYCLE_L20_R20A042 WRITTEN
    8300  0.2075      0.2500E-04 SH_3N          1  -0.0%   1916.      0.5677       0.000       1917.       0.000      0.8856       0.000    
    8400  0.2100      0.2500E-04 SH_3N          2  -0.0%   1947.      0.5153       0.000       1947.       0.000      0.8856       0.000    
     ANIMATION FILE: A16_CYCLE_L20_R20A043 WRITTEN
    8500  0.2125      0.2500E-04 SH_3N          1  -0.0%   1974.      0.4639       0.000       1975.       0.000      0.8856       0.000    
    8600  0.2150      0.2500E-04 SH_3N          1  -0.0%   1999.      0.4138       0.000       2000.       0.000      0.8856       0.000    
     ANIMATION FILE: A16_CYCLE_L20_R20A044 WRITTEN
    8700  0.2175      0.2500E-04 SH_3N          1  -0.0%   2022.      0.3652       0.000       2022.       0.000      0.8856       0.000    
    8800  0.2200      0.2500E-04 SH_3N          1  -0.0%   2041.      0.3185       0.000       2042.       0.000      0.8856       0.000    
     ANIMATION FILE: A16_CYCLE_L20_R20A045 WRITTEN
    8900  0.2225      0.2500E-04 SH_3N          1  -0.0%   2059.      0.2738       0.000       2059.       0.000      0.8856       0.000    
    9000  0.2250      0.2500E-04 SH_3N          1  -0.0%   2075.      0.2315       0.000       2075.       0.000      0.8856       0.000    
     ANIMATION FILE: A16_CYCLE_L20_R20A046 WRITTEN
    9100  0.2275      0.2500E-04 SH_3N          1  -0.0%   2088.      0.1917       0.000       2088.       0.000      0.8856       0.000    
    9200  0.2300      0.2500E-04 SH_3N          1  -0.0%   2100.      0.1549       0.000       2100.       0.000      0.8856       0.000    
     ANIMATION FILE: A16_CYCLE_L20_R20A047 WRITTEN
    9300  0.2325      0.2500E-04 SH_3N          2  -0.0%   2110.      0.1212       0.000       2110.       0.000      0.8856       0.000    
    9400  0.2350      0.2500E-04 SH_3N          1  -0.0%   2119.      0.9096E-01   0.000       2119.       0.000      0.8856       0.000    
     ANIMATION FILE: A16_CYCLE_L20_R20A048 WRITTEN
    9500  0.2375      0.2500E-04 SH_3N          1  -0.0%   2126.      0.6453E-01   0.000       2126.       0.000      0.8856       0.000    
    9600  0.2400      0.2500E-04 SH_3N          1  -0.0%   2131.      0.4218E-01   0.000       2131.       0.000      0.8856       0.000    
     ANIMATION FILE: A16_CYCLE_L20_R20A049 WRITTEN
    9700  0.2425      0.2500E-04 SH_3N          1  -0.0%   2136.      0.2422E-01   0.000       2136.       0.000      0.8856       0.000    
    9800  0.2450      0.2500E-04 SH_3N          1  -0.0%   2139.      0.1099E-01   0.000       2139.       0.000      0.8856       0.000    
     ANIMATION FILE: A16_CYCLE_L20_R20A050 WRITTEN
    9900  0.2475      0.2500E-04 SH_3N          2  -0.0%   2141.      0.2804E-02   0.000       2141.       0.000      0.8856       0.000    
   CYCLE    TIME      TIME-STEP  ELEMENT          ERROR  I-ENERGY    K-ENERGY T  K-ENERGY R  EXT-WORK     MAS.ERR     TOTAL MASS  MASS ADDED
   10000  0.2500      0.2500E-04 SH_3N          1  -0.0%   2141.      0.1160E-23   0.000       2141.       0.000      0.8856       0.000    
     ANIMATION FILE: A16_CYCLE_L20_R20A051 WRITTEN
   10100  0.2525      0.2500E-04 SH_3N          1  -0.0%   2141.      0.2804E-02   0.000       2141.       0.000      0.8856       0.000    
   10200  0.2550      0.2500E-04 SH_3N          1  -0.0%   2139.      0.1099E-01   0.000       2139.       0.000      0.8856       0.000    
     ANIMATION FILE: A16_CYCLE_L20_R20A052 WRITTEN
   10300  0.2575      0.2500E-04 SH_3N          2  -0.0%   2136.      0.2422E-01   0.000       2136.       0.000      0.8856       0.000    
   10400  0.2600      0.2500E-04 SH_3N          1  -0.0%   2132.      0.4218E-01   0.000       2132.       0.000      0.8856       0.000    
     ANIMATION FILE: A16_CYCLE_L20_R20A053 WRITTEN
   10500  0.2625      0.2500E-04 SH_3N          1  -0.0%   2126.      0.6453E-01   0.000       2126.       0.000      0.8856       0.000    
   10600  0.2650      0.2500E-04 SH_3N          2  -0.0%   2120.      0.9096E-01   0.000       2120.       0.000      0.8856       0.000    
     ANIMATION FILE: A16_CYCLE_L20_R20A054 WRITTEN
   10700  0.2675      0.2500E-04 SH_3N          1  -0.0%   2113.      0.1212       0.000       2113.       0.000      0.8856       0.000    
   10800  0.2700      0.2500E-04 SH_3N          1  -0.0%   2104.      0.1549       0.000       2104.       0.000      0.8856       0.000    
     ANIMATION FILE: A16_CYCLE_L20_R20A055 WRITTEN
   10900  0.2725      0.2500E-04 SH_3N          2  -0.0%   2095.      0.1917       0.000       2095.       0.000      0.8856       0.000    
   11000  0.2750      0.2500E-04 SH_3N          1  -0.0%   2084.      0.2315       0.000       2085.       0.000      0.8856       0.000    
     ANIMATION FILE: A16_CYCLE_L20_R20A056 WRITTEN
   11100  0.2775      0.2500E-04 SH_3N          1  -0.0%   2073.      0.2738       0.000       2073.       0.000      0.8856       0.000    
   11200  0.2800      0.2500E-04 SH_3N          1  -0.0%   2061.      0.3185       0.000       2061.       0.000      0.8856       0.000    
     ANIMATION FILE: A16_CYCLE_L20_R20A057 WRITTEN
   11300  0.2825      0.2500E-04 SH_3N          2  -0.0%   2048.      0.3652       0.000       2048.       0.000      0.8856       0.000    
   11400  0.2850      0.2500E-04 SH_3N          1  -0.0%   2034.      0.4138       0.000       2035.       0.000      0.8856       0.000    
     ANIMATION FILE: A16_CYCLE_L20_R20A058 WRITTEN
   11500  0.2875      0.2500E-04 SH_3N          1  -0.0%   2020.      0.4639       0.000       2020.       0.000      0.8856       0.000    
   11600  0.2900      0.2500E-04 SH_3N          1  -0.0%   2005.      0.5153       0.000       2005.       0.000      0.8856       0.000    
     ANIMATION FILE: A16_CYCLE_L20_R20A059 WRITTEN
   11700  0.2925      0.2500E-04 SH_3N          1  -0.0%   1989.      0.5677       0.000       1989.       0.000      0.8856       0.000    
   11800  0.2950      0.2500E-04 SH_3N          2  -0.0%   1973.      0.6210       0.000       1973.       0.000      0.8856       0.000    
     ANIMATION FILE: A16_CYCLE_L20_R20A060 WRITTEN
   11900  0.2975      0.2500E-04 SH_3N          1  -0.0%   1956.      0.6749       0.000       1956.       0.000      0.8856       0.000    
   12000  0.3000      0.2500E-04 SH_3N          2  -0.0%   1938.      0.7292       0.000       1939.       0.000      0.8856       0.000    
     ANIMATION FILE: A16_CYCLE_L20_R20A061 WRITTEN
   12100  0.3025      0.2500E-04 SH_3N          2  -0.0%   1920.      0.7837       0.000       1921.       0.000      0.8856       0.000    
   12200  0.3050      0.2500E-04 SH_3N          1  -0.0%   1902.      0.8381       0.000       1903.       0.000      0.8856       0.000    
     ANIMATION FILE: A16_CYCLE_L20_R20A062 WRITTEN
   12300  0.3075      0.2500E-04 SH_3N          1  -0.0%   1883.      0.8923       0.000       1884.       0.000      0.8856       0.000    
   12400  0.3100      0.2500E-04 SH_3N          1  -0.0%   1864.      0.9460       0.000       1865.       0.000      0.8856       0.000    
     ANIMATION FILE: A16_CYCLE_L20_R20A063 WRITTEN
   12500  0.3125      0.2500E-04 SH_3N          1  -0.0%   1845.      0.9992       0.000       1846.       0.000      0.8856       0.000    
   12600  0.3150      0.2500E-04 SH_3N          2  -0.0%   1825.       1.052       0.000       1826.       0.000      0.8856       0.000    
     ANIMATION FILE: A16_CYCLE_L20_R20A064 WRITTEN
   12700  0.3175      0.2500E-04 SH_3N          1  -0.0%   1805.       1.103       0.000       1806.       0.000      0.8856       0.000    
   12800  0.3200      0.2500E-04 SH_3N          1  -0.0%   1785.       1.153       0.000       1786.       0.000      0.8856       0.000    
     ANIMATION FILE: A16_CYCLE_L20_R20A065 WRITTEN
   12900  0.3225      0.2500E-04 SH_3N          1  -0.0%   1765.       1.203       0.000       1766.       0.000      0.8856       0.000    
   13000  0.3250      0.2500E-04 SH_3N          1  -0.0%   1745.       1.250       0.000       1746.       0.000      0.8856       0.000    
     ANIMATION FILE: A16_CYCLE_L20_R20A066 WRITTEN
   13100  0.3275      0.2500E-04 SH_3N          1  -0.0%   1724.       1.296       0.000       1726.       0.000      0.8856       0.000    
   13200  0.3300      0.2500E-04 SH_3N          1  -0.0%   1704.       1.341       0.000       1705.       0.000      0.8856       0.000    
     ANIMATION FILE: A16_CYCLE_L20_R20A067 WRITTEN
   13300  0.3325      0.2500E-04 SH_3N          1  -0.0%   1684.       1.384       0.000       1685.       0.000      0.8856       0.000    
   13400  0.3350      0.2500E-04 SH_3N          1  -0.0%   1663.       1.425       0.000       1665.       0.000      0.8856       0.000    
     ANIMATION FILE: A16_CYCLE_L20_R20A068 WRITTEN
   13500  0.3375      0.2500E-04 SH_3N          1  -0.0%   1643.       1.463       0.000       1645.       0.000      0.8856       0.000    
   13600  0.3400      0.2500E-04 SH_3N          1  -0.0%   1623.       1.500       0.000       1625.       0.000      0.8856       0.000    
     ANIMATION FILE: A16_CYCLE_L20_R20A069 WRITTEN
   13700  0.3425      0.2500E-04 SH_3N          1  -0.0%   1603.       1.534       0.000       1605.       0.000      0.8856       0.000    
   13800  0.3450      0.2500E-04 SH_3N          1  -0.0%   1584.       1.567       0.000       1585.       0.000      0.8856       0.000    
     ANIMATION FILE: A16_CYCLE_L20_R20A070 WRITTEN
   13900  0.3475      0.2500E-04 SH_3N          1  -0.0%   1564.       1.596       0.000       1566.       0.000      0.8856       0.000    
   14000  0.3500      0.2500E-04 SH_3N          2  -0.0%   1545.       1.624       0.000       1546.       0.000      0.8856       0.000    
     ANIMATION FILE: A16_CYCLE_L20_R20A071 WRITTEN
   14100  0.3525      0.2500E-04 SH_3N          1  -0.0%   1526.       1.649       0.000       1527.       0.000      0.8856       0.000    
   14200  0.3550      0.2500E-04 SH_3N          1  -0.0%   1507.       1.671       0.000       1509.       0.000      0.8856       0.000    
     ANIMATION FILE: A16_CYCLE_L20_R20A072 WRITTEN
   14300  0.3575      0.2500E-04 SH_3N          1  -0.0%   1489.       1.690       0.000       1490.       0.000      0.8856       0.000    
   14400  0.3600      0.2500E-04 SH_3N          1  -0.0%   1471.       1.707       0.000       1472.       0.000      0.8856       0.000    
     ANIMATION FILE: A16_CYCLE_L20_R20A073 WRITTEN
   14500  0.3625      0.2500E-04 SH_3N          1  -0.0%   1453.       1.722       0.000       1455.       0.000      0.8856       0.000    
   14600  0.3650      0.2500E-04 SH_3N          1  -0.0%   1436.       1.733       0.000       1438.       0.000      0.8856       0.000    
     ANIMATION FILE: A16_CYCLE_L20_R20A074 WRITTEN
   14700  0.3675      0.2500E-04 SH_3N          1  -0.0%   1419.       1.742       0.000       1421.       0.000      0.8856       0.000    
   14800  0.3700      0.2500E-04 SH_3N          2  -0.0%   1402.       1.748       0.000       1404.       0.000      0.8856       0.000    
     ANIMATION FILE: A16_CYCLE_L20_R20A075 WRITTEN
   14900  0.3725      0.2500E-04 SH_3N          1  -0.0%   1386.       1.751       0.000       1388.       0.000      0.8856       0.000    
   15000  0.3750      0.2500E-04 SH_3N          2  -0.0%   1371.       1.751       0.000       1373.       0.000      0.8856       0.000    
     ANIMATION FILE: A16_CYCLE_L20_R20A076 WRITTEN
   15100  0.3775      0.2500E-04 SH_3N          1  -0.0%   1356.       1.749       0.000       1358.       0.000      0.8856       0.000    
   15200  0.3800      0.2500E-04 SH_3N          2  -0.0%   1341.       1.743       0.000       1343.       0.000      0.8856       0.000    
     ANIMATION FILE: A16_CYCLE_L20_R20A077 WRITTEN
   15300  0.3825      0.2500E-04 SH_3N          2  -0.0%   1327.       1.735       0.000       1329.       0.000      0.8856       0.000    
   15400  0.3850      0.2500E-04 SH_3N          1  -0.0%   1313.       1.724       0.000       1315.       0.000      0.8856       0.000    
     ANIMATION FILE: A16_CYCLE_L20_R20A078 WRITTEN
   15500  0.3875      0.2500E-04 SH_3N          2  -0.0%   1300.       1.711       0.000       1302.       0.000      0.8856       0.000    
   15600  0.3900      0.2500E-04 SH_3N          1  -0.0%   1288.       1.695       0.000       1289.       0.000      0.8856       0.000    
     ANIMATION FILE: A16_CYCLE_L20_R20A079 WRITTEN
   15700  0.3925      0.2500E-04 SH_3N          1  -0.0%   1275.       1.676       0.000       1277.       0.000      0.8856       0.000    
   15800  0.3950      0.2500E-04 SH_3N          1  -0.0%   1264.       1.654       0.000       1265.       0.000      0.8856       0.000    
     ANIMATION FILE: A16_CYCLE_L20_R20A080 WRITTEN
   15900  0.3975      0.2500E-04 SH_3N          2  -0.0%   1253.       1.630       0.000       1254.       0.000      0.8856       0.000    
   16000  0.4000      0.2500E-04 SH_3N          2  -0.0%   1242.       1.604       0.000       1244.       0.000      0.8856       0.000    
     ANIMATION FILE: A16_CYCLE_L20_R20A081 WRITTEN
   16100  0.4025      0.2500E-04 SH_3N          1  -0.0%   1232.       1.575       0.000       1234.       0.000      0.8856       0.000    
   16200  0.4050      0.2500E-04 SH_3N          1  -0.0%   1222.       1.544       0.000       1224.       0.000      0.8856       0.000    
     ANIMATION FILE: A16_CYCLE_L20_R20A082 WRITTEN
   16300  0.4075      0.2500E-04 SH_3N          1  -0.0%   1213.       1.510       0.000       1215.       0.000      0.8856       0.000    
   16400  0.4100      0.2500E-04 SH_3N          1  -0.0%   1205.       1.475       0.000       1206.       0.000      0.8856       0.000    
     ANIMATION FILE: A16_CYCLE_L20_R20A083 WRITTEN
   16500  0.4125      0.2500E-04 SH_3N          2  -0.0%   1197.       1.437       0.000       1198.       0.000      0.8856       0.000    
   16600  0.4150      0.2500E-04 SH_3N          2  -0.0%   1189.       1.397       0.000       1191.       0.000      0.8856       0.000    
     ANIMATION FILE: A16_CYCLE_L20_R20A084 WRITTEN
   16700  0.4175      0.2500E-04 SH_3N          1  -0.0%   1182.       1.356       0.000       1183.       0.000      0.8856       0.000    
   16800  0.4200      0.2500E-04 SH_3N          1  -0.0%   1175.       1.312       0.000       1177.       0.000      0.8856       0.000    
     ANIMATION FILE: A16_CYCLE_L20_R20A085 WRITTEN
   16900  0.4225      0.2500E-04 SH_3N          2  -0.0%   1169.       1.267       0.000       1170.       0.000      0.8856       0.000    
   17000  0.4250      0.2500E-04 SH_3N          1  -0.0%   1163.       1.221       0.000       1165.       0.000      0.8856       0.000    
     ANIMATION FILE: A16_CYCLE_L20_R20A086 WRITTEN
   17100  0.4275      0.2500E-04 SH_3N          2  -0.0%   1158.       1.173       0.000       1159.       0.000      0.8856       0.000    
   17200  0.4300      0.2500E-04 SH_3N          1  -0.0%   1153.       1.124       0.000       1154.       0.000      0.8856       0.000    
     ANIMATION FILE: A16_CYCLE_L20_R20A087 WRITTEN
   17300  0.4325      0.2500E-04 SH_3N          1  -0.0%   1149.       1.074       0.000       1150.       0.000      0.8856       0.000    
   17400  0.4350      0.2500E-04 SH_3N          1  -0.0%   1145.       1.023       0.000       1146.       0.000      0.8856       0.000    
     ANIMATION FILE: A16_CYCLE_L20_R20A088 WRITTEN
   17500  0.4375      0.2500E-04 SH_3N          1  -0.0%   1141.      0.9709       0.000       1142.       0.000      0.8856       0.000    
   17600  0.4400      0.2500E-04 SH_3N          1  -0.0%   1137.      0.9184       0.000       1138.       0.000      0.8856       0.000    
     ANIMATION FILE: A16_CYCLE_L20_R20A089 WRITTEN
   17700  0.4425      0.2500E-04 SH_3N          1  -0.0%   1134.      0.8654       0.000       1135.       0.000      0.8856       0.000    
   17800  0.4450      0.2500E-04 SH_3N          1  -0.0%   1132.      0.8121       0.000       1132.       0.000      0.8856       0.000    
     ANIMATION FILE: A16_CYCLE_L20_R20A090 WRITTEN
   17900  0.4475      0.2500E-04 SH_3N          2  -0.0%   1129.      0.7588       0.000       1130.       0.000      0.8856       0.000    
   18000  0.4500      0.2500E-04 SH_3N          1  -0.0%   1127.      0.7055       0.000       1128.       0.000      0.8856       0.000    
     ANIMATION FILE: A16_CYCLE_L20_R20A091 WRITTEN
   18100  0.4525      0.2500E-04 SH_3N          2  -0.0%   1125.      0.6524       0.000       1126.       0.000      0.8856       0.000    
   18200  0.4550      0.2500E-04 SH_3N          1  -0.0%   1123.      0.5999       0.000       1124.       0.000      0.8856       0.000    
     ANIMATION FILE: A16_CYCLE_L20_R20A092 WRITTEN
   18300  0.4575      0.2500E-04 SH_3N          2  -0.0%   1122.      0.5480       0.000       1123.       0.000      0.8856       0.000    
   18400  0.4600      0.2500E-04 SH_3N          1  -0.0%   1121.      0.4970       0.000       1121.       0.000      0.8856       0.000    
     ANIMATION FILE: A16_CYCLE_L20_R20A093 WRITTEN
   18500  0.4625      0.2500E-04 SH_3N          2  -0.0%   1120.      0.4472       0.000       1120.       0.000      0.8856       0.000    
   18600  0.4650      0.2500E-04 SH_3N          2  -0.0%   1119.      0.3986       0.000       1119.       0.000      0.8856       0.000    
     ANIMATION FILE: A16_CYCLE_L20_R20A094 WRITTEN
   18700  0.4675      0.2500E-04 SH_3N          1  -0.0%   1118.      0.3517       0.000       1119.       0.000      0.8856       0.000    
   18800  0.4700      0.2500E-04 SH_3N          1  -0.0%   1118.      0.3065       0.000       1118.       0.000      0.8856       0.000    
     ANIMATION FILE: A16_CYCLE_L20_R20A095 WRITTEN
   18900  0.4725      0.2500E-04 SH_3N          1  -0.0%   1117.      0.2633       0.000       1117.       0.000      0.8856       0.000    
   19000  0.4750      0.2500E-04 SH_3N          1  -0.0%   1117.      0.2225       0.000       1117.       0.000      0.8856       0.000    
     ANIMATION FILE: A16_CYCLE_L20_R20A096 WRITTEN
   19100  0.4775      0.2500E-04 SH_3N          1  -0.0%   1117.      0.1842       0.000       1117.       0.000      0.8856       0.000    
   19200  0.4800      0.2500E-04 SH_3N          1  -0.0%   1116.      0.1487       0.000       1116.       0.000      0.8856       0.000    
     ANIMATION FILE: A16_CYCLE_L20_R20A097 WRITTEN
   19300  0.4825      0.2500E-04 SH_3N          1  -0.0%   1116.      0.1164       0.000       1116.       0.000      0.8856       0.000    
   19400  0.4850      0.2500E-04 SH_3N          1  -0.0%   1116.      0.8732E-01   0.000       1116.       0.000      0.8856       0.000    
     ANIMATION FILE: A16_CYCLE_L20_R20A098 WRITTEN
   19500  0.4875      0.2500E-04 SH_3N          1  -0.0%   1116.      0.6193E-01   0.000       1116.       0.000      0.8856       0.000    
   19600  0.4900      0.2500E-04 SH_3N          1  -0.0%   1116.      0.4047E-01   0.000       1116.       0.000      0.8856       0.000    
     ANIMATION FILE: A16_CYCLE_L20_R20A099 WRITTEN
   19700  0.4925      0.2500E-04 SH_3N          2  -0.0%   1116.      0.2324E-01   0.000       1116.       0.000      0.8856       0.000    
   19800  0.4950      0.2500E-04 SH_3N          1  -0.0%   1116.      0.1054E-01   0.000       1116.       0.000      0.8856       0.000    
     ANIMATION FILE: A16_CYCLE_L20_R20A100 WRITTEN
   19900  0.4975      0.2500E-04 SH_3N          1  -0.0%   1116.      0.2689E-02   0.000       1116.       0.000      0.8856       0.000    
   CYCLE    TIME      TIME-STEP  ELEMENT          ERROR  I-ENERGY    K-ENERGY T  K-ENERGY R  EXT-WORK     MAS.ERR     TOTAL MASS  MASS ADDED
   20000  0.5000      0.2500E-04 SH_3N          1  -0.0%   1116.      0.3886E-23   0.000       1116.       0.000      0.8856       0.000    
     ANIMATION FILE: A16_CYCLE_L20_R20A101 WRITTEN
   20100  0.5025      0.2500E-04 SH_3N          1  -0.0%   1116.      0.2689E-02   0.000       1116.       0.000      0.8856       0.000    
   20200  0.5050      0.2500E-04 SH_3N          1  -0.0%   1116.      0.1054E-01   0.000       1116.       0.000      0.8856       0.000    
     ANIMATION FILE: A16_CYCLE_L20_R20A102 WRITTEN
   20300  0.5075      0.2500E-04 SH_3N          1  -0.0%   1116.      0.2324E-01   0.000       1116.       0.000      0.8856       0.000    
   20400  0.5100      0.2500E-04 SH_3N          1  -0.0%   1116.      0.4047E-01   0.000       1116.       0.000      0.8856       0.000    
     ANIMATION FILE: A16_CYCLE_L20_R20A103 WRITTEN
   20500  0.5125      0.2500E-04 SH_3N          1  -0.0%   1116.      0.6193E-01   0.000       1116.       0.000      0.8856       0.000    
   20600  0.5150      0.2500E-04 SH_3N          1  -0.0%   1116.      0.8732E-01   0.000       1116.       0.000      0.8856       0.000    
     ANIMATION FILE: A16_CYCLE_L20_R20A104 WRITTEN
   20700  0.5175      0.2500E-04 SH_3N          1  -0.0%   1116.      0.1164       0.000       1116.       0.000      0.8856       0.000    
   20800  0.5200      0.2500E-04 SH_3N          1  -0.0%   1116.      0.1487       0.000       1116.       0.000      0.8856       0.000    
     ANIMATION FILE: A16_CYCLE_L20_R20A105 WRITTEN
   20900  0.5225      0.2500E-04 SH_3N          1  -0.0%   1117.      0.1842       0.000       1117.       0.000      0.8856       0.000    
   21000  0.5250      0.2500E-04 SH_3N          1  -0.0%   1117.      0.2225       0.000       1117.       0.000      0.8856       0.000    
     ANIMATION FILE: A16_CYCLE_L20_R20A106 WRITTEN
   21100  0.5275      0.2500E-04 SH_3N          1  -0.0%   1117.      0.2633       0.000       1117.       0.000      0.8856       0.000    
   21200  0.5300      0.2500E-04 SH_3N          1  -0.0%   1118.      0.3065       0.000       1118.       0.000      0.8856       0.000    
     ANIMATION FILE: A16_CYCLE_L20_R20A107 WRITTEN
   21300  0.5325      0.2500E-04 SH_3N          1  -0.0%   1118.      0.3517       0.000       1119.       0.000      0.8856       0.000    
   21400  0.5350      0.2500E-04 SH_3N          1  -0.0%   1119.      0.3986       0.000       1119.       0.000      0.8856       0.000    
     ANIMATION FILE: A16_CYCLE_L20_R20A108 WRITTEN
   21500  0.5375      0.2500E-04 SH_3N          2  -0.0%   1120.      0.4472       0.000       1120.       0.000      0.8856       0.000    
   21600  0.5400      0.2500E-04 SH_3N          1  -0.0%   1121.      0.4970       0.000       1121.       0.000      0.8856       0.000    
     ANIMATION FILE: A16_CYCLE_L20_R20A109 WRITTEN
   21700  0.5425      0.2500E-04 SH_3N          2  -0.0%   1122.      0.5480       0.000       1123.       0.000      0.8856       0.000    
   21800  0.5450      0.2500E-04 SH_3N          1  -0.0%   1123.      0.5999       0.000       1124.       0.000      0.8856       0.000    
     ANIMATION FILE: A16_CYCLE_L20_R20A110 WRITTEN
   21900  0.5475      0.2500E-04 SH_3N          1  -0.0%   1125.      0.6524       0.000       1126.       0.000      0.8856       0.000    
   22000  0.5500      0.2500E-04 SH_3N          1  -0.0%   1127.      0.7055       0.000       1128.       0.000      0.8856       0.000    
     ANIMATION FILE: A16_CYCLE_L20_R20A111 WRITTEN
   22100  0.5525      0.2500E-04 SH_3N          1  -0.0%   1129.      0.7588       0.000       1130.       0.000      0.8856       0.000    
   22200  0.5550      0.2500E-04 SH_3N          1  -0.0%   1132.      0.8121       0.000       1132.       0.000      0.8856       0.000    
     ANIMATION FILE: A16_CYCLE_L20_R20A112 WRITTEN
   22300  0.5575      0.2500E-04 SH_3N          2  -0.0%   1134.      0.8654       0.000       1135.       0.000      0.8856       0.000    
   22400  0.5600      0.2500E-04 SH_3N          1  -0.0%   1137.      0.9184       0.000       1138.       0.000      0.8856       0.000    
     ANIMATION FILE: A16_CYCLE_L20_R20A113 WRITTEN
   22500  0.5625      0.2500E-04 SH_3N          2  -0.0%   1141.      0.9709       0.000       1142.       0.000      0.8856       0.000    
   22600  0.5650      0.2500E-04 SH_3N          1  -0.0%   1145.       1.023       0.000       1146.       0.000      0.8856       0.000    
     ANIMATION FILE: A16_CYCLE_L20_R20A114 WRITTEN
   22700  0.5675      0.2500E-04 SH_3N          1  -0.0%   1149.       1.074       0.000       1150.       0.000      0.8856       0.000    
   22800  0.5700      0.2500E-04 SH_3N          2  -0.0%   1153.       1.124       0.000       1154.       0.000      0.8856       0.000    
     ANIMATION FILE: A16_CYCLE_L20_R20A115 WRITTEN
   22900  0.5725      0.2500E-04 SH_3N          1  -0.0%   1158.       1.173       0.000       1159.       0.000      0.8856       0.000    
   23000  0.5750      0.2500E-04 SH_3N          2  -0.0%   1163.       1.221       0.000       1165.       0.000      0.8856       0.000    
     ANIMATION FILE: A16_CYCLE_L20_R20A116 WRITTEN
   23100  0.5775      0.2500E-04 SH_3N          2  -0.0%   1169.       1.267       0.000       1170.       0.000      0.8856       0.000    
   23200  0.5800      0.2500E-04 SH_3N          2  -0.0%   1175.       1.312       0.000       1177.       0.000      0.8856       0.000    
     ANIMATION FILE: A16_CYCLE_L20_R20A117 WRITTEN
   23300  0.5825      0.2500E-04 SH_3N          1  -0.0%   1182.       1.356       0.000       1183.       0.000      0.8856       0.000    
   23400  0.5850      0.2500E-04 SH_3N          2  -0.0%   1189.       1.397       0.000       1191.       0.000      0.8856       0.000    
     ANIMATION FILE: A16_CYCLE_L20_R20A118 WRITTEN
   23500  0.5875      0.2500E-04 SH_3N          2  -0.0%   1197.       1.437       0.000       1198.       0.000      0.8856       0.000    
   23600  0.5900      0.2500E-04 SH_3N          1  -0.0%   1205.       1.475       0.000       1206.       0.000      0.8856       0.000    
     ANIMATION FILE: A16_CYCLE_L20_R20A119 WRITTEN
   23700  0.5925      0.2500E-04 SH_3N          2  -0.0%   1213.       1.510       0.000       1215.       0.000      0.8856       0.000    
   23800  0.5950      0.2500E-04 SH_3N          1  -0.0%   1222.       1.544       0.000       1224.       0.000      0.8856       0.000    
     ANIMATION FILE: A16_CYCLE_L20_R20A120 WRITTEN
   23900  0.5975      0.2500E-04 SH_3N          1  -0.0%   1232.       1.575       0.000       1234.       0.000      0.8856       0.000    
   24000  0.6000      0.2500E-04 SH_3N          2  -0.0%   1242.       1.604       0.000       1244.       0.000      0.8856       0.000    
     ANIMATION FILE: A16_CYCLE_L20_R20A121 WRITTEN
   24100  0.6025      0.2500E-04 SH_3N          2  -0.0%   1253.       1.630       0.000       1254.       0.000      0.8856       0.000    
   24200  0.6050      0.2500E-04 SH_3N          2  -0.0%   1264.       1.654       0.000       1265.       0.000      0.8856       0.000    
     ANIMATION FILE: A16_CYCLE_L20_R20A122 WRITTEN
   24300  0.6075      0.2500E-04 SH_3N          1  -0.0%   1275.       1.676       0.000       1277.       0.000      0.8856       0.000    
   24400  0.6100      0.2500E-04 SH_3N          1  -0.0%   1288.       1.695       0.000       1289.       0.000      0.8856       0.000    
     ANIMATION FILE: A16_CYCLE_L20_R20A123 WRITTEN
   24500  0.6125      0.2500E-04 SH_3N          2  -0.0%   1300.       1.711       0.000       1302.       0.000      0.8856       0.000    
   24600  0.6150      0.2500E-04 SH_3N          1  -0.0%   1313.       1.724       0.000       1315.       0.000      0.8856       0.000    
     ANIMATION FILE: A16_CYCLE_L20_R20A124 WRITTEN
   24700  0.6175      0.2500E-04 SH_3N          1  -0.0%   1327.       1.735       0.000       1329.       0.000      0.8856       0.000    
   24800  0.6200      0.2500E-04 SH_3N          1  -0.0%   1341.       1.743       0.000       1343.       0.000      0.8856       0.000    
     ANIMATION FILE: A16_CYCLE_L20_R20A125 WRITTEN
   24900  0.6225      0.2500E-04 SH_3N          2  -0.0%   1356.       1.749       0.000       1358.       0.000      0.8856       0.000    
   25000  0.6250      0.2500E-04 SH_3N          1  -0.0%   1371.       1.751       0.000       1373.       0.000      0.8856       0.000    
     ANIMATION FILE: A16_CYCLE_L20_R20A126 WRITTEN
   25100  0.6275      0.2500E-04 SH_3N          1  -0.0%   1386.       1.751       0.000       1388.       0.000      0.8856       0.000    
   25200  0.6300      0.2500E-04 SH_3N          1  -0.0%   1402.       1.748       0.000       1404.       0.000      0.8856       0.000    
     ANIMATION FILE: A16_CYCLE_L20_R20A127 WRITTEN
   25300  0.6325      0.2500E-04 SH_3N          1  -0.0%   1419.       1.742       0.000       1421.       0.000      0.8856       0.000    
   25400  0.6350      0.2500E-04 SH_3N          1  -0.0%   1436.       1.733       0.000       1438.       0.000      0.8856       0.000    
     ANIMATION FILE: A16_CYCLE_L20_R20A128 WRITTEN
   25500  0.6375      0.2500E-04 SH_3N          2  -0.0%   1453.       1.722       0.000       1455.       0.000      0.8856       0.000    
   25600  0.6400      0.2500E-04 SH_3N          1  -0.0%   1471.       1.707       0.000       1472.       0.000      0.8856       0.000    
     ANIMATION FILE: A16_CYCLE_L20_R20A129 WRITTEN
   25700  0.6425      0.2500E-04 SH_3N          1  -0.0%   1489.       1.690       0.000       1490.       0.000      0.8856       0.000    
   25800  0.6450      0.2500E-04 SH_3N          1  -0.0%   1507.       1.671       0.000       1509.       0.000      0.8856       0.000    
     ANIMATION FILE: A16_CYCLE_L20_R20A130 WRITTEN
   25900  0.6475      0.2500E-04 SH_3N          1  -0.0%   1526.       1.649       0.000       1527.       0.000      0.8856       0.000    
   26000  0.6500      0.2500E-04 SH_3N          1  -0.0%   1545.       1.624       0.000       1546.       0.000      0.8856       0.000    
     ANIMATION FILE: A16_CYCLE_L20_R20A131 WRITTEN
   26100  0.6525      0.2500E-04 SH_3N          1  -0.0%   1564.       1.596       0.000       1566.       0.000      0.8856       0.000    
   26200  0.6550      0.2500E-04 SH_3N          1  -0.0%   1584.       1.567       0.000       1585.       0.000      0.8856       0.000    
     ANIMATION FILE: A16_CYCLE_L20_R20A132 WRITTEN
   26300  0.6575      0.2500E-04 SH_3N          1  -0.0%   1603.       1.534       0.000       1605.       0.000      0.8856       0.000    
   26400  0.6600      0.2500E-04 SH_3N          1  -0.0%   1623.       1.500       0.000       1625.       0.000      0.8856       0.000    
     ANIMATION FILE: A16_CYCLE_L20_R20A133 WRITTEN
   26500  0.6625      0.2500E-04 SH_3N          1  -0.0%   1643.       1.463       0.000       1645.       0.000      0.8856       0.000    
   26600  0.6650      0.2500E-04 SH_3N          1  -0.0%   1663.       1.425       0.000       1665.       0.000      0.8856       0.000    
     ANIMATION FILE: A16_CYCLE_L20_R20A134 WRITTEN
   26700  0.6675      0.2500E-04 SH_3N          1  -0.0%   1684.       1.384       0.000       1685.       0.000      0.8856       0.000    
   26800  0.6700      0.2500E-04 SH_3N          2  -0.0%   1704.       1.341       0.000       1705.       0.000      0.8856       0.000    
     ANIMATION FILE: A16_CYCLE_L20_R20A135 WRITTEN
   26900  0.6725      0.2500E-04 SH_3N          1  -0.0%   1724.       1.296       0.000       1726.       0.000      0.8856       0.000    
   27000  0.6750      0.2500E-04 SH_3N          1  -0.0%   1745.       1.250       0.000       1746.       0.000      0.8856       0.000    
     ANIMATION FILE: A16_CYCLE_L20_R20A136 WRITTEN
   27100  0.6775      0.2500E-04 SH_3N          1  -0.0%   1765.       1.203       0.000       1766.       0.000      0.8856       0.000    
   27200  0.6800      0.2500E-04 SH_3N          1  -0.0%   1785.       1.153       0.000       1786.       0.000      0.8856       0.000    
     ANIMATION FILE: A16_CYCLE_L20_R20A137 WRITTEN
   27300  0.6825      0.2500E-04 SH_3N          1  -0.0%   1805.       1.103       0.000       1806.       0.000      0.8856       0.000    
   27400  0.6850      0.2500E-04 SH_3N          2  -0.0%   1825.       1.052       0.000       1826.       0.000      0.8856       0.000    
     ANIMATION FILE: A16_CYCLE_L20_R20A138 WRITTEN
   27500  0.6875      0.2500E-04 SH_3N          1  -0.0%   1845.      0.9992       0.000       1846.       0.000      0.8856       0.000    
   27600  0.6900      0.2500E-04 SH_3N          1  -0.0%   1864.      0.9460       0.000       1865.       0.000      0.8856       0.000    
     ANIMATION FILE: A16_CYCLE_L20_R20A139 WRITTEN
   27700  0.6925      0.2500E-04 SH_3N          1  -0.0%   1883.      0.8923       0.000       1884.       0.000      0.8856       0.000    
   27800  0.6950      0.2500E-04 SH_3N          1  -0.0%   1902.      0.8381       0.000       1903.       0.000      0.8856       0.000    
     ANIMATION FILE: A16_CYCLE_L20_R20A140 WRITTEN
   27900  0.6975      0.2500E-04 SH_3N          1  -0.0%   1920.      0.7837       0.000       1921.       0.000      0.8856       0.000    
   28000  0.7000      0.2500E-04 SH_3N          1  -0.0%   1938.      0.7292       0.000       1939.       0.000      0.8856       0.000    
     ANIMATION FILE: A16_CYCLE_L20_R20A141 WRITTEN
   28100  0.7025      0.2500E-04 SH_3N          1  -0.0%   1956.      0.6749       0.000       1956.       0.000      0.8856       0.000    
   28200  0.7050      0.2500E-04 SH_3N          2  -0.0%   1973.      0.6210       0.000       1973.       0.000      0.8856       0.000    
     ANIMATION FILE: A16_CYCLE_L20_R20A142 WRITTEN
   28300  0.7075      0.2500E-04 SH_3N          1  -0.0%   1989.      0.5677       0.000       1989.       0.000      0.8856       0.000    
   28400  0.7100      0.2500E-04 SH_3N          1  -0.0%   2005.      0.5153       0.000       2005.       0.000      0.8856       0.000    
     ANIMATION FILE: A16_CYCLE_L20_R20A143 WRITTEN
   28500  0.7125      0.2500E-04 SH_3N          1  -0.0%   2020.      0.4639       0.000       2020.       0.000      0.8856       0.000    
   28600  0.7150      0.2500E-04 SH_3N          2  -0.0%   2034.      0.4138       0.000       2035.       0.000      0.8856       0.000    
     ANIMATION FILE: A16_CYCLE_L20_R20A144 WRITTEN
   28700  0.7175      0.2500E-04 SH_3N          1  -0.0%   2048.      0.3652       0.000       2048.       0.000      0.8856       0.000    
   28800  0.7200      0.2500E-04 SH_3N          1  -0.0%   2061.      0.3185       0.000       2061.       0.000      0.8856       0.000    
     ANIMATION FILE: A16_CYCLE_L20_R20A145 WRITTEN
   28900  0.7225      0.2500E-04 SH_3N          1  -0.0%   2073.      0.2738       0.000       2073.       0.000      0.8856       0.000    
   29000  0.7250      0.2500E-04 SH_3N          2  -0.0%   2084.      0.2315       0.000       2085.       0.000      0.8856       0.000    
     ANIMATION FILE: A16_CYCLE_L20_R20A146 WRITTEN
   29100  0.7275      0.2500E-04 SH_3N          1  -0.0%   2095.      0.1917       0.000       2095.       0.000      0.8856       0.000    
   29200  0.7300      0.2500E-04 SH_3N          2  -0.0%   2104.      0.1549       0.000       2104.       0.000      0.8856       0.000    
     ANIMATION FILE: A16_CYCLE_L20_R20A147 WRITTEN
   29300  0.7325      0.2500E-04 SH_3N          1  -0.0%   2113.      0.1212       0.000       2113.       0.000      0.8856       0.000    
   29400  0.7350      0.2500E-04 SH_3N          1  -0.0%   2120.      0.9096E-01   0.000       2120.       0.000      0.8856       0.000    
     ANIMATION FILE: A16_CYCLE_L20_R20A148 WRITTEN
   29500  0.7375      0.2500E-04 SH_3N          1  -0.0%   2126.      0.6453E-01   0.000       2126.       0.000      0.8856       0.000    
   29600  0.7400      0.2500E-04 SH_3N          1  -0.0%   2132.      0.4218E-01   0.000       2132.       0.000      0.8856       0.000    
     ANIMATION FILE: A16_CYCLE_L20_R20A149 WRITTEN
   29700  0.7425      0.2500E-04 SH_3N          1  -0.0%   2136.      0.2422E-01   0.000       2136.       0.000      0.8856       0.000    
   29800  0.7450      0.2500E-04 SH_3N          2  -0.0%   2139.      0.1099E-01   0.000       2139.       0.000      0.8856       0.000    
     ANIMATION FILE: A16_CYCLE_L20_R20A150 WRITTEN
   29900  0.7475      0.2500E-04 SH_3N          1  -0.0%   2141.      0.2804E-02   0.000       2141.       0.000      0.8856       0.000    
   CYCLE    TIME      TIME-STEP  ELEMENT          ERROR  I-ENERGY    K-ENERGY T  K-ENERGY R  EXT-WORK     MAS.ERR     TOTAL MASS  MASS ADDED
   30000  0.7500      0.2500E-04 SH_3N          2  -0.0%   2141.      0.9037E-06   0.000       2141.       0.000      0.8856       0.000    
     ANIMATION FILE: A16_CYCLE_L20_R20A151 WRITTEN
   30100  0.7525      0.2500E-04 SH_3N          1  -0.0%   2142.      0.1696E-02   0.000       2142.       0.000      0.8856       0.000    
   30200  0.7550      0.2500E-04 SH_3N          1  -0.0%   2143.      0.6649E-02   0.000       2143.       0.000      0.8856       0.000    
     ANIMATION FILE: A16_CYCLE_L20_R20A152 WRITTEN
   30300  0.7575      0.2500E-04 SH_3N          2  -0.0%   2145.      0.1466E-01   0.000       2145.       0.000      0.8856       0.000    
   30400  0.7600      0.2500E-04 SH_3N          1  -0.0%   2149.      0.2552E-01   0.000       2149.       0.000      0.8856       0.000    
     ANIMATION FILE: A16_CYCLE_L20_R20A153 WRITTEN
   30500  0.7625      0.2500E-04 SH_3N          1  -0.0%   2153.      0.3906E-01   0.000       2153.       0.000      0.8856       0.000    
   30600  0.7650      0.2500E-04 SH_3N          1  -0.0%   2157.      0.5507E-01   0.000       2157.       0.000      0.8856       0.000    
     ANIMATION FILE: A16_CYCLE_L20_R20A154 WRITTEN
   30700  0.7675      0.2500E-04 SH_3N          1  -0.0%   2162.      0.7338E-01   0.000       2162.       0.000      0.8856       0.000    
   30800  0.7700      0.2500E-04 SH_3N          2  -0.0%   2168.      0.9380E-01   0.000       2168.       0.000      0.8856       0.000    
     ANIMATION FILE: A16_CYCLE_L20_R20A155 WRITTEN
   30900  0.7725      0.2500E-04 SH_3N          1  -0.0%   2174.      0.1162       0.000       2174.       0.000      0.8856       0.000    
   31000  0.7750      0.2500E-04 SH_3N          1  -0.0%   2181.      0.1403       0.000       2181.       0.000      0.8856       0.000    
     ANIMATION FILE: A16_CYCLE_L20_R20A156 WRITTEN
   31100  0.7775      0.2500E-04 SH_3N          1  -0.0%   2187.      0.1661       0.000       2188.       0.000      0.8856       0.000    
   31200  0.7800      0.2500E-04 SH_3N          2  -0.0%   2194.      0.1932       0.000       2194.       0.000      0.8856       0.000    
     ANIMATION FILE: A16_CYCLE_L20_R20A157 WRITTEN
   31300  0.7825      0.2500E-04 SH_3N          2  -0.0%   2201.      0.2217       0.000       2201.       0.000      0.8856       0.000    
   31400  0.7850      0.2500E-04 SH_3N          1  -0.0%   2207.      0.2513       0.000       2208.       0.000      0.8856       0.000    
     ANIMATION FILE: A16_CYCLE_L20_R20A158 WRITTEN
   31500  0.7875      0.2500E-04 SH_3N          1  -0.0%   2213.      0.2819       0.000       2214.       0.000      0.8856       0.000    
   31600  0.7900      0.2500E-04 SH_3N          2  -0.0%   2219.      0.3133       0.000       2219.       0.000      0.8856       0.000    
     ANIMATION FILE: A16_CYCLE_L20_R20A159 WRITTEN
   31700  0.7925      0.2500E-04 SH_3N          1  -0.0%   2224.      0.3454       0.000       2224.       0.000      0.8856       0.000    
   31800  0.7950      0.2500E-04 SH_3N          1  -0.0%   2228.      0.3781       0.000       2229.       0.000      0.8856       0.000    
     ANIMATION FILE: A16_CYCLE_L20_R20A160 WRITTEN
   31900  0.7975      0.2500E-04 SH_3N          1  -0.0%   2232.      0.4112       0.000       2232.       0.000      0.8856       0.000    
   32000  0.8000      0.2500E-04 SH_3N          1  -0.0%   2234.      0.4445       0.000       2234.       0.000      0.8856       0.000    
     ANIMATION FILE: A16_CYCLE_L20_R20A161 WRITTEN
   32100  0.8025      0.2500E-04 SH_3N          2  -0.0%   2235.      0.4781       0.000       2236.       0.000      0.8856       0.000    
 FAILURE (ORTHSTR) OF SHELL ELEMENT          1 ,GAUSS PT 1 ,LAYER  1 ,INTEGRATION PT  1
 MODE 1 - TRACTION XX, STRAIN  2.4547E-02, CRITICAL VALUE  2.4545E-02, STRAIN RATE  7.0405E-02
 FAILURE (ORTHSTR) OF SHELL ELEMENT          1 ,GAUSS PT 1 ,LAYER  1 ,INTEGRATION PT  2
 MODE 1 - TRACTION XX, STRAIN  2.4547E-02, CRITICAL VALUE  2.4545E-02, STRAIN RATE  7.0405E-02
 FAILURE (ORTHSTR) OF SHELL ELEMENT          1 ,GAUSS PT 1 ,LAYER  1 ,INTEGRATION PT  3
 MODE 1 - TRACTION XX, STRAIN  2.4547E-02, CRITICAL VALUE  2.4545E-02, STRAIN RATE  7.0405E-02
 FAILURE (ORTHSTR) OF SHELL ELEMENT          1 ,GAUSS PT 1 ,LAYER  3 ,INTEGRATION PT  1
 MODE 1 - TRACTION XX, STRAIN  2.4547E-02, CRITICAL VALUE  2.4545E-02, STRAIN RATE  7.0405E-02
 FAILURE (ORTHSTR) OF SHELL ELEMENT          1 ,GAUSS PT 1 ,LAYER  3 ,INTEGRATION PT  2
 MODE 1 - TRACTION XX, STRAIN  2.4547E-02, CRITICAL VALUE  2.4545E-02, STRAIN RATE  7.0405E-02
 FAILURE (ORTHSTR) OF SHELL ELEMENT          1 ,GAUSS PT 1 ,LAYER  3 ,INTEGRATION PT  3
 MODE 1 - TRACTION XX, STRAIN  2.4547E-02, CRITICAL VALUE  2.4545E-02, STRAIN RATE  7.0405E-02
 -- FAILURE (ORTHSTRAIN) OF PLY ID         41 ,SHELL ELEMENT NUMBER          1  BELONGING TO PART ID :        21
 -- FAILURE (ORTHSTRAIN) OF PLY ID         43 ,SHELL ELEMENT NUMBER          1  BELONGING TO PART ID :        21
 FAILURE (ORTHSTR) OF SHELL ELEMENT          2 ,GAUSS PT 1 ,LAYER  1 ,INTEGRATION PT  1
 MODE 1 - TRACTION XX, STRAIN  2.4546E-02, CRITICAL VALUE  2.4545E-02, STRAIN RATE  7.0481E-02
 FAILURE (ORTHSTR) OF SHELL ELEMENT          2 ,GAUSS PT 1 ,LAYER  1 ,INTEGRATION PT  2
 MODE 1 - TRACTION XX, STRAIN  2.4546E-02, CRITICAL VALUE  2.4545E-02, STRAIN RATE  7.0481E-02
 FAILURE (ORTHSTR) OF SHELL ELEMENT          2 ,GAUSS PT 1 ,LAYER  1 ,INTEGRATION PT  3
 MODE 1 - TRACTION XX, STRAIN  2.4546E-02, CRITICAL VALUE  2.4545E-02, STRAIN RATE  7.0481E-02
 FAILURE (ORTHSTR) OF SHELL ELEMENT          2 ,GAUSS PT 1 ,LAYER  3 ,INTEGRATION PT  1
 MODE 1 - TRACTION XX, STRAIN  2.4546E-02, CRITICAL VALUE  2.4545E-02, STRAIN RATE  7.0481E-02
 FAILURE (ORTHSTR) OF SHELL ELEMENT          2 ,GAUSS PT 1 ,LAYER  3 ,INTEGRATION PT  2
 MODE 1 - TRACTION XX, STRAIN  2.4546E-02, CRITICAL VALUE  2.4545E-02, STRAIN RATE  7.0481E-02
 FAILURE (ORTHSTR) OF SHELL ELEMENT          2 ,GAUSS PT 1 ,LAYER  3 ,INTEGRATION PT  3
 MODE 1 - TRACTION XX, STRAIN  2.4546E-02, CRITICAL VALUE  2.4545E-02, STRAIN RATE  7.0481E-02
 -- FAILURE (ORTHSTRAIN) OF PLY ID         41 ,SHELL ELEMENT NUMBER          2  BELONGING TO PART ID :        21
 -- FAILURE (ORTHSTRAIN) OF PLY ID         43 ,SHELL ELEMENT NUMBER          2  BELONGING TO PART ID :        21
   32200  0.8050      0.2500E-04 SH_3N          1  -0.0%   2235.      0.5117       0.000       2236.       0.000      0.8856       0.000    
     ANIMATION FILE: A16_CYCLE_L20_R20A162 WRITTEN
   32300  0.8075      0.2500E-04 SH_3N          1  -0.0%   2235.      0.5452       0.000       2236.       0.000      0.8856       0.000    
   32400  0.8100      0.2500E-04 SH_3N          2  -0.0%   2235.      0.5785       0.000       2236.       0.000      0.8856       0.000    
     ANIMATION FILE: A16_CYCLE_L20_R20A163 WRITTEN
   32500  0.8125      0.2500E-04 SH_3N          1  -0.0%   2235.      0.6115       0.000       2236.       0.000      0.8856       0.000    
   32600  0.8150      0.2500E-04 SH_3N          1  -0.0%   2235.      0.6442       0.000       2236.       0.000      0.8856       0.000    
     ANIMATION FILE: A16_CYCLE_L20_R20A164 WRITTEN
   32700  0.8175      0.2500E-04 SH_3N          1  -0.0%   2235.      0.6763       0.000       2236.       0.000      0.8856       0.000    
   32800  0.8200      0.2500E-04 SH_3N          1  -0.0%   2235.      0.7078       0.000       2236.       0.000      0.8856       0.000    
     ANIMATION FILE: A16_CYCLE_L20_R20A165 WRITTEN
   32900  0.8225      0.2500E-04 SH_3N          1  -0.0%   2235.      0.7386       0.000       2236.       0.000      0.8856       0.000    
   33000  0.8250      0.2500E-04 SH_3N          1  -0.0%   2235.      0.7686       0.000       2236.       0.000      0.8856       0.000    
     ANIMATION FILE: A16_CYCLE_L20_R20A166 WRITTEN
   33100  0.8275      0.2500E-04 SH_3N          1  -0.0%   2235.      0.7977       0.000       2236.       0.000      0.8856       0.000    
   33200  0.8300      0.2500E-04 SH_3N          1  -0.0%   2235.      0.8259       0.000       2236.       0.000      0.8856       0.000    
     ANIMATION FILE: A16_CYCLE_L20_R20A167 WRITTEN
   33300  0.8325      0.2500E-04 SH_3N          2  -0.0%   2235.      0.8531       0.000       2236.       0.000      0.8856       0.000    
   33400  0.8350      0.2500E-04 SH_3N          2  -0.0%   2235.      0.8791       0.000       2236.       0.000      0.8856       0.000    
     ANIMATION FILE: A16_CYCLE_L20_R20A168 WRITTEN
   33500  0.8375      0.2500E-04 SH_3N          1  -0.0%   2235.      0.9040       0.000       2236.       0.000      0.8856       0.000    
   33600  0.8400      0.2500E-04 SH_3N          1  -0.0%   2235.      0.9276       0.000       2236.       0.000      0.8856       0.000    
     ANIMATION FILE: A16_CYCLE_L20_R20A169 WRITTEN
   33700  0.8425      0.2500E-04 SH_3N          2  -0.0%   2235.      0.9499       0.000       2236.       0.000      0.8856       0.000    
   33800  0.8450      0.2500E-04 SH_3N          1  -0.0%   2235.      0.9708       0.000       2236.       0.000      0.8856       0.000    
     ANIMATION FILE: A16_CYCLE_L20_R20A170 WRITTEN
   33900  0.8475      0.2500E-04 SH_3N          1  -0.0%   2236.      0.9903       0.000       2237.       0.000      0.8856       0.000    
   34000  0.8500      0.2500E-04 SH_3N          2  -0.0%   2236.       1.008       0.000       2237.       0.000      0.8856       0.000    
     ANIMATION FILE: A16_CYCLE_L20_R20A171 WRITTEN
   34100  0.8525      0.2500E-04 SH_3N          1  -0.0%   2236.       1.025       0.000       2237.       0.000      0.8856       0.000    
   34200  0.8550      0.2500E-04 SH_3N          1  -0.0%   2236.       1.040       0.000       2237.       0.000      0.8856       0.000    
     ANIMATION FILE: A16_CYCLE_L20_R20A172 WRITTEN
   34300  0.8575      0.2500E-04 SH_3N          1  -0.0%   2236.       1.053       0.000       2237.       0.000      0.8856       0.000    
   34400  0.8600      0.2500E-04 SH_3N          1  -0.0%   2236.       1.065       0.000       2237.       0.000      0.8856       0.000    
     ANIMATION FILE: A16_CYCLE_L20_R20A173 WRITTEN
   34500  0.8625      0.2500E-04 SH_3N          1  -0.0%   2236.       1.075       0.000       2237.       0.000      0.8856       0.000    
   34600  0.8650      0.2500E-04 SH_3N          1  -0.0%   2236.       1.083       0.000       2237.       0.000      0.8856       0.000    
     ANIMATION FILE: A16_CYCLE_L20_R20A174 WRITTEN
   34700  0.8675      0.2500E-04 SH_3N          1  -0.0%   2236.       1.090       0.000       2237.       0.000      0.8856       0.000    
   34800  0.8700      0.2500E-04 SH_3N          1  -0.0%   2236.       1.095       0.000       2237.       0.000      0.8856       0.000    
     ANIMATION FILE: A16_CYCLE_L20_R20A175 WRITTEN
   34900  0.8725      0.2500E-04 SH_3N          2  -0.0%   2236.       1.098       0.000       2237.       0.000      0.8856       0.000    
   35000  0.8750      0.2500E-04 SH_3N          2  -0.0%   2236.       1.099       0.000       2237.       0.000      0.8856       0.000    
     ANIMATION FILE: A16_CYCLE_L20_R20A176 WRITTEN
   35100  0.8775      0.2500E-04 SH_3N          1  -0.0%   2236.       1.099       0.000       2237.       0.000      0.8856       0.000    
   35200  0.8800      0.2500E-04 SH_3N          1  -0.0%   2236.       1.097       0.000       2237.       0.000      0.8856       0.000    
     ANIMATION FILE: A16_CYCLE_L20_R20A177 WRITTEN
   35300  0.8825      0.2500E-04 SH_3N          1  -0.0%   2236.       1.093       0.000       2237.       0.000      0.8856       0.000    
   35400  0.8850      0.2500E-04 SH_3N          1  -0.0%   2236.       1.088       0.000       2237.       0.000      0.8856       0.000    
     ANIMATION FILE: A16_CYCLE_L20_R20A178 WRITTEN
   35500  0.8875      0.2500E-04 SH_3N          1  -0.0%   2236.       1.080       0.000       2237.       0.000      0.8856       0.000    
   35600  0.8900      0.2500E-04 SH_3N          1  -0.0%   2236.       1.071       0.000       2237.       0.000      0.8856       0.000    
     ANIMATION FILE: A16_CYCLE_L20_R20A179 WRITTEN
   35700  0.8925      0.2500E-04 SH_3N          1  -0.0%   2236.       1.060       0.000       2237.       0.000      0.8856       0.000    
   35800  0.8950      0.2500E-04 SH_3N          1  -0.0%   2236.       1.048       0.000       2237.       0.000      0.8856       0.000    
     ANIMATION FILE: A16_CYCLE_L20_R20A180 WRITTEN
   35900  0.8975      0.2500E-04 SH_3N          1  -0.0%   2236.       1.034       0.000       2237.       0.000      0.8856       0.000    
   36000  0.9000      0.2500E-04 SH_3N          1  -0.0%   2236.       1.018       0.000       2237.       0.000      0.8856       0.000    
     ANIMATION FILE: A16_CYCLE_L20_R20A181 WRITTEN
   36100  0.9025      0.2500E-04 SH_3N          1  -0.0%   2236.       1.001       0.000       2237.       0.000      0.8856       0.000    
   36200  0.9050      0.2500E-04 SH_3N          2  -0.0%   2236.      0.9821       0.000       2237.       0.000      0.8856       0.000    
     ANIMATION FILE: A16_CYCLE_L20_R20A182 WRITTEN
   36300  0.9075      0.2500E-04 SH_3N          1  -0.0%   2236.      0.9618       0.000       2237.       0.000      0.8856       0.000    
   36400  0.9100      0.2500E-04 SH_3N          1  -0.0%   2236.      0.9400       0.000       2237.       0.000      0.8856       0.000    
     ANIMATION FILE: A16_CYCLE_L20_R20A183 WRITTEN
   36500  0.9125      0.2500E-04 SH_3N          1  -0.0%   2236.      0.9169       0.000       2237.       0.000      0.8856       0.000    
   36600  0.9150      0.2500E-04 SH_3N          1  -0.0%   2236.      0.8925       0.000       2237.       0.000      0.8856       0.000    
     ANIMATION FILE: A16_CYCLE_L20_R20A184 WRITTEN
   36700  0.9175      0.2500E-04 SH_3N          1  -0.0%   2236.      0.8668       0.000       2237.       0.000      0.8856       0.000    
   36800  0.9200      0.2500E-04 SH_3N          1  -0.0%   2236.      0.8400       0.000       2237.       0.000      0.8856       0.000    
     ANIMATION FILE: A16_CYCLE_L20_R20A185 WRITTEN
   36900  0.9225      0.2500E-04 SH_3N          1  -0.0%   2236.      0.8120       0.000       2237.       0.000      0.8856       0.000    
   37000  0.9250      0.2500E-04 SH_3N          1  -0.0%   2236.      0.7830       0.000       2237.       0.000      0.8856       0.000    
     ANIMATION FILE: A16_CYCLE_L20_R20A186 WRITTEN
   37100  0.9275      0.2500E-04 SH_3N          1  -0.0%   2236.      0.7530       0.000       2237.       0.000      0.8856       0.000    
   37200  0.9300      0.2500E-04 SH_3N          1  -0.0%   2236.      0.7222       0.000       2237.       0.000      0.8856       0.000    
     ANIMATION FILE: A16_CYCLE_L20_R20A187 WRITTEN
   37300  0.9325      0.2500E-04 SH_3N          1  -0.0%   2236.      0.6906       0.000       2237.       0.000      0.8856       0.000    
   37400  0.9350      0.2500E-04 SH_3N          1  -0.0%   2236.      0.6583       0.000       2237.       0.000      0.8856       0.000    
     ANIMATION FILE: A16_CYCLE_L20_R20A188 WRITTEN
   37500  0.9375      0.2500E-04 SH_3N          1  -0.0%   2236.      0.6254       0.000       2237.       0.000      0.8856       0.000    
   37600  0.9400      0.2500E-04 SH_3N          1  -0.0%   2237.      0.5921       0.000       2237.       0.000      0.8856       0.000    
     ANIMATION FILE: A16_CYCLE_L20_R20A189 WRITTEN
   37700  0.9425      0.2500E-04 SH_3N          1  -0.0%   2237.      0.5583       0.000       2237.       0.000      0.8856       0.000    
   37800  0.9450      0.2500E-04 SH_3N          1  -0.0%   2237.      0.5244       0.000       2237.       0.000      0.8856       0.000    
     ANIMATION FILE: A16_CYCLE_L20_R20A190 WRITTEN
   37900  0.9475      0.2500E-04 SH_3N          1  -0.0%   2237.      0.4903       0.000       2237.       0.000      0.8856       0.000    
   38000  0.9500      0.2500E-04 SH_3N          1  -0.0%   2237.      0.4562       0.000       2237.       0.000      0.8856       0.000    
     ANIMATION FILE: A16_CYCLE_L20_R20A191 WRITTEN
   38100  0.9525      0.2500E-04 SH_3N          1  -0.0%   2237.      0.4222       0.000       2237.       0.000      0.8856       0.000    
   38200  0.9550      0.2500E-04 SH_3N          1  -0.0%   2237.      0.3884       0.000       2237.       0.000      0.8856       0.000    
     ANIMATION FILE: A16_CYCLE_L20_R20A192 WRITTEN
   38300  0.9575      0.2500E-04 SH_3N          1  -0.0%   2237.      0.3551       0.000       2237.       0.000      0.8856       0.000    
   38400  0.9600      0.2500E-04 SH_3N          1  -0.0%   2237.      0.3223       0.000       2237.       0.000      0.8856       0.000    
     ANIMATION FILE: A16_CYCLE_L20_R20A193 WRITTEN
   38500  0.9625      0.2500E-04 SH_3N          2  -0.0%   2237.      0.2901       0.000       2237.       0.000      0.8856       0.000    
   38600  0.9650      0.2500E-04 SH_3N          1  -0.0%   2237.      0.2587       0.000       2237.       0.000      0.8856       0.000    
     ANIMATION FILE: A16_CYCLE_L20_R20A194 WRITTEN
   38700  0.9675      0.2500E-04 SH_3N          1  -0.0%   2237.      0.2284       0.000       2237.       0.000      0.8856       0.000    
   38800  0.9700      0.2500E-04 SH_3N          1  -0.0%   2237.      0.1991       0.000       2237.       0.000      0.8856       0.000    
     ANIMATION FILE: A16_CYCLE_L20_R20A195 WRITTEN
   38900  0.9725      0.2500E-04 SH_3N          1  -0.0%   2237.      0.1712       0.000       2237.       0.000      0.8856       0.000    
   39000  0.9750      0.2500E-04 SH_3N          1  -0.0%   2237.      0.1447       0.000       2237.       0.000      0.8856       0.000    
     ANIMATION FILE: A16_CYCLE_L20_R20A196 WRITTEN
   39100  0.9775      0.2500E-04 SH_3N          1  -0.0%   2237.      0.1198       0.000       2237.       0.000      0.8856       0.000    
   39200  0.9800      0.2500E-04 SH_3N          1  -0.0%   2237.      0.9680E-01   0.000       2237.       0.000      0.8856       0.000    
     ANIMATION FILE: A16_CYCLE_L20_R20A197 WRITTEN
   39300  0.9825      0.2500E-04 SH_3N          2  -0.0%   2237.      0.7574E-01   0.000       2237.       0.000      0.8856       0.000    
   39400  0.9850      0.2500E-04 SH_3N          2  -0.0%   2237.      0.5686E-01   0.000       2237.       0.000      0.8856       0.000    
     ANIMATION FILE: A16_CYCLE_L20_R20A198 WRITTEN
   39500  0.9875      0.2500E-04 SH_3N          1  -0.0%   2237.      0.4033E-01   0.000       2237.       0.000      0.8856       0.000    
   39600  0.9900      0.2500E-04 SH_3N          1  -0.0%   2237.      0.2636E-01   0.000       2237.       0.000      0.8856       0.000    
     ANIMATION FILE: A16_CYCLE_L20_R20A199 WRITTEN
   39700  0.9925      0.2500E-04 SH_3N          1  -0.0%   2237.      0.1514E-01   0.000       2237.       0.000      0.8856       0.000    
   39800  0.9950      0.2500E-04 SH_3N          1  -0.0%   2237.      0.6869E-02   0.000       2237.       0.000      0.8856       0.000    
     ANIMATION FILE: A16_CYCLE_L20_R20A200 WRITTEN
   39900  0.9975      0.2500E-04 SH_3N          1  -0.0%   2237.      0.1752E-02   0.000       2237.       0.000      0.8856       0.000    

     RESTART FILES: A16_CYCLE_L20_R20_0001_[0001-0001].rst WRITTEN
     -------------

   CYCLE    TIME      TIME-STEP  ELEMENT          ERROR  I-ENERGY    K-ENERGY T  K-ENERGY R  EXT-WORK     MAS.ERR     TOTAL MASS  MASS ADDED
   40000   1.000      0.2500E-04 SH_3N          1  -0.0%   2237.      0.7148E-06   0.000       2237.       0.000      0.8856       0.000    
     ANIMATION FILE: A16_CYCLE_L20_R20A201 WRITTEN
  
                           ** CPU USER TIME **
  
  
                        ** SUMMARY **
  
 #PROC  ELEMENT   KINCOND   INTEG     IO        T0        ASM       RESOL    
   1   .1734E+01 .6094E+00 .5625E+00 .1906E+01 .1016E+01 .6094E+00 .7953E+01
  
 
                   ** CUMULATIVE CPU TIME SUMMARY **
  
 CONTACT SORTING.............: .0000E+00     0.00 % 
 CONTACT FORCES..............: .1562E-01     0.20 % 
 ELEMENT FORCES..............: .1734E+01    21.81 % 
 KINEMATIC COND..............: .6094E+00     7.66 % 
 INTEGRATION.................: .5625E+00     7.07 % 
 ASSEMBLING..................: .6094E+00     7.66 % 
 OTHERS (including I/O)......: .4422E+01    55.60 % 
 TOTAL.......................: .7953E+01   100.00 % 
  
  
                           ** ELAPSED TIME **
  
  
                        ** SUMMARY **
  
 #PROC  ELEMENT   KINCOND   INTEG     IO        T0        ASM       RESOL    
   1   .9344E+00 .2654E+00 .2637E+00 .9283E+00 .5286E+00 .2298E+00 .3993E+01
  
                   ** MEMORY USAGE STATISTICS **
  
 TOTAL MEMORY USED .........................:       48 MB
 MAXIMUM MEMORY PER PROCESSOR...............:       48 MB
 MINIMUM MEMORY PER PROCESSOR...............:       48 MB
 AVERAGE MEMORY PER PROCESSOR...............:       48 MB
  
                   ** DISK USAGE STATISTICS **
  
 TOTAL DISK SPACE USED .....................:          3 MB
 ANIMATION/H3D/TH/OUTP SIZE ................:          2 MB
 RESTART FILE SIZE .........................:          0 MB
  
                   ** COMPUTE TIME INFORMATION **
                        ** CURRENT ENGINE **
  
 EXECUTION STARTED .........................:      2026/10/08  12:32:51
 EXECUTION COMPLETED .......................:      2026/10/08  12:32:55
  
 ELAPSED TIME     =          4.02 s
                          0:00:04



     NORMAL TERMINATION      



     TOTAL NUMBER OF CYCLES  :   40001

  
                   ** COMPUTE RUNTIME INFORMATION SUMMARY **
  
        STARTER RUNTIME =          0.73s (00:00:00)
 # 001   ENGINE RUNTIME =          4.02s (00:00:04)
 ------------------------------ 
 STARTER+ENGINE RUNTIME =          4.75s (00:00:04)
  
