************************************************************************
**                                                                    **
**                                                                    **
**                        OpenRadioss Starter                         **
**                                                                    **
**            Non-linear Finite Element Analysis Software             **
**                                                                    **
**                                                                    **
**                                                                    **
**                  Windows 64 bits, Intel compiler                   **
**                      Double Precision Version                      **
**                                                                    **
**                                                                    **
**                                                                    **
************************************************************************
** OpenRadioss Software                                               **
** COPYRIGHT (C) 2026 Siemens                                         **
** Licensed under GNU Affero General Public License.                  **
** See License file.                                                  **
************************************************************************
 
I02G_ELASTIC_H508_A0_R0
 .. UNITS SYSTEM                                                                         
 .. CONTROL VARIABLES                                                                    
 .. STARTER RUNNING ON    1 THREAD
 .. FUNCTIONS & TABLES
 .. MATERIALS                                                                            
 .. NODES                                                                                
 .. SKEW SYSTEMS                                                                         
 .. PROPERTIES                                                                           

WARNING ID :    445
** WARNING IN SPRING PROPERTY SET (MASS)

WARNING ID :    445
** WARNING IN SPRING PROPERTY SET (MASS)

WARNING ID :    445
** WARNING IN SPRING PROPERTY SET (MASS)

WARNING ID :    445
** WARNING IN SPRING PROPERTY SET (MASS)

WARNING ID :    445
** WARNING IN SPRING PROPERTY SET (MASS)

WARNING ID :    445
** WARNING IN SPRING PROPERTY SET (MASS)

WARNING ID :    445
** WARNING IN SPRING PROPERTY SET (MASS)

WARNING ID :    445
** WARNING IN SPRING PROPERTY SET (MASS)

WARNING ID :    445
** WARNING IN SPRING PROPERTY SET (MASS)

WARNING ID :    445
** WARNING IN SPRING PROPERTY SET (MASS)

WARNING ID :    445
** WARNING IN SPRING PROPERTY SET (MASS)

WARNING ID :    445
** WARNING IN SPRING PROPERTY SET (MASS)
 .. 3D SHELL ELEMENTS                                                                    
 .. 3D SPRING ELEMENTS                                                                   
 .. SUBSETS
 .. ELEMENT GROUPS
 .. PART GROUPS
 .. NODE GROUP
 .. BOUNDARY CONDITIONS                                                                  
 .. IMPOSED VELOCITIES                                                                   
 .. DOMAIN DECOMPOSITION
 .. ELEMENT GROUPS                                                                       
 .. ELEMENT BUFFER INITIALIZATION                                                        

ERROR ID :    260
** ERROR IN TH
DESCRIPTION :  
   -- THGROUP ID: 1
   -- THGROUP TITLE: SHEET_ENERGY_MASS
   TH VARIABLE PLAS IS NOT AVAILABLE
 .. GEOMETRY PLOT FILE                                                                   
 .. ERROR ==> NO RESTART FILE                                                            
  
------------------------------------------------------------------------
  
                   ** COMPUTE TIME INFORMATION **
  
 EXECUTION STARTED      :      2026/09/14  18:40:26
 EXECUTION COMPLETED    :      2026/09/14  18:40:27
  
 ELAPSED TIME...........=          0.82 s
                               00:00:00
  
------------------------------------------------------------------------



     ERROR TERMINATION                  
     ------------------                                                                  
              1 ERROR(S)            
             12 WARNING(S)          




PLEASE CHECK LISTING FILE FOR FURTHER DETAILS


