 I02IF_AFTER_CAP050NS_0001.out
************************************************************************
**                                                                    **
**                                                                    **
**                         OpenRadioss Engine                         **
**                                                                    **
**            Non-linear Finite Element Analysis Software             **
**                                                                    **
**                                                                    **
**                                                                    **
**                  Windows 64 bits, Intel compiler                   **
**                      Double Precision Version                      **
**                                                                    **
**                                                                    **
**                                                                    **
************************************************************************
** OpenRadioss Software                                               **
** COPYRIGHT (C) 2026 Siemens                                         **
** Licensed under GNU Affero General Public License.                  **
** See License file.                                                  **
************************************************************************
 
 NUMBER OF SPMD DOMAINS           1
 NUMBER OF THREADS PER DOMAIN     1
 NUMBER OF HMPP PROCESSES         1
  
 COMPUTATION HARDWARE DESCRIPTION
  
 HOSTNAME     CPU TYPE, FREQUENCY AND MEMORY
 jeux   AMD Ryzen 5 5600 6-Core Processor               (x86_64), 3700 MHz,   7598 MB RAM,  18217 MB swap
  
 STACKSIZE  . . . . . . . . . . . . . . . . . . . . 1430 MB
 THREAD STACKSIZE . . . . . . . . . . . . . . . . . 400 MB
 
************************************************************************


 I02IF_AFTER_CAP050NSD01                                                         


 FINAL TIME . . . . . . . . . . . . . . . . . . .   2.002000    

 TIME INTERVAL FOR TIME HISTORY PLOTS . . . . . .  0.1000000E-05

 TIME STEP SCALE FACTOR . . . . . . . . . . . . .  0.2000000    

 MINIMUM TIME STEP  . . . . . . . . . . . . . . .   0.000000    


 BRICK TIME STEP SCALE FACTOR . . . . . . . . . .  0.2000000    
 BRICK MINIMUM TIME STEP. . . . . . . . . . . . .   0.000000    
 MIN. TIME STEP FLAG (1:STOP RUN, 2:DELETE BRICK)     1

 QUAD TIME STEP SCALE FACTOR. . . . . . . . . . .  0.2000000    
 QUAD MINIMUM TIME STEP . . . . . . . . . . . . .   0.000000    
 MIN. TIME STEP FLAG (1:STOP RUN, 2:DELETE QUAD).     1

 SHELL TIME STEP SCALE FACTOR . . . . . . . . . .  0.2000000    
 SHELL MINIMUM TIME STEP. . . . . . . . . . . . .   0.000000    
 MIN. TIME FLAG (1:STOP, 2:DELETE, 3:SMALL STRAIN)    2

 TRUSS TIME STEP SCALE FACTOR . . . . . . . . . .  0.2000000    
 TRUSS MINIMUM TIME STEP. . . . . . . . . . . . .   0.000000    
 MIN. TIME FLAG (1:STOP, 2:DELETE). . . . . . . .     0

 BEAM TIME STEP SCALE FACTOR. . . . . . . . . . .  0.2000000    
 BEAM MINIMUM TIME STEP . . . . . . . . . . . . .   0.000000    
 MIN. TIME FLAG (1:STOP, 2:DELETE). . . . . . . .     0

 SPRING TIME STEP SCALE FACTOR. . . . . . . . . .  0.2000000    
 SPRING MINIMUM TIME STEP . . . . . . . . . . . .   0.000000    
 MIN. TIME FLAG (1:STOP, 2:DELETE). . . . . . . .     0

 AIRBAG TIME STEP SCALE FACTOR. . . . . . . . . .  0.2000000    
 AIRBAG MINIMUM TIME STEP . . . . . . . . . . . .   0.000000    
 MIN. TIME FLAG (1:STOP). . . . . . . . . . . . .     0

 CONTACT TIME STEP SCALE FACTOR . . . . . . . . .  0.2000000    
 CONTACT MINIMUM TIME STEP. . . . . . . . . . . .   0.000000    
 MIN. TIME FLAG(1:STOP, 2:REMOVE NODE FROM INTERF)    0

 PRINTOUT CYCLE FREQUENCY . . . . . . . . . . . .  -100

 RESTART CYCLE FREQUENCY. . . . . . . . . . . . .   10000000

 MAXIMUM RESTART WRITE BEFORE OVERWRITE . . . . .     0

 INVERS: INPUT DECK VERSION . . . . . . . . . . .  2026
 ITTYP : FLAG FOR TYPE OF T-FILE. . . . . . . . .     4

 INITIAL TIME STEP. . . . . . . . . . . . . . . .  0.5000000E-04
 MAXIMUM TIME STEP. . . . . . . . . . . . . . . .  0.5000000E-04

 PARALLEL ARITHMETIC ON
 NUMBER OF INTERFACES TO BE ELIMINATED. . . . . .        0

 NUMBER OF PARTS TO BE ELIMINATED . . . . . . . .        0

 NUMBER OF SOLID  ELEMENT BLOCKS TO BE ELIMINATED        0

 NUMBER OF QUAD   ELEMENT BLOCKS TO BE ELIMINATED        0

 NUMBER OF SHELL  ELEMENT BLOCKS TO BE ELIMINATED        0

 NUMBER OF TRUSS  ELEMENT BLOCKS TO BE ELIMINATED        0

 NUMBER OF BEAM   ELEMENT BLOCKS TO BE ELIMINATED        0

 NUMBER OF SPRING ELEMENT BLOCKS TO BE ELIMINATED        0

 NUMBER OF SH_3N  ELEMENT BLOCKS TO BE ELIMINATED        0

 NUMBER OF  SPH PARTICLES BLOCKS TO BE ELIMINATED        0

 NUMBER OF RIGID LINKS. . . . . . . . . . . . . .        0

 NUMBER OF NEW BOUNDARY CONDITIONS. . . . . . . .        0


 TIME FOR FIRST ANIMATION-FILE PLOT . . . . . . .  0.1000000E+31
 TIME INTERVAL FOR ANIMATION-FILE PLOTS . . . . .   0.000000    
 TIME TO STOP ANIMATION-FILE PLOTS. . . . . . . .  0.1000000E+21
 SENSOR FOR ANIMATION-FILE PLOTS. . . . . . . . .          0
 TIME INTERVAL FOR SENSOR ANIMATION-FILE PLOTS. .   0.000000    

 VARIABLE SAVED ON ANIMATION FILES (1: YES) :
      PLASTIC STRAIN. . . . . .     0
      DENSITY     (SOLID ONLY).     0
      SPECIFIC ENERGY . . . . .     0
      HOURGLASS ENERGY. . . . .     0
      TEMPERATURE (SOLID ONLY).     0
      THICKNESS   (SHELL ONLY).     0
      PRESSURE    (SOLID ONLY).     0
      VON MISES . . . . . . . .     0
      TURBULENT ENERGY (FLUID).     0
      TURBULENT VISCOSITY(FLUID)    0
      VORTICITY (FLUID) . . . .     0
 NODAL VALUES SAVED ON ANIMATION FILES (1: YES) :
      PRESSURE. . . . . . . . .     0
      DENSITY . . . . . . . . .     0
      TEMPERATURE . . . . . . .     0
 VECTOR SAVED ON ANIMATION FILES (1: YES) :
      VELOCITY VECTOR . . . . .     0
      DISPLACEMENT VECTOR . . .     0
      ACCELERATION VECTOR . . .     0
      CONTACT FORCES. . . . . .     0
      INTERNAL FORCES . . . . .     0
      EXTERNAL FORCES . . . . .     0
      SECTION RBY RWALL FORCES.     0
      ROTATIONAL VELOCITY VECTOR    0
      CONTACT PRESSURE (VECTORS)    0
 SHELL TENSOR SAVED ON ANIMATION FILES (1: YES) :
      MEMBRANE STRESS . . . . .     0
      BENDING STRESS(MOMENT/T^2)    0
      UPPER LAYER STRESS. . . .     0
      LOWER LAYER STRESS. . . .     0
      MEMBRANE STRAIN . . . . .     0
      CURVATURE . . . . . . . .     0
      UPPER LAYER STRAIN. . . .     0
      LOWER LAYER STRAIN. . . .     0
 NODAL MASS SAVED ON ANIMATION FILES (1: YES) :    0
 KEEP DELETED ELEMENT (1: YES) :    0


 04/10/2026
   CYCLE    TIME      TIME-STEP  ELEMENT          ERROR  I-ENERGY    K-ENERGY T  K-ENERGY R  EXT-WORK     MAS.ERR     TOTAL MASS  MASS ADDED
       0   0.000      0.5000E-04 NODE           2   0.0%   0.000       0.000       0.000       0.000       0.000      0.2000       0.000    
     100  0.5000E-02  0.5000E-04 NODE           2  -2.7%  0.6981E-09  0.4650E-09   0.000      0.1196E-08   0.000      0.2000       0.000    
     200  0.1000E-01  0.5000E-04 NODE           2  -0.4%  0.4401E-07  0.7072E-08   0.000      0.5127E-07   0.000      0.2000       0.000    
     300  0.1500E-01  0.5000E-04 NODE           2  -0.1%  0.4938E-06  0.3489E-07   0.000      0.5293E-06   0.000      0.2000       0.000    
     400  0.2000E-01  0.5000E-04 NODE           2  -0.1%  0.2733E-05  0.1078E-06   0.000      0.2842E-05   0.000      0.2000       0.000    
     500  0.2500E-01  0.5000E-04 NODE           2  -0.0%  0.1027E-04  0.2577E-06   0.000      0.1053E-04   0.000      0.2000       0.000    
     600  0.3000E-01  0.5000E-04 NODE           2  -0.0%  0.3019E-04  0.5232E-06   0.000      0.3072E-04   0.000      0.2000       0.000    
     700  0.3500E-01  0.5000E-04 NODE           2  -0.0%  0.7497E-04  0.9493E-06   0.000      0.7593E-04   0.000      0.2000       0.000    
     800  0.4000E-01  0.5000E-04 NODE           2  -0.0%  0.1645E-03  0.1586E-05   0.000      0.1661E-03   0.000      0.2000       0.000    
     900  0.4500E-01  0.5000E-04 NODE           2  -0.0%  0.3283E-03  0.2487E-05   0.000      0.3309E-03   0.000      0.2000       0.000    
    1000  0.5000E-01  0.5000E-04 NODE           2  -0.0%  0.6083E-03  0.3712E-05   0.000      0.6121E-03   0.000      0.2000       0.000    
    1100  0.5500E-01  0.5000E-04 NODE           2  -0.0%  0.1061E-02  0.5321E-05   0.000      0.1066E-02   0.000      0.2000       0.000    
    1200  0.6000E-01  0.5000E-04 NODE           2  -0.0%  0.1761E-02  0.7377E-05   0.000      0.1768E-02   0.000      0.2000       0.000    
    1300  0.6500E-01  0.5000E-04 NODE           2  -0.0%  0.2802E-02  0.9946E-05   0.000      0.2812E-02   0.000      0.2000       0.000    
    1400  0.7000E-01  0.5000E-04 NODE           2  -0.0%  0.4302E-02  0.1309E-04   0.000      0.4316E-02   0.000      0.2000       0.000    
    1500  0.7500E-01  0.5000E-04 NODE           2  -0.0%  0.6407E-02  0.1689E-04   0.000      0.6424E-02   0.000      0.2000       0.000    
    1600  0.8000E-01  0.5000E-04 NODE           2  -0.0%  0.9288E-02  0.2139E-04   0.000      0.9310E-02   0.000      0.2000       0.000    
    1700  0.8500E-01  0.5000E-04 NODE           2  -0.0%  0.1315E-01  0.2667E-04   0.000      0.1318E-01   0.000      0.2000       0.000    
    1800  0.9000E-01  0.5000E-04 NODE           2  -0.0%  0.1824E-01  0.3280E-04   0.000      0.1827E-01   0.000      0.2000       0.000    
    1900  0.9500E-01  0.5000E-04 NODE           2  -0.0%  0.2483E-01  0.3983E-04   0.000      0.2487E-01   0.000      0.2000       0.000    
    2000  0.1000      0.5000E-04 NODE           2  -0.0%  0.3323E-01  0.4783E-04   0.000      0.3328E-01   0.000      0.2000       0.000    
    2100  0.1050      0.5000E-04 NODE           2  -0.0%  0.4382E-01  0.5685E-04   0.000      0.4388E-01   0.000      0.2000       0.000    
    2200  0.1100      0.5000E-04 NODE           2  -0.0%  0.5700E-01  0.6696E-04   0.000      0.5707E-01   0.000      0.2000       0.000    
    2300  0.1150      0.5000E-04 NODE           2  -0.0%  0.7322E-01  0.7821E-04   0.000      0.7330E-01   0.000      0.2000       0.000    
    2400  0.1200      0.5000E-04 NODE           2  -0.0%  0.9299E-01  0.9065E-04   0.000      0.9308E-01   0.000      0.2000       0.000    
    2500  0.1250      0.5000E-04 NODE           2  -0.0%  0.1169      0.1043E-03   0.000      0.1170       0.000      0.2000       0.000    
    2600  0.1300      0.5000E-04 NODE           2  -0.0%  0.1455      0.1193E-03   0.000      0.1456       0.000      0.2000       0.000    
    2700  0.1350      0.5000E-04 NODE           2  -0.0%  0.1794      0.1355E-03   0.000      0.1796       0.000      0.2000       0.000    
    2800  0.1400      0.5000E-04 NODE           2  -0.0%  0.2195      0.1532E-03   0.000      0.2197       0.000      0.2000       0.000    
    2900  0.1450      0.5000E-04 NODE           2  -0.0%  0.2665      0.1722E-03   0.000      0.2667       0.000      0.2000       0.000    
    3000  0.1500      0.5000E-04 NODE           2  -0.0%  0.3212      0.1926E-03   0.000      0.3214       0.000      0.2000       0.000    
    3100  0.1550      0.5000E-04 NODE           2  -0.0%  0.3845      0.2145E-03   0.000      0.3848       0.000      0.2000       0.000    
    3200  0.1600      0.5000E-04 NODE           2  -0.0%  0.4575      0.2378E-03   0.000      0.4577       0.000      0.2000       0.000    
    3300  0.1650      0.5000E-04 NODE           2  -0.0%  0.5410      0.2626E-03   0.000      0.5413       0.000      0.2000       0.000    
    3400  0.1700      0.5000E-04 NODE           2  -0.0%  0.6362      0.2889E-03   0.000      0.6365       0.000      0.2000       0.000    
    3500  0.1750      0.5000E-04 NODE           2  -0.0%  0.7443      0.3167E-03   0.000      0.7446       0.000      0.2000       0.000    
    3600  0.1800      0.5000E-04 NODE           2  -0.0%  0.8664      0.3460E-03   0.000      0.8668       0.000      0.2000       0.000    
    3700  0.1850      0.5000E-04 NODE           2  -0.0%   1.004      0.3767E-03   0.000       1.004       0.000      0.2000       0.000    
    3800  0.1900      0.5000E-04 NODE           2  -0.0%   1.158      0.4089E-03   0.000       1.158       0.000      0.2000       0.000    
    3900  0.1950      0.5000E-04 NODE           2  -0.0%   1.330      0.4426E-03   0.000       1.330       0.000      0.2000       0.000    
    4000  0.2000      0.5000E-04 NODE           2  -0.0%   1.522      0.4777E-03   0.000       1.522       0.000      0.2000       0.000    
    4100  0.2050      0.5000E-04 NODE           2  -0.0%   1.734      0.5142E-03   0.000       1.735       0.000      0.2000       0.000    
    4200  0.2100      0.5000E-04 NODE           2  -0.0%   1.969      0.5522E-03   0.000       1.970       0.000      0.2000       0.000    
    4300  0.2150      0.5000E-04 NODE           2  -0.0%   2.228      0.5914E-03   0.000       2.228       0.000      0.2000       0.000    
    4400  0.2200      0.5000E-04 NODE           2  -0.0%   2.501      0.6321E-03   0.000       2.501       0.000      0.2000       0.000    
    4500  0.2250      0.5000E-04 NODE           2  -0.0%   2.781      0.6739E-03   0.000       2.782       0.000      0.2000       0.000    
    4600  0.2300      0.5000E-04 NODE           2  -0.0%   3.069      0.7171E-03   0.000       3.070       0.000      0.2000       0.000    
    4700  0.2350      0.5000E-04 NODE           2  -0.0%   3.364      0.7614E-03   0.000       3.365       0.000      0.2000       0.000    
    4800  0.2400      0.5000E-04 NODE           2  -0.0%   3.667      0.8068E-03   0.000       3.668       0.000      0.2000       0.000    
    4900  0.2450      0.5000E-04 NODE           2  -0.0%   3.976      0.8534E-03   0.000       3.977       0.000      0.2000       0.000    
    5000  0.2500      0.5000E-04 NODE           2  -0.0%   4.292      0.9009E-03   0.000       4.293       0.000      0.2000       0.000    
    5100  0.2550      0.5000E-04 NODE           2  -0.0%   4.615      0.9494E-03   0.000       4.616       0.000      0.2000       0.000    
    5200  0.2600      0.5000E-04 NODE           2  -0.0%   4.944      0.9989E-03   0.000       4.945       0.000      0.2000       0.000    
    5300  0.2650      0.5000E-04 NODE           2  -0.0%   5.279      0.1049E-02   0.000       5.280       0.000      0.2000       0.000    
    5400  0.2700      0.5000E-04 NODE           2  -0.0%   5.620      0.1100E-02   0.000       5.621       0.000      0.2000       0.000    
    5500  0.2750      0.5000E-04 NODE           2  -0.0%   5.966      0.1152E-02   0.000       5.968       0.000      0.2000       0.000    
    5600  0.2800      0.5000E-04 NODE           2  -0.0%   6.318      0.1204E-02   0.000       6.319       0.000      0.2000       0.000    
    5700  0.2850      0.5000E-04 NODE           2  -0.0%   6.675      0.1257E-02   0.000       6.676       0.000      0.2000       0.000    
    5800  0.2900      0.5000E-04 NODE           2  -0.0%   7.037      0.1310E-02   0.000       7.038       0.000      0.2000       0.000    
    5900  0.2950      0.5000E-04 NODE           2  -0.0%   7.403      0.1364E-02   0.000       7.404       0.000      0.2000       0.000    
    6000  0.3000      0.5000E-04 NODE           2  -0.0%   7.774      0.1418E-02   0.000       7.775       0.000      0.2000       0.000    
    6100  0.3050      0.5000E-04 NODE           2  -0.0%   8.148      0.1472E-02   0.000       8.150       0.000      0.2000       0.000    
    6200  0.3100      0.5000E-04 NODE           2  -0.0%   8.526      0.1526E-02   0.000       8.528       0.000      0.2000       0.000    
    6300  0.3150      0.5000E-04 NODE           2  -0.0%   8.908      0.1580E-02   0.000       8.909       0.000      0.2000       0.000    
    6400  0.3200      0.5000E-04 NODE           2  -0.0%   9.292      0.1634E-02   0.000       9.294       0.000      0.2000       0.000    
    6500  0.3250      0.5000E-04 NODE           2  -0.0%   9.680      0.1688E-02   0.000       9.682       0.000      0.2000       0.000    
    6600  0.3300      0.5000E-04 NODE           2  -0.0%   10.07      0.1742E-02   0.000       10.07       0.000      0.2000       0.000    
    6700  0.3350      0.5000E-04 NODE           2  -0.0%   10.46      0.1795E-02   0.000       10.46       0.000      0.2000       0.000    
    6800  0.3400      0.5000E-04 NODE           2  -0.0%   10.86      0.1848E-02   0.000       10.86       0.000      0.2000       0.000    
    6900  0.3450      0.5000E-04 NODE           2  -0.0%   11.25      0.1901E-02   0.000       11.25       0.000      0.2000       0.000    
    7000  0.3500      0.5000E-04 NODE           2  -0.0%   11.65      0.1953E-02   0.000       11.65       0.000      0.2000       0.000    
    7100  0.3550      0.5000E-04 NODE           2  -0.0%   12.05      0.2004E-02   0.000       12.05       0.000      0.2000       0.000    
    7200  0.3600      0.5000E-04 NODE           2  -0.0%   12.44      0.2054E-02   0.000       12.45       0.000      0.2000       0.000    
    7300  0.3650      0.5000E-04 NODE           2  -0.0%   12.84      0.2104E-02   0.000       12.85       0.000      0.2000       0.000    
    7400  0.3700      0.5000E-04 NODE           2  -0.0%   13.24      0.2152E-02   0.000       13.24       0.000      0.2000       0.000    
    7500  0.3750      0.5000E-04 NODE           2  -0.0%   13.64      0.2200E-02   0.000       13.64       0.000      0.2000       0.000    
    7600  0.3800      0.5000E-04 NODE           2  -0.0%   14.04      0.2246E-02   0.000       14.04       0.000      0.2000       0.000    
    7700  0.3850      0.5000E-04 NODE           2  -0.0%   14.43      0.2291E-02   0.000       14.44       0.000      0.2000       0.000    
    7800  0.3900      0.5000E-04 NODE           2  -0.0%   14.83      0.2335E-02   0.000       14.83       0.000      0.2000       0.000    
    7900  0.3950      0.5000E-04 NODE           2  -0.0%   15.22      0.2377E-02   0.000       15.23       0.000      0.2000       0.000    
    8000  0.4000      0.5000E-04 NODE           2  -0.0%   15.62      0.2418E-02   0.000       15.62       0.000      0.2000       0.000    
    8100  0.4050      0.5000E-04 NODE           2  -0.0%   16.01      0.2458E-02   0.000       16.01       0.000      0.2000       0.000    
    8200  0.4100      0.5000E-04 NODE           2  -0.0%   16.40      0.2496E-02   0.000       16.40       0.000      0.2000       0.000    
    8300  0.4150      0.5000E-04 NODE           2  -0.0%   16.78      0.2532E-02   0.000       16.78       0.000      0.2000       0.000    
    8400  0.4200      0.5000E-04 NODE           2  -0.0%   17.16      0.2567E-02   0.000       17.17       0.000      0.2000       0.000    
    8500  0.4250      0.5000E-04 NODE           2  -0.0%   17.54      0.2600E-02   0.000       17.55       0.000      0.2000       0.000    
    8600  0.4300      0.5000E-04 NODE           2  -0.0%   17.92      0.2631E-02   0.000       17.92       0.000      0.2000       0.000    
    8700  0.4350      0.5000E-04 NODE           2  -0.0%   18.29      0.2660E-02   0.000       18.29       0.000      0.2000       0.000    
    8800  0.4400      0.5000E-04 NODE           2  -0.0%   18.66      0.2687E-02   0.000       18.66       0.000      0.2000       0.000    
    8900  0.4450      0.5000E-04 NODE           2  -0.0%   19.02      0.2712E-02   0.000       19.03       0.000      0.2000       0.000    
    9000  0.4500      0.5000E-04 NODE           2  -0.0%   19.38      0.2735E-02   0.000       19.39       0.000      0.2000       0.000    
    9100  0.4550      0.5000E-04 NODE           2  -0.0%   19.74      0.2756E-02   0.000       19.74       0.000      0.2000       0.000    
    9200  0.4600      0.5000E-04 NODE           2  -0.0%   20.09      0.2775E-02   0.000       20.09       0.000      0.2000       0.000    
    9300  0.4650      0.5000E-04 NODE           2  -0.0%   20.43      0.2792E-02   0.000       20.44       0.000      0.2000       0.000    
    9400  0.4700      0.5000E-04 NODE           2  -0.0%   20.78      0.2807E-02   0.000       20.78       0.000      0.2000       0.000    
    9500  0.4750      0.5000E-04 NODE           2  -0.0%   21.11      0.2819E-02   0.000       21.11       0.000      0.2000       0.000    
    9600  0.4800      0.5000E-04 NODE           2  -0.0%   21.44      0.2829E-02   0.000       21.44       0.000      0.2000       0.000    
    9700  0.4850      0.5000E-04 NODE           2  -0.0%   21.76      0.2837E-02   0.000       21.77       0.000      0.2000       0.000    
    9800  0.4900      0.5000E-04 NODE           2  -0.0%   22.08      0.2843E-02   0.000       22.08       0.000      0.2000       0.000    
    9900  0.4950      0.5000E-04 NODE           2  -0.0%   22.39      0.2846E-02   0.000       22.40       0.000      0.2000       0.000    
   CYCLE    TIME      TIME-STEP  ELEMENT          ERROR  I-ENERGY    K-ENERGY T  K-ENERGY R  EXT-WORK     MAS.ERR     TOTAL MASS  MASS ADDED
   10000  0.5000      0.5000E-04 NODE           2   0.0%   22.70      0.2847E-02   0.000       22.70       0.000      0.2000       0.000    
   10100  0.5050      0.5000E-04 NODE           2   0.0%   23.00      0.2846E-02   0.000       23.00       0.000      0.2000       0.000    
   10200  0.5100      0.5000E-04 NODE           2   0.0%   23.29      0.2843E-02   0.000       23.29       0.000      0.2000       0.000    
   10300  0.5150      0.5000E-04 NODE           2   0.0%   23.58      0.2837E-02   0.000       23.58       0.000      0.2000       0.000    
   10400  0.5200      0.5000E-04 NODE           2   0.0%   23.86      0.2829E-02   0.000       23.86       0.000      0.2000       0.000    
   10500  0.5250      0.5000E-04 NODE           2   0.0%   24.13      0.2819E-02   0.000       24.13       0.000      0.2000       0.000    
   10600  0.5300      0.5000E-04 SPRIN          1   0.0%   24.40      0.2807E-02   0.000       24.40       0.000      0.2000       0.000    
   10700  0.5350      0.5000E-04 SPRIN          1   0.0%   24.66      0.2792E-02   0.000       24.66       0.000      0.2000       0.000    
   10800  0.5400      0.5000E-04 SPRIN          1   0.0%   24.91      0.2775E-02   0.000       24.91       0.000      0.2000       0.000    
   10900  0.5450      0.5000E-04 SPRIN          1   0.0%   25.16      0.2756E-02   0.000       25.16       0.000      0.2000       0.000    
   11000  0.5500      0.5000E-04 SPRIN          1   0.0%   25.40      0.2735E-02   0.000       25.40       0.000      0.2000       0.000    
   11100  0.5550      0.5000E-04 SPRIN          1   0.0%   25.63      0.2712E-02   0.000       25.63       0.000      0.2000       0.000    
   11200  0.5600      0.5000E-04 SPRIN          1   0.0%   25.85      0.2687E-02   0.000       25.86       0.000      0.2000       0.000    
   11300  0.5650      0.5000E-04 SPRIN          1   0.0%   26.07      0.2660E-02   0.000       26.07       0.000      0.2000       0.000    
   11400  0.5700      0.5000E-04 SPRIN          1   0.0%   26.28      0.2631E-02   0.000       26.28       0.000      0.2000       0.000    
   11500  0.5750      0.5000E-04 SPRIN          1   0.0%   26.49      0.2600E-02   0.000       26.49       0.000      0.2000       0.000    
   11600  0.5800      0.5000E-04 SPRIN          1   0.0%   26.68      0.2567E-02   0.000       26.69       0.000      0.2000       0.000    
   11700  0.5850      0.5000E-04 SPRIN          1   0.0%   26.87      0.2532E-02   0.000       26.88       0.000      0.2000       0.000    
   11800  0.5900      0.5000E-04 SPRIN          1   0.0%   27.06      0.2496E-02   0.000       27.06       0.000      0.2000       0.000    
   11900  0.5950      0.5000E-04 SPRIN          1   0.0%   27.23      0.2458E-02   0.000       27.24       0.000      0.2000       0.000    
   12000  0.6000      0.5000E-04 SPRIN          1   0.0%   27.40      0.2418E-02   0.000       27.41       0.000      0.2000       0.000    
   12100  0.6050      0.5000E-04 SPRIN          1   0.0%   27.57      0.2377E-02   0.000       27.57       0.000      0.2000       0.000    
   12200  0.6100      0.5000E-04 SPRIN          1   0.0%   27.72      0.2335E-02   0.000       27.72       0.000      0.2000       0.000    
   12300  0.6150      0.5000E-04 SPRIN          1   0.0%   27.87      0.2291E-02   0.000       27.87       0.000      0.2000       0.000    
   12400  0.6200      0.5000E-04 SPRIN          1   0.0%   28.02      0.2246E-02   0.000       28.02       0.000      0.2000       0.000    
   12500  0.6250      0.5000E-04 SPRIN          1   0.0%   28.15      0.2200E-02   0.000       28.15       0.000      0.2000       0.000    
   12600  0.6300      0.5000E-04 SPRIN          1   0.0%   28.28      0.2152E-02   0.000       28.28       0.000      0.2000       0.000    
   12700  0.6350      0.5000E-04 SPRIN          1   0.0%   28.41      0.2104E-02   0.000       28.41       0.000      0.2000       0.000    
   12800  0.6400      0.5000E-04 SPRIN          1   0.0%   28.53      0.2054E-02   0.000       28.53       0.000      0.2000       0.000    
   12900  0.6450      0.5000E-04 SPRIN          1   0.0%   28.64      0.2004E-02   0.000       28.64       0.000      0.2000       0.000    
   13000  0.6500      0.5000E-04 SPRIN          1   0.0%   28.75      0.1953E-02   0.000       28.75       0.000      0.2000       0.000    
   13100  0.6550      0.5000E-04 SPRIN          1   0.0%   28.85      0.1901E-02   0.000       28.85       0.000      0.2000       0.000    
   13200  0.6600      0.5000E-04 SPRIN          1   0.0%   28.94      0.1848E-02   0.000       28.94       0.000      0.2000       0.000    
   13300  0.6650      0.5000E-04 SPRIN          1   0.0%   29.03      0.1795E-02   0.000       29.03       0.000      0.2000       0.000    
   13400  0.6700      0.5000E-04 SPRIN          1   0.0%   29.12      0.1742E-02   0.000       29.12       0.000      0.2000       0.000    
   13500  0.6750      0.5000E-04 SPRIN          1   0.0%   29.20      0.1688E-02   0.000       29.20       0.000      0.2000       0.000    
   13600  0.6800      0.5000E-04 SPRIN          1   0.0%   29.27      0.1634E-02   0.000       29.27       0.000      0.2000       0.000    
   13700  0.6850      0.5000E-04 SPRIN          1   0.0%   29.34      0.1580E-02   0.000       29.34       0.000      0.2000       0.000    
   13800  0.6900      0.5000E-04 SPRIN          1   0.0%   29.41      0.1526E-02   0.000       29.41       0.000      0.2000       0.000    
   13900  0.6950      0.5000E-04 SPRIN          1   0.0%   29.47      0.1472E-02   0.000       29.47       0.000      0.2000       0.000    
   14000  0.7000      0.5000E-04 SPRIN          1   0.0%   29.52      0.1418E-02   0.000       29.53       0.000      0.2000       0.000    
   14100  0.7050      0.5000E-04 SPRIN          1   0.0%   29.58      0.1364E-02   0.000       29.58       0.000      0.2000       0.000    
   14200  0.7100      0.5000E-04 SPRIN          1   0.0%   29.63      0.1310E-02   0.000       29.63       0.000      0.2000       0.000    
   14300  0.7150      0.5000E-04 SPRIN          1   0.0%   29.67      0.1257E-02   0.000       29.67       0.000      0.2000       0.000    
   14400  0.7200      0.5000E-04 SPRIN          1   0.0%   29.71      0.1204E-02   0.000       29.71       0.000      0.2000       0.000    
   14500  0.7250      0.5000E-04 SPRIN          1   0.0%   29.75      0.1152E-02   0.000       29.75       0.000      0.2000       0.000    
   14600  0.7300      0.5000E-04 SPRIN          1   0.0%   29.78      0.1100E-02   0.000       29.78       0.000      0.2000       0.000    
   14700  0.7350      0.5000E-04 SPRIN          1   0.0%   29.81      0.1049E-02   0.000       29.81       0.000      0.2000       0.000    
   14800  0.7400      0.5000E-04 SPRIN          1   0.0%   29.84      0.9989E-03   0.000       29.84       0.000      0.2000       0.000    
   14900  0.7450      0.5000E-04 SPRIN          1   0.0%   29.87      0.9494E-03   0.000       29.87       0.000      0.2000       0.000    
   15000  0.7500      0.5000E-04 SPRIN          1   0.0%   29.89      0.9009E-03   0.000       29.89       0.000      0.2000       0.000    
   15100  0.7550      0.5000E-04 SPRIN          1   0.0%   29.91      0.8534E-03   0.000       29.91       0.000      0.2000       0.000    
   15200  0.7600      0.5000E-04 SPRIN          1   0.0%   29.93      0.8068E-03   0.000       29.93       0.000      0.2000       0.000    
   15300  0.7650      0.5000E-04 SPRIN          1   0.0%   29.94      0.7614E-03   0.000       29.94       0.000      0.2000       0.000    
   15400  0.7700      0.5000E-04 SPRIN          1   0.0%   29.95      0.7171E-03   0.000       29.95       0.000      0.2000       0.000    
   15500  0.7750      0.5000E-04 SPRIN          1   0.0%   29.97      0.6739E-03   0.000       29.97       0.000      0.2000       0.000    
   15600  0.7800      0.5000E-04 SPRIN          1   0.0%   29.97      0.6321E-03   0.000       29.97       0.000      0.2000       0.000    
   15700  0.7850      0.5000E-04 SPRIN          1   0.0%   29.98      0.5914E-03   0.000       29.98       0.000      0.2000       0.000    
   15800  0.7900      0.5000E-04 SPRIN          1   0.0%   29.99      0.5522E-03   0.000       29.99       0.000      0.2000       0.000    
   15900  0.7950      0.5000E-04 SPRIN          1   0.0%   29.99      0.5142E-03   0.000       29.99       0.000      0.2000       0.000    
   16000  0.8000      0.5000E-04 SPRIN          1   0.0%   30.00      0.4777E-03   0.000       30.00       0.000      0.2000       0.000    
   16100  0.8050      0.5000E-04 SPRIN          1   0.0%   30.00      0.4426E-03   0.000       30.00       0.000      0.2000       0.000    
   16200  0.8100      0.5000E-04 SPRIN          1   0.0%   30.00      0.4089E-03   0.000       30.00       0.000      0.2000       0.000    
 -- RUPTURE OF SPRING ELEMENT NUMBER          1
   16300  0.8150      0.5000E-04 SPRIN          1  -0.0%   30.00      0.3767E-03   0.000       30.00       0.000      0.2000       0.000    
   16400  0.8200      0.5000E-04 SPRIN          1  -0.0%   30.00      0.3460E-03   0.000       30.00       0.000      0.2000       0.000    
   16500  0.8250      0.5000E-04 SPRIN          1  -0.0%   30.00      0.3167E-03   0.000       30.00       0.000      0.2000       0.000    
   16600  0.8300      0.5000E-04 SPRIN          1  -0.0%   30.00      0.2889E-03   0.000       30.00       0.000      0.2000       0.000    
   16700  0.8350      0.5000E-04 SPRIN          1  -0.0%   30.00      0.2626E-03   0.000       30.00       0.000      0.2000       0.000    
   16800  0.8400      0.5000E-04 SPRIN          1  -0.0%   30.00      0.2378E-03   0.000       30.00       0.000      0.2000       0.000    
   16900  0.8450      0.5000E-04 SPRIN          1  -0.0%   30.00      0.2145E-03   0.000       30.00       0.000      0.2000       0.000    
   17000  0.8500      0.5000E-04 SPRIN          1  -0.0%   30.00      0.1926E-03   0.000       30.00       0.000      0.2000       0.000    
   17100  0.8550      0.5000E-04 SPRIN          1  -0.0%   30.00      0.1722E-03   0.000       30.00       0.000      0.2000       0.000    
   17200  0.8600      0.5000E-04 SPRIN          1  -0.0%   30.00      0.1532E-03   0.000       30.00       0.000      0.2000       0.000    
   17300  0.8650      0.5000E-04 SPRIN          1  -0.0%   30.00      0.1355E-03   0.000       30.00       0.000      0.2000       0.000    
   17400  0.8700      0.5000E-04 SPRIN          1  -0.0%   30.00      0.1193E-03   0.000       30.00       0.000      0.2000       0.000    
   17500  0.8750      0.5000E-04 SPRIN          1  -0.0%   30.00      0.1043E-03   0.000       30.00       0.000      0.2000       0.000    
   17600  0.8800      0.5000E-04 SPRIN          1  -0.0%   30.00      0.9065E-04   0.000       30.00       0.000      0.2000       0.000    
   17700  0.8850      0.5000E-04 SPRIN          1  -0.0%   30.00      0.7821E-04   0.000       30.00       0.000      0.2000       0.000    
   17800  0.8900      0.5000E-04 SPRIN          1  -0.0%   30.00      0.6696E-04   0.000       30.00       0.000      0.2000       0.000    
   17900  0.8950      0.5000E-04 SPRIN          1  -0.0%   30.00      0.5685E-04   0.000       30.00       0.000      0.2000       0.000    
   18000  0.9000      0.5000E-04 SPRIN          1  -0.0%   30.00      0.4783E-04   0.000       30.00       0.000      0.2000       0.000    
   18100  0.9050      0.5000E-04 SPRIN          1  -0.0%   30.00      0.3983E-04   0.000       30.00       0.000      0.2000       0.000    
   18200  0.9100      0.5000E-04 SPRIN          1  -0.0%   30.00      0.3280E-04   0.000       30.00       0.000      0.2000       0.000    
   18300  0.9150      0.5000E-04 SPRIN          1  -0.0%   30.00      0.2667E-04   0.000       30.00       0.000      0.2000       0.000    
   18400  0.9200      0.5000E-04 SPRIN          1  -0.0%   30.00      0.2139E-04   0.000       30.00       0.000      0.2000       0.000    
   18500  0.9250      0.5000E-04 SPRIN          1  -0.0%   30.00      0.1689E-04   0.000       30.00       0.000      0.2000       0.000    
   18600  0.9300      0.5000E-04 SPRIN          1  -0.0%   30.00      0.1309E-04   0.000       30.00       0.000      0.2000       0.000    
   18700  0.9350      0.5000E-04 SPRIN          1  -0.0%   30.00      0.9946E-05   0.000       30.00       0.000      0.2000       0.000    
   18800  0.9400      0.5000E-04 SPRIN          1  -0.0%   30.00      0.7377E-05   0.000       30.00       0.000      0.2000       0.000    
   18900  0.9450      0.5000E-04 SPRIN          1  -0.0%   30.00      0.5321E-05   0.000       30.00       0.000      0.2000       0.000    
   19000  0.9500      0.5000E-04 SPRIN          1  -0.0%   30.00      0.3712E-05   0.000       30.00       0.000      0.2000       0.000    
   19100  0.9550      0.5000E-04 SPRIN          1  -0.0%   30.00      0.2487E-05   0.000       30.00       0.000      0.2000       0.000    
   19200  0.9600      0.5000E-04 SPRIN          1  -0.0%   30.00      0.1586E-05   0.000       30.00       0.000      0.2000       0.000    
   19300  0.9650      0.5000E-04 SPRIN          1  -0.0%   30.00      0.9493E-06   0.000       30.00       0.000      0.2000       0.000    
   19400  0.9700      0.5000E-04 SPRIN          1  -0.0%   30.00      0.5232E-06   0.000       30.00       0.000      0.2000       0.000    
   19500  0.9750      0.5000E-04 SPRIN          1  -0.0%   30.00      0.2577E-06   0.000       30.00       0.000      0.2000       0.000    
   19600  0.9800      0.5000E-04 SPRIN          1  -0.0%   30.00      0.1078E-06   0.000       30.00       0.000      0.2000       0.000    
   19700  0.9850      0.5000E-04 SPRIN          1  -0.0%   30.00      0.3489E-07   0.000       30.00       0.000      0.2000       0.000    
   19800  0.9900      0.5000E-04 SPRIN          1  -0.0%   30.00      0.7072E-08   0.000       30.00       0.000      0.2000       0.000    
   19900  0.9950      0.5000E-04 SPRIN          1  -0.0%   30.00      0.4650E-09   0.000       30.00       0.000      0.2000       0.000    
   CYCLE    TIME      TIME-STEP  ELEMENT          ERROR  I-ENERGY    K-ENERGY T  K-ENERGY R  EXT-WORK     MAS.ERR     TOTAL MASS  MASS ADDED
   20000   1.000      0.5000E-04 SPRIN          1   0.0%   30.00      0.5046E-13   0.000       30.00       0.000      0.2000       0.000    
   20100   1.005      0.5000E-04 SPRIN          1  -0.0%   30.00      0.1148E-10   0.000       30.00       0.000      0.2000       0.000    
   20200   1.010      0.5000E-04 SPRIN          1  -0.0%   30.00      0.1746E-09   0.000       30.00       0.000      0.2000       0.000    
   20300   1.015      0.5000E-04 SPRIN          1  -0.0%   30.00      0.8615E-09   0.000       30.00       0.000      0.2000       0.000    
   20400   1.020      0.5000E-04 SPRIN          1  -0.0%   30.00      0.2663E-08   0.000       30.00       0.000      0.2000       0.000    
   20500   1.025      0.5000E-04 SPRIN          1  -0.0%   30.00      0.6364E-08   0.000       30.00       0.000      0.2000       0.000    
   20600   1.030      0.5000E-04 SPRIN          1  -0.0%   30.00      0.1292E-07   0.000       30.00       0.000      0.2000       0.000    
   20700   1.035      0.5000E-04 SPRIN          1  -0.0%   30.00      0.2344E-07   0.000       30.00       0.000      0.2000       0.000    
   20800   1.040      0.5000E-04 SPRIN          1  -0.0%   30.00      0.3916E-07   0.000       30.00       0.000      0.2000       0.000    
   20900   1.045      0.5000E-04 SPRIN          1  -0.0%   30.00      0.6142E-07   0.000       30.00       0.000      0.2000       0.000    
   21000   1.050      0.5000E-04 SPRIN          1  -0.0%   30.00      0.9166E-07   0.000       30.00       0.000      0.2000       0.000    
   21100   1.055      0.5000E-04 SPRIN          1  -0.0%   30.00      0.1314E-06   0.000       30.00       0.000      0.2000       0.000    
   21200   1.060      0.5000E-04 SPRIN          1  -0.0%   30.00      0.1822E-06   0.000       30.00       0.000      0.2000       0.000    
   21300   1.065      0.5000E-04 SPRIN          1  -0.0%   30.00      0.2456E-06   0.000       30.00       0.000      0.2000       0.000    
   21400   1.070      0.5000E-04 SPRIN          1  -0.0%   30.00      0.3233E-06   0.000       30.00       0.000      0.2000       0.000    
   21500   1.075      0.5000E-04 SPRIN          1  -0.0%   30.00      0.4170E-06   0.000       30.00       0.000      0.2000       0.000    
   21600   1.080      0.5000E-04 SPRIN          1  -0.0%   30.00      0.5282E-06   0.000       30.00       0.000      0.2000       0.000    
   21700   1.085      0.5000E-04 SPRIN          1  -0.0%   30.00      0.6587E-06   0.000       30.00       0.000      0.2000       0.000    
   21800   1.090      0.5000E-04 SPRIN          1  -0.0%   30.00      0.8099E-06   0.000       30.00       0.000      0.2000       0.000    
   21900   1.095      0.5000E-04 SPRIN          1  -0.0%   30.00      0.9835E-06   0.000       30.00       0.000      0.2000       0.000    
   22000   1.100      0.5000E-04 SPRIN          1  -0.0%   30.00      0.1181E-05   0.000       30.00       0.000      0.2000       0.000    
   22100   1.105      0.5000E-04 SPRIN          1  -0.0%   30.00      0.1404E-05   0.000       30.00       0.000      0.2000       0.000    
   22200   1.110      0.5000E-04 SPRIN          1  -0.0%   30.00      0.1654E-05   0.000       30.00       0.000      0.2000       0.000    
   22300   1.115      0.5000E-04 SPRIN          1  -0.0%   30.00      0.1931E-05   0.000       30.00       0.000      0.2000       0.000    
   22400   1.120      0.5000E-04 SPRIN          1  -0.0%   30.00      0.2238E-05   0.000       30.00       0.000      0.2000       0.000    
   22500   1.125      0.5000E-04 SPRIN          1  -0.0%   30.00      0.2576E-05   0.000       30.00       0.000      0.2000       0.000    
   22600   1.130      0.5000E-04 SPRIN          1  -0.0%   30.00      0.2945E-05   0.000       30.00       0.000      0.2000       0.000    
   22700   1.135      0.5000E-04 SPRIN          1  -0.0%   30.00      0.3347E-05   0.000       30.00       0.000      0.2000       0.000    
   22800   1.140      0.5000E-04 SPRIN          1  -0.0%   30.00      0.3783E-05   0.000       30.00       0.000      0.2000       0.000    
   22900   1.145      0.5000E-04 SPRIN          1  -0.0%   30.00      0.4252E-05   0.000       30.00       0.000      0.2000       0.000    
   23000   1.150      0.5000E-04 SPRIN          1  -0.0%   30.00      0.4757E-05   0.000       30.00       0.000      0.2000       0.000    
   23100   1.155      0.5000E-04 SPRIN          1  -0.0%   30.00      0.5297E-05   0.000       30.00       0.000      0.2000       0.000    
   23200   1.160      0.5000E-04 SPRIN          1  -0.0%   30.00      0.5873E-05   0.000       30.00       0.000      0.2000       0.000    
   23300   1.165      0.5000E-04 SPRIN          1  -0.0%   30.00      0.6486E-05   0.000       30.00       0.000      0.2000       0.000    
   23400   1.170      0.5000E-04 SPRIN          1  -0.0%   30.00      0.7135E-05   0.000       30.00       0.000      0.2000       0.000    
   23500   1.175      0.5000E-04 SPRIN          1  -0.0%   30.00      0.7821E-05   0.000       30.00       0.000      0.2000       0.000    
   23600   1.180      0.5000E-04 SPRIN          1  -0.0%   30.00      0.8543E-05   0.000       30.00       0.000      0.2000       0.000    
   23700   1.185      0.5000E-04 SPRIN          1  -0.0%   30.00      0.9302E-05   0.000       30.00       0.000      0.2000       0.000    
   23800   1.190      0.5000E-04 SPRIN          1  -0.0%   30.00      0.1010E-04   0.000       30.00       0.000      0.2000       0.000    
   23900   1.195      0.5000E-04 SPRIN          1  -0.0%   30.00      0.1093E-04   0.000       30.00       0.000      0.2000       0.000    
   24000   1.200      0.5000E-04 SPRIN          1  -0.0%   30.00      0.1180E-04   0.000       30.00       0.000      0.2000       0.000    
   24100   1.205      0.5000E-04 SPRIN          1  -0.0%   30.00      0.1270E-04   0.000       30.00       0.000      0.2000       0.000    
   24200   1.210      0.5000E-04 SPRIN          1  -0.0%   30.00      0.1364E-04   0.000       30.00       0.000      0.2000       0.000    
   24300   1.215      0.5000E-04 SPRIN          1  -0.0%   30.00      0.1461E-04   0.000       30.00       0.000      0.2000       0.000    
   24400   1.220      0.5000E-04 SPRIN          1  -0.0%   30.00      0.1561E-04   0.000       30.00       0.000      0.2000       0.000    
   24500   1.225      0.5000E-04 SPRIN          1  -0.0%   30.00      0.1664E-04   0.000       30.00       0.000      0.2000       0.000    
   24600   1.230      0.5000E-04 SPRIN          1  -0.0%   30.00      0.1771E-04   0.000       30.00       0.000      0.2000       0.000    
   24700   1.235      0.5000E-04 SPRIN          1  -0.0%   30.00      0.1880E-04   0.000       30.00       0.000      0.2000       0.000    
   24800   1.240      0.5000E-04 SPRIN          1  -0.0%   30.00      0.1992E-04   0.000       30.00       0.000      0.2000       0.000    
   24900   1.245      0.5000E-04 SPRIN          1  -0.0%   30.00      0.2107E-04   0.000       30.00       0.000      0.2000       0.000    
   25000   1.250      0.5000E-04 SPRIN          1  -0.0%   30.00      0.2225E-04   0.000       30.00       0.000      0.2000       0.000    
   25100   1.255      0.5000E-04 SPRIN          1  -0.0%   30.00      0.2345E-04   0.000       30.00       0.000      0.2000       0.000    
   25200   1.260      0.5000E-04 SPRIN          1  -0.0%   30.00      0.2467E-04   0.000       30.00       0.000      0.2000       0.000    
   25300   1.265      0.5000E-04 SPRIN          1  -0.0%   30.00      0.2591E-04   0.000       30.00       0.000      0.2000       0.000    
   25400   1.270      0.5000E-04 SPRIN          1  -0.0%   30.00      0.2717E-04   0.000       30.00       0.000      0.2000       0.000    
   25500   1.275      0.5000E-04 SPRIN          1  -0.0%   30.00      0.2844E-04   0.000       30.00       0.000      0.2000       0.000    
   25600   1.280      0.5000E-04 SPRIN          1  -0.0%   30.00      0.2973E-04   0.000       30.00       0.000      0.2000       0.000    
   25700   1.285      0.5000E-04 SPRIN          1  -0.0%   30.00      0.3104E-04   0.000       30.00       0.000      0.2000       0.000    
   25800   1.290      0.5000E-04 SPRIN          1  -0.0%   30.00      0.3235E-04   0.000       30.00       0.000      0.2000       0.000    
   25900   1.295      0.5000E-04 SPRIN          1  -0.0%   30.00      0.3368E-04   0.000       30.00       0.000      0.2000       0.000    
   26000   1.300      0.5000E-04 SPRIN          1  -0.0%   30.00      0.3501E-04   0.000       30.00       0.000      0.2000       0.000    
   26100   1.305      0.5000E-04 SPRIN          1  -0.0%   30.00      0.3634E-04   0.000       30.00       0.000      0.2000       0.000    
   26200   1.310      0.5000E-04 SPRIN          1  -0.0%   30.00      0.3768E-04   0.000       30.00       0.000      0.2000       0.000    
   26300   1.315      0.5000E-04 SPRIN          1  -0.0%   30.00      0.3902E-04   0.000       30.00       0.000      0.2000       0.000    
   26400   1.320      0.5000E-04 SPRIN          1  -0.0%   30.00      0.4036E-04   0.000       30.00       0.000      0.2000       0.000    
   26500   1.325      0.5000E-04 SPRIN          1  -0.0%   30.00      0.4169E-04   0.000       30.00       0.000      0.2000       0.000    
   26600   1.330      0.5000E-04 SPRIN          1  -0.0%   30.00      0.4302E-04   0.000       30.00       0.000      0.2000       0.000    
   26700   1.335      0.5000E-04 SPRIN          1  -0.0%   30.00      0.4433E-04   0.000       30.00       0.000      0.2000       0.000    
   26800   1.340      0.5000E-04 SPRIN          1  -0.0%   30.00      0.4564E-04   0.000       30.00       0.000      0.2000       0.000    
   26900   1.345      0.5000E-04 SPRIN          1  -0.0%   30.00      0.4694E-04   0.000       30.00       0.000      0.2000       0.000    
   27000   1.350      0.5000E-04 SPRIN          1  -0.0%   30.00      0.4822E-04   0.000       30.00       0.000      0.2000       0.000    
   27100   1.355      0.5000E-04 SPRIN          1  -0.0%   30.00      0.4948E-04   0.000       30.00       0.000      0.2000       0.000    
   27200   1.360      0.5000E-04 SPRIN          1  -0.0%   30.00      0.5072E-04   0.000       30.00       0.000      0.2000       0.000    
   27300   1.365      0.5000E-04 SPRIN          1  -0.0%   30.00      0.5194E-04   0.000       30.00       0.000      0.2000       0.000    
   27400   1.370      0.5000E-04 SPRIN          1  -0.0%   30.00      0.5314E-04   0.000       30.00       0.000      0.2000       0.000    
   27500   1.375      0.5000E-04 SPRIN          1  -0.0%   30.00      0.5431E-04   0.000       30.00       0.000      0.2000       0.000    
   27600   1.380      0.5000E-04 SPRIN          1  -0.0%   30.00      0.5546E-04   0.000       30.00       0.000      0.2000       0.000    
   27700   1.385      0.5000E-04 SPRIN          1  -0.0%   30.00      0.5657E-04   0.000       30.00       0.000      0.2000       0.000    
   27800   1.390      0.5000E-04 SPRIN          1  -0.0%   30.00      0.5766E-04   0.000       30.00       0.000      0.2000       0.000    
   27900   1.395      0.5000E-04 SPRIN          1  -0.0%   30.00      0.5871E-04   0.000       30.00       0.000      0.2000       0.000    
   28000   1.400      0.5000E-04 SPRIN          1  -0.0%   30.00      0.5972E-04   0.000       30.00       0.000      0.2000       0.000    
   28100   1.405      0.5000E-04 SPRIN          1  -0.0%   30.00      0.6070E-04   0.000       30.00       0.000      0.2000       0.000    
   28200   1.410      0.5000E-04 SPRIN          1  -0.0%   30.00      0.6163E-04   0.000       30.00       0.000      0.2000       0.000    
   28300   1.415      0.5000E-04 SPRIN          1  -0.0%   30.00      0.6253E-04   0.000       30.00       0.000      0.2000       0.000    
   28400   1.420      0.5000E-04 SPRIN          1  -0.0%   30.00      0.6338E-04   0.000       30.00       0.000      0.2000       0.000    
   28500   1.425      0.5000E-04 SPRIN          1  -0.0%   30.00      0.6419E-04   0.000       30.00       0.000      0.2000       0.000    
   28600   1.430      0.5000E-04 SPRIN          1  -0.0%   30.00      0.6496E-04   0.000       30.00       0.000      0.2000       0.000    
   28700   1.435      0.5000E-04 SPRIN          1  -0.0%   30.00      0.6568E-04   0.000       30.00       0.000      0.2000       0.000    
   28800   1.440      0.5000E-04 SPRIN          1  -0.0%   30.00      0.6635E-04   0.000       30.00       0.000      0.2000       0.000    
   28900   1.445      0.5000E-04 SPRIN          1  -0.0%   30.00      0.6697E-04   0.000       30.00       0.000      0.2000       0.000    
   29000   1.450      0.5000E-04 SPRIN          1  -0.0%   30.00      0.6754E-04   0.000       30.00       0.000      0.2000       0.000    
   29100   1.455      0.5000E-04 SPRIN          1  -0.0%   30.00      0.6806E-04   0.000       30.00       0.000      0.2000       0.000    
   29200   1.460      0.5000E-04 SPRIN          1  -0.0%   30.00      0.6853E-04   0.000       30.00       0.000      0.2000       0.000    
   29300   1.465      0.5000E-04 SPRIN          1  -0.0%   30.00      0.6894E-04   0.000       30.00       0.000      0.2000       0.000    
   29400   1.470      0.5000E-04 SPRIN          1  -0.0%   30.00      0.6930E-04   0.000       30.00       0.000      0.2000       0.000    
   29500   1.475      0.5000E-04 SPRIN          1  -0.0%   30.00      0.6961E-04   0.000       30.00       0.000      0.2000       0.000    
   29600   1.480      0.5000E-04 SPRIN          1  -0.0%   30.00      0.6986E-04   0.000       30.00       0.000      0.2000       0.000    
   29700   1.485      0.5000E-04 SPRIN          1  -0.0%   30.00      0.7006E-04   0.000       30.00       0.000      0.2000       0.000    
   29800   1.490      0.5000E-04 SPRIN          1  -0.0%   30.00      0.7020E-04   0.000       30.00       0.000      0.2000       0.000    
   29900   1.495      0.5000E-04 SPRIN          1   0.0%   30.00      0.7028E-04   0.000       30.00       0.000      0.2000       0.000    
   CYCLE    TIME      TIME-STEP  ELEMENT          ERROR  I-ENERGY    K-ENERGY T  K-ENERGY R  EXT-WORK     MAS.ERR     TOTAL MASS  MASS ADDED
   30000   1.500      0.5000E-04 SPRIN          1   0.0%   30.00      0.7031E-04   0.000       30.00       0.000      0.2000       0.000    
   30100   1.505      0.5000E-04 SPRIN          1   0.0%   30.00      0.7028E-04   0.000       30.00       0.000      0.2000       0.000    
   30200   1.510      0.5000E-04 SPRIN          1  -0.0%   30.00      0.7020E-04   0.000       30.00       0.000      0.2000       0.000    
   30300   1.515      0.5000E-04 SPRIN          1  -0.0%   30.00      0.7006E-04   0.000       30.00       0.000      0.2000       0.000    
   30400   1.520      0.5000E-04 SPRIN          1  -0.0%   30.00      0.6986E-04   0.000       30.00       0.000      0.2000       0.000    
   30500   1.525      0.5000E-04 SPRIN          1  -0.0%   30.00      0.6961E-04   0.000       30.00       0.000      0.2000       0.000    
   30600   1.530      0.5000E-04 SPRIN          1  -0.0%   30.00      0.6930E-04   0.000       30.00       0.000      0.2000       0.000    
   30700   1.535      0.5000E-04 SPRIN          1  -0.0%   30.00      0.6894E-04   0.000       30.00       0.000      0.2000       0.000    
   30800   1.540      0.5000E-04 SPRIN          1  -0.0%   30.00      0.6853E-04   0.000       30.00       0.000      0.2000       0.000    
   30900   1.545      0.5000E-04 SPRIN          1  -0.0%   30.00      0.6806E-04   0.000       30.00       0.000      0.2000       0.000    
   31000   1.550      0.5000E-04 SPRIN          1  -0.0%   30.00      0.6754E-04   0.000       30.00       0.000      0.2000       0.000    
   31100   1.555      0.5000E-04 SPRIN          1  -0.0%   30.00      0.6697E-04   0.000       30.00       0.000      0.2000       0.000    
   31200   1.560      0.5000E-04 SPRIN          1  -0.0%   30.00      0.6635E-04   0.000       30.00       0.000      0.2000       0.000    
   31300   1.565      0.5000E-04 SPRIN          1  -0.0%   30.00      0.6568E-04   0.000       30.00       0.000      0.2000       0.000    
   31400   1.570      0.5000E-04 SPRIN          1  -0.0%   30.00      0.6496E-04   0.000       30.00       0.000      0.2000       0.000    
   31500   1.575      0.5000E-04 SPRIN          1  -0.0%   30.00      0.6419E-04   0.000       30.00       0.000      0.2000       0.000    
   31600   1.580      0.5000E-04 SPRIN          1  -0.0%   30.00      0.6338E-04   0.000       30.00       0.000      0.2000       0.000    
   31700   1.585      0.5000E-04 SPRIN          1  -0.0%   30.00      0.6253E-04   0.000       30.00       0.000      0.2000       0.000    
   31800   1.590      0.5000E-04 SPRIN          1  -0.0%   30.00      0.6163E-04   0.000       30.00       0.000      0.2000       0.000    
   31900   1.595      0.5000E-04 SPRIN          1  -0.0%   30.00      0.6070E-04   0.000       30.00       0.000      0.2000       0.000    
   32000   1.600      0.5000E-04 SPRIN          1  -0.0%   30.00      0.5972E-04   0.000       30.00       0.000      0.2000       0.000    
   32100   1.605      0.5000E-04 SPRIN          1  -0.0%   30.00      0.5871E-04   0.000       30.00       0.000      0.2000       0.000    
   32200   1.610      0.5000E-04 SPRIN          1  -0.0%   30.00      0.5766E-04   0.000       30.00       0.000      0.2000       0.000    
   32300   1.615      0.5000E-04 SPRIN          1  -0.0%   30.00      0.5657E-04   0.000       30.00       0.000      0.2000       0.000    
   32400   1.620      0.5000E-04 SPRIN          1  -0.0%   30.00      0.5546E-04   0.000       30.00       0.000      0.2000       0.000    
   32500   1.625      0.5000E-04 SPRIN          1  -0.0%   30.00      0.5431E-04   0.000       30.00       0.000      0.2000       0.000    
   32600   1.630      0.5000E-04 SPRIN          1  -0.0%   30.00      0.5314E-04   0.000       30.00       0.000      0.2000       0.000    
   32700   1.635      0.5000E-04 SPRIN          1  -0.0%   30.00      0.5194E-04   0.000       30.00       0.000      0.2000       0.000    
   32800   1.640      0.5000E-04 SPRIN          1  -0.0%   30.00      0.5072E-04   0.000       30.00       0.000      0.2000       0.000    
   32900   1.645      0.5000E-04 SPRIN          1  -0.0%   30.00      0.4948E-04   0.000       30.00       0.000      0.2000       0.000    
   33000   1.650      0.5000E-04 SPRIN          1  -0.0%   30.00      0.4822E-04   0.000       30.00       0.000      0.2000       0.000    
   33100   1.655      0.5000E-04 SPRIN          1  -0.0%   30.00      0.4694E-04   0.000       30.00       0.000      0.2000       0.000    
   33200   1.660      0.5000E-04 SPRIN          1  -0.0%   30.00      0.4564E-04   0.000       30.00       0.000      0.2000       0.000    
   33300   1.665      0.5000E-04 SPRIN          1  -0.0%   30.00      0.4433E-04   0.000       30.00       0.000      0.2000       0.000    
   33400   1.670      0.5000E-04 SPRIN          1  -0.0%   30.00      0.4302E-04   0.000       30.00       0.000      0.2000       0.000    
   33500   1.675      0.5000E-04 SPRIN          1  -0.0%   30.00      0.4169E-04   0.000       30.00       0.000      0.2000       0.000    
   33600   1.680      0.5000E-04 SPRIN          1  -0.0%   30.00      0.4036E-04   0.000       30.00       0.000      0.2000       0.000    
   33700   1.685      0.5000E-04 SPRIN          1  -0.0%   30.00      0.3902E-04   0.000       30.00       0.000      0.2000       0.000    
   33800   1.690      0.5000E-04 SPRIN          1  -0.0%   30.00      0.3768E-04   0.000       30.00       0.000      0.2000       0.000    
   33900   1.695      0.5000E-04 SPRIN          1  -0.0%   30.00      0.3634E-04   0.000       30.00       0.000      0.2000       0.000    
   34000   1.700      0.5000E-04 SPRIN          1  -0.0%   30.00      0.3501E-04   0.000       30.00       0.000      0.2000       0.000    
   34100   1.705      0.5000E-04 SPRIN          1  -0.0%   30.00      0.3368E-04   0.000       30.00       0.000      0.2000       0.000    
   34200   1.710      0.5000E-04 SPRIN          1  -0.0%   30.00      0.3235E-04   0.000       30.00       0.000      0.2000       0.000    
   34300   1.715      0.5000E-04 SPRIN          1  -0.0%   30.00      0.3104E-04   0.000       30.00       0.000      0.2000       0.000    
   34400   1.720      0.5000E-04 SPRIN          1  -0.0%   30.00      0.2973E-04   0.000       30.00       0.000      0.2000       0.000    
   34500   1.725      0.5000E-04 SPRIN          1  -0.0%   30.00      0.2844E-04   0.000       30.00       0.000      0.2000       0.000    
   34600   1.730      0.5000E-04 SPRIN          1  -0.0%   30.00      0.2717E-04   0.000       30.00       0.000      0.2000       0.000    
   34700   1.735      0.5000E-04 SPRIN          1  -0.0%   30.00      0.2591E-04   0.000       30.00       0.000      0.2000       0.000    
   34800   1.740      0.5000E-04 SPRIN          1  -0.0%   30.00      0.2467E-04   0.000       30.00       0.000      0.2000       0.000    
   34900   1.745      0.5000E-04 SPRIN          1  -0.0%   30.00      0.2345E-04   0.000       30.00       0.000      0.2000       0.000    
   35000   1.750      0.5000E-04 SPRIN          1  -0.0%   30.00      0.2225E-04   0.000       30.00       0.000      0.2000       0.000    
   35100   1.755      0.5000E-04 SPRIN          1  -0.0%   30.00      0.2107E-04   0.000       30.00       0.000      0.2000       0.000    
   35200   1.760      0.5000E-04 SPRIN          1  -0.0%   30.00      0.1992E-04   0.000       30.00       0.000      0.2000       0.000    
   35300   1.765      0.5000E-04 SPRIN          1  -0.0%   30.00      0.1880E-04   0.000       30.00       0.000      0.2000       0.000    
   35400   1.770      0.5000E-04 SPRIN          1  -0.0%   30.00      0.1771E-04   0.000       30.00       0.000      0.2000       0.000    
   35500   1.775      0.5000E-04 SPRIN          1  -0.0%   30.00      0.1664E-04   0.000       30.00       0.000      0.2000       0.000    
   35600   1.780      0.5000E-04 SPRIN          1  -0.0%   30.00      0.1561E-04   0.000       30.00       0.000      0.2000       0.000    
   35700   1.785      0.5000E-04 SPRIN          1  -0.0%   30.00      0.1461E-04   0.000       30.00       0.000      0.2000       0.000    
   35800   1.790      0.5000E-04 SPRIN          1  -0.0%   30.00      0.1364E-04   0.000       30.00       0.000      0.2000       0.000    
   35900   1.795      0.5000E-04 SPRIN          1  -0.0%   30.00      0.1270E-04   0.000       30.00       0.000      0.2000       0.000    
   36000   1.800      0.5000E-04 SPRIN          1  -0.0%   30.00      0.1180E-04   0.000       30.00       0.000      0.2000       0.000    
   36100   1.805      0.5000E-04 SPRIN          1  -0.0%   30.00      0.1093E-04   0.000       30.00       0.000      0.2000       0.000    
   36200   1.810      0.5000E-04 SPRIN          1  -0.0%   30.00      0.1010E-04   0.000       30.00       0.000      0.2000       0.000    
   36300   1.815      0.5000E-04 SPRIN          1  -0.0%   30.00      0.9302E-05   0.000       30.00       0.000      0.2000       0.000    
   36400   1.820      0.5000E-04 SPRIN          1  -0.0%   30.00      0.8543E-05   0.000       30.00       0.000      0.2000       0.000    
   36500   1.825      0.5000E-04 SPRIN          1  -0.0%   30.00      0.7821E-05   0.000       30.00       0.000      0.2000       0.000    
   36600   1.830      0.5000E-04 SPRIN          1  -0.0%   30.00      0.7135E-05   0.000       30.00       0.000      0.2000       0.000    
   36700   1.835      0.5000E-04 SPRIN          1  -0.0%   30.00      0.6486E-05   0.000       30.00       0.000      0.2000       0.000    
   36800   1.840      0.5000E-04 SPRIN          1  -0.0%   30.00      0.5873E-05   0.000       30.00       0.000      0.2000       0.000    
   36900   1.845      0.5000E-04 SPRIN          1  -0.0%   30.00      0.5297E-05   0.000       30.00       0.000      0.2000       0.000    
   37000   1.850      0.5000E-04 SPRIN          1  -0.0%   30.00      0.4757E-05   0.000       30.00       0.000      0.2000       0.000    
   37100   1.855      0.5000E-04 SPRIN          1  -0.0%   30.00      0.4252E-05   0.000       30.00       0.000      0.2000       0.000    
   37200   1.860      0.5000E-04 SPRIN          1  -0.0%   30.00      0.3783E-05   0.000       30.00       0.000      0.2000       0.000    
   37300   1.865      0.5000E-04 SPRIN          1  -0.0%   30.00      0.3347E-05   0.000       30.00       0.000      0.2000       0.000    
   37400   1.870      0.5000E-04 SPRIN          1  -0.0%   30.00      0.2945E-05   0.000       30.00       0.000      0.2000       0.000    
   37500   1.875      0.5000E-04 SPRIN          1  -0.0%   30.00      0.2576E-05   0.000       30.00       0.000      0.2000       0.000    
   37600   1.880      0.5000E-04 SPRIN          1  -0.0%   30.00      0.2238E-05   0.000       30.00       0.000      0.2000       0.000    
   37700   1.885      0.5000E-04 SPRIN          1  -0.0%   30.00      0.1931E-05   0.000       30.00       0.000      0.2000       0.000    
   37800   1.890      0.5000E-04 SPRIN          1  -0.0%   30.00      0.1654E-05   0.000       30.00       0.000      0.2000       0.000    
   37900   1.895      0.5000E-04 SPRIN          1  -0.0%   30.00      0.1404E-05   0.000       30.00       0.000      0.2000       0.000    
   38000   1.900      0.5000E-04 SPRIN          1  -0.0%   30.00      0.1181E-05   0.000       30.00       0.000      0.2000       0.000    
   38100   1.905      0.5000E-04 SPRIN          1  -0.0%   30.00      0.9835E-06   0.000       30.00       0.000      0.2000       0.000    
   38200   1.910      0.5000E-04 SPRIN          1  -0.0%   30.00      0.8099E-06   0.000       30.00       0.000      0.2000       0.000    
   38300   1.915      0.5000E-04 SPRIN          1  -0.0%   30.00      0.6587E-06   0.000       30.00       0.000      0.2000       0.000    
   38400   1.920      0.5000E-04 SPRIN          1  -0.0%   30.00      0.5282E-06   0.000       30.00       0.000      0.2000       0.000    
   38500   1.925      0.5000E-04 SPRIN          1  -0.0%   30.00      0.4170E-06   0.000       30.00       0.000      0.2000       0.000    
   38600   1.930      0.5000E-04 SPRIN          1  -0.0%   30.00      0.3233E-06   0.000       30.00       0.000      0.2000       0.000    
   38700   1.935      0.5000E-04 SPRIN          1  -0.0%   30.00      0.2456E-06   0.000       30.00       0.000      0.2000       0.000    
   38800   1.940      0.5000E-04 SPRIN          1  -0.0%   30.00      0.1822E-06   0.000       30.00       0.000      0.2000       0.000    
   38900   1.945      0.5000E-04 SPRIN          1  -0.0%   30.00      0.1314E-06   0.000       30.00       0.000      0.2000       0.000    
   39000   1.950      0.5000E-04 SPRIN          1  -0.0%   30.00      0.9166E-07   0.000       30.00       0.000      0.2000       0.000    
   39100   1.955      0.5000E-04 SPRIN          1  -0.0%   30.00      0.6142E-07   0.000       30.00       0.000      0.2000       0.000    
   39200   1.960      0.5000E-04 SPRIN          1  -0.0%   30.00      0.3916E-07   0.000       30.00       0.000      0.2000       0.000    
   39300   1.965      0.5000E-04 SPRIN          1  -0.0%   30.00      0.2344E-07   0.000       30.00       0.000      0.2000       0.000    
   39400   1.970      0.5000E-04 SPRIN          1  -0.0%   30.00      0.1292E-07   0.000       30.00       0.000      0.2000       0.000    
   39500   1.975      0.5000E-04 SPRIN          1  -0.0%   30.00      0.6364E-08   0.000       30.00       0.000      0.2000       0.000    
   39600   1.980      0.5000E-04 SPRIN          1  -0.0%   30.00      0.2663E-08   0.000       30.00       0.000      0.2000       0.000    
   39700   1.985      0.5000E-04 SPRIN          1  -0.0%   30.00      0.8615E-09   0.000       30.00       0.000      0.2000       0.000    
   39800   1.990      0.5000E-04 SPRIN          1  -0.0%   30.00      0.1746E-09   0.000       30.00       0.000      0.2000       0.000    
   39900   1.995      0.5000E-04 SPRIN          1  -0.0%   30.00      0.1148E-10   0.000       30.00       0.000      0.2000       0.000    
   CYCLE    TIME      TIME-STEP  ELEMENT          ERROR  I-ENERGY    K-ENERGY T  K-ENERGY R  EXT-WORK     MAS.ERR     TOTAL MASS  MASS ADDED
   40000   2.000      0.5000E-04 SPRIN          1   0.0%   30.00      0.4865E-14   0.000       30.00       0.000      0.2000       0.000    

     RESTART FILES: I02IF_AFTER_CAP050NS_0001_[0001-0001].rst WRITTEN
     -------------

  
                           ** CPU USER TIME **
  
  
                        ** SUMMARY **
  
 #PROC  ELEMENT   KINCOND   INTEG     IO        T0        ASM       RESOL    
   1   .2500E+00 .1719E+00 .1094E+00 .9062E+00 .4688E+00 .1406E+00 .2672E+01
  
 
                   ** CUMULATIVE CPU TIME SUMMARY **
  
 CONTACT SORTING.............: .0000E+00     0.00 % 
 CONTACT FORCES..............: .3125E-01     1.17 % 
 ELEMENT FORCES..............: .2500E+00     9.36 % 
 KINEMATIC COND..............: .1719E+00     6.43 % 
 INTEGRATION.................: .1094E+00     4.09 % 
 ASSEMBLING..................: .1406E+00     5.26 % 
 OTHERS (including I/O)......: .1969E+01    73.68 % 
 TOTAL.......................: .2672E+01   100.00 % 
  
  
                           ** ELAPSED TIME **
  
  
                        ** SUMMARY **
  
 #PROC  ELEMENT   KINCOND   INTEG     IO        T0        ASM       RESOL    
   1   .2588E+00 .1797E+00 .1393E+00 .8502E+00 .4581E+00 .8205E-01 .2666E+01
  
                   ** MEMORY USAGE STATISTICS **
  
 TOTAL MEMORY USED .........................:       47 MB
 MAXIMUM MEMORY PER PROCESSOR...............:       47 MB
 MINIMUM MEMORY PER PROCESSOR...............:       47 MB
 AVERAGE MEMORY PER PROCESSOR...............:       47 MB
  
                   ** DISK USAGE STATISTICS **
  
 TOTAL DISK SPACE USED .....................:          7 MB
 ANIMATION/H3D/TH/OUTP SIZE ................:          7 MB
 RESTART FILE SIZE .........................:          0 MB
  
                   ** COMPUTE TIME INFORMATION **
                        ** CURRENT ENGINE **
  
 EXECUTION STARTED .........................:      2026/10/04  10:22:33
 EXECUTION COMPLETED .......................:      2026/10/04  10:22:35
  
 ELAPSED TIME     =          2.70 s
                          0:00:02



     NORMAL TERMINATION      



     TOTAL NUMBER OF CYCLES  :   40040

  
                   ** COMPUTE RUNTIME INFORMATION SUMMARY **
  
        STARTER RUNTIME =          0.60s (00:00:00)
 # 001   ENGINE RUNTIME =          2.70s (00:00:02)
 ------------------------------ 
 STARTER+ENGINE RUNTIME =          3.29s (00:00:03)
  
