 I02B_SHEAR_BASE_MONO_R1_0001.out
************************************************************************
**                                                                    **
**                                                                    **
**                         OpenRadioss Engine                         **
**                                                                    **
**            Non-linear Finite Element Analysis Software             **
**                                                                    **
**                                                                    **
**                                                                    **
**                  Windows 64 bits, Intel compiler                   **
**                      Double Precision Version                      **
**                                                                    **
**                                                                    **
**                                                                    **
************************************************************************
** OpenRadioss Software                                               **
** COPYRIGHT (C) 2026 Siemens                                         **
** Licensed under GNU Affero General Public License.                  **
** See License file.                                                  **
************************************************************************
 
 NUMBER OF SPMD DOMAINS           1
 NUMBER OF THREADS PER DOMAIN     1
 NUMBER OF HMPP PROCESSES         1
  
 COMPUTATION HARDWARE DESCRIPTION
  
 HOSTNAME     CPU TYPE, FREQUENCY AND MEMORY
 jeux   AMD Ryzen 5 5600 6-Core Processor               (x86_64), 3700 MHz,   6850 MB RAM,  18090 MB swap
  
 STACKSIZE  . . . . . . . . . . . . . . . . . . . . 1430 MB
 THREAD STACKSIZE . . . . . . . . . . . . . . . . . 400 MB
 
************************************************************************


 I02B_SHEAR_BASE_MONO_R1D01                                                      


 FINAL TIME . . . . . . . . . . . . . . . . . . .   1.100000    

 TIME INTERVAL FOR TIME HISTORY PLOTS . . . . . .  0.2000000E-03

 TIME STEP SCALE FACTOR . . . . . . . . . . . . .  0.5000000E-01

 MINIMUM TIME STEP  . . . . . . . . . . . . . . .   0.000000    


 BRICK TIME STEP SCALE FACTOR . . . . . . . . . .  0.5000000E-01
 BRICK MINIMUM TIME STEP. . . . . . . . . . . . .   0.000000    
 MIN. TIME STEP FLAG (1:STOP RUN, 2:DELETE BRICK)     1

 QUAD TIME STEP SCALE FACTOR. . . . . . . . . . .  0.5000000E-01
 QUAD MINIMUM TIME STEP . . . . . . . . . . . . .   0.000000    
 MIN. TIME STEP FLAG (1:STOP RUN, 2:DELETE QUAD).     1

 SHELL TIME STEP SCALE FACTOR . . . . . . . . . .  0.5000000E-01
 SHELL MINIMUM TIME STEP. . . . . . . . . . . . .   0.000000    
 MIN. TIME FLAG (1:STOP, 2:DELETE, 3:SMALL STRAIN)    2

 TRUSS TIME STEP SCALE FACTOR . . . . . . . . . .  0.5000000E-01
 TRUSS MINIMUM TIME STEP. . . . . . . . . . . . .   0.000000    
 MIN. TIME FLAG (1:STOP, 2:DELETE). . . . . . . .     0

 BEAM TIME STEP SCALE FACTOR. . . . . . . . . . .  0.5000000E-01
 BEAM MINIMUM TIME STEP . . . . . . . . . . . . .   0.000000    
 MIN. TIME FLAG (1:STOP, 2:DELETE). . . . . . . .     0

 SPRING TIME STEP SCALE FACTOR. . . . . . . . . .  0.5000000E-01
 SPRING MINIMUM TIME STEP . . . . . . . . . . . .   0.000000    
 MIN. TIME FLAG (1:STOP, 2:DELETE). . . . . . . .     0

 AIRBAG TIME STEP SCALE FACTOR. . . . . . . . . .  0.5000000E-01
 AIRBAG MINIMUM TIME STEP . . . . . . . . . . . .   0.000000    
 MIN. TIME FLAG (1:STOP). . . . . . . . . . . . .     0

 CONTACT TIME STEP SCALE FACTOR . . . . . . . . .  0.5000000E-01
 CONTACT MINIMUM TIME STEP. . . . . . . . . . . .   0.000000    
 MIN. TIME FLAG(1:STOP, 2:REMOVE NODE FROM INTERF)    0

 PRINTOUT CYCLE FREQUENCY . . . . . . . . . . . .  -100

 RESTART CYCLE FREQUENCY. . . . . . . . . . . . .   10000000

 MAXIMUM RESTART WRITE BEFORE OVERWRITE . . . . .     0

 INVERS: INPUT DECK VERSION . . . . . . . . . . .  2026
 ITTYP : FLAG FOR TYPE OF T-FILE. . . . . . . . .     4

 INITIAL TIME STEP. . . . . . . . . . . . . . . .  0.1000000E-03
 MAXIMUM TIME STEP. . . . . . . . . . . . . . . .  0.1000000E-03

 PARALLEL ARITHMETIC ON
 NUMBER OF INTERFACES TO BE ELIMINATED. . . . . .        0

 NUMBER OF PARTS TO BE ELIMINATED . . . . . . . .        0

 NUMBER OF SOLID  ELEMENT BLOCKS TO BE ELIMINATED        0

 NUMBER OF QUAD   ELEMENT BLOCKS TO BE ELIMINATED        0

 NUMBER OF SHELL  ELEMENT BLOCKS TO BE ELIMINATED        0

 NUMBER OF TRUSS  ELEMENT BLOCKS TO BE ELIMINATED        0

 NUMBER OF BEAM   ELEMENT BLOCKS TO BE ELIMINATED        0

 NUMBER OF SPRING ELEMENT BLOCKS TO BE ELIMINATED        0

 NUMBER OF SH_3N  ELEMENT BLOCKS TO BE ELIMINATED        0

 NUMBER OF  SPH PARTICLES BLOCKS TO BE ELIMINATED        0

 NUMBER OF RIGID LINKS. . . . . . . . . . . . . .        0

 NUMBER OF NEW BOUNDARY CONDITIONS. . . . . . . .        0


 TIME FOR FIRST ANIMATION-FILE PLOT . . . . . . .  0.1000000E+31
 TIME INTERVAL FOR ANIMATION-FILE PLOTS . . . . .   0.000000    
 TIME TO STOP ANIMATION-FILE PLOTS. . . . . . . .  0.1000000E+21
 SENSOR FOR ANIMATION-FILE PLOTS. . . . . . . . .          0
 TIME INTERVAL FOR SENSOR ANIMATION-FILE PLOTS. .   0.000000    

 VARIABLE SAVED ON ANIMATION FILES (1: YES) :
      PLASTIC STRAIN. . . . . .     0
      DENSITY     (SOLID ONLY).     0
      SPECIFIC ENERGY . . . . .     0
      HOURGLASS ENERGY. . . . .     0
      TEMPERATURE (SOLID ONLY).     0
      THICKNESS   (SHELL ONLY).     0
      PRESSURE    (SOLID ONLY).     0
      VON MISES . . . . . . . .     0
      TURBULENT ENERGY (FLUID).     0
      TURBULENT VISCOSITY(FLUID)    0
      VORTICITY (FLUID) . . . .     0
 NODAL VALUES SAVED ON ANIMATION FILES (1: YES) :
      PRESSURE. . . . . . . . .     0
      DENSITY . . . . . . . . .     0
      TEMPERATURE . . . . . . .     0
 VECTOR SAVED ON ANIMATION FILES (1: YES) :
      VELOCITY VECTOR . . . . .     0
      DISPLACEMENT VECTOR . . .     0
      ACCELERATION VECTOR . . .     0
      CONTACT FORCES. . . . . .     0
      INTERNAL FORCES . . . . .     0
      EXTERNAL FORCES . . . . .     0
      SECTION RBY RWALL FORCES.     0
      ROTATIONAL VELOCITY VECTOR    0
      CONTACT PRESSURE (VECTORS)    0
 SHELL TENSOR SAVED ON ANIMATION FILES (1: YES) :
      MEMBRANE STRESS . . . . .     0
      BENDING STRESS(MOMENT/T^2)    0
      UPPER LAYER STRESS. . . .     0
      LOWER LAYER STRESS. . . .     0
      MEMBRANE STRAIN . . . . .     0
      CURVATURE . . . . . . . .     0
      UPPER LAYER STRAIN. . . .     0
      LOWER LAYER STRAIN. . . .     0
 NODAL MASS SAVED ON ANIMATION FILES (1: YES) :    0
 KEEP DELETED ELEMENT (1: YES) :    0


 12/09/2026
   CYCLE    TIME      TIME-STEP  ELEMENT          ERROR  I-ENERGY    K-ENERGY T  K-ENERGY R  EXT-WORK     MAS.ERR     TOTAL MASS  MASS ADDED
       0   0.000      0.1000E-03 SPRIN          1   0.0%   0.000       0.000       0.000       0.000       0.000       200.0       0.000    
     100  0.1000E-01  0.1000E-03 SPRIN          1  -0.0%   4.937       15.12       0.000       20.06       0.000       200.0       0.000    
     200  0.2000E-01  0.1000E-03 SPRIN          1  -0.0%   19.75       15.12       0.000       34.87       0.000       200.0       0.000    
     300  0.3000E-01  0.1000E-03 SPRIN          1  -0.0%   44.43       15.12       0.000       59.56       0.000       200.0       0.000    
     400  0.4000E-01  0.1000E-03 SPRIN          1  -0.0%   78.31       15.13       0.000       93.43       0.000       200.0       0.000    
     500  0.5000E-01  0.1000E-03 SPRIN          1  -0.0%   113.9       15.13       0.000       129.0       0.000       200.0       0.000    
     600  0.6000E-01  0.1000E-03 SPRIN          1  -0.0%   149.0       15.12       0.000       164.1       0.000       200.0       0.000    
     700  0.7000E-01  0.1000E-03 SPRIN          1  -0.0%   183.7       15.12       0.000       198.8       0.000       200.0       0.000    
     800  0.8000E-01  0.1000E-03 SPRIN          1  -0.0%   218.0       15.12       0.000       233.2       0.000       200.0       0.000    
     900  0.9000E-01  0.1000E-03 SPRIN          1  -0.0%   251.9       15.12       0.000       267.1       0.000       200.0       0.000    
    1000  0.1000      0.1000E-03 SPRIN          1  -0.0%   285.4       15.13       0.000       300.6       0.000       200.0       0.000    
    1100  0.1100      0.1000E-03 SPRIN          1  -0.0%   318.5       15.13       0.000       333.6       0.000       200.0       0.000    
    1200  0.1200      0.1000E-03 SPRIN          1  -0.0%   351.2       15.12       0.000       366.3       0.000       200.0       0.000    
    1300  0.1300      0.1000E-03 SPRIN          1  -0.0%   383.4       15.12       0.000       398.6       0.000       200.0       0.000    
    1400  0.1400      0.1000E-03 SPRIN          1  -0.0%   415.3       15.12       0.000       430.4       0.000       200.0       0.000    
    1500  0.1500      0.1000E-03 SPRIN          1  -0.0%   446.7       15.12       0.000       461.8       0.000       200.0       0.000    
    1600  0.1600      0.1000E-03 SPRIN          1  -0.0%   477.7       15.12       0.000       492.9       0.000       200.0       0.000    
    1700  0.1700      0.1000E-03 SPRIN          1  -0.0%   508.4       15.12       0.000       523.5       0.000       200.0       0.000    
    1800  0.1800      0.1000E-03 SPRIN          1  -0.0%   538.6       15.12       0.000       553.7       0.000       200.0       0.000    
    1900  0.1900      0.1000E-03 SPRIN          1  -0.0%   568.3       15.12       0.000       583.5       0.000       200.0       0.000    
    2000  0.2000      0.1000E-03 SPRIN          1  -0.0%   597.7       15.12       0.000       612.8       0.000       200.0       0.000    
    2100  0.2100      0.1000E-03 SPRIN          1  -0.0%   626.7       15.12       0.000       641.8       0.000       200.0       0.000    
    2200  0.2200      0.1000E-03 SPRIN          1  -0.0%   655.2       15.12       0.000       670.4       0.000       200.0       0.000    
    2300  0.2300      0.1000E-03 SPRIN          1  -0.0%   683.4       15.12       0.000       698.5       0.000       200.0       0.000    
    2400  0.2400      0.1000E-03 SPRIN          1  -0.0%   711.1       15.12       0.000       726.2       0.000       200.0       0.000    
    2500  0.2500      0.1000E-03 SPRIN          1  -0.0%   738.4       15.12       0.000       753.6       0.000       200.0       0.000    
    2600  0.2600      0.1000E-03 SPRIN          1  -0.0%   765.3       15.12       0.000       780.5       0.000       200.0       0.000    
    2700  0.2700      0.1000E-03 SPRIN          1  -0.0%   791.8       15.12       0.000       807.0       0.000       200.0       0.000    
    2800  0.2800      0.1000E-03 SPRIN          1  -0.0%   817.9       15.12       0.000       833.1       0.000       200.0       0.000    
    2900  0.2900      0.1000E-03 SPRIN          1  -0.0%   843.6       15.12       0.000       858.7       0.000       200.0       0.000    
    3000  0.3000      0.1000E-03 SPRIN          1  -0.0%   868.9       15.12       0.000       884.0       0.000       200.0       0.000    
    3100  0.3100      0.1000E-03 SPRIN          1  -0.0%   893.7       15.12       0.000       908.8       0.000       200.0       0.000    
    3200  0.3200      0.1000E-03 SPRIN          1  -0.0%   918.2       15.12       0.000       933.3       0.000       200.0       0.000    
    3300  0.3300      0.1000E-03 SPRIN          1  -0.0%   942.2       15.12       0.000       957.3       0.000       200.0       0.000    
    3400  0.3400      0.1000E-03 SPRIN          1  -0.0%   965.8       15.12       0.000       980.9       0.000       200.0       0.000    
    3500  0.3500      0.1000E-03 SPRIN          1  -0.0%   989.0       15.12       0.000       1004.       0.000       200.0       0.000    
    3600  0.3600      0.1000E-03 SPRIN          1  -0.0%   1012.       15.12       0.000       1027.       0.000       200.0       0.000    
    3700  0.3700      0.1000E-03 SPRIN          1  -0.0%   1034.       15.12       0.000       1049.       0.000       200.0       0.000    
    3800  0.3800      0.1000E-03 SPRIN          1  -0.0%   1056.       15.12       0.000       1071.       0.000       200.0       0.000    
    3900  0.3900      0.1000E-03 SPRIN          1  -0.0%   1078.       15.12       0.000       1093.       0.000       200.0       0.000    
    4000  0.4000      0.1000E-03 SPRIN          1  -0.0%   1099.       15.12       0.000       1114.       0.000       200.0       0.000    
    4100  0.4100      0.1000E-03 SPRIN          1  -0.0%   1120.       15.12       0.000       1135.       0.000       200.0       0.000    
    4200  0.4200      0.1000E-03 SPRIN          1  -0.0%   1140.       15.12       0.000       1155.       0.000       200.0       0.000    
    4300  0.4300      0.1000E-03 SPRIN          1  -0.0%   1160.       15.12       0.000       1175.       0.000       200.0       0.000    
    4400  0.4400      0.1000E-03 SPRIN          1  -0.0%   1179.       15.12       0.000       1194.       0.000       200.0       0.000    
    4500  0.4500      0.1000E-03 SPRIN          1  -0.0%   1198.       15.12       0.000       1214.       0.000       200.0       0.000    
    4600  0.4600      0.1000E-03 SPRIN          1  -0.0%   1217.       15.12       0.000       1232.       0.000       200.0       0.000    
    4700  0.4700      0.1000E-03 SPRIN          1  -0.0%   1235.       15.12       0.000       1251.       0.000       200.0       0.000    
    4800  0.4800      0.1000E-03 SPRIN          1  -0.0%   1253.       15.12       0.000       1268.       0.000       200.0       0.000    
    4900  0.4900      0.1000E-03 SPRIN          1  -0.0%   1271.       15.12       0.000       1286.       0.000       200.0       0.000    
    5000  0.5000      0.1000E-03 SPRIN          1  -0.0%   1288.       15.12       0.000       1303.       0.000       200.0       0.000    
    5100  0.5100      0.1000E-03 SPRIN          1  -0.0%   1304.       15.12       0.000       1319.       0.000       200.0       0.000    
    5200  0.5200      0.1000E-03 SPRIN          1  -0.0%   1321.       15.12       0.000       1336.       0.000       200.0       0.000    
    5300  0.5300      0.1000E-03 SPRIN          1  -0.0%   1336.       15.12       0.000       1352.       0.000       200.0       0.000    
    5400  0.5400      0.1000E-03 SPRIN          1  -0.0%   1352.       15.12       0.000       1367.       0.000       200.0       0.000    
    5500  0.5500      0.1000E-03 SPRIN          1  -0.0%   1367.       15.12       0.000       1382.       0.000       200.0       0.000    
    5600  0.5600      0.1000E-03 SPRIN          1  -0.0%   1381.       15.12       0.000       1396.       0.000       200.0       0.000    
    5700  0.5700      0.1000E-03 SPRIN          1  -0.0%   1395.       15.12       0.000       1411.       0.000       200.0       0.000    
    5800  0.5800      0.1000E-03 SPRIN          1  -0.0%   1409.       15.12       0.000       1424.       0.000       200.0       0.000    
    5900  0.5900      0.1000E-03 SPRIN          1  -0.0%   1423.       15.12       0.000       1438.       0.000       200.0       0.000    
    6000  0.6000      0.1000E-03 SPRIN          1  -0.0%   1435.       15.12       0.000       1451.       0.000       200.0       0.000    
    6100  0.6100      0.1000E-03 SPRIN          1  -0.0%   1448.       15.12       0.000       1463.       0.000       200.0       0.000    
    6200  0.6200      0.1000E-03 SPRIN          1  -0.0%   1460.       15.12       0.000       1475.       0.000       200.0       0.000    
    6300  0.6300      0.1000E-03 SPRIN          1  -0.0%   1472.       15.12       0.000       1487.       0.000       200.0       0.000    
    6400  0.6400      0.1000E-03 SPRIN          1  -0.0%   1483.       15.12       0.000       1498.       0.000       200.0       0.000    
    6500  0.6500      0.1000E-03 SPRIN          1  -0.0%   1494.       15.12       0.000       1509.       0.000       200.0       0.000    
    6600  0.6600      0.1000E-03 SPRIN          1  -0.0%   1504.       15.12       0.000       1519.       0.000       200.0       0.000    
    6700  0.6700      0.1000E-03 SPRIN          1  -0.0%   1514.       15.12       0.000       1530.       0.000       200.0       0.000    
    6800  0.6800      0.1000E-03 SPRIN          1  -0.0%   1524.       15.12       0.000       1539.       0.000       200.0       0.000    
    6900  0.6900      0.1000E-03 SPRIN          1  -0.0%   1533.       15.12       0.000       1548.       0.000       200.0       0.000    
    7000  0.7000      0.1000E-03 SPRIN          1  -0.0%   1542.       15.12       0.000       1557.       0.000       200.0       0.000    
    7100  0.7100      0.1000E-03 SPRIN          1  -0.0%   1550.       15.12       0.000       1566.       0.000       200.0       0.000    
    7200  0.7200      0.1000E-03 SPRIN          1  -0.0%   1558.       15.12       0.000       1574.       0.000       200.0       0.000    
    7300  0.7300      0.1000E-03 SPRIN          1  -0.0%   1566.       15.12       0.000       1581.       0.000       200.0       0.000    
    7400  0.7400      0.1000E-03 SPRIN          1  -0.0%   1573.       15.12       0.000       1588.       0.000       200.0       0.000    
    7500  0.7500      0.1000E-03 SPRIN          1  -0.0%   1580.       15.12       0.000       1595.       0.000       200.0       0.000    
    7600  0.7600      0.1000E-03 SPRIN          1  -0.0%   1586.       15.12       0.000       1601.       0.000       200.0       0.000    
    7700  0.7700      0.1000E-03 SPRIN          1  -0.0%   1592.       15.12       0.000       1607.       0.000       200.0       0.000    
    7800  0.7800      0.1000E-03 SPRIN          1  -0.0%   1598.       15.12       0.000       1613.       0.000       200.0       0.000    
    7900  0.7900      0.1000E-03 SPRIN          1  -0.0%   1603.       15.12       0.000       1618.       0.000       200.0       0.000    
    8000  0.8000      0.1000E-03 SPRIN          1  -0.0%   1608.       15.12       0.000       1623.       0.000       200.0       0.000    
    8100  0.8100      0.1000E-03 SPRIN          1  -0.0%   1612.       15.12       0.000       1627.       0.000       200.0       0.000    
    8200  0.8200      0.1000E-03 SPRIN          1  -0.0%   1616.       15.12       0.000       1631.       0.000       200.0       0.000    
    8300  0.8300      0.1000E-03 SPRIN          1  -0.0%   1619.       15.12       0.000       1634.       0.000       200.0       0.000    
    8400  0.8400      0.1000E-03 SPRIN          1  -0.0%   1622.       15.12       0.000       1637.       0.000       200.0       0.000    
    8500  0.8500      0.1000E-03 SPRIN          1  -0.0%   1625.       15.12       0.000       1640.       0.000       200.0       0.000    
    8600  0.8600      0.1000E-03 SPRIN          1  -0.0%   1627.       15.12       0.000       1642.       0.000       200.0       0.000    
    8700  0.8700      0.1000E-03 SPRIN          1  -0.0%   1629.       15.12       0.000       1644.       0.000       200.0       0.000    
    8800  0.8800      0.1000E-03 SPRIN          1  -0.0%   1630.       15.12       0.000       1645.       0.000       200.0       0.000    
    8900  0.8900      0.1000E-03 SPRIN          1  -0.0%   1631.       15.12       0.000       1646.       0.000       200.0       0.000    
    9000  0.9000      0.1000E-03 SPRIN          1  -0.0%   1632.       15.12       0.000       1647.       0.000       200.0       0.000    
 -- RUPTURE OF SPRING ELEMENT NUMBER          1
    9100  0.9100      0.1000E-03 SHELL          0  -0.0%   1632.       15.12       0.000       1647.       0.000       200.0       0.000    
    9200  0.9200      0.1000E-03 SHELL          0  -0.0%   1632.       15.12       0.000       1647.       0.000       200.0       0.000    
    9300  0.9300      0.1000E-03 SHELL          0  -0.0%   1632.       15.12       0.000       1647.       0.000       200.0       0.000    
    9400  0.9400      0.1000E-03 SHELL          0  -0.0%   1632.       15.12       0.000       1647.       0.000       200.0       0.000    
    9500  0.9500      0.1000E-03 SHELL          0  -0.0%   1632.       15.12       0.000       1647.       0.000       200.0       0.000    
    9600  0.9600      0.1000E-03 SHELL          0  -0.0%   1632.       15.12       0.000       1647.       0.000       200.0       0.000    
    9700  0.9700      0.1000E-03 SHELL          0  -0.0%   1632.       15.12       0.000       1647.       0.000       200.0       0.000    
    9800  0.9800      0.1000E-03 SHELL          0  -0.0%   1632.       15.12       0.000       1647.       0.000       200.0       0.000    
    9900  0.9900      0.1000E-03 SHELL          0  -0.0%   1632.       15.12       0.000       1647.       0.000       200.0       0.000    
   CYCLE    TIME      TIME-STEP  ELEMENT          ERROR  I-ENERGY    K-ENERGY T  K-ENERGY R  EXT-WORK     MAS.ERR     TOTAL MASS  MASS ADDED
   10000   1.000      0.1000E-03 SHELL          0  -0.2%   1632.       3.781       0.000       1640.       0.000       200.0       0.000    
   10100   1.010      0.1000E-03 SHELL          0  -0.0%   1632.       0.000       0.000       1632.       0.000       200.0       0.000    
   10200   1.020      0.1000E-03 SHELL          0  -0.0%   1632.       0.000       0.000       1632.       0.000       200.0       0.000    
   10300   1.030      0.1000E-03 SHELL          0  -0.0%   1632.       0.000       0.000       1632.       0.000       200.0       0.000    
   10400   1.040      0.1000E-03 SHELL          0  -0.0%   1632.       0.000       0.000       1632.       0.000       200.0       0.000    
   10500   1.050      0.1000E-03 SHELL          0  -0.0%   1632.       0.000       0.000       1632.       0.000       200.0       0.000    
   10600   1.060      0.1000E-03 SHELL          0  -0.0%   1632.       0.000       0.000       1632.       0.000       200.0       0.000    
   10700   1.070      0.1000E-03 SHELL          0  -0.0%   1632.       0.000       0.000       1632.       0.000       200.0       0.000    
   10800   1.080      0.1000E-03 SHELL          0  -0.0%   1632.       0.000       0.000       1632.       0.000       200.0       0.000    
   10900   1.090      0.1000E-03 SHELL          0  -0.0%   1632.       0.000       0.000       1632.       0.000       200.0       0.000    
   11000   1.100      0.1000E-03 SHELL          0  -0.0%   1632.       0.000       0.000       1632.       0.000       200.0       0.000    

     RESTART FILES: I02B_SHEAR_BASE_MONO_R1_0001_[0001-0001].rst WRITTEN
     -------------

  
                           ** CPU USER TIME **
  
  
                        ** SUMMARY **
  
 #PROC  ELEMENT   KINCOND   INTEG     IO        T0        ASM       RESOL    
   1   .6250E-01 .4688E-01 .1562E-01 .2344E+00 .3125E-01 .1562E-01 .6250E+00
  
 
                   ** CUMULATIVE CPU TIME SUMMARY **
  
 CONTACT SORTING.............: .0000E+00     0.00 % 
 CONTACT FORCES..............: .3125E-01     5.00 % 
 ELEMENT FORCES..............: .6250E-01    10.00 % 
 KINEMATIC COND..............: .4688E-01     7.50 % 
 INTEGRATION.................: .1562E-01     2.50 % 
 ASSEMBLING..................: .1562E-01     2.50 % 
 OTHERS (including I/O)......: .4531E+00    72.50 % 
 TOTAL.......................: .6250E+00   100.00 % 
  
  
                           ** ELAPSED TIME **
  
  
                        ** SUMMARY **
  
 #PROC  ELEMENT   KINCOND   INTEG     IO        T0        ASM       RESOL    
   1   .5596E-01 .4480E-01 .3403E-01 .1635E+00 .1146E+00 .2096E-01 .6163E+00
  
                   ** MEMORY USAGE STATISTICS **
  
 TOTAL MEMORY USED .........................:       46 MB
 MAXIMUM MEMORY PER PROCESSOR...............:       46 MB
 MINIMUM MEMORY PER PROCESSOR...............:       46 MB
 AVERAGE MEMORY PER PROCESSOR...............:       46 MB
  
                   ** DISK USAGE STATISTICS **
  
 TOTAL DISK SPACE USED .....................:          1 MB
 ANIMATION/H3D/TH/OUTP SIZE ................:          1 MB
 RESTART FILE SIZE .........................:          0 MB
  
                   ** COMPUTE TIME INFORMATION **
                        ** CURRENT ENGINE **
  
 EXECUTION STARTED .........................:      2026/09/12  17:35:56
 EXECUTION COMPLETED .......................:      2026/09/12  17:35:57
  
 ELAPSED TIME     =          0.65 s
                          0:00:00



     NORMAL TERMINATION      



     TOTAL NUMBER OF CYCLES  :   11001

  
                   ** COMPUTE RUNTIME INFORMATION SUMMARY **
  
        STARTER RUNTIME =          0.54s (00:00:00)
 # 001   ENGINE RUNTIME =          0.65s (00:00:00)
 ------------------------------ 
 STARTER+ENGINE RUNTIME =          1.18s (00:00:01)
  
