 A20_PANEL_MEMBRANE_0001.out
************************************************************************
**                                                                    **
**                                                                    **
**                         OpenRadioss Engine                         **
**                                                                    **
**            Non-linear Finite Element Analysis Software             **
**                                                                    **
**                                                                    **
**                                                                    **
**                  Windows 64 bits, Intel compiler                   **
**                      Double Precision Version                      **
**                                                                    **
**                                                                    **
**                                                                    **
************************************************************************
** OpenRadioss Software                                               **
** COPYRIGHT (C) 2026 Siemens                                         **
** Licensed under GNU Affero General Public License.                  **
** See License file.                                                  **
************************************************************************
 
 NUMBER OF SPMD DOMAINS           1
 NUMBER OF THREADS PER DOMAIN     2
 NUMBER OF HMPP PROCESSES         2
  
 COMPUTATION HARDWARE DESCRIPTION
  
 HOSTNAME     CPU TYPE, FREQUENCY AND MEMORY
 jeux   AMD Ryzen 5 5600 6-Core Processor               (x86_64), 3700 MHz,   5707 MB RAM,  18985 MB swap
  
 STACKSIZE  . . . . . . . . . . . . . . . . . . . . 1430 MB
 THREAD STACKSIZE . . . . . . . . . . . . . . . . . 400 MB
 
************************************************************************


 A20_PANEL_MEMBRANED01                                                           


 FINAL TIME . . . . . . . . . . . . . . . . . . .   1.000000    

 TIME INTERVAL FOR TIME HISTORY PLOTS . . . . . .  0.1000000E-02

 TIME STEP SCALE FACTOR . . . . . . . . . . . . .  0.4000000    

 MINIMUM TIME STEP  . . . . . . . . . . . . . . .   0.000000    


 BRICK TIME STEP SCALE FACTOR . . . . . . . . . .  0.4000000    
 BRICK MINIMUM TIME STEP. . . . . . . . . . . . .   0.000000    
 MIN. TIME STEP FLAG (1:STOP RUN, 2:DELETE BRICK)     1

 QUAD TIME STEP SCALE FACTOR. . . . . . . . . . .  0.4000000    
 QUAD MINIMUM TIME STEP . . . . . . . . . . . . .   0.000000    
 MIN. TIME STEP FLAG (1:STOP RUN, 2:DELETE QUAD).     1

 SHELL TIME STEP SCALE FACTOR . . . . . . . . . .  0.4000000    
 SHELL MINIMUM TIME STEP. . . . . . . . . . . . .   0.000000    
 MIN. TIME FLAG (1:STOP, 2:DELETE, 3:SMALL STRAIN)    2

 TRUSS TIME STEP SCALE FACTOR . . . . . . . . . .  0.4000000    
 TRUSS MINIMUM TIME STEP. . . . . . . . . . . . .   0.000000    
 MIN. TIME FLAG (1:STOP, 2:DELETE). . . . . . . .     0

 BEAM TIME STEP SCALE FACTOR. . . . . . . . . . .  0.4000000    
 BEAM MINIMUM TIME STEP . . . . . . . . . . . . .   0.000000    
 MIN. TIME FLAG (1:STOP, 2:DELETE). . . . . . . .     0

 SPRING TIME STEP SCALE FACTOR. . . . . . . . . .  0.4000000    
 SPRING MINIMUM TIME STEP . . . . . . . . . . . .   0.000000    
 MIN. TIME FLAG (1:STOP, 2:DELETE). . . . . . . .     0

 AIRBAG TIME STEP SCALE FACTOR. . . . . . . . . .  0.4000000    
 AIRBAG MINIMUM TIME STEP . . . . . . . . . . . .   0.000000    
 MIN. TIME FLAG (1:STOP). . . . . . . . . . . . .     0

 CONTACT TIME STEP SCALE FACTOR . . . . . . . . .  0.4000000    
 CONTACT MINIMUM TIME STEP. . . . . . . . . . . .   0.000000    
 MIN. TIME FLAG(1:STOP, 2:REMOVE NODE FROM INTERF)    0

 PRINTOUT CYCLE FREQUENCY . . . . . . . . . . . .  -100

 RESTART CYCLE FREQUENCY. . . . . . . . . . . . .   10000000

 MAXIMUM RESTART WRITE BEFORE OVERWRITE . . . . .     0

 INVERS: INPUT DECK VERSION . . . . . . . . . . .  2026
 ITTYP : FLAG FOR TYPE OF T-FILE. . . . . . . . .     4

 INITIAL TIME STEP. . . . . . . . . . . . . . . .  0.2500000E-04
 MAXIMUM TIME STEP. . . . . . . . . . . . . . . .  0.2500000E-04

 PARALLEL ARITHMETIC ON
 NUMBER OF INTERFACES TO BE ELIMINATED. . . . . .        0

 NUMBER OF PARTS TO BE ELIMINATED . . . . . . . .        0

 NUMBER OF SOLID  ELEMENT BLOCKS TO BE ELIMINATED        0

 NUMBER OF QUAD   ELEMENT BLOCKS TO BE ELIMINATED        0

 NUMBER OF SHELL  ELEMENT BLOCKS TO BE ELIMINATED        0

 NUMBER OF TRUSS  ELEMENT BLOCKS TO BE ELIMINATED        0

 NUMBER OF BEAM   ELEMENT BLOCKS TO BE ELIMINATED        0

 NUMBER OF SPRING ELEMENT BLOCKS TO BE ELIMINATED        0

 NUMBER OF SH_3N  ELEMENT BLOCKS TO BE ELIMINATED        0

 NUMBER OF  SPH PARTICLES BLOCKS TO BE ELIMINATED        0

 NUMBER OF RIGID LINKS. . . . . . . . . . . . . .        0

 NUMBER OF NEW BOUNDARY CONDITIONS. . . . . . . .        0


 TIME FOR FIRST ANIMATION-FILE PLOT . . . . . . .   0.000000    
 TIME INTERVAL FOR ANIMATION-FILE PLOTS . . . . .  0.2500000E-01
 TIME TO STOP ANIMATION-FILE PLOTS. . . . . . . .  0.1000000E+21
 SENSOR FOR ANIMATION-FILE PLOTS. . . . . . . . .          0
 TIME INTERVAL FOR SENSOR ANIMATION-FILE PLOTS. .   0.000000    

 VARIABLE SAVED ON ANIMATION FILES (1: YES) :
      PLASTIC STRAIN. . . . . .     0
      DENSITY     (SOLID ONLY).     0
      SPECIFIC ENERGY . . . . .     1
      HOURGLASS ENERGY. . . . .     0
      TEMPERATURE (SOLID ONLY).     0
      THICKNESS   (SHELL ONLY).     0
      PRESSURE    (SOLID ONLY).     0
      VON MISES . . . . . . . .     0
      TURBULENT ENERGY (FLUID).     0
      TURBULENT VISCOSITY(FLUID)    0
      VORTICITY (FLUID) . . . .     0
 NODAL VALUES SAVED ON ANIMATION FILES (1: YES) :
      PRESSURE. . . . . . . . .     0
      DENSITY . . . . . . . . .     0
      TEMPERATURE . . . . . . .     0
 VECTOR SAVED ON ANIMATION FILES (1: YES) :
      VELOCITY VECTOR . . . . .     1
      DISPLACEMENT VECTOR . . .     1
      ACCELERATION VECTOR . . .     0
      CONTACT FORCES. . . . . .     0
      INTERNAL FORCES . . . . .     0
      EXTERNAL FORCES . . . . .     0
      SECTION RBY RWALL FORCES.     0
      ROTATIONAL VELOCITY VECTOR    0
      CONTACT PRESSURE (VECTORS)    0
 SHELL TENSOR SAVED ON ANIMATION FILES (1: YES) :
      MEMBRANE STRESS . . . . .     0
      BENDING STRESS(MOMENT/T^2)    0
      UPPER LAYER STRESS. . . .     0
      LOWER LAYER STRESS. . . .     0
      MEMBRANE STRAIN . . . . .     0
      CURVATURE . . . . . . . .     0
      UPPER LAYER STRAIN. . . .     0
      LOWER LAYER STRAIN. . . .     0
 NODAL MASS SAVED ON ANIMATION FILES (1: YES) :    1
 KEEP DELETED ELEMENT (1: YES) :    0


 09/10/2026
   CYCLE    TIME      TIME-STEP  ELEMENT          ERROR  I-ENERGY    K-ENERGY T  K-ENERGY R  EXT-WORK     MAS.ERR     TOTAL MASS  MASS ADDED
       0   0.000      0.2500E-04 SHELL          2   0.0%   0.000       0.000       0.000       0.000       0.000      0.2214       0.000    
     ANIMATION FILE: A20_PANEL_MEMBRANEA001 WRITTEN
     100  0.2500E-02  0.2500E-04 SHELL          3  -0.0%  0.1028E-08  0.2478E-08   0.000      0.3508E-08   0.000      0.2214       0.000    
     200  0.5000E-02  0.2500E-04 SHELL          2  -0.0%  0.1639E-07  0.9864E-08   0.000      0.2626E-07   0.000      0.2214       0.000    
     300  0.7500E-02  0.2500E-04 SHELL          3  -0.0%  0.8272E-07  0.2208E-07   0.000      0.1048E-06   0.000      0.2214       0.000    
     400  0.1000E-01  0.2500E-04 SHELL          3  -0.0%  0.2606E-06  0.3906E-07   0.000      0.2996E-06   0.000      0.2214       0.000    
     500  0.1250E-01  0.2500E-04 SHELL          2  -0.0%  0.6340E-06  0.6072E-07   0.000      0.6947E-06   0.000      0.2214       0.000    
     600  0.1500E-01  0.2500E-04 SHELL          3  -0.0%  0.1310E-05  0.8700E-07   0.000      0.1397E-05   0.000      0.2214       0.000    
     700  0.1750E-01  0.2500E-04 SHELL          3  -0.0%  0.2419E-05  0.1178E-06   0.000      0.2537E-05   0.000      0.2214       0.000    
     800  0.2000E-01  0.2500E-04 SHELL          2  -0.0%  0.4113E-05  0.1531E-06   0.000      0.4266E-05   0.000      0.2214       0.000    
     900  0.2250E-01  0.2500E-04 SHELL          2  -0.0%  0.6566E-05  0.1928E-06   0.000      0.6759E-05   0.000      0.2214       0.000    
    1000  0.2500E-01  0.2500E-04 SHELL          3  -0.0%  0.9974E-05  0.2368E-06   0.000      0.1021E-04   0.000      0.2214       0.000    
     ANIMATION FILE: A20_PANEL_MEMBRANEA002 WRITTEN
    1100  0.2750E-01  0.2500E-04 SHELL          3  -0.0%  0.1455E-04  0.2850E-06   0.000      0.1484E-04   0.000      0.2214       0.000    
    1200  0.3000E-01  0.2500E-04 SHELL          3  -0.0%  0.2054E-04  0.3375E-06   0.000      0.2088E-04   0.000      0.2214       0.000    
    1300  0.3250E-01  0.2500E-04 SHELL          3  -0.0%  0.2820E-04  0.3940E-06   0.000      0.2859E-04   0.000      0.2214       0.000    
    1400  0.3500E-01  0.2500E-04 SHELL          2  -0.0%  0.3780E-04  0.4546E-06   0.000      0.3825E-04   0.000      0.2214       0.000    
    1500  0.3750E-01  0.2500E-04 SHELL          3  -0.0%  0.4964E-04  0.5192E-06   0.000      0.5016E-04   0.000      0.2214       0.000    
    1600  0.4000E-01  0.2500E-04 SHELL          3  -0.0%  0.6405E-04  0.5876E-06   0.000      0.6463E-04   0.000      0.2214       0.000    
    1700  0.4250E-01  0.2500E-04 SHELL          3  -0.0%  0.8134E-04  0.6599E-06   0.000      0.8200E-04   0.000      0.2214       0.000    
    1800  0.4500E-01  0.2500E-04 SHELL          3  -0.0%  0.1019E-03  0.7360E-06   0.000      0.1026E-03   0.000      0.2214       0.000    
    1900  0.4750E-01  0.2500E-04 SHELL          2  -0.0%  0.1261E-03  0.8158E-06   0.000      0.1269E-03   0.000      0.2214       0.000    
    2000  0.5000E-01  0.2500E-04 SHELL          2  -0.0%  0.1542E-03  0.8992E-06   0.000      0.1551E-03   0.000      0.2214       0.000    
     ANIMATION FILE: A20_PANEL_MEMBRANEA003 WRITTEN
    2100  0.5250E-01  0.2500E-04 SHELL          2  -0.0%  0.1868E-03  0.9861E-06   0.000      0.1878E-03   0.000      0.2214       0.000    
    2200  0.5500E-01  0.2500E-04 SHELL          3  -0.0%  0.2242E-03  0.1077E-05   0.000      0.2253E-03   0.000      0.2214       0.000    
    2300  0.5750E-01  0.2500E-04 SHELL          2  -0.0%  0.2670E-03  0.1170E-05   0.000      0.2681E-03   0.000      0.2214       0.000    
    2400  0.6000E-01  0.2500E-04 SHELL          2  -0.0%  0.3154E-03  0.1268E-05   0.000      0.3167E-03   0.000      0.2214       0.000    
    2500  0.6250E-01  0.2500E-04 SHELL          2  -0.0%  0.3701E-03  0.1368E-05   0.000      0.3714E-03   0.000      0.2214       0.000    
    2600  0.6500E-01  0.2500E-04 SHELL          3  -0.0%  0.4314E-03  0.1472E-05   0.000      0.4329E-03   0.000      0.2214       0.000    
    2700  0.6750E-01  0.2500E-04 SHELL          3  -0.0%  0.5000E-03  0.1579E-05   0.000      0.5016E-03   0.000      0.2214       0.000    
    2800  0.7000E-01  0.2500E-04 SHELL          3  -0.0%  0.5762E-03  0.1689E-05   0.000      0.5779E-03   0.000      0.2214       0.000    
    2900  0.7250E-01  0.2500E-04 SHELL          2  -0.0%  0.6608E-03  0.1802E-05   0.000      0.6626E-03   0.000      0.2214       0.000    
    3000  0.7500E-01  0.2500E-04 SHELL          3  -0.0%  0.7541E-03  0.1918E-05   0.000      0.7560E-03   0.000      0.2214       0.000    
     ANIMATION FILE: A20_PANEL_MEMBRANEA004 WRITTEN
    3100  0.7750E-01  0.2500E-04 SHELL          2  -0.0%  0.8567E-03  0.2037E-05   0.000      0.8588E-03   0.000      0.2214       0.000    
    3200  0.8000E-01  0.2500E-04 SHELL          3  -0.0%  0.9693E-03  0.2159E-05   0.000      0.9715E-03   0.000      0.2214       0.000    
    3300  0.8250E-01  0.2500E-04 SHELL          3  -0.0%  0.1092E-02  0.2283E-05   0.000      0.1095E-02   0.000      0.2214       0.000    
    3400  0.8500E-01  0.2500E-04 SHELL          3  -0.0%  0.1227E-02  0.2411E-05   0.000      0.1229E-02   0.000      0.2214       0.000    
    3500  0.8750E-01  0.2500E-04 SHELL          3  -0.0%  0.1373E-02  0.2541E-05   0.000      0.1375E-02   0.000      0.2214       0.000    
    3600  0.9000E-01  0.2500E-04 SHELL          3  -0.0%  0.1531E-02  0.2673E-05   0.000      0.1534E-02   0.000      0.2214       0.000    
    3700  0.9250E-01  0.2500E-04 SHELL          2  -0.0%  0.1702E-02  0.2808E-05   0.000      0.1705E-02   0.000      0.2214       0.000    
    3800  0.9500E-01  0.2500E-04 SHELL          3  -0.0%  0.1887E-02  0.2946E-05   0.000      0.1890E-02   0.000      0.2214       0.000    
    3900  0.9750E-01  0.2500E-04 SHELL          2  -0.0%  0.2086E-02  0.3086E-05   0.000      0.2089E-02   0.000      0.2214       0.000    
    4000  0.1000      0.2500E-04 SHELL          2  -0.0%  0.2300E-02  0.3228E-05   0.000      0.2304E-02   0.000      0.2214       0.000    
     ANIMATION FILE: A20_PANEL_MEMBRANEA005 WRITTEN
    4100  0.1025      0.2500E-04 SHELL          2  -0.0%  0.2530E-02  0.3373E-05   0.000      0.2534E-02   0.000      0.2214       0.000    
    4200  0.1050      0.2500E-04 SHELL          3  -0.0%  0.2776E-02  0.3519E-05   0.000      0.2780E-02   0.000      0.2214       0.000    
    4300  0.1075      0.2500E-04 SHELL          3  -0.0%  0.3039E-02  0.3668E-05   0.000      0.3043E-02   0.000      0.2214       0.000    
    4400  0.1100      0.2500E-04 SHELL          2  -0.0%  0.3320E-02  0.3820E-05   0.000      0.3324E-02   0.000      0.2214       0.000    
    4500  0.1125      0.2500E-04 SHELL          3  -0.0%  0.3619E-02  0.3973E-05   0.000      0.3623E-02   0.000      0.2214       0.000    
    4600  0.1150      0.2500E-04 SHELL          2  -0.0%  0.3938E-02  0.4128E-05   0.000      0.3942E-02   0.000      0.2214       0.000    
    4700  0.1175      0.2500E-04 SHELL          3  -0.0%  0.4276E-02  0.4285E-05   0.000      0.4280E-02   0.000      0.2214       0.000    
    4800  0.1200      0.2500E-04 SHELL          3  -0.0%  0.4635E-02  0.4444E-05   0.000      0.4639E-02   0.000      0.2214       0.000    
    4900  0.1225      0.2500E-04 SHELL          2  -0.0%  0.5015E-02  0.4605E-05   0.000      0.5020E-02   0.000      0.2214       0.000    
    5000  0.1250      0.2500E-04 SHELL          3  -0.0%  0.5417E-02  0.4767E-05   0.000      0.5422E-02   0.000      0.2214       0.000    
     ANIMATION FILE: A20_PANEL_MEMBRANEA006 WRITTEN
    5100  0.1275      0.2500E-04 SHELL          3  -0.0%  0.5843E-02  0.4932E-05   0.000      0.5848E-02   0.000      0.2214       0.000    
    5200  0.1300      0.2500E-04 SHELL          3  -0.0%  0.6292E-02  0.5098E-05   0.000      0.6297E-02   0.000      0.2214       0.000    
    5300  0.1325      0.2500E-04 SHELL          3  -0.0%  0.6765E-02  0.5265E-05   0.000      0.6770E-02   0.000      0.2214       0.000    
    5400  0.1350      0.2500E-04 SHELL          3  -0.0%  0.7264E-02  0.5434E-05   0.000      0.7269E-02   0.000      0.2214       0.000    
    5500  0.1375      0.2500E-04 SHELL          3  -0.0%  0.7788E-02  0.5605E-05   0.000      0.7794E-02   0.000      0.2214       0.000    
    5600  0.1400      0.2500E-04 SHELL          2  -0.0%  0.8339E-02  0.5777E-05   0.000      0.8345E-02   0.000      0.2214       0.000    
    5700  0.1425      0.2500E-04 SHELL          3  -0.0%  0.8918E-02  0.5950E-05   0.000      0.8924E-02   0.000      0.2214       0.000    
    5800  0.1450      0.2500E-04 SHELL          3  -0.0%  0.9526E-02  0.6125E-05   0.000      0.9532E-02   0.000      0.2214       0.000    
    5900  0.1475      0.2500E-04 SHELL          3  -0.0%  0.1016E-01  0.6301E-05   0.000      0.1017E-01   0.000      0.2214       0.000    
    6000  0.1500      0.2500E-04 SHELL          2  -0.0%  0.1083E-01  0.6478E-05   0.000      0.1084E-01   0.000      0.2214       0.000    
     ANIMATION FILE: A20_PANEL_MEMBRANEA007 WRITTEN
    6100  0.1525      0.2500E-04 SHELL          3  -0.0%  0.1153E-01  0.6657E-05   0.000      0.1153E-01   0.000      0.2214       0.000    
    6200  0.1550      0.2500E-04 SHELL          3  -0.0%  0.1226E-01  0.6836E-05   0.000      0.1226E-01   0.000      0.2214       0.000    
    6300  0.1575      0.2500E-04 SHELL          3  -0.0%  0.1302E-01  0.7017E-05   0.000      0.1302E-01   0.000      0.2214       0.000    
    6400  0.1600      0.2500E-04 SHELL          3  -0.0%  0.1381E-01  0.7199E-05   0.000      0.1382E-01   0.000      0.2214       0.000    
    6500  0.1625      0.2500E-04 SHELL          3  -0.0%  0.1464E-01  0.7381E-05   0.000      0.1465E-01   0.000      0.2214       0.000    
    6600  0.1650      0.2500E-04 SHELL          3  -0.0%  0.1550E-01  0.7565E-05   0.000      0.1551E-01   0.000      0.2214       0.000    
    6700  0.1675      0.2500E-04 SHELL          3  -0.0%  0.1640E-01  0.7749E-05   0.000      0.1641E-01   0.000      0.2214       0.000    
    6800  0.1700      0.2500E-04 SHELL          3  -0.0%  0.1734E-01  0.7934E-05   0.000      0.1735E-01   0.000      0.2214       0.000    
    6900  0.1725      0.2500E-04 SHELL          3  -0.0%  0.1831E-01  0.8120E-05   0.000      0.1832E-01   0.000      0.2214       0.000    
    7000  0.1750      0.2500E-04 SHELL          2  -0.0%  0.1933E-01  0.8307E-05   0.000      0.1933E-01   0.000      0.2214       0.000    
     ANIMATION FILE: A20_PANEL_MEMBRANEA008 WRITTEN
    7100  0.1775      0.2500E-04 SHELL          3  -0.0%  0.2038E-01  0.8494E-05   0.000      0.2039E-01   0.000      0.2214       0.000    
    7200  0.1800      0.2500E-04 SHELL          3  -0.0%  0.2147E-01  0.8682E-05   0.000      0.2148E-01   0.000      0.2214       0.000    
    7300  0.1825      0.2500E-04 SHELL          2  -0.0%  0.2260E-01  0.8871E-05   0.000      0.2261E-01   0.000      0.2214       0.000    
    7400  0.1850      0.2500E-04 SHELL          3  -0.0%  0.2377E-01  0.9060E-05   0.000      0.2378E-01   0.000      0.2214       0.000    
    7500  0.1875      0.2500E-04 SHELL          3  -0.0%  0.2499E-01  0.9249E-05   0.000      0.2500E-01   0.000      0.2214       0.000    
    7600  0.1900      0.2500E-04 SHELL          2  -0.0%  0.2625E-01  0.9439E-05   0.000      0.2626E-01   0.000      0.2214       0.000    
    7700  0.1925      0.2500E-04 SHELL          2  -0.0%  0.2755E-01  0.9629E-05   0.000      0.2756E-01   0.000      0.2214       0.000    
    7800  0.1950      0.2500E-04 SHELL          2  -0.0%  0.2890E-01  0.9820E-05   0.000      0.2891E-01   0.000      0.2214       0.000    
    7900  0.1975      0.2500E-04 SHELL          3  -0.0%  0.3030E-01  0.1001E-04   0.000      0.3031E-01   0.000      0.2214       0.000    
    8000  0.2000      0.2500E-04 SHELL          3  -0.0%  0.3174E-01  0.1020E-04   0.000      0.3175E-01   0.000      0.2214       0.000    
     ANIMATION FILE: A20_PANEL_MEMBRANEA009 WRITTEN
    8100  0.2025      0.2500E-04 SHELL          2  -0.0%  0.3323E-01  0.1039E-04   0.000      0.3324E-01   0.000      0.2214       0.000    
    8200  0.2050      0.2500E-04 SHELL          3  -0.0%  0.3476E-01  0.1059E-04   0.000      0.3477E-01   0.000      0.2214       0.000    
    8300  0.2075      0.2500E-04 SHELL          3  -0.0%  0.3635E-01  0.1078E-04   0.000      0.3636E-01   0.000      0.2214       0.000    
    8400  0.2100      0.2500E-04 SHELL          3  -0.0%  0.3799E-01  0.1097E-04   0.000      0.3800E-01   0.000      0.2214       0.000    
    8500  0.2125      0.2500E-04 SHELL          3  -0.0%  0.3967E-01  0.1116E-04   0.000      0.3968E-01   0.000      0.2214       0.000    
    8600  0.2150      0.2500E-04 SHELL          3  -0.0%  0.4141E-01  0.1135E-04   0.000      0.4142E-01   0.000      0.2214       0.000    
    8700  0.2175      0.2500E-04 SHELL          3  -0.0%  0.4320E-01  0.1154E-04   0.000      0.4321E-01   0.000      0.2214       0.000    
    8800  0.2200      0.2500E-04 SHELL          3  -0.0%  0.4505E-01  0.1174E-04   0.000      0.4506E-01   0.000      0.2214       0.000    
    8900  0.2225      0.2500E-04 SHELL          2  -0.0%  0.4695E-01  0.1193E-04   0.000      0.4696E-01   0.000      0.2214       0.000    
    9000  0.2250      0.2500E-04 SHELL          3  -0.0%  0.4890E-01  0.1212E-04   0.000      0.4891E-01   0.000      0.2214       0.000    
     ANIMATION FILE: A20_PANEL_MEMBRANEA010 WRITTEN
    9100  0.2275      0.2500E-04 SHELL          3  -0.0%  0.5091E-01  0.1231E-04   0.000      0.5092E-01   0.000      0.2214       0.000    
    9200  0.2300      0.2500E-04 SHELL          2  -0.0%  0.5298E-01  0.1250E-04   0.000      0.5299E-01   0.000      0.2214       0.000    
    9300  0.2325      0.2500E-04 SHELL          2  -0.0%  0.5510E-01  0.1269E-04   0.000      0.5511E-01   0.000      0.2214       0.000    
    9400  0.2350      0.2500E-04 SHELL          3  -0.0%  0.5728E-01  0.1288E-04   0.000      0.5729E-01   0.000      0.2214       0.000    
    9500  0.2375      0.2500E-04 SHELL          3  -0.0%  0.5952E-01  0.1307E-04   0.000      0.5954E-01   0.000      0.2214       0.000    
    9600  0.2400      0.2500E-04 SHELL          3  -0.0%  0.6182E-01  0.1326E-04   0.000      0.6184E-01   0.000      0.2214       0.000    
    9700  0.2425      0.2500E-04 SHELL          3  -0.0%  0.6418E-01  0.1345E-04   0.000      0.6420E-01   0.000      0.2214       0.000    
    9800  0.2450      0.2500E-04 SHELL          3  -0.0%  0.6661E-01  0.1364E-04   0.000      0.6662E-01   0.000      0.2214       0.000    
    9900  0.2475      0.2500E-04 SHELL          2  -0.0%  0.6909E-01  0.1382E-04   0.000      0.6910E-01   0.000      0.2214       0.000    
   CYCLE    TIME      TIME-STEP  ELEMENT          ERROR  I-ENERGY    K-ENERGY T  K-ENERGY R  EXT-WORK     MAS.ERR     TOTAL MASS  MASS ADDED
   10000  0.2500      0.2500E-04 SHELL          3  -0.0%  0.7164E-01  0.1401E-04   0.000      0.7165E-01   0.000      0.2214       0.000    
     ANIMATION FILE: A20_PANEL_MEMBRANEA011 WRITTEN
   10100  0.2525      0.2500E-04 SHELL          3  -0.0%  0.7425E-01  0.1420E-04   0.000      0.7426E-01   0.000      0.2214       0.000    
   10200  0.2550      0.2500E-04 SHELL          3  -0.0%  0.7692E-01  0.1438E-04   0.000      0.7694E-01   0.000      0.2214       0.000    
   10300  0.2575      0.2500E-04 SHELL          3  -0.0%  0.7966E-01  0.1457E-04   0.000      0.7968E-01   0.000      0.2214       0.000    
   10400  0.2600      0.2500E-04 SHELL          2  -0.0%  0.8247E-01  0.1475E-04   0.000      0.8249E-01   0.000      0.2214       0.000    
   10500  0.2625      0.2500E-04 SHELL          3  -0.0%  0.8534E-01  0.1494E-04   0.000      0.8536E-01   0.000      0.2214       0.000    
   10600  0.2650      0.2500E-04 SHELL          3  -0.0%  0.8828E-01  0.1512E-04   0.000      0.8830E-01   0.000      0.2214       0.000    
   10700  0.2675      0.2500E-04 SHELL          3  -0.0%  0.9129E-01  0.1530E-04   0.000      0.9131E-01   0.000      0.2214       0.000    
   10800  0.2700      0.2500E-04 SHELL          2  -0.0%  0.9437E-01  0.1548E-04   0.000      0.9438E-01   0.000      0.2214       0.000    
   10900  0.2725      0.2500E-04 SHELL          3  -0.0%  0.9752E-01  0.1566E-04   0.000      0.9753E-01   0.000      0.2214       0.000    
   11000  0.2750      0.2500E-04 SHELL          2  -0.0%  0.1007      0.1584E-04   0.000      0.1007       0.000      0.2214       0.000    
     ANIMATION FILE: A20_PANEL_MEMBRANEA012 WRITTEN
   11100  0.2775      0.2500E-04 SHELL          3  -0.0%  0.1040      0.1602E-04   0.000      0.1040       0.000      0.2214       0.000    
   11200  0.2800      0.2500E-04 SHELL          3  -0.0%  0.1074      0.1620E-04   0.000      0.1074       0.000      0.2214       0.000    
   11300  0.2825      0.2500E-04 SHELL          2  -0.0%  0.1108      0.1637E-04   0.000      0.1108       0.000      0.2214       0.000    
   11400  0.2850      0.2500E-04 SHELL          3  -0.0%  0.1143      0.1655E-04   0.000      0.1143       0.000      0.2214       0.000    
   11500  0.2875      0.2500E-04 SHELL          3  -0.0%  0.1179      0.1672E-04   0.000      0.1179       0.000      0.2214       0.000    
   11600  0.2900      0.2500E-04 SHELL          3  -0.0%  0.1215      0.1690E-04   0.000      0.1216       0.000      0.2214       0.000    
   11700  0.2925      0.2500E-04 SHELL          3  -0.0%  0.1253      0.1707E-04   0.000      0.1253       0.000      0.2214       0.000    
   11800  0.2950      0.2500E-04 SHELL          2  -0.0%  0.1291      0.1724E-04   0.000      0.1291       0.000      0.2214       0.000    
   11900  0.2975      0.2500E-04 SHELL          3  -0.0%  0.1330      0.1741E-04   0.000      0.1330       0.000      0.2214       0.000    
   12000  0.3000      0.2500E-04 SHELL          3  -0.0%  0.1369      0.1757E-04   0.000      0.1369       0.000      0.2214       0.000    
     ANIMATION FILE: A20_PANEL_MEMBRANEA013 WRITTEN
   12100  0.3025      0.2500E-04 SHELL          3  -0.0%  0.1409      0.1774E-04   0.000      0.1410       0.000      0.2214       0.000    
   12200  0.3050      0.2500E-04 SHELL          2   0.0%  0.1450      0.1791E-04   0.000      0.1451       0.000      0.2214       0.000    
   12300  0.3075      0.2500E-04 SHELL          3   0.0%  0.1492      0.1807E-04   0.000      0.1493       0.000      0.2214       0.000    
   12400  0.3100      0.2500E-04 SHELL          3   0.0%  0.1535      0.1823E-04   0.000      0.1535       0.000      0.2214       0.000    
   12500  0.3125      0.2500E-04 SHELL          2   0.0%  0.1578      0.1839E-04   0.000      0.1579       0.000      0.2214       0.000    
   12600  0.3150      0.2500E-04 SHELL          2   0.0%  0.1623      0.1855E-04   0.000      0.1623       0.000      0.2214       0.000    
   12700  0.3175      0.2500E-04 SHELL          3   0.0%  0.1668      0.1871E-04   0.000      0.1668       0.000      0.2214       0.000    
   12800  0.3200      0.2500E-04 SHELL          2   0.0%  0.1714      0.1887E-04   0.000      0.1714       0.000      0.2214       0.000    
   12900  0.3225      0.2500E-04 SHELL          3   0.0%  0.1760      0.1903E-04   0.000      0.1761       0.000      0.2214       0.000    
   13000  0.3250      0.2500E-04 SHELL          2   0.0%  0.1808      0.1918E-04   0.000      0.1808       0.000      0.2214       0.000    
     ANIMATION FILE: A20_PANEL_MEMBRANEA014 WRITTEN
   13100  0.3275      0.2500E-04 SHELL          3   0.0%  0.1856      0.1933E-04   0.000      0.1856       0.000      0.2214       0.000    
   13200  0.3300      0.2500E-04 SHELL          3   0.0%  0.1905      0.1948E-04   0.000      0.1906       0.000      0.2214       0.000    
   13300  0.3325      0.2500E-04 SHELL          3   0.0%  0.1955      0.1963E-04   0.000      0.1956       0.000      0.2214       0.000    
   13400  0.3350      0.2500E-04 SHELL          3   0.0%  0.2006      0.1978E-04   0.000      0.2007       0.000      0.2214       0.000    
   13500  0.3375      0.2500E-04 SHELL          3   0.0%  0.2058      0.1992E-04   0.000      0.2058       0.000      0.2214       0.000    
   13600  0.3400      0.2500E-04 SHELL          3   0.0%  0.2111      0.2007E-04   0.000      0.2111       0.000      0.2214       0.000    
   13700  0.3425      0.2500E-04 SHELL          3   0.0%  0.2164      0.2021E-04   0.000      0.2164       0.000      0.2214       0.000    
   13800  0.3450      0.2500E-04 SHELL          2   0.0%  0.2218      0.2035E-04   0.000      0.2219       0.000      0.2214       0.000    
   13900  0.3475      0.2500E-04 SHELL          3   0.0%  0.2273      0.2049E-04   0.000      0.2274       0.000      0.2214       0.000    
   14000  0.3500      0.2500E-04 SHELL          2   0.0%  0.2329      0.2063E-04   0.000      0.2330       0.000      0.2214       0.000    
     ANIMATION FILE: A20_PANEL_MEMBRANEA015 WRITTEN
   14100  0.3525      0.2500E-04 SHELL          2   0.0%  0.2386      0.2076E-04   0.000      0.2386       0.000      0.2214       0.000    
   14200  0.3550      0.2500E-04 SHELL          3   0.0%  0.2444      0.2089E-04   0.000      0.2444       0.000      0.2214       0.000    
   14300  0.3575      0.2500E-04 SHELL          3   0.0%  0.2503      0.2103E-04   0.000      0.2503       0.000      0.2214       0.000    
   14400  0.3600      0.2500E-04 SHELL          3   0.0%  0.2562      0.2116E-04   0.000      0.2562       0.000      0.2214       0.000    
   14500  0.3625      0.2500E-04 SHELL          3   0.0%  0.2623      0.2128E-04   0.000      0.2623       0.000      0.2214       0.000    
   14600  0.3650      0.2500E-04 SHELL          3   0.0%  0.2684      0.2141E-04   0.000      0.2684       0.000      0.2214       0.000    
   14700  0.3675      0.2500E-04 SHELL          2   0.0%  0.2746      0.2153E-04   0.000      0.2746       0.000      0.2214       0.000    
   14800  0.3700      0.2500E-04 SHELL          3   0.0%  0.2809      0.2165E-04   0.000      0.2809       0.000      0.2214       0.000    
   14900  0.3725      0.2500E-04 SHELL          3   0.0%  0.2873      0.2177E-04   0.000      0.2873       0.000      0.2214       0.000    
   15000  0.3750      0.2500E-04 SHELL          3   0.0%  0.2938      0.2189E-04   0.000      0.2938       0.000      0.2214       0.000    
     ANIMATION FILE: A20_PANEL_MEMBRANEA016 WRITTEN
   15100  0.3775      0.2500E-04 SHELL          3   0.0%  0.3003      0.2201E-04   0.000      0.3004       0.000      0.2214       0.000    
   15200  0.3800      0.2500E-04 SHELL          2   0.0%  0.3070      0.2212E-04   0.000      0.3070       0.000      0.2214       0.000    
   15300  0.3825      0.2500E-04 SHELL          3   0.0%  0.3138      0.2223E-04   0.000      0.3138       0.000      0.2214       0.000    
   15400  0.3850      0.2500E-04 SHELL          2   0.0%  0.3206      0.2234E-04   0.000      0.3206       0.000      0.2214       0.000    
   15500  0.3875      0.2500E-04 SHELL          2   0.0%  0.3275      0.2245E-04   0.000      0.3276       0.000      0.2214       0.000    
   15600  0.3900      0.2500E-04 SHELL          2   0.0%  0.3346      0.2255E-04   0.000      0.3346       0.000      0.2214       0.000    
   15700  0.3925      0.2500E-04 SHELL          2   0.0%  0.3417      0.2266E-04   0.000      0.3417       0.000      0.2214       0.000    
   15800  0.3950      0.2500E-04 SHELL          3   0.0%  0.3489      0.2276E-04   0.000      0.3489       0.000      0.2214       0.000    
   15900  0.3975      0.2500E-04 SHELL          3   0.0%  0.3562      0.2286E-04   0.000      0.3562       0.000      0.2214       0.000    
   16000  0.4000      0.2500E-04 SHELL          3   0.0%  0.3636      0.2295E-04   0.000      0.3636       0.000      0.2214       0.000    
     ANIMATION FILE: A20_PANEL_MEMBRANEA017 WRITTEN
   16100  0.4025      0.2500E-04 SHELL          2   0.0%  0.3711      0.2305E-04   0.000      0.3711       0.000      0.2214       0.000    
   16200  0.4050      0.2500E-04 SHELL          3   0.0%  0.3787      0.2314E-04   0.000      0.3787       0.000      0.2214       0.000    
   16300  0.4075      0.2500E-04 SHELL          3   0.0%  0.3863      0.2323E-04   0.000      0.3863       0.000      0.2214       0.000    
   16400  0.4100      0.2500E-04 SHELL          3   0.0%  0.3941      0.2332E-04   0.000      0.3941       0.000      0.2214       0.000    
   16500  0.4125      0.2500E-04 SHELL          2   0.0%  0.4019      0.2341E-04   0.000      0.4020       0.000      0.2214       0.000    
   16600  0.4150      0.2500E-04 SHELL          2   0.0%  0.4099      0.2349E-04   0.000      0.4099       0.000      0.2214       0.000    
   16700  0.4175      0.2500E-04 SHELL          3   0.0%  0.4179      0.2357E-04   0.000      0.4179       0.000      0.2214       0.000    
   16800  0.4200      0.2500E-04 SHELL          3   0.0%  0.4260      0.2365E-04   0.000      0.4261       0.000      0.2214       0.000    
   16900  0.4225      0.2500E-04 SHELL          3   0.0%  0.4342      0.2373E-04   0.000      0.4343       0.000      0.2214       0.000    
   17000  0.4250      0.2500E-04 SHELL          2   0.0%  0.4426      0.2380E-04   0.000      0.4426       0.000      0.2214       0.000    
     ANIMATION FILE: A20_PANEL_MEMBRANEA018 WRITTEN
   17100  0.4275      0.2500E-04 SHELL          3   0.0%  0.4510      0.2387E-04   0.000      0.4510       0.000      0.2214       0.000    
   17200  0.4300      0.2500E-04 SHELL          2   0.0%  0.4595      0.2394E-04   0.000      0.4595       0.000      0.2214       0.000    
   17300  0.4325      0.2500E-04 SHELL          2   0.0%  0.4680      0.2401E-04   0.000      0.4681       0.000      0.2214       0.000    
   17400  0.4350      0.2500E-04 SHELL          3   0.0%  0.4767      0.2407E-04   0.000      0.4767       0.000      0.2214       0.000    
   17500  0.4375      0.2500E-04 SHELL          2   0.0%  0.4855      0.2414E-04   0.000      0.4855       0.000      0.2214       0.000    
   17600  0.4400      0.2500E-04 SHELL          2   0.0%  0.4943      0.2420E-04   0.000      0.4944       0.000      0.2214       0.000    
   17700  0.4425      0.2500E-04 SHELL          2   0.0%  0.5033      0.2425E-04   0.000      0.5033       0.000      0.2214       0.000    
   17800  0.4450      0.2500E-04 SHELL          2   0.0%  0.5123      0.2431E-04   0.000      0.5123       0.000      0.2214       0.000    
   17900  0.4475      0.2500E-04 SHELL          3   0.0%  0.5215      0.2436E-04   0.000      0.5215       0.000      0.2214       0.000    
   18000  0.4500      0.2500E-04 SHELL          3   0.0%  0.5307      0.2441E-04   0.000      0.5307       0.000      0.2214       0.000    
     ANIMATION FILE: A20_PANEL_MEMBRANEA019 WRITTEN
   18100  0.4525      0.2500E-04 SHELL          3   0.0%  0.5400      0.2446E-04   0.000      0.5400       0.000      0.2214       0.000    
   18200  0.4550      0.2500E-04 SHELL          2   0.0%  0.5494      0.2451E-04   0.000      0.5494       0.000      0.2214       0.000    
   18300  0.4575      0.2500E-04 SHELL          3   0.0%  0.5589      0.2455E-04   0.000      0.5589       0.000      0.2214       0.000    
   18400  0.4600      0.2500E-04 SHELL          2   0.0%  0.5685      0.2459E-04   0.000      0.5685       0.000      0.2214       0.000    
   18500  0.4625      0.2500E-04 SHELL          3   0.0%  0.5781      0.2463E-04   0.000      0.5782       0.000      0.2214       0.000    
   18600  0.4650      0.2500E-04 SHELL          2   0.0%  0.5879      0.2466E-04   0.000      0.5879       0.000      0.2214       0.000    
   18700  0.4675      0.2500E-04 SHELL          3   0.0%  0.5977      0.2470E-04   0.000      0.5978       0.000      0.2214       0.000    
   18800  0.4700      0.2500E-04 SHELL          2   0.0%  0.6077      0.2473E-04   0.000      0.6077       0.000      0.2214       0.000    
   18900  0.4725      0.2500E-04 SHELL          2   0.0%  0.6177      0.2476E-04   0.000      0.6177       0.000      0.2214       0.000    
   19000  0.4750      0.2500E-04 SHELL          2   0.0%  0.6278      0.2478E-04   0.000      0.6278       0.000      0.2214       0.000    
     ANIMATION FILE: A20_PANEL_MEMBRANEA020 WRITTEN
   19100  0.4775      0.2500E-04 SHELL          3   0.0%  0.6380      0.2481E-04   0.000      0.6380       0.000      0.2214       0.000    
   19200  0.4800      0.2500E-04 SHELL          2   0.0%  0.6483      0.2483E-04   0.000      0.6483       0.000      0.2214       0.000    
   19300  0.4825      0.2500E-04 SHELL          3   0.0%  0.6587      0.2485E-04   0.000      0.6587       0.000      0.2214       0.000    
   19400  0.4850      0.2500E-04 SHELL          3   0.0%  0.6691      0.2486E-04   0.000      0.6692       0.000      0.2214       0.000    
   19500  0.4875      0.2500E-04 SHELL          2   0.0%  0.6797      0.2488E-04   0.000      0.6797       0.000      0.2214       0.000    
   19600  0.4900      0.2500E-04 SHELL          3   0.0%  0.6903      0.2489E-04   0.000      0.6903       0.000      0.2214       0.000    
   19700  0.4925      0.2500E-04 SHELL          2   0.0%  0.7010      0.2490E-04   0.000      0.7010       0.000      0.2214       0.000    
   19800  0.4950      0.2500E-04 SHELL          3   0.0%  0.7118      0.2490E-04   0.000      0.7118       0.000      0.2214       0.000    
   19900  0.4975      0.2500E-04 SHELL          3   0.0%  0.7227      0.2491E-04   0.000      0.7227       0.000      0.2214       0.000    
   CYCLE    TIME      TIME-STEP  ELEMENT          ERROR  I-ENERGY    K-ENERGY T  K-ENERGY R  EXT-WORK     MAS.ERR     TOTAL MASS  MASS ADDED
   20000  0.5000      0.2500E-04 SHELL          3   0.0%  0.7337      0.2491E-04   0.000      0.7337       0.000      0.2214       0.000    
     ANIMATION FILE: A20_PANEL_MEMBRANEA021 WRITTEN
   20100  0.5025      0.2500E-04 SHELL          2   0.0%  0.7447      0.2491E-04   0.000      0.7447       0.000      0.2214       0.000    
   20200  0.5050      0.2500E-04 SHELL          2   0.0%  0.7558      0.2490E-04   0.000      0.7559       0.000      0.2214       0.000    
   20300  0.5075      0.2500E-04 SHELL          2   0.0%  0.7670      0.2490E-04   0.000      0.7671       0.000      0.2214       0.000    
   20400  0.5100      0.2500E-04 SHELL          3   0.0%  0.7783      0.2489E-04   0.000      0.7784       0.000      0.2214       0.000    
   20500  0.5125      0.2500E-04 SHELL          3   0.0%  0.7897      0.2488E-04   0.000      0.7897       0.000      0.2214       0.000    
   20600  0.5150      0.2500E-04 SHELL          3   0.0%  0.8012      0.2486E-04   0.000      0.8012       0.000      0.2214       0.000    
   20700  0.5175      0.2500E-04 SHELL          3   0.0%  0.8127      0.2485E-04   0.000      0.8127       0.000      0.2214       0.000    
   20800  0.5200      0.2500E-04 SHELL          2   0.0%  0.8243      0.2483E-04   0.000      0.8243       0.000      0.2214       0.000    
   20900  0.5225      0.2500E-04 SHELL          3   0.0%  0.8360      0.2481E-04   0.000      0.8360       0.000      0.2214       0.000    
   21000  0.5250      0.2500E-04 SHELL          3   0.0%  0.8477      0.2478E-04   0.000      0.8478       0.000      0.2214       0.000    
     ANIMATION FILE: A20_PANEL_MEMBRANEA022 WRITTEN
   21100  0.5275      0.2500E-04 SHELL          3   0.0%  0.8596      0.2476E-04   0.000      0.8596       0.000      0.2214       0.000    
   21200  0.5300      0.2500E-04 SHELL          2   0.0%  0.8715      0.2473E-04   0.000      0.8715       0.000      0.2214       0.000    
   21300  0.5325      0.2500E-04 SHELL          3   0.0%  0.8835      0.2470E-04   0.000      0.8835       0.000      0.2214       0.000    
   21400  0.5350      0.2500E-04 SHELL          2   0.0%  0.8955      0.2466E-04   0.000      0.8956       0.000      0.2214       0.000    
   21500  0.5375      0.2500E-04 SHELL          2   0.0%  0.9077      0.2463E-04   0.000      0.9077       0.000      0.2214       0.000    
   21600  0.5400      0.2500E-04 SHELL          3   0.0%  0.9199      0.2459E-04   0.000      0.9199       0.000      0.2214       0.000    
   21700  0.5425      0.2500E-04 SHELL          3   0.0%  0.9322      0.2455E-04   0.000      0.9322       0.000      0.2214       0.000    
   21800  0.5450      0.2500E-04 SHELL          3   0.0%  0.9445      0.2451E-04   0.000      0.9446       0.000      0.2214       0.000    
   21900  0.5475      0.2500E-04 SHELL          3   0.0%  0.9569      0.2446E-04   0.000      0.9570       0.000      0.2214       0.000    
   22000  0.5500      0.2500E-04 SHELL          3   0.0%  0.9694      0.2441E-04   0.000      0.9695       0.000      0.2214       0.000    
     ANIMATION FILE: A20_PANEL_MEMBRANEA023 WRITTEN
   22100  0.5525      0.2500E-04 SHELL          3   0.0%  0.9820      0.2436E-04   0.000      0.9820       0.000      0.2214       0.000    
   22200  0.5550      0.2500E-04 SHELL          2   0.0%  0.9946      0.2431E-04   0.000      0.9946       0.000      0.2214       0.000    
   22300  0.5575      0.2500E-04 SHELL          3   0.0%   1.007      0.2425E-04   0.000       1.007       0.000      0.2214       0.000    
   22400  0.5600      0.2500E-04 SHELL          3   0.0%   1.020      0.2420E-04   0.000       1.020       0.000      0.2214       0.000    
   22500  0.5625      0.2500E-04 SHELL          3   0.0%   1.033      0.2414E-04   0.000       1.033       0.000      0.2214       0.000    
   22600  0.5650      0.2500E-04 SHELL          3   0.0%   1.046      0.2407E-04   0.000       1.046       0.000      0.2214       0.000    
   22700  0.5675      0.2500E-04 SHELL          3   0.0%   1.059      0.2401E-04   0.000       1.059       0.000      0.2214       0.000    
   22800  0.5700      0.2500E-04 SHELL          2   0.0%   1.072      0.2394E-04   0.000       1.072       0.000      0.2214       0.000    
   22900  0.5725      0.2500E-04 SHELL          3   0.0%   1.085      0.2387E-04   0.000       1.085       0.000      0.2214       0.000    
   23000  0.5750      0.2500E-04 SHELL          3   0.0%   1.098      0.2380E-04   0.000       1.098       0.000      0.2214       0.000    
     ANIMATION FILE: A20_PANEL_MEMBRANEA024 WRITTEN
   23100  0.5775      0.2500E-04 SHELL          2   0.0%   1.111      0.2373E-04   0.000       1.111       0.000      0.2214       0.000    
   23200  0.5800      0.2500E-04 SHELL          3   0.0%   1.124      0.2365E-04   0.000       1.124       0.000      0.2214       0.000    
   23300  0.5825      0.2500E-04 SHELL          3   0.0%   1.138      0.2357E-04   0.000       1.138       0.000      0.2214       0.000    
   23400  0.5850      0.2500E-04 SHELL          3   0.0%   1.151      0.2349E-04   0.000       1.151       0.000      0.2214       0.000    
   23500  0.5875      0.2500E-04 SHELL          2   0.0%   1.164      0.2341E-04   0.000       1.164       0.000      0.2214       0.000    
   23600  0.5900      0.2500E-04 SHELL          3   0.0%   1.178      0.2332E-04   0.000       1.178       0.000      0.2214       0.000    
   23700  0.5925      0.2500E-04 SHELL          2   0.0%   1.191      0.2323E-04   0.000       1.191       0.000      0.2214       0.000    
   23800  0.5950      0.2500E-04 SHELL          2   0.0%   1.205      0.2314E-04   0.000       1.205       0.000      0.2214       0.000    
   23900  0.5975      0.2500E-04 SHELL          2   0.0%   1.219      0.2305E-04   0.000       1.219       0.000      0.2214       0.000    
   24000  0.6000      0.2500E-04 SHELL          2   0.0%   1.232      0.2295E-04   0.000       1.232       0.000      0.2214       0.000    
     ANIMATION FILE: A20_PANEL_MEMBRANEA025 WRITTEN
   24100  0.6025      0.2500E-04 SHELL          2   0.0%   1.246      0.2286E-04   0.000       1.246       0.000      0.2214       0.000    
   24200  0.6050      0.2500E-04 SHELL          2   0.0%   1.260      0.2276E-04   0.000       1.260       0.000      0.2214       0.000    
   24300  0.6075      0.2500E-04 SHELL          2   0.0%   1.274      0.2266E-04   0.000       1.274       0.000      0.2214       0.000    
   24400  0.6100      0.2500E-04 SHELL          2   0.0%   1.287      0.2255E-04   0.000       1.287       0.000      0.2214       0.000    
   24500  0.6125      0.2500E-04 SHELL          3   0.0%   1.301      0.2245E-04   0.000       1.301       0.000      0.2214       0.000    
   24600  0.6150      0.2500E-04 SHELL          2   0.0%   1.315      0.2234E-04   0.000       1.315       0.000      0.2214       0.000    
   24700  0.6175      0.2500E-04 SHELL          2   0.0%   1.329      0.2223E-04   0.000       1.329       0.000      0.2214       0.000    
   24800  0.6200      0.2500E-04 SHELL          2   0.0%   1.343      0.2212E-04   0.000       1.343       0.000      0.2214       0.000    
   24900  0.6225      0.2500E-04 SHELL          2   0.0%   1.357      0.2201E-04   0.000       1.357       0.000      0.2214       0.000    
   25000  0.6250      0.2500E-04 SHELL          2   0.0%   1.371      0.2189E-04   0.000       1.371       0.000      0.2214       0.000    
     ANIMATION FILE: A20_PANEL_MEMBRANEA026 WRITTEN
   25100  0.6275      0.2500E-04 SHELL          2   0.0%   1.386      0.2177E-04   0.000       1.386       0.000      0.2214       0.000    
   25200  0.6300      0.2500E-04 SHELL          3   0.0%   1.400      0.2165E-04   0.000       1.400       0.000      0.2214       0.000    
   25300  0.6325      0.2500E-04 SHELL          3   0.0%   1.414      0.2153E-04   0.000       1.414       0.000      0.2214       0.000    
   25400  0.6350      0.2500E-04 SHELL          3   0.0%   1.428      0.2141E-04   0.000       1.428       0.000      0.2214       0.000    
   25500  0.6375      0.2500E-04 SHELL          2   0.0%   1.442      0.2128E-04   0.000       1.442       0.000      0.2214       0.000    
   25600  0.6400      0.2500E-04 SHELL          3   0.0%   1.457      0.2116E-04   0.000       1.457       0.000      0.2214       0.000    
   25700  0.6425      0.2500E-04 SHELL          2   0.0%   1.471      0.2103E-04   0.000       1.471       0.000      0.2214       0.000    
   25800  0.6450      0.2500E-04 SHELL          3   0.0%   1.485      0.2089E-04   0.000       1.485       0.000      0.2214       0.000    
   25900  0.6475      0.2500E-04 SHELL          3   0.0%   1.500      0.2076E-04   0.000       1.500       0.000      0.2214       0.000    
   26000  0.6500      0.2500E-04 SHELL          2   0.0%   1.514      0.2063E-04   0.000       1.514       0.000      0.2214       0.000    
     ANIMATION FILE: A20_PANEL_MEMBRANEA027 WRITTEN
   26100  0.6525      0.2500E-04 SHELL          3   0.0%   1.528      0.2049E-04   0.000       1.528       0.000      0.2214       0.000    
   26200  0.6550      0.2500E-04 SHELL          3   0.0%   1.543      0.2035E-04   0.000       1.543       0.000      0.2214       0.000    
   26300  0.6575      0.2500E-04 SHELL          3   0.0%   1.557      0.2021E-04   0.000       1.557       0.000      0.2214       0.000    
   26400  0.6600      0.2500E-04 SHELL          3   0.0%   1.572      0.2007E-04   0.000       1.572       0.000      0.2214       0.000    
   26500  0.6625      0.2500E-04 SHELL          3   0.0%   1.586      0.1992E-04   0.000       1.586       0.000      0.2214       0.000    
   26600  0.6650      0.2500E-04 SHELL          2   0.0%   1.601      0.1978E-04   0.000       1.601       0.000      0.2214       0.000    
   26700  0.6675      0.2500E-04 SHELL          3   0.0%   1.615      0.1963E-04   0.000       1.615       0.000      0.2214       0.000    
   26800  0.6700      0.2500E-04 SHELL          2   0.0%   1.630      0.1948E-04   0.000       1.630       0.000      0.2214       0.000    
   26900  0.6725      0.2500E-04 SHELL          3   0.0%   1.644      0.1933E-04   0.000       1.644       0.000      0.2214       0.000    
   27000  0.6750      0.2500E-04 SHELL          3   0.0%   1.659      0.1918E-04   0.000       1.659       0.000      0.2214       0.000    
     ANIMATION FILE: A20_PANEL_MEMBRANEA028 WRITTEN
   27100  0.6775      0.2500E-04 SHELL          3   0.0%   1.673      0.1903E-04   0.000       1.673       0.000      0.2214       0.000    
   27200  0.6800      0.2500E-04 SHELL          2   0.0%   1.688      0.1887E-04   0.000       1.688       0.000      0.2214       0.000    
   27300  0.6825      0.2500E-04 SHELL          2   0.0%   1.702      0.1871E-04   0.000       1.702       0.000      0.2214       0.000    
   27400  0.6850      0.2500E-04 SHELL          3   0.0%   1.717      0.1855E-04   0.000       1.717       0.000      0.2214       0.000    
   27500  0.6875      0.2500E-04 SHELL          2   0.0%   1.731      0.1839E-04   0.000       1.731       0.000      0.2214       0.000    
   27600  0.6900      0.2500E-04 SHELL          3   0.0%   1.746      0.1823E-04   0.000       1.746       0.000      0.2214       0.000    
   27700  0.6925      0.2500E-04 SHELL          3   0.0%   1.760      0.1807E-04   0.000       1.760       0.000      0.2214       0.000    
   27800  0.6950      0.2500E-04 SHELL          2   0.0%   1.775      0.1791E-04   0.000       1.775       0.000      0.2214       0.000    
   27900  0.6975      0.2500E-04 SHELL          2   0.0%   1.789      0.1774E-04   0.000       1.789       0.000      0.2214       0.000    
   28000  0.7000      0.2500E-04 SHELL          2   0.0%   1.804      0.1757E-04   0.000       1.804       0.000      0.2214       0.000    
     ANIMATION FILE: A20_PANEL_MEMBRANEA029 WRITTEN
   28100  0.7025      0.2500E-04 SHELL          2   0.0%   1.818      0.1741E-04   0.000       1.818       0.000      0.2214       0.000    
   28200  0.7050      0.2500E-04 SHELL          3   0.0%   1.833      0.1724E-04   0.000       1.833       0.000      0.2214       0.000    
   28300  0.7075      0.2500E-04 SHELL          2   0.0%   1.847      0.1707E-04   0.000       1.847       0.000      0.2214       0.000    
   28400  0.7100      0.2500E-04 SHELL          2   0.0%   1.862      0.1690E-04   0.000       1.862       0.000      0.2214       0.000    
   28500  0.7125      0.2500E-04 SHELL          3   0.0%   1.876      0.1672E-04   0.000       1.876       0.000      0.2214       0.000    
   28600  0.7150      0.2500E-04 SHELL          2   0.0%   1.891      0.1655E-04   0.000       1.891       0.000      0.2214       0.000    
   28700  0.7175      0.2500E-04 SHELL          2   0.0%   1.905      0.1637E-04   0.000       1.905       0.000      0.2214       0.000    
   28800  0.7200      0.2500E-04 SHELL          3   0.0%   1.919      0.1620E-04   0.000       1.919       0.000      0.2214       0.000    
   28900  0.7225      0.2500E-04 SHELL          2   0.0%   1.934      0.1602E-04   0.000       1.934       0.000      0.2214       0.000    
   29000  0.7250      0.2500E-04 SHELL          2   0.0%   1.948      0.1584E-04   0.000       1.948       0.000      0.2214       0.000    
     ANIMATION FILE: A20_PANEL_MEMBRANEA030 WRITTEN
   29100  0.7275      0.2500E-04 SHELL          3   0.0%   1.962      0.1566E-04   0.000       1.962       0.000      0.2214       0.000    
   29200  0.7300      0.2500E-04 SHELL          2   0.0%   1.977      0.1548E-04   0.000       1.977       0.000      0.2214       0.000    
   29300  0.7325      0.2500E-04 SHELL          3   0.0%   1.991      0.1530E-04   0.000       1.991       0.000      0.2214       0.000    
   29400  0.7350      0.2500E-04 SHELL          2   0.0%   2.005      0.1512E-04   0.000       2.005       0.000      0.2214       0.000    
   29500  0.7375      0.2500E-04 SHELL          2   0.0%   2.019      0.1494E-04   0.000       2.019       0.000      0.2214       0.000    
   29600  0.7400      0.2500E-04 SHELL          2   0.0%   2.033      0.1475E-04   0.000       2.033       0.000      0.2214       0.000    
   29700  0.7425      0.2500E-04 SHELL          3   0.0%   2.047      0.1457E-04   0.000       2.047       0.000      0.2214       0.000    
   29800  0.7450      0.2500E-04 SHELL          2   0.0%   2.061      0.1438E-04   0.000       2.061       0.000      0.2214       0.000    
   29900  0.7475      0.2500E-04 SHELL          2   0.0%   2.075      0.1420E-04   0.000       2.075       0.000      0.2214       0.000    
   CYCLE    TIME      TIME-STEP  ELEMENT          ERROR  I-ENERGY    K-ENERGY T  K-ENERGY R  EXT-WORK     MAS.ERR     TOTAL MASS  MASS ADDED
   30000  0.7500      0.2500E-04 SHELL          2   0.0%   2.089      0.1401E-04   0.000       2.089       0.000      0.2214       0.000    
     ANIMATION FILE: A20_PANEL_MEMBRANEA031 WRITTEN
   30100  0.7525      0.2500E-04 SHELL          2   0.0%   2.103      0.1382E-04   0.000       2.103       0.000      0.2214       0.000    
   30200  0.7550      0.2500E-04 SHELL          3   0.0%   2.117      0.1364E-04   0.000       2.117       0.000      0.2214       0.000    
   30300  0.7575      0.2500E-04 SHELL          3   0.0%   2.131      0.1345E-04   0.000       2.131       0.000      0.2214       0.000    
   30400  0.7600      0.2500E-04 SHELL          2   0.0%   2.145      0.1326E-04   0.000       2.145       0.000      0.2214       0.000    
   30500  0.7625      0.2500E-04 SHELL          2   0.0%   2.158      0.1307E-04   0.000       2.158       0.000      0.2214       0.000    
   30600  0.7650      0.2500E-04 SHELL          2   0.0%   2.172      0.1288E-04   0.000       2.172       0.000      0.2214       0.000    
   30700  0.7675      0.2500E-04 SHELL          3   0.0%   2.186      0.1269E-04   0.000       2.186       0.000      0.2214       0.000    
   30800  0.7700      0.2500E-04 SHELL          2   0.0%   2.199      0.1250E-04   0.000       2.199       0.000      0.2214       0.000    
   30900  0.7725      0.2500E-04 SHELL          2   0.0%   2.213      0.1231E-04   0.000       2.213       0.000      0.2214       0.000    
   31000  0.7750      0.2500E-04 SHELL          2   0.0%   2.226      0.1212E-04   0.000       2.226       0.000      0.2214       0.000    
     ANIMATION FILE: A20_PANEL_MEMBRANEA032 WRITTEN
   31100  0.7775      0.2500E-04 SHELL          3   0.0%   2.239      0.1193E-04   0.000       2.239       0.000      0.2214       0.000    
   31200  0.7800      0.2500E-04 SHELL          2   0.0%   2.253      0.1174E-04   0.000       2.253       0.000      0.2214       0.000    
   31300  0.7825      0.2500E-04 SHELL          3   0.0%   2.266      0.1154E-04   0.000       2.266       0.000      0.2214       0.000    
   31400  0.7850      0.2500E-04 SHELL          3   0.0%   2.279      0.1135E-04   0.000       2.279       0.000      0.2214       0.000    
   31500  0.7875      0.2500E-04 SHELL          2   0.0%   2.292      0.1116E-04   0.000       2.292       0.000      0.2214       0.000    
   31600  0.7900      0.2500E-04 SHELL          3   0.0%   2.305      0.1097E-04   0.000       2.305       0.000      0.2214       0.000    
   31700  0.7925      0.2500E-04 SHELL          2   0.0%   2.318      0.1078E-04   0.000       2.318       0.000      0.2214       0.000    
   31800  0.7950      0.2500E-04 SHELL          2   0.0%   2.331      0.1059E-04   0.000       2.331       0.000      0.2214       0.000    
   31900  0.7975      0.2500E-04 SHELL          2   0.0%   2.344      0.1039E-04   0.000       2.344       0.000      0.2214       0.000    
   32000  0.8000      0.2500E-04 SHELL          2   0.0%   2.356      0.1020E-04   0.000       2.356       0.000      0.2214       0.000    
     ANIMATION FILE: A20_PANEL_MEMBRANEA033 WRITTEN
   32100  0.8025      0.2500E-04 SHELL          2   0.0%   2.369      0.1001E-04   0.000       2.369       0.000      0.2214       0.000    
   32200  0.8050      0.2500E-04 SHELL          2   0.0%   2.381      0.9820E-05   0.000       2.381       0.000      0.2214       0.000    
   32300  0.8075      0.2500E-04 SHELL          2   0.0%   2.394      0.9629E-05   0.000       2.394       0.000      0.2214       0.000    
   32400  0.8100      0.2500E-04 SHELL          2   0.0%   2.406      0.9439E-05   0.000       2.406       0.000      0.2214       0.000    
   32500  0.8125      0.2500E-04 SHELL          3   0.0%   2.418      0.9249E-05   0.000       2.418       0.000      0.2214       0.000    
   32600  0.8150      0.2500E-04 SHELL          2   0.0%   2.430      0.9060E-05   0.000       2.430       0.000      0.2214       0.000    
   32700  0.8175      0.2500E-04 SHELL          2   0.0%   2.442      0.8871E-05   0.000       2.442       0.000      0.2214       0.000    
   32800  0.8200      0.2500E-04 SHELL          2   0.0%   2.454      0.8682E-05   0.000       2.454       0.000      0.2214       0.000    
   32900  0.8225      0.2500E-04 SHELL          2   0.0%   2.466      0.8494E-05   0.000       2.466       0.000      0.2214       0.000    
   33000  0.8250      0.2500E-04 SHELL          2   0.0%   2.478      0.8307E-05   0.000       2.478       0.000      0.2214       0.000    
     ANIMATION FILE: A20_PANEL_MEMBRANEA034 WRITTEN
   33100  0.8275      0.2500E-04 SHELL          2   0.0%   2.490      0.8120E-05   0.000       2.490       0.000      0.2214       0.000    
   33200  0.8300      0.2500E-04 SHELL          2   0.0%   2.501      0.7934E-05   0.000       2.501       0.000      0.2214       0.000    
   33300  0.8325      0.2500E-04 SHELL          2   0.0%   2.513      0.7749E-05   0.000       2.513       0.000      0.2214       0.000    
   33400  0.8350      0.2500E-04 SHELL          2   0.0%   2.524      0.7565E-05   0.000       2.524       0.000      0.2214       0.000    
   33500  0.8375      0.2500E-04 SHELL          2   0.0%   2.535      0.7381E-05   0.000       2.535       0.000      0.2214       0.000    
   33600  0.8400      0.2500E-04 SHELL          3   0.0%   2.546      0.7199E-05   0.000       2.546       0.000      0.2214       0.000    
   33700  0.8425      0.2500E-04 SHELL          2   0.0%   2.557      0.7017E-05   0.000       2.557       0.000      0.2214       0.000    
   33800  0.8450      0.2500E-04 SHELL          2   0.0%   2.568      0.6836E-05   0.000       2.568       0.000      0.2214       0.000    
   33900  0.8475      0.2500E-04 SHELL          2   0.0%   2.579      0.6657E-05   0.000       2.579       0.000      0.2214       0.000    
   34000  0.8500      0.2500E-04 SHELL          2   0.0%   2.589      0.6478E-05   0.000       2.589       0.000      0.2214       0.000    
     ANIMATION FILE: A20_PANEL_MEMBRANEA035 WRITTEN
   34100  0.8525      0.2500E-04 SHELL          2   0.0%   2.600      0.6301E-05   0.000       2.600       0.000      0.2214       0.000    
   34200  0.8550      0.2500E-04 SHELL          3   0.0%   2.610      0.6125E-05   0.000       2.610       0.000      0.2214       0.000    
   34300  0.8575      0.2500E-04 SHELL          3   0.0%   2.620      0.5950E-05   0.000       2.620       0.000      0.2214       0.000    
   34400  0.8600      0.2500E-04 SHELL          2   0.0%   2.630      0.5777E-05   0.000       2.630       0.000      0.2214       0.000    
   34500  0.8625      0.2500E-04 SHELL          2   0.0%   2.640      0.5605E-05   0.000       2.640       0.000      0.2214       0.000    
   34600  0.8650      0.2500E-04 SHELL          2   0.0%   2.650      0.5434E-05   0.000       2.650       0.000      0.2214       0.000    
   34700  0.8675      0.2500E-04 SHELL          3   0.0%   2.660      0.5265E-05   0.000       2.660       0.000      0.2214       0.000    
   34800  0.8700      0.2500E-04 SHELL          3   0.0%   2.670      0.5098E-05   0.000       2.670       0.000      0.2214       0.000    
   34900  0.8725      0.2500E-04 SHELL          2   0.0%   2.679      0.4932E-05   0.000       2.679       0.000      0.2214       0.000    
   35000  0.8750      0.2500E-04 SHELL          2   0.0%   2.688      0.4767E-05   0.000       2.688       0.000      0.2214       0.000    
     ANIMATION FILE: A20_PANEL_MEMBRANEA036 WRITTEN
   35100  0.8775      0.2500E-04 SHELL          2   0.0%   2.697      0.4605E-05   0.000       2.697       0.000      0.2214       0.000    
   35200  0.8800      0.2500E-04 SHELL          2   0.0%   2.706      0.4444E-05   0.000       2.706       0.000      0.2214       0.000    
   35300  0.8825      0.2500E-04 SHELL          2   0.0%   2.715      0.4285E-05   0.000       2.715       0.000      0.2214       0.000    
   35400  0.8850      0.2500E-04 SHELL          2   0.0%   2.724      0.4128E-05   0.000       2.724       0.000      0.2214       0.000    
   35500  0.8875      0.2500E-04 SHELL          2   0.0%   2.733      0.3973E-05   0.000       2.733       0.000      0.2214       0.000    
   35600  0.8900      0.2500E-04 SHELL          2   0.0%   2.741      0.3820E-05   0.000       2.741       0.000      0.2214       0.000    
   35700  0.8925      0.2500E-04 SHELL          2   0.0%   2.749      0.3668E-05   0.000       2.749       0.000      0.2214       0.000    
   35800  0.8950      0.2500E-04 SHELL          2   0.0%   2.757      0.3519E-05   0.000       2.757       0.000      0.2214       0.000    
   35900  0.8975      0.2500E-04 SHELL          2   0.0%   2.765      0.3373E-05   0.000       2.765       0.000      0.2214       0.000    
   36000  0.9000      0.2500E-04 SHELL          3   0.0%   2.773      0.3228E-05   0.000       2.773       0.000      0.2214       0.000    
     ANIMATION FILE: A20_PANEL_MEMBRANEA037 WRITTEN
   36100  0.9025      0.2500E-04 SHELL          3   0.0%   2.781      0.3086E-05   0.000       2.781       0.000      0.2214       0.000    
   36200  0.9050      0.2500E-04 SHELL          2   0.0%   2.788      0.2946E-05   0.000       2.788       0.000      0.2214       0.000    
   36300  0.9075      0.2500E-04 SHELL          2   0.0%   2.795      0.2808E-05   0.000       2.795       0.000      0.2214       0.000    
   36400  0.9100      0.2500E-04 SHELL          3   0.0%   2.803      0.2673E-05   0.000       2.803       0.000      0.2214       0.000    
   36500  0.9125      0.2500E-04 SHELL          2   0.0%   2.809      0.2541E-05   0.000       2.810       0.000      0.2214       0.000    
   36600  0.9150      0.2500E-04 SHELL          2   0.0%   2.816      0.2411E-05   0.000       2.816       0.000      0.2214       0.000    
   36700  0.9175      0.2500E-04 SHELL          2   0.0%   2.823      0.2283E-05   0.000       2.823       0.000      0.2214       0.000    
   36800  0.9200      0.2500E-04 SHELL          3   0.0%   2.829      0.2159E-05   0.000       2.829       0.000      0.2214       0.000    
   36900  0.9225      0.2500E-04 SHELL          2   0.0%   2.836      0.2037E-05   0.000       2.836       0.000      0.2214       0.000    
   37000  0.9250      0.2500E-04 SHELL          2   0.0%   2.842      0.1918E-05   0.000       2.842       0.000      0.2214       0.000    
     ANIMATION FILE: A20_PANEL_MEMBRANEA038 WRITTEN
   37100  0.9275      0.2500E-04 SHELL          2   0.0%   2.848      0.1802E-05   0.000       2.848       0.000      0.2214       0.000    
   37200  0.9300      0.2500E-04 SHELL          3   0.0%   2.853      0.1689E-05   0.000       2.853       0.000      0.2214       0.000    
   37300  0.9325      0.2500E-04 SHELL          3   0.0%   2.859      0.1579E-05   0.000       2.859       0.000      0.2214       0.000    
   37400  0.9350      0.2500E-04 SHELL          2   0.0%   2.864      0.1472E-05   0.000       2.864       0.000      0.2214       0.000    
   37500  0.9375      0.2500E-04 SHELL          2   0.0%   2.870      0.1368E-05   0.000       2.870       0.000      0.2214       0.000    
   37600  0.9400      0.2500E-04 SHELL          3   0.0%   2.875      0.1268E-05   0.000       2.875       0.000      0.2214       0.000    
   37700  0.9425      0.2500E-04 SHELL          3   0.0%   2.879      0.1170E-05   0.000       2.879       0.000      0.2214       0.000    
   37800  0.9450      0.2500E-04 SHELL          2   0.0%   2.884      0.1077E-05   0.000       2.884       0.000      0.2214       0.000    
   37900  0.9475      0.2500E-04 SHELL          3   0.0%   2.888      0.9861E-06   0.000       2.888       0.000      0.2214       0.000    
   38000  0.9500      0.2500E-04 SHELL          2   0.0%   2.893      0.8992E-06   0.000       2.893       0.000      0.2214       0.000    
     ANIMATION FILE: A20_PANEL_MEMBRANEA039 WRITTEN
   38100  0.9525      0.2500E-04 SHELL          2   0.0%   2.897      0.8158E-06   0.000       2.897       0.000      0.2214       0.000    
   38200  0.9550      0.2500E-04 SHELL          3   0.0%   2.901      0.7360E-06   0.000       2.901       0.000      0.2214       0.000    
   38300  0.9575      0.2500E-04 SHELL          2   0.0%   2.904      0.6599E-06   0.000       2.904       0.000      0.2214       0.000    
   38400  0.9600      0.2500E-04 SHELL          2   0.0%   2.908      0.5876E-06   0.000       2.908       0.000      0.2214       0.000    
   38500  0.9625      0.2500E-04 SHELL          3   0.0%   2.911      0.5192E-06   0.000       2.911       0.000      0.2214       0.000    
   38600  0.9650      0.2500E-04 SHELL          2   0.0%   2.914      0.4546E-06   0.000       2.914       0.000      0.2214       0.000    
   38700  0.9675      0.2500E-04 SHELL          2   0.0%   2.917      0.3940E-06   0.000       2.917       0.000      0.2214       0.000    
   38800  0.9700      0.2500E-04 SHELL          2   0.0%   2.920      0.3375E-06   0.000       2.920       0.000      0.2214       0.000    
   38900  0.9725      0.2500E-04 SHELL          3   0.0%   2.922      0.2850E-06   0.000       2.922       0.000      0.2214       0.000    
   39000  0.9750      0.2500E-04 SHELL          2   0.0%   2.924      0.2368E-06   0.000       2.924       0.000      0.2214       0.000    
     ANIMATION FILE: A20_PANEL_MEMBRANEA040 WRITTEN
   39100  0.9775      0.2500E-04 SHELL          2   0.0%   2.926      0.1928E-06   0.000       2.926       0.000      0.2214       0.000    
   39200  0.9800      0.2500E-04 SHELL          2   0.0%   2.928      0.1531E-06   0.000       2.928       0.000      0.2214       0.000    
   39300  0.9825      0.2500E-04 SHELL          3   0.0%   2.930      0.1178E-06   0.000       2.930       0.000      0.2214       0.000    
   39400  0.9850      0.2500E-04 SHELL          2   0.0%   2.931      0.8700E-07   0.000       2.931       0.000      0.2214       0.000    
   39500  0.9875      0.2500E-04 SHELL          2   0.0%   2.932      0.6072E-07   0.000       2.932       0.000      0.2214       0.000    
   39600  0.9900      0.2500E-04 SHELL          2   0.0%   2.933      0.3906E-07   0.000       2.933       0.000      0.2214       0.000    
   39700  0.9925      0.2500E-04 SHELL          2   0.0%   2.934      0.2208E-07   0.000       2.934       0.000      0.2214       0.000    
   39800  0.9950      0.2500E-04 SHELL          3   0.0%   2.935      0.9864E-08   0.000       2.935       0.000      0.2214       0.000    
   39900  0.9975      0.2500E-04 SHELL          2   0.0%   2.935      0.2478E-08   0.000       2.935       0.000      0.2214       0.000    

     RESTART FILES: A20_PANEL_MEMBRANE_0001_[0001-0001].rst WRITTEN
     -------------

   CYCLE    TIME      TIME-STEP  ELEMENT          ERROR  I-ENERGY    K-ENERGY T  K-ENERGY R  EXT-WORK     MAS.ERR     TOTAL MASS  MASS ADDED
   40000   1.000      0.2500E-04 SHELL          2   0.0%   2.935      0.9962E-12   0.000       2.935       0.000      0.2214       0.000    
     ANIMATION FILE: A20_PANEL_MEMBRANEA041 WRITTEN
  
                           ** CPU USER TIME **
  
  
                        ** SUMMARY **
  
 #PROC  ELEMENT   KINCOND   INTEG     IO        T0        ASM       RESOL    
   1   .4906E+01 .8594E+00 .6250E+00 .1172E+01 .1906E+01 .5625E+00 .1150E+02
  
 
                   ** CUMULATIVE CPU TIME SUMMARY **
  
 CONTACT SORTING.............: .0000E+00     0.00 % 
 CONTACT FORCES..............: .3125E-01     0.27 % 
 ELEMENT FORCES..............: .4906E+01    42.66 % 
 KINEMATIC COND..............: .8594E+00     7.47 % 
 INTEGRATION.................: .6250E+00     5.43 % 
 ASSEMBLING..................: .5625E+00     4.89 % 
 OTHERS (including I/O)......: .4516E+01    39.27 % 
 TOTAL.......................: .1150E+02   100.00 % 
  
  
                           ** ELAPSED TIME **
  
  
                        ** SUMMARY **
  
 #PROC  ELEMENT   KINCOND   INTEG     IO        T0        ASM       RESOL    
   1   .2513E+01 .3380E+00 .3040E+00 .5298E+00 .1024E+01 .2525E+00 .5775E+01
  
                   ** MEMORY USAGE STATISTICS **
  
 TOTAL MEMORY USED .........................:       84 MB
 MAXIMUM MEMORY PER PROCESSOR...............:       84 MB
 MINIMUM MEMORY PER PROCESSOR...............:       84 MB
 AVERAGE MEMORY PER PROCESSOR...............:       84 MB
  
                   ** DISK USAGE STATISTICS **
  
 TOTAL DISK SPACE USED .....................:         15 MB
 ANIMATION/H3D/TH/OUTP SIZE ................:          0 MB
 RESTART FILE SIZE .........................:         15 MB
  
                   ** COMPUTE TIME INFORMATION **
                        ** CURRENT ENGINE **
  
 EXECUTION STARTED .........................:      2026/10/09  11:28:37
 EXECUTION COMPLETED .......................:      2026/10/09  11:28:43
  
 ELAPSED TIME     =          5.85 s
                          0:00:05



     NORMAL TERMINATION      



     TOTAL NUMBER OF CYCLES  :   40001

  
                   ** COMPUTE RUNTIME INFORMATION SUMMARY **
  
        STARTER RUNTIME =          3.49s (00:00:03)
 # 001   ENGINE RUNTIME =          5.85s (00:00:05)
 ------------------------------ 
 STARTER+ENGINE RUNTIME =          9.34s (00:00:09)
  
