************************************************************************
**                                                                    **
**                                                                    **
**                         OpenRadioss Engine                         **
**                                                                    **
**            Non-linear Finite Element Analysis Software             **
**                                                                    **
**                                                                    **
**                                                                    **
**                  Windows 64 bits, Intel compiler                   **
**                      Double Precision Version                      **
**                                                                    **
**                                                                    **
**                                                                    **
************************************************************************
** OpenRadioss Software                                               **
** COPYRIGHT (C) 2026 Siemens                                         **
** Licensed under GNU Affero General Public License.                  **
** See License file.                                                  **
************************************************************************
 
 ROOT: A23_w1_CONNECTED_EXTENSION_N4  RESTART: 0001
 NUMBER OF HMPP PROCESSES     1
 10/10/2026
 NC=       0 T= 0.0000E+00 DT= 1.5241E-05 ERR=  0.0% DM/M= 0.0000E+00
     ANIMATION FILE: A23_w1_CONNECTED_EXTENSION_N4A001 WRITTEN
 NC=     100 T= 1.5241E-03 DT= 1.5241E-05 ERR=  0.0% DM/M= 0.0000E+00
 ELAPSED TIME=          0.10 s  REMAINING TIME=         63.85 s
 NC=     200 T= 3.0481E-03 DT= 1.5241E-05 ERR=  0.0% DM/M= 0.0000E+00
 ELAPSED TIME=          0.12 s  REMAINING TIME=         38.05 s
 NC=     300 T= 4.5722E-03 DT= 1.5241E-05 ERR=  0.0% DM/M= 0.0000E+00
 ELAPSED TIME=          0.14 s  REMAINING TIME=         29.43 s
 NC=     400 T= 6.0963E-03 DT= 1.5241E-05 ERR= -0.0% DM/M= 0.0000E+00
 ELAPSED TIME=          0.15 s  REMAINING TIME=         25.10 s
 NC=     500 T= 7.6203E-03 DT= 1.5241E-05 ERR=  0.0% DM/M= 0.0000E+00
 ELAPSED TIME=          0.17 s  REMAINING TIME=         22.48 s
 NC=     600 T= 9.1444E-03 DT= 1.5241E-05 ERR=  0.0% DM/M= 0.0000E+00
 ELAPSED TIME=          0.19 s  REMAINING TIME=         20.74 s
 NC=     700 T= 1.0668E-02 DT= 1.5241E-05 ERR= -0.0% DM/M= 0.0000E+00
 ELAPSED TIME=          0.21 s  REMAINING TIME=         19.48 s
 NC=     800 T= 1.2193E-02 DT= 1.5241E-05 ERR= -0.0% DM/M= 0.0000E+00
 ELAPSED TIME=          0.23 s  REMAINING TIME=         18.54 s
 NC=     900 T= 1.3717E-02 DT= 1.5241E-05 ERR= -0.0% DM/M= 0.0000E+00
 ELAPSED TIME=          0.25 s  REMAINING TIME=         17.80 s
 NC=    1000 T= 1.5241E-02 DT= 1.5241E-05 ERR= -0.0% DM/M= 0.0000E+00
 ELAPSED TIME=          0.27 s  REMAINING TIME=         17.21 s
 NC=    1100 T= 1.6765E-02 DT= 1.5241E-05 ERR= -0.0% DM/M= 0.0000E+00
 ELAPSED TIME=          0.29 s  REMAINING TIME=         16.72 s
 NC=    1200 T= 1.8289E-02 DT= 1.5241E-05 ERR= -0.0% DM/M= 0.0000E+00
 ELAPSED TIME=          0.30 s  REMAINING TIME=         16.31 s
 NC=    1300 T= 1.9813E-02 DT= 1.5241E-05 ERR= -0.0% DM/M= 0.0000E+00
 ELAPSED TIME=          0.32 s  REMAINING TIME=         15.96 s
 NC=    1400 T= 2.1337E-02 DT= 1.5241E-05 ERR= -0.0% DM/M= 0.0000E+00
 ELAPSED TIME=          0.34 s  REMAINING TIME=         15.66 s
 NC=    1500 T= 2.2861E-02 DT= 1.5241E-05 ERR= -0.0% DM/M= 0.0000E+00
 ELAPSED TIME=          0.36 s  REMAINING TIME=         15.39 s
 NC=    1600 T= 2.4385E-02 DT= 1.5241E-05 ERR= -0.0% DM/M= 0.0000E+00
 ELAPSED TIME=          0.38 s  REMAINING TIME=         15.15 s
     ANIMATION FILE: A23_w1_CONNECTED_EXTENSION_N4A002 WRITTEN
 NC=    1700 T= 2.5909E-02 DT= 1.5241E-05 ERR= -0.0% DM/M= 0.0000E+00
 ELAPSED TIME=          0.40 s  REMAINING TIME=         14.98 s
 NC=    1800 T= 2.7433E-02 DT= 1.5241E-05 ERR= -0.0% DM/M= 0.0000E+00
 ELAPSED TIME=          0.42 s  REMAINING TIME=         14.79 s
 NC=    1900 T= 2.8957E-02 DT= 1.5241E-05 ERR= -0.0% DM/M= 0.0000E+00
 ELAPSED TIME=          0.44 s  REMAINING TIME=         14.62 s
 NC=    2000 T= 3.0481E-02 DT= 1.5241E-05 ERR= -0.0% DM/M= 0.0000E+00
 ELAPSED TIME=          0.45 s  REMAINING TIME=         14.46 s
 NC=    2100 T= 3.2005E-02 DT= 1.5241E-05 ERR= -0.0% DM/M= 0.0000E+00
 ELAPSED TIME=          0.47 s  REMAINING TIME=         14.32 s
 NC=    2200 T= 3.3529E-02 DT= 1.5241E-05 ERR= -0.0% DM/M= 0.0000E+00
 ELAPSED TIME=          0.49 s  REMAINING TIME=         14.19 s
 NC=    2300 T= 3.5054E-02 DT= 1.5241E-05 ERR= -0.0% DM/M= 0.0000E+00
 ELAPSED TIME=          0.51 s  REMAINING TIME=         14.07 s
 NC=    2400 T= 3.6578E-02 DT= 1.5241E-05 ERR= -0.0% DM/M= 0.0000E+00
 ELAPSED TIME=          0.53 s  REMAINING TIME=         13.95 s
 NC=    2500 T= 3.8102E-02 DT= 1.5241E-05 ERR= -0.0% DM/M= 0.0000E+00
 ELAPSED TIME=          0.55 s  REMAINING TIME=         13.84 s
 NC=    2600 T= 3.9626E-02 DT= 1.5241E-05 ERR= -0.0% DM/M= 0.0000E+00
 ELAPSED TIME=          0.57 s  REMAINING TIME=         13.74 s
 NC=    2700 T= 4.1150E-02 DT= 1.5241E-05 ERR= -0.0% DM/M= 0.0000E+00
 ELAPSED TIME=          0.59 s  REMAINING TIME=         13.65 s
 NC=    2800 T= 4.2674E-02 DT= 1.5241E-05 ERR= -0.0% DM/M= 0.0000E+00
 ELAPSED TIME=          0.60 s  REMAINING TIME=         13.56 s
 NC=    2900 T= 4.4198E-02 DT= 1.5241E-05 ERR= -0.0% DM/M= 0.0000E+00
 ELAPSED TIME=          0.62 s  REMAINING TIME=         13.47 s
 NC=    3000 T= 4.5722E-02 DT= 1.5241E-05 ERR= -0.0% DM/M= 0.0000E+00
 ELAPSED TIME=          0.64 s  REMAINING TIME=         13.39 s
 NC=    3100 T= 4.7246E-02 DT= 1.5241E-05 ERR= -0.0% DM/M= 0.0000E+00
 ELAPSED TIME=          0.66 s  REMAINING TIME=         13.32 s
 NC=    3200 T= 4.8770E-02 DT= 1.5241E-05 ERR= -0.0% DM/M= 0.0000E+00
 ELAPSED TIME=          0.68 s  REMAINING TIME=         13.24 s
     ANIMATION FILE: A23_w1_CONNECTED_EXTENSION_N4A003 WRITTEN
 NC=    3300 T= 5.0294E-02 DT= 1.5241E-05 ERR= -0.0% DM/M= 0.0000E+00
 ELAPSED TIME=          0.70 s  REMAINING TIME=         13.22 s
 NC=    3400 T= 5.1818E-02 DT= 1.5241E-05 ERR= -0.0% DM/M= 0.0000E+00
 ELAPSED TIME=          0.72 s  REMAINING TIME=         13.16 s
 NC=    3500 T= 5.3342E-02 DT= 1.5241E-05 ERR= -0.0% DM/M= 0.0000E+00
 ELAPSED TIME=          0.74 s  REMAINING TIME=         13.09 s
 NC=    3600 T= 5.4866E-02 DT= 1.5241E-05 ERR= -0.0% DM/M= 0.0000E+00
 ELAPSED TIME=          0.76 s  REMAINING TIME=         13.03 s
 NC=    3700 T= 5.6390E-02 DT= 1.5241E-05 ERR= -0.0% DM/M= 0.0000E+00
 ELAPSED TIME=          0.78 s  REMAINING TIME=         12.97 s
 NC=    3800 T= 5.7914E-02 DT= 1.5241E-05 ERR= -0.0% DM/M= 0.0000E+00
 ELAPSED TIME=          0.79 s  REMAINING TIME=         12.91 s
 NC=    3900 T= 5.9439E-02 DT= 1.5241E-05 ERR= -0.0% DM/M= 0.0000E+00
 ELAPSED TIME=          0.81 s  REMAINING TIME=         12.86 s
 NC=    4000 T= 6.0963E-02 DT= 1.5241E-05 ERR= -0.0% DM/M= 0.0000E+00
 ELAPSED TIME=          0.83 s  REMAINING TIME=         12.80 s
 NC=    4100 T= 6.2487E-02 DT= 1.5241E-05 ERR= -0.0% DM/M= 0.0000E+00
 ELAPSED TIME=          0.85 s  REMAINING TIME=         12.75 s
 NC=    4200 T= 6.4011E-02 DT= 1.5241E-05 ERR= -0.0% DM/M= 0.0000E+00
 ELAPSED TIME=          0.87 s  REMAINING TIME=         12.70 s
 NC=    4300 T= 6.5535E-02 DT= 1.5241E-05 ERR= -0.0% DM/M= 0.0000E+00
 ELAPSED TIME=          0.89 s  REMAINING TIME=         12.65 s
 NC=    4400 T= 6.7059E-02 DT= 1.5241E-05 ERR= -0.0% DM/M= 0.0000E+00
 ELAPSED TIME=          0.91 s  REMAINING TIME=         12.60 s
 NC=    4500 T= 6.8583E-02 DT= 1.5241E-05 ERR= -0.0% DM/M= 0.0000E+00
 ELAPSED TIME=          0.92 s  REMAINING TIME=         12.55 s
 NC=    4600 T= 7.0107E-02 DT= 1.5241E-05 ERR= -0.0% DM/M= 0.0000E+00
 ELAPSED TIME=          0.94 s  REMAINING TIME=         12.51 s
 NC=    4700 T= 7.1631E-02 DT= 1.5241E-05 ERR= -0.0% DM/M= 0.0000E+00
 ELAPSED TIME=          0.96 s  REMAINING TIME=         12.46 s
 NC=    4800 T= 7.3155E-02 DT= 1.5241E-05 ERR= -0.0% DM/M= 0.0000E+00
 ELAPSED TIME=          0.98 s  REMAINING TIME=         12.42 s
 NC=    4900 T= 7.4679E-02 DT= 1.5241E-05 ERR= -0.0% DM/M= 0.0000E+00
 ELAPSED TIME=          1.00 s  REMAINING TIME=         12.38 s
     ANIMATION FILE: A23_w1_CONNECTED_EXTENSION_N4A004 WRITTEN
 NC=    5000 T= 7.6203E-02 DT= 1.5241E-05 ERR= -0.0% DM/M= 0.0000E+00
 ELAPSED TIME=          1.02 s  REMAINING TIME=         12.35 s
 NC=    5100 T= 7.7727E-02 DT= 1.5241E-05 ERR= -0.0% DM/M= 0.0000E+00
 ELAPSED TIME=          1.04 s  REMAINING TIME=         12.31 s
 NC=    5200 T= 7.9251E-02 DT= 1.5241E-05 ERR= -0.0% DM/M= 0.0000E+00
 ELAPSED TIME=          1.06 s  REMAINING TIME=         12.27 s
 NC=    5300 T= 8.0775E-02 DT= 1.5241E-05 ERR= -0.0% DM/M= 0.0000E+00
 ELAPSED TIME=          1.07 s  REMAINING TIME=         12.23 s
 NC=    5400 T= 8.2299E-02 DT= 1.5241E-05 ERR= -0.0% DM/M= 0.0000E+00
 ELAPSED TIME=          1.09 s  REMAINING TIME=         12.19 s
 NC=    5500 T= 8.3823E-02 DT= 1.5241E-05 ERR= -0.0% DM/M= 0.0000E+00
 ELAPSED TIME=          1.11 s  REMAINING TIME=         12.15 s
 NC=    5600 T= 8.5348E-02 DT= 1.5241E-05 ERR= -0.0% DM/M= 0.0000E+00
 ELAPSED TIME=          1.13 s  REMAINING TIME=         12.12 s
 NC=    5700 T= 8.6872E-02 DT= 1.5241E-05 ERR= -0.0% DM/M= 0.0000E+00
 ELAPSED TIME=          1.15 s  REMAINING TIME=         12.08 s
 NC=    5800 T= 8.8396E-02 DT= 1.5241E-05 ERR= -0.0% DM/M= 0.0000E+00
 ELAPSED TIME=          1.17 s  REMAINING TIME=         12.05 s
 NC=    5900 T= 8.9920E-02 DT= 1.5241E-05 ERR= -0.0% DM/M= 0.0000E+00
 ELAPSED TIME=          1.19 s  REMAINING TIME=         12.01 s
 NC=    6000 T= 9.1444E-02 DT= 1.5241E-05 ERR= -0.0% DM/M= 0.0000E+00
 ELAPSED TIME=          1.21 s  REMAINING TIME=         11.98 s
 NC=    6100 T= 9.2968E-02 DT= 1.5240E-05 ERR= -0.0% DM/M= 0.0000E+00
 ELAPSED TIME=          1.22 s  REMAINING TIME=         11.94 s
 NC=    6200 T= 9.4492E-02 DT= 1.5240E-05 ERR= -0.0% DM/M= 0.0000E+00
 ELAPSED TIME=          1.24 s  REMAINING TIME=         11.91 s
 NC=    6300 T= 9.6016E-02 DT= 1.5240E-05 ERR= -0.0% DM/M= 0.0000E+00
 ELAPSED TIME=          1.26 s  REMAINING TIME=         11.88 s
 NC=    6400 T= 9.7540E-02 DT= 1.5240E-05 ERR= -0.0% DM/M= 0.0000E+00
 ELAPSED TIME=          1.28 s  REMAINING TIME=         11.85 s
 NC=    6500 T= 9.9064E-02 DT= 1.5240E-05 ERR= -0.0% DM/M= 0.0000E+00
 ELAPSED TIME=          1.30 s  REMAINING TIME=         11.81 s
     ANIMATION FILE: A23_w1_CONNECTED_EXTENSION_N4A005 WRITTEN
 NC=    6600 T= 1.0059E-01 DT= 1.5240E-05 ERR= -0.0% DM/M= 0.0000E+00
 ELAPSED TIME=          1.32 s  REMAINING TIME=         11.81 s
 NC=    6700 T= 1.0211E-01 DT= 1.5240E-05 ERR= -0.0% DM/M= 0.0000E+00
 ELAPSED TIME=          1.34 s  REMAINING TIME=         11.77 s
 NC=    6800 T= 1.0364E-01 DT= 1.5240E-05 ERR= -0.0% DM/M= 0.0000E+00
 ELAPSED TIME=          1.36 s  REMAINING TIME=         11.74 s
 NC=    6900 T= 1.0516E-01 DT= 1.5240E-05 ERR= -0.0% DM/M= 0.0000E+00
 ELAPSED TIME=          1.38 s  REMAINING TIME=         11.71 s
 NC=    7000 T= 1.0668E-01 DT= 1.5240E-05 ERR= -0.0% DM/M= 0.0000E+00
 ELAPSED TIME=          1.40 s  REMAINING TIME=         11.68 s
 NC=    7100 T= 1.0821E-01 DT= 1.5240E-05 ERR= -0.0% DM/M= 0.0000E+00
 ELAPSED TIME=          1.41 s  REMAINING TIME=         11.65 s
 NC=    7200 T= 1.0973E-01 DT= 1.5240E-05 ERR= -0.0% DM/M= 0.0000E+00
 ELAPSED TIME=          1.43 s  REMAINING TIME=         11.62 s
 NC=    7300 T= 1.1126E-01 DT= 1.5240E-05 ERR= -0.0% DM/M= 0.0000E+00
 ELAPSED TIME=          1.45 s  REMAINING TIME=         11.59 s
 NC=    7400 T= 1.1278E-01 DT= 1.5240E-05 ERR= -0.0% DM/M= 0.0000E+00
 ELAPSED TIME=          1.47 s  REMAINING TIME=         11.56 s
 NC=    7500 T= 1.1430E-01 DT= 1.5240E-05 ERR= -0.0% DM/M= 0.0000E+00
 ELAPSED TIME=          1.49 s  REMAINING TIME=         11.53 s
 NC=    7600 T= 1.1583E-01 DT= 1.5240E-05 ERR= -0.0% DM/M= 0.0000E+00
 ELAPSED TIME=          1.51 s  REMAINING TIME=         11.51 s
 NC=    7700 T= 1.1735E-01 DT= 1.5240E-05 ERR= -0.0% DM/M= 0.0000E+00
 ELAPSED TIME=          1.53 s  REMAINING TIME=         11.48 s
 NC=    7800 T= 1.1888E-01 DT= 1.5240E-05 ERR= -0.0% DM/M= 0.0000E+00
 ELAPSED TIME=          1.54 s  REMAINING TIME=         11.45 s
 NC=    7900 T= 1.2040E-01 DT= 1.5240E-05 ERR= -0.0% DM/M= 0.0000E+00
 ELAPSED TIME=          1.56 s  REMAINING TIME=         11.42 s
 NC=    8000 T= 1.2192E-01 DT= 1.5240E-05 ERR= -0.0% DM/M= 0.0000E+00
 ELAPSED TIME=          1.58 s  REMAINING TIME=         11.39 s
 NC=    8100 T= 1.2345E-01 DT= 1.5240E-05 ERR= -0.0% DM/M= 0.0000E+00
 ELAPSED TIME=          1.60 s  REMAINING TIME=         11.37 s
 NC=    8200 T= 1.2497E-01 DT= 1.5240E-05 ERR= -0.0% DM/M= 0.0000E+00
 ELAPSED TIME=          1.62 s  REMAINING TIME=         11.34 s
     ANIMATION FILE: A23_w1_CONNECTED_EXTENSION_N4A006 WRITTEN
 NC=    8300 T= 1.2650E-01 DT= 1.5240E-05 ERR= -0.0% DM/M= 0.0000E+00
 ELAPSED TIME=          1.64 s  REMAINING TIME=         11.32 s
 NC=    8400 T= 1.2802E-01 DT= 1.5240E-05 ERR= -0.0% DM/M= 0.0000E+00
 ELAPSED TIME=          1.66 s  REMAINING TIME=         11.29 s
 NC=    8500 T= 1.2954E-01 DT= 1.5240E-05 ERR= -0.0% DM/M= 0.0000E+00
 ELAPSED TIME=          1.68 s  REMAINING TIME=         11.27 s
 NC=    8600 T= 1.3107E-01 DT= 1.5240E-05 ERR= -0.0% DM/M= 0.0000E+00
 ELAPSED TIME=          1.70 s  REMAINING TIME=         11.24 s
 NC=    8700 T= 1.3259E-01 DT= 1.5240E-05 ERR= -0.0% DM/M= 0.0000E+00
 ELAPSED TIME=          1.71 s  REMAINING TIME=         11.21 s
 NC=    8800 T= 1.3412E-01 DT= 1.5240E-05 ERR= -0.0% DM/M= 0.0000E+00
 ELAPSED TIME=          1.73 s  REMAINING TIME=         11.19 s
 NC=    8900 T= 1.3564E-01 DT= 1.5240E-05 ERR= -0.0% DM/M= 0.0000E+00
 ELAPSED TIME=          1.75 s  REMAINING TIME=         11.16 s
 NC=    9000 T= 1.3716E-01 DT= 1.5240E-05 ERR= -0.0% DM/M= 0.0000E+00
 ELAPSED TIME=          1.77 s  REMAINING TIME=         11.14 s
 NC=    9100 T= 1.3869E-01 DT= 1.5240E-05 ERR= -0.0% DM/M= 0.0000E+00
 ELAPSED TIME=          1.79 s  REMAINING TIME=         11.11 s
 NC=    9200 T= 1.4021E-01 DT= 1.5240E-05 ERR= -0.0% DM/M= 0.0000E+00
 ELAPSED TIME=          1.81 s  REMAINING TIME=         11.08 s
 NC=    9300 T= 1.4174E-01 DT= 1.5240E-05 ERR= -0.0% DM/M= 0.0000E+00
 ELAPSED TIME=          1.83 s  REMAINING TIME=         11.06 s
 NC=    9400 T= 1.4326E-01 DT= 1.5240E-05 ERR= -0.0% DM/M= 0.0000E+00
 ELAPSED TIME=          1.85 s  REMAINING TIME=         11.03 s
 NC=    9500 T= 1.4479E-01 DT= 1.5240E-05 ERR= -0.0% DM/M= 0.0000E+00
 ELAPSED TIME=          1.86 s  REMAINING TIME=         11.01 s
 NC=    9600 T= 1.4631E-01 DT= 1.5240E-05 ERR= -0.0% DM/M= 0.0000E+00
 ELAPSED TIME=          1.88 s  REMAINING TIME=         10.98 s
 NC=    9700 T= 1.4783E-01 DT= 1.5240E-05 ERR= -0.0% DM/M= 0.0000E+00
 ELAPSED TIME=          1.90 s  REMAINING TIME=         10.96 s
 NC=    9800 T= 1.4936E-01 DT= 1.5240E-05 ERR= -0.0% DM/M= 0.0000E+00
 ELAPSED TIME=          1.92 s  REMAINING TIME=         10.93 s
     ANIMATION FILE: A23_w1_CONNECTED_EXTENSION_N4A007 WRITTEN
 NC=    9900 T= 1.5088E-01 DT= 1.5240E-05 ERR= -0.0% DM/M= 0.0000E+00
 ELAPSED TIME=          1.94 s  REMAINING TIME=         10.92 s
 NC=   10000 T= 1.5241E-01 DT= 1.5240E-05 ERR= -0.0% DM/M= 0.0000E+00
 ELAPSED TIME=          1.96 s  REMAINING TIME=         10.90 s
 NC=   10100 T= 1.5393E-01 DT= 1.5240E-05 ERR= -0.0% DM/M= 0.0000E+00
 ELAPSED TIME=          1.98 s  REMAINING TIME=         10.87 s
 NC=   10200 T= 1.5545E-01 DT= 1.5240E-05 ERR= -0.0% DM/M= 0.0000E+00
 ELAPSED TIME=          2.00 s  REMAINING TIME=         10.85 s
 NC=   10300 T= 1.5698E-01 DT= 1.5240E-05 ERR= -0.0% DM/M= 0.0000E+00
 ELAPSED TIME=          2.02 s  REMAINING TIME=         10.83 s
 NC=   10400 T= 1.5850E-01 DT= 1.5240E-05 ERR= -0.0% DM/M= 0.0000E+00
 ELAPSED TIME=          2.03 s  REMAINING TIME=         10.80 s
 NC=   10500 T= 1.6003E-01 DT= 1.5240E-05 ERR= -0.0% DM/M= 0.0000E+00
 ELAPSED TIME=          2.05 s  REMAINING TIME=         10.78 s
 NC=   10600 T= 1.6155E-01 DT= 1.5240E-05 ERR= -0.0% DM/M= 0.0000E+00
 ELAPSED TIME=          2.07 s  REMAINING TIME=         10.76 s
 NC=   10700 T= 1.6307E-01 DT= 1.5240E-05 ERR= -0.0% DM/M= 0.0000E+00
 ELAPSED TIME=          2.09 s  REMAINING TIME=         10.74 s
 NC=   10800 T= 1.6460E-01 DT= 1.5240E-05 ERR= -0.0% DM/M= 0.0000E+00
 ELAPSED TIME=          2.11 s  REMAINING TIME=         10.71 s
 NC=   10900 T= 1.6612E-01 DT= 1.5240E-05 ERR= -0.0% DM/M= 0.0000E+00
 ELAPSED TIME=          2.13 s  REMAINING TIME=         10.69 s
 NC=   11000 T= 1.6765E-01 DT= 1.5240E-05 ERR= -0.0% DM/M= 0.0000E+00
 ELAPSED TIME=          2.15 s  REMAINING TIME=         10.67 s
 NC=   11100 T= 1.6917E-01 DT= 1.5240E-05 ERR= -0.0% DM/M= 0.0000E+00
 ELAPSED TIME=          2.17 s  REMAINING TIME=         10.64 s
 NC=   11200 T= 1.7069E-01 DT= 1.5240E-05 ERR= -0.0% DM/M= 0.0000E+00
 ELAPSED TIME=          2.19 s  REMAINING TIME=         10.63 s
 NC=   11300 T= 1.7222E-01 DT= 1.5240E-05 ERR= -0.0% DM/M= 0.0000E+00
 ELAPSED TIME=          2.21 s  REMAINING TIME=         10.61 s
 NC=   11400 T= 1.7374E-01 DT= 1.5240E-05 ERR= -0.0% DM/M= 0.0000E+00
 ELAPSED TIME=          2.23 s  REMAINING TIME=         10.59 s
     ANIMATION FILE: A23_w1_CONNECTED_EXTENSION_N4A008 WRITTEN
 NC=   11500 T= 1.7527E-01 DT= 1.5240E-05 ERR= -0.0% DM/M= 0.0000E+00
 ELAPSED TIME=          2.25 s  REMAINING TIME=         10.57 s
 NC=   11600 T= 1.7679E-01 DT= 1.5240E-05 ERR= -0.0% DM/M= 0.0000E+00
 ELAPSED TIME=          2.27 s  REMAINING TIME=         10.55 s
 NC=   11700 T= 1.7831E-01 DT= 1.5240E-05 ERR= -0.0% DM/M= 0.0000E+00
 ELAPSED TIME=          2.28 s  REMAINING TIME=         10.53 s
 NC=   11800 T= 1.7984E-01 DT= 1.5240E-05 ERR= -0.0% DM/M= 0.0000E+00
 ELAPSED TIME=          2.30 s  REMAINING TIME=         10.50 s
 NC=   11900 T= 1.8136E-01 DT= 1.5240E-05 ERR= -0.0% DM/M= 0.0000E+00
 ELAPSED TIME=          2.32 s  REMAINING TIME=         10.48 s
 NC=   12000 T= 1.8289E-01 DT= 1.5240E-05 ERR= -0.0% DM/M= 0.0000E+00
 ELAPSED TIME=          2.34 s  REMAINING TIME=         10.46 s
 NC=   12100 T= 1.8441E-01 DT= 1.5240E-05 ERR= -0.0% DM/M= 0.0000E+00
 ELAPSED TIME=          2.36 s  REMAINING TIME=         10.43 s
 NC=   12200 T= 1.8593E-01 DT= 1.5240E-05 ERR= -0.0% DM/M= 0.0000E+00
 ELAPSED TIME=          2.38 s  REMAINING TIME=         10.41 s
 NC=   12300 T= 1.8746E-01 DT= 1.5240E-05 ERR= -0.0% DM/M= 0.0000E+00
 ELAPSED TIME=          2.40 s  REMAINING TIME=         10.39 s
 NC=   12400 T= 1.8898E-01 DT= 1.5240E-05 ERR= -0.0% DM/M= 0.0000E+00
 ELAPSED TIME=          2.42 s  REMAINING TIME=         10.37 s
 NC=   12500 T= 1.9051E-01 DT= 1.5240E-05 ERR= -0.0% DM/M= 0.0000E+00
 ELAPSED TIME=          2.43 s  REMAINING TIME=         10.35 s
 NC=   12600 T= 1.9203E-01 DT= 1.5240E-05 ERR= -0.0% DM/M= 0.0000E+00
 ELAPSED TIME=          2.45 s  REMAINING TIME=         10.32 s
 NC=   12700 T= 1.9355E-01 DT= 1.5240E-05 ERR= -0.0% DM/M= 0.0000E+00
 ELAPSED TIME=          2.47 s  REMAINING TIME=         10.30 s
 NC=   12800 T= 1.9508E-01 DT= 1.5240E-05 ERR= -0.0% DM/M= 0.0000E+00
 ELAPSED TIME=          2.49 s  REMAINING TIME=         10.28 s
 NC=   12900 T= 1.9660E-01 DT= 1.5240E-05 ERR= -0.0% DM/M= 0.0000E+00
 ELAPSED TIME=          2.51 s  REMAINING TIME=         10.26 s
 NC=   13000 T= 1.9813E-01 DT= 1.5240E-05 ERR= -0.0% DM/M= 0.0000E+00
 ELAPSED TIME=          2.53 s  REMAINING TIME=         10.24 s
 NC=   13100 T= 1.9965E-01 DT= 1.5240E-05 ERR= -0.0% DM/M= 0.0000E+00
 ELAPSED TIME=          2.55 s  REMAINING TIME=         10.21 s
     ANIMATION FILE: A23_w1_CONNECTED_EXTENSION_N4A009 WRITTEN
 NC=   13200 T= 2.0117E-01 DT= 1.5240E-05 ERR= -0.0% DM/M= 0.0000E+00
 ELAPSED TIME=          2.57 s  REMAINING TIME=         10.20 s
 NC=   13300 T= 2.0270E-01 DT= 1.5240E-05 ERR= -0.0% DM/M= 0.0000E+00
 ELAPSED TIME=          2.59 s  REMAINING TIME=         10.17 s
 NC=   13400 T= 2.0422E-01 DT= 1.5240E-05 ERR= -0.0% DM/M= 0.0000E+00
 ELAPSED TIME=          2.61 s  REMAINING TIME=         10.15 s
 NC=   13500 T= 2.0575E-01 DT= 1.5240E-05 ERR= -0.0% DM/M= 0.0000E+00
 ELAPSED TIME=          2.62 s  REMAINING TIME=         10.13 s
 NC=   13600 T= 2.0727E-01 DT= 1.5240E-05 ERR= -0.0% DM/M= 0.0000E+00
 ELAPSED TIME=          2.64 s  REMAINING TIME=         10.11 s
 NC=   13700 T= 2.0879E-01 DT= 1.5240E-05 ERR= -0.0% DM/M= 0.0000E+00
 ELAPSED TIME=          2.66 s  REMAINING TIME=         10.08 s
 NC=   13800 T= 2.1032E-01 DT= 1.5240E-05 ERR= -0.0% DM/M= 0.0000E+00
 ELAPSED TIME=          2.68 s  REMAINING TIME=         10.06 s
 NC=   13900 T= 2.1184E-01 DT= 1.5240E-05 ERR= -0.0% DM/M= 0.0000E+00
 ELAPSED TIME=          2.70 s  REMAINING TIME=         10.04 s
 NC=   14000 T= 2.1337E-01 DT= 1.5240E-05 ERR= -0.0% DM/M= 0.0000E+00
 ELAPSED TIME=          2.72 s  REMAINING TIME=         10.02 s
 NC=   14100 T= 2.1489E-01 DT= 1.5240E-05 ERR= -0.0% DM/M= 0.0000E+00
 ELAPSED TIME=          2.74 s  REMAINING TIME=         10.00 s
 NC=   14200 T= 2.1641E-01 DT= 1.5240E-05 ERR= -0.0% DM/M= 0.0000E+00
 ELAPSED TIME=          2.75 s  REMAINING TIME=          9.97 s
 NC=   14300 T= 2.1794E-01 DT= 1.5240E-05 ERR= -0.0% DM/M= 0.0000E+00
 ELAPSED TIME=          2.77 s  REMAINING TIME=          9.95 s
 NC=   14400 T= 2.1946E-01 DT= 1.5240E-05 ERR= -0.0% DM/M= 0.0000E+00
 ELAPSED TIME=          2.79 s  REMAINING TIME=          9.93 s
 NC=   14500 T= 2.2099E-01 DT= 1.5240E-05 ERR= -0.0% DM/M= 0.0000E+00
 ELAPSED TIME=          2.81 s  REMAINING TIME=          9.91 s
 NC=   14600 T= 2.2251E-01 DT= 1.5240E-05 ERR= -0.0% DM/M= 0.0000E+00
 ELAPSED TIME=          2.83 s  REMAINING TIME=          9.89 s
 NC=   14700 T= 2.2403E-01 DT= 1.5240E-05 ERR= -0.0% DM/M= 0.0000E+00
 ELAPSED TIME=          2.85 s  REMAINING TIME=          9.86 s
     ANIMATION FILE: A23_w1_CONNECTED_EXTENSION_N4A010 WRITTEN
 NC=   14800 T= 2.2556E-01 DT= 1.5240E-05 ERR= -0.0% DM/M= 0.0000E+00
 ELAPSED TIME=          2.87 s  REMAINING TIME=          9.85 s
 NC=   14900 T= 2.2708E-01 DT= 1.5240E-05 ERR= -0.0% DM/M= 0.0000E+00
 ELAPSED TIME=          2.89 s  REMAINING TIME=          9.83 s
 NC=   15000 T= 2.2861E-01 DT= 1.5240E-05 ERR= -0.0% DM/M= 0.0000E+00
 ELAPSED TIME=          2.91 s  REMAINING TIME=          9.81 s
 NC=   15100 T= 2.3013E-01 DT= 1.5240E-05 ERR= -0.0% DM/M= 0.0000E+00
 ELAPSED TIME=          2.93 s  REMAINING TIME=          9.79 s
 NC=   15200 T= 2.3165E-01 DT= 1.5240E-05 ERR= -0.0% DM/M= 0.0000E+00
 ELAPSED TIME=          2.94 s  REMAINING TIME=          9.77 s
 NC=   15300 T= 2.3318E-01 DT= 1.5240E-05 ERR= -0.0% DM/M= 0.0000E+00
 ELAPSED TIME=          2.96 s  REMAINING TIME=          9.74 s
 NC=   15400 T= 2.3470E-01 DT= 1.5240E-05 ERR= -0.0% DM/M= 0.0000E+00
 ELAPSED TIME=          2.98 s  REMAINING TIME=          9.72 s
 NC=   15500 T= 2.3622E-01 DT= 1.5240E-05 ERR= -0.0% DM/M= 0.0000E+00
 ELAPSED TIME=          3.00 s  REMAINING TIME=          9.70 s
 NC=   15600 T= 2.3775E-01 DT= 1.5240E-05 ERR= -0.0% DM/M= 0.0000E+00
 ELAPSED TIME=          3.02 s  REMAINING TIME=          9.68 s
 NC=   15700 T= 2.3927E-01 DT= 1.5240E-05 ERR= -0.0% DM/M= 0.0000E+00
 ELAPSED TIME=          3.04 s  REMAINING TIME=          9.66 s
 NC=   15800 T= 2.4080E-01 DT= 1.5240E-05 ERR= -0.0% DM/M= 0.0000E+00
 ELAPSED TIME=          3.06 s  REMAINING TIME=          9.64 s
 NC=   15900 T= 2.4232E-01 DT= 1.5240E-05 ERR= -0.0% DM/M= 0.0000E+00
 ELAPSED TIME=          3.08 s  REMAINING TIME=          9.62 s
 NC=   16000 T= 2.4384E-01 DT= 1.5240E-05 ERR= -0.0% DM/M= 0.0000E+00
 ELAPSED TIME=          3.10 s  REMAINING TIME=          9.60 s
 NC=   16100 T= 2.4537E-01 DT= 1.5240E-05 ERR= -0.0% DM/M= 0.0000E+00
 ELAPSED TIME=          3.11 s  REMAINING TIME=          9.58 s
 NC=   16200 T= 2.4689E-01 DT= 1.5240E-05 ERR= -0.0% DM/M= 0.0000E+00
 ELAPSED TIME=          3.13 s  REMAINING TIME=          9.56 s
 NC=   16300 T= 2.4842E-01 DT= 1.5240E-05 ERR= -0.0% DM/M= 0.0000E+00
 ELAPSED TIME=          3.15 s  REMAINING TIME=          9.54 s
 NC=   16400 T= 2.4994E-01 DT= 1.5240E-05 ERR= -0.0% DM/M= 0.0000E+00
 ELAPSED TIME=          3.17 s  REMAINING TIME=          9.52 s
     ANIMATION FILE: A23_w1_CONNECTED_EXTENSION_N4A011 WRITTEN
 NC=   16500 T= 2.5146E-01 DT= 1.5240E-05 ERR= -0.0% DM/M= 0.0000E+00
 ELAPSED TIME=          3.19 s  REMAINING TIME=          9.50 s
 NC=   16600 T= 2.5299E-01 DT= 1.5239E-05 ERR= -0.0% DM/M= 0.0000E+00
 ELAPSED TIME=          3.21 s  REMAINING TIME=          9.49 s
 NC=   16700 T= 2.5451E-01 DT= 1.5239E-05 ERR= -0.0% DM/M= 0.0000E+00
 ELAPSED TIME=          3.23 s  REMAINING TIME=          9.47 s
 NC=   16800 T= 2.5604E-01 DT= 1.5239E-05 ERR= -0.0% DM/M= 0.0000E+00
 ELAPSED TIME=          3.25 s  REMAINING TIME=          9.45 s
 NC=   16900 T= 2.5756E-01 DT= 1.5239E-05 ERR= -0.0% DM/M= 0.0000E+00
 ELAPSED TIME=          3.27 s  REMAINING TIME=          9.43 s
 NC=   17000 T= 2.5908E-01 DT= 1.5239E-05 ERR= -0.0% DM/M= 0.0000E+00
 ELAPSED TIME=          3.29 s  REMAINING TIME=          9.40 s
 NC=   17100 T= 2.6061E-01 DT= 1.5239E-05 ERR= -0.0% DM/M= 0.0000E+00
 ELAPSED TIME=          3.31 s  REMAINING TIME=          9.38 s
 NC=   17200 T= 2.6213E-01 DT= 1.5239E-05 ERR= -0.0% DM/M= 0.0000E+00
 ELAPSED TIME=          3.33 s  REMAINING TIME=          9.36 s
 NC=   17300 T= 2.6366E-01 DT= 1.5239E-05 ERR= -0.0% DM/M= 0.0000E+00
 ELAPSED TIME=          3.35 s  REMAINING TIME=          9.34 s
 NC=   17400 T= 2.6518E-01 DT= 1.5239E-05 ERR= -0.0% DM/M= 0.0000E+00
 ELAPSED TIME=          3.36 s  REMAINING TIME=          9.32 s
 NC=   17500 T= 2.6670E-01 DT= 1.5239E-05 ERR= -0.0% DM/M= 0.0000E+00
 ELAPSED TIME=          3.38 s  REMAINING TIME=          9.30 s
 NC=   17600 T= 2.6823E-01 DT= 1.5239E-05 ERR= -0.0% DM/M= 0.0000E+00
 ELAPSED TIME=          3.40 s  REMAINING TIME=          9.28 s
 NC=   17700 T= 2.6975E-01 DT= 1.5239E-05 ERR= -0.0% DM/M= 0.0000E+00
 ELAPSED TIME=          3.42 s  REMAINING TIME=          9.26 s
 NC=   17800 T= 2.7128E-01 DT= 1.5239E-05 ERR= -0.0% DM/M= 0.0000E+00
 ELAPSED TIME=          3.44 s  REMAINING TIME=          9.24 s
 NC=   17900 T= 2.7280E-01 DT= 1.5239E-05 ERR= -0.0% DM/M= 0.0000E+00
 ELAPSED TIME=          3.47 s  REMAINING TIME=          9.24 s
 NC=   18000 T= 2.7432E-01 DT= 1.5239E-05 ERR= -0.0% DM/M= 0.0000E+00
 ELAPSED TIME=          3.49 s  REMAINING TIME=          9.24 s
     ANIMATION FILE: A23_w1_CONNECTED_EXTENSION_N4A012 WRITTEN
 NC=   18100 T= 2.7585E-01 DT= 1.5239E-05 ERR= -0.0% DM/M= 0.0000E+00
 ELAPSED TIME=          3.51 s  REMAINING TIME=          9.22 s
 NC=   18200 T= 2.7737E-01 DT= 1.5239E-05 ERR= -0.0% DM/M= 0.0000E+00
 ELAPSED TIME=          3.53 s  REMAINING TIME=          9.20 s
 NC=   18300 T= 2.7890E-01 DT= 1.5239E-05 ERR= -0.0% DM/M= 0.0000E+00
 ELAPSED TIME=          3.55 s  REMAINING TIME=          9.18 s
 NC=   18400 T= 2.8042E-01 DT= 1.5239E-05 ERR= -0.0% DM/M= 0.0000E+00
 ELAPSED TIME=          3.57 s  REMAINING TIME=          9.16 s
 NC=   18500 T= 2.8194E-01 DT= 1.5239E-05 ERR= -0.0% DM/M= 0.0000E+00
 ELAPSED TIME=          3.59 s  REMAINING TIME=          9.14 s
 NC=   18600 T= 2.8347E-01 DT= 1.5239E-05 ERR= -0.0% DM/M= 0.0000E+00
 ELAPSED TIME=          3.61 s  REMAINING TIME=          9.12 s
 NC=   18700 T= 2.8499E-01 DT= 1.5239E-05 ERR= -0.0% DM/M= 0.0000E+00
 ELAPSED TIME=          3.63 s  REMAINING TIME=          9.10 s
 NC=   18800 T= 2.8651E-01 DT= 1.5239E-05 ERR= -0.0% DM/M= 0.0000E+00
 ELAPSED TIME=          3.64 s  REMAINING TIME=          9.08 s
 NC=   18900 T= 2.8804E-01 DT= 1.5239E-05 ERR= -0.0% DM/M= 0.0000E+00
 ELAPSED TIME=          3.66 s  REMAINING TIME=          9.06 s
 NC=   19000 T= 2.8956E-01 DT= 1.5239E-05 ERR= -0.0% DM/M= 0.0000E+00
 ELAPSED TIME=          3.68 s  REMAINING TIME=          9.04 s
 NC=   19100 T= 2.9109E-01 DT= 1.5239E-05 ERR= -0.0% DM/M= 0.0000E+00
 ELAPSED TIME=          3.70 s  REMAINING TIME=          9.01 s
 NC=   19200 T= 2.9261E-01 DT= 1.5239E-05 ERR= -0.0% DM/M= 0.0000E+00
 ELAPSED TIME=          3.72 s  REMAINING TIME=          8.99 s
 NC=   19300 T= 2.9413E-01 DT= 1.5239E-05 ERR= -0.0% DM/M= 0.0000E+00
 ELAPSED TIME=          3.74 s  REMAINING TIME=          8.97 s
 NC=   19400 T= 2.9566E-01 DT= 1.5239E-05 ERR= -0.0% DM/M= 0.0000E+00
 ELAPSED TIME=          3.76 s  REMAINING TIME=          8.95 s
 NC=   19500 T= 2.9718E-01 DT= 1.5239E-05 ERR= -0.0% DM/M= 0.0000E+00
 ELAPSED TIME=          3.78 s  REMAINING TIME=          8.93 s
 NC=   19600 T= 2.9871E-01 DT= 1.5239E-05 ERR= -0.0% DM/M= 0.0000E+00
 ELAPSED TIME=          3.80 s  REMAINING TIME=          8.91 s
     ANIMATION FILE: A23_w1_CONNECTED_EXTENSION_N4A013 WRITTEN
 NC=   19700 T= 3.0023E-01 DT= 1.5239E-05 ERR= -0.0% DM/M= 0.0000E+00
 ELAPSED TIME=          3.82 s  REMAINING TIME=          8.90 s
 NC=   19800 T= 3.0175E-01 DT= 1.5239E-05 ERR= -0.0% DM/M= 0.0000E+00
 ELAPSED TIME=          3.84 s  REMAINING TIME=          8.88 s
 NC=   19900 T= 3.0328E-01 DT= 1.5239E-05 ERR= -0.0% DM/M= 0.0000E+00
 ELAPSED TIME=          3.85 s  REMAINING TIME=          8.86 s
 NC=   20000 T= 3.0480E-01 DT= 1.5239E-05 ERR= -0.0% DM/M= 0.0000E+00
 ELAPSED TIME=          3.87 s  REMAINING TIME=          8.83 s
 NC=   20100 T= 3.0633E-01 DT= 1.5239E-05 ERR= -0.0% DM/M= 0.0000E+00
 ELAPSED TIME=          3.89 s  REMAINING TIME=          8.81 s
 NC=   20200 T= 3.0785E-01 DT= 1.5239E-05 ERR= -0.0% DM/M= 0.0000E+00
 ELAPSED TIME=          3.91 s  REMAINING TIME=          8.79 s
 NC=   20300 T= 3.0937E-01 DT= 1.5239E-05 ERR= -0.0% DM/M= 0.0000E+00
 ELAPSED TIME=          3.93 s  REMAINING TIME=          8.77 s
 NC=   20400 T= 3.1090E-01 DT= 1.5239E-05 ERR= -0.0% DM/M= 0.0000E+00
 ELAPSED TIME=          3.95 s  REMAINING TIME=          8.75 s
 NC=   20500 T= 3.1242E-01 DT= 1.5239E-05 ERR= -0.0% DM/M= 0.0000E+00
 ELAPSED TIME=          3.97 s  REMAINING TIME=          8.73 s
 NC=   20600 T= 3.1395E-01 DT= 1.5239E-05 ERR= -0.0% DM/M= 0.0000E+00
 ELAPSED TIME=          3.99 s  REMAINING TIME=          8.71 s
 NC=   20700 T= 3.1547E-01 DT= 1.5239E-05 ERR= -0.0% DM/M= 0.0000E+00
 ELAPSED TIME=          4.01 s  REMAINING TIME=          8.69 s
 NC=   20800 T= 3.1699E-01 DT= 1.5239E-05 ERR= -0.0% DM/M= 0.0000E+00
 ELAPSED TIME=          4.02 s  REMAINING TIME=          8.67 s
 NC=   20900 T= 3.1852E-01 DT= 1.5239E-05 ERR= -0.0% DM/M= 0.0000E+00
 ELAPSED TIME=          4.04 s  REMAINING TIME=          8.65 s
 NC=   21000 T= 3.2004E-01 DT= 1.5239E-05 ERR= -0.0% DM/M= 0.0000E+00
 ELAPSED TIME=          4.06 s  REMAINING TIME=          8.63 s
 NC=   21100 T= 3.2156E-01 DT= 1.5239E-05 ERR= -0.0% DM/M= 0.0000E+00
 ELAPSED TIME=          4.08 s  REMAINING TIME=          8.61 s
 NC=   21200 T= 3.2309E-01 DT= 1.5239E-05 ERR= -0.0% DM/M= 0.0000E+00
 ELAPSED TIME=          4.10 s  REMAINING TIME=          8.59 s
 NC=   21300 T= 3.2461E-01 DT= 1.5239E-05 ERR= -0.0% DM/M= 0.0000E+00
 ELAPSED TIME=          4.12 s  REMAINING TIME=          8.57 s
     ANIMATION FILE: A23_w1_CONNECTED_EXTENSION_N4A014 WRITTEN
 NC=   21400 T= 3.2614E-01 DT= 1.5239E-05 ERR= -0.0% DM/M= 0.0000E+00
 ELAPSED TIME=          4.14 s  REMAINING TIME=          8.55 s
 NC=   21500 T= 3.2766E-01 DT= 1.5239E-05 ERR= -0.0% DM/M= 0.0000E+00
 ELAPSED TIME=          4.16 s  REMAINING TIME=          8.53 s
 NC=   21600 T= 3.2918E-01 DT= 1.5239E-05 ERR= -0.0% DM/M= 0.0000E+00
 ELAPSED TIME=          4.18 s  REMAINING TIME=          8.51 s
 NC=   21700 T= 3.3071E-01 DT= 1.5239E-05 ERR= -0.0% DM/M= 0.0000E+00
 ELAPSED TIME=          4.20 s  REMAINING TIME=          8.49 s
 NC=   21800 T= 3.3223E-01 DT= 1.5239E-05 ERR= -0.0% DM/M= 0.0000E+00
 ELAPSED TIME=          4.22 s  REMAINING TIME=          8.47 s
 NC=   21900 T= 3.3376E-01 DT= 1.5239E-05 ERR= -0.0% DM/M= 0.0000E+00
 ELAPSED TIME=          4.24 s  REMAINING TIME=          8.45 s
 NC=   22000 T= 3.3528E-01 DT= 1.5239E-05 ERR= -0.0% DM/M= 0.0000E+00
 ELAPSED TIME=          4.25 s  REMAINING TIME=          8.43 s
 NC=   22100 T= 3.3680E-01 DT= 1.5239E-05 ERR= -0.0% DM/M= 0.0000E+00
 ELAPSED TIME=          4.27 s  REMAINING TIME=          8.41 s
 NC=   22200 T= 3.3833E-01 DT= 1.5239E-05 ERR= -0.0% DM/M= 0.0000E+00
 ELAPSED TIME=          4.29 s  REMAINING TIME=          8.39 s
 NC=   22300 T= 3.3985E-01 DT= 1.5239E-05 ERR= -0.0% DM/M= 0.0000E+00
 ELAPSED TIME=          4.31 s  REMAINING TIME=          8.37 s
 NC=   22400 T= 3.4138E-01 DT= 1.5239E-05 ERR= -0.0% DM/M= 0.0000E+00
 ELAPSED TIME=          4.33 s  REMAINING TIME=          8.35 s
 NC=   22500 T= 3.4290E-01 DT= 1.5239E-05 ERR= -0.0% DM/M= 0.0000E+00
 ELAPSED TIME=          4.35 s  REMAINING TIME=          8.33 s
 NC=   22600 T= 3.4442E-01 DT= 1.5239E-05 ERR= -0.0% DM/M= 0.0000E+00
 ELAPSED TIME=          4.37 s  REMAINING TIME=          8.31 s
 NC=   22700 T= 3.4595E-01 DT= 1.5239E-05 ERR= -0.0% DM/M= 0.0000E+00
 ELAPSED TIME=          4.39 s  REMAINING TIME=          8.29 s
 NC=   22800 T= 3.4747E-01 DT= 1.5239E-05 ERR= -0.0% DM/M= 0.0000E+00
 ELAPSED TIME=          4.41 s  REMAINING TIME=          8.27 s
 NC=   22900 T= 3.4899E-01 DT= 1.5239E-05 ERR= -0.0% DM/M= 0.0000E+00
 ELAPSED TIME=          4.42 s  REMAINING TIME=          8.25 s
     ANIMATION FILE: A23_w1_CONNECTED_EXTENSION_N4A015 WRITTEN
 NC=   23000 T= 3.5052E-01 DT= 1.5239E-05 ERR= -0.0% DM/M= 0.0000E+00
 ELAPSED TIME=          4.45 s  REMAINING TIME=          8.24 s
 NC=   23100 T= 3.5204E-01 DT= 1.5239E-05 ERR= -0.0% DM/M= 0.0000E+00
 ELAPSED TIME=          4.46 s  REMAINING TIME=          8.22 s
 NC=   23200 T= 3.5357E-01 DT= 1.5239E-05 ERR= -0.0% DM/M= 0.0000E+00
 ELAPSED TIME=          4.48 s  REMAINING TIME=          8.20 s
 NC=   23300 T= 3.5509E-01 DT= 1.5239E-05 ERR= -0.0% DM/M= 0.0000E+00
 ELAPSED TIME=          4.50 s  REMAINING TIME=          8.18 s
 NC=   23400 T= 3.5661E-01 DT= 1.5239E-05 ERR= -0.0% DM/M= 0.0000E+00
 ELAPSED TIME=          4.52 s  REMAINING TIME=          8.16 s
 NC=   23500 T= 3.5814E-01 DT= 1.5239E-05 ERR= -0.0% DM/M= 0.0000E+00
 ELAPSED TIME=          4.54 s  REMAINING TIME=          8.14 s
 NC=   23600 T= 3.5966E-01 DT= 1.5238E-05 ERR= -0.0% DM/M= 0.0000E+00
 ELAPSED TIME=          4.56 s  REMAINING TIME=          8.12 s
 NC=   23700 T= 3.6119E-01 DT= 1.5238E-05 ERR= -0.0% DM/M= 0.0000E+00
 ELAPSED TIME=          4.58 s  REMAINING TIME=          8.10 s
 NC=   23800 T= 3.6271E-01 DT= 1.5238E-05 ERR= -0.0% DM/M= 0.0000E+00
 ELAPSED TIME=          4.60 s  REMAINING TIME=          8.08 s
 NC=   23900 T= 3.6423E-01 DT= 1.5238E-05 ERR= -0.0% DM/M= 0.0000E+00
 ELAPSED TIME=          4.62 s  REMAINING TIME=          8.06 s
 NC=   24000 T= 3.6576E-01 DT= 1.5238E-05 ERR= -0.0% DM/M= 0.0000E+00
 ELAPSED TIME=          4.63 s  REMAINING TIME=          8.04 s
 NC=   24100 T= 3.6728E-01 DT= 1.5238E-05 ERR= -0.0% DM/M= 0.0000E+00
 ELAPSED TIME=          4.65 s  REMAINING TIME=          8.02 s
 NC=   24200 T= 3.6880E-01 DT= 1.5238E-05 ERR= -0.0% DM/M= 0.0000E+00
 ELAPSED TIME=          4.67 s  REMAINING TIME=          8.00 s
 NC=   24300 T= 3.7033E-01 DT= 1.5238E-05 ERR= -0.0% DM/M= 0.0000E+00
 ELAPSED TIME=          4.69 s  REMAINING TIME=          7.98 s
 NC=   24400 T= 3.7185E-01 DT= 1.5238E-05 ERR= -0.0% DM/M= 0.0000E+00
 ELAPSED TIME=          4.71 s  REMAINING TIME=          7.96 s
 NC=   24500 T= 3.7338E-01 DT= 1.5238E-05 ERR= -0.0% DM/M= 0.0000E+00
 ELAPSED TIME=          4.73 s  REMAINING TIME=          7.94 s
 NC=   24600 T= 3.7490E-01 DT= 1.5238E-05 ERR= -0.0% DM/M= 0.0000E+00
 ELAPSED TIME=          4.75 s  REMAINING TIME=          7.92 s
     ANIMATION FILE: A23_w1_CONNECTED_EXTENSION_N4A016 WRITTEN
 NC=   24700 T= 3.7642E-01 DT= 1.5238E-05 ERR= -0.0% DM/M= 0.0000E+00
 ELAPSED TIME=          4.77 s  REMAINING TIME=          7.90 s
 NC=   24800 T= 3.7795E-01 DT= 1.5238E-05 ERR= -0.0% DM/M= 0.0000E+00
 ELAPSED TIME=          4.79 s  REMAINING TIME=          7.88 s
 NC=   24900 T= 3.7947E-01 DT= 1.5238E-05 ERR= -0.0% DM/M= 0.0000E+00
 ELAPSED TIME=          4.81 s  REMAINING TIME=          7.86 s
 NC=   25000 T= 3.8100E-01 DT= 1.5238E-05 ERR= -0.0% DM/M= 0.0000E+00
 ELAPSED TIME=          4.83 s  REMAINING TIME=          7.84 s
 NC=   25100 T= 3.8252E-01 DT= 1.5238E-05 ERR= -0.0% DM/M= 0.0000E+00
 ELAPSED TIME=          4.84 s  REMAINING TIME=          7.82 s
 NC=   25200 T= 3.8404E-01 DT= 1.5238E-05 ERR= -0.0% DM/M= 0.0000E+00
 ELAPSED TIME=          4.86 s  REMAINING TIME=          7.80 s
 NC=   25300 T= 3.8557E-01 DT= 1.5238E-05 ERR= -0.0% DM/M= 0.0000E+00
 ELAPSED TIME=          4.88 s  REMAINING TIME=          7.78 s
 NC=   25400 T= 3.8709E-01 DT= 1.5238E-05 ERR= -0.0% DM/M= 0.0000E+00
 ELAPSED TIME=          4.90 s  REMAINING TIME=          7.76 s
 NC=   25500 T= 3.8861E-01 DT= 1.5238E-05 ERR= -0.0% DM/M= 0.0000E+00
 ELAPSED TIME=          4.92 s  REMAINING TIME=          7.74 s
 NC=   25600 T= 3.9014E-01 DT= 1.5238E-05 ERR= -0.0% DM/M= 0.0000E+00
 ELAPSED TIME=          4.94 s  REMAINING TIME=          7.72 s
 NC=   25700 T= 3.9166E-01 DT= 1.5238E-05 ERR= -0.0% DM/M= 0.0000E+00
 ELAPSED TIME=          4.96 s  REMAINING TIME=          7.70 s
 NC=   25800 T= 3.9319E-01 DT= 1.5238E-05 ERR= -0.0% DM/M= 0.0000E+00
 ELAPSED TIME=          4.98 s  REMAINING TIME=          7.68 s
 NC=   25900 T= 3.9471E-01 DT= 1.5238E-05 ERR= -0.0% DM/M= 0.0000E+00
 ELAPSED TIME=          4.99 s  REMAINING TIME=          7.66 s
 NC=   26000 T= 3.9623E-01 DT= 1.5238E-05 ERR= -0.0% DM/M= 0.0000E+00
 ELAPSED TIME=          5.01 s  REMAINING TIME=          7.64 s
 NC=   26100 T= 3.9776E-01 DT= 1.5238E-05 ERR= -0.0% DM/M= 0.0000E+00
 ELAPSED TIME=          5.03 s  REMAINING TIME=          7.62 s
 NC=   26200 T= 3.9928E-01 DT= 1.5238E-05 ERR= -0.0% DM/M= 0.0000E+00
 ELAPSED TIME=          5.05 s  REMAINING TIME=          7.60 s
     ANIMATION FILE: A23_w1_CONNECTED_EXTENSION_N4A017 WRITTEN
 NC=   26300 T= 4.0080E-01 DT= 1.5238E-05 ERR= -0.0% DM/M= 0.0000E+00
 ELAPSED TIME=          5.07 s  REMAINING TIME=          7.58 s
 NC=   26400 T= 4.0233E-01 DT= 1.5238E-05 ERR= -0.0% DM/M= 0.0000E+00
 ELAPSED TIME=          5.09 s  REMAINING TIME=          7.56 s
 NC=   26500 T= 4.0385E-01 DT= 1.5238E-05 ERR= -0.0% DM/M= 0.0000E+00
 ELAPSED TIME=          5.11 s  REMAINING TIME=          7.54 s
 NC=   26600 T= 4.0538E-01 DT= 1.5238E-05 ERR= -0.0% DM/M= 0.0000E+00
 ELAPSED TIME=          5.13 s  REMAINING TIME=          7.52 s
 NC=   26700 T= 4.0690E-01 DT= 1.5238E-05 ERR= -0.0% DM/M= 0.0000E+00
 ELAPSED TIME=          5.15 s  REMAINING TIME=          7.50 s
 NC=   26800 T= 4.0842E-01 DT= 1.5238E-05 ERR= -0.0% DM/M= 0.0000E+00
 ELAPSED TIME=          5.17 s  REMAINING TIME=          7.48 s
 NC=   26900 T= 4.0995E-01 DT= 1.5238E-05 ERR= -0.0% DM/M= 0.0000E+00
 ELAPSED TIME=          5.18 s  REMAINING TIME=          7.46 s
 NC=   27000 T= 4.1147E-01 DT= 1.5238E-05 ERR= -0.0% DM/M= 0.0000E+00
 ELAPSED TIME=          5.20 s  REMAINING TIME=          7.44 s
 NC=   27100 T= 4.1300E-01 DT= 1.5238E-05 ERR= -0.0% DM/M= 0.0000E+00
 ELAPSED TIME=          5.22 s  REMAINING TIME=          7.42 s
 NC=   27200 T= 4.1452E-01 DT= 1.5238E-05 ERR= -0.0% DM/M= 0.0000E+00
 ELAPSED TIME=          5.24 s  REMAINING TIME=          7.41 s
 NC=   27300 T= 4.1604E-01 DT= 1.5238E-05 ERR= -0.0% DM/M= 0.0000E+00
 ELAPSED TIME=          5.26 s  REMAINING TIME=          7.39 s
 NC=   27400 T= 4.1757E-01 DT= 1.5238E-05 ERR= -0.0% DM/M= 0.0000E+00
 ELAPSED TIME=          5.28 s  REMAINING TIME=          7.37 s
 NC=   27500 T= 4.1909E-01 DT= 1.5238E-05 ERR= -0.0% DM/M= 0.0000E+00
 ELAPSED TIME=          5.30 s  REMAINING TIME=          7.35 s
 NC=   27600 T= 4.2061E-01 DT= 1.5238E-05 ERR= -0.0% DM/M= 0.0000E+00
 ELAPSED TIME=          5.32 s  REMAINING TIME=          7.33 s
 NC=   27700 T= 4.2214E-01 DT= 1.5238E-05 ERR= -0.0% DM/M= 0.0000E+00
 ELAPSED TIME=          5.34 s  REMAINING TIME=          7.31 s
 NC=   27800 T= 4.2366E-01 DT= 1.5238E-05 ERR= -0.0% DM/M= 0.0000E+00
 ELAPSED TIME=          5.36 s  REMAINING TIME=          7.29 s
     ANIMATION FILE: A23_w1_CONNECTED_EXTENSION_N4A018 WRITTEN
 NC=   27900 T= 4.2519E-01 DT= 1.5238E-05 ERR= -0.0% DM/M= 0.0000E+00
 ELAPSED TIME=          5.38 s  REMAINING TIME=          7.27 s
 NC=   28000 T= 4.2671E-01 DT= 1.5238E-05 ERR= -0.0% DM/M= 0.0000E+00
 ELAPSED TIME=          5.39 s  REMAINING TIME=          7.25 s
 NC=   28100 T= 4.2823E-01 DT= 1.5238E-05 ERR= -0.0% DM/M= 0.0000E+00
 ELAPSED TIME=          5.41 s  REMAINING TIME=          7.23 s
 NC=   28200 T= 4.2976E-01 DT= 1.5238E-05 ERR= -0.0% DM/M= 0.0000E+00
 ELAPSED TIME=          5.43 s  REMAINING TIME=          7.21 s
 NC=   28300 T= 4.3128E-01 DT= 1.5238E-05 ERR= -0.0% DM/M= 0.0000E+00
 ELAPSED TIME=          5.45 s  REMAINING TIME=          7.19 s
 NC=   28400 T= 4.3280E-01 DT= 1.5238E-05 ERR= -0.0% DM/M= 0.0000E+00
 ELAPSED TIME=          5.47 s  REMAINING TIME=          7.17 s
 NC=   28500 T= 4.3433E-01 DT= 1.5238E-05 ERR= -0.0% DM/M= 0.0000E+00
 ELAPSED TIME=          5.49 s  REMAINING TIME=          7.15 s
 NC=   28600 T= 4.3585E-01 DT= 1.5238E-05 ERR= -0.0% DM/M= 0.0000E+00
 ELAPSED TIME=          5.51 s  REMAINING TIME=          7.13 s
 NC=   28700 T= 4.3738E-01 DT= 1.5238E-05 ERR= -0.0% DM/M= 0.0000E+00
 ELAPSED TIME=          5.53 s  REMAINING TIME=          7.11 s
 NC=   28800 T= 4.3890E-01 DT= 1.5238E-05 ERR= -0.0% DM/M= 0.0000E+00
 ELAPSED TIME=          5.55 s  REMAINING TIME=          7.09 s
 NC=   28900 T= 4.4042E-01 DT= 1.5238E-05 ERR= -0.0% DM/M= 0.0000E+00
 ELAPSED TIME=          5.56 s  REMAINING TIME=          7.07 s
 NC=   29000 T= 4.4195E-01 DT= 1.5238E-05 ERR= -0.0% DM/M= 0.0000E+00
 ELAPSED TIME=          5.58 s  REMAINING TIME=          7.05 s
 NC=   29100 T= 4.4347E-01 DT= 1.5238E-05 ERR= -0.0% DM/M= 0.0000E+00
 ELAPSED TIME=          5.60 s  REMAINING TIME=          7.03 s
 NC=   29200 T= 4.4499E-01 DT= 1.5238E-05 ERR= -0.0% DM/M= 0.0000E+00
 ELAPSED TIME=          5.62 s  REMAINING TIME=          7.01 s
 NC=   29300 T= 4.4652E-01 DT= 1.5238E-05 ERR= -0.0% DM/M= 0.0000E+00
 ELAPSED TIME=          5.64 s  REMAINING TIME=          6.99 s
 NC=   29400 T= 4.4804E-01 DT= 1.5238E-05 ERR= -0.0% DM/M= 0.0000E+00
 ELAPSED TIME=          5.66 s  REMAINING TIME=          6.97 s
 NC=   29500 T= 4.4957E-01 DT= 1.5238E-05 ERR= -0.0% DM/M= 0.0000E+00
 ELAPSED TIME=          5.68 s  REMAINING TIME=          6.95 s
     ANIMATION FILE: A23_w1_CONNECTED_EXTENSION_N4A019 WRITTEN
 NC=   29600 T= 4.5109E-01 DT= 1.5238E-05 ERR= -0.0% DM/M= 0.0000E+00
 ELAPSED TIME=          5.70 s  REMAINING TIME=          6.93 s
 NC=   29700 T= 4.5261E-01 DT= 1.5238E-05 ERR= -0.0% DM/M= 0.0000E+00
 ELAPSED TIME=          5.72 s  REMAINING TIME=          6.91 s
 NC=   29800 T= 4.5414E-01 DT= 1.5237E-05 ERR= -0.0% DM/M= 0.0000E+00
 ELAPSED TIME=          5.74 s  REMAINING TIME=          6.90 s
 NC=   29900 T= 4.5566E-01 DT= 1.5237E-05 ERR= -0.0% DM/M= 0.0000E+00
 ELAPSED TIME=          5.76 s  REMAINING TIME=          6.88 s
 NC=   30000 T= 4.5718E-01 DT= 1.5237E-05 ERR= -0.0% DM/M= 0.0000E+00
 ELAPSED TIME=          5.77 s  REMAINING TIME=          6.86 s
 NC=   30100 T= 4.5871E-01 DT= 1.5237E-05 ERR= -0.0% DM/M= 0.0000E+00
 ELAPSED TIME=          5.79 s  REMAINING TIME=          6.84 s
 NC=   30200 T= 4.6023E-01 DT= 1.5237E-05 ERR= -0.0% DM/M= 0.0000E+00
 ELAPSED TIME=          5.81 s  REMAINING TIME=          6.82 s
 NC=   30300 T= 4.6176E-01 DT= 1.5237E-05 ERR= -0.0% DM/M= 0.0000E+00
 ELAPSED TIME=          5.83 s  REMAINING TIME=          6.80 s
 NC=   30400 T= 4.6328E-01 DT= 1.5237E-05 ERR= -0.0% DM/M= 0.0000E+00
 ELAPSED TIME=          5.85 s  REMAINING TIME=          6.78 s
 NC=   30500 T= 4.6480E-01 DT= 1.5237E-05 ERR= -0.0% DM/M= 0.0000E+00
 ELAPSED TIME=          5.87 s  REMAINING TIME=          6.76 s
 NC=   30600 T= 4.6633E-01 DT= 1.5237E-05 ERR= -0.0% DM/M= 0.0000E+00
 ELAPSED TIME=          5.89 s  REMAINING TIME=          6.74 s
 NC=   30700 T= 4.6785E-01 DT= 1.5237E-05 ERR= -0.0% DM/M= 0.0000E+00
 ELAPSED TIME=          5.91 s  REMAINING TIME=          6.72 s
 NC=   30800 T= 4.6937E-01 DT= 1.5237E-05 ERR= -0.0% DM/M= 0.0000E+00
 ELAPSED TIME=          5.93 s  REMAINING TIME=          6.70 s
 NC=   30900 T= 4.7090E-01 DT= 1.5237E-05 ERR= -0.0% DM/M= 0.0000E+00
 ELAPSED TIME=          5.94 s  REMAINING TIME=          6.68 s
 NC=   31000 T= 4.7242E-01 DT= 1.5237E-05 ERR= -0.0% DM/M= 0.0000E+00
 ELAPSED TIME=          5.96 s  REMAINING TIME=          6.66 s
 NC=   31100 T= 4.7395E-01 DT= 1.5237E-05 ERR= -0.0% DM/M= 0.0000E+00
 ELAPSED TIME=          5.98 s  REMAINING TIME=          6.64 s
     ANIMATION FILE: A23_w1_CONNECTED_EXTENSION_N4A020 WRITTEN
 NC=   31200 T= 4.7547E-01 DT= 1.5237E-05 ERR= -0.0% DM/M= 0.0000E+00
 ELAPSED TIME=          6.00 s  REMAINING TIME=          6.62 s
 NC=   31300 T= 4.7699E-01 DT= 1.5237E-05 ERR= -0.0% DM/M= 0.0000E+00
 ELAPSED TIME=          6.02 s  REMAINING TIME=          6.60 s
 NC=   31400 T= 4.7852E-01 DT= 1.5237E-05 ERR= -0.0% DM/M= 0.0000E+00
 ELAPSED TIME=          6.04 s  REMAINING TIME=          6.58 s
 NC=   31500 T= 4.8004E-01 DT= 1.5237E-05 ERR= -0.0% DM/M= 0.0000E+00
 ELAPSED TIME=          6.06 s  REMAINING TIME=          6.56 s
 NC=   31600 T= 4.8156E-01 DT= 1.5237E-05 ERR= -0.0% DM/M= 0.0000E+00
 ELAPSED TIME=          6.08 s  REMAINING TIME=          6.54 s
 NC=   31700 T= 4.8309E-01 DT= 1.5237E-05 ERR= -0.0% DM/M= 0.0000E+00
 ELAPSED TIME=          6.10 s  REMAINING TIME=          6.52 s
 NC=   31800 T= 4.8461E-01 DT= 1.5237E-05 ERR= -0.0% DM/M= 0.0000E+00
 ELAPSED TIME=          6.12 s  REMAINING TIME=          6.50 s
 NC=   31900 T= 4.8614E-01 DT= 1.5237E-05 ERR= -0.0% DM/M= 0.0000E+00
 ELAPSED TIME=          6.14 s  REMAINING TIME=          6.49 s
 NC=   32000 T= 4.8766E-01 DT= 1.5237E-05 ERR= -0.0% DM/M= 0.0000E+00
 ELAPSED TIME=          6.15 s  REMAINING TIME=          6.47 s
 NC=   32100 T= 4.8918E-01 DT= 1.5237E-05 ERR= -0.0% DM/M= 0.0000E+00
 ELAPSED TIME=          6.17 s  REMAINING TIME=          6.45 s
 NC=   32200 T= 4.9071E-01 DT= 1.5237E-05 ERR= -0.0% DM/M= 0.0000E+00
 ELAPSED TIME=          6.19 s  REMAINING TIME=          6.43 s
 NC=   32300 T= 4.9223E-01 DT= 1.5237E-05 ERR= -0.0% DM/M= 0.0000E+00
 ELAPSED TIME=          6.21 s  REMAINING TIME=          6.41 s
 NC=   32400 T= 4.9375E-01 DT= 1.5237E-05 ERR= -0.0% DM/M= 0.0000E+00
 ELAPSED TIME=          6.23 s  REMAINING TIME=          6.39 s
 NC=   32500 T= 4.9528E-01 DT= 1.5237E-05 ERR= -0.0% DM/M= 0.0000E+00
 ELAPSED TIME=          6.25 s  REMAINING TIME=          6.37 s
 NC=   32600 T= 4.9680E-01 DT= 1.5237E-05 ERR= -0.0% DM/M= 0.0000E+00
 ELAPSED TIME=          6.27 s  REMAINING TIME=          6.35 s
 NC=   32700 T= 4.9833E-01 DT= 1.5237E-05 ERR= -0.0% DM/M= 0.0000E+00
 ELAPSED TIME=          6.29 s  REMAINING TIME=          6.33 s
 NC=   32800 T= 4.9985E-01 DT= 1.5237E-05 ERR= -0.0% DM/M= 0.0000E+00
 ELAPSED TIME=          6.31 s  REMAINING TIME=          6.31 s
     ANIMATION FILE: A23_w1_CONNECTED_EXTENSION_N4A021 WRITTEN
 NC=   32900 T= 5.0137E-01 DT= 1.5237E-05 ERR= -0.0% DM/M= 0.0000E+00
 ELAPSED TIME=          6.33 s  REMAINING TIME=          6.29 s
 NC=   33000 T= 5.0290E-01 DT= 1.5237E-05 ERR= -0.0% DM/M= 0.0000E+00
 ELAPSED TIME=          6.35 s  REMAINING TIME=          6.27 s
 NC=   33100 T= 5.0442E-01 DT= 1.5237E-05 ERR= -0.0% DM/M= 0.0000E+00
 ELAPSED TIME=          6.37 s  REMAINING TIME=          6.25 s
 NC=   33200 T= 5.0594E-01 DT= 1.5237E-05 ERR= -0.0% DM/M= 0.0000E+00
 ELAPSED TIME=          6.38 s  REMAINING TIME=          6.23 s
 NC=   33300 T= 5.0747E-01 DT= 1.5237E-05 ERR= -0.0% DM/M= 0.0000E+00
 ELAPSED TIME=          6.40 s  REMAINING TIME=          6.22 s
 NC=   33400 T= 5.0899E-01 DT= 1.5237E-05 ERR= -0.0% DM/M= 0.0000E+00
 ELAPSED TIME=          6.42 s  REMAINING TIME=          6.20 s
 NC=   33500 T= 5.1051E-01 DT= 1.5237E-05 ERR= -0.0% DM/M= 0.0000E+00
 ELAPSED TIME=          6.44 s  REMAINING TIME=          6.18 s
 NC=   33600 T= 5.1204E-01 DT= 1.5237E-05 ERR= -0.0% DM/M= 0.0000E+00
 ELAPSED TIME=          6.46 s  REMAINING TIME=          6.16 s
 NC=   33700 T= 5.1356E-01 DT= 1.5237E-05 ERR= -0.0% DM/M= 0.0000E+00
 ELAPSED TIME=          6.48 s  REMAINING TIME=          6.14 s
 NC=   33800 T= 5.1509E-01 DT= 1.5237E-05 ERR= -0.0% DM/M= 0.0000E+00
 ELAPSED TIME=          6.50 s  REMAINING TIME=          6.12 s
 NC=   33900 T= 5.1661E-01 DT= 1.5237E-05 ERR= -0.0% DM/M= 0.0000E+00
 ELAPSED TIME=          6.52 s  REMAINING TIME=          6.10 s
 NC=   34000 T= 5.1813E-01 DT= 1.5237E-05 ERR= -0.0% DM/M= 0.0000E+00
 ELAPSED TIME=          6.54 s  REMAINING TIME=          6.08 s
 NC=   34100 T= 5.1966E-01 DT= 1.5237E-05 ERR= -0.0% DM/M= 0.0000E+00
 ELAPSED TIME=          6.55 s  REMAINING TIME=          6.06 s
 NC=   34200 T= 5.2118E-01 DT= 1.5237E-05 ERR= -0.0% DM/M= 0.0000E+00
 ELAPSED TIME=          6.57 s  REMAINING TIME=          6.04 s
 NC=   34300 T= 5.2270E-01 DT= 1.5237E-05 ERR= -0.0% DM/M= 0.0000E+00
 ELAPSED TIME=          6.59 s  REMAINING TIME=          6.02 s
 NC=   34400 T= 5.2423E-01 DT= 1.5237E-05 ERR= -0.0% DM/M= 0.0000E+00
 ELAPSED TIME=          6.61 s  REMAINING TIME=          6.00 s
     ANIMATION FILE: A23_w1_CONNECTED_EXTENSION_N4A022 WRITTEN
 NC=   34500 T= 5.2575E-01 DT= 1.5237E-05 ERR= -0.0% DM/M= 0.0000E+00
 ELAPSED TIME=          6.63 s  REMAINING TIME=          5.98 s
 NC=   34600 T= 5.2728E-01 DT= 1.5237E-05 ERR= -0.0% DM/M= 0.0000E+00
 ELAPSED TIME=          6.65 s  REMAINING TIME=          5.96 s
 NC=   34700 T= 5.2880E-01 DT= 1.5237E-05 ERR= -0.0% DM/M= 0.0000E+00
 ELAPSED TIME=          6.67 s  REMAINING TIME=          5.94 s
 NC=   34800 T= 5.3032E-01 DT= 1.5237E-05 ERR= -0.0% DM/M= 0.0000E+00
 ELAPSED TIME=          6.69 s  REMAINING TIME=          5.92 s
 NC=   34900 T= 5.3185E-01 DT= 1.5237E-05 ERR= -0.0% DM/M= 0.0000E+00
 ELAPSED TIME=          6.71 s  REMAINING TIME=          5.90 s
 NC=   35000 T= 5.3337E-01 DT= 1.5237E-05 ERR= -0.0% DM/M= 0.0000E+00
 ELAPSED TIME=          6.73 s  REMAINING TIME=          5.88 s
 NC=   35100 T= 5.3489E-01 DT= 1.5237E-05 ERR= -0.0% DM/M= 0.0000E+00
 ELAPSED TIME=          6.74 s  REMAINING TIME=          5.86 s
 NC=   35200 T= 5.3642E-01 DT= 1.5237E-05 ERR= -0.0% DM/M= 0.0000E+00
 ELAPSED TIME=          6.76 s  REMAINING TIME=          5.84 s
 NC=   35300 T= 5.3794E-01 DT= 1.5237E-05 ERR= -0.0% DM/M= 0.0000E+00
 ELAPSED TIME=          6.78 s  REMAINING TIME=          5.82 s
 NC=   35400 T= 5.3946E-01 DT= 1.5237E-05 ERR= -0.0% DM/M= 0.0000E+00
 ELAPSED TIME=          6.80 s  REMAINING TIME=          5.81 s
 NC=   35500 T= 5.4099E-01 DT= 1.5237E-05 ERR= -0.0% DM/M= 0.0000E+00
 ELAPSED TIME=          6.82 s  REMAINING TIME=          5.79 s
 NC=   35600 T= 5.4251E-01 DT= 1.5237E-05 ERR= -0.0% DM/M= 0.0000E+00
 ELAPSED TIME=          6.84 s  REMAINING TIME=          5.77 s
 NC=   35700 T= 5.4404E-01 DT= 1.5236E-05 ERR= -0.0% DM/M= 0.0000E+00
 ELAPSED TIME=          6.86 s  REMAINING TIME=          5.75 s
 NC=   35800 T= 5.4556E-01 DT= 1.5236E-05 ERR= -0.0% DM/M= 0.0000E+00
 ELAPSED TIME=          6.88 s  REMAINING TIME=          5.73 s
 NC=   35900 T= 5.4708E-01 DT= 1.5236E-05 ERR= -0.0% DM/M= 0.0000E+00
 ELAPSED TIME=          6.89 s  REMAINING TIME=          5.71 s
 NC=   36000 T= 5.4861E-01 DT= 1.5236E-05 ERR= -0.0% DM/M= 0.0000E+00
 ELAPSED TIME=          6.91 s  REMAINING TIME=          5.69 s
     ANIMATION FILE: A23_w1_CONNECTED_EXTENSION_N4A023 WRITTEN
 NC=   36100 T= 5.5013E-01 DT= 1.5236E-05 ERR= -0.0% DM/M= 0.0000E+00
 ELAPSED TIME=          6.93 s  REMAINING TIME=          5.67 s
 NC=   36200 T= 5.5165E-01 DT= 1.5236E-05 ERR= -0.0% DM/M= 0.0000E+00
 ELAPSED TIME=          6.95 s  REMAINING TIME=          5.65 s
 NC=   36300 T= 5.5318E-01 DT= 1.5236E-05 ERR= -0.0% DM/M= 0.0000E+00
 ELAPSED TIME=          6.97 s  REMAINING TIME=          5.63 s
 NC=   36400 T= 5.5470E-01 DT= 1.5236E-05 ERR= -0.0% DM/M= 0.0000E+00
 ELAPSED TIME=          6.99 s  REMAINING TIME=          5.61 s
 NC=   36500 T= 5.5622E-01 DT= 1.5236E-05 ERR= -0.0% DM/M= 0.0000E+00
 ELAPSED TIME=          7.01 s  REMAINING TIME=          5.59 s
 NC=   36600 T= 5.5775E-01 DT= 1.5236E-05 ERR= -0.0% DM/M= 0.0000E+00
 ELAPSED TIME=          7.03 s  REMAINING TIME=          5.57 s
 NC=   36700 T= 5.5927E-01 DT= 1.5236E-05 ERR= -0.0% DM/M= 0.0000E+00
 ELAPSED TIME=          7.05 s  REMAINING TIME=          5.55 s
 NC=   36800 T= 5.6080E-01 DT= 1.5236E-05 ERR= -0.0% DM/M= 0.0000E+00
 ELAPSED TIME=          7.07 s  REMAINING TIME=          5.53 s
 NC=   36900 T= 5.6232E-01 DT= 1.5236E-05 ERR= -0.0% DM/M= 0.0000E+00
 ELAPSED TIME=          7.08 s  REMAINING TIME=          5.51 s
 NC=   37000 T= 5.6384E-01 DT= 1.5236E-05 ERR= -0.0% DM/M= 0.0000E+00
 ELAPSED TIME=          7.10 s  REMAINING TIME=          5.49 s
 NC=   37100 T= 5.6537E-01 DT= 1.5236E-05 ERR= -0.0% DM/M= 0.0000E+00
 ELAPSED TIME=          7.12 s  REMAINING TIME=          5.48 s
 NC=   37200 T= 5.6689E-01 DT= 1.5236E-05 ERR= -0.0% DM/M= 0.0000E+00
 ELAPSED TIME=          7.14 s  REMAINING TIME=          5.46 s
 NC=   37300 T= 5.6841E-01 DT= 1.5236E-05 ERR= -0.0% DM/M= 0.0000E+00
 ELAPSED TIME=          7.16 s  REMAINING TIME=          5.44 s
 NC=   37400 T= 5.6994E-01 DT= 1.5236E-05 ERR= -0.0% DM/M= 0.0000E+00
 ELAPSED TIME=          7.18 s  REMAINING TIME=          5.42 s
 NC=   37500 T= 5.7146E-01 DT= 1.5236E-05 ERR= -0.0% DM/M= 0.0000E+00
 ELAPSED TIME=          7.20 s  REMAINING TIME=          5.40 s
 NC=   37600 T= 5.7298E-01 DT= 1.5236E-05 ERR= -0.0% DM/M= 0.0000E+00
 ELAPSED TIME=          7.22 s  REMAINING TIME=          5.38 s
 NC=   37700 T= 5.7451E-01 DT= 1.5236E-05 ERR= -0.0% DM/M= 0.0000E+00
 ELAPSED TIME=          7.24 s  REMAINING TIME=          5.36 s
     ANIMATION FILE: A23_w1_CONNECTED_EXTENSION_N4A024 WRITTEN
 NC=   37800 T= 5.7603E-01 DT= 1.5236E-05 ERR= -0.0% DM/M= 0.0000E+00
 ELAPSED TIME=          7.26 s  REMAINING TIME=          5.34 s
 NC=   37900 T= 5.7756E-01 DT= 1.5236E-05 ERR= -0.0% DM/M= 0.0000E+00
 ELAPSED TIME=          7.28 s  REMAINING TIME=          5.32 s
 NC=   38000 T= 5.7908E-01 DT= 1.5236E-05 ERR= -0.0% DM/M= 0.0000E+00
 ELAPSED TIME=          7.30 s  REMAINING TIME=          5.30 s
 NC=   38100 T= 5.8060E-01 DT= 1.5236E-05 ERR= -0.0% DM/M= 0.0000E+00
 ELAPSED TIME=          7.31 s  REMAINING TIME=          5.28 s
 NC=   38200 T= 5.8213E-01 DT= 1.5236E-05 ERR= -0.0% DM/M= 0.0000E+00
 ELAPSED TIME=          7.33 s  REMAINING TIME=          5.26 s
 NC=   38300 T= 5.8365E-01 DT= 1.5236E-05 ERR= -0.0% DM/M= 0.0000E+00
 ELAPSED TIME=          7.35 s  REMAINING TIME=          5.24 s
 NC=   38400 T= 5.8517E-01 DT= 1.5236E-05 ERR= -0.0% DM/M= 0.0000E+00
 ELAPSED TIME=          7.37 s  REMAINING TIME=          5.23 s
 NC=   38500 T= 5.8670E-01 DT= 1.5236E-05 ERR= -0.0% DM/M= 0.0000E+00
 ELAPSED TIME=          7.39 s  REMAINING TIME=          5.21 s
 NC=   38600 T= 5.8822E-01 DT= 1.5236E-05 ERR= -0.0% DM/M= 0.0000E+00
 ELAPSED TIME=          7.41 s  REMAINING TIME=          5.19 s
 NC=   38700 T= 5.8974E-01 DT= 1.5236E-05 ERR= -0.0% DM/M= 0.0000E+00
 ELAPSED TIME=          7.43 s  REMAINING TIME=          5.17 s
 NC=   38800 T= 5.9127E-01 DT= 1.5236E-05 ERR= -0.0% DM/M= 0.0000E+00
 ELAPSED TIME=          7.45 s  REMAINING TIME=          5.15 s
 NC=   38900 T= 5.9279E-01 DT= 1.5236E-05 ERR= -0.0% DM/M= 0.0000E+00
 ELAPSED TIME=          7.47 s  REMAINING TIME=          5.13 s
 NC=   39000 T= 5.9431E-01 DT= 1.5236E-05 ERR= -0.0% DM/M= 0.0000E+00
 ELAPSED TIME=          7.49 s  REMAINING TIME=          5.11 s
 NC=   39100 T= 5.9584E-01 DT= 1.5236E-05 ERR= -0.0% DM/M= 0.0000E+00
 ELAPSED TIME=          7.51 s  REMAINING TIME=          5.09 s
 NC=   39200 T= 5.9736E-01 DT= 1.5236E-05 ERR= -0.0% DM/M= 0.0000E+00
 ELAPSED TIME=          7.52 s  REMAINING TIME=          5.07 s
 NC=   39300 T= 5.9889E-01 DT= 1.5236E-05 ERR= -0.0% DM/M= 0.0000E+00
 ELAPSED TIME=          7.54 s  REMAINING TIME=          5.05 s
     ANIMATION FILE: A23_w1_CONNECTED_EXTENSION_N4A025 WRITTEN
 NC=   39400 T= 6.0041E-01 DT= 1.5236E-05 ERR= -0.0% DM/M= 0.0000E+00
 ELAPSED TIME=          7.56 s  REMAINING TIME=          5.03 s
 NC=   39500 T= 6.0193E-01 DT= 1.5236E-05 ERR= -0.0% DM/M= 0.0000E+00
 ELAPSED TIME=          7.58 s  REMAINING TIME=          5.01 s
 NC=   39600 T= 6.0346E-01 DT= 1.5236E-05 ERR= -0.0% DM/M= 0.0000E+00
 ELAPSED TIME=          7.60 s  REMAINING TIME=          4.99 s
 NC=   39700 T= 6.0498E-01 DT= 1.5236E-05 ERR= -0.0% DM/M= 0.0000E+00
 ELAPSED TIME=          7.62 s  REMAINING TIME=          4.98 s
 NC=   39800 T= 6.0650E-01 DT= 1.5236E-05 ERR= -0.0% DM/M= 0.0000E+00
 ELAPSED TIME=          7.64 s  REMAINING TIME=          4.96 s
 NC=   39900 T= 6.0803E-01 DT= 1.5236E-05 ERR= -0.0% DM/M= 0.0000E+00
 ELAPSED TIME=          7.66 s  REMAINING TIME=          4.94 s
 NC=   40000 T= 6.0955E-01 DT= 1.5236E-05 ERR= -0.0% DM/M= 0.0000E+00
 ELAPSED TIME=          7.68 s  REMAINING TIME=          4.92 s
 NC=   40100 T= 6.1107E-01 DT= 1.5236E-05 ERR= -0.0% DM/M= 0.0000E+00
 ELAPSED TIME=          7.70 s  REMAINING TIME=          4.90 s
 NC=   40200 T= 6.1260E-01 DT= 1.5236E-05 ERR= -0.0% DM/M= 0.0000E+00
 ELAPSED TIME=          7.71 s  REMAINING TIME=          4.88 s
 NC=   40300 T= 6.1412E-01 DT= 1.5236E-05 ERR= -0.0% DM/M= 0.0000E+00
 ELAPSED TIME=          7.73 s  REMAINING TIME=          4.86 s
 NC=   40400 T= 6.1564E-01 DT= 1.5236E-05 ERR= -0.0% DM/M= 0.0000E+00
 ELAPSED TIME=          7.75 s  REMAINING TIME=          4.84 s
 NC=   40500 T= 6.1717E-01 DT= 1.5236E-05 ERR= -0.0% DM/M= 0.0000E+00
 ELAPSED TIME=          7.77 s  REMAINING TIME=          4.82 s
 NC=   40600 T= 6.1869E-01 DT= 1.5236E-05 ERR= -0.0% DM/M= 0.0000E+00
 ELAPSED TIME=          7.79 s  REMAINING TIME=          4.80 s
 NC=   40700 T= 6.2022E-01 DT= 1.5236E-05 ERR= -0.0% DM/M= 0.0000E+00
 ELAPSED TIME=          7.81 s  REMAINING TIME=          4.78 s
 NC=   40800 T= 6.2174E-01 DT= 1.5236E-05 ERR= -0.0% DM/M= 0.0000E+00
 ELAPSED TIME=          7.83 s  REMAINING TIME=          4.76 s
 NC=   40900 T= 6.2326E-01 DT= 1.5236E-05 ERR= -0.0% DM/M= 0.0000E+00
 ELAPSED TIME=          7.85 s  REMAINING TIME=          4.74 s
 NC=   41000 T= 6.2479E-01 DT= 1.5236E-05 ERR= -0.0% DM/M= 0.0000E+00
 ELAPSED TIME=          7.87 s  REMAINING TIME=          4.72 s
     ANIMATION FILE: A23_w1_CONNECTED_EXTENSION_N4A026 WRITTEN
 NC=   41100 T= 6.2631E-01 DT= 1.5236E-05 ERR= -0.0% DM/M= 0.0000E+00
 ELAPSED TIME=          7.89 s  REMAINING TIME=          4.70 s
 NC=   41200 T= 6.2783E-01 DT= 1.5236E-05 ERR= -0.0% DM/M= 0.0000E+00
 ELAPSED TIME=          7.90 s  REMAINING TIME=          4.69 s
 NC=   41300 T= 6.2936E-01 DT= 1.5236E-05 ERR= -0.0% DM/M= 0.0000E+00
 ELAPSED TIME=          7.92 s  REMAINING TIME=          4.67 s
 NC=   41400 T= 6.3088E-01 DT= 1.5236E-05 ERR= -0.0% DM/M= 0.0000E+00
 ELAPSED TIME=          7.94 s  REMAINING TIME=          4.65 s
 NC=   41500 T= 6.3240E-01 DT= 1.5236E-05 ERR= -0.0% DM/M= 0.0000E+00
 ELAPSED TIME=          7.96 s  REMAINING TIME=          4.63 s
 NC=   41600 T= 6.3393E-01 DT= 1.5236E-05 ERR= -0.0% DM/M= 0.0000E+00
 ELAPSED TIME=          7.98 s  REMAINING TIME=          4.61 s
 NC=   41700 T= 6.3545E-01 DT= 1.5236E-05 ERR= -0.0% DM/M= 0.0000E+00
 ELAPSED TIME=          8.00 s  REMAINING TIME=          4.59 s
 NC=   41800 T= 6.3697E-01 DT= 1.5235E-05 ERR= -0.0% DM/M= 0.0000E+00
 ELAPSED TIME=          8.02 s  REMAINING TIME=          4.57 s
 NC=   41900 T= 6.3850E-01 DT= 1.5235E-05 ERR= -0.0% DM/M= 0.0000E+00
 ELAPSED TIME=          8.04 s  REMAINING TIME=          4.55 s
 NC=   42000 T= 6.4002E-01 DT= 1.5235E-05 ERR= -0.0% DM/M= 0.0000E+00
 ELAPSED TIME=          8.05 s  REMAINING TIME=          4.53 s
 NC=   42100 T= 6.4155E-01 DT= 1.5235E-05 ERR= -0.0% DM/M= 0.0000E+00
 ELAPSED TIME=          8.07 s  REMAINING TIME=          4.51 s
 NC=   42200 T= 6.4307E-01 DT= 1.5235E-05 ERR= -0.0% DM/M= 0.0000E+00
 ELAPSED TIME=          8.09 s  REMAINING TIME=          4.49 s
 NC=   42300 T= 6.4459E-01 DT= 1.5235E-05 ERR= -0.0% DM/M= 0.0000E+00
 ELAPSED TIME=          8.11 s  REMAINING TIME=          4.47 s
 NC=   42400 T= 6.4612E-01 DT= 1.5235E-05 ERR= -0.0% DM/M= 0.0000E+00
 ELAPSED TIME=          8.13 s  REMAINING TIME=          4.45 s
 NC=   42500 T= 6.4764E-01 DT= 1.5235E-05 ERR= -0.0% DM/M= 0.0000E+00
 ELAPSED TIME=          8.15 s  REMAINING TIME=          4.43 s
 NC=   42600 T= 6.4916E-01 DT= 1.5235E-05 ERR= -0.0% DM/M= 0.0000E+00
 ELAPSED TIME=          8.17 s  REMAINING TIME=          4.41 s
     ANIMATION FILE: A23_w1_CONNECTED_EXTENSION_N4A027 WRITTEN
 NC=   42700 T= 6.5069E-01 DT= 1.5235E-05 ERR= -0.0% DM/M= 0.0000E+00
 ELAPSED TIME=          8.19 s  REMAINING TIME=          4.40 s
 NC=   42800 T= 6.5221E-01 DT= 1.5235E-05 ERR= -0.0% DM/M= 0.0000E+00
 ELAPSED TIME=          8.21 s  REMAINING TIME=          4.38 s
 NC=   42900 T= 6.5373E-01 DT= 1.5235E-05 ERR= -0.0% DM/M= 0.0000E+00
 ELAPSED TIME=          8.23 s  REMAINING TIME=          4.36 s
 NC=   43000 T= 6.5526E-01 DT= 1.5235E-05 ERR= -0.0% DM/M= 0.0000E+00
 ELAPSED TIME=          8.25 s  REMAINING TIME=          4.34 s
 NC=   43100 T= 6.5678E-01 DT= 1.5235E-05 ERR= -0.0% DM/M= 0.0000E+00
 ELAPSED TIME=          8.27 s  REMAINING TIME=          4.32 s
 NC=   43200 T= 6.5830E-01 DT= 1.5235E-05 ERR= -0.0% DM/M= 0.0000E+00
 ELAPSED TIME=          8.29 s  REMAINING TIME=          4.30 s
 NC=   43300 T= 6.5983E-01 DT= 1.5235E-05 ERR= -0.0% DM/M= 0.0000E+00
 ELAPSED TIME=          8.30 s  REMAINING TIME=          4.28 s
 NC=   43400 T= 6.6135E-01 DT= 1.5235E-05 ERR= -0.0% DM/M= 0.0000E+00
 ELAPSED TIME=          8.32 s  REMAINING TIME=          4.26 s
 NC=   43500 T= 6.6287E-01 DT= 1.5235E-05 ERR= -0.0% DM/M= 0.0000E+00
 ELAPSED TIME=          8.34 s  REMAINING TIME=          4.24 s
 NC=   43600 T= 6.6440E-01 DT= 1.5235E-05 ERR= -0.0% DM/M= 0.0000E+00
 ELAPSED TIME=          8.36 s  REMAINING TIME=          4.22 s
 NC=   43700 T= 6.6592E-01 DT= 1.5235E-05 ERR= -0.0% DM/M= 0.0000E+00
 ELAPSED TIME=          8.38 s  REMAINING TIME=          4.20 s
 NC=   43800 T= 6.6745E-01 DT= 1.5235E-05 ERR= -0.0% DM/M= 0.0000E+00
 ELAPSED TIME=          8.40 s  REMAINING TIME=          4.18 s
 NC=   43900 T= 6.6897E-01 DT= 1.5235E-05 ERR= -0.0% DM/M= 0.0000E+00
 ELAPSED TIME=          8.42 s  REMAINING TIME=          4.17 s
 NC=   44000 T= 6.7049E-01 DT= 1.5235E-05 ERR= -0.0% DM/M= 0.0000E+00
 ELAPSED TIME=          8.44 s  REMAINING TIME=          4.15 s
 NC=   44100 T= 6.7202E-01 DT= 1.5235E-05 ERR= -0.0% DM/M= 0.0000E+00
 ELAPSED TIME=          8.46 s  REMAINING TIME=          4.13 s
 NC=   44200 T= 6.7354E-01 DT= 1.5235E-05 ERR= -0.0% DM/M= 0.0000E+00
 ELAPSED TIME=          8.47 s  REMAINING TIME=          4.11 s
     ANIMATION FILE: A23_w1_CONNECTED_EXTENSION_N4A028 WRITTEN
 NC=   44300 T= 6.7506E-01 DT= 1.5235E-05 ERR= -0.0% DM/M= 0.0000E+00
 ELAPSED TIME=          8.50 s  REMAINING TIME=          4.09 s
 NC=   44400 T= 6.7659E-01 DT= 1.5235E-05 ERR= -0.0% DM/M= 0.0000E+00
 ELAPSED TIME=          8.51 s  REMAINING TIME=          4.07 s
 NC=   44500 T= 6.7811E-01 DT= 1.5235E-05 ERR= -0.0% DM/M= 0.0000E+00
 ELAPSED TIME=          8.53 s  REMAINING TIME=          4.05 s
 NC=   44600 T= 6.7963E-01 DT= 1.5235E-05 ERR= -0.0% DM/M= 0.0000E+00
 ELAPSED TIME=          8.55 s  REMAINING TIME=          4.03 s
 NC=   44700 T= 6.8116E-01 DT= 1.5235E-05 ERR= -0.0% DM/M= 0.0000E+00
 ELAPSED TIME=          8.57 s  REMAINING TIME=          4.01 s
 NC=   44800 T= 6.8268E-01 DT= 1.5235E-05 ERR= -0.0% DM/M= 0.0000E+00
 ELAPSED TIME=          8.59 s  REMAINING TIME=          3.99 s
 NC=   44900 T= 6.8420E-01 DT= 1.5235E-05 ERR= -0.0% DM/M= 0.0000E+00
 ELAPSED TIME=          8.61 s  REMAINING TIME=          3.97 s
 NC=   45000 T= 6.8573E-01 DT= 1.5235E-05 ERR= -0.0% DM/M= 0.0000E+00
 ELAPSED TIME=          8.63 s  REMAINING TIME=          3.95 s
 NC=   45100 T= 6.8725E-01 DT= 1.5235E-05 ERR= -0.0% DM/M= 0.0000E+00
 ELAPSED TIME=          8.65 s  REMAINING TIME=          3.93 s
 NC=   45200 T= 6.8877E-01 DT= 1.5235E-05 ERR= -0.0% DM/M= 0.0000E+00
 ELAPSED TIME=          8.66 s  REMAINING TIME=          3.92 s
 NC=   45300 T= 6.9030E-01 DT= 1.5235E-05 ERR= -0.0% DM/M= 0.0000E+00
 ELAPSED TIME=          8.68 s  REMAINING TIME=          3.90 s
 NC=   45400 T= 6.9182E-01 DT= 1.5235E-05 ERR= -0.0% DM/M= 0.0000E+00
 ELAPSED TIME=          8.70 s  REMAINING TIME=          3.88 s
 NC=   45500 T= 6.9335E-01 DT= 1.5235E-05 ERR= -0.0% DM/M= 0.0000E+00
 ELAPSED TIME=          8.72 s  REMAINING TIME=          3.86 s
 NC=   45600 T= 6.9487E-01 DT= 1.5235E-05 ERR= -0.0% DM/M= 0.0000E+00
 ELAPSED TIME=          8.74 s  REMAINING TIME=          3.84 s
 NC=   45700 T= 6.9639E-01 DT= 1.5235E-05 ERR= -0.0% DM/M= 0.0000E+00
 ELAPSED TIME=          8.76 s  REMAINING TIME=          3.82 s
 NC=   45800 T= 6.9792E-01 DT= 1.5235E-05 ERR= -0.0% DM/M= 0.0000E+00
 ELAPSED TIME=          8.78 s  REMAINING TIME=          3.80 s
 NC=   45900 T= 6.9944E-01 DT= 1.5235E-05 ERR= -0.0% DM/M= 0.0000E+00
 ELAPSED TIME=          8.80 s  REMAINING TIME=          3.78 s
     ANIMATION FILE: A23_w1_CONNECTED_EXTENSION_N4A029 WRITTEN
 NC=   46000 T= 7.0096E-01 DT= 1.5235E-05 ERR= -0.0% DM/M= 0.0000E+00
 ELAPSED TIME=          8.82 s  REMAINING TIME=          3.76 s
 NC=   46100 T= 7.0249E-01 DT= 1.5235E-05 ERR= -0.0% DM/M= 0.0000E+00
 ELAPSED TIME=          8.84 s  REMAINING TIME=          3.74 s
 NC=   46200 T= 7.0401E-01 DT= 1.5235E-05 ERR= -0.0% DM/M= 0.0000E+00
 ELAPSED TIME=          8.85 s  REMAINING TIME=          3.72 s
 NC=   46300 T= 7.0553E-01 DT= 1.5235E-05 ERR= -0.0% DM/M= 0.0000E+00
 ELAPSED TIME=          8.87 s  REMAINING TIME=          3.70 s
 NC=   46400 T= 7.0706E-01 DT= 1.5235E-05 ERR= -0.0% DM/M= 0.0000E+00
 ELAPSED TIME=          8.89 s  REMAINING TIME=          3.68 s
 NC=   46500 T= 7.0858E-01 DT= 1.5235E-05 ERR= -0.0% DM/M= 0.0000E+00
 ELAPSED TIME=          8.91 s  REMAINING TIME=          3.66 s
 NC=   46600 T= 7.1010E-01 DT= 1.5235E-05 ERR= -0.0% DM/M= 0.0000E+00
 ELAPSED TIME=          8.93 s  REMAINING TIME=          3.65 s
 NC=   46700 T= 7.1163E-01 DT= 1.5235E-05 ERR= -0.0% DM/M= 0.0000E+00
 ELAPSED TIME=          8.95 s  REMAINING TIME=          3.63 s
 NC=   46800 T= 7.1315E-01 DT= 1.5235E-05 ERR= -0.0% DM/M= 0.0000E+00
 ELAPSED TIME=          8.97 s  REMAINING TIME=          3.61 s
 NC=   46900 T= 7.1467E-01 DT= 1.5235E-05 ERR= -0.0% DM/M= 0.0000E+00
 ELAPSED TIME=          8.99 s  REMAINING TIME=          3.59 s
 NC=   47000 T= 7.1620E-01 DT= 1.5235E-05 ERR= -0.0% DM/M= 0.0000E+00
 ELAPSED TIME=          9.01 s  REMAINING TIME=          3.57 s
 NC=   47100 T= 7.1772E-01 DT= 1.5235E-05 ERR= -0.0% DM/M= 0.0000E+00
 ELAPSED TIME=          9.02 s  REMAINING TIME=          3.55 s
 NC=   47200 T= 7.1924E-01 DT= 1.5235E-05 ERR= -0.0% DM/M= 0.0000E+00
 ELAPSED TIME=          9.04 s  REMAINING TIME=          3.53 s
 NC=   47300 T= 7.2077E-01 DT= 1.5235E-05 ERR= -0.0% DM/M= 0.0000E+00
 ELAPSED TIME=          9.06 s  REMAINING TIME=          3.51 s
 NC=   47400 T= 7.2229E-01 DT= 1.5235E-05 ERR= -0.0% DM/M= 0.0000E+00
 ELAPSED TIME=          9.08 s  REMAINING TIME=          3.49 s
 NC=   47500 T= 7.2381E-01 DT= 1.5235E-05 ERR= -0.0% DM/M= 0.0000E+00
 ELAPSED TIME=          9.10 s  REMAINING TIME=          3.47 s
     ANIMATION FILE: A23_w1_CONNECTED_EXTENSION_N4A030 WRITTEN
 NC=   47600 T= 7.2534E-01 DT= 1.5235E-05 ERR= -0.0% DM/M= 0.0000E+00
 ELAPSED TIME=          9.12 s  REMAINING TIME=          3.45 s
 NC=   47700 T= 7.2686E-01 DT= 1.5235E-05 ERR= -0.0% DM/M= 0.0000E+00
 ELAPSED TIME=          9.14 s  REMAINING TIME=          3.43 s
 NC=   47800 T= 7.2839E-01 DT= 1.5235E-05 ERR= -0.0% DM/M= 0.0000E+00
 ELAPSED TIME=          9.16 s  REMAINING TIME=          3.41 s
 NC=   47900 T= 7.2991E-01 DT= 1.5235E-05 ERR= -0.0% DM/M= 0.0000E+00
 ELAPSED TIME=          9.18 s  REMAINING TIME=          3.40 s
 NC=   48000 T= 7.3143E-01 DT= 1.5235E-05 ERR= -0.0% DM/M= 0.0000E+00
 ELAPSED TIME=          9.20 s  REMAINING TIME=          3.38 s
 NC=   48100 T= 7.3296E-01 DT= 1.5235E-05 ERR= -0.0% DM/M= 0.0000E+00
 ELAPSED TIME=          9.22 s  REMAINING TIME=          3.36 s
 NC=   48200 T= 7.3448E-01 DT= 1.5235E-05 ERR= -0.0% DM/M= 0.0000E+00
 ELAPSED TIME=          9.23 s  REMAINING TIME=          3.34 s
 NC=   48300 T= 7.3600E-01 DT= 1.5235E-05 ERR= -0.0% DM/M= 0.0000E+00
 ELAPSED TIME=          9.25 s  REMAINING TIME=          3.32 s
 NC=   48400 T= 7.3753E-01 DT= 1.5235E-05 ERR= -0.0% DM/M= 0.0000E+00
 ELAPSED TIME=          9.27 s  REMAINING TIME=          3.30 s
 NC=   48500 T= 7.3905E-01 DT= 1.5235E-05 ERR= -0.0% DM/M= 0.0000E+00
 ELAPSED TIME=          9.29 s  REMAINING TIME=          3.28 s
 NC=   48600 T= 7.4057E-01 DT= 1.5235E-05 ERR= -0.0% DM/M= 0.0000E+00
 ELAPSED TIME=          9.31 s  REMAINING TIME=          3.26 s
 NC=   48700 T= 7.4210E-01 DT= 1.5235E-05 ERR= -0.0% DM/M= 0.0000E+00
 ELAPSED TIME=          9.33 s  REMAINING TIME=          3.24 s
 NC=   48800 T= 7.4362E-01 DT= 1.5234E-05 ERR= -0.0% DM/M= 0.0000E+00
 ELAPSED TIME=          9.35 s  REMAINING TIME=          3.22 s
 NC=   48900 T= 7.4514E-01 DT= 1.5234E-05 ERR= -0.0% DM/M= 0.0000E+00
 ELAPSED TIME=          9.37 s  REMAINING TIME=          3.20 s
 NC=   49000 T= 7.4667E-01 DT= 1.5234E-05 ERR= -0.0% DM/M= 0.0000E+00
 ELAPSED TIME=          9.39 s  REMAINING TIME=          3.18 s
 NC=   49100 T= 7.4819E-01 DT= 1.5234E-05 ERR= -0.0% DM/M= 0.0000E+00
 ELAPSED TIME=          9.40 s  REMAINING TIME=          3.17 s
 NC=   49200 T= 7.4971E-01 DT= 1.5234E-05 ERR= -0.0% DM/M= 0.0000E+00
 ELAPSED TIME=          9.42 s  REMAINING TIME=          3.15 s
     ANIMATION FILE: A23_w1_CONNECTED_EXTENSION_N4A031 WRITTEN
 NC=   49300 T= 7.5124E-01 DT= 1.5234E-05 ERR= -0.0% DM/M= 0.0000E+00
 ELAPSED TIME=          9.44 s  REMAINING TIME=          3.13 s
 NC=   49400 T= 7.5276E-01 DT= 1.5234E-05 ERR= -0.0% DM/M= 0.0000E+00
 ELAPSED TIME=          9.46 s  REMAINING TIME=          3.11 s
 NC=   49500 T= 7.5428E-01 DT= 1.5234E-05 ERR= -0.0% DM/M= 0.0000E+00
 ELAPSED TIME=          9.48 s  REMAINING TIME=          3.09 s
 NC=   49600 T= 7.5581E-01 DT= 1.5234E-05 ERR= -0.0% DM/M= 0.0000E+00
 ELAPSED TIME=          9.50 s  REMAINING TIME=          3.07 s
 NC=   49700 T= 7.5733E-01 DT= 1.5234E-05 ERR= -0.0% DM/M= 0.0000E+00
 ELAPSED TIME=          9.52 s  REMAINING TIME=          3.05 s
 NC=   49800 T= 7.5885E-01 DT= 1.5234E-05 ERR= -0.0% DM/M= 0.0000E+00
 ELAPSED TIME=          9.54 s  REMAINING TIME=          3.03 s
 NC=   49900 T= 7.6038E-01 DT= 1.5234E-05 ERR= -0.0% DM/M= 0.0000E+00
 ELAPSED TIME=          9.56 s  REMAINING TIME=          3.01 s
 NC=   50000 T= 7.6190E-01 DT= 1.5234E-05 ERR= -0.0% DM/M= 0.0000E+00
 ELAPSED TIME=          9.58 s  REMAINING TIME=          2.99 s
 NC=   50100 T= 7.6342E-01 DT= 1.5234E-05 ERR= -0.0% DM/M= 0.0000E+00
 ELAPSED TIME=          9.60 s  REMAINING TIME=          2.97 s
 NC=   50200 T= 7.6495E-01 DT= 1.5234E-05 ERR= -0.0% DM/M= 0.0000E+00
 ELAPSED TIME=          9.61 s  REMAINING TIME=          2.95 s
 NC=   50300 T= 7.6647E-01 DT= 1.5234E-05 ERR= -0.0% DM/M= 0.0000E+00
 ELAPSED TIME=          9.63 s  REMAINING TIME=          2.94 s
 NC=   50400 T= 7.6799E-01 DT= 1.5234E-05 ERR= -0.0% DM/M= 0.0000E+00
 ELAPSED TIME=          9.65 s  REMAINING TIME=          2.92 s
 NC=   50500 T= 7.6952E-01 DT= 1.5234E-05 ERR= -0.0% DM/M= 0.0000E+00
 ELAPSED TIME=          9.67 s  REMAINING TIME=          2.90 s
 NC=   50600 T= 7.7104E-01 DT= 1.5234E-05 ERR= -0.0% DM/M= 0.0000E+00
 ELAPSED TIME=          9.69 s  REMAINING TIME=          2.88 s
 NC=   50700 T= 7.7256E-01 DT= 1.5234E-05 ERR= -0.0% DM/M= 0.0000E+00
 ELAPSED TIME=          9.71 s  REMAINING TIME=          2.86 s
 NC=   50800 T= 7.7409E-01 DT= 1.5234E-05 ERR= -0.0% DM/M= 0.0000E+00
 ELAPSED TIME=          9.73 s  REMAINING TIME=          2.84 s
     ANIMATION FILE: A23_w1_CONNECTED_EXTENSION_N4A032 WRITTEN
 NC=   50900 T= 7.7561E-01 DT= 1.5234E-05 ERR= -0.0% DM/M= 0.0000E+00
 ELAPSED TIME=          9.75 s  REMAINING TIME=          2.82 s
 NC=   51000 T= 7.7714E-01 DT= 1.5234E-05 ERR= -0.0% DM/M= 0.0000E+00
 ELAPSED TIME=          9.77 s  REMAINING TIME=          2.80 s
 NC=   51100 T= 7.7866E-01 DT= 1.5234E-05 ERR= -0.0% DM/M= 0.0000E+00
 ELAPSED TIME=          9.79 s  REMAINING TIME=          2.78 s
 NC=   51200 T= 7.8018E-01 DT= 1.5234E-05 ERR= -0.0% DM/M= 0.0000E+00
 ELAPSED TIME=          9.81 s  REMAINING TIME=          2.76 s
 NC=   51300 T= 7.8171E-01 DT= 1.5234E-05 ERR= -0.0% DM/M= 0.0000E+00
 ELAPSED TIME=          9.82 s  REMAINING TIME=          2.74 s
 NC=   51400 T= 7.8323E-01 DT= 1.5234E-05 ERR= -0.0% DM/M= 0.0000E+00
 ELAPSED TIME=          9.84 s  REMAINING TIME=          2.72 s
 NC=   51500 T= 7.8475E-01 DT= 1.5234E-05 ERR= -0.0% DM/M= 0.0000E+00
 ELAPSED TIME=          9.86 s  REMAINING TIME=          2.70 s
 NC=   51600 T= 7.8628E-01 DT= 1.5234E-05 ERR= -0.0% DM/M= 0.0000E+00
 ELAPSED TIME=          9.88 s  REMAINING TIME=          2.69 s
 NC=   51700 T= 7.8780E-01 DT= 1.5234E-05 ERR= -0.0% DM/M= 0.0000E+00
 ELAPSED TIME=          9.90 s  REMAINING TIME=          2.67 s
 NC=   51800 T= 7.8932E-01 DT= 1.5234E-05 ERR= -0.0% DM/M= 0.0000E+00
 ELAPSED TIME=          9.92 s  REMAINING TIME=          2.65 s
 NC=   51900 T= 7.9085E-01 DT= 1.5234E-05 ERR= -0.0% DM/M= 0.0000E+00
 ELAPSED TIME=          9.94 s  REMAINING TIME=          2.63 s
 NC=   52000 T= 7.9237E-01 DT= 1.5234E-05 ERR= -0.0% DM/M= 0.0000E+00
 ELAPSED TIME=          9.96 s  REMAINING TIME=          2.61 s
 NC=   52100 T= 7.9389E-01 DT= 1.5234E-05 ERR= -0.0% DM/M= 0.0000E+00
 ELAPSED TIME=          9.97 s  REMAINING TIME=          2.59 s
 NC=   52200 T= 7.9542E-01 DT= 1.5234E-05 ERR= -0.0% DM/M= 0.0000E+00
 ELAPSED TIME=          9.99 s  REMAINING TIME=          2.57 s
 NC=   52300 T= 7.9694E-01 DT= 1.5234E-05 ERR= -0.0% DM/M= 0.0000E+00
 ELAPSED TIME=         10.01 s  REMAINING TIME=          2.55 s
 NC=   52400 T= 7.9846E-01 DT= 1.5234E-05 ERR= -0.0% DM/M= 0.0000E+00
 ELAPSED TIME=         10.03 s  REMAINING TIME=          2.53 s
 NC=   52500 T= 7.9999E-01 DT= 1.5234E-05 ERR= -0.0% DM/M= 0.0000E+00
 ELAPSED TIME=         10.05 s  REMAINING TIME=          2.51 s
     ANIMATION FILE: A23_w1_CONNECTED_EXTENSION_N4A033 WRITTEN
 NC=   52600 T= 8.0151E-01 DT= 1.5234E-05 ERR= -0.0% DM/M= 0.0000E+00
 ELAPSED TIME=         10.07 s  REMAINING TIME=          2.49 s
 NC=   52700 T= 8.0303E-01 DT= 1.5234E-05 ERR= -0.0% DM/M= 0.0000E+00
 ELAPSED TIME=         10.09 s  REMAINING TIME=          2.48 s
 NC=   52800 T= 8.0456E-01 DT= 1.5234E-05 ERR= -0.0% DM/M= 0.0000E+00
 ELAPSED TIME=         10.11 s  REMAINING TIME=          2.46 s
 NC=   52900 T= 8.0608E-01 DT= 1.5234E-05 ERR= -0.0% DM/M= 0.0000E+00
 ELAPSED TIME=         10.13 s  REMAINING TIME=          2.44 s
 NC=   53000 T= 8.0760E-01 DT= 1.5234E-05 ERR= -0.0% DM/M= 0.0000E+00
 ELAPSED TIME=         10.15 s  REMAINING TIME=          2.42 s
 NC=   53100 T= 8.0913E-01 DT= 1.5234E-05 ERR= -0.0% DM/M= 0.0000E+00
 ELAPSED TIME=         10.17 s  REMAINING TIME=          2.40 s
 NC=   53200 T= 8.1065E-01 DT= 1.5234E-05 ERR= -0.0% DM/M= 0.0000E+00
 ELAPSED TIME=         10.18 s  REMAINING TIME=          2.38 s
 NC=   53300 T= 8.1217E-01 DT= 1.5234E-05 ERR= -0.0% DM/M= 0.0000E+00
 ELAPSED TIME=         10.21 s  REMAINING TIME=          2.36 s
 NC=   53400 T= 8.1370E-01 DT= 1.5234E-05 ERR= -0.0% DM/M= 0.0000E+00
 ELAPSED TIME=         10.22 s  REMAINING TIME=          2.34 s
 NC=   53500 T= 8.1522E-01 DT= 1.5234E-05 ERR= -0.0% DM/M= 0.0000E+00
 ELAPSED TIME=         10.24 s  REMAINING TIME=          2.32 s
 NC=   53600 T= 8.1674E-01 DT= 1.5234E-05 ERR= -0.0% DM/M= 0.0000E+00
 ELAPSED TIME=         10.26 s  REMAINING TIME=          2.30 s
 NC=   53700 T= 8.1827E-01 DT= 1.5234E-05 ERR= -0.0% DM/M= 0.0000E+00
 ELAPSED TIME=         10.28 s  REMAINING TIME=          2.28 s
 NC=   53800 T= 8.1979E-01 DT= 1.5234E-05 ERR= -0.0% DM/M= 0.0000E+00
 ELAPSED TIME=         10.30 s  REMAINING TIME=          2.26 s
 NC=   53900 T= 8.2131E-01 DT= 1.5234E-05 ERR= -0.0% DM/M= 0.0000E+00
 ELAPSED TIME=         10.32 s  REMAINING TIME=          2.24 s
 NC=   54000 T= 8.2284E-01 DT= 1.5234E-05 ERR= -0.0% DM/M= 0.0000E+00
 ELAPSED TIME=         10.34 s  REMAINING TIME=          2.23 s
 NC=   54100 T= 8.2436E-01 DT= 1.5234E-05 ERR= -0.0% DM/M= 0.0000E+00
 ELAPSED TIME=         10.36 s  REMAINING TIME=          2.21 s
     ANIMATION FILE: A23_w1_CONNECTED_EXTENSION_N4A034 WRITTEN
 NC=   54200 T= 8.2588E-01 DT= 1.5234E-05 ERR= -0.0% DM/M= 0.0000E+00
 ELAPSED TIME=         10.38 s  REMAINING TIME=          2.19 s
 NC=   54300 T= 8.2741E-01 DT= 1.5234E-05 ERR= -0.0% DM/M= 0.0000E+00
 ELAPSED TIME=         10.40 s  REMAINING TIME=          2.17 s
 NC=   54400 T= 8.2893E-01 DT= 1.5234E-05 ERR= -0.0% DM/M= 0.0000E+00
 ELAPSED TIME=         10.42 s  REMAINING TIME=          2.15 s
 NC=   54500 T= 8.3045E-01 DT= 1.5234E-05 ERR= -0.0% DM/M= 0.0000E+00
 ELAPSED TIME=         10.43 s  REMAINING TIME=          2.13 s
 NC=   54600 T= 8.3198E-01 DT= 1.5234E-05 ERR= -0.0% DM/M= 0.0000E+00
 ELAPSED TIME=         10.45 s  REMAINING TIME=          2.11 s
 NC=   54700 T= 8.3350E-01 DT= 1.5234E-05 ERR= -0.0% DM/M= 0.0000E+00
 ELAPSED TIME=         10.47 s  REMAINING TIME=          2.09 s
 NC=   54800 T= 8.3502E-01 DT= 1.5234E-05 ERR= -0.0% DM/M= 0.0000E+00
 ELAPSED TIME=         10.49 s  REMAINING TIME=          2.07 s
 NC=   54900 T= 8.3655E-01 DT= 1.5234E-05 ERR= -0.0% DM/M= 0.0000E+00
 ELAPSED TIME=         10.51 s  REMAINING TIME=          2.05 s
 NC=   55000 T= 8.3807E-01 DT= 1.5234E-05 ERR= -0.0% DM/M= 0.0000E+00
 ELAPSED TIME=         10.53 s  REMAINING TIME=          2.03 s
 NC=   55100 T= 8.3959E-01 DT= 1.5234E-05 ERR= -0.0% DM/M= 0.0000E+00
 ELAPSED TIME=         10.55 s  REMAINING TIME=          2.02 s
 NC=   55200 T= 8.4112E-01 DT= 1.5234E-05 ERR= -0.0% DM/M= 0.0000E+00
 ELAPSED TIME=         10.57 s  REMAINING TIME=          2.00 s
 NC=   55300 T= 8.4264E-01 DT= 1.5234E-05 ERR= -0.0% DM/M= 0.0000E+00
 ELAPSED TIME=         10.59 s  REMAINING TIME=          1.98 s
 NC=   55400 T= 8.4416E-01 DT= 1.5234E-05 ERR= -0.0% DM/M= 0.0000E+00
 ELAPSED TIME=         10.60 s  REMAINING TIME=          1.96 s
 NC=   55500 T= 8.4569E-01 DT= 1.5234E-05 ERR= -0.0% DM/M= 0.0000E+00
 ELAPSED TIME=         10.62 s  REMAINING TIME=          1.94 s
 NC=   55600 T= 8.4721E-01 DT= 1.5234E-05 ERR= -0.0% DM/M= 0.0000E+00
 ELAPSED TIME=         10.64 s  REMAINING TIME=          1.92 s
 NC=   55700 T= 8.4873E-01 DT= 1.5234E-05 ERR= -0.0% DM/M= 0.0000E+00
 ELAPSED TIME=         10.66 s  REMAINING TIME=          1.90 s
     ANIMATION FILE: A23_w1_CONNECTED_EXTENSION_N4A035 WRITTEN
 NC=   55800 T= 8.5026E-01 DT= 1.5234E-05 ERR= -0.0% DM/M= 0.0000E+00
 ELAPSED TIME=         10.68 s  REMAINING TIME=          1.88 s
 NC=   55900 T= 8.5178E-01 DT= 1.5234E-05 ERR= -0.0% DM/M= 0.0000E+00
 ELAPSED TIME=         10.70 s  REMAINING TIME=          1.86 s
 NC=   56000 T= 8.5330E-01 DT= 1.5234E-05 ERR= -0.0% DM/M= 0.0000E+00
 ELAPSED TIME=         10.72 s  REMAINING TIME=          1.84 s
 NC=   56100 T= 8.5483E-01 DT= 1.5234E-05 ERR= -0.0% DM/M= 0.0000E+00
 ELAPSED TIME=         10.74 s  REMAINING TIME=          1.82 s
 NC=   56200 T= 8.5635E-01 DT= 1.5234E-05 ERR= -0.0% DM/M= 0.0000E+00
 ELAPSED TIME=         10.76 s  REMAINING TIME=          1.80 s
 NC=   56300 T= 8.5788E-01 DT= 1.5234E-05 ERR= -0.0% DM/M= 0.0000E+00
 ELAPSED TIME=         10.78 s  REMAINING TIME=          1.79 s
 NC=   56400 T= 8.5940E-01 DT= 1.5234E-05 ERR= -0.0% DM/M= 0.0000E+00
 ELAPSED TIME=         10.79 s  REMAINING TIME=          1.77 s
 NC=   56500 T= 8.6092E-01 DT= 1.5234E-05 ERR= -0.0% DM/M= 0.0000E+00
 ELAPSED TIME=         10.81 s  REMAINING TIME=          1.75 s
 NC=   56600 T= 8.6245E-01 DT= 1.5234E-05 ERR= -0.0% DM/M= 0.0000E+00
 ELAPSED TIME=         10.83 s  REMAINING TIME=          1.73 s
 NC=   56700 T= 8.6397E-01 DT= 1.5234E-05 ERR= -0.0% DM/M= 0.0000E+00
 ELAPSED TIME=         10.85 s  REMAINING TIME=          1.71 s
 NC=   56800 T= 8.6549E-01 DT= 1.5234E-05 ERR= -0.0% DM/M= 0.0000E+00
 ELAPSED TIME=         10.87 s  REMAINING TIME=          1.69 s
 NC=   56900 T= 8.6702E-01 DT= 1.5234E-05 ERR= -0.0% DM/M= 0.0000E+00
 ELAPSED TIME=         10.89 s  REMAINING TIME=          1.67 s
 NC=   57000 T= 8.6854E-01 DT= 1.5234E-05 ERR= -0.0% DM/M= 0.0000E+00
 ELAPSED TIME=         10.91 s  REMAINING TIME=          1.65 s
 NC=   57100 T= 8.7006E-01 DT= 1.5234E-05 ERR= -0.0% DM/M= 0.0000E+00
 ELAPSED TIME=         10.93 s  REMAINING TIME=          1.63 s
 NC=   57200 T= 8.7159E-01 DT= 1.5234E-05 ERR= -0.0% DM/M= 0.0000E+00
 ELAPSED TIME=         10.94 s  REMAINING TIME=          1.61 s
 NC=   57300 T= 8.7311E-01 DT= 1.5234E-05 ERR= -0.0% DM/M= 0.0000E+00
 ELAPSED TIME=         10.96 s  REMAINING TIME=          1.59 s
 NC=   57400 T= 8.7463E-01 DT= 1.5234E-05 ERR= -0.0% DM/M= 0.0000E+00
 ELAPSED TIME=         10.98 s  REMAINING TIME=          1.57 s
     ANIMATION FILE: A23_w1_CONNECTED_EXTENSION_N4A036 WRITTEN
 NC=   57500 T= 8.7616E-01 DT= 1.5234E-05 ERR= -0.0% DM/M= 0.0000E+00
 ELAPSED TIME=         11.00 s  REMAINING TIME=          1.56 s
 NC=   57600 T= 8.7768E-01 DT= 1.5234E-05 ERR= -0.0% DM/M= 0.0000E+00
 ELAPSED TIME=         11.02 s  REMAINING TIME=          1.54 s
 NC=   57700 T= 8.7920E-01 DT= 1.5234E-05 ERR= -0.0% DM/M= 0.0000E+00
 ELAPSED TIME=         11.04 s  REMAINING TIME=          1.52 s
 NC=   57800 T= 8.8073E-01 DT= 1.5234E-05 ERR= -0.0% DM/M= 0.0000E+00
 ELAPSED TIME=         11.06 s  REMAINING TIME=          1.50 s
 NC=   57900 T= 8.8225E-01 DT= 1.5234E-05 ERR= -0.0% DM/M= 0.0000E+00
 ELAPSED TIME=         11.08 s  REMAINING TIME=          1.48 s
 NC=   58000 T= 8.8377E-01 DT= 1.5234E-05 ERR= -0.0% DM/M= 0.0000E+00
 ELAPSED TIME=         11.10 s  REMAINING TIME=          1.46 s
 NC=   58100 T= 8.8530E-01 DT= 1.5234E-05 ERR= -0.0% DM/M= 0.0000E+00
 ELAPSED TIME=         11.12 s  REMAINING TIME=          1.44 s
 NC=   58200 T= 8.8682E-01 DT= 1.5234E-05 ERR= -0.0% DM/M= 0.0000E+00
 ELAPSED TIME=         11.13 s  REMAINING TIME=          1.42 s
 NC=   58300 T= 8.8834E-01 DT= 1.5234E-05 ERR= -0.0% DM/M= 0.0000E+00
 ELAPSED TIME=         11.15 s  REMAINING TIME=          1.40 s
 NC=   58400 T= 8.8987E-01 DT= 1.5234E-05 ERR= -0.0% DM/M= 0.0000E+00
 ELAPSED TIME=         11.17 s  REMAINING TIME=          1.38 s
 NC=   58500 T= 8.9139E-01 DT= 1.5234E-05 ERR= -0.0% DM/M= 0.0000E+00
 ELAPSED TIME=         11.19 s  REMAINING TIME=          1.36 s
 NC=   58600 T= 8.9291E-01 DT= 1.5234E-05 ERR= -0.0% DM/M= 0.0000E+00
 ELAPSED TIME=         11.21 s  REMAINING TIME=          1.34 s
 NC=   58700 T= 8.9444E-01 DT= 1.5234E-05 ERR= -0.0% DM/M= 0.0000E+00
 ELAPSED TIME=         11.23 s  REMAINING TIME=          1.33 s
 NC=   58800 T= 8.9596E-01 DT= 1.5234E-05 ERR= -0.0% DM/M= 0.0000E+00
 ELAPSED TIME=         11.25 s  REMAINING TIME=          1.31 s
 NC=   58900 T= 8.9748E-01 DT= 1.5233E-05 ERR= -0.0% DM/M= 0.0000E+00
 ELAPSED TIME=         11.27 s  REMAINING TIME=          1.29 s
 NC=   59000 T= 8.9901E-01 DT= 1.5233E-05 ERR= -0.0% DM/M= 0.0000E+00
 ELAPSED TIME=         11.29 s  REMAINING TIME=          1.27 s
     ANIMATION FILE: A23_w1_CONNECTED_EXTENSION_N4A037 WRITTEN
 NC=   59100 T= 9.0053E-01 DT= 1.5233E-05 ERR= -0.0% DM/M= 0.0000E+00
 ELAPSED TIME=         11.31 s  REMAINING TIME=          1.25 s
 NC=   59200 T= 9.0205E-01 DT= 1.5233E-05 ERR= -0.0% DM/M= 0.0000E+00
 ELAPSED TIME=         11.33 s  REMAINING TIME=          1.23 s
 NC=   59300 T= 9.0358E-01 DT= 1.5233E-05 ERR= -0.0% DM/M= 0.0000E+00
 ELAPSED TIME=         11.35 s  REMAINING TIME=          1.21 s
 NC=   59400 T= 9.0510E-01 DT= 1.5233E-05 ERR= -0.0% DM/M= 0.0000E+00
 ELAPSED TIME=         11.36 s  REMAINING TIME=          1.19 s
 NC=   59500 T= 9.0662E-01 DT= 1.5233E-05 ERR= -0.0% DM/M= 0.0000E+00
 ELAPSED TIME=         11.38 s  REMAINING TIME=          1.17 s
 NC=   59600 T= 9.0815E-01 DT= 1.5233E-05 ERR= -0.0% DM/M= 0.0000E+00
 ELAPSED TIME=         11.40 s  REMAINING TIME=          1.15 s
 NC=   59700 T= 9.0967E-01 DT= 1.5233E-05 ERR= -0.0% DM/M= 0.0000E+00
 ELAPSED TIME=         11.42 s  REMAINING TIME=          1.13 s
 NC=   59800 T= 9.1119E-01 DT= 1.5233E-05 ERR= -0.0% DM/M= 0.0000E+00
 ELAPSED TIME=         11.44 s  REMAINING TIME=          1.11 s
 NC=   59900 T= 9.1272E-01 DT= 1.5233E-05 ERR= -0.0% DM/M= 0.0000E+00
 ELAPSED TIME=         11.46 s  REMAINING TIME=          1.10 s
 NC=   60000 T= 9.1424E-01 DT= 1.5233E-05 ERR= -0.0% DM/M= 0.0000E+00
 ELAPSED TIME=         11.48 s  REMAINING TIME=          1.08 s
 NC=   60100 T= 9.1576E-01 DT= 1.5233E-05 ERR= -0.0% DM/M= 0.0000E+00
 ELAPSED TIME=         11.50 s  REMAINING TIME=          1.06 s
 NC=   60200 T= 9.1729E-01 DT= 1.5233E-05 ERR= -0.0% DM/M= 0.0000E+00
 ELAPSED TIME=         11.52 s  REMAINING TIME=          1.04 s
 NC=   60300 T= 9.1881E-01 DT= 1.5233E-05 ERR= -0.0% DM/M= 0.0000E+00
 ELAPSED TIME=         11.53 s  REMAINING TIME=          1.02 s
 NC=   60400 T= 9.2033E-01 DT= 1.5233E-05 ERR= -0.0% DM/M= 0.0000E+00
 ELAPSED TIME=         11.55 s  REMAINING TIME=          1.00 s
 NC=   60500 T= 9.2186E-01 DT= 1.5233E-05 ERR= -0.0% DM/M= 0.0000E+00
 ELAPSED TIME=         11.57 s  REMAINING TIME=          0.98 s
 NC=   60600 T= 9.2338E-01 DT= 1.5233E-05 ERR= -0.0% DM/M= 0.0000E+00
 ELAPSED TIME=         11.59 s  REMAINING TIME=          0.96 s
 NC=   60700 T= 9.2490E-01 DT= 1.5233E-05 ERR= -0.0% DM/M= 0.0000E+00
 ELAPSED TIME=         11.61 s  REMAINING TIME=          0.94 s
     ANIMATION FILE: A23_w1_CONNECTED_EXTENSION_N4A038 WRITTEN
 NC=   60800 T= 9.2643E-01 DT= 1.5233E-05 ERR= -0.0% DM/M= 0.0000E+00
 ELAPSED TIME=         11.63 s  REMAINING TIME=          0.92 s
 NC=   60900 T= 9.2795E-01 DT= 1.5233E-05 ERR= -0.0% DM/M= 0.0000E+00
 ELAPSED TIME=         11.65 s  REMAINING TIME=          0.90 s
 NC=   61000 T= 9.2947E-01 DT= 1.5233E-05 ERR= -0.0% DM/M= 0.0000E+00
 ELAPSED TIME=         11.67 s  REMAINING TIME=          0.89 s
 NC=   61100 T= 9.3100E-01 DT= 1.5233E-05 ERR= -0.0% DM/M= 0.0000E+00
 ELAPSED TIME=         11.69 s  REMAINING TIME=          0.87 s
 NC=   61200 T= 9.3252E-01 DT= 1.5233E-05 ERR= -0.0% DM/M= 0.0000E+00
 ELAPSED TIME=         11.71 s  REMAINING TIME=          0.85 s
 NC=   61300 T= 9.3404E-01 DT= 1.5233E-05 ERR= -0.0% DM/M= 0.0000E+00
 ELAPSED TIME=         11.73 s  REMAINING TIME=          0.83 s
 NC=   61400 T= 9.3557E-01 DT= 1.5233E-05 ERR= -0.0% DM/M= 0.0000E+00
 ELAPSED TIME=         11.75 s  REMAINING TIME=          0.81 s
 NC=   61500 T= 9.3709E-01 DT= 1.5233E-05 ERR= -0.0% DM/M= 0.0000E+00
 ELAPSED TIME=         11.77 s  REMAINING TIME=          0.79 s
 NC=   61600 T= 9.3861E-01 DT= 1.5233E-05 ERR= -0.0% DM/M= 0.0000E+00
 ELAPSED TIME=         11.78 s  REMAINING TIME=          0.77 s
 NC=   61700 T= 9.4014E-01 DT= 1.5233E-05 ERR= -0.0% DM/M= 0.0000E+00
 ELAPSED TIME=         11.80 s  REMAINING TIME=          0.75 s
 NC=   61800 T= 9.4166E-01 DT= 1.5233E-05 ERR= -0.0% DM/M= 0.0000E+00
 ELAPSED TIME=         11.82 s  REMAINING TIME=          0.73 s
 NC=   61900 T= 9.4318E-01 DT= 1.5233E-05 ERR= -0.0% DM/M= 0.0000E+00
 ELAPSED TIME=         11.84 s  REMAINING TIME=          0.71 s
 NC=   62000 T= 9.4471E-01 DT= 1.5233E-05 ERR= -0.0% DM/M= 0.0000E+00
 ELAPSED TIME=         11.86 s  REMAINING TIME=          0.69 s
 NC=   62100 T= 9.4623E-01 DT= 1.5233E-05 ERR= -0.0% DM/M= 0.0000E+00
 ELAPSED TIME=         11.88 s  REMAINING TIME=          0.68 s
 NC=   62200 T= 9.4775E-01 DT= 1.5233E-05 ERR= -0.0% DM/M= 0.0000E+00
 ELAPSED TIME=         11.90 s  REMAINING TIME=          0.66 s
 NC=   62300 T= 9.4928E-01 DT= 1.5233E-05 ERR= -0.0% DM/M= 0.0000E+00
 ELAPSED TIME=         11.92 s  REMAINING TIME=          0.64 s
     ANIMATION FILE: A23_w1_CONNECTED_EXTENSION_N4A039 WRITTEN
 NC=   62400 T= 9.5080E-01 DT= 1.5233E-05 ERR= -0.0% DM/M= 0.0000E+00
 ELAPSED TIME=         11.94 s  REMAINING TIME=          0.62 s
 NC=   62500 T= 9.5232E-01 DT= 1.5233E-05 ERR= -0.0% DM/M= 0.0000E+00
 ELAPSED TIME=         11.96 s  REMAINING TIME=          0.60 s
 NC=   62600 T= 9.5385E-01 DT= 1.5233E-05 ERR= -0.0% DM/M= 0.0000E+00
 ELAPSED TIME=         11.97 s  REMAINING TIME=          0.58 s
 NC=   62700 T= 9.5537E-01 DT= 1.5233E-05 ERR= -0.0% DM/M= 0.0000E+00
 ELAPSED TIME=         11.99 s  REMAINING TIME=          0.56 s
 NC=   62800 T= 9.5689E-01 DT= 1.5233E-05 ERR= -0.0% DM/M= 0.0000E+00
 ELAPSED TIME=         12.01 s  REMAINING TIME=          0.54 s
 NC=   62900 T= 9.5842E-01 DT= 1.5233E-05 ERR= -0.0% DM/M= 0.0000E+00
 ELAPSED TIME=         12.03 s  REMAINING TIME=          0.52 s
 NC=   63000 T= 9.5994E-01 DT= 1.5233E-05 ERR= -0.0% DM/M= 0.0000E+00
 ELAPSED TIME=         12.05 s  REMAINING TIME=          0.50 s
 NC=   63100 T= 9.6146E-01 DT= 1.5233E-05 ERR= -0.0% DM/M= 0.0000E+00
 ELAPSED TIME=         12.07 s  REMAINING TIME=          0.48 s
 NC=   63200 T= 9.6299E-01 DT= 1.5233E-05 ERR= -0.0% DM/M= 0.0000E+00
 ELAPSED TIME=         12.09 s  REMAINING TIME=          0.46 s
 NC=   63300 T= 9.6451E-01 DT= 1.5233E-05 ERR= -0.0% DM/M= 0.0000E+00
 ELAPSED TIME=         12.11 s  REMAINING TIME=          0.45 s
 NC=   63400 T= 9.6603E-01 DT= 1.5233E-05 ERR= -0.0% DM/M= 0.0000E+00
 ELAPSED TIME=         12.13 s  REMAINING TIME=          0.43 s
 NC=   63500 T= 9.6756E-01 DT= 1.5233E-05 ERR= -0.0% DM/M= 0.0000E+00
 ELAPSED TIME=         12.14 s  REMAINING TIME=          0.41 s
 NC=   63600 T= 9.6908E-01 DT= 1.5233E-05 ERR= -0.0% DM/M= 0.0000E+00
 ELAPSED TIME=         12.16 s  REMAINING TIME=          0.39 s
 NC=   63700 T= 9.7060E-01 DT= 1.5233E-05 ERR= -0.0% DM/M= 0.0000E+00
 ELAPSED TIME=         12.18 s  REMAINING TIME=          0.37 s
 NC=   63800 T= 9.7213E-01 DT= 1.5233E-05 ERR= -0.0% DM/M= 0.0000E+00
 ELAPSED TIME=         12.20 s  REMAINING TIME=          0.35 s
 NC=   63900 T= 9.7365E-01 DT= 1.5233E-05 ERR= -0.0% DM/M= 0.0000E+00
 ELAPSED TIME=         12.22 s  REMAINING TIME=          0.33 s
     ANIMATION FILE: A23_w1_CONNECTED_EXTENSION_N4A040 WRITTEN
 NC=   64000 T= 9.7517E-01 DT= 1.5233E-05 ERR= -0.0% DM/M= 0.0000E+00
 ELAPSED TIME=         12.24 s  REMAINING TIME=          0.31 s
 NC=   64100 T= 9.7670E-01 DT= 1.5233E-05 ERR= -0.0% DM/M= 0.0000E+00
 ELAPSED TIME=         12.26 s  REMAINING TIME=          0.29 s
 NC=   64200 T= 9.7822E-01 DT= 1.5233E-05 ERR= -0.0% DM/M= 0.0000E+00
 ELAPSED TIME=         12.28 s  REMAINING TIME=          0.27 s
 NC=   64300 T= 9.7974E-01 DT= 1.5233E-05 ERR= -0.0% DM/M= 0.0000E+00
 ELAPSED TIME=         12.30 s  REMAINING TIME=          0.25 s
 NC=   64400 T= 9.8127E-01 DT= 1.5233E-05 ERR= -0.0% DM/M= 0.0000E+00
 ELAPSED TIME=         12.32 s  REMAINING TIME=          0.24 s
 NC=   64500 T= 9.8279E-01 DT= 1.5233E-05 ERR= -0.0% DM/M= 0.0000E+00
 ELAPSED TIME=         12.34 s  REMAINING TIME=          0.22 s
 NC=   64600 T= 9.8431E-01 DT= 1.5233E-05 ERR= -0.0% DM/M= 0.0000E+00
 ELAPSED TIME=         12.36 s  REMAINING TIME=          0.20 s
 NC=   64700 T= 9.8584E-01 DT= 1.5233E-05 ERR= -0.0% DM/M= 0.0000E+00
 ELAPSED TIME=         12.37 s  REMAINING TIME=          0.18 s
 NC=   64800 T= 9.8736E-01 DT= 1.5233E-05 ERR= -0.0% DM/M= 0.0000E+00
 ELAPSED TIME=         12.39 s  REMAINING TIME=          0.16 s
 NC=   64900 T= 9.8888E-01 DT= 1.5233E-05 ERR= -0.0% DM/M= 0.0000E+00
 ELAPSED TIME=         12.41 s  REMAINING TIME=          0.14 s
 NC=   65000 T= 9.9041E-01 DT= 1.5233E-05 ERR= -0.0% DM/M= 0.0000E+00
 ELAPSED TIME=         12.43 s  REMAINING TIME=          0.12 s
 NC=   65100 T= 9.9193E-01 DT= 1.5233E-05 ERR= -0.0% DM/M= 0.0000E+00
 ELAPSED TIME=         12.45 s  REMAINING TIME=          0.10 s
 NC=   65200 T= 9.9345E-01 DT= 1.5233E-05 ERR= -0.0% DM/M= 0.0000E+00
 ELAPSED TIME=         12.47 s  REMAINING TIME=          0.08 s
 NC=   65300 T= 9.9498E-01 DT= 1.5233E-05 ERR= -0.0% DM/M= 0.0000E+00
 ELAPSED TIME=         12.49 s  REMAINING TIME=          0.06 s
 NC=   65400 T= 9.9650E-01 DT= 1.5233E-05 ERR= -0.0% DM/M= 0.0000E+00
 ELAPSED TIME=         12.51 s  REMAINING TIME=          0.04 s
 NC=   65500 T= 9.9802E-01 DT= 1.5233E-05 ERR= -0.0% DM/M= 0.0000E+00
 ELAPSED TIME=         12.52 s  REMAINING TIME=          0.02 s
 NC=   65600 T= 9.9955E-01 DT= 1.5233E-05 ERR= -0.0% DM/M= 0.0000E+00
 ELAPSED TIME=         12.54 s  REMAINING TIME=          0.01 s
     RESTART FILES: A23_w1_CONNECTED_EXTENSION_N4_0001_[0001-0001].rst WRITTEN
     ANIMATION FILE: A23_w1_CONNECTED_EXTENSION_N4A041 WRITTEN
  
                           ** CPU USER TIME **
  
  
                        ** SUMMARY **
  
 #PROC  CONTSORT  CONTFOR   ELEMENT   KINCOND   INTEG     IO        T0        ASM       RESOL    
   1   .8125E+00 .9375E-01 .7312E+01 .4844E+00 .2031E+00 .6875E+00 .1906E+01 .1094E+00 .1248E+02
 
                   ** CUMULATIVE CPU TIME SUMMARY **
  
 CONTACT SORTING.............: .8125E+00     6.51 % 
 CONTACT FORCES..............: .9375E-01     0.75 % 
 ELEMENT FORCES..............: .7312E+01    58.57 % 
 KINEMATIC COND..............: .4844E+00     3.88 % 
 INTEGRATION.................: .2031E+00     1.63 % 
 ASSEMBLING..................: .1094E+00     0.88 % 
 OTHERS (including I/O)......: .3469E+01    27.78 % 
 TOTAL.......................: .1248E+02   100.00 % 
  
                   ** MEMORY USAGE STATISTICS **
  
 TOTAL MEMORY USED .........................:       82 MB
 MAXIMUM MEMORY PER PROCESSOR...............:       82 MB
 MINIMUM MEMORY PER PROCESSOR...............:       82 MB
 AVERAGE MEMORY PER PROCESSOR...............:       82 MB
  
                   ** DISK USAGE STATISTICS **
  
 TOTAL DISK SPACE USED .....................:         24 MB
 ANIMATION/H3D/TH/OUTP SIZE ................:          1 MB
 RESTART FILE SIZE .........................:         22 MB
  
 ELAPSED TIME     =         12.59 s
                          0:00:12
  
     NORMAL TERMINATION      
     TOTAL NUMBER OF CYCLES  :   65631
