 A24_CONNECTED_FREE_ROTATION_X_0001.out
************************************************************************
**                                                                    **
**                                                                    **
**                         OpenRadioss Engine                         **
**                                                                    **
**            Non-linear Finite Element Analysis Software             **
**                                                                    **
**                                                                    **
**                                                                    **
**                  Windows 64 bits, Intel compiler                   **
**                      Double Precision Version                      **
**                                                                    **
**                                                                    **
**                                                                    **
************************************************************************
** OpenRadioss Software                                               **
** COPYRIGHT (C) 2026 Siemens                                         **
** Licensed under GNU Affero General Public License.                  **
** See License file.                                                  **
************************************************************************
 
 NUMBER OF SPMD DOMAINS           1
 NUMBER OF THREADS PER DOMAIN     1
 NUMBER OF HMPP PROCESSES         1
  
 COMPUTATION HARDWARE DESCRIPTION
  
 HOSTNAME     CPU TYPE, FREQUENCY AND MEMORY
 jeux   AMD Ryzen 5 5600 6-Core Processor               (x86_64), 3700 MHz,   6001 MB RAM,  19241 MB swap
  
 STACKSIZE  . . . . . . . . . . . . . . . . . . . . 1430 MB
 THREAD STACKSIZE . . . . . . . . . . . . . . . . . 400 MB
 
************************************************************************


 A24_CONNECTED_FREE_ROTATION_XD01                                                


 FINAL TIME . . . . . . . . . . . . . . . . . . .  0.5000000E-01

 TIME INTERVAL FOR TIME HISTORY PLOTS . . . . . .  0.1000000E-02

 TIME STEP SCALE FACTOR . . . . . . . . . . . . .  0.4000000    

 MINIMUM TIME STEP  . . . . . . . . . . . . . . .   0.000000    


 BRICK TIME STEP SCALE FACTOR . . . . . . . . . .  0.4000000    
 BRICK MINIMUM TIME STEP. . . . . . . . . . . . .   0.000000    
 MIN. TIME STEP FLAG (1:STOP RUN, 2:DELETE BRICK)     1

 QUAD TIME STEP SCALE FACTOR. . . . . . . . . . .  0.4000000    
 QUAD MINIMUM TIME STEP . . . . . . . . . . . . .   0.000000    
 MIN. TIME STEP FLAG (1:STOP RUN, 2:DELETE QUAD).     1

 SHELL TIME STEP SCALE FACTOR . . . . . . . . . .  0.4000000    
 SHELL MINIMUM TIME STEP. . . . . . . . . . . . .   0.000000    
 MIN. TIME FLAG (1:STOP, 2:DELETE, 3:SMALL STRAIN)    2

 TRUSS TIME STEP SCALE FACTOR . . . . . . . . . .  0.4000000    
 TRUSS MINIMUM TIME STEP. . . . . . . . . . . . .   0.000000    
 MIN. TIME FLAG (1:STOP, 2:DELETE). . . . . . . .     0

 BEAM TIME STEP SCALE FACTOR. . . . . . . . . . .  0.4000000    
 BEAM MINIMUM TIME STEP . . . . . . . . . . . . .   0.000000    
 MIN. TIME FLAG (1:STOP, 2:DELETE). . . . . . . .     0

 SPRING TIME STEP SCALE FACTOR. . . . . . . . . .  0.4000000    
 SPRING MINIMUM TIME STEP . . . . . . . . . . . .   0.000000    
 MIN. TIME FLAG (1:STOP, 2:DELETE). . . . . . . .     0

 AIRBAG TIME STEP SCALE FACTOR. . . . . . . . . .  0.4000000    
 AIRBAG MINIMUM TIME STEP . . . . . . . . . . . .   0.000000    
 MIN. TIME FLAG (1:STOP). . . . . . . . . . . . .     0

 CONTACT TIME STEP SCALE FACTOR . . . . . . . . .  0.4000000    
 CONTACT MINIMUM TIME STEP. . . . . . . . . . . .   0.000000    
 MIN. TIME FLAG(1:STOP, 2:REMOVE NODE FROM INTERF)    0

 PRINTOUT CYCLE FREQUENCY . . . . . . . . . . . .  -100

 RESTART CYCLE FREQUENCY. . . . . . . . . . . . .   10000000

 MAXIMUM RESTART WRITE BEFORE OVERWRITE . . . . .     0

 INVERS: INPUT DECK VERSION . . . . . . . . . . .  2026
 ITTYP : FLAG FOR TYPE OF T-FILE. . . . . . . . .     4

 INITIAL TIME STEP. . . . . . . . . . . . . . . .  0.2500000E-04
 MAXIMUM TIME STEP. . . . . . . . . . . . . . . .  0.2500000E-04

 PARALLEL ARITHMETIC ON
 NUMBER OF INTERFACES TO BE ELIMINATED. . . . . .        0

 NUMBER OF PARTS TO BE ELIMINATED . . . . . . . .        0

 NUMBER OF SOLID  ELEMENT BLOCKS TO BE ELIMINATED        0

 NUMBER OF QUAD   ELEMENT BLOCKS TO BE ELIMINATED        0

 NUMBER OF SHELL  ELEMENT BLOCKS TO BE ELIMINATED        0

 NUMBER OF TRUSS  ELEMENT BLOCKS TO BE ELIMINATED        0

 NUMBER OF BEAM   ELEMENT BLOCKS TO BE ELIMINATED        0

 NUMBER OF SPRING ELEMENT BLOCKS TO BE ELIMINATED        0

 NUMBER OF SH_3N  ELEMENT BLOCKS TO BE ELIMINATED        0

 NUMBER OF  SPH PARTICLES BLOCKS TO BE ELIMINATED        0

 NUMBER OF RIGID LINKS. . . . . . . . . . . . . .        0

 NUMBER OF NEW BOUNDARY CONDITIONS. . . . . . . .        0


 TIME FOR FIRST ANIMATION-FILE PLOT . . . . . . .   0.000000    
 TIME INTERVAL FOR ANIMATION-FILE PLOTS . . . . .  0.2500000E-01
 TIME TO STOP ANIMATION-FILE PLOTS. . . . . . . .  0.1000000E+21
 SENSOR FOR ANIMATION-FILE PLOTS. . . . . . . . .          0
 TIME INTERVAL FOR SENSOR ANIMATION-FILE PLOTS. .   0.000000    

 VARIABLE SAVED ON ANIMATION FILES (1: YES) :
      PLASTIC STRAIN. . . . . .     0
      DENSITY     (SOLID ONLY).     0
      SPECIFIC ENERGY . . . . .     1
      HOURGLASS ENERGY. . . . .     0
      TEMPERATURE (SOLID ONLY).     0
      THICKNESS   (SHELL ONLY).     0
      PRESSURE    (SOLID ONLY).     0
      VON MISES . . . . . . . .     0
      TURBULENT ENERGY (FLUID).     0
      TURBULENT VISCOSITY(FLUID)    0
      VORTICITY (FLUID) . . . .     0
 NODAL VALUES SAVED ON ANIMATION FILES (1: YES) :
      PRESSURE. . . . . . . . .     0
      DENSITY . . . . . . . . .     0
      TEMPERATURE . . . . . . .     0
 VECTOR SAVED ON ANIMATION FILES (1: YES) :
      VELOCITY VECTOR . . . . .     1
      DISPLACEMENT VECTOR . . .     1
      ACCELERATION VECTOR . . .     0
      CONTACT FORCES. . . . . .     0
      INTERNAL FORCES . . . . .     0
      EXTERNAL FORCES . . . . .     0
      SECTION RBY RWALL FORCES.     0
      ROTATIONAL VELOCITY VECTOR    0
      CONTACT PRESSURE (VECTORS)    0
 SHELL TENSOR SAVED ON ANIMATION FILES (1: YES) :
      MEMBRANE STRESS . . . . .     0
      BENDING STRESS(MOMENT/T^2)    0
      UPPER LAYER STRESS. . . .     0
      LOWER LAYER STRESS. . . .     0
      MEMBRANE STRAIN . . . . .     0
      CURVATURE . . . . . . . .     0
      UPPER LAYER STRAIN. . . .     0
      LOWER LAYER STRAIN. . . .     0
 NODAL MASS SAVED ON ANIMATION FILES (1: YES) :    1
 KEEP DELETED ELEMENT (1: YES) :    0


 10/10/2026
   CYCLE    TIME      TIME-STEP  ELEMENT          ERROR  I-ENERGY    K-ENERGY T  K-ENERGY R  EXT-WORK     MAS.ERR     TOTAL MASS  MASS ADDED
       0   0.000      0.1211E-04 NODE          21   0.0%   0.000       1240.       134.6       0.000       0.000      0.3660       0.000    
     ANIMATION FILE: A24_CONNECTED_FREE_ROTATION_XA001 WRITTEN
     100  0.1211E-02  0.1211E-04 NODE          31  -0.0%  0.1399E-01   1240.       134.6       0.000       0.000      0.3660       0.000    
     200  0.2421E-02  0.1211E-04 NODE          31  -0.0%  0.1183       1240.       134.6       0.000       0.000      0.3660       0.000    
     300  0.3632E-02  0.1211E-04 NODE          31  -0.0%  0.2610       1240.       134.5       0.000       0.000      0.3660       0.000    
     400  0.4843E-02  0.1211E-04 NODE          31  -0.0%  0.3516       1240.       134.5       0.000       0.000      0.3660       0.000    
     500  0.6053E-02  0.1211E-04 NODE          21  -0.0%  0.3848       1240.       134.5       0.000       0.000      0.3660       0.000    
     600  0.7264E-02  0.1211E-04 NODE          21  -0.0%  0.4587       1239.       134.5       0.000       0.000      0.3660       0.000    
     700  0.8474E-02  0.1211E-04 NODE          21  -0.0%  0.6032       1239.       134.4       0.000       0.000      0.3660       0.000    
     800  0.9685E-02  0.1211E-04 NODE          21  -0.0%  0.8773       1239.       134.4       0.000       0.000      0.3660       0.000    
     900  0.1090E-01  0.1211E-04 NODE          21  -0.0%   1.246       1239.       134.5       0.000       0.000      0.3660       0.000    
    1000  0.1211E-01  0.1211E-04 NODE          21  -0.0%   1.652       1238.       134.7       0.000       0.000      0.3660       0.000    
    1100  0.1332E-01  0.1210E-04 NODE          21  -0.0%   2.023       1238.       134.7       0.000       0.000      0.3660       0.000    
    1200  0.1453E-01  0.1210E-04 NODE          21  -0.0%   2.349       1237.       134.6       0.000       0.000      0.3660       0.000    
    1300  0.1574E-01  0.1210E-04 NODE          21  -0.0%   2.648       1237.       134.5       0.000       0.000      0.3660       0.000    
    1400  0.1695E-01  0.1210E-04 NODE          21  -0.0%   2.866       1237.       134.3       0.000       0.000      0.3660       0.000    
    1500  0.1816E-01  0.1210E-04 NODE          21  -0.0%   2.884       1237.       134.1       0.000       0.000      0.3660       0.000    
    1600  0.1937E-01  0.1210E-04 NODE          21  -0.0%   2.783       1238.       134.0       0.000       0.000      0.3660       0.000    
    1700  0.2058E-01  0.1210E-04 NODE          21  -0.0%   2.691       1238.       134.0       0.000       0.000      0.3660       0.000    
    1800  0.2179E-01  0.1209E-04 NODE          21  -0.0%   2.548       1238.       134.1       0.000       0.000      0.3660       0.000    
    1900  0.2300E-01  0.1209E-04 NODE          21  -0.0%   2.327       1238.       134.2       0.000       0.000      0.3660       0.000    
    2000  0.2421E-01  0.1209E-04 NODE          21  -0.0%   2.122       1238.       134.2       0.000       0.000      0.3660       0.000    
     ANIMATION FILE: A24_CONNECTED_FREE_ROTATION_XA002 WRITTEN
    2100  0.2541E-01  0.1209E-04 NODE          21  -0.0%   1.994       1238.       134.1       0.000       0.000      0.3660       0.000    
    2200  0.2662E-01  0.1208E-04 NODE          21  -0.0%   1.922       1238.       134.1       0.000       0.000      0.3660       0.000    
    2300  0.2783E-01  0.1208E-04 NODE          21  -0.0%   1.889       1238.       133.9       0.000       0.000      0.3660       0.000    
    2400  0.2904E-01  0.1207E-04 NODE          21  -0.0%   1.863       1239.       133.6       0.000       0.000      0.3660       0.000    
    2500  0.3024E-01  0.1207E-04 NODE          21  -0.0%   1.886       1239.       133.3       0.000       0.000      0.3660       0.000    
    2600  0.3145E-01  0.1207E-04 NODE          21  -0.0%   1.949       1239.       133.3       0.000       0.000      0.3660       0.000    
    2700  0.3266E-01  0.1206E-04 NODE          21  -0.0%   2.046       1239.       133.4       0.000       0.000      0.3660       0.000    
    2800  0.3386E-01  0.1206E-04 NODE          21  -0.0%   2.179       1238.       133.5       0.000       0.000      0.3660       0.000    
    2900  0.3507E-01  0.1205E-04 NODE          21  -0.0%   2.392       1238.       133.7       0.000       0.000      0.3660       0.000    
    3000  0.3627E-01  0.1205E-04 NODE          21  -0.0%   2.689       1238.       133.8       0.000       0.000      0.3660       0.000    
    3100  0.3748E-01  0.1205E-04 NODE          21  -0.0%   3.064       1237.       133.8       0.000       0.000      0.3660       0.000    
    3200  0.3868E-01  0.1204E-04 NODE          21  -0.0%   3.353       1237.       133.6       0.000       0.000      0.3660       0.000    
    3300  0.3989E-01  0.1204E-04 NODE          21  -0.0%   3.526       1237.       133.3       0.000       0.000      0.3660       0.000    
    3400  0.4109E-01  0.1204E-04 NODE          21  -0.0%   3.726       1237.       133.1       0.000       0.000      0.3660       0.000    
    3500  0.4230E-01  0.1204E-04 NODE          21  -0.0%   4.061       1237.       133.0       0.000       0.000      0.3660       0.000    
    3600  0.4350E-01  0.1203E-04 NODE          21  -0.0%   4.472       1237.       133.0       0.000       0.000      0.3660       0.000    
    3700  0.4470E-01  0.1203E-04 NODE          21  -0.0%   4.983       1236.       133.2       0.000       0.000      0.3660       0.000    
    3800  0.4591E-01  0.1203E-04 NODE          21  -0.0%   5.573       1235.       133.4       0.000       0.000      0.3660       0.000    
    3900  0.4711E-01  0.1203E-04 NODE          21  -0.0%   6.183       1234.       133.7       0.000       0.000      0.3660       0.000    
    4000  0.4831E-01  0.1202E-04 NODE          21  -0.0%   6.737       1233.       133.8       0.000       0.000      0.3660       0.000    
    4100  0.4951E-01  0.1202E-04 NODE          21  -0.0%   7.218       1233.       133.7       0.000       0.000      0.3660       0.000    

     RESTART FILES: A24_CONNECTED_FREE_ROTATION_X_0001_[0001-0001].rst WRITTEN
     -------------

     ANIMATION FILE: A24_CONNECTED_FREE_ROTATION_XA003 WRITTEN
  
                           ** CPU USER TIME **
  
  
                        ** SUMMARY **
  
 #PROC  CONTSORT  CONTFOR   ELEMENT   KINCOND   INTEG     IO        T0        ASM       RESOL    
   1   .4688E-01 .0000E+00 .5000E+00 .0000E+00 .1562E-01 .7812E-01 .9375E-01 .0000E+00 .8125E+00
  
 
                   ** CUMULATIVE CPU TIME SUMMARY **
  
 CONTACT SORTING.............: .4688E-01     5.77 % 
 CONTACT FORCES..............: .0000E+00     0.00 % 
 ELEMENT FORCES..............: .5000E+00    61.54 % 
 KINEMATIC COND..............: .0000E+00     0.00 % 
 INTEGRATION.................: .1562E-01     1.92 % 
 ASSEMBLING..................: .0000E+00     0.00 % 
 OTHERS (including I/O)......: .2500E+00    30.77 % 
 TOTAL.......................: .8125E+00   100.00 % 
  
  
                           ** ELAPSED TIME **
  
  
                        ** SUMMARY **
  
 #PROC  CONTSORT  CONTFOR   ELEMENT   KINCOND   INTEG     IO        T0        ASM       RESOL    
   1   .6047E-01 .8005E-02 .5009E+00 .1324E-01 .1731E-01 .4567E-01 .8198E-01 .1300E-01 .8161E+00
  
                   ** MEMORY USAGE STATISTICS **
  
 TOTAL MEMORY USED .........................:       60 MB
 MAXIMUM MEMORY PER PROCESSOR...............:       60 MB
 MINIMUM MEMORY PER PROCESSOR...............:       60 MB
 AVERAGE MEMORY PER PROCESSOR...............:       60 MB
  
                   ** DISK USAGE STATISTICS **
  
 TOTAL DISK SPACE USED .....................:          0 MB
 ANIMATION/H3D/TH/OUTP SIZE ................:          0 MB
 RESTART FILE SIZE .........................:          0 MB
  
                   ** COMPUTE TIME INFORMATION **
                        ** CURRENT ENGINE **
  
 EXECUTION STARTED .........................:      2026/10/10  11:16:08
 EXECUTION COMPLETED .......................:      2026/10/10  11:16:09
  
 ELAPSED TIME     =          0.85 s
                          0:00:00



     NORMAL TERMINATION      



     TOTAL NUMBER OF CYCLES  :    4142

  
                   ** COMPUTE RUNTIME INFORMATION SUMMARY **
  
        STARTER RUNTIME =          0.66s (00:00:00)
 # 001   ENGINE RUNTIME =          0.85s (00:00:00)
 ------------------------------ 
 STARTER+ENGINE RUNTIME =          1.51s (00:00:01)
  
