************************************************************************
**                                                                    **
**                                                                    **
**                         OpenRadioss Engine                         **
**                                                                    **
**            Non-linear Finite Element Analysis Software             **
**                                                                    **
**                                                                    **
**                                                                    **
**                  Windows 64 bits, Intel compiler                   **
**                      Double Precision Version                      **
**                                                                    **
**                                                                    **
**                                                                    **
************************************************************************
** OpenRadioss Software                                               **
** COPYRIGHT (C) 2026 Siemens                                         **
** Licensed under GNU Affero General Public License.                  **
** See License file.                                                  **
************************************************************************
 
 ROOT: A26_BENDING_N12  RESTART: 0001
 NUMBER OF HMPP PROCESSES     1
 10/10/2026
 NC=       0 T= 0.0000E+00 DT= 2.5000E-05 ERR=  0.0% DM/M= 0.0000E+00
     ANIMATION FILE: A26_BENDING_N12A001 WRITTEN
 NC=     100 T= 2.5000E-03 DT= 2.5000E-05 ERR= 59.1% DM/M= 0.0000E+00
 ELAPSED TIME=          0.05 s  REMAINING TIME=          2.08 s
 NC=     200 T= 5.0000E-03 DT= 2.5000E-05 ERR=-99.9% DM/M= 0.0000E+00
 ELAPSED TIME=          0.07 s  REMAINING TIME=          1.34 s
 NC=     300 T= 7.5000E-03 DT= 2.5000E-05 ERR=-99.9% DM/M= 0.0000E+00
 ELAPSED TIME=          0.09 s  REMAINING TIME=          1.08 s
 NC=     400 T= 1.0000E-02 DT= 2.5000E-05 ERR=-99.9% DM/M= 0.0000E+00
 ELAPSED TIME=          0.10 s  REMAINING TIME=          0.94 s
 NC=     500 T= 1.2500E-02 DT= 2.5000E-05 ERR=-99.9% DM/M= 0.0000E+00
 ELAPSED TIME=          0.12 s  REMAINING TIME=          0.86 s
 NC=     600 T= 1.5000E-02 DT= 2.5000E-05 ERR=-99.9% DM/M= 0.0000E+00
 ELAPSED TIME=          0.14 s  REMAINING TIME=          0.79 s
 NC=     700 T= 1.7500E-02 DT= 2.5000E-05 ERR=-99.9% DM/M= 0.0000E+00
 ELAPSED TIME=          0.16 s  REMAINING TIME=          0.74 s
 NC=     800 T= 2.0000E-02 DT= 2.5000E-05 ERR=-99.9% DM/M= 0.0000E+00
 ELAPSED TIME=          0.17 s  REMAINING TIME=          0.70 s
 NC=     900 T= 2.2500E-02 DT= 2.5000E-05 ERR=-99.9% DM/M= 0.0000E+00
 ELAPSED TIME=          0.19 s  REMAINING TIME=          0.66 s
 NC=    1000 T= 2.5000E-02 DT= 2.5000E-05 ERR=-99.9% DM/M= 0.0000E+00
 ELAPSED TIME=          0.21 s  REMAINING TIME=          0.63 s
     ANIMATION FILE: A26_BENDING_N12A002 WRITTEN
 NC=    1100 T= 2.7500E-02 DT= 2.5000E-05 ERR=-99.9% DM/M= 0.0000E+00
 ELAPSED TIME=          0.23 s  REMAINING TIME=          0.60 s
 NC=    1200 T= 3.0000E-02 DT= 2.5000E-05 ERR=-99.9% DM/M= 0.0000E+00
 ELAPSED TIME=          0.25 s  REMAINING TIME=          0.58 s
 NC=    1300 T= 3.2500E-02 DT= 2.5000E-05 ERR=-99.9% DM/M= 0.0000E+00
 ELAPSED TIME=          0.27 s  REMAINING TIME=          0.55 s
 NC=    1400 T= 3.5000E-02 DT= 2.5000E-05 ERR=-99.9% DM/M= 0.0000E+00
 ELAPSED TIME=          0.28 s  REMAINING TIME=          0.53 s
 NC=    1500 T= 3.7500E-02 DT= 2.5000E-05 ERR=-99.9% DM/M= 0.0000E+00
 ELAPSED TIME=          0.30 s  REMAINING TIME=          0.50 s
 NC=    1600 T= 4.0000E-02 DT= 2.5000E-05 ERR=-99.9% DM/M= 0.0000E+00
 ELAPSED TIME=          0.32 s  REMAINING TIME=          0.48 s
 NC=    1700 T= 4.2500E-02 DT= 2.5000E-05 ERR=-99.9% DM/M= 0.0000E+00
 ELAPSED TIME=          0.34 s  REMAINING TIME=          0.46 s
 NC=    1800 T= 4.5000E-02 DT= 2.5000E-05 ERR=-99.9% DM/M= 0.0000E+00
 ELAPSED TIME=          0.36 s  REMAINING TIME=          0.44 s
 NC=    1900 T= 4.7500E-02 DT= 2.5000E-05 ERR=-99.9% DM/M= 0.0000E+00
 ELAPSED TIME=          0.38 s  REMAINING TIME=          0.42 s
 NC=    2000 T= 5.0000E-02 DT= 2.5000E-05 ERR=-99.9% DM/M= 0.0000E+00
 ELAPSED TIME=          0.39 s  REMAINING TIME=          0.39 s
     ANIMATION FILE: A26_BENDING_N12A003 WRITTEN
 NC=    2100 T= 5.2500E-02 DT= 2.5000E-05 ERR=-99.9% DM/M= 0.0000E+00
 ELAPSED TIME=          0.41 s  REMAINING TIME=          0.37 s
 NC=    2200 T= 5.5000E-02 DT= 2.5000E-05 ERR=-99.9% DM/M= 0.0000E+00
 ELAPSED TIME=          0.43 s  REMAINING TIME=          0.35 s
 NC=    2300 T= 5.7500E-02 DT= 2.5000E-05 ERR=-99.9% DM/M= 0.0000E+00
 ELAPSED TIME=          0.45 s  REMAINING TIME=          0.33 s
 NC=    2400 T= 6.0000E-02 DT= 2.5000E-05 ERR=-99.9% DM/M= 0.0000E+00
 ELAPSED TIME=          0.47 s  REMAINING TIME=          0.31 s
 NC=    2500 T= 6.2500E-02 DT= 2.5000E-05 ERR=-99.9% DM/M= 0.0000E+00
 ELAPSED TIME=          0.48 s  REMAINING TIME=          0.29 s
 NC=    2600 T= 6.5000E-02 DT= 2.5000E-05 ERR=-99.9% DM/M= 0.0000E+00
 ELAPSED TIME=          0.50 s  REMAINING TIME=          0.27 s
 NC=    2700 T= 6.7500E-02 DT= 2.5000E-05 ERR=-99.9% DM/M= 0.0000E+00
 ELAPSED TIME=          0.52 s  REMAINING TIME=          0.25 s
 NC=    2800 T= 7.0000E-02 DT= 2.5000E-05 ERR=-99.9% DM/M= 0.0000E+00
 ELAPSED TIME=          0.54 s  REMAINING TIME=          0.23 s
 NC=    2900 T= 7.2500E-02 DT= 2.5000E-05 ERR=-99.9% DM/M= 0.0000E+00
 ELAPSED TIME=          0.55 s  REMAINING TIME=          0.21 s
 NC=    3000 T= 7.5000E-02 DT= 2.5000E-05 ERR=-99.9% DM/M= 0.0000E+00
 ELAPSED TIME=          0.57 s  REMAINING TIME=          0.19 s
     ANIMATION FILE: A26_BENDING_N12A004 WRITTEN
 NC=    3100 T= 7.7500E-02 DT= 2.5000E-05 ERR=-99.9% DM/M= 0.0000E+00
 ELAPSED TIME=          0.59 s  REMAINING TIME=          0.17 s
 NC=    3200 T= 8.0000E-02 DT= 2.5000E-05 ERR=-99.9% DM/M= 0.0000E+00
 ELAPSED TIME=          0.61 s  REMAINING TIME=          0.15 s
 NC=    3300 T= 8.2500E-02 DT= 2.5000E-05 ERR=-99.9% DM/M= 0.0000E+00
 ELAPSED TIME=          0.62 s  REMAINING TIME=          0.13 s
 NC=    3400 T= 8.5000E-02 DT= 2.5000E-05 ERR=-99.9% DM/M= 0.0000E+00
 ELAPSED TIME=          0.64 s  REMAINING TIME=          0.11 s
 NC=    3500 T= 8.7500E-02 DT= 2.5000E-05 ERR=-99.9% DM/M= 0.0000E+00
 ELAPSED TIME=          0.66 s  REMAINING TIME=          0.09 s
 NC=    3600 T= 9.0000E-02 DT= 2.5000E-05 ERR=-99.9% DM/M= 0.0000E+00
 ELAPSED TIME=          0.68 s  REMAINING TIME=          0.08 s
 NC=    3700 T= 9.2500E-02 DT= 2.5000E-05 ERR=-99.9% DM/M= 0.0000E+00
 ELAPSED TIME=          0.69 s  REMAINING TIME=          0.06 s
 NC=    3800 T= 9.5000E-02 DT= 2.5000E-05 ERR=-99.9% DM/M= 0.0000E+00
 ELAPSED TIME=          0.71 s  REMAINING TIME=          0.04 s
 NC=    3900 T= 9.7500E-02 DT= 2.5000E-05 ERR=-99.9% DM/M= 0.0000E+00
 ELAPSED TIME=          0.73 s  REMAINING TIME=          0.02 s
 NC=    4000 T= 1.0000E-01 DT= 2.5000E-05 ERR=-99.9% DM/M= 0.0000E+00
 ELAPSED TIME=          0.75 s  REMAINING TIME=          0.00 s
     RESTART FILES: A26_BENDING_N12_0001_[0001-0001].rst WRITTEN
     ANIMATION FILE: A26_BENDING_N12A005 WRITTEN
  
                           ** CPU USER TIME **
  
  
                        ** SUMMARY **
  
 #PROC  ELEMENT   KINCOND   INTEG     IO        T0        ASM       RESOL    
   1   .4531E+00 .4688E-01 .0000E+00 .6250E-01 .1094E+00 .3125E-01 .7188E+00
 
                   ** CUMULATIVE CPU TIME SUMMARY **
  
 CONTACT SORTING.............: .0000E+00     0.00 % 
 CONTACT FORCES..............: .0000E+00     0.00 % 
 ELEMENT FORCES..............: .4531E+00    63.04 % 
 KINEMATIC COND..............: .4688E-01     6.52 % 
 INTEGRATION.................: .0000E+00     0.00 % 
 ASSEMBLING..................: .3125E-01     4.35 % 
 OTHERS (including I/O)......: .1875E+00    26.09 % 
 TOTAL.......................: .7188E+00   100.00 % 
  
                   ** MEMORY USAGE STATISTICS **
  
 TOTAL MEMORY USED .........................:       50 MB
 MAXIMUM MEMORY PER PROCESSOR...............:       50 MB
 MINIMUM MEMORY PER PROCESSOR...............:       50 MB
 AVERAGE MEMORY PER PROCESSOR...............:       50 MB
  
                   ** DISK USAGE STATISTICS **
  
 TOTAL DISK SPACE USED .....................:          2 MB
 ANIMATION/H3D/TH/OUTP SIZE ................:          0 MB
 RESTART FILE SIZE .........................:          1 MB
  
 ELAPSED TIME     =          0.75 s
                          0:00:00
  
     NORMAL TERMINATION      
     TOTAL NUMBER OF CYCLES  :    4002
