 A24_CONNECTED_EXTENSION_S10_N8_0001.out
************************************************************************
**                                                                    **
**                                                                    **
**                         OpenRadioss Engine                         **
**                                                                    **
**            Non-linear Finite Element Analysis Software             **
**                                                                    **
**                                                                    **
**                                                                    **
**                  Windows 64 bits, Intel compiler                   **
**                      Double Precision Version                      **
**                                                                    **
**                                                                    **
**                                                                    **
************************************************************************
** OpenRadioss Software                                               **
** COPYRIGHT (C) 2026 Siemens                                         **
** Licensed under GNU Affero General Public License.                  **
** See License file.                                                  **
************************************************************************
 
 NUMBER OF SPMD DOMAINS           1
 NUMBER OF THREADS PER DOMAIN     1
 NUMBER OF HMPP PROCESSES         1
  
 COMPUTATION HARDWARE DESCRIPTION
  
 HOSTNAME     CPU TYPE, FREQUENCY AND MEMORY
 jeux   AMD Ryzen 5 5600 6-Core Processor               (x86_64), 3700 MHz,   5631 MB RAM,  19241 MB swap
  
 STACKSIZE  . . . . . . . . . . . . . . . . . . . . 1430 MB
 THREAD STACKSIZE . . . . . . . . . . . . . . . . . 400 MB
 
************************************************************************


 A24_CONNECTED_EXTENSION_S10_N8D01                                               


 FINAL TIME . . . . . . . . . . . . . . . . . . .  0.1000000    

 TIME INTERVAL FOR TIME HISTORY PLOTS . . . . . .  0.1000000E-02

 TIME STEP SCALE FACTOR . . . . . . . . . . . . .  0.4000000    

 MINIMUM TIME STEP  . . . . . . . . . . . . . . .   0.000000    


 BRICK TIME STEP SCALE FACTOR . . . . . . . . . .  0.4000000    
 BRICK MINIMUM TIME STEP. . . . . . . . . . . . .   0.000000    
 MIN. TIME STEP FLAG (1:STOP RUN, 2:DELETE BRICK)     1

 QUAD TIME STEP SCALE FACTOR. . . . . . . . . . .  0.4000000    
 QUAD MINIMUM TIME STEP . . . . . . . . . . . . .   0.000000    
 MIN. TIME STEP FLAG (1:STOP RUN, 2:DELETE QUAD).     1

 SHELL TIME STEP SCALE FACTOR . . . . . . . . . .  0.4000000    
 SHELL MINIMUM TIME STEP. . . . . . . . . . . . .   0.000000    
 MIN. TIME FLAG (1:STOP, 2:DELETE, 3:SMALL STRAIN)    2

 TRUSS TIME STEP SCALE FACTOR . . . . . . . . . .  0.4000000    
 TRUSS MINIMUM TIME STEP. . . . . . . . . . . . .   0.000000    
 MIN. TIME FLAG (1:STOP, 2:DELETE). . . . . . . .     0

 BEAM TIME STEP SCALE FACTOR. . . . . . . . . . .  0.4000000    
 BEAM MINIMUM TIME STEP . . . . . . . . . . . . .   0.000000    
 MIN. TIME FLAG (1:STOP, 2:DELETE). . . . . . . .     0

 SPRING TIME STEP SCALE FACTOR. . . . . . . . . .  0.4000000    
 SPRING MINIMUM TIME STEP . . . . . . . . . . . .   0.000000    
 MIN. TIME FLAG (1:STOP, 2:DELETE). . . . . . . .     0

 AIRBAG TIME STEP SCALE FACTOR. . . . . . . . . .  0.4000000    
 AIRBAG MINIMUM TIME STEP . . . . . . . . . . . .   0.000000    
 MIN. TIME FLAG (1:STOP). . . . . . . . . . . . .     0

 CONTACT TIME STEP SCALE FACTOR . . . . . . . . .  0.4000000    
 CONTACT MINIMUM TIME STEP. . . . . . . . . . . .   0.000000    
 MIN. TIME FLAG(1:STOP, 2:REMOVE NODE FROM INTERF)    0

 PRINTOUT CYCLE FREQUENCY . . . . . . . . . . . .  -100

 RESTART CYCLE FREQUENCY. . . . . . . . . . . . .   10000000

 MAXIMUM RESTART WRITE BEFORE OVERWRITE . . . . .     0

 INVERS: INPUT DECK VERSION . . . . . . . . . . .  2026
 ITTYP : FLAG FOR TYPE OF T-FILE. . . . . . . . .     4

 INITIAL TIME STEP. . . . . . . . . . . . . . . .  0.2500000E-04
 MAXIMUM TIME STEP. . . . . . . . . . . . . . . .  0.2500000E-04

 PARALLEL ARITHMETIC ON
 NUMBER OF INTERFACES TO BE ELIMINATED. . . . . .        0

 NUMBER OF PARTS TO BE ELIMINATED . . . . . . . .        0

 NUMBER OF SOLID  ELEMENT BLOCKS TO BE ELIMINATED        0

 NUMBER OF QUAD   ELEMENT BLOCKS TO BE ELIMINATED        0

 NUMBER OF SHELL  ELEMENT BLOCKS TO BE ELIMINATED        0

 NUMBER OF TRUSS  ELEMENT BLOCKS TO BE ELIMINATED        0

 NUMBER OF BEAM   ELEMENT BLOCKS TO BE ELIMINATED        0

 NUMBER OF SPRING ELEMENT BLOCKS TO BE ELIMINATED        0

 NUMBER OF SH_3N  ELEMENT BLOCKS TO BE ELIMINATED        0

 NUMBER OF  SPH PARTICLES BLOCKS TO BE ELIMINATED        0

 NUMBER OF RIGID LINKS. . . . . . . . . . . . . .        0

 NUMBER OF NEW BOUNDARY CONDITIONS. . . . . . . .        0


 TIME FOR FIRST ANIMATION-FILE PLOT . . . . . . .   0.000000    
 TIME INTERVAL FOR ANIMATION-FILE PLOTS . . . . .  0.2500000E-01
 TIME TO STOP ANIMATION-FILE PLOTS. . . . . . . .  0.1000000E+21
 SENSOR FOR ANIMATION-FILE PLOTS. . . . . . . . .          0
 TIME INTERVAL FOR SENSOR ANIMATION-FILE PLOTS. .   0.000000    

 VARIABLE SAVED ON ANIMATION FILES (1: YES) :
      PLASTIC STRAIN. . . . . .     0
      DENSITY     (SOLID ONLY).     0
      SPECIFIC ENERGY . . . . .     1
      HOURGLASS ENERGY. . . . .     0
      TEMPERATURE (SOLID ONLY).     0
      THICKNESS   (SHELL ONLY).     0
      PRESSURE    (SOLID ONLY).     0
      VON MISES . . . . . . . .     0
      TURBULENT ENERGY (FLUID).     0
      TURBULENT VISCOSITY(FLUID)    0
      VORTICITY (FLUID) . . . .     0
 NODAL VALUES SAVED ON ANIMATION FILES (1: YES) :
      PRESSURE. . . . . . . . .     0
      DENSITY . . . . . . . . .     0
      TEMPERATURE . . . . . . .     0
 VECTOR SAVED ON ANIMATION FILES (1: YES) :
      VELOCITY VECTOR . . . . .     1
      DISPLACEMENT VECTOR . . .     1
      ACCELERATION VECTOR . . .     0
      CONTACT FORCES. . . . . .     0
      INTERNAL FORCES . . . . .     0
      EXTERNAL FORCES . . . . .     0
      SECTION RBY RWALL FORCES.     0
      ROTATIONAL VELOCITY VECTOR    0
      CONTACT PRESSURE (VECTORS)    0
 SHELL TENSOR SAVED ON ANIMATION FILES (1: YES) :
      MEMBRANE STRESS . . . . .     0
      BENDING STRESS(MOMENT/T^2)    0
      UPPER LAYER STRESS. . . .     0
      LOWER LAYER STRESS. . . .     0
      MEMBRANE STRAIN . . . . .     0
      CURVATURE . . . . . . . .     0
      UPPER LAYER STRAIN. . . .     0
      LOWER LAYER STRAIN. . . .     0
 NODAL MASS SAVED ON ANIMATION FILES (1: YES) :    1
 KEEP DELETED ELEMENT (1: YES) :    0


 10/10/2026
   CYCLE    TIME      TIME-STEP  ELEMENT          ERROR  I-ENERGY    K-ENERGY T  K-ENERGY R  EXT-WORK     MAS.ERR     TOTAL MASS  MASS ADDED
       0   0.000      0.2460E-05 NODE          21   0.0%   0.000       0.000       0.000       0.000       0.000      0.3660       0.000    
     ANIMATION FILE: A24_CONNECTED_EXTENSION_S10_N8A001 WRITTEN
     100  0.2460E-03  0.2460E-05 NODE          57  -0.0%  0.9317E-10  0.3820E-07   0.000      0.3830E-07   0.000      0.3660       0.000    
     200  0.4921E-03  0.2460E-05 NODE          21  -0.0%  0.7853E-09  0.1551E-06   0.000      0.1559E-06   0.000      0.3660       0.000    
     300  0.7381E-03  0.2460E-05 NODE          57  -0.0%  0.2679E-08  0.3433E-06   0.000      0.3460E-06   0.000      0.3660       0.000    
     400  0.9841E-03  0.2460E-05 NODE          57  -0.0%  0.6661E-08  0.6128E-06   0.000      0.6195E-06   0.000      0.3660       0.000    
     500  0.1230E-02  0.2460E-05 NODE          57  -0.0%  0.1517E-07  0.9516E-06   0.000      0.9668E-06   0.000      0.3660       0.000    
     600  0.1476E-02  0.2460E-05 NODE          57  -0.0%  0.3114E-07  0.1359E-05   0.000      0.1390E-05   0.000      0.3660       0.000    
     700  0.1722E-02  0.2460E-05 NODE          57  -0.0%  0.5749E-07  0.1845E-05   0.000      0.1903E-05   0.000      0.3660       0.000    
     800  0.1968E-02  0.2460E-05 NODE          57  -0.0%  0.9799E-07  0.2387E-05   0.000      0.2486E-05   0.000      0.3660       0.000    
     900  0.2214E-02  0.2460E-05 NODE          57  -0.0%  0.1567E-06  0.3016E-05   0.000      0.3174E-05   0.000      0.3660       0.000    
    1000  0.2460E-02  0.2460E-05 NODE          57  -0.0%  0.2376E-06  0.3706E-05   0.000      0.3945E-05   0.000      0.3660       0.000    
    1100  0.2706E-02  0.2460E-05 NODE          57  -0.0%  0.3461E-06  0.4458E-05   0.000      0.4807E-05   0.000      0.3660       0.000    
    1200  0.2952E-02  0.2460E-05 NODE          57  -0.0%  0.4883E-06  0.5290E-05   0.000      0.5781E-05   0.000      0.3660       0.000    
    1300  0.3198E-02  0.2460E-05 NODE          57  -0.1%  0.6704E-06  0.6156E-05   0.000      0.6830E-05   0.000      0.3660       0.000    
    1400  0.3444E-02  0.2460E-05 NODE          57  -0.1%  0.8988E-06  0.7110E-05   0.000      0.8014E-05   0.000      0.3660       0.000    
    1500  0.3690E-02  0.2460E-05 NODE          57  -0.1%  0.1181E-05  0.8123E-05   0.000      0.9311E-05   0.000      0.3660       0.000    
    1600  0.3936E-02  0.2460E-05 NODE          57  -0.1%  0.1523E-05  0.9191E-05   0.000      0.1072E-04   0.000      0.3660       0.000    
    1700  0.4183E-02  0.2460E-05 NODE          57  -0.1%  0.1934E-05  0.1034E-04   0.000      0.1229E-04   0.000      0.3660       0.000    
    1800  0.4429E-02  0.2460E-05 NODE          57  -0.1%  0.2423E-05  0.1152E-04   0.000      0.1395E-04   0.000      0.3660       0.000    
    1900  0.4675E-02  0.2460E-05 NODE          57  -0.1%  0.2998E-05  0.1277E-04   0.000      0.1578E-04   0.000      0.3660       0.000    
    2000  0.4921E-02  0.2460E-05 NODE          57  -0.1%  0.3668E-05  0.1407E-04   0.000      0.1776E-04   0.000      0.3660       0.000    
    2100  0.5167E-02  0.2460E-05 NODE          57  -0.1%  0.4444E-05  0.1542E-04   0.000      0.1989E-04   0.000      0.3660       0.000    
    2200  0.5413E-02  0.2460E-05 NODE          57  -0.1%  0.5335E-05  0.1687E-04   0.000      0.2224E-04   0.000      0.3660       0.000    
    2300  0.5659E-02  0.2460E-05 NODE          57  -0.1%  0.6351E-05  0.1833E-04   0.000      0.2471E-04   0.000      0.3660       0.000    
    2400  0.5905E-02  0.2460E-05 NODE          57  -0.2%  0.7503E-05  0.1986E-04   0.000      0.2741E-04   0.000      0.3660       0.000    
    2500  0.6151E-02  0.2460E-05 NODE          57  -0.2%  0.8804E-05  0.2143E-04   0.000      0.3029E-04   0.000      0.3660       0.000    
    2600  0.6397E-02  0.2460E-05 NODE          57  -0.2%  0.1026E-04  0.2303E-04   0.000      0.3336E-04   0.000      0.3660       0.000    
    2700  0.6643E-02  0.2460E-05 NODE          57  -0.2%  0.1190E-04  0.2474E-04   0.000      0.3670E-04   0.000      0.3660       0.000    
    2800  0.6889E-02  0.2460E-05 NODE          57  -0.2%  0.1371E-04  0.2645E-04   0.000      0.4024E-04   0.000      0.3660       0.000    
    2900  0.7135E-02  0.2460E-05 NODE          57  -0.2%  0.1572E-04  0.2824E-04   0.000      0.4405E-04   0.000      0.3660       0.000    
    3000  0.7381E-02  0.2460E-05 NODE          57  -0.2%  0.1795E-04  0.3007E-04   0.000      0.4812E-04   0.000      0.3660       0.000    
    3100  0.7627E-02  0.2460E-05 NODE          57  -0.2%  0.2039E-04  0.3191E-04   0.000      0.5242E-04   0.000      0.3660       0.000    
    3200  0.7873E-02  0.2460E-05 NODE          57  -0.2%  0.2307E-04  0.3384E-04   0.000      0.5704E-04   0.000      0.3660       0.000    
    3300  0.8119E-02  0.2460E-05 NODE          57  -0.2%  0.2600E-04  0.3576E-04   0.000      0.6192E-04   0.000      0.3660       0.000    
    3400  0.8365E-02  0.2460E-05 NODE          57  -0.3%  0.2920E-04  0.3778E-04   0.000      0.6715E-04   0.000      0.3660       0.000    
    3500  0.8611E-02  0.2460E-05 NODE          57  -0.3%  0.3268E-04  0.3984E-04   0.000      0.7271E-04   0.000      0.3660       0.000    
    3600  0.8857E-02  0.2460E-05 NODE          57  -0.3%  0.3645E-04  0.4190E-04   0.000      0.7856E-04   0.000      0.3660       0.000    
    3700  0.9103E-02  0.2460E-05 NODE          57  -0.3%  0.4053E-04  0.4405E-04   0.000      0.8481E-04   0.000      0.3660       0.000    
    3800  0.9349E-02  0.2460E-05 NODE          57  -0.3%  0.4493E-04  0.4618E-04   0.000      0.9136E-04   0.000      0.3660       0.000    
    3900  0.9595E-02  0.2460E-05 NODE          57  -0.3%  0.4968E-04  0.4837E-04   0.000      0.9833E-04   0.000      0.3660       0.000    
    4000  0.9841E-02  0.2460E-05 NODE          57  -0.3%  0.5478E-04  0.5063E-04   0.000      0.1057E-03   0.000      0.3660       0.000    
    4100  0.1009E-01  0.2460E-05 NODE          57  -0.3%  0.6025E-04  0.5288E-04   0.000      0.1135E-03   0.000      0.3660       0.000    
    4200  0.1033E-01  0.2460E-05 NODE          57  -0.3%  0.6612E-04  0.5524E-04   0.000      0.1217E-03   0.000      0.3660       0.000    
    4300  0.1058E-01  0.2460E-05 NODE          57  -0.3%  0.7239E-04  0.5755E-04   0.000      0.1304E-03   0.000      0.3660       0.000    
    4400  0.1083E-01  0.2460E-05 NODE          57  -0.3%  0.7908E-04  0.5992E-04   0.000      0.1395E-03   0.000      0.3660       0.000    
    4500  0.1107E-01  0.2460E-05 NODE          57  -0.3%  0.8621E-04  0.6233E-04   0.000      0.1490E-03   0.000      0.3660       0.000    
    4600  0.1132E-01  0.2460E-05 NODE          57  -0.3%  0.9380E-04  0.6474E-04   0.000      0.1591E-03   0.000      0.3660       0.000    
    4700  0.1156E-01  0.2460E-05 NODE          57  -0.3%  0.1019E-03  0.6727E-04   0.000      0.1697E-03   0.000      0.3660       0.000    
    4800  0.1181E-01  0.2460E-05 NODE          57  -0.4%  0.1104E-03  0.6976E-04   0.000      0.1808E-03   0.000      0.3660       0.000    
    4900  0.1206E-01  0.2460E-05 NODE          57  -0.4%  0.1195E-03  0.7229E-04   0.000      0.1925E-03   0.000      0.3660       0.000    
    5000  0.1230E-01  0.2460E-05 NODE          57  -0.4%  0.1291E-03  0.7486E-04   0.000      0.2047E-03   0.000      0.3660       0.000    
    5100  0.1255E-01  0.2460E-05 NODE          57  -0.4%  0.1392E-03  0.7739E-04   0.000      0.2174E-03   0.000      0.3660       0.000    
    5200  0.1279E-01  0.2460E-05 NODE          57  -0.4%  0.1499E-03  0.8004E-04   0.000      0.2308E-03   0.000      0.3660       0.000    
    5300  0.1304E-01  0.2460E-05 NODE          57  -0.4%  0.1612E-03  0.8268E-04   0.000      0.2448E-03   0.000      0.3660       0.000    
    5400  0.1329E-01  0.2460E-05 NODE          57  -0.4%  0.1731E-03  0.8536E-04   0.000      0.2595E-03   0.000      0.3660       0.000    
    5500  0.1353E-01  0.2460E-05 NODE          57  -0.4%  0.1856E-03  0.8807E-04   0.000      0.2748E-03   0.000      0.3660       0.000    
    5600  0.1378E-01  0.2460E-05 NODE          57  -0.4%  0.1988E-03  0.9073E-04   0.000      0.2906E-03   0.000      0.3660       0.000    
    5700  0.1402E-01  0.2460E-05 NODE          57  -0.4%  0.2126E-03  0.9349E-04   0.000      0.3073E-03   0.000      0.3660       0.000    
    5800  0.1427E-01  0.2460E-05 NODE          57  -0.4%  0.2271E-03  0.9622E-04   0.000      0.3246E-03   0.000      0.3660       0.000    
    5900  0.1452E-01  0.2460E-05 NODE          57  -0.4%  0.2423E-03  0.9900E-04   0.000      0.3427E-03   0.000      0.3660       0.000    
    6000  0.1476E-01  0.2460E-05 NODE          57  -0.4%  0.2582E-03  0.1018E-03   0.000      0.3615E-03   0.000      0.3660       0.000    
    6100  0.1501E-01  0.2460E-05 NODE          57  -0.4%  0.2748E-03  0.1046E-03   0.000      0.3810E-03   0.000      0.3660       0.000    
    6200  0.1525E-01  0.2460E-05 NODE          57  -0.4%  0.2922E-03  0.1075E-03   0.000      0.4014E-03   0.000      0.3660       0.000    
    6300  0.1550E-01  0.2460E-05 NODE          57  -0.4%  0.3104E-03  0.1103E-03   0.000      0.4225E-03   0.000      0.3660       0.000    
    6400  0.1575E-01  0.2460E-05 NODE          57  -0.4%  0.3294E-03  0.1131E-03   0.000      0.4444E-03   0.000      0.3660       0.000    
    6500  0.1599E-01  0.2460E-05 NODE          57  -0.4%  0.3492E-03  0.1161E-03   0.000      0.4672E-03   0.000      0.3660       0.000    
    6600  0.1624E-01  0.2460E-05 NODE          57  -0.4%  0.3698E-03  0.1189E-03   0.000      0.4909E-03   0.000      0.3660       0.000    
    6700  0.1648E-01  0.2460E-05 NODE          57  -0.4%  0.3913E-03  0.1219E-03   0.000      0.5154E-03   0.000      0.3660       0.000    
    6800  0.1673E-01  0.2460E-05 NODE          57  -0.4%  0.4136E-03  0.1248E-03   0.000      0.5408E-03   0.000      0.3660       0.000    
    6900  0.1698E-01  0.2460E-05 NODE          57  -0.4%  0.4369E-03  0.1277E-03   0.000      0.5671E-03   0.000      0.3660       0.000    
    7000  0.1722E-01  0.2460E-05 NODE          57  -0.4%  0.4611E-03  0.1307E-03   0.000      0.5944E-03   0.000      0.3660       0.000    
    7100  0.1747E-01  0.2460E-05 NODE          57  -0.4%  0.4862E-03  0.1336E-03   0.000      0.6226E-03   0.000      0.3660       0.000    
    7200  0.1771E-01  0.2460E-05 NODE          57  -0.5%  0.5122E-03  0.1366E-03   0.000      0.6518E-03   0.000      0.3660       0.000    
    7300  0.1796E-01  0.2460E-05 NODE          57  -0.5%  0.5393E-03  0.1396E-03   0.000      0.6820E-03   0.000      0.3660       0.000    
    7400  0.1821E-01  0.2460E-05 NODE          57  -0.5%  0.5673E-03  0.1426E-03   0.000      0.7132E-03   0.000      0.3660       0.000    
    7500  0.1845E-01  0.2460E-05 NODE          57  -0.5%  0.5964E-03  0.1456E-03   0.000      0.7454E-03   0.000      0.3660       0.000    
    7600  0.1870E-01  0.2460E-05 NODE          57  -0.5%  0.6265E-03  0.1486E-03   0.000      0.7786E-03   0.000      0.3660       0.000    
    7700  0.1894E-01  0.2460E-05 NODE          57  -0.5%  0.6576E-03  0.1516E-03   0.000      0.8130E-03   0.000      0.3660       0.000    
    7800  0.1919E-01  0.2460E-05 NODE          57  -0.5%  0.6899E-03  0.1546E-03   0.000      0.8485E-03   0.000      0.3660       0.000    
    7900  0.1944E-01  0.2460E-05 NODE          57  -0.5%  0.7232E-03  0.1577E-03   0.000      0.8850E-03   0.000      0.3660       0.000    
    8000  0.1968E-01  0.2460E-05 NODE          57  -0.5%  0.7577E-03  0.1608E-03   0.000      0.9228E-03   0.000      0.3660       0.000    
    8100  0.1993E-01  0.2460E-05 NODE          57  -0.5%  0.7932E-03  0.1637E-03   0.000      0.9615E-03   0.000      0.3660       0.000    
    8200  0.2017E-01  0.2460E-05 NODE          57  -0.5%  0.8300E-03  0.1668E-03   0.000      0.1002E-02   0.000      0.3660       0.000    
    8300  0.2042E-01  0.2460E-05 NODE          57  -0.5%  0.8679E-03  0.1698E-03   0.000      0.1043E-02   0.000      0.3660       0.000    
    8400  0.2067E-01  0.2460E-05 NODE          57  -0.5%  0.9071E-03  0.1728E-03   0.000      0.1085E-02   0.000      0.3660       0.000    
    8500  0.2091E-01  0.2460E-05 NODE          57  -0.5%  0.9474E-03  0.1760E-03   0.000      0.1129E-02   0.000      0.3660       0.000    
    8600  0.2116E-01  0.2460E-05 NODE          57  -0.5%  0.9890E-03  0.1790E-03   0.000      0.1174E-02   0.000      0.3660       0.000    
    8700  0.2140E-01  0.2460E-05 NODE          57  -0.5%  0.1032E-02  0.1820E-03   0.000      0.1220E-02   0.000      0.3660       0.000    
    8800  0.2165E-01  0.2460E-05 NODE          57  -0.5%  0.1076E-02  0.1850E-03   0.000      0.1267E-02   0.000      0.3660       0.000    
    8900  0.2190E-01  0.2460E-05 NODE          57  -0.5%  0.1121E-02  0.1880E-03   0.000      0.1316E-02   0.000      0.3660       0.000    
    9000  0.2214E-01  0.2460E-05 NODE          57  -0.5%  0.1168E-02  0.1911E-03   0.000      0.1366E-02   0.000      0.3660       0.000    
    9100  0.2239E-01  0.2460E-05 NODE          57  -0.5%  0.1216E-02  0.1942E-03   0.000      0.1417E-02   0.000      0.3660       0.000    
    9200  0.2263E-01  0.2460E-05 NODE          57  -0.5%  0.1266E-02  0.1972E-03   0.000      0.1470E-02   0.000      0.3660       0.000    
    9300  0.2288E-01  0.2460E-05 NODE          57  -0.5%  0.1317E-02  0.2003E-03   0.000      0.1524E-02   0.000      0.3660       0.000    
    9400  0.2313E-01  0.2460E-05 NODE          57  -0.5%  0.1369E-02  0.2032E-03   0.000      0.1580E-02   0.000      0.3660       0.000    
    9500  0.2337E-01  0.2460E-05 NODE          57  -0.5%  0.1422E-02  0.2063E-03   0.000      0.1637E-02   0.000      0.3660       0.000    
    9600  0.2362E-01  0.2460E-05 NODE          57  -0.5%  0.1478E-02  0.2093E-03   0.000      0.1695E-02   0.000      0.3660       0.000    
    9700  0.2386E-01  0.2460E-05 NODE          57  -0.5%  0.1534E-02  0.2123E-03   0.000      0.1755E-02   0.000      0.3660       0.000    
    9800  0.2411E-01  0.2460E-05 NODE          57  -0.5%  0.1592E-02  0.2153E-03   0.000      0.1817E-02   0.000      0.3660       0.000    
    9900  0.2436E-01  0.2460E-05 NODE          57  -0.5%  0.1652E-02  0.2183E-03   0.000      0.1879E-02   0.000      0.3660       0.000    
   CYCLE    TIME      TIME-STEP  ELEMENT          ERROR  I-ENERGY    K-ENERGY T  K-ENERGY R  EXT-WORK     MAS.ERR     TOTAL MASS  MASS ADDED
   10000  0.2460E-01  0.2460E-05 NODE          57  -0.5%  0.1713E-02  0.2213E-03   0.000      0.1944E-02   0.000      0.3660       0.000    
   10100  0.2485E-01  0.2460E-05 NODE          57  -0.5%  0.1775E-02  0.2242E-03   0.000      0.2010E-02   0.000      0.3660       0.000    
     ANIMATION FILE: A24_CONNECTED_EXTENSION_S10_N8A002 WRITTEN
   10200  0.2510E-01  0.2460E-05 NODE          57  -0.5%  0.1839E-02  0.2272E-03   0.000      0.2077E-02   0.000      0.3660       0.000    
   10300  0.2534E-01  0.2460E-05 NODE          57  -0.5%  0.1905E-02  0.2302E-03   0.000      0.2146E-02   0.000      0.3660       0.000    
   10400  0.2559E-01  0.2460E-05 NODE          57  -0.5%  0.1972E-02  0.2331E-03   0.000      0.2217E-02   0.000      0.3660       0.000    
   10500  0.2583E-01  0.2460E-05 NODE          57  -0.5%  0.2041E-02  0.2361E-03   0.000      0.2289E-02   0.000      0.3660       0.000    
   10600  0.2608E-01  0.2460E-05 NODE          57  -0.5%  0.2112E-02  0.2390E-03   0.000      0.2363E-02   0.000      0.3660       0.000    
   10700  0.2633E-01  0.2460E-05 NODE          57  -0.5%  0.2184E-02  0.2419E-03   0.000      0.2438E-02   0.000      0.3660       0.000    
   10800  0.2657E-01  0.2460E-05 NODE          57  -0.5%  0.2257E-02  0.2448E-03   0.000      0.2515E-02   0.000      0.3660       0.000    
   10900  0.2682E-01  0.2460E-05 NODE          57  -0.5%  0.2333E-02  0.2476E-03   0.000      0.2594E-02   0.000      0.3660       0.000    
   11000  0.2706E-01  0.2460E-05 NODE          57  -0.5%  0.2410E-02  0.2506E-03   0.000      0.2674E-02   0.000      0.3660       0.000    
   11100  0.2731E-01  0.2460E-05 NODE          57  -0.5%  0.2489E-02  0.2534E-03   0.000      0.2757E-02   0.000      0.3660       0.000    
   11200  0.2756E-01  0.2460E-05 NODE          57  -0.5%  0.2569E-02  0.2563E-03   0.000      0.2840E-02   0.000      0.3660       0.000    
   11300  0.2780E-01  0.2460E-05 NODE          57  -0.5%  0.2652E-02  0.2591E-03   0.000      0.2926E-02   0.000      0.3660       0.000    
   11400  0.2805E-01  0.2460E-05 NODE          57  -0.5%  0.2736E-02  0.2618E-03   0.000      0.3013E-02   0.000      0.3660       0.000    
   11500  0.2829E-01  0.2460E-05 NODE          57  -0.5%  0.2822E-02  0.2647E-03   0.000      0.3102E-02   0.000      0.3660       0.000    
   11600  0.2854E-01  0.2460E-05 NODE          57  -0.5%  0.2909E-02  0.2675E-03   0.000      0.3193E-02   0.000      0.3660       0.000    
   11700  0.2879E-01  0.2460E-05 NODE          57  -0.5%  0.2999E-02  0.2703E-03   0.000      0.3286E-02   0.000      0.3660       0.000    
   11800  0.2903E-01  0.2460E-05 NODE          57  -0.5%  0.3090E-02  0.2730E-03   0.000      0.3381E-02   0.000      0.3660       0.000    
   11900  0.2928E-01  0.2460E-05 NODE          57  -0.5%  0.3183E-02  0.2757E-03   0.000      0.3477E-02   0.000      0.3660       0.000    
   12000  0.2952E-01  0.2460E-05 NODE          57  -0.5%  0.3278E-02  0.2784E-03   0.000      0.3575E-02   0.000      0.3660       0.000    
   12100  0.2977E-01  0.2460E-05 NODE          57  -0.5%  0.3375E-02  0.2811E-03   0.000      0.3675E-02   0.000      0.3660       0.000    
   12200  0.3002E-01  0.2460E-05 NODE          57  -0.5%  0.3473E-02  0.2838E-03   0.000      0.3777E-02   0.000      0.3660       0.000    
   12300  0.3026E-01  0.2460E-05 NODE          57  -0.5%  0.3574E-02  0.2864E-03   0.000      0.3881E-02   0.000      0.3660       0.000    
   12400  0.3051E-01  0.2460E-05 NODE          57  -0.5%  0.3676E-02  0.2890E-03   0.000      0.3987E-02   0.000      0.3660       0.000    
   12500  0.3075E-01  0.2460E-05 NODE          57  -0.5%  0.3781E-02  0.2916E-03   0.000      0.4094E-02   0.000      0.3660       0.000    
   12600  0.3100E-01  0.2460E-05 NODE          57  -0.5%  0.3887E-02  0.2942E-03   0.000      0.4204E-02   0.000      0.3660       0.000    
   12700  0.3125E-01  0.2460E-05 NODE          57  -0.5%  0.3996E-02  0.2967E-03   0.000      0.4315E-02   0.000      0.3660       0.000    
   12800  0.3149E-01  0.2460E-05 NODE          57  -0.5%  0.4106E-02  0.2993E-03   0.000      0.4429E-02   0.000      0.3660       0.000    
   12900  0.3174E-01  0.2460E-05 NODE          57  -0.5%  0.4218E-02  0.3018E-03   0.000      0.4544E-02   0.000      0.3660       0.000    
   13000  0.3198E-01  0.2460E-05 NODE          57  -0.5%  0.4332E-02  0.3044E-03   0.000      0.4661E-02   0.000      0.3660       0.000    
   13100  0.3223E-01  0.2460E-05 NODE          57  -0.5%  0.4448E-02  0.3068E-03   0.000      0.4781E-02   0.000      0.3660       0.000    
   13200  0.3248E-01  0.2460E-05 NODE          57  -0.5%  0.4567E-02  0.3092E-03   0.000      0.4902E-02   0.000      0.3660       0.000    
   13300  0.3272E-01  0.2460E-05 NODE          57  -0.5%  0.4687E-02  0.3116E-03   0.000      0.5025E-02   0.000      0.3660       0.000    
   13400  0.3297E-01  0.2460E-05 NODE          57  -0.5%  0.4809E-02  0.3140E-03   0.000      0.5151E-02   0.000      0.3660       0.000    
   13500  0.3321E-01  0.2460E-05 NODE          57  -0.5%  0.4934E-02  0.3164E-03   0.000      0.5278E-02   0.000      0.3660       0.000    
   13600  0.3346E-01  0.2460E-05 NODE          57  -0.5%  0.5060E-02  0.3188E-03   0.000      0.5408E-02   0.000      0.3660       0.000    
   13700  0.3371E-01  0.2460E-05 NODE          57  -0.5%  0.5189E-02  0.3211E-03   0.000      0.5539E-02   0.000      0.3660       0.000    
   13800  0.3395E-01  0.2460E-05 NODE          57  -0.5%  0.5319E-02  0.3234E-03   0.000      0.5673E-02   0.000      0.3660       0.000    
   13900  0.3420E-01  0.2460E-05 NODE          57  -0.5%  0.5452E-02  0.3256E-03   0.000      0.5809E-02   0.000      0.3660       0.000    
   14000  0.3444E-01  0.2460E-05 NODE          57  -0.5%  0.5587E-02  0.3279E-03   0.000      0.5946E-02   0.000      0.3660       0.000    
   14100  0.3469E-01  0.2460E-05 NODE          57  -0.5%  0.5723E-02  0.3301E-03   0.000      0.6086E-02   0.000      0.3660       0.000    
   14200  0.3494E-01  0.2460E-05 NODE          57  -0.5%  0.5862E-02  0.3323E-03   0.000      0.6228E-02   0.000      0.3660       0.000    
   14300  0.3518E-01  0.2460E-05 NODE          57  -0.5%  0.6003E-02  0.3345E-03   0.000      0.6372E-02   0.000      0.3660       0.000    
   14400  0.3543E-01  0.2460E-05 NODE          57  -0.5%  0.6147E-02  0.3365E-03   0.000      0.6518E-02   0.000      0.3660       0.000    
   14500  0.3567E-01  0.2460E-05 NODE          57  -0.5%  0.6292E-02  0.3386E-03   0.000      0.6667E-02   0.000      0.3660       0.000    
   14600  0.3592E-01  0.2460E-05 NODE          57  -0.5%  0.6440E-02  0.3407E-03   0.000      0.6817E-02   0.000      0.3660       0.000    
   14700  0.3617E-01  0.2460E-05 NODE          57  -0.5%  0.6589E-02  0.3427E-03   0.000      0.6970E-02   0.000      0.3660       0.000    
   14800  0.3641E-01  0.2460E-05 NODE          57  -0.5%  0.6741E-02  0.3448E-03   0.000      0.7125E-02   0.000      0.3660       0.000    
   14900  0.3666E-01  0.2460E-05 NODE          57  -0.5%  0.6895E-02  0.3467E-03   0.000      0.7282E-02   0.000      0.3660       0.000    
   15000  0.3690E-01  0.2460E-05 NODE          57  -0.5%  0.7052E-02  0.3487E-03   0.000      0.7441E-02   0.000      0.3660       0.000    
   15100  0.3715E-01  0.2460E-05 NODE          57  -0.5%  0.7210E-02  0.3505E-03   0.000      0.7602E-02   0.000      0.3660       0.000    
   15200  0.3740E-01  0.2460E-05 NODE          57  -0.5%  0.7371E-02  0.3524E-03   0.000      0.7765E-02   0.000      0.3660       0.000    
   15300  0.3764E-01  0.2460E-05 NODE          57  -0.5%  0.7534E-02  0.3543E-03   0.000      0.7931E-02   0.000      0.3660       0.000    
   15400  0.3789E-01  0.2460E-05 NODE          57  -0.5%  0.7699E-02  0.3561E-03   0.000      0.8099E-02   0.000      0.3660       0.000    
   15500  0.3813E-01  0.2460E-05 NODE          57  -0.5%  0.7866E-02  0.3579E-03   0.000      0.8269E-02   0.000      0.3660       0.000    
   15600  0.3838E-01  0.2460E-05 NODE          57  -0.5%  0.8035E-02  0.3597E-03   0.000      0.8441E-02   0.000      0.3660       0.000    
   15700  0.3863E-01  0.2460E-05 NODE          57  -0.5%  0.8207E-02  0.3614E-03   0.000      0.8615E-02   0.000      0.3660       0.000    
   15800  0.3887E-01  0.2460E-05 NODE          57  -0.5%  0.8381E-02  0.3631E-03   0.000      0.8792E-02   0.000      0.3660       0.000    
   15900  0.3912E-01  0.2460E-05 NODE          57  -0.5%  0.8557E-02  0.3647E-03   0.000      0.8971E-02   0.000      0.3660       0.000    
   16000  0.3936E-01  0.2460E-05 NODE          57  -0.5%  0.8736E-02  0.3664E-03   0.000      0.9152E-02   0.000      0.3660       0.000    
   16100  0.3961E-01  0.2460E-05 NODE          57  -0.5%  0.8916E-02  0.3680E-03   0.000      0.9335E-02   0.000      0.3660       0.000    
   16200  0.3986E-01  0.2460E-05 NODE          57  -0.5%  0.9099E-02  0.3695E-03   0.000      0.9521E-02   0.000      0.3660       0.000    
   16300  0.4010E-01  0.2460E-05 NODE          57  -0.5%  0.9284E-02  0.3710E-03   0.000      0.9708E-02   0.000      0.3660       0.000    
   16400  0.4035E-01  0.2460E-05 NODE          57  -0.5%  0.9471E-02  0.3725E-03   0.000      0.9898E-02   0.000      0.3660       0.000    
   16500  0.4059E-01  0.2460E-05 NODE          57  -0.5%  0.9661E-02  0.3739E-03   0.000      0.1009E-01   0.000      0.3660       0.000    
   16600  0.4084E-01  0.2460E-05 NODE          57  -0.5%  0.9853E-02  0.3754E-03   0.000      0.1028E-01   0.000      0.3660       0.000    
   16700  0.4109E-01  0.2460E-05 NODE          57  -0.5%  0.1005E-01  0.3768E-03   0.000      0.1048E-01   0.000      0.3660       0.000    
   16800  0.4133E-01  0.2460E-05 NODE          57  -0.5%  0.1024E-01  0.3782E-03   0.000      0.1068E-01   0.000      0.3660       0.000    
   16900  0.4158E-01  0.2460E-05 NODE          57  -0.5%  0.1044E-01  0.3794E-03   0.000      0.1088E-01   0.000      0.3660       0.000    
   17000  0.4182E-01  0.2460E-05 NODE          57  -0.5%  0.1064E-01  0.3807E-03   0.000      0.1108E-01   0.000      0.3660       0.000    
   17100  0.4207E-01  0.2460E-05 NODE          57  -0.6%  0.1085E-01  0.3819E-03   0.000      0.1129E-01   0.000      0.3660       0.000    
   17200  0.4232E-01  0.2460E-05 NODE          57  -0.6%  0.1105E-01  0.3832E-03   0.000      0.1150E-01   0.000      0.3660       0.000    
   17300  0.4256E-01  0.2460E-05 NODE          57  -0.6%  0.1126E-01  0.3844E-03   0.000      0.1171E-01   0.000      0.3660       0.000    
   17400  0.4281E-01  0.2460E-05 NODE          57  -0.6%  0.1147E-01  0.3855E-03   0.000      0.1192E-01   0.000      0.3660       0.000    
   17500  0.4306E-01  0.2460E-05 NODE          57  -0.6%  0.1168E-01  0.3866E-03   0.000      0.1213E-01   0.000      0.3660       0.000    
   17600  0.4330E-01  0.2460E-05 NODE          57  -0.6%  0.1190E-01  0.3876E-03   0.000      0.1235E-01   0.000      0.3660       0.000    
   17700  0.4355E-01  0.2460E-05 NODE          57  -0.6%  0.1211E-01  0.3886E-03   0.000      0.1257E-01   0.000      0.3660       0.000    
   17800  0.4379E-01  0.2460E-05 NODE          57  -0.6%  0.1233E-01  0.3896E-03   0.000      0.1279E-01   0.000      0.3660       0.000    
   17900  0.4404E-01  0.2460E-05 NODE          57  -0.6%  0.1255E-01  0.3906E-03   0.000      0.1301E-01   0.000      0.3660       0.000    
   18000  0.4429E-01  0.2460E-05 NODE          57  -0.6%  0.1277E-01  0.3915E-03   0.000      0.1324E-01   0.000      0.3660       0.000    
   18100  0.4453E-01  0.2460E-05 NODE          57  -0.6%  0.1300E-01  0.3924E-03   0.000      0.1347E-01   0.000      0.3660       0.000    
   18200  0.4478E-01  0.2460E-05 NODE          57  -0.6%  0.1323E-01  0.3932E-03   0.000      0.1370E-01   0.000      0.3660       0.000    
   18300  0.4502E-01  0.2460E-05 NODE          57  -0.6%  0.1346E-01  0.3940E-03   0.000      0.1393E-01   0.000      0.3660       0.000    
   18400  0.4527E-01  0.2460E-05 NODE          57  -0.6%  0.1369E-01  0.3947E-03   0.000      0.1416E-01   0.000      0.3660       0.000    
   18500  0.4552E-01  0.2460E-05 NODE          57  -0.6%  0.1392E-01  0.3955E-03   0.000      0.1440E-01   0.000      0.3660       0.000    
   18600  0.4576E-01  0.2460E-05 NODE          57  -0.6%  0.1416E-01  0.3962E-03   0.000      0.1464E-01   0.000      0.3660       0.000    
   18700  0.4601E-01  0.2460E-05 NODE          57  -0.6%  0.1440E-01  0.3968E-03   0.000      0.1488E-01   0.000      0.3660       0.000    
   18800  0.4625E-01  0.2460E-05 NODE          57  -0.6%  0.1464E-01  0.3974E-03   0.000      0.1512E-01   0.000      0.3660       0.000    
   18900  0.4650E-01  0.2460E-05 NODE          57  -0.6%  0.1488E-01  0.3979E-03   0.000      0.1537E-01   0.000      0.3660       0.000    
   19000  0.4675E-01  0.2460E-05 NODE          57  -0.6%  0.1513E-01  0.3985E-03   0.000      0.1561E-01   0.000      0.3660       0.000    
   19100  0.4699E-01  0.2460E-05 NODE          57  -0.6%  0.1538E-01  0.3990E-03   0.000      0.1586E-01   0.000      0.3660       0.000    
   19200  0.4724E-01  0.2460E-05 NODE          57  -0.6%  0.1563E-01  0.3995E-03   0.000      0.1612E-01   0.000      0.3660       0.000    
   19300  0.4748E-01  0.2460E-05 NODE          57  -0.6%  0.1588E-01  0.3999E-03   0.000      0.1637E-01   0.000      0.3660       0.000    
   19400  0.4773E-01  0.2460E-05 NODE          57  -0.6%  0.1613E-01  0.4002E-03   0.000      0.1662E-01   0.000      0.3660       0.000    
   19500  0.4798E-01  0.2460E-05 NODE          57  -0.6%  0.1639E-01  0.4006E-03   0.000      0.1688E-01   0.000      0.3660       0.000    
   19600  0.4822E-01  0.2460E-05 NODE          57  -0.6%  0.1665E-01  0.4009E-03   0.000      0.1714E-01   0.000      0.3660       0.000    
   19700  0.4847E-01  0.2460E-05 NODE          57  -0.6%  0.1691E-01  0.4012E-03   0.000      0.1740E-01   0.000      0.3660       0.000    
   19800  0.4871E-01  0.2460E-05 NODE          57  -0.6%  0.1717E-01  0.4014E-03   0.000      0.1767E-01   0.000      0.3660       0.000    
   19900  0.4896E-01  0.2460E-05 NODE          57  -0.6%  0.1743E-01  0.4016E-03   0.000      0.1793E-01   0.000      0.3660       0.000    
   CYCLE    TIME      TIME-STEP  ELEMENT          ERROR  I-ENERGY    K-ENERGY T  K-ENERGY R  EXT-WORK     MAS.ERR     TOTAL MASS  MASS ADDED
   20000  0.4921E-01  0.2460E-05 NODE          57  -0.6%  0.1770E-01  0.4017E-03   0.000      0.1820E-01   0.000      0.3660       0.000    
   20100  0.4945E-01  0.2460E-05 NODE          57  -0.6%  0.1797E-01  0.4018E-03   0.000      0.1847E-01   0.000      0.3660       0.000    
   20200  0.4970E-01  0.2460E-05 NODE          57  -0.6%  0.1824E-01  0.4018E-03   0.000      0.1874E-01   0.000      0.3660       0.000    
   20300  0.4994E-01  0.2460E-05 NODE          57  -0.6%  0.1851E-01  0.4019E-03   0.000      0.1902E-01   0.000      0.3660       0.000    
     ANIMATION FILE: A24_CONNECTED_EXTENSION_S10_N8A003 WRITTEN
   20400  0.5019E-01  0.2460E-05 NODE          57  -0.6%  0.1879E-01  0.4019E-03   0.000      0.1930E-01   0.000      0.3660       0.000    
   20500  0.5044E-01  0.2460E-05 NODE          57  -0.6%  0.1906E-01  0.4019E-03   0.000      0.1957E-01   0.000      0.3660       0.000    
   20600  0.5068E-01  0.2460E-05 NODE          57  -0.6%  0.1934E-01  0.4018E-03   0.000      0.1985E-01   0.000      0.3660       0.000    
   20700  0.5093E-01  0.2460E-05 NODE          57  -0.6%  0.1962E-01  0.4016E-03   0.000      0.2014E-01   0.000      0.3660       0.000    
   20800  0.5117E-01  0.2460E-05 NODE          57  -0.6%  0.1990E-01  0.4014E-03   0.000      0.2042E-01   0.000      0.3660       0.000    
   20900  0.5142E-01  0.2460E-05 NODE          57  -0.6%  0.2019E-01  0.4012E-03   0.000      0.2071E-01   0.000      0.3660       0.000    
   21000  0.5167E-01  0.2460E-05 NODE          57  -0.6%  0.2048E-01  0.4010E-03   0.000      0.2099E-01   0.000      0.3660       0.000    
   21100  0.5191E-01  0.2460E-05 NODE          57  -0.6%  0.2076E-01  0.4008E-03   0.000      0.2128E-01   0.000      0.3660       0.000    
   21200  0.5216E-01  0.2460E-05 NODE          57  -0.6%  0.2105E-01  0.4004E-03   0.000      0.2158E-01   0.000      0.3660       0.000    
   21300  0.5240E-01  0.2460E-05 NODE          57  -0.6%  0.2135E-01  0.4000E-03   0.000      0.2187E-01   0.000      0.3660       0.000    
   21400  0.5265E-01  0.2460E-05 NODE          57  -0.6%  0.2164E-01  0.3996E-03   0.000      0.2216E-01   0.000      0.3660       0.000    
   21500  0.5290E-01  0.2460E-05 NODE          57  -0.6%  0.2194E-01  0.3992E-03   0.000      0.2246E-01   0.000      0.3660       0.000    
   21600  0.5314E-01  0.2460E-05 NODE          57  -0.6%  0.2223E-01  0.3987E-03   0.000      0.2276E-01   0.000      0.3660       0.000    
   21700  0.5339E-01  0.2460E-05 NODE          57  -0.6%  0.2253E-01  0.3983E-03   0.000      0.2306E-01   0.000      0.3660       0.000    
   21800  0.5363E-01  0.2460E-05 NODE          57  -0.6%  0.2284E-01  0.3977E-03   0.000      0.2336E-01   0.000      0.3660       0.000    
   21900  0.5388E-01  0.2460E-05 NODE          57  -0.6%  0.2314E-01  0.3971E-03   0.000      0.2367E-01   0.000      0.3660       0.000    
   22000  0.5413E-01  0.2460E-05 NODE          57  -0.6%  0.2344E-01  0.3964E-03   0.000      0.2397E-01   0.000      0.3660       0.000    
   22100  0.5437E-01  0.2460E-05 NODE          57  -0.6%  0.2375E-01  0.3958E-03   0.000      0.2428E-01   0.000      0.3660       0.000    
   22200  0.5462E-01  0.2460E-05 NODE          57  -0.6%  0.2406E-01  0.3951E-03   0.000      0.2459E-01   0.000      0.3660       0.000    
   22300  0.5486E-01  0.2460E-05 NODE          57  -0.6%  0.2437E-01  0.3944E-03   0.000      0.2490E-01   0.000      0.3660       0.000    
   22400  0.5511E-01  0.2460E-05 NODE          57  -0.6%  0.2468E-01  0.3936E-03   0.000      0.2522E-01   0.000      0.3660       0.000    
   22500  0.5536E-01  0.2460E-05 NODE          57  -0.6%  0.2499E-01  0.3927E-03   0.000      0.2553E-01   0.000      0.3660       0.000    
   22600  0.5560E-01  0.2460E-05 NODE          57  -0.6%  0.2531E-01  0.3918E-03   0.000      0.2585E-01   0.000      0.3660       0.000    
   22700  0.5585E-01  0.2460E-05 NODE          57  -0.6%  0.2563E-01  0.3910E-03   0.000      0.2616E-01   0.000      0.3660       0.000    
   22800  0.5609E-01  0.2460E-05 NODE          57  -0.6%  0.2595E-01  0.3900E-03   0.000      0.2648E-01   0.000      0.3660       0.000    
   22900  0.5634E-01  0.2460E-05 NODE          57  -0.6%  0.2626E-01  0.3891E-03   0.000      0.2680E-01   0.000      0.3660       0.000    
   23000  0.5659E-01  0.2460E-05 NODE          57  -0.6%  0.2659E-01  0.3881E-03   0.000      0.2713E-01   0.000      0.3660       0.000    
   23100  0.5683E-01  0.2460E-05 NODE          57  -0.6%  0.2691E-01  0.3870E-03   0.000      0.2745E-01   0.000      0.3660       0.000    
   23200  0.5708E-01  0.2460E-05 NODE          57  -0.6%  0.2723E-01  0.3859E-03   0.000      0.2778E-01   0.000      0.3660       0.000    
   23300  0.5732E-01  0.2460E-05 NODE          57  -0.6%  0.2756E-01  0.3848E-03   0.000      0.2810E-01   0.000      0.3660       0.000    
   23400  0.5757E-01  0.2460E-05 NODE          57  -0.6%  0.2789E-01  0.3837E-03   0.000      0.2843E-01   0.000      0.3660       0.000    
   23500  0.5782E-01  0.2460E-05 NODE          57  -0.6%  0.2822E-01  0.3825E-03   0.000      0.2876E-01   0.000      0.3660       0.000    
   23600  0.5806E-01  0.2460E-05 NODE          57  -0.6%  0.2855E-01  0.3813E-03   0.000      0.2909E-01   0.000      0.3660       0.000    
   23700  0.5831E-01  0.2460E-05 NODE          57  -0.6%  0.2888E-01  0.3800E-03   0.000      0.2942E-01   0.000      0.3660       0.000    
   23800  0.5855E-01  0.2460E-05 NODE          57  -0.6%  0.2921E-01  0.3787E-03   0.000      0.2976E-01   0.000      0.3660       0.000    
   23900  0.5880E-01  0.2460E-05 NODE          57  -0.6%  0.2955E-01  0.3774E-03   0.000      0.3009E-01   0.000      0.3660       0.000    
   24000  0.5905E-01  0.2460E-05 NODE          57  -0.6%  0.2988E-01  0.3760E-03   0.000      0.3043E-01   0.000      0.3660       0.000    
   24100  0.5929E-01  0.2460E-05 NODE          57  -0.6%  0.3022E-01  0.3746E-03   0.000      0.3077E-01   0.000      0.3660       0.000    
   24200  0.5954E-01  0.2460E-05 NODE          57  -0.6%  0.3056E-01  0.3732E-03   0.000      0.3110E-01   0.000      0.3660       0.000    
   24300  0.5978E-01  0.2460E-05 NODE          57  -0.6%  0.3090E-01  0.3717E-03   0.000      0.3144E-01   0.000      0.3660       0.000    
   24400  0.6003E-01  0.2460E-05 NODE          57  -0.6%  0.3124E-01  0.3702E-03   0.000      0.3179E-01   0.000      0.3660       0.000    
   24500  0.6028E-01  0.2460E-05 NODE          57  -0.6%  0.3158E-01  0.3686E-03   0.000      0.3213E-01   0.000      0.3660       0.000    
   24600  0.6052E-01  0.2460E-05 NODE          57  -0.6%  0.3192E-01  0.3671E-03   0.000      0.3247E-01   0.000      0.3660       0.000    
   24700  0.6077E-01  0.2460E-05 NODE          57  -0.6%  0.3226E-01  0.3655E-03   0.000      0.3282E-01   0.000      0.3660       0.000    
   24800  0.6102E-01  0.2460E-05 NODE          57  -0.6%  0.3261E-01  0.3639E-03   0.000      0.3316E-01   0.000      0.3660       0.000    
   24900  0.6126E-01  0.2460E-05 NODE          57  -0.6%  0.3296E-01  0.3622E-03   0.000      0.3351E-01   0.000      0.3660       0.000    
   25000  0.6151E-01  0.2460E-05 NODE          57  -0.6%  0.3330E-01  0.3605E-03   0.000      0.3385E-01   0.000      0.3660       0.000    
   25100  0.6175E-01  0.2460E-05 NODE          57  -0.6%  0.3365E-01  0.3587E-03   0.000      0.3420E-01   0.000      0.3660       0.000    
   25200  0.6200E-01  0.2460E-05 NODE          57  -0.6%  0.3400E-01  0.3569E-03   0.000      0.3455E-01   0.000      0.3660       0.000    
   25300  0.6225E-01  0.2460E-05 NODE          57  -0.6%  0.3435E-01  0.3551E-03   0.000      0.3490E-01   0.000      0.3660       0.000    
   25400  0.6249E-01  0.2460E-05 NODE          57  -0.6%  0.3470E-01  0.3533E-03   0.000      0.3525E-01   0.000      0.3660       0.000    
   25500  0.6274E-01  0.2460E-05 NODE          57  -0.6%  0.3505E-01  0.3515E-03   0.000      0.3560E-01   0.000      0.3660       0.000    
   25600  0.6298E-01  0.2460E-05 NODE          57  -0.6%  0.3541E-01  0.3495E-03   0.000      0.3596E-01   0.000      0.3660       0.000    
   25700  0.6323E-01  0.2460E-05 NODE          57  -0.6%  0.3576E-01  0.3476E-03   0.000      0.3631E-01   0.000      0.3660       0.000    
   25800  0.6348E-01  0.2460E-05 NODE          57  -0.6%  0.3611E-01  0.3456E-03   0.000      0.3666E-01   0.000      0.3660       0.000    
   25900  0.6372E-01  0.2460E-05 NODE          57  -0.6%  0.3647E-01  0.3436E-03   0.000      0.3702E-01   0.000      0.3660       0.000    
   26000  0.6397E-01  0.2460E-05 NODE          57  -0.6%  0.3682E-01  0.3417E-03   0.000      0.3738E-01   0.000      0.3660       0.000    
   26100  0.6421E-01  0.2460E-05 NODE          57  -0.6%  0.3718E-01  0.3396E-03   0.000      0.3773E-01   0.000      0.3660       0.000    
   26200  0.6446E-01  0.2460E-05 NODE          57  -0.6%  0.3754E-01  0.3375E-03   0.000      0.3809E-01   0.000      0.3660       0.000    
   26300  0.6471E-01  0.2460E-05 NODE          57  -0.6%  0.3789E-01  0.3354E-03   0.000      0.3845E-01   0.000      0.3660       0.000    
   26400  0.6495E-01  0.2460E-05 NODE          57  -0.6%  0.3825E-01  0.3332E-03   0.000      0.3880E-01   0.000      0.3660       0.000    
   26500  0.6520E-01  0.2460E-05 NODE          57  -0.6%  0.3861E-01  0.3311E-03   0.000      0.3916E-01   0.000      0.3660       0.000    
   26600  0.6544E-01  0.2460E-05 NODE          57  -0.6%  0.3897E-01  0.3289E-03   0.000      0.3952E-01   0.000      0.3660       0.000    
   26700  0.6569E-01  0.2460E-05 NODE          57  -0.6%  0.3933E-01  0.3267E-03   0.000      0.3988E-01   0.000      0.3660       0.000    
   26800  0.6594E-01  0.2460E-05 NODE          57  -0.6%  0.3969E-01  0.3244E-03   0.000      0.4024E-01   0.000      0.3660       0.000    
   26900  0.6618E-01  0.2460E-05 NODE          57  -0.6%  0.4005E-01  0.3221E-03   0.000      0.4060E-01   0.000      0.3660       0.000    
   27000  0.6643E-01  0.2460E-05 NODE          57  -0.6%  0.4041E-01  0.3198E-03   0.000      0.4096E-01   0.000      0.3660       0.000    
   27100  0.6667E-01  0.2460E-05 NODE          57  -0.6%  0.4077E-01  0.3175E-03   0.000      0.4132E-01   0.000      0.3660       0.000    
   27200  0.6692E-01  0.2460E-05 NODE          57  -0.6%  0.4113E-01  0.3151E-03   0.000      0.4168E-01   0.000      0.3660       0.000    
   27300  0.6717E-01  0.2460E-05 NODE          57  -0.6%  0.4149E-01  0.3128E-03   0.000      0.4204E-01   0.000      0.3660       0.000    
   27400  0.6741E-01  0.2460E-05 NODE          57  -0.6%  0.4185E-01  0.3104E-03   0.000      0.4240E-01   0.000      0.3660       0.000    
   27500  0.6766E-01  0.2460E-05 NODE          57  -0.6%  0.4221E-01  0.3079E-03   0.000      0.4276E-01   0.000      0.3660       0.000    
   27600  0.6790E-01  0.2460E-05 NODE          57  -0.6%  0.4258E-01  0.3054E-03   0.000      0.4312E-01   0.000      0.3660       0.000    
   27700  0.6815E-01  0.2460E-05 NODE          57  -0.6%  0.4294E-01  0.3029E-03   0.000      0.4349E-01   0.000      0.3660       0.000    
   27800  0.6840E-01  0.2460E-05 NODE          57  -0.6%  0.4330E-01  0.3005E-03   0.000      0.4385E-01   0.000      0.3660       0.000    
   27900  0.6864E-01  0.2460E-05 NODE          57  -0.6%  0.4366E-01  0.2979E-03   0.000      0.4421E-01   0.000      0.3660       0.000    
   28000  0.6889E-01  0.2460E-05 NODE          57  -0.6%  0.4402E-01  0.2954E-03   0.000      0.4457E-01   0.000      0.3660       0.000    
   28100  0.6913E-01  0.2460E-05 NODE          57  -0.6%  0.4438E-01  0.2928E-03   0.000      0.4493E-01   0.000      0.3660       0.000    
   28200  0.6938E-01  0.2460E-05 NODE          57  -0.6%  0.4475E-01  0.2902E-03   0.000      0.4529E-01   0.000      0.3660       0.000    
   28300  0.6963E-01  0.2460E-05 NODE          57  -0.6%  0.4511E-01  0.2876E-03   0.000      0.4565E-01   0.000      0.3660       0.000    
   28400  0.6987E-01  0.2460E-05 NODE          57  -0.6%  0.4547E-01  0.2849E-03   0.000      0.4601E-01   0.000      0.3660       0.000    
   28500  0.7012E-01  0.2460E-05 NODE          57  -0.6%  0.4583E-01  0.2824E-03   0.000      0.4637E-01   0.000      0.3660       0.000    
   28600  0.7036E-01  0.2460E-05 NODE          57  -0.6%  0.4619E-01  0.2796E-03   0.000      0.4673E-01   0.000      0.3660       0.000    
   28700  0.7061E-01  0.2460E-05 NODE          57  -0.6%  0.4655E-01  0.2770E-03   0.000      0.4709E-01   0.000      0.3660       0.000    
   28800  0.7086E-01  0.2460E-05 NODE          57  -0.6%  0.4691E-01  0.2742E-03   0.000      0.4745E-01   0.000      0.3660       0.000    
   28900  0.7110E-01  0.2460E-05 NODE          57  -0.6%  0.4727E-01  0.2714E-03   0.000      0.4781E-01   0.000      0.3660       0.000    
   29000  0.7135E-01  0.2460E-05 NODE          57  -0.6%  0.4763E-01  0.2687E-03   0.000      0.4817E-01   0.000      0.3660       0.000    
   29100  0.7159E-01  0.2460E-05 NODE          57  -0.6%  0.4799E-01  0.2660E-03   0.000      0.4853E-01   0.000      0.3660       0.000    
   29200  0.7184E-01  0.2460E-05 NODE          57  -0.6%  0.4835E-01  0.2632E-03   0.000      0.4889E-01   0.000      0.3660       0.000    
   29300  0.7209E-01  0.2460E-05 NODE          57  -0.6%  0.4870E-01  0.2604E-03   0.000      0.4924E-01   0.000      0.3660       0.000    
   29400  0.7233E-01  0.2460E-05 NODE          57  -0.6%  0.4906E-01  0.2575E-03   0.000      0.4960E-01   0.000      0.3660       0.000    
   29500  0.7258E-01  0.2460E-05 NODE          57  -0.6%  0.4942E-01  0.2547E-03   0.000      0.4995E-01   0.000      0.3660       0.000    
   29600  0.7282E-01  0.2460E-05 NODE          57  -0.6%  0.4977E-01  0.2518E-03   0.000      0.5031E-01   0.000      0.3660       0.000    
   29700  0.7307E-01  0.2460E-05 NODE          57  -0.6%  0.5013E-01  0.2490E-03   0.000      0.5066E-01   0.000      0.3660       0.000    
   29800  0.7332E-01  0.2460E-05 NODE          57  -0.6%  0.5048E-01  0.2462E-03   0.000      0.5102E-01   0.000      0.3660       0.000    
   29900  0.7356E-01  0.2460E-05 NODE          57  -0.6%  0.5083E-01  0.2432E-03   0.000      0.5137E-01   0.000      0.3660       0.000    
   CYCLE    TIME      TIME-STEP  ELEMENT          ERROR  I-ENERGY    K-ENERGY T  K-ENERGY R  EXT-WORK     MAS.ERR     TOTAL MASS  MASS ADDED
   30000  0.7381E-01  0.2460E-05 NODE          57  -0.6%  0.5119E-01  0.2403E-03   0.000      0.5172E-01   0.000      0.3660       0.000    
   30100  0.7405E-01  0.2460E-05 NODE          57  -0.6%  0.5154E-01  0.2374E-03   0.000      0.5207E-01   0.000      0.3660       0.000    
   30200  0.7430E-01  0.2460E-05 NODE          57  -0.6%  0.5189E-01  0.2344E-03   0.000      0.5242E-01   0.000      0.3660       0.000    
   30300  0.7455E-01  0.2460E-05 NODE          57  -0.6%  0.5224E-01  0.2315E-03   0.000      0.5277E-01   0.000      0.3660       0.000    
   30400  0.7479E-01  0.2460E-05 NODE          57  -0.6%  0.5259E-01  0.2286E-03   0.000      0.5311E-01   0.000      0.3660       0.000    
     ANIMATION FILE: A24_CONNECTED_EXTENSION_S10_N8A004 WRITTEN
   30500  0.7504E-01  0.2460E-05 NODE          57  -0.6%  0.5293E-01  0.2257E-03   0.000      0.5346E-01   0.000      0.3660       0.000    
   30600  0.7528E-01  0.2460E-05 NODE          57  -0.6%  0.5328E-01  0.2226E-03   0.000      0.5381E-01   0.000      0.3660       0.000    
   30700  0.7553E-01  0.2460E-05 NODE          57  -0.6%  0.5362E-01  0.2196E-03   0.000      0.5415E-01   0.000      0.3660       0.000    
   30800  0.7578E-01  0.2460E-05 NODE          57  -0.6%  0.5397E-01  0.2167E-03   0.000      0.5449E-01   0.000      0.3660       0.000    
   30900  0.7602E-01  0.2460E-05 NODE          57  -0.6%  0.5431E-01  0.2136E-03   0.000      0.5483E-01   0.000      0.3660       0.000    
   31000  0.7627E-01  0.2460E-05 NODE          57  -0.6%  0.5465E-01  0.2107E-03   0.000      0.5517E-01   0.000      0.3660       0.000    
   31100  0.7651E-01  0.2460E-05 NODE          57  -0.6%  0.5499E-01  0.2077E-03   0.000      0.5551E-01   0.000      0.3660       0.000    
   31200  0.7676E-01  0.2460E-05 NODE          57  -0.6%  0.5533E-01  0.2046E-03   0.000      0.5585E-01   0.000      0.3660       0.000    
   31300  0.7701E-01  0.2460E-05 NODE          57  -0.6%  0.5566E-01  0.2016E-03   0.000      0.5619E-01   0.000      0.3660       0.000    
   31400  0.7725E-01  0.2460E-05 NODE          57  -0.6%  0.5600E-01  0.1985E-03   0.000      0.5652E-01   0.000      0.3660       0.000    
   31500  0.7750E-01  0.2460E-05 NODE          57  -0.6%  0.5633E-01  0.1955E-03   0.000      0.5685E-01   0.000      0.3660       0.000    
   31600  0.7774E-01  0.2460E-05 NODE          57  -0.6%  0.5667E-01  0.1925E-03   0.000      0.5718E-01   0.000      0.3660       0.000    
   31700  0.7799E-01  0.2460E-05 NODE          57  -0.6%  0.5700E-01  0.1895E-03   0.000      0.5751E-01   0.000      0.3660       0.000    
   31800  0.7824E-01  0.2460E-05 NODE          57  -0.6%  0.5733E-01  0.1865E-03   0.000      0.5784E-01   0.000      0.3660       0.000    
   31900  0.7848E-01  0.2460E-05 NODE          57  -0.6%  0.5765E-01  0.1834E-03   0.000      0.5817E-01   0.000      0.3660       0.000    
   32000  0.7873E-01  0.2460E-05 NODE          57  -0.6%  0.5798E-01  0.1803E-03   0.000      0.5849E-01   0.000      0.3660       0.000    
   32100  0.7897E-01  0.2460E-05 NODE          57  -0.6%  0.5830E-01  0.1773E-03   0.000      0.5881E-01   0.000      0.3660       0.000    
   32200  0.7922E-01  0.2460E-05 NODE          57  -0.6%  0.5862E-01  0.1742E-03   0.000      0.5913E-01   0.000      0.3660       0.000    
   32300  0.7947E-01  0.2460E-05 NODE          57  -0.6%  0.5894E-01  0.1713E-03   0.000      0.5945E-01   0.000      0.3660       0.000    
   32400  0.7971E-01  0.2460E-05 NODE          57  -0.6%  0.5926E-01  0.1682E-03   0.000      0.5977E-01   0.000      0.3660       0.000    
   32500  0.7996E-01  0.2460E-05 NODE          57  -0.6%  0.5958E-01  0.1651E-03   0.000      0.6008E-01   0.000      0.3660       0.000    
   32600  0.8020E-01  0.2460E-05 NODE          57  -0.6%  0.5989E-01  0.1621E-03   0.000      0.6039E-01   0.000      0.3660       0.000    
   32700  0.8045E-01  0.2460E-05 NODE          57  -0.6%  0.6020E-01  0.1590E-03   0.000      0.6070E-01   0.000      0.3660       0.000    
   32800  0.8070E-01  0.2460E-05 NODE          57  -0.6%  0.6051E-01  0.1560E-03   0.000      0.6101E-01   0.000      0.3660       0.000    
   32900  0.8094E-01  0.2460E-05 NODE          57  -0.6%  0.6082E-01  0.1530E-03   0.000      0.6132E-01   0.000      0.3660       0.000    
   33000  0.8119E-01  0.2460E-05 NODE          57  -0.6%  0.6112E-01  0.1500E-03   0.000      0.6162E-01   0.000      0.3660       0.000    
   33100  0.8144E-01  0.2460E-05 NODE          57  -0.6%  0.6142E-01  0.1470E-03   0.000      0.6192E-01   0.000      0.3660       0.000    
   33200  0.8168E-01  0.2460E-05 NODE          57  -0.6%  0.6172E-01  0.1439E-03   0.000      0.6222E-01   0.000      0.3660       0.000    
   33300  0.8193E-01  0.2460E-05 NODE          57  -0.6%  0.6202E-01  0.1410E-03   0.000      0.6252E-01   0.000      0.3660       0.000    
   33400  0.8217E-01  0.2460E-05 NODE          57  -0.6%  0.6232E-01  0.1380E-03   0.000      0.6281E-01   0.000      0.3660       0.000    
   33500  0.8242E-01  0.2460E-05 NODE          57  -0.6%  0.6261E-01  0.1350E-03   0.000      0.6310E-01   0.000      0.3660       0.000    
   33600  0.8267E-01  0.2460E-05 NODE          57  -0.6%  0.6290E-01  0.1321E-03   0.000      0.6339E-01   0.000      0.3660       0.000    
   33700  0.8291E-01  0.2460E-05 NODE          57  -0.6%  0.6319E-01  0.1291E-03   0.000      0.6368E-01   0.000      0.3660       0.000    
   33800  0.8316E-01  0.2460E-05 NODE          57  -0.6%  0.6347E-01  0.1262E-03   0.000      0.6396E-01   0.000      0.3660       0.000    
   33900  0.8340E-01  0.2460E-05 NODE          57  -0.6%  0.6376E-01  0.1232E-03   0.000      0.6424E-01   0.000      0.3660       0.000    
   34000  0.8365E-01  0.2460E-05 NODE          57  -0.6%  0.6404E-01  0.1203E-03   0.000      0.6452E-01   0.000      0.3660       0.000    
   34100  0.8390E-01  0.2460E-05 NODE          57  -0.6%  0.6431E-01  0.1174E-03   0.000      0.6480E-01   0.000      0.3660       0.000    
   34200  0.8414E-01  0.2460E-05 NODE          57  -0.6%  0.6459E-01  0.1145E-03   0.000      0.6507E-01   0.000      0.3660       0.000    
   34300  0.8439E-01  0.2460E-05 NODE          57  -0.6%  0.6486E-01  0.1117E-03   0.000      0.6534E-01   0.000      0.3660       0.000    
   34400  0.8463E-01  0.2460E-05 NODE          57  -0.6%  0.6513E-01  0.1087E-03   0.000      0.6561E-01   0.000      0.3660       0.000    
   34500  0.8488E-01  0.2460E-05 NODE          57  -0.6%  0.6539E-01  0.1059E-03   0.000      0.6587E-01   0.000      0.3660       0.000    
   34600  0.8513E-01  0.2460E-05 NODE          57  -0.6%  0.6565E-01  0.1031E-03   0.000      0.6613E-01   0.000      0.3660       0.000    
   34700  0.8537E-01  0.2460E-05 NODE          57  -0.6%  0.6591E-01  0.1003E-03   0.000      0.6639E-01   0.000      0.3660       0.000    
   34800  0.8562E-01  0.2460E-05 NODE          57  -0.6%  0.6617E-01  0.9755E-04   0.000      0.6665E-01   0.000      0.3660       0.000    
   34900  0.8586E-01  0.2460E-05 NODE          57  -0.6%  0.6642E-01  0.9475E-04   0.000      0.6690E-01   0.000      0.3660       0.000    
   35000  0.8611E-01  0.2460E-05 NODE          57  -0.6%  0.6667E-01  0.9200E-04   0.000      0.6715E-01   0.000      0.3660       0.000    
   35100  0.8636E-01  0.2460E-05 NODE          57  -0.6%  0.6692E-01  0.8927E-04   0.000      0.6739E-01   0.000      0.3660       0.000    
   35200  0.8660E-01  0.2460E-05 NODE          57  -0.6%  0.6716E-01  0.8655E-04   0.000      0.6763E-01   0.000      0.3660       0.000    
   35300  0.8685E-01  0.2460E-05 NODE          57  -0.6%  0.6740E-01  0.8392E-04   0.000      0.6787E-01   0.000      0.3660       0.000    
   35400  0.8709E-01  0.2460E-05 NODE          57  -0.6%  0.6764E-01  0.8125E-04   0.000      0.6811E-01   0.000      0.3660       0.000    
   35500  0.8734E-01  0.2460E-05 NODE          57  -0.6%  0.6787E-01  0.7865E-04   0.000      0.6834E-01   0.000      0.3660       0.000    
   35600  0.8759E-01  0.2460E-05 NODE          57  -0.6%  0.6810E-01  0.7604E-04   0.000      0.6857E-01   0.000      0.3660       0.000    
   35700  0.8783E-01  0.2460E-05 NODE          57  -0.6%  0.6833E-01  0.7342E-04   0.000      0.6879E-01   0.000      0.3660       0.000    
   35800  0.8808E-01  0.2460E-05 NODE          57  -0.6%  0.6855E-01  0.7092E-04   0.000      0.6902E-01   0.000      0.3660       0.000    
   35900  0.8832E-01  0.2460E-05 NODE          57  -0.6%  0.6877E-01  0.6837E-04   0.000      0.6923E-01   0.000      0.3660       0.000    
   36000  0.8857E-01  0.2460E-05 NODE          57  -0.6%  0.6899E-01  0.6591E-04   0.000      0.6945E-01   0.000      0.3660       0.000    
   36100  0.8882E-01  0.2460E-05 NODE          57  -0.6%  0.6920E-01  0.6347E-04   0.000      0.6966E-01   0.000      0.3660       0.000    
   36200  0.8906E-01  0.2460E-05 NODE          57  -0.6%  0.6941E-01  0.6102E-04   0.000      0.6987E-01   0.000      0.3660       0.000    
   36300  0.8931E-01  0.2460E-05 NODE          57  -0.6%  0.6961E-01  0.5865E-04   0.000      0.7007E-01   0.000      0.3660       0.000    
   36400  0.8955E-01  0.2460E-05 NODE          57  -0.6%  0.6981E-01  0.5625E-04   0.000      0.7027E-01   0.000      0.3660       0.000    
   36500  0.8980E-01  0.2460E-05 NODE          57  -0.6%  0.7001E-01  0.5394E-04   0.000      0.7047E-01   0.000      0.3660       0.000    
   36600  0.9005E-01  0.2460E-05 NODE          57  -0.6%  0.7020E-01  0.5167E-04   0.000      0.7066E-01   0.000      0.3660       0.000    
   36700  0.9029E-01  0.2460E-05 NODE          57  -0.6%  0.7039E-01  0.4940E-04   0.000      0.7084E-01   0.000      0.3660       0.000    
   36800  0.9054E-01  0.2460E-05 NODE          57  -0.6%  0.7058E-01  0.4722E-04   0.000      0.7103E-01   0.000      0.3660       0.000    
   36900  0.9078E-01  0.2460E-05 NODE          57  -0.6%  0.7076E-01  0.4500E-04   0.000      0.7121E-01   0.000      0.3660       0.000    
   37000  0.9103E-01  0.2460E-05 NODE          57  -0.6%  0.7094E-01  0.4286E-04   0.000      0.7138E-01   0.000      0.3660       0.000    
   37100  0.9128E-01  0.2460E-05 NODE          57  -0.6%  0.7111E-01  0.4077E-04   0.000      0.7156E-01   0.000      0.3660       0.000    
   37200  0.9152E-01  0.2460E-05 NODE          57  -0.6%  0.7128E-01  0.3870E-04   0.000      0.7172E-01   0.000      0.3660       0.000    
   37300  0.9177E-01  0.2460E-05 NODE          57  -0.6%  0.7144E-01  0.3672E-04   0.000      0.7189E-01   0.000      0.3660       0.000    
   37400  0.9201E-01  0.2460E-05 NODE          57  -0.6%  0.7160E-01  0.3473E-04   0.000      0.7205E-01   0.000      0.3660       0.000    
   37500  0.9226E-01  0.2460E-05 NODE          57  -0.6%  0.7176E-01  0.3279E-04   0.000      0.7220E-01   0.000      0.3660       0.000    
   37600  0.9251E-01  0.2460E-05 NODE          57  -0.6%  0.7191E-01  0.3090E-04   0.000      0.7235E-01   0.000      0.3660       0.000    
   37700  0.9275E-01  0.2460E-05 NODE          57  -0.6%  0.7206E-01  0.2903E-04   0.000      0.7250E-01   0.000      0.3660       0.000    
   37800  0.9300E-01  0.2460E-05 NODE          57  -0.6%  0.7220E-01  0.2728E-04   0.000      0.7264E-01   0.000      0.3660       0.000    
   37900  0.9324E-01  0.2460E-05 NODE          57  -0.6%  0.7234E-01  0.2552E-04   0.000      0.7278E-01   0.000      0.3660       0.000    
   38000  0.9349E-01  0.2460E-05 NODE          57  -0.6%  0.7247E-01  0.2382E-04   0.000      0.7291E-01   0.000      0.3660       0.000    
   38100  0.9374E-01  0.2460E-05 NODE          57  -0.6%  0.7260E-01  0.2218E-04   0.000      0.7304E-01   0.000      0.3660       0.000    
   38200  0.9398E-01  0.2460E-05 NODE          57  -0.6%  0.7273E-01  0.2055E-04   0.000      0.7316E-01   0.000      0.3660       0.000    
   38300  0.9423E-01  0.2460E-05 NODE          57  -0.6%  0.7285E-01  0.1902E-04   0.000      0.7328E-01   0.000      0.3660       0.000    
   38400  0.9447E-01  0.2460E-05 NODE          57  -0.6%  0.7296E-01  0.1752E-04   0.000      0.7340E-01   0.000      0.3660       0.000    
   38500  0.9472E-01  0.2460E-05 NODE          57  -0.6%  0.7307E-01  0.1608E-04   0.000      0.7351E-01   0.000      0.3660       0.000    
   38600  0.9497E-01  0.2460E-05 NODE          57  -0.6%  0.7318E-01  0.1471E-04   0.000      0.7361E-01   0.000      0.3660       0.000    
   38700  0.9521E-01  0.2460E-05 NODE          57  -0.6%  0.7328E-01  0.1335E-04   0.000      0.7371E-01   0.000      0.3660       0.000    
   38800  0.9546E-01  0.2460E-05 NODE          57  -0.6%  0.7338E-01  0.1209E-04   0.000      0.7381E-01   0.000      0.3660       0.000    
   38900  0.9570E-01  0.2460E-05 NODE          57  -0.6%  0.7347E-01  0.1086E-04   0.000      0.7390E-01   0.000      0.3660       0.000    
   39000  0.9595E-01  0.2460E-05 NODE          57  -0.6%  0.7356E-01  0.9702E-05   0.000      0.7399E-01   0.000      0.3660       0.000    
   39100  0.9620E-01  0.2460E-05 NODE          57  -0.6%  0.7364E-01  0.8617E-05   0.000      0.7407E-01   0.000      0.3660       0.000    
   39200  0.9644E-01  0.2460E-05 NODE          57  -0.6%  0.7372E-01  0.7564E-05   0.000      0.7415E-01   0.000      0.3660       0.000    
   39300  0.9669E-01  0.2460E-05 NODE          57  -0.6%  0.7379E-01  0.6602E-05   0.000      0.7422E-01   0.000      0.3660       0.000    
   39400  0.9693E-01  0.2460E-05 NODE          57  -0.6%  0.7386E-01  0.5676E-05   0.000      0.7429E-01   0.000      0.3660       0.000    
   39500  0.9718E-01  0.2460E-05 NODE          57  -0.6%  0.7392E-01  0.4821E-05   0.000      0.7435E-01   0.000      0.3660       0.000    
   39600  0.9743E-01  0.2460E-05 NODE          57  -0.6%  0.7398E-01  0.4044E-05   0.000      0.7440E-01   0.000      0.3660       0.000    
   39700  0.9767E-01  0.2460E-05 NODE          57  -0.6%  0.7403E-01  0.3317E-05   0.000      0.7446E-01   0.000      0.3660       0.000    
   39800  0.9792E-01  0.2460E-05 NODE          57  -0.6%  0.7408E-01  0.2677E-05   0.000      0.7450E-01   0.000      0.3660       0.000    
   39900  0.9816E-01  0.2460E-05 NODE          57  -0.6%  0.7412E-01  0.2089E-05   0.000      0.7455E-01   0.000      0.3660       0.000    
   CYCLE    TIME      TIME-STEP  ELEMENT          ERROR  I-ENERGY    K-ENERGY T  K-ENERGY R  EXT-WORK     MAS.ERR     TOTAL MASS  MASS ADDED
   40000  0.9841E-01  0.2460E-05 NODE          57  -0.6%  0.7416E-01  0.1572E-05   0.000      0.7458E-01   0.000      0.3660       0.000    
   40100  0.9866E-01  0.2460E-05 NODE          57  -0.6%  0.7419E-01  0.1131E-05   0.000      0.7461E-01   0.000      0.3660       0.000    
   40200  0.9890E-01  0.2460E-05 NODE          57  -0.6%  0.7421E-01  0.7527E-06   0.000      0.7464E-01   0.000      0.3660       0.000    
   40300  0.9915E-01  0.2460E-05 NODE          57  -0.6%  0.7423E-01  0.4591E-06   0.000      0.7466E-01   0.000      0.3660       0.000    
   40400  0.9939E-01  0.2460E-05 NODE          57  -0.6%  0.7425E-01  0.2333E-06   0.000      0.7468E-01   0.000      0.3660       0.000    
   40500  0.9964E-01  0.2460E-05 NODE          57  -0.6%  0.7426E-01  0.8263E-07   0.000      0.7469E-01   0.000      0.3660       0.000    
   40600  0.9989E-01  0.2460E-05 NODE          57  -0.6%  0.7427E-01  0.8586E-08   0.000      0.7469E-01   0.000      0.3660       0.000    

     RESTART FILES: A24_CONNECTED_EXTENSION_S10_N8_0001_[0001-0001].rst WRITTEN
     -------------

     ANIMATION FILE: A24_CONNECTED_EXTENSION_S10_N8A005 WRITTEN
  
                           ** CPU USER TIME **
  
  
                        ** SUMMARY **
  
 #PROC  CONTSORT  CONTFOR   ELEMENT   KINCOND   INTEG     IO        T0        ASM       RESOL    
   1   .1438E+01 .1094E+00 .1761E+02 .4375E+00 .2969E+00 .5000E+00 .2000E+01 .2188E+00 .2288E+02
  
 
                   ** CUMULATIVE CPU TIME SUMMARY **
  
 CONTACT SORTING.............: .1438E+01     6.28 % 
 CONTACT FORCES..............: .1094E+00     0.48 % 
 ELEMENT FORCES..............: .1761E+02    76.98 % 
 KINEMATIC COND..............: .4375E+00     1.91 % 
 INTEGRATION.................: .2969E+00     1.30 % 
 ASSEMBLING..................: .2188E+00     0.96 % 
 OTHERS (including I/O)......: .2766E+01    12.09 % 
 TOTAL.......................: .2288E+02   100.00 % 
  
  
                           ** ELAPSED TIME **
  
  
                        ** SUMMARY **
  
 #PROC  CONTSORT  CONTFOR   ELEMENT   KINCOND   INTEG     IO        T0        ASM       RESOL    
   1   .1270E+01 .9913E-01 .1808E+02 .3904E+00 .3080E+00 .4958E+00 .1896E+01 .2739E+00 .2300E+02
  
                   ** MEMORY USAGE STATISTICS **
  
 TOTAL MEMORY USED .........................:       61 MB
 MAXIMUM MEMORY PER PROCESSOR...............:       61 MB
 MINIMUM MEMORY PER PROCESSOR...............:       61 MB
 AVERAGE MEMORY PER PROCESSOR...............:       61 MB
  
                   ** DISK USAGE STATISTICS **
  
 TOTAL DISK SPACE USED .....................:          2 MB
 ANIMATION/H3D/TH/OUTP SIZE ................:          0 MB
 RESTART FILE SIZE .........................:          1 MB
  
                   ** COMPUTE TIME INFORMATION **
                        ** CURRENT ENGINE **
  
 EXECUTION STARTED .........................:      2026/10/10  11:24:03
 EXECUTION COMPLETED .......................:      2026/10/10  11:24:26
  
 ELAPSED TIME     =         23.03 s
                          0:00:23



     NORMAL TERMINATION      



     TOTAL NUMBER OF CYCLES  :   40647

  
                   ** COMPUTE RUNTIME INFORMATION SUMMARY **
  
        STARTER RUNTIME =          0.82s (00:00:00)
 # 001   ENGINE RUNTIME =         23.03s (00:00:23)
 ------------------------------ 
 STARTER+ENGINE RUNTIME =         23.85s (00:00:23)
  
