************************************************************************
**                                                                    **
**                                                                    **
**                         OpenRadioss Engine                         **
**                                                                    **
**            Non-linear Finite Element Analysis Software             **
**                                                                    **
**                                                                    **
**                                                                    **
**                  Windows 64 bits, Intel compiler                   **
**                      Double Precision Version                      **
**                                                                    **
**                                                                    **
**                                                                    **
************************************************************************
** OpenRadioss Software                                               **
** COPYRIGHT (C) 2026 Siemens                                         **
** Licensed under GNU Affero General Public License.                  **
** See License file.                                                  **
************************************************************************
 
 ROOT: A24_CONNECTED_EXTENSION_S10_N8  RESTART: 0001
 NUMBER OF HMPP PROCESSES     1
 10/10/2026
 NC=       0 T= 0.0000E+00 DT= 2.4603E-06 ERR=  0.0% DM/M= 0.0000E+00
     ANIMATION FILE: A24_CONNECTED_EXTENSION_S10_N8A001 WRITTEN
 NC=     100 T= 2.4603E-04 DT= 2.4603E-06 ERR= -0.0% DM/M= 0.0000E+00
 ELAPSED TIME=          0.09 s  REMAINING TIME=         34.81 s
 NC=     200 T= 4.9206E-04 DT= 2.4603E-06 ERR= -0.0% DM/M= 0.0000E+00
 ELAPSED TIME=          0.13 s  REMAINING TIME=         26.50 s
 NC=     300 T= 7.3809E-04 DT= 2.4603E-06 ERR= -0.0% DM/M= 0.0000E+00
 ELAPSED TIME=          0.17 s  REMAINING TIME=         23.32 s
 NC=     400 T= 9.8412E-04 DT= 2.4603E-06 ERR= -0.0% DM/M= 0.0000E+00
 ELAPSED TIME=          0.22 s  REMAINING TIME=         22.31 s
 NC=     500 T= 1.2302E-03 DT= 2.4603E-06 ERR= -0.0% DM/M= 0.0000E+00
 ELAPSED TIME=          0.27 s  REMAINING TIME=         21.65 s
 NC=     600 T= 1.4762E-03 DT= 2.4603E-06 ERR= -0.0% DM/M= 0.0000E+00
 ELAPSED TIME=          0.31 s  REMAINING TIME=         20.80 s
 NC=     700 T= 1.7222E-03 DT= 2.4603E-06 ERR= -0.0% DM/M= 0.0000E+00
 ELAPSED TIME=          0.35 s  REMAINING TIME=         20.22 s
 NC=     800 T= 1.9682E-03 DT= 2.4603E-06 ERR= -0.0% DM/M= 0.0000E+00
 ELAPSED TIME=          0.40 s  REMAINING TIME=         19.74 s
 NC=     900 T= 2.2143E-03 DT= 2.4603E-06 ERR= -0.0% DM/M= 0.0000E+00
 ELAPSED TIME=          0.44 s  REMAINING TIME=         19.52 s
 NC=    1000 T= 2.4603E-03 DT= 2.4603E-06 ERR= -0.0% DM/M= 0.0000E+00
 ELAPSED TIME=          0.48 s  REMAINING TIME=         19.19 s
 NC=    1100 T= 2.7063E-03 DT= 2.4603E-06 ERR= -0.0% DM/M= 0.0000E+00
 ELAPSED TIME=          0.53 s  REMAINING TIME=         18.90 s
 NC=    1200 T= 2.9524E-03 DT= 2.4603E-06 ERR= -0.0% DM/M= 0.0000E+00
 ELAPSED TIME=          0.57 s  REMAINING TIME=         18.66 s
 NC=    1300 T= 3.1984E-03 DT= 2.4603E-06 ERR= -0.1% DM/M= 0.0000E+00
 ELAPSED TIME=          0.61 s  REMAINING TIME=         18.46 s
 NC=    1400 T= 3.4444E-03 DT= 2.4603E-06 ERR= -0.1% DM/M= 0.0000E+00
 ELAPSED TIME=          0.65 s  REMAINING TIME=         18.28 s
 NC=    1500 T= 3.6905E-03 DT= 2.4603E-06 ERR= -0.1% DM/M= 0.0000E+00
 ELAPSED TIME=          0.69 s  REMAINING TIME=         18.13 s
 NC=    1600 T= 3.9365E-03 DT= 2.4603E-06 ERR= -0.1% DM/M= 0.0000E+00
 ELAPSED TIME=          0.74 s  REMAINING TIME=         17.98 s
 NC=    1700 T= 4.1825E-03 DT= 2.4603E-06 ERR= -0.1% DM/M= 0.0000E+00
 ELAPSED TIME=          0.78 s  REMAINING TIME=         17.84 s
 NC=    1800 T= 4.4285E-03 DT= 2.4603E-06 ERR= -0.1% DM/M= 0.0000E+00
 ELAPSED TIME=          0.82 s  REMAINING TIME=         17.71 s
 NC=    1900 T= 4.6746E-03 DT= 2.4603E-06 ERR= -0.1% DM/M= 0.0000E+00
 ELAPSED TIME=          0.86 s  REMAINING TIME=         17.59 s
 NC=    2000 T= 4.9206E-03 DT= 2.4603E-06 ERR= -0.1% DM/M= 0.0000E+00
 ELAPSED TIME=          0.90 s  REMAINING TIME=         17.48 s
 NC=    2100 T= 5.1666E-03 DT= 2.4603E-06 ERR= -0.1% DM/M= 0.0000E+00
 ELAPSED TIME=          0.95 s  REMAINING TIME=         17.41 s
 NC=    2200 T= 5.4127E-03 DT= 2.4603E-06 ERR= -0.1% DM/M= 0.0000E+00
 ELAPSED TIME=          0.99 s  REMAINING TIME=         17.29 s
 NC=    2300 T= 5.6587E-03 DT= 2.4603E-06 ERR= -0.1% DM/M= 0.0000E+00
 ELAPSED TIME=          1.03 s  REMAINING TIME=         17.19 s
 NC=    2400 T= 5.9047E-03 DT= 2.4603E-06 ERR= -0.2% DM/M= 0.0000E+00
 ELAPSED TIME=          1.07 s  REMAINING TIME=         17.08 s
 NC=    2500 T= 6.1508E-03 DT= 2.4603E-06 ERR= -0.2% DM/M= 0.0000E+00
 ELAPSED TIME=          1.11 s  REMAINING TIME=         16.98 s
 NC=    2600 T= 6.3968E-03 DT= 2.4603E-06 ERR= -0.2% DM/M= 0.0000E+00
 ELAPSED TIME=          1.16 s  REMAINING TIME=         16.91 s
 NC=    2700 T= 6.6428E-03 DT= 2.4603E-06 ERR= -0.2% DM/M= 0.0000E+00
 ELAPSED TIME=          1.20 s  REMAINING TIME=         16.82 s
 NC=    2800 T= 6.8888E-03 DT= 2.4603E-06 ERR= -0.2% DM/M= 0.0000E+00
 ELAPSED TIME=          1.24 s  REMAINING TIME=         16.74 s
 NC=    2900 T= 7.1349E-03 DT= 2.4603E-06 ERR= -0.2% DM/M= 0.0000E+00
 ELAPSED TIME=          1.28 s  REMAINING TIME=         16.65 s
 NC=    3000 T= 7.3809E-03 DT= 2.4603E-06 ERR= -0.2% DM/M= 0.0000E+00
 ELAPSED TIME=          1.32 s  REMAINING TIME=         16.57 s
 NC=    3100 T= 7.6269E-03 DT= 2.4603E-06 ERR= -0.2% DM/M= 0.0000E+00
 ELAPSED TIME=          1.36 s  REMAINING TIME=         16.51 s
 NC=    3200 T= 7.8730E-03 DT= 2.4603E-06 ERR= -0.2% DM/M= 0.0000E+00
 ELAPSED TIME=          1.40 s  REMAINING TIME=         16.43 s
 NC=    3300 T= 8.1190E-03 DT= 2.4603E-06 ERR= -0.2% DM/M= 0.0000E+00
 ELAPSED TIME=          1.45 s  REMAINING TIME=         16.38 s
 NC=    3400 T= 8.3650E-03 DT= 2.4603E-06 ERR= -0.3% DM/M= 0.0000E+00
 ELAPSED TIME=          1.49 s  REMAINING TIME=         16.31 s
 NC=    3500 T= 8.6111E-03 DT= 2.4603E-06 ERR= -0.3% DM/M= 0.0000E+00
 ELAPSED TIME=          1.53 s  REMAINING TIME=         16.28 s
 NC=    3600 T= 8.8571E-03 DT= 2.4603E-06 ERR= -0.3% DM/M= 0.0000E+00
 ELAPSED TIME=          1.58 s  REMAINING TIME=         16.23 s
 NC=    3700 T= 9.1031E-03 DT= 2.4603E-06 ERR= -0.3% DM/M= 0.0000E+00
 ELAPSED TIME=          1.62 s  REMAINING TIME=         16.17 s
 NC=    3800 T= 9.3491E-03 DT= 2.4603E-06 ERR= -0.3% DM/M= 0.0000E+00
 ELAPSED TIME=          1.66 s  REMAINING TIME=         16.09 s
 NC=    3900 T= 9.5952E-03 DT= 2.4603E-06 ERR= -0.3% DM/M= 0.0000E+00
 ELAPSED TIME=          1.70 s  REMAINING TIME=         16.03 s
 NC=    4000 T= 9.8412E-03 DT= 2.4603E-06 ERR= -0.3% DM/M= 0.0000E+00
 ELAPSED TIME=          1.74 s  REMAINING TIME=         15.97 s
 NC=    4100 T= 1.0087E-02 DT= 2.4603E-06 ERR= -0.3% DM/M= 0.0000E+00
 ELAPSED TIME=          1.78 s  REMAINING TIME=         15.90 s
 NC=    4200 T= 1.0333E-02 DT= 2.4603E-06 ERR= -0.3% DM/M= 0.0000E+00
 ELAPSED TIME=          1.83 s  REMAINING TIME=         15.84 s
 NC=    4300 T= 1.0579E-02 DT= 2.4603E-06 ERR= -0.3% DM/M= 0.0000E+00
 ELAPSED TIME=          1.87 s  REMAINING TIME=         15.77 s
 NC=    4400 T= 1.0825E-02 DT= 2.4603E-06 ERR= -0.3% DM/M= 0.0000E+00
 ELAPSED TIME=          1.91 s  REMAINING TIME=         15.72 s
 NC=    4500 T= 1.1071E-02 DT= 2.4603E-06 ERR= -0.3% DM/M= 0.0000E+00
 ELAPSED TIME=          1.95 s  REMAINING TIME=         15.67 s
 NC=    4600 T= 1.1317E-02 DT= 2.4603E-06 ERR= -0.3% DM/M= 0.0000E+00
 ELAPSED TIME=          1.99 s  REMAINING TIME=         15.60 s
 NC=    4700 T= 1.1563E-02 DT= 2.4603E-06 ERR= -0.3% DM/M= 0.0000E+00
 ELAPSED TIME=          2.03 s  REMAINING TIME=         15.55 s
 NC=    4800 T= 1.1809E-02 DT= 2.4603E-06 ERR= -0.4% DM/M= 0.0000E+00
 ELAPSED TIME=          2.07 s  REMAINING TIME=         15.48 s
 NC=    4900 T= 1.2055E-02 DT= 2.4603E-06 ERR= -0.4% DM/M= 0.0000E+00
 ELAPSED TIME=          2.11 s  REMAINING TIME=         15.43 s
 NC=    5000 T= 1.2302E-02 DT= 2.4603E-06 ERR= -0.4% DM/M= 0.0000E+00
 ELAPSED TIME=          2.16 s  REMAINING TIME=         15.37 s
 NC=    5100 T= 1.2548E-02 DT= 2.4603E-06 ERR= -0.4% DM/M= 0.0000E+00
 ELAPSED TIME=          2.20 s  REMAINING TIME=         15.32 s
 NC=    5200 T= 1.2794E-02 DT= 2.4603E-06 ERR= -0.4% DM/M= 0.0000E+00
 ELAPSED TIME=          2.24 s  REMAINING TIME=         15.26 s
 NC=    5300 T= 1.3040E-02 DT= 2.4603E-06 ERR= -0.4% DM/M= 0.0000E+00
 ELAPSED TIME=          2.28 s  REMAINING TIME=         15.20 s
 NC=    5400 T= 1.3286E-02 DT= 2.4603E-06 ERR= -0.4% DM/M= 0.0000E+00
 ELAPSED TIME=          2.32 s  REMAINING TIME=         15.15 s
 NC=    5500 T= 1.3532E-02 DT= 2.4603E-06 ERR= -0.4% DM/M= 0.0000E+00
 ELAPSED TIME=          2.36 s  REMAINING TIME=         15.09 s
 NC=    5600 T= 1.3778E-02 DT= 2.4603E-06 ERR= -0.4% DM/M= 0.0000E+00
 ELAPSED TIME=          2.40 s  REMAINING TIME=         15.05 s
 NC=    5700 T= 1.4024E-02 DT= 2.4603E-06 ERR= -0.4% DM/M= 0.0000E+00
 ELAPSED TIME=          2.45 s  REMAINING TIME=         15.01 s
 NC=    5800 T= 1.4270E-02 DT= 2.4603E-06 ERR= -0.4% DM/M= 0.0000E+00
 ELAPSED TIME=          2.49 s  REMAINING TIME=         14.97 s
 NC=    5900 T= 1.4516E-02 DT= 2.4603E-06 ERR= -0.4% DM/M= 0.0000E+00
 ELAPSED TIME=          2.53 s  REMAINING TIME=         14.91 s
 NC=    6000 T= 1.4762E-02 DT= 2.4603E-06 ERR= -0.4% DM/M= 0.0000E+00
 ELAPSED TIME=          2.57 s  REMAINING TIME=         14.86 s
 NC=    6100 T= 1.5008E-02 DT= 2.4603E-06 ERR= -0.4% DM/M= 0.0000E+00
 ELAPSED TIME=          2.62 s  REMAINING TIME=         14.81 s
 NC=    6200 T= 1.5254E-02 DT= 2.4603E-06 ERR= -0.4% DM/M= 0.0000E+00
 ELAPSED TIME=          2.66 s  REMAINING TIME=         14.78 s
 NC=    6300 T= 1.5500E-02 DT= 2.4603E-06 ERR= -0.4% DM/M= 0.0000E+00
 ELAPSED TIME=          2.70 s  REMAINING TIME=         14.73 s
 NC=    6400 T= 1.5746E-02 DT= 2.4603E-06 ERR= -0.4% DM/M= 0.0000E+00
 ELAPSED TIME=          2.74 s  REMAINING TIME=         14.68 s
 NC=    6500 T= 1.5992E-02 DT= 2.4603E-06 ERR= -0.4% DM/M= 0.0000E+00
 ELAPSED TIME=          2.79 s  REMAINING TIME=         14.63 s
 NC=    6600 T= 1.6238E-02 DT= 2.4603E-06 ERR= -0.4% DM/M= 0.0000E+00
 ELAPSED TIME=          2.83 s  REMAINING TIME=         14.59 s
 NC=    6700 T= 1.6484E-02 DT= 2.4603E-06 ERR= -0.4% DM/M= 0.0000E+00
 ELAPSED TIME=          2.87 s  REMAINING TIME=         14.54 s
 NC=    6800 T= 1.6730E-02 DT= 2.4603E-06 ERR= -0.4% DM/M= 0.0000E+00
 ELAPSED TIME=          2.91 s  REMAINING TIME=         14.51 s
 NC=    6900 T= 1.6976E-02 DT= 2.4603E-06 ERR= -0.4% DM/M= 0.0000E+00
 ELAPSED TIME=          2.96 s  REMAINING TIME=         14.47 s
 NC=    7000 T= 1.7222E-02 DT= 2.4603E-06 ERR= -0.4% DM/M= 0.0000E+00
 ELAPSED TIME=          3.01 s  REMAINING TIME=         14.44 s
 NC=    7100 T= 1.7468E-02 DT= 2.4603E-06 ERR= -0.4% DM/M= 0.0000E+00
 ELAPSED TIME=          3.08 s  REMAINING TIME=         14.55 s
 NC=    7200 T= 1.7714E-02 DT= 2.4603E-06 ERR= -0.5% DM/M= 0.0000E+00
 ELAPSED TIME=          3.15 s  REMAINING TIME=         14.64 s
 NC=    7300 T= 1.7960E-02 DT= 2.4603E-06 ERR= -0.5% DM/M= 0.0000E+00
 ELAPSED TIME=          3.22 s  REMAINING TIME=         14.71 s
 NC=    7400 T= 1.8206E-02 DT= 2.4603E-06 ERR= -0.5% DM/M= 0.0000E+00
 ELAPSED TIME=          3.29 s  REMAINING TIME=         14.80 s
 NC=    7500 T= 1.8452E-02 DT= 2.4603E-06 ERR= -0.5% DM/M= 0.0000E+00
 ELAPSED TIME=          3.36 s  REMAINING TIME=         14.86 s
 NC=    7600 T= 1.8698E-02 DT= 2.4603E-06 ERR= -0.5% DM/M= 0.0000E+00
 ELAPSED TIME=          3.41 s  REMAINING TIME=         14.82 s
 NC=    7700 T= 1.8944E-02 DT= 2.4603E-06 ERR= -0.5% DM/M= 0.0000E+00
 ELAPSED TIME=          3.48 s  REMAINING TIME=         14.88 s
 NC=    7800 T= 1.9190E-02 DT= 2.4603E-06 ERR= -0.5% DM/M= 0.0000E+00
 ELAPSED TIME=          3.54 s  REMAINING TIME=         14.89 s
 NC=    7900 T= 1.9436E-02 DT= 2.4603E-06 ERR= -0.5% DM/M= 0.0000E+00
 ELAPSED TIME=          3.58 s  REMAINING TIME=         14.84 s
 NC=    8000 T= 1.9682E-02 DT= 2.4603E-06 ERR= -0.5% DM/M= 0.0000E+00
 ELAPSED TIME=          3.62 s  REMAINING TIME=         14.79 s
 NC=    8100 T= 1.9928E-02 DT= 2.4603E-06 ERR= -0.5% DM/M= 0.0000E+00
 ELAPSED TIME=          3.67 s  REMAINING TIME=         14.73 s
 NC=    8200 T= 2.0174E-02 DT= 2.4603E-06 ERR= -0.5% DM/M= 0.0000E+00
 ELAPSED TIME=          3.73 s  REMAINING TIME=         14.76 s
 NC=    8300 T= 2.0420E-02 DT= 2.4603E-06 ERR= -0.5% DM/M= 0.0000E+00
 ELAPSED TIME=          3.80 s  REMAINING TIME=         14.82 s
 NC=    8400 T= 2.0667E-02 DT= 2.4603E-06 ERR= -0.5% DM/M= 0.0000E+00
 ELAPSED TIME=          3.88 s  REMAINING TIME=         14.88 s
 NC=    8500 T= 2.0913E-02 DT= 2.4603E-06 ERR= -0.5% DM/M= 0.0000E+00
 ELAPSED TIME=          3.94 s  REMAINING TIME=         14.92 s
 NC=    8600 T= 2.1159E-02 DT= 2.4603E-06 ERR= -0.5% DM/M= 0.0000E+00
 ELAPSED TIME=          4.02 s  REMAINING TIME=         14.96 s
 NC=    8700 T= 2.1405E-02 DT= 2.4603E-06 ERR= -0.5% DM/M= 0.0000E+00
 ELAPSED TIME=          4.09 s  REMAINING TIME=         15.00 s
 NC=    8800 T= 2.1651E-02 DT= 2.4603E-06 ERR= -0.5% DM/M= 0.0000E+00
 ELAPSED TIME=          4.13 s  REMAINING TIME=         14.95 s
 NC=    8900 T= 2.1897E-02 DT= 2.4603E-06 ERR= -0.5% DM/M= 0.0000E+00
 ELAPSED TIME=          4.19 s  REMAINING TIME=         14.95 s
 NC=    9000 T= 2.2143E-02 DT= 2.4603E-06 ERR= -0.5% DM/M= 0.0000E+00
 ELAPSED TIME=          4.26 s  REMAINING TIME=         14.99 s
 NC=    9100 T= 2.2389E-02 DT= 2.4603E-06 ERR= -0.5% DM/M= 0.0000E+00
 ELAPSED TIME=          4.33 s  REMAINING TIME=         15.01 s
 NC=    9200 T= 2.2635E-02 DT= 2.4603E-06 ERR= -0.5% DM/M= 0.0000E+00
 ELAPSED TIME=          4.40 s  REMAINING TIME=         15.04 s
 NC=    9300 T= 2.2881E-02 DT= 2.4603E-06 ERR= -0.5% DM/M= 0.0000E+00
 ELAPSED TIME=          4.47 s  REMAINING TIME=         15.06 s
 NC=    9400 T= 2.3127E-02 DT= 2.4603E-06 ERR= -0.5% DM/M= 0.0000E+00
 ELAPSED TIME=          4.54 s  REMAINING TIME=         15.09 s
 NC=    9500 T= 2.3373E-02 DT= 2.4603E-06 ERR= -0.5% DM/M= 0.0000E+00
 ELAPSED TIME=          4.61 s  REMAINING TIME=         15.11 s
 NC=    9600 T= 2.3619E-02 DT= 2.4603E-06 ERR= -0.5% DM/M= 0.0000E+00
 ELAPSED TIME=          4.68 s  REMAINING TIME=         15.13 s
 NC=    9700 T= 2.3865E-02 DT= 2.4603E-06 ERR= -0.5% DM/M= 0.0000E+00
 ELAPSED TIME=          4.75 s  REMAINING TIME=         15.14 s
 NC=    9800 T= 2.4111E-02 DT= 2.4603E-06 ERR= -0.5% DM/M= 0.0000E+00
 ELAPSED TIME=          4.82 s  REMAINING TIME=         15.16 s
 NC=    9900 T= 2.4357E-02 DT= 2.4603E-06 ERR= -0.5% DM/M= 0.0000E+00
 ELAPSED TIME=          4.89 s  REMAINING TIME=         15.17 s
 NC=   10000 T= 2.4603E-02 DT= 2.4603E-06 ERR= -0.5% DM/M= 0.0000E+00
 ELAPSED TIME=          4.94 s  REMAINING TIME=         15.13 s
 NC=   10100 T= 2.4849E-02 DT= 2.4603E-06 ERR= -0.5% DM/M= 0.0000E+00
 ELAPSED TIME=          4.98 s  REMAINING TIME=         15.06 s
     ANIMATION FILE: A24_CONNECTED_EXTENSION_S10_N8A002 WRITTEN
 NC=   10200 T= 2.5095E-02 DT= 2.4603E-06 ERR= -0.5% DM/M= 0.0000E+00
 ELAPSED TIME=          5.05 s  REMAINING TIME=         15.08 s
 NC=   10300 T= 2.5341E-02 DT= 2.4603E-06 ERR= -0.5% DM/M= 0.0000E+00
 ELAPSED TIME=          5.12 s  REMAINING TIME=         15.09 s
 NC=   10400 T= 2.5587E-02 DT= 2.4603E-06 ERR= -0.5% DM/M= 0.0000E+00
 ELAPSED TIME=          5.19 s  REMAINING TIME=         15.10 s
 NC=   10500 T= 2.5833E-02 DT= 2.4603E-06 ERR= -0.5% DM/M= 0.0000E+00
 ELAPSED TIME=          5.26 s  REMAINING TIME=         15.10 s
 NC=   10600 T= 2.6079E-02 DT= 2.4603E-06 ERR= -0.5% DM/M= 0.0000E+00
 ELAPSED TIME=          5.33 s  REMAINING TIME=         15.11 s
 NC=   10700 T= 2.6325E-02 DT= 2.4603E-06 ERR= -0.5% DM/M= 0.0000E+00
 ELAPSED TIME=          5.40 s  REMAINING TIME=         15.11 s
 NC=   10800 T= 2.6571E-02 DT= 2.4603E-06 ERR= -0.5% DM/M= 0.0000E+00
 ELAPSED TIME=          5.47 s  REMAINING TIME=         15.13 s
 NC=   10900 T= 2.6817E-02 DT= 2.4603E-06 ERR= -0.5% DM/M= 0.0000E+00
 ELAPSED TIME=          5.55 s  REMAINING TIME=         15.14 s
 NC=   11000 T= 2.7063E-02 DT= 2.4603E-06 ERR= -0.5% DM/M= 0.0000E+00
 ELAPSED TIME=          5.61 s  REMAINING TIME=         15.11 s
 NC=   11100 T= 2.7309E-02 DT= 2.4603E-06 ERR= -0.5% DM/M= 0.0000E+00
 ELAPSED TIME=          5.68 s  REMAINING TIME=         15.11 s
 NC=   11200 T= 2.7555E-02 DT= 2.4603E-06 ERR= -0.5% DM/M= 0.0000E+00
 ELAPSED TIME=          5.75 s  REMAINING TIME=         15.11 s
 NC=   11300 T= 2.7801E-02 DT= 2.4603E-06 ERR= -0.5% DM/M= 0.0000E+00
 ELAPSED TIME=          5.82 s  REMAINING TIME=         15.12 s
 NC=   11400 T= 2.8047E-02 DT= 2.4603E-06 ERR= -0.5% DM/M= 0.0000E+00
 ELAPSED TIME=          5.89 s  REMAINING TIME=         15.12 s
 NC=   11500 T= 2.8293E-02 DT= 2.4603E-06 ERR= -0.5% DM/M= 0.0000E+00
 ELAPSED TIME=          5.93 s  REMAINING TIME=         15.04 s
 NC=   11600 T= 2.8539E-02 DT= 2.4603E-06 ERR= -0.5% DM/M= 0.0000E+00
 ELAPSED TIME=          5.97 s  REMAINING TIME=         14.96 s
 NC=   11700 T= 2.8785E-02 DT= 2.4603E-06 ERR= -0.5% DM/M= 0.0000E+00
 ELAPSED TIME=          6.01 s  REMAINING TIME=         14.88 s
 NC=   11800 T= 2.9032E-02 DT= 2.4603E-06 ERR= -0.5% DM/M= 0.0000E+00
 ELAPSED TIME=          6.06 s  REMAINING TIME=         14.80 s
 NC=   11900 T= 2.9278E-02 DT= 2.4603E-06 ERR= -0.5% DM/M= 0.0000E+00
 ELAPSED TIME=          6.11 s  REMAINING TIME=         14.77 s
 NC=   12000 T= 2.9524E-02 DT= 2.4603E-06 ERR= -0.5% DM/M= 0.0000E+00
 ELAPSED TIME=          6.19 s  REMAINING TIME=         14.77 s
 NC=   12100 T= 2.9770E-02 DT= 2.4603E-06 ERR= -0.5% DM/M= 0.0000E+00
 ELAPSED TIME=          6.26 s  REMAINING TIME=         14.77 s
 NC=   12200 T= 3.0016E-02 DT= 2.4603E-06 ERR= -0.5% DM/M= 0.0000E+00
 ELAPSED TIME=          6.33 s  REMAINING TIME=         14.77 s
 NC=   12300 T= 3.0262E-02 DT= 2.4603E-06 ERR= -0.5% DM/M= 0.0000E+00
 ELAPSED TIME=          6.40 s  REMAINING TIME=         14.76 s
 NC=   12400 T= 3.0508E-02 DT= 2.4603E-06 ERR= -0.5% DM/M= 0.0000E+00
 ELAPSED TIME=          6.45 s  REMAINING TIME=         14.68 s
 NC=   12500 T= 3.0754E-02 DT= 2.4603E-06 ERR= -0.5% DM/M= 0.0000E+00
 ELAPSED TIME=          6.49 s  REMAINING TIME=         14.61 s
 NC=   12600 T= 3.1000E-02 DT= 2.4603E-06 ERR= -0.5% DM/M= 0.0000E+00
 ELAPSED TIME=          6.53 s  REMAINING TIME=         14.54 s
 NC=   12700 T= 3.1246E-02 DT= 2.4603E-06 ERR= -0.5% DM/M= 0.0000E+00
 ELAPSED TIME=          6.59 s  REMAINING TIME=         14.50 s
 NC=   12800 T= 3.1492E-02 DT= 2.4603E-06 ERR= -0.5% DM/M= 0.0000E+00
 ELAPSED TIME=          6.65 s  REMAINING TIME=         14.47 s
 NC=   12900 T= 3.1738E-02 DT= 2.4603E-06 ERR= -0.5% DM/M= 0.0000E+00
 ELAPSED TIME=          6.70 s  REMAINING TIME=         14.42 s
 NC=   13000 T= 3.1984E-02 DT= 2.4603E-06 ERR= -0.5% DM/M= 0.0000E+00
 ELAPSED TIME=          6.75 s  REMAINING TIME=         14.36 s
 NC=   13100 T= 3.2230E-02 DT= 2.4603E-06 ERR= -0.5% DM/M= 0.0000E+00
 ELAPSED TIME=          6.80 s  REMAINING TIME=         14.30 s
 NC=   13200 T= 3.2476E-02 DT= 2.4603E-06 ERR= -0.5% DM/M= 0.0000E+00
 ELAPSED TIME=          6.87 s  REMAINING TIME=         14.29 s
 NC=   13300 T= 3.2722E-02 DT= 2.4603E-06 ERR= -0.5% DM/M= 0.0000E+00
 ELAPSED TIME=          6.95 s  REMAINING TIME=         14.28 s
 NC=   13400 T= 3.2968E-02 DT= 2.4603E-06 ERR= -0.5% DM/M= 0.0000E+00
 ELAPSED TIME=          7.01 s  REMAINING TIME=         14.26 s
 NC=   13500 T= 3.3214E-02 DT= 2.4603E-06 ERR= -0.5% DM/M= 0.0000E+00
 ELAPSED TIME=          7.07 s  REMAINING TIME=         14.22 s
 NC=   13600 T= 3.3460E-02 DT= 2.4603E-06 ERR= -0.5% DM/M= 0.0000E+00
 ELAPSED TIME=          7.14 s  REMAINING TIME=         14.20 s
 NC=   13700 T= 3.3706E-02 DT= 2.4603E-06 ERR= -0.5% DM/M= 0.0000E+00
 ELAPSED TIME=          7.21 s  REMAINING TIME=         14.18 s
 NC=   13800 T= 3.3952E-02 DT= 2.4603E-06 ERR= -0.5% DM/M= 0.0000E+00
 ELAPSED TIME=          7.28 s  REMAINING TIME=         14.16 s
 NC=   13900 T= 3.4198E-02 DT= 2.4603E-06 ERR= -0.5% DM/M= 0.0000E+00
 ELAPSED TIME=          7.35 s  REMAINING TIME=         14.14 s
 NC=   14000 T= 3.4444E-02 DT= 2.4603E-06 ERR= -0.5% DM/M= 0.0000E+00
 ELAPSED TIME=          7.42 s  REMAINING TIME=         14.12 s
 NC=   14100 T= 3.4690E-02 DT= 2.4603E-06 ERR= -0.5% DM/M= 0.0000E+00
 ELAPSED TIME=          7.49 s  REMAINING TIME=         14.09 s
 NC=   14200 T= 3.4936E-02 DT= 2.4603E-06 ERR= -0.5% DM/M= 0.0000E+00
 ELAPSED TIME=          7.56 s  REMAINING TIME=         14.07 s
 NC=   14300 T= 3.5182E-02 DT= 2.4603E-06 ERR= -0.5% DM/M= 0.0000E+00
 ELAPSED TIME=          7.62 s  REMAINING TIME=         14.04 s
 NC=   14400 T= 3.5428E-02 DT= 2.4603E-06 ERR= -0.5% DM/M= 0.0000E+00
 ELAPSED TIME=          7.67 s  REMAINING TIME=         13.98 s
 NC=   14500 T= 3.5674E-02 DT= 2.4603E-06 ERR= -0.5% DM/M= 0.0000E+00
 ELAPSED TIME=          7.73 s  REMAINING TIME=         13.94 s
 NC=   14600 T= 3.5920E-02 DT= 2.4603E-06 ERR= -0.5% DM/M= 0.0000E+00
 ELAPSED TIME=          7.77 s  REMAINING TIME=         13.86 s
 NC=   14700 T= 3.6166E-02 DT= 2.4603E-06 ERR= -0.5% DM/M= 0.0000E+00
 ELAPSED TIME=          7.82 s  REMAINING TIME=         13.80 s
 NC=   14800 T= 3.6412E-02 DT= 2.4603E-06 ERR= -0.5% DM/M= 0.0000E+00
 ELAPSED TIME=          7.89 s  REMAINING TIME=         13.78 s
 NC=   14900 T= 3.6658E-02 DT= 2.4603E-06 ERR= -0.5% DM/M= 0.0000E+00
 ELAPSED TIME=          7.96 s  REMAINING TIME=         13.76 s
 NC=   15000 T= 3.6904E-02 DT= 2.4603E-06 ERR= -0.5% DM/M= 0.0000E+00
 ELAPSED TIME=          8.04 s  REMAINING TIME=         13.74 s
 NC=   15100 T= 3.7150E-02 DT= 2.4603E-06 ERR= -0.5% DM/M= 0.0000E+00
 ELAPSED TIME=          8.11 s  REMAINING TIME=         13.72 s
 NC=   15200 T= 3.7396E-02 DT= 2.4603E-06 ERR= -0.5% DM/M= 0.0000E+00
 ELAPSED TIME=          8.18 s  REMAINING TIME=         13.69 s
 NC=   15300 T= 3.7642E-02 DT= 2.4603E-06 ERR= -0.5% DM/M= 0.0000E+00
 ELAPSED TIME=          8.25 s  REMAINING TIME=         13.67 s
 NC=   15400 T= 3.7889E-02 DT= 2.4603E-06 ERR= -0.5% DM/M= 0.0000E+00
 ELAPSED TIME=          8.33 s  REMAINING TIME=         13.65 s
 NC=   15500 T= 3.8135E-02 DT= 2.4603E-06 ERR= -0.5% DM/M= 0.0000E+00
 ELAPSED TIME=          8.39 s  REMAINING TIME=         13.61 s
 NC=   15600 T= 3.8381E-02 DT= 2.4603E-06 ERR= -0.5% DM/M= 0.0000E+00
 ELAPSED TIME=          8.45 s  REMAINING TIME=         13.57 s
 NC=   15700 T= 3.8627E-02 DT= 2.4603E-06 ERR= -0.5% DM/M= 0.0000E+00
 ELAPSED TIME=          8.50 s  REMAINING TIME=         13.51 s
 NC=   15800 T= 3.8873E-02 DT= 2.4603E-06 ERR= -0.5% DM/M= 0.0000E+00
 ELAPSED TIME=          8.54 s  REMAINING TIME=         13.43 s
 NC=   15900 T= 3.9119E-02 DT= 2.4603E-06 ERR= -0.5% DM/M= 0.0000E+00
 ELAPSED TIME=          8.58 s  REMAINING TIME=         13.36 s
 NC=   16000 T= 3.9365E-02 DT= 2.4603E-06 ERR= -0.5% DM/M= 0.0000E+00
 ELAPSED TIME=          8.62 s  REMAINING TIME=         13.28 s
 NC=   16100 T= 3.9611E-02 DT= 2.4603E-06 ERR= -0.5% DM/M= 0.0000E+00
 ELAPSED TIME=          8.67 s  REMAINING TIME=         13.21 s
 NC=   16200 T= 3.9857E-02 DT= 2.4603E-06 ERR= -0.5% DM/M= 0.0000E+00
 ELAPSED TIME=          8.71 s  REMAINING TIME=         13.15 s
 NC=   16300 T= 4.0103E-02 DT= 2.4603E-06 ERR= -0.5% DM/M= 0.0000E+00
 ELAPSED TIME=          8.77 s  REMAINING TIME=         13.10 s
 NC=   16400 T= 4.0349E-02 DT= 2.4603E-06 ERR= -0.5% DM/M= 0.0000E+00
 ELAPSED TIME=          8.81 s  REMAINING TIME=         13.02 s
 NC=   16500 T= 4.0595E-02 DT= 2.4603E-06 ERR= -0.5% DM/M= 0.0000E+00
 ELAPSED TIME=          8.86 s  REMAINING TIME=         12.96 s
 NC=   16600 T= 4.0841E-02 DT= 2.4603E-06 ERR= -0.5% DM/M= 0.0000E+00
 ELAPSED TIME=          8.91 s  REMAINING TIME=         12.91 s
 NC=   16700 T= 4.1087E-02 DT= 2.4603E-06 ERR= -0.5% DM/M= 0.0000E+00
 ELAPSED TIME=          8.98 s  REMAINING TIME=         12.87 s
 NC=   16800 T= 4.1333E-02 DT= 2.4603E-06 ERR= -0.5% DM/M= 0.0000E+00
 ELAPSED TIME=          9.03 s  REMAINING TIME=         12.82 s
 NC=   16900 T= 4.1579E-02 DT= 2.4603E-06 ERR= -0.5% DM/M= 0.0000E+00
 ELAPSED TIME=          9.09 s  REMAINING TIME=         12.77 s
 NC=   17000 T= 4.1825E-02 DT= 2.4603E-06 ERR= -0.5% DM/M= 0.0000E+00
 ELAPSED TIME=          9.15 s  REMAINING TIME=         12.72 s
 NC=   17100 T= 4.2071E-02 DT= 2.4603E-06 ERR= -0.6% DM/M= 0.0000E+00
 ELAPSED TIME=          9.22 s  REMAINING TIME=         12.69 s
 NC=   17200 T= 4.2317E-02 DT= 2.4603E-06 ERR= -0.6% DM/M= 0.0000E+00
 ELAPSED TIME=          9.28 s  REMAINING TIME=         12.66 s
 NC=   17300 T= 4.2563E-02 DT= 2.4603E-06 ERR= -0.6% DM/M= 0.0000E+00
 ELAPSED TIME=          9.35 s  REMAINING TIME=         12.62 s
 NC=   17400 T= 4.2809E-02 DT= 2.4603E-06 ERR= -0.6% DM/M= 0.0000E+00
 ELAPSED TIME=          9.41 s  REMAINING TIME=         12.57 s
 NC=   17500 T= 4.3055E-02 DT= 2.4603E-06 ERR= -0.6% DM/M= 0.0000E+00
 ELAPSED TIME=          9.47 s  REMAINING TIME=         12.53 s
 NC=   17600 T= 4.3301E-02 DT= 2.4603E-06 ERR= -0.6% DM/M= 0.0000E+00
 ELAPSED TIME=          9.54 s  REMAINING TIME=         12.50 s
 NC=   17700 T= 4.3547E-02 DT= 2.4603E-06 ERR= -0.6% DM/M= 0.0000E+00
 ELAPSED TIME=          9.61 s  REMAINING TIME=         12.46 s
 NC=   17800 T= 4.3793E-02 DT= 2.4603E-06 ERR= -0.6% DM/M= 0.0000E+00
 ELAPSED TIME=          9.68 s  REMAINING TIME=         12.42 s
 NC=   17900 T= 4.4039E-02 DT= 2.4603E-06 ERR= -0.6% DM/M= 0.0000E+00
 ELAPSED TIME=          9.72 s  REMAINING TIME=         12.35 s
 NC=   18000 T= 4.4285E-02 DT= 2.4603E-06 ERR= -0.6% DM/M= 0.0000E+00
 ELAPSED TIME=          9.76 s  REMAINING TIME=         12.28 s
 NC=   18100 T= 4.4531E-02 DT= 2.4603E-06 ERR= -0.6% DM/M= 0.0000E+00
 ELAPSED TIME=          9.83 s  REMAINING TIME=         12.25 s
 NC=   18200 T= 4.4777E-02 DT= 2.4603E-06 ERR= -0.6% DM/M= 0.0000E+00
 ELAPSED TIME=          9.90 s  REMAINING TIME=         12.21 s
 NC=   18300 T= 4.5023E-02 DT= 2.4603E-06 ERR= -0.6% DM/M= 0.0000E+00
 ELAPSED TIME=          9.97 s  REMAINING TIME=         12.18 s
 NC=   18400 T= 4.5269E-02 DT= 2.4603E-06 ERR= -0.6% DM/M= 0.0000E+00
 ELAPSED TIME=         10.04 s  REMAINING TIME=         12.14 s
 NC=   18500 T= 4.5515E-02 DT= 2.4603E-06 ERR= -0.6% DM/M= 0.0000E+00
 ELAPSED TIME=         10.11 s  REMAINING TIME=         12.10 s
 NC=   18600 T= 4.5761E-02 DT= 2.4603E-06 ERR= -0.6% DM/M= 0.0000E+00
 ELAPSED TIME=         10.18 s  REMAINING TIME=         12.07 s
 NC=   18700 T= 4.6007E-02 DT= 2.4603E-06 ERR= -0.6% DM/M= 0.0000E+00
 ELAPSED TIME=         10.22 s  REMAINING TIME=         12.00 s
 NC=   18800 T= 4.6253E-02 DT= 2.4603E-06 ERR= -0.6% DM/M= 0.0000E+00
 ELAPSED TIME=         10.27 s  REMAINING TIME=         11.94 s
 NC=   18900 T= 4.6499E-02 DT= 2.4603E-06 ERR= -0.6% DM/M= 0.0000E+00
 ELAPSED TIME=         10.35 s  REMAINING TIME=         11.90 s
 NC=   19000 T= 4.6746E-02 DT= 2.4603E-06 ERR= -0.6% DM/M= 0.0000E+00
 ELAPSED TIME=         10.40 s  REMAINING TIME=         11.85 s
 NC=   19100 T= 4.6992E-02 DT= 2.4603E-06 ERR= -0.6% DM/M= 0.0000E+00
 ELAPSED TIME=         10.46 s  REMAINING TIME=         11.80 s
 NC=   19200 T= 4.7238E-02 DT= 2.4603E-06 ERR= -0.6% DM/M= 0.0000E+00
 ELAPSED TIME=         10.52 s  REMAINING TIME=         11.76 s
 NC=   19300 T= 4.7484E-02 DT= 2.4603E-06 ERR= -0.6% DM/M= 0.0000E+00
 ELAPSED TIME=         10.59 s  REMAINING TIME=         11.72 s
 NC=   19400 T= 4.7730E-02 DT= 2.4603E-06 ERR= -0.6% DM/M= 0.0000E+00
 ELAPSED TIME=         10.67 s  REMAINING TIME=         11.68 s
 NC=   19500 T= 4.7976E-02 DT= 2.4603E-06 ERR= -0.6% DM/M= 0.0000E+00
 ELAPSED TIME=         10.74 s  REMAINING TIME=         11.64 s
 NC=   19600 T= 4.8222E-02 DT= 2.4603E-06 ERR= -0.6% DM/M= 0.0000E+00
 ELAPSED TIME=         10.80 s  REMAINING TIME=         11.60 s
 NC=   19700 T= 4.8468E-02 DT= 2.4603E-06 ERR= -0.6% DM/M= 0.0000E+00
 ELAPSED TIME=         10.87 s  REMAINING TIME=         11.56 s
 NC=   19800 T= 4.8714E-02 DT= 2.4603E-06 ERR= -0.6% DM/M= 0.0000E+00
 ELAPSED TIME=         10.94 s  REMAINING TIME=         11.52 s
 NC=   19900 T= 4.8960E-02 DT= 2.4603E-06 ERR= -0.6% DM/M= 0.0000E+00
 ELAPSED TIME=         11.01 s  REMAINING TIME=         11.48 s
 NC=   20000 T= 4.9206E-02 DT= 2.4603E-06 ERR= -0.6% DM/M= 0.0000E+00
 ELAPSED TIME=         11.08 s  REMAINING TIME=         11.44 s
 NC=   20100 T= 4.9452E-02 DT= 2.4603E-06 ERR= -0.6% DM/M= 0.0000E+00
 ELAPSED TIME=         11.14 s  REMAINING TIME=         11.38 s
 NC=   20200 T= 4.9698E-02 DT= 2.4603E-06 ERR= -0.6% DM/M= 0.0000E+00
 ELAPSED TIME=         11.18 s  REMAINING TIME=         11.31 s
 NC=   20300 T= 4.9944E-02 DT= 2.4603E-06 ERR= -0.6% DM/M= 0.0000E+00
 ELAPSED TIME=         11.22 s  REMAINING TIME=         11.24 s
     ANIMATION FILE: A24_CONNECTED_EXTENSION_S10_N8A003 WRITTEN
 NC=   20400 T= 5.0190E-02 DT= 2.4603E-06 ERR= -0.6% DM/M= 0.0000E+00
 ELAPSED TIME=         11.26 s  REMAINING TIME=         11.17 s
 NC=   20500 T= 5.0436E-02 DT= 2.4603E-06 ERR= -0.6% DM/M= 0.0000E+00
 ELAPSED TIME=         11.30 s  REMAINING TIME=         11.10 s
 NC=   20600 T= 5.0682E-02 DT= 2.4603E-06 ERR= -0.6% DM/M= 0.0000E+00
 ELAPSED TIME=         11.34 s  REMAINING TIME=         11.04 s
 NC=   20700 T= 5.0928E-02 DT= 2.4603E-06 ERR= -0.6% DM/M= 0.0000E+00
 ELAPSED TIME=         11.38 s  REMAINING TIME=         10.97 s
 NC=   20800 T= 5.1174E-02 DT= 2.4603E-06 ERR= -0.6% DM/M= 0.0000E+00
 ELAPSED TIME=         11.43 s  REMAINING TIME=         10.90 s
 NC=   20900 T= 5.1420E-02 DT= 2.4603E-06 ERR= -0.6% DM/M= 0.0000E+00
 ELAPSED TIME=         11.47 s  REMAINING TIME=         10.83 s
 NC=   21000 T= 5.1666E-02 DT= 2.4603E-06 ERR= -0.6% DM/M= 0.0000E+00
 ELAPSED TIME=         11.51 s  REMAINING TIME=         10.77 s
 NC=   21100 T= 5.1912E-02 DT= 2.4603E-06 ERR= -0.6% DM/M= 0.0000E+00
 ELAPSED TIME=         11.57 s  REMAINING TIME=         10.72 s
 NC=   21200 T= 5.2158E-02 DT= 2.4603E-06 ERR= -0.6% DM/M= 0.0000E+00
 ELAPSED TIME=         11.63 s  REMAINING TIME=         10.67 s
 NC=   21300 T= 5.2404E-02 DT= 2.4603E-06 ERR= -0.6% DM/M= 0.0000E+00
 ELAPSED TIME=         11.68 s  REMAINING TIME=         10.61 s
 NC=   21400 T= 5.2650E-02 DT= 2.4603E-06 ERR= -0.6% DM/M= 0.0000E+00
 ELAPSED TIME=         11.72 s  REMAINING TIME=         10.54 s
 NC=   21500 T= 5.2896E-02 DT= 2.4603E-06 ERR= -0.6% DM/M= 0.0000E+00
 ELAPSED TIME=         11.78 s  REMAINING TIME=         10.49 s
 NC=   21600 T= 5.3142E-02 DT= 2.4603E-06 ERR= -0.6% DM/M= 0.0000E+00
 ELAPSED TIME=         11.84 s  REMAINING TIME=         10.44 s
 NC=   21700 T= 5.3388E-02 DT= 2.4603E-06 ERR= -0.6% DM/M= 0.0000E+00
 ELAPSED TIME=         11.91 s  REMAINING TIME=         10.39 s
 NC=   21800 T= 5.3634E-02 DT= 2.4603E-06 ERR= -0.6% DM/M= 0.0000E+00
 ELAPSED TIME=         11.97 s  REMAINING TIME=         10.35 s
 NC=   21900 T= 5.3880E-02 DT= 2.4603E-06 ERR= -0.6% DM/M= 0.0000E+00
 ELAPSED TIME=         12.03 s  REMAINING TIME=         10.30 s
 NC=   22000 T= 5.4126E-02 DT= 2.4603E-06 ERR= -0.6% DM/M= 0.0000E+00
 ELAPSED TIME=         12.09 s  REMAINING TIME=         10.25 s
 NC=   22100 T= 5.4372E-02 DT= 2.4603E-06 ERR= -0.6% DM/M= 0.0000E+00
 ELAPSED TIME=         12.15 s  REMAINING TIME=         10.20 s
 NC=   22200 T= 5.4618E-02 DT= 2.4603E-06 ERR= -0.6% DM/M= 0.0000E+00
 ELAPSED TIME=         12.22 s  REMAINING TIME=         10.15 s
 NC=   22300 T= 5.4864E-02 DT= 2.4603E-06 ERR= -0.6% DM/M= 0.0000E+00
 ELAPSED TIME=         12.29 s  REMAINING TIME=         10.11 s
 NC=   22400 T= 5.5110E-02 DT= 2.4603E-06 ERR= -0.6% DM/M= 0.0000E+00
 ELAPSED TIME=         12.37 s  REMAINING TIME=         10.07 s
 NC=   22500 T= 5.5356E-02 DT= 2.4603E-06 ERR= -0.6% DM/M= 0.0000E+00
 ELAPSED TIME=         12.43 s  REMAINING TIME=         10.03 s
 NC=   22600 T= 5.5602E-02 DT= 2.4603E-06 ERR= -0.6% DM/M= 0.0000E+00
 ELAPSED TIME=         12.49 s  REMAINING TIME=          9.98 s
 NC=   22700 T= 5.5849E-02 DT= 2.4603E-06 ERR= -0.6% DM/M= 0.0000E+00
 ELAPSED TIME=         12.53 s  REMAINING TIME=          9.91 s
 NC=   22800 T= 5.6095E-02 DT= 2.4603E-06 ERR= -0.6% DM/M= 0.0000E+00
 ELAPSED TIME=         12.58 s  REMAINING TIME=          9.84 s
 NC=   22900 T= 5.6341E-02 DT= 2.4603E-06 ERR= -0.6% DM/M= 0.0000E+00
 ELAPSED TIME=         12.62 s  REMAINING TIME=          9.78 s
 NC=   23000 T= 5.6587E-02 DT= 2.4603E-06 ERR= -0.6% DM/M= 0.0000E+00
 ELAPSED TIME=         12.67 s  REMAINING TIME=          9.72 s
 NC=   23100 T= 5.6833E-02 DT= 2.4603E-06 ERR= -0.6% DM/M= 0.0000E+00
 ELAPSED TIME=         12.74 s  REMAINING TIME=          9.67 s
 NC=   23200 T= 5.7079E-02 DT= 2.4603E-06 ERR= -0.6% DM/M= 0.0000E+00
 ELAPSED TIME=         12.81 s  REMAINING TIME=          9.63 s
 NC=   23300 T= 5.7325E-02 DT= 2.4603E-06 ERR= -0.6% DM/M= 0.0000E+00
 ELAPSED TIME=         12.88 s  REMAINING TIME=          9.59 s
 NC=   23400 T= 5.7571E-02 DT= 2.4603E-06 ERR= -0.6% DM/M= 0.0000E+00
 ELAPSED TIME=         12.94 s  REMAINING TIME=          9.54 s
 NC=   23500 T= 5.7817E-02 DT= 2.4603E-06 ERR= -0.6% DM/M= 0.0000E+00
 ELAPSED TIME=         13.00 s  REMAINING TIME=          9.49 s
 NC=   23600 T= 5.8063E-02 DT= 2.4603E-06 ERR= -0.6% DM/M= 0.0000E+00
 ELAPSED TIME=         13.07 s  REMAINING TIME=          9.44 s
 NC=   23700 T= 5.8309E-02 DT= 2.4603E-06 ERR= -0.6% DM/M= 0.0000E+00
 ELAPSED TIME=         13.14 s  REMAINING TIME=          9.40 s
 NC=   23800 T= 5.8555E-02 DT= 2.4603E-06 ERR= -0.6% DM/M= 0.0000E+00
 ELAPSED TIME=         13.20 s  REMAINING TIME=          9.35 s
 NC=   23900 T= 5.8801E-02 DT= 2.4603E-06 ERR= -0.6% DM/M= 0.0000E+00
 ELAPSED TIME=         13.26 s  REMAINING TIME=          9.29 s
 NC=   24000 T= 5.9047E-02 DT= 2.4603E-06 ERR= -0.6% DM/M= 0.0000E+00
 ELAPSED TIME=         13.33 s  REMAINING TIME=          9.25 s
 NC=   24100 T= 5.9293E-02 DT= 2.4603E-06 ERR= -0.6% DM/M= 0.0000E+00
 ELAPSED TIME=         13.40 s  REMAINING TIME=          9.20 s
 NC=   24200 T= 5.9539E-02 DT= 2.4603E-06 ERR= -0.6% DM/M= 0.0000E+00
 ELAPSED TIME=         13.47 s  REMAINING TIME=          9.15 s
 NC=   24300 T= 5.9785E-02 DT= 2.4603E-06 ERR= -0.6% DM/M= 0.0000E+00
 ELAPSED TIME=         13.54 s  REMAINING TIME=          9.11 s
 NC=   24400 T= 6.0031E-02 DT= 2.4603E-06 ERR= -0.6% DM/M= 0.0000E+00
 ELAPSED TIME=         13.60 s  REMAINING TIME=          9.05 s
 NC=   24500 T= 6.0277E-02 DT= 2.4603E-06 ERR= -0.6% DM/M= 0.0000E+00
 ELAPSED TIME=         13.66 s  REMAINING TIME=          9.00 s
 NC=   24600 T= 6.0523E-02 DT= 2.4603E-06 ERR= -0.6% DM/M= 0.0000E+00
 ELAPSED TIME=         13.72 s  REMAINING TIME=          8.95 s
 NC=   24700 T= 6.0769E-02 DT= 2.4603E-06 ERR= -0.6% DM/M= 0.0000E+00
 ELAPSED TIME=         13.79 s  REMAINING TIME=          8.90 s
 NC=   24800 T= 6.1015E-02 DT= 2.4603E-06 ERR= -0.6% DM/M= 0.0000E+00
 ELAPSED TIME=         13.86 s  REMAINING TIME=          8.86 s
 NC=   24900 T= 6.1261E-02 DT= 2.4603E-06 ERR= -0.6% DM/M= 0.0000E+00
 ELAPSED TIME=         13.92 s  REMAINING TIME=          8.80 s
 NC=   25000 T= 6.1507E-02 DT= 2.4603E-06 ERR= -0.6% DM/M= 0.0000E+00
 ELAPSED TIME=         13.97 s  REMAINING TIME=          8.74 s
 NC=   25100 T= 6.1753E-02 DT= 2.4603E-06 ERR= -0.6% DM/M= 0.0000E+00
 ELAPSED TIME=         14.03 s  REMAINING TIME=          8.69 s
 NC=   25200 T= 6.1999E-02 DT= 2.4603E-06 ERR= -0.6% DM/M= 0.0000E+00
 ELAPSED TIME=         14.07 s  REMAINING TIME=          8.62 s
 NC=   25300 T= 6.2245E-02 DT= 2.4603E-06 ERR= -0.6% DM/M= 0.0000E+00
 ELAPSED TIME=         14.14 s  REMAINING TIME=          8.58 s
 NC=   25400 T= 6.2491E-02 DT= 2.4603E-06 ERR= -0.6% DM/M= 0.0000E+00
 ELAPSED TIME=         14.21 s  REMAINING TIME=          8.53 s
 NC=   25500 T= 6.2737E-02 DT= 2.4603E-06 ERR= -0.6% DM/M= 0.0000E+00
 ELAPSED TIME=         14.28 s  REMAINING TIME=          8.48 s
 NC=   25600 T= 6.2983E-02 DT= 2.4603E-06 ERR= -0.6% DM/M= 0.0000E+00
 ELAPSED TIME=         14.35 s  REMAINING TIME=          8.43 s
 NC=   25700 T= 6.3229E-02 DT= 2.4603E-06 ERR= -0.6% DM/M= 0.0000E+00
 ELAPSED TIME=         14.42 s  REMAINING TIME=          8.38 s
 NC=   25800 T= 6.3475E-02 DT= 2.4603E-06 ERR= -0.6% DM/M= 0.0000E+00
 ELAPSED TIME=         14.46 s  REMAINING TIME=          8.32 s
 NC=   25900 T= 6.3721E-02 DT= 2.4603E-06 ERR= -0.6% DM/M= 0.0000E+00
 ELAPSED TIME=         14.50 s  REMAINING TIME=          8.26 s
 NC=   26000 T= 6.3967E-02 DT= 2.4603E-06 ERR= -0.6% DM/M= 0.0000E+00
 ELAPSED TIME=         14.57 s  REMAINING TIME=          8.21 s
 NC=   26100 T= 6.4213E-02 DT= 2.4603E-06 ERR= -0.6% DM/M= 0.0000E+00
 ELAPSED TIME=         14.64 s  REMAINING TIME=          8.16 s
 NC=   26200 T= 6.4459E-02 DT= 2.4603E-06 ERR= -0.6% DM/M= 0.0000E+00
 ELAPSED TIME=         14.70 s  REMAINING TIME=          8.10 s
 NC=   26300 T= 6.4705E-02 DT= 2.4603E-06 ERR= -0.6% DM/M= 0.0000E+00
 ELAPSED TIME=         14.76 s  REMAINING TIME=          8.05 s
 NC=   26400 T= 6.4951E-02 DT= 2.4603E-06 ERR= -0.6% DM/M= 0.0000E+00
 ELAPSED TIME=         14.82 s  REMAINING TIME=          8.00 s
 NC=   26500 T= 6.5197E-02 DT= 2.4603E-06 ERR= -0.6% DM/M= 0.0000E+00
 ELAPSED TIME=         14.89 s  REMAINING TIME=          7.95 s
 NC=   26600 T= 6.5444E-02 DT= 2.4603E-06 ERR= -0.6% DM/M= 0.0000E+00
 ELAPSED TIME=         14.95 s  REMAINING TIME=          7.89 s
 NC=   26700 T= 6.5690E-02 DT= 2.4603E-06 ERR= -0.6% DM/M= 0.0000E+00
 ELAPSED TIME=         15.01 s  REMAINING TIME=          7.84 s
 NC=   26800 T= 6.5936E-02 DT= 2.4603E-06 ERR= -0.6% DM/M= 0.0000E+00
 ELAPSED TIME=         15.07 s  REMAINING TIME=          7.79 s
 NC=   26900 T= 6.6182E-02 DT= 2.4603E-06 ERR= -0.6% DM/M= 0.0000E+00
 ELAPSED TIME=         15.14 s  REMAINING TIME=          7.74 s
 NC=   27000 T= 6.6428E-02 DT= 2.4603E-06 ERR= -0.6% DM/M= 0.0000E+00
 ELAPSED TIME=         15.21 s  REMAINING TIME=          7.69 s
 NC=   27100 T= 6.6674E-02 DT= 2.4603E-06 ERR= -0.6% DM/M= 0.0000E+00
 ELAPSED TIME=         15.25 s  REMAINING TIME=          7.62 s
 NC=   27200 T= 6.6920E-02 DT= 2.4603E-06 ERR= -0.6% DM/M= 0.0000E+00
 ELAPSED TIME=         15.29 s  REMAINING TIME=          7.56 s
 NC=   27300 T= 6.7166E-02 DT= 2.4603E-06 ERR= -0.6% DM/M= 0.0000E+00
 ELAPSED TIME=         15.33 s  REMAINING TIME=          7.49 s
 NC=   27400 T= 6.7412E-02 DT= 2.4603E-06 ERR= -0.6% DM/M= 0.0000E+00
 ELAPSED TIME=         15.37 s  REMAINING TIME=          7.43 s
 NC=   27500 T= 6.7658E-02 DT= 2.4603E-06 ERR= -0.6% DM/M= 0.0000E+00
 ELAPSED TIME=         15.41 s  REMAINING TIME=          7.37 s
 NC=   27600 T= 6.7904E-02 DT= 2.4603E-06 ERR= -0.6% DM/M= 0.0000E+00
 ELAPSED TIME=         15.46 s  REMAINING TIME=          7.31 s
 NC=   27700 T= 6.8150E-02 DT= 2.4603E-06 ERR= -0.6% DM/M= 0.0000E+00
 ELAPSED TIME=         15.50 s  REMAINING TIME=          7.24 s
 NC=   27800 T= 6.8396E-02 DT= 2.4603E-06 ERR= -0.6% DM/M= 0.0000E+00
 ELAPSED TIME=         15.57 s  REMAINING TIME=          7.19 s
 NC=   27900 T= 6.8642E-02 DT= 2.4603E-06 ERR= -0.6% DM/M= 0.0000E+00
 ELAPSED TIME=         15.63 s  REMAINING TIME=          7.14 s
 NC=   28000 T= 6.8888E-02 DT= 2.4603E-06 ERR= -0.6% DM/M= 0.0000E+00
 ELAPSED TIME=         15.71 s  REMAINING TIME=          7.09 s
 NC=   28100 T= 6.9134E-02 DT= 2.4603E-06 ERR= -0.6% DM/M= 0.0000E+00
 ELAPSED TIME=         15.78 s  REMAINING TIME=          7.04 s
 NC=   28200 T= 6.9380E-02 DT= 2.4602E-06 ERR= -0.6% DM/M= 0.0000E+00
 ELAPSED TIME=         15.85 s  REMAINING TIME=          6.99 s
 NC=   28300 T= 6.9626E-02 DT= 2.4602E-06 ERR= -0.6% DM/M= 0.0000E+00
 ELAPSED TIME=         15.91 s  REMAINING TIME=          6.94 s
 NC=   28400 T= 6.9872E-02 DT= 2.4602E-06 ERR= -0.6% DM/M= 0.0000E+00
 ELAPSED TIME=         15.98 s  REMAINING TIME=          6.89 s
 NC=   28500 T= 7.0118E-02 DT= 2.4602E-06 ERR= -0.6% DM/M= 0.0000E+00
 ELAPSED TIME=         16.05 s  REMAINING TIME=          6.84 s
 NC=   28600 T= 7.0364E-02 DT= 2.4602E-06 ERR= -0.6% DM/M= 0.0000E+00
 ELAPSED TIME=         16.12 s  REMAINING TIME=          6.79 s
 NC=   28700 T= 7.0610E-02 DT= 2.4602E-06 ERR= -0.6% DM/M= 0.0000E+00
 ELAPSED TIME=         16.19 s  REMAINING TIME=          6.74 s
 NC=   28800 T= 7.0856E-02 DT= 2.4602E-06 ERR= -0.6% DM/M= 0.0000E+00
 ELAPSED TIME=         16.26 s  REMAINING TIME=          6.69 s
 NC=   28900 T= 7.1102E-02 DT= 2.4602E-06 ERR= -0.6% DM/M= 0.0000E+00
 ELAPSED TIME=         16.33 s  REMAINING TIME=          6.64 s
 NC=   29000 T= 7.1348E-02 DT= 2.4602E-06 ERR= -0.6% DM/M= 0.0000E+00
 ELAPSED TIME=         16.40 s  REMAINING TIME=          6.59 s
 NC=   29100 T= 7.1594E-02 DT= 2.4602E-06 ERR= -0.6% DM/M= 0.0000E+00
 ELAPSED TIME=         16.45 s  REMAINING TIME=          6.53 s
 NC=   29200 T= 7.1840E-02 DT= 2.4602E-06 ERR= -0.6% DM/M= 0.0000E+00
 ELAPSED TIME=         16.49 s  REMAINING TIME=          6.46 s
 NC=   29300 T= 7.2086E-02 DT= 2.4602E-06 ERR= -0.6% DM/M= 0.0000E+00
 ELAPSED TIME=         16.53 s  REMAINING TIME=          6.40 s
 NC=   29400 T= 7.2332E-02 DT= 2.4602E-06 ERR= -0.6% DM/M= 0.0000E+00
 ELAPSED TIME=         16.58 s  REMAINING TIME=          6.34 s
 NC=   29500 T= 7.2578E-02 DT= 2.4602E-06 ERR= -0.6% DM/M= 0.0000E+00
 ELAPSED TIME=         16.63 s  REMAINING TIME=          6.28 s
 NC=   29600 T= 7.2824E-02 DT= 2.4602E-06 ERR= -0.6% DM/M= 0.0000E+00
 ELAPSED TIME=         16.67 s  REMAINING TIME=          6.22 s
 NC=   29700 T= 7.3070E-02 DT= 2.4602E-06 ERR= -0.6% DM/M= 0.0000E+00
 ELAPSED TIME=         16.73 s  REMAINING TIME=          6.16 s
 NC=   29800 T= 7.3316E-02 DT= 2.4602E-06 ERR= -0.6% DM/M= 0.0000E+00
 ELAPSED TIME=         16.79 s  REMAINING TIME=          6.11 s
 NC=   29900 T= 7.3562E-02 DT= 2.4602E-06 ERR= -0.6% DM/M= 0.0000E+00
 ELAPSED TIME=         16.85 s  REMAINING TIME=          6.06 s
 NC=   30000 T= 7.3808E-02 DT= 2.4602E-06 ERR= -0.6% DM/M= 0.0000E+00
 ELAPSED TIME=         16.91 s  REMAINING TIME=          6.00 s
 NC=   30100 T= 7.4054E-02 DT= 2.4602E-06 ERR= -0.6% DM/M= 0.0000E+00
 ELAPSED TIME=         16.97 s  REMAINING TIME=          5.95 s
 NC=   30200 T= 7.4300E-02 DT= 2.4602E-06 ERR= -0.6% DM/M= 0.0000E+00
 ELAPSED TIME=         17.04 s  REMAINING TIME=          5.90 s
 NC=   30300 T= 7.4546E-02 DT= 2.4602E-06 ERR= -0.6% DM/M= 0.0000E+00
 ELAPSED TIME=         17.11 s  REMAINING TIME=          5.84 s
 NC=   30400 T= 7.4792E-02 DT= 2.4602E-06 ERR= -0.6% DM/M= 0.0000E+00
 ELAPSED TIME=         17.18 s  REMAINING TIME=          5.79 s
     ANIMATION FILE: A24_CONNECTED_EXTENSION_S10_N8A004 WRITTEN
 NC=   30500 T= 7.5038E-02 DT= 2.4602E-06 ERR= -0.6% DM/M= 0.0000E+00
 ELAPSED TIME=         17.25 s  REMAINING TIME=          5.74 s
 NC=   30600 T= 7.5285E-02 DT= 2.4602E-06 ERR= -0.6% DM/M= 0.0000E+00
 ELAPSED TIME=         17.29 s  REMAINING TIME=          5.68 s
 NC=   30700 T= 7.5531E-02 DT= 2.4602E-06 ERR= -0.6% DM/M= 0.0000E+00
 ELAPSED TIME=         17.34 s  REMAINING TIME=          5.62 s
 NC=   30800 T= 7.5777E-02 DT= 2.4602E-06 ERR= -0.6% DM/M= 0.0000E+00
 ELAPSED TIME=         17.39 s  REMAINING TIME=          5.56 s
 NC=   30900 T= 7.6023E-02 DT= 2.4602E-06 ERR= -0.6% DM/M= 0.0000E+00
 ELAPSED TIME=         17.44 s  REMAINING TIME=          5.50 s
 NC=   31000 T= 7.6269E-02 DT= 2.4602E-06 ERR= -0.6% DM/M= 0.0000E+00
 ELAPSED TIME=         17.51 s  REMAINING TIME=          5.45 s
 NC=   31100 T= 7.6515E-02 DT= 2.4602E-06 ERR= -0.6% DM/M= 0.0000E+00
 ELAPSED TIME=         17.56 s  REMAINING TIME=          5.39 s
 NC=   31200 T= 7.6761E-02 DT= 2.4602E-06 ERR= -0.6% DM/M= 0.0000E+00
 ELAPSED TIME=         17.63 s  REMAINING TIME=          5.34 s
 NC=   31300 T= 7.7007E-02 DT= 2.4602E-06 ERR= -0.6% DM/M= 0.0000E+00
 ELAPSED TIME=         17.70 s  REMAINING TIME=          5.28 s
 NC=   31400 T= 7.7253E-02 DT= 2.4602E-06 ERR= -0.6% DM/M= 0.0000E+00
 ELAPSED TIME=         17.77 s  REMAINING TIME=          5.23 s
 NC=   31500 T= 7.7499E-02 DT= 2.4602E-06 ERR= -0.6% DM/M= 0.0000E+00
 ELAPSED TIME=         17.84 s  REMAINING TIME=          5.18 s
 NC=   31600 T= 7.7745E-02 DT= 2.4602E-06 ERR= -0.6% DM/M= 0.0000E+00
 ELAPSED TIME=         17.91 s  REMAINING TIME=          5.13 s
 NC=   31700 T= 7.7991E-02 DT= 2.4602E-06 ERR= -0.6% DM/M= 0.0000E+00
 ELAPSED TIME=         17.96 s  REMAINING TIME=          5.07 s
 NC=   31800 T= 7.8237E-02 DT= 2.4602E-06 ERR= -0.6% DM/M= 0.0000E+00
 ELAPSED TIME=         18.00 s  REMAINING TIME=          5.01 s
 NC=   31900 T= 7.8483E-02 DT= 2.4602E-06 ERR= -0.6% DM/M= 0.0000E+00
 ELAPSED TIME=         18.04 s  REMAINING TIME=          4.95 s
 NC=   32000 T= 7.8729E-02 DT= 2.4602E-06 ERR= -0.6% DM/M= 0.0000E+00
 ELAPSED TIME=         18.08 s  REMAINING TIME=          4.88 s
 NC=   32100 T= 7.8975E-02 DT= 2.4602E-06 ERR= -0.6% DM/M= 0.0000E+00
 ELAPSED TIME=         18.12 s  REMAINING TIME=          4.82 s
 NC=   32200 T= 7.9221E-02 DT= 2.4602E-06 ERR= -0.6% DM/M= 0.0000E+00
 ELAPSED TIME=         18.16 s  REMAINING TIME=          4.76 s
 NC=   32300 T= 7.9467E-02 DT= 2.4602E-06 ERR= -0.6% DM/M= 0.0000E+00
 ELAPSED TIME=         18.20 s  REMAINING TIME=          4.70 s
 NC=   32400 T= 7.9713E-02 DT= 2.4602E-06 ERR= -0.6% DM/M= 0.0000E+00
 ELAPSED TIME=         18.24 s  REMAINING TIME=          4.64 s
 NC=   32500 T= 7.9959E-02 DT= 2.4602E-06 ERR= -0.6% DM/M= 0.0000E+00
 ELAPSED TIME=         18.29 s  REMAINING TIME=          4.58 s
 NC=   32600 T= 8.0205E-02 DT= 2.4602E-06 ERR= -0.6% DM/M= 0.0000E+00
 ELAPSED TIME=         18.35 s  REMAINING TIME=          4.53 s
 NC=   32700 T= 8.0451E-02 DT= 2.4602E-06 ERR= -0.6% DM/M= 0.0000E+00
 ELAPSED TIME=         18.39 s  REMAINING TIME=          4.47 s
 NC=   32800 T= 8.0697E-02 DT= 2.4602E-06 ERR= -0.6% DM/M= 0.0000E+00
 ELAPSED TIME=         18.44 s  REMAINING TIME=          4.41 s
 NC=   32900 T= 8.0943E-02 DT= 2.4602E-06 ERR= -0.6% DM/M= 0.0000E+00
 ELAPSED TIME=         18.51 s  REMAINING TIME=          4.36 s
 NC=   33000 T= 8.1189E-02 DT= 2.4602E-06 ERR= -0.6% DM/M= 0.0000E+00
 ELAPSED TIME=         18.58 s  REMAINING TIME=          4.30 s
 NC=   33100 T= 8.1435E-02 DT= 2.4602E-06 ERR= -0.6% DM/M= 0.0000E+00
 ELAPSED TIME=         18.65 s  REMAINING TIME=          4.25 s
 NC=   33200 T= 8.1681E-02 DT= 2.4602E-06 ERR= -0.6% DM/M= 0.0000E+00
 ELAPSED TIME=         18.72 s  REMAINING TIME=          4.20 s
 NC=   33300 T= 8.1927E-02 DT= 2.4602E-06 ERR= -0.6% DM/M= 0.0000E+00
 ELAPSED TIME=         18.79 s  REMAINING TIME=          4.14 s
 NC=   33400 T= 8.2173E-02 DT= 2.4602E-06 ERR= -0.6% DM/M= 0.0000E+00
 ELAPSED TIME=         18.86 s  REMAINING TIME=          4.09 s
 NC=   33500 T= 8.2419E-02 DT= 2.4602E-06 ERR= -0.6% DM/M= 0.0000E+00
 ELAPSED TIME=         18.93 s  REMAINING TIME=          4.04 s
 NC=   33600 T= 8.2665E-02 DT= 2.4602E-06 ERR= -0.6% DM/M= 0.0000E+00
 ELAPSED TIME=         18.99 s  REMAINING TIME=          3.98 s
 NC=   33700 T= 8.2911E-02 DT= 2.4602E-06 ERR= -0.6% DM/M= 0.0000E+00
 ELAPSED TIME=         19.03 s  REMAINING TIME=          3.92 s
 NC=   33800 T= 8.3157E-02 DT= 2.4602E-06 ERR= -0.6% DM/M= 0.0000E+00
 ELAPSED TIME=         19.10 s  REMAINING TIME=          3.87 s
 NC=   33900 T= 8.3403E-02 DT= 2.4602E-06 ERR= -0.6% DM/M= 0.0000E+00
 ELAPSED TIME=         19.17 s  REMAINING TIME=          3.82 s
 NC=   34000 T= 8.3649E-02 DT= 2.4602E-06 ERR= -0.6% DM/M= 0.0000E+00
 ELAPSED TIME=         19.24 s  REMAINING TIME=          3.76 s
 NC=   34100 T= 8.3895E-02 DT= 2.4602E-06 ERR= -0.6% DM/M= 0.0000E+00
 ELAPSED TIME=         19.31 s  REMAINING TIME=          3.71 s
 NC=   34200 T= 8.4141E-02 DT= 2.4602E-06 ERR= -0.6% DM/M= 0.0000E+00
 ELAPSED TIME=         19.38 s  REMAINING TIME=          3.65 s
 NC=   34300 T= 8.4387E-02 DT= 2.4602E-06 ERR= -0.6% DM/M= 0.0000E+00
 ELAPSED TIME=         19.45 s  REMAINING TIME=          3.60 s
 NC=   34400 T= 8.4633E-02 DT= 2.4602E-06 ERR= -0.6% DM/M= 0.0000E+00
 ELAPSED TIME=         19.51 s  REMAINING TIME=          3.54 s
 NC=   34500 T= 8.4879E-02 DT= 2.4602E-06 ERR= -0.6% DM/M= 0.0000E+00
 ELAPSED TIME=         19.58 s  REMAINING TIME=          3.49 s
 NC=   34600 T= 8.5125E-02 DT= 2.4602E-06 ERR= -0.6% DM/M= 0.0000E+00
 ELAPSED TIME=         19.65 s  REMAINING TIME=          3.43 s
 NC=   34700 T= 8.5372E-02 DT= 2.4602E-06 ERR= -0.6% DM/M= 0.0000E+00
 ELAPSED TIME=         19.72 s  REMAINING TIME=          3.38 s
 NC=   34800 T= 8.5618E-02 DT= 2.4602E-06 ERR= -0.6% DM/M= 0.0000E+00
 ELAPSED TIME=         19.77 s  REMAINING TIME=          3.32 s
 NC=   34900 T= 8.5864E-02 DT= 2.4602E-06 ERR= -0.6% DM/M= 0.0000E+00
 ELAPSED TIME=         19.82 s  REMAINING TIME=          3.26 s
 NC=   35000 T= 8.6110E-02 DT= 2.4602E-06 ERR= -0.6% DM/M= 0.0000E+00
 ELAPSED TIME=         19.86 s  REMAINING TIME=          3.20 s
 NC=   35100 T= 8.6356E-02 DT= 2.4602E-06 ERR= -0.6% DM/M= 0.0000E+00
 ELAPSED TIME=         19.93 s  REMAINING TIME=          3.15 s
 NC=   35200 T= 8.6602E-02 DT= 2.4602E-06 ERR= -0.6% DM/M= 0.0000E+00
 ELAPSED TIME=         20.00 s  REMAINING TIME=          3.09 s
 NC=   35300 T= 8.6848E-02 DT= 2.4602E-06 ERR= -0.6% DM/M= 0.0000E+00
 ELAPSED TIME=         20.06 s  REMAINING TIME=          3.04 s
 NC=   35400 T= 8.7094E-02 DT= 2.4602E-06 ERR= -0.6% DM/M= 0.0000E+00
 ELAPSED TIME=         20.13 s  REMAINING TIME=          2.98 s
 NC=   35500 T= 8.7340E-02 DT= 2.4602E-06 ERR= -0.6% DM/M= 0.0000E+00
 ELAPSED TIME=         20.20 s  REMAINING TIME=          2.93 s
 NC=   35600 T= 8.7586E-02 DT= 2.4602E-06 ERR= -0.6% DM/M= 0.0000E+00
 ELAPSED TIME=         20.27 s  REMAINING TIME=          2.87 s
 NC=   35700 T= 8.7832E-02 DT= 2.4602E-06 ERR= -0.6% DM/M= 0.0000E+00
 ELAPSED TIME=         20.32 s  REMAINING TIME=          2.81 s
 NC=   35800 T= 8.8078E-02 DT= 2.4602E-06 ERR= -0.6% DM/M= 0.0000E+00
 ELAPSED TIME=         20.39 s  REMAINING TIME=          2.76 s
 NC=   35900 T= 8.8324E-02 DT= 2.4602E-06 ERR= -0.6% DM/M= 0.0000E+00
 ELAPSED TIME=         20.46 s  REMAINING TIME=          2.70 s
 NC=   36000 T= 8.8570E-02 DT= 2.4602E-06 ERR= -0.6% DM/M= 0.0000E+00
 ELAPSED TIME=         20.52 s  REMAINING TIME=          2.65 s
 NC=   36100 T= 8.8816E-02 DT= 2.4602E-06 ERR= -0.6% DM/M= 0.0000E+00
 ELAPSED TIME=         20.58 s  REMAINING TIME=          2.59 s
 NC=   36200 T= 8.9062E-02 DT= 2.4602E-06 ERR= -0.6% DM/M= 0.0000E+00
 ELAPSED TIME=         20.62 s  REMAINING TIME=          2.53 s
 NC=   36300 T= 8.9308E-02 DT= 2.4602E-06 ERR= -0.6% DM/M= 0.0000E+00
 ELAPSED TIME=         20.67 s  REMAINING TIME=          2.48 s
 NC=   36400 T= 8.9554E-02 DT= 2.4602E-06 ERR= -0.6% DM/M= 0.0000E+00
 ELAPSED TIME=         20.72 s  REMAINING TIME=          2.42 s
 NC=   36500 T= 8.9800E-02 DT= 2.4602E-06 ERR= -0.6% DM/M= 0.0000E+00
 ELAPSED TIME=         20.76 s  REMAINING TIME=          2.36 s
 NC=   36600 T= 9.0046E-02 DT= 2.4602E-06 ERR= -0.6% DM/M= 0.0000E+00
 ELAPSED TIME=         20.80 s  REMAINING TIME=          2.30 s
 NC=   36700 T= 9.0292E-02 DT= 2.4602E-06 ERR= -0.6% DM/M= 0.0000E+00
 ELAPSED TIME=         20.84 s  REMAINING TIME=          2.24 s
 NC=   36800 T= 9.0538E-02 DT= 2.4602E-06 ERR= -0.6% DM/M= 0.0000E+00
 ELAPSED TIME=         20.89 s  REMAINING TIME=          2.18 s
 NC=   36900 T= 9.0784E-02 DT= 2.4602E-06 ERR= -0.6% DM/M= 0.0000E+00
 ELAPSED TIME=         20.93 s  REMAINING TIME=          2.12 s
 NC=   37000 T= 9.1030E-02 DT= 2.4602E-06 ERR= -0.6% DM/M= 0.0000E+00
 ELAPSED TIME=         20.97 s  REMAINING TIME=          2.07 s
 NC=   37100 T= 9.1276E-02 DT= 2.4602E-06 ERR= -0.6% DM/M= 0.0000E+00
 ELAPSED TIME=         21.01 s  REMAINING TIME=          2.01 s
 NC=   37200 T= 9.1522E-02 DT= 2.4602E-06 ERR= -0.6% DM/M= 0.0000E+00
 ELAPSED TIME=         21.05 s  REMAINING TIME=          1.95 s
 NC=   37300 T= 9.1768E-02 DT= 2.4602E-06 ERR= -0.6% DM/M= 0.0000E+00
 ELAPSED TIME=         21.12 s  REMAINING TIME=          1.89 s
 NC=   37400 T= 9.2014E-02 DT= 2.4602E-06 ERR= -0.6% DM/M= 0.0000E+00
 ELAPSED TIME=         21.16 s  REMAINING TIME=          1.84 s
 NC=   37500 T= 9.2260E-02 DT= 2.4602E-06 ERR= -0.6% DM/M= 0.0000E+00
 ELAPSED TIME=         21.20 s  REMAINING TIME=          1.78 s
 NC=   37600 T= 9.2506E-02 DT= 2.4602E-06 ERR= -0.6% DM/M= 0.0000E+00
 ELAPSED TIME=         21.27 s  REMAINING TIME=          1.72 s
 NC=   37700 T= 9.2752E-02 DT= 2.4602E-06 ERR= -0.6% DM/M= 0.0000E+00
 ELAPSED TIME=         21.34 s  REMAINING TIME=          1.67 s
 NC=   37800 T= 9.2998E-02 DT= 2.4602E-06 ERR= -0.6% DM/M= 0.0000E+00
 ELAPSED TIME=         21.40 s  REMAINING TIME=          1.61 s
 NC=   37900 T= 9.3244E-02 DT= 2.4602E-06 ERR= -0.6% DM/M= 0.0000E+00
 ELAPSED TIME=         21.44 s  REMAINING TIME=          1.55 s
 NC=   38000 T= 9.3490E-02 DT= 2.4602E-06 ERR= -0.6% DM/M= 0.0000E+00
 ELAPSED TIME=         21.48 s  REMAINING TIME=          1.50 s
 NC=   38100 T= 9.3736E-02 DT= 2.4602E-06 ERR= -0.6% DM/M= 0.0000E+00
 ELAPSED TIME=         21.52 s  REMAINING TIME=          1.44 s
 NC=   38200 T= 9.3982E-02 DT= 2.4602E-06 ERR= -0.6% DM/M= 0.0000E+00
 ELAPSED TIME=         21.58 s  REMAINING TIME=          1.38 s
 NC=   38300 T= 9.4228E-02 DT= 2.4602E-06 ERR= -0.6% DM/M= 0.0000E+00
 ELAPSED TIME=         21.65 s  REMAINING TIME=          1.33 s
 NC=   38400 T= 9.4474E-02 DT= 2.4602E-06 ERR= -0.6% DM/M= 0.0000E+00
 ELAPSED TIME=         21.70 s  REMAINING TIME=          1.27 s
 NC=   38500 T= 9.4720E-02 DT= 2.4602E-06 ERR= -0.6% DM/M= 0.0000E+00
 ELAPSED TIME=         21.74 s  REMAINING TIME=          1.21 s
 NC=   38600 T= 9.4966E-02 DT= 2.4602E-06 ERR= -0.6% DM/M= 0.0000E+00
 ELAPSED TIME=         21.78 s  REMAINING TIME=          1.15 s
 NC=   38700 T= 9.5212E-02 DT= 2.4602E-06 ERR= -0.6% DM/M= 0.0000E+00
 ELAPSED TIME=         21.83 s  REMAINING TIME=          1.10 s
 NC=   38800 T= 9.5458E-02 DT= 2.4602E-06 ERR= -0.6% DM/M= 0.0000E+00
 ELAPSED TIME=         21.87 s  REMAINING TIME=          1.04 s
 NC=   38900 T= 9.5704E-02 DT= 2.4602E-06 ERR= -0.6% DM/M= 0.0000E+00
 ELAPSED TIME=         21.94 s  REMAINING TIME=          0.98 s
 NC=   39000 T= 9.5951E-02 DT= 2.4602E-06 ERR= -0.6% DM/M= 0.0000E+00
 ELAPSED TIME=         22.01 s  REMAINING TIME=          0.93 s
 NC=   39100 T= 9.6197E-02 DT= 2.4602E-06 ERR= -0.6% DM/M= 0.0000E+00
 ELAPSED TIME=         22.06 s  REMAINING TIME=          0.87 s
 NC=   39200 T= 9.6443E-02 DT= 2.4602E-06 ERR= -0.6% DM/M= 0.0000E+00
 ELAPSED TIME=         22.12 s  REMAINING TIME=          0.82 s
 NC=   39300 T= 9.6689E-02 DT= 2.4602E-06 ERR= -0.6% DM/M= 0.0000E+00
 ELAPSED TIME=         22.19 s  REMAINING TIME=          0.76 s
 NC=   39400 T= 9.6935E-02 DT= 2.4602E-06 ERR= -0.6% DM/M= 0.0000E+00
 ELAPSED TIME=         22.26 s  REMAINING TIME=          0.70 s
 NC=   39500 T= 9.7181E-02 DT= 2.4602E-06 ERR= -0.6% DM/M= 0.0000E+00
 ELAPSED TIME=         22.33 s  REMAINING TIME=          0.65 s
 NC=   39600 T= 9.7427E-02 DT= 2.4602E-06 ERR= -0.6% DM/M= 0.0000E+00
 ELAPSED TIME=         22.40 s  REMAINING TIME=          0.59 s
 NC=   39700 T= 9.7673E-02 DT= 2.4602E-06 ERR= -0.6% DM/M= 0.0000E+00
 ELAPSED TIME=         22.47 s  REMAINING TIME=          0.54 s
 NC=   39800 T= 9.7919E-02 DT= 2.4602E-06 ERR= -0.6% DM/M= 0.0000E+00
 ELAPSED TIME=         22.54 s  REMAINING TIME=          0.48 s
 NC=   39900 T= 9.8165E-02 DT= 2.4602E-06 ERR= -0.6% DM/M= 0.0000E+00
 ELAPSED TIME=         22.60 s  REMAINING TIME=          0.42 s
 NC=   40000 T= 9.8411E-02 DT= 2.4602E-06 ERR= -0.6% DM/M= 0.0000E+00
 ELAPSED TIME=         22.66 s  REMAINING TIME=          0.37 s
 NC=   40100 T= 9.8657E-02 DT= 2.4602E-06 ERR= -0.6% DM/M= 0.0000E+00
 ELAPSED TIME=         22.70 s  REMAINING TIME=          0.31 s
 NC=   40200 T= 9.8903E-02 DT= 2.4602E-06 ERR= -0.6% DM/M= 0.0000E+00
 ELAPSED TIME=         22.75 s  REMAINING TIME=          0.25 s
 NC=   40300 T= 9.9149E-02 DT= 2.4602E-06 ERR= -0.6% DM/M= 0.0000E+00
 ELAPSED TIME=         22.82 s  REMAINING TIME=          0.20 s
 NC=   40400 T= 9.9395E-02 DT= 2.4602E-06 ERR= -0.6% DM/M= 0.0000E+00
 ELAPSED TIME=         22.88 s  REMAINING TIME=          0.14 s
 NC=   40500 T= 9.9641E-02 DT= 2.4602E-06 ERR= -0.6% DM/M= 0.0000E+00
 ELAPSED TIME=         22.93 s  REMAINING TIME=          0.08 s
 NC=   40600 T= 9.9887E-02 DT= 2.4602E-06 ERR= -0.6% DM/M= 0.0000E+00
 ELAPSED TIME=         22.99 s  REMAINING TIME=          0.03 s
     RESTART FILES: A24_CONNECTED_EXTENSION_S10_N8_0001_[0001-0001].rst WRITTEN
     ANIMATION FILE: A24_CONNECTED_EXTENSION_S10_N8A005 WRITTEN
  
                           ** CPU USER TIME **
  
  
                        ** SUMMARY **
  
 #PROC  CONTSORT  CONTFOR   ELEMENT   KINCOND   INTEG     IO        T0        ASM       RESOL    
   1   .1438E+01 .1094E+00 .1761E+02 .4375E+00 .2969E+00 .5000E+00 .2000E+01 .2188E+00 .2288E+02
 
                   ** CUMULATIVE CPU TIME SUMMARY **
  
 CONTACT SORTING.............: .1438E+01     6.28 % 
 CONTACT FORCES..............: .1094E+00     0.48 % 
 ELEMENT FORCES..............: .1761E+02    76.98 % 
 KINEMATIC COND..............: .4375E+00     1.91 % 
 INTEGRATION.................: .2969E+00     1.30 % 
 ASSEMBLING..................: .2188E+00     0.96 % 
 OTHERS (including I/O)......: .2766E+01    12.09 % 
 TOTAL.......................: .2288E+02   100.00 % 
  
                   ** MEMORY USAGE STATISTICS **
  
 TOTAL MEMORY USED .........................:       61 MB
 MAXIMUM MEMORY PER PROCESSOR...............:       61 MB
 MINIMUM MEMORY PER PROCESSOR...............:       61 MB
 AVERAGE MEMORY PER PROCESSOR...............:       61 MB
  
                   ** DISK USAGE STATISTICS **
  
 TOTAL DISK SPACE USED .....................:          2 MB
 ANIMATION/H3D/TH/OUTP SIZE ................:          0 MB
 RESTART FILE SIZE .........................:          1 MB
  
 ELAPSED TIME     =         23.03 s
                          0:00:23
  
     NORMAL TERMINATION      
     TOTAL NUMBER OF CYCLES  :   40647
