 I02B_NORMAL_BASE_CYCLE_R0_0001.out
************************************************************************
**                                                                    **
**                                                                    **
**                         OpenRadioss Engine                         **
**                                                                    **
**            Non-linear Finite Element Analysis Software             **
**                                                                    **
**                                                                    **
**                                                                    **
**                  Windows 64 bits, Intel compiler                   **
**                      Double Precision Version                      **
**                                                                    **
**                                                                    **
**                                                                    **
************************************************************************
** OpenRadioss Software                                               **
** COPYRIGHT (C) 2026 Siemens                                         **
** Licensed under GNU Affero General Public License.                  **
** See License file.                                                  **
************************************************************************
 
 NUMBER OF SPMD DOMAINS           1
 NUMBER OF THREADS PER DOMAIN     1
 NUMBER OF HMPP PROCESSES         1
  
 COMPUTATION HARDWARE DESCRIPTION
  
 HOSTNAME     CPU TYPE, FREQUENCY AND MEMORY
 jeux   AMD Ryzen 5 5600 6-Core Processor               (x86_64), 3700 MHz,   6537 MB RAM,  18090 MB swap
  
 STACKSIZE  . . . . . . . . . . . . . . . . . . . . 1430 MB
 THREAD STACKSIZE . . . . . . . . . . . . . . . . . 400 MB
 
************************************************************************


 I02B_NORMAL_BASE_CYCLE_R0D01                                                    


 FINAL TIME . . . . . . . . . . . . . . . . . . .   6.400000    

 TIME INTERVAL FOR TIME HISTORY PLOTS . . . . . .  0.2000000E-03

 TIME STEP SCALE FACTOR . . . . . . . . . . . . .  0.5000000E-01

 MINIMUM TIME STEP  . . . . . . . . . . . . . . .   0.000000    


 BRICK TIME STEP SCALE FACTOR . . . . . . . . . .  0.5000000E-01
 BRICK MINIMUM TIME STEP. . . . . . . . . . . . .   0.000000    
 MIN. TIME STEP FLAG (1:STOP RUN, 2:DELETE BRICK)     1

 QUAD TIME STEP SCALE FACTOR. . . . . . . . . . .  0.5000000E-01
 QUAD MINIMUM TIME STEP . . . . . . . . . . . . .   0.000000    
 MIN. TIME STEP FLAG (1:STOP RUN, 2:DELETE QUAD).     1

 SHELL TIME STEP SCALE FACTOR . . . . . . . . . .  0.5000000E-01
 SHELL MINIMUM TIME STEP. . . . . . . . . . . . .   0.000000    
 MIN. TIME FLAG (1:STOP, 2:DELETE, 3:SMALL STRAIN)    2

 TRUSS TIME STEP SCALE FACTOR . . . . . . . . . .  0.5000000E-01
 TRUSS MINIMUM TIME STEP. . . . . . . . . . . . .   0.000000    
 MIN. TIME FLAG (1:STOP, 2:DELETE). . . . . . . .     0

 BEAM TIME STEP SCALE FACTOR. . . . . . . . . . .  0.5000000E-01
 BEAM MINIMUM TIME STEP . . . . . . . . . . . . .   0.000000    
 MIN. TIME FLAG (1:STOP, 2:DELETE). . . . . . . .     0

 SPRING TIME STEP SCALE FACTOR. . . . . . . . . .  0.5000000E-01
 SPRING MINIMUM TIME STEP . . . . . . . . . . . .   0.000000    
 MIN. TIME FLAG (1:STOP, 2:DELETE). . . . . . . .     0

 AIRBAG TIME STEP SCALE FACTOR. . . . . . . . . .  0.5000000E-01
 AIRBAG MINIMUM TIME STEP . . . . . . . . . . . .   0.000000    
 MIN. TIME FLAG (1:STOP). . . . . . . . . . . . .     0

 CONTACT TIME STEP SCALE FACTOR . . . . . . . . .  0.5000000E-01
 CONTACT MINIMUM TIME STEP. . . . . . . . . . . .   0.000000    
 MIN. TIME FLAG(1:STOP, 2:REMOVE NODE FROM INTERF)    0

 PRINTOUT CYCLE FREQUENCY . . . . . . . . . . . .  -100

 RESTART CYCLE FREQUENCY. . . . . . . . . . . . .   10000000

 MAXIMUM RESTART WRITE BEFORE OVERWRITE . . . . .     0

 INVERS: INPUT DECK VERSION . . . . . . . . . . .  2026
 ITTYP : FLAG FOR TYPE OF T-FILE. . . . . . . . .     4

 INITIAL TIME STEP. . . . . . . . . . . . . . . .   0.000000    
 MAXIMUM TIME STEP. . . . . . . . . . . . . . . .  0.1000000E+21

 PARALLEL ARITHMETIC ON
 NUMBER OF INTERFACES TO BE ELIMINATED. . . . . .        0

 NUMBER OF PARTS TO BE ELIMINATED . . . . . . . .        0

 NUMBER OF SOLID  ELEMENT BLOCKS TO BE ELIMINATED        0

 NUMBER OF QUAD   ELEMENT BLOCKS TO BE ELIMINATED        0

 NUMBER OF SHELL  ELEMENT BLOCKS TO BE ELIMINATED        0

 NUMBER OF TRUSS  ELEMENT BLOCKS TO BE ELIMINATED        0

 NUMBER OF BEAM   ELEMENT BLOCKS TO BE ELIMINATED        0

 NUMBER OF SPRING ELEMENT BLOCKS TO BE ELIMINATED        0

 NUMBER OF SH_3N  ELEMENT BLOCKS TO BE ELIMINATED        0

 NUMBER OF  SPH PARTICLES BLOCKS TO BE ELIMINATED        0

 NUMBER OF RIGID LINKS. . . . . . . . . . . . . .        0

 NUMBER OF NEW BOUNDARY CONDITIONS. . . . . . . .        0


 TIME FOR FIRST ANIMATION-FILE PLOT . . . . . . .  0.1000000E+31
 TIME INTERVAL FOR ANIMATION-FILE PLOTS . . . . .   0.000000    
 TIME TO STOP ANIMATION-FILE PLOTS. . . . . . . .  0.1000000E+21
 SENSOR FOR ANIMATION-FILE PLOTS. . . . . . . . .          0
 TIME INTERVAL FOR SENSOR ANIMATION-FILE PLOTS. .   0.000000    

 VARIABLE SAVED ON ANIMATION FILES (1: YES) :
      PLASTIC STRAIN. . . . . .     0
      DENSITY     (SOLID ONLY).     0
      SPECIFIC ENERGY . . . . .     0
      HOURGLASS ENERGY. . . . .     0
      TEMPERATURE (SOLID ONLY).     0
      THICKNESS   (SHELL ONLY).     0
      PRESSURE    (SOLID ONLY).     0
      VON MISES . . . . . . . .     0
      TURBULENT ENERGY (FLUID).     0
      TURBULENT VISCOSITY(FLUID)    0
      VORTICITY (FLUID) . . . .     0
 NODAL VALUES SAVED ON ANIMATION FILES (1: YES) :
      PRESSURE. . . . . . . . .     0
      DENSITY . . . . . . . . .     0
      TEMPERATURE . . . . . . .     0
 VECTOR SAVED ON ANIMATION FILES (1: YES) :
      VELOCITY VECTOR . . . . .     0
      DISPLACEMENT VECTOR . . .     0
      ACCELERATION VECTOR . . .     0
      CONTACT FORCES. . . . . .     0
      INTERNAL FORCES . . . . .     0
      EXTERNAL FORCES . . . . .     0
      SECTION RBY RWALL FORCES.     0
      ROTATIONAL VELOCITY VECTOR    0
      CONTACT PRESSURE (VECTORS)    0
 SHELL TENSOR SAVED ON ANIMATION FILES (1: YES) :
      MEMBRANE STRESS . . . . .     0
      BENDING STRESS(MOMENT/T^2)    0
      UPPER LAYER STRESS. . . .     0
      LOWER LAYER STRESS. . . .     0
      MEMBRANE STRAIN . . . . .     0
      CURVATURE . . . . . . . .     0
      UPPER LAYER STRAIN. . . .     0
      LOWER LAYER STRAIN. . . .     0
 NODAL MASS SAVED ON ANIMATION FILES (1: YES) :    0
 KEEP DELETED ELEMENT (1: YES) :    0


 12/09/2026
   CYCLE    TIME      TIME-STEP  ELEMENT          ERROR  I-ENERGY    K-ENERGY T  K-ENERGY R  EXT-WORK     MAS.ERR     TOTAL MASS  MASS ADDED
       0   0.000      0.9369E-03 SPRIN          1   0.0%   0.000       0.000       0.000       0.000       0.000       200.0       0.000    
     100  0.9369E-01  0.9369E-03 SPRIN          1 -50.0%   100.0      0.5000       0.000       201.0       0.000       200.0       0.000    
     200  0.1874      0.9369E-03 SPRIN          1 -22.7%   309.4      0.5000       0.000       401.0       0.000       200.0       0.000    
     300  0.2811      0.9369E-03 SPRIN          1 -14.9%   510.9      0.5000       0.000       601.0       0.000       200.0       0.000    
     400  0.3748      0.9369E-03 SPRIN          1 -12.0%   704.1      0.5000       0.000       801.0       0.000       200.0       0.000    
     500  0.4685      0.9369E-03 SPRIN          1 -11.1%   889.0      0.5000       0.000       1001.       0.000       200.0       0.000    
     600  0.5621      0.9369E-03 SPRIN          1 -11.2%   1065.      0.5000       0.000       1201.       0.000       200.0       0.000    
     700  0.6558      0.9369E-03 SPRIN          1 -11.9%   1234.      0.5000       0.000       1401.       0.000       200.0       0.000    
     800  0.7495      0.9369E-03 SPRIN          1 -12.9%   1394.      0.5000       0.000       1601.       0.000       200.0       0.000    
     900  0.8432      0.9369E-03 SPRIN          1 -14.2%   1545.      0.5000       0.000       1801.       0.000       200.0       0.000    
    1000  0.9369      0.9369E-03 SPRIN          1 -15.6%   1688.      0.5000       0.000       2001.       0.000       200.0       0.000    
    1100   1.031      0.9369E-03 SPRIN          1 -20.5%   1747.      0.5000       0.000       2199.       0.000       200.0       0.000    
    1200   1.124      0.9369E-03 SPRIN          1 -27.7%   1735.      0.5000       0.000       2399.       0.000       200.0       0.000    
    1300   1.218      0.9369E-03 SPRIN          1 -33.2%   1735.      0.5000       0.000       2599.       0.000       200.0       0.000    
    1400   1.312      0.9369E-03 SPRIN          1 -38.0%   1735.      0.5000       0.000       2799.       0.000       200.0       0.000    
    1500   1.405      0.9369E-03 SPRIN          1 -42.1%   1735.      0.5000       0.000       2999.       0.000       200.0       0.000    
    1600   1.499      0.9369E-03 SPRIN          1 -45.8%   1735.      0.5000       0.000       3199.       0.000       200.0       0.000    
    1700   1.593      0.9369E-03 SPRIN          1 -48.9%   1735.      0.5000       0.000       3399.       0.000       200.0       0.000    
    1800   1.686      0.9369E-03 SPRIN          1 -51.8%   1735.      0.5000       0.000       3599.       0.000       200.0       0.000    
    1900   1.780      0.9369E-03 SPRIN          1 -54.3%   1735.      0.5000       0.000       3799.       0.000       200.0       0.000    
    2000   1.874      0.9369E-03 SPRIN          1 -56.6%   1735.      0.5000       0.000       3999.       0.000       200.0       0.000    
    2100   1.968      0.9369E-03 SPRIN          1 -58.7%   1735.      0.5000       0.000       4199.       0.000       200.0       0.000    
    2200   2.061      0.9369E-03 SPRIN          1 -60.5%   1735.      0.5000       0.000       4397.       0.000       200.0       0.000    
    2300   2.155      0.9369E-03 SPRIN          1 -62.3%   1735.      0.5000       0.000       4597.       0.000       200.0       0.000    
    2400   2.249      0.9369E-03 SPRIN          1 -63.8%   1735.      0.5000       0.000       4797.       0.000       200.0       0.000    
    2500   2.342      0.9369E-03 SPRIN          1 -65.3%   1735.      0.5000       0.000       4997.       0.000       200.0       0.000    
    2600   2.436      0.9369E-03 SPRIN          1 -66.6%   1735.      0.5000       0.000       5197.       0.000       200.0       0.000    
    2700   2.530      0.9369E-03 SPRIN          1 -67.8%   1735.      0.5000       0.000       5397.       0.000       200.0       0.000    
    2800   2.623      0.9369E-03 SPRIN          1 -69.0%   1735.      0.5000       0.000       5597.       0.000       200.0       0.000    
    2900   2.717      0.9369E-03 SPRIN          1 -70.1%   1735.      0.5000       0.000       5797.       0.000       200.0       0.000    
    3000   2.811      0.9369E-03 SPRIN          1 -71.1%   1735.      0.5000       0.000       5997.       0.000       200.0       0.000    
    3100   2.904      0.9369E-03 SPRIN          1 -72.0%   1735.      0.5000       0.000       6197.       0.000       200.0       0.000    
    3200   2.998      0.9369E-03 SPRIN          1 -72.2%   1777.      0.5000       0.000       6397.       0.000       200.0       0.000    
    3300   3.092      0.9369E-03 SPRIN          1 -71.5%   1997.       1.531       0.000       7004.       0.000       200.0       0.000    
    3400   3.186      0.9369E-03 SPRIN          1 -71.2%   2192.       1.531       0.000       7616.       0.000       200.0       0.000    
    3500   3.279      0.9369E-03 SPRIN          1 -71.3%   2362.       1.531       0.000       8229.       0.000       200.0       0.000    
    3600   3.373      0.9369E-03 SPRIN          1 -71.6%   2507.       1.531       0.000       8841.       0.000       200.0       0.000    
    3700   3.467      0.9369E-03 SPRIN          1 -72.2%   2626.       1.531       0.000       9454.       0.000       200.0       0.000    
    3800   3.560      0.9369E-03 SPRIN          1 -73.0%   2720.       1.531       0.000      0.1007E+05   0.000       200.0       0.000    
    3900   3.654      0.9369E-03 SPRIN          1 -73.9%   2788.       1.531       0.000      0.1068E+05   0.000       200.0       0.000    
    4000   3.748      0.9369E-03 SPRIN          1 -74.9%   2831.       1.531       0.000      0.1129E+05   0.000       200.0       0.000    
    4100   3.841      0.9369E-03 SPRIN          1 -76.1%   2848.       1.531       0.000      0.1190E+05   0.000       200.0       0.000    
 -- RUPTURE OF SPRING ELEMENT NUMBER          1

     RESTART FILES: I02B_NORMAL_BASE_CYCLE_R0_0001_[0001-0001].rst WRITTEN
     -------------

  
                           ** CPU USER TIME **
  
  
                        ** SUMMARY **
  
 #PROC  ELEMENT   KINCOND   INTEG     IO        T0        ASM       RESOL    
   1   .0000E+00 .1562E-01 .3125E-01 .9375E-01 .0000E+00 .0000E+00 .2656E+00
  
 
                   ** CUMULATIVE CPU TIME SUMMARY **
  
 CONTACT SORTING.............: .0000E+00     0.00 % 
 CONTACT FORCES..............: .0000E+00     0.00 % 
 ELEMENT FORCES..............: .0000E+00     0.00 % 
 KINEMATIC COND..............: .1562E-01     5.88 % 
 INTEGRATION.................: .3125E-01    11.76 % 
 ASSEMBLING..................: .0000E+00     0.00 % 
 OTHERS (including I/O)......: .2188E+00    82.35 % 
 TOTAL.......................: .2656E+00   100.00 % 
  
  
                           ** ELAPSED TIME **
  
  
                        ** SUMMARY **
  
 #PROC  ELEMENT   KINCOND   INTEG     IO        T0        ASM       RESOL    
   1   .2465E-01 .1820E-01 .1352E-01 .8800E-01 .4544E-01 .8604E-02 .2732E+00
  
                   ** MEMORY USAGE STATISTICS **
  
 TOTAL MEMORY USED .........................:       46 MB
 MAXIMUM MEMORY PER PROCESSOR...............:       46 MB
 MINIMUM MEMORY PER PROCESSOR...............:       46 MB
 AVERAGE MEMORY PER PROCESSOR...............:       46 MB
  
                   ** DISK USAGE STATISTICS **
  
 TOTAL DISK SPACE USED .....................:          1 MB
 ANIMATION/H3D/TH/OUTP SIZE ................:          0 MB
 RESTART FILE SIZE .........................:          0 MB
  
                   ** COMPUTE TIME INFORMATION **
                        ** CURRENT ENGINE **
  
 EXECUTION STARTED .........................:      2026/09/12  17:33:52
 EXECUTION COMPLETED .......................:      2026/09/12  17:33:52
  
 ELAPSED TIME     =          0.32 s
                          0:00:00



     NORMAL TERMINATION      



     TOTAL NUMBER OF CYCLES  :    4175

  
                   ** COMPUTE RUNTIME INFORMATION SUMMARY **
  
        STARTER RUNTIME =          5.21s (00:00:05)
 # 001   ENGINE RUNTIME =          0.32s (00:00:00)
 ------------------------------ 
 STARTER+ENGINE RUNTIME =          5.53s (00:00:05)
  
