************************************************************************
**                                                                    **
**                                                                    **
**                         OpenRadioss Engine                         **
**                                                                    **
**            Non-linear Finite Element Analysis Software             **
**                                                                    **
**                                                                    **
**                                                                    **
**                  Windows 64 bits, Intel compiler                   **
**                      Double Precision Version                      **
**                                                                    **
**                                                                    **
**                                                                    **
************************************************************************
** OpenRadioss Software                                               **
** COPYRIGHT (C) 2026 Siemens                                         **
** Licensed under GNU Affero General Public License.                  **
** See License file.                                                  **
************************************************************************
 
 ROOT: A04_PLASTIC_H002  RESTART: 0001
 NUMBER OF HMPP PROCESSES     2
 05/10/2026
     ANIMATION FILE: A04_PLASTIC_H002A001 WRITTEN
     ANIMATION FILE: A04_PLASTIC_H002A002 WRITTEN
     ANIMATION FILE: A04_PLASTIC_H002A003 WRITTEN
     ANIMATION FILE: A04_PLASTIC_H002A004 WRITTEN
     ANIMATION FILE: A04_PLASTIC_H002A005 WRITTEN
     ANIMATION FILE: A04_PLASTIC_H002A006 WRITTEN
     ANIMATION FILE: A04_PLASTIC_H002A007 WRITTEN
     ANIMATION FILE: A04_PLASTIC_H002A008 WRITTEN
     ANIMATION FILE: A04_PLASTIC_H002A009 WRITTEN
     ANIMATION FILE: A04_PLASTIC_H002A010 WRITTEN
     ANIMATION FILE: A04_PLASTIC_H002A011 WRITTEN
     ANIMATION FILE: A04_PLASTIC_H002A012 WRITTEN
     ANIMATION FILE: A04_PLASTIC_H002A013 WRITTEN
     ANIMATION FILE: A04_PLASTIC_H002A014 WRITTEN
     ANIMATION FILE: A04_PLASTIC_H002A015 WRITTEN
     ANIMATION FILE: A04_PLASTIC_H002A016 WRITTEN
     ANIMATION FILE: A04_PLASTIC_H002A017 WRITTEN
     ANIMATION FILE: A04_PLASTIC_H002A018 WRITTEN
     ANIMATION FILE: A04_PLASTIC_H002A019 WRITTEN
     ANIMATION FILE: A04_PLASTIC_H002A020 WRITTEN
     RESTART FILES: A04_PLASTIC_H002_0001_[0001-0001].rst WRITTEN
     ANIMATION FILE: A04_PLASTIC_H002A021 WRITTEN
  
                           ** CPU USER TIME **
  
  
                        ** SUMMARY **
  
 #PROC  CONTSORT  CONTFOR   ELEMENT   KINCOND   INTEG     IO        T0        ASM       RESOL    
   1   .7344E+00 .7812E-01 .5861E+02 .3781E+01 .1453E+01 .8891E+01 .7812E-01 .3406E+01 .8025E+02
 
                   ** CUMULATIVE CPU TIME SUMMARY **
  
 CONTACT SORTING.............: .7344E+00     0.92 % 
 CONTACT FORCES..............: .7812E-01     0.10 % 
 ELEMENT FORCES..............: .5861E+02    73.03 % 
 KINEMATIC COND..............: .3781E+01     4.71 % 
 INTEGRATION.................: .1453E+01     1.81 % 
 ASSEMBLING..................: .3406E+01     4.24 % 
 OTHERS (including I/O)......: .1219E+02    15.19 % 
 TOTAL.......................: .8025E+02   100.00 % 
  
                   ** MEMORY USAGE STATISTICS **
  
 TOTAL MEMORY USED .........................:      231 MB
 MAXIMUM MEMORY PER PROCESSOR...............:      231 MB
 MINIMUM MEMORY PER PROCESSOR...............:      231 MB
 AVERAGE MEMORY PER PROCESSOR...............:      231 MB
  
                   ** DISK USAGE STATISTICS **
  
 TOTAL DISK SPACE USED .....................:        162 MB
 ANIMATION/H3D/TH/OUTP SIZE ................:        106 MB
 RESTART FILE SIZE .........................:         55 MB
  
 ELAPSED TIME     =         40.38 s
                          0:00:40
  
     NORMAL TERMINATION      
     TOTAL NUMBER OF CYCLES  :    2827
