SUMMARY OF JOB INFORMATION
  STEP      INC     ATT  ITRS     TOT TIME     STEP TIME      INC TIME
     1          1     1     3  0.200000E-02  0.200000E-02  0.200000E-02
     1          2     1     2  0.400000E-02  0.400000E-02  0.200000E-02
     1          3     1     2  0.700000E-02  0.700000E-02  0.300000E-02
     1          4     1     2  0.115000E-01  0.115000E-01  0.450000E-02
     1          5     1     2  0.182500E-01  0.182500E-01  0.675000E-02
     1          6     1     2  0.282500E-01  0.282500E-01  0.100000E-01
     1          7     1     2  0.382500E-01  0.382500E-01  0.100000E-01
     1          8     1     2  0.482500E-01  0.482500E-01  0.100000E-01
     1          9     1     2  0.582500E-01  0.582500E-01  0.100000E-01
     1         10     1     2  0.682500E-01  0.682500E-01  0.100000E-01
     1         11     1     3  0.782500E-01  0.782500E-01  0.100000E-01
     1         12     1     2  0.882500E-01  0.882500E-01  0.100000E-01
     1         13     1     2  0.982500E-01  0.982500E-01  0.100000E-01
     1         14     1     2  0.108250E+00  0.108250E+00  0.100000E-01
     1         15     1     2  0.118250E+00  0.118250E+00  0.100000E-01
     1         16     1     2  0.128250E+00  0.128250E+00  0.100000E-01
     1         17     1     2  0.138250E+00  0.138250E+00  0.100000E-01
     1         18     1     2  0.148250E+00  0.148250E+00  0.100000E-01
     1         19     1     2  0.158250E+00  0.158250E+00  0.100000E-01
     1         20     1     2  0.168250E+00  0.168250E+00  0.100000E-01
     1         21     1     2  0.178250E+00  0.178250E+00  0.100000E-01
     1         22     1     2  0.188250E+00  0.188250E+00  0.100000E-01
     1         23     1     2  0.198250E+00  0.198250E+00  0.100000E-01
     1         24     1     2  0.208250E+00  0.208250E+00  0.100000E-01
     1         25     1     2  0.218250E+00  0.218250E+00  0.100000E-01
     1         26     1     2  0.228250E+00  0.228250E+00  0.100000E-01
     1         27     1     2  0.238250E+00  0.238250E+00  0.100000E-01
     1         28     1     2  0.248250E+00  0.248250E+00  0.100000E-01
     1         29     1     2  0.258250E+00  0.258250E+00  0.100000E-01
     1         30     1     2  0.268250E+00  0.268250E+00  0.100000E-01
     1         31     1     2  0.278250E+00  0.278250E+00  0.100000E-01
     1         32     1     2  0.288250E+00  0.288250E+00  0.100000E-01
     1         33     1     2  0.298250E+00  0.298250E+00  0.100000E-01
     1         34     1     2  0.308250E+00  0.308250E+00  0.100000E-01
     1         35     1     2  0.318250E+00  0.318250E+00  0.100000E-01
     1         36     1     2  0.328250E+00  0.328250E+00  0.100000E-01
     1         37     1     2  0.338250E+00  0.338250E+00  0.100000E-01
     1         38     1     2  0.348250E+00  0.348250E+00  0.100000E-01
     1         39     1     2  0.358250E+00  0.358250E+00  0.100000E-01
     1         40     1     2  0.368250E+00  0.368250E+00  0.100000E-01
     1         41     1     2  0.378250E+00  0.378250E+00  0.100000E-01
     1         42     1     2  0.388250E+00  0.388250E+00  0.100000E-01
     1         43     1     2  0.398250E+00  0.398250E+00  0.100000E-01
     1         44     1     2  0.408250E+00  0.408250E+00  0.100000E-01
     1         45     1     2  0.418250E+00  0.418250E+00  0.100000E-01
     1         46     1     2  0.428250E+00  0.428250E+00  0.100000E-01
     1         47     1     2  0.438250E+00  0.438250E+00  0.100000E-01
     1         48     1     2  0.448250E+00  0.448250E+00  0.100000E-01
     1         49     1     2  0.458250E+00  0.458250E+00  0.100000E-01
     1         50     1     2  0.468250E+00  0.468250E+00  0.100000E-01
     1         51     1     2  0.478250E+00  0.478250E+00  0.100000E-01
     1         52     1     2  0.488250E+00  0.488250E+00  0.100000E-01
     1         53     1     2  0.498250E+00  0.498250E+00  0.100000E-01
     1         54     1     2  0.508250E+00  0.508250E+00  0.100000E-01
     1         55     1     2  0.518250E+00  0.518250E+00  0.100000E-01
     1         56     1     2  0.528250E+00  0.528250E+00  0.100000E-01
     1         57     1     2  0.538250E+00  0.538250E+00  0.100000E-01
     1         58     1     2  0.548250E+00  0.548250E+00  0.100000E-01
     1         59     1     2  0.558250E+00  0.558250E+00  0.100000E-01
     1         60     1     2  0.568250E+00  0.568250E+00  0.100000E-01
     1         61     1     2  0.578250E+00  0.578250E+00  0.100000E-01
     1         62     1     2  0.588250E+00  0.588250E+00  0.100000E-01
     1         63     1     2  0.598250E+00  0.598250E+00  0.100000E-01
     1         64     1     2  0.608250E+00  0.608250E+00  0.100000E-01
     1         65     1     2  0.618250E+00  0.618250E+00  0.100000E-01
     1         66     1     2  0.628250E+00  0.628250E+00  0.100000E-01
     1         67     1     2  0.638250E+00  0.638250E+00  0.100000E-01
     1         68     1     2  0.648250E+00  0.648250E+00  0.100000E-01
     1         69     1     2  0.658250E+00  0.658250E+00  0.100000E-01
     1         70     1     2  0.668250E+00  0.668250E+00  0.100000E-01
     1         71     1     2  0.678250E+00  0.678250E+00  0.100000E-01
     1         72     1     2  0.688250E+00  0.688250E+00  0.100000E-01
     1         73     1     2  0.698250E+00  0.698250E+00  0.100000E-01
     1         74     1     2  0.708250E+00  0.708250E+00  0.100000E-01
     1         75     1     2  0.718250E+00  0.718250E+00  0.100000E-01
     1         76     1     2  0.728250E+00  0.728250E+00  0.100000E-01
     1         77     1     2  0.738250E+00  0.738250E+00  0.100000E-01
     1         78     1     2  0.748250E+00  0.748250E+00  0.100000E-01
     1         79     1     2  0.758250E+00  0.758250E+00  0.100000E-01
     1         80     1     2  0.768250E+00  0.768250E+00  0.100000E-01
     1         81     1     2  0.778250E+00  0.778250E+00  0.100000E-01
     1         82     1     2  0.788250E+00  0.788250E+00  0.100000E-01
     1         83     1     2  0.798250E+00  0.798250E+00  0.100000E-01
     1         84     1     2  0.808250E+00  0.808250E+00  0.100000E-01
     1         85     1     2  0.818250E+00  0.818250E+00  0.100000E-01
     1         86     1     2  0.828250E+00  0.828250E+00  0.100000E-01
     1         87     1     2  0.838250E+00  0.838250E+00  0.100000E-01
     1         88     1     2  0.848250E+00  0.848250E+00  0.100000E-01
     1         89     1     2  0.858250E+00  0.858250E+00  0.100000E-01
     1         90     1     2  0.868250E+00  0.868250E+00  0.100000E-01
     1         91     1     2  0.878250E+00  0.878250E+00  0.100000E-01
     1         92     1     2  0.888250E+00  0.888250E+00  0.100000E-01
     1         93     1     2  0.898250E+00  0.898250E+00  0.100000E-01
     1         94     1     2  0.908250E+00  0.908250E+00  0.100000E-01
     1         95     1     2  0.918250E+00  0.918250E+00  0.100000E-01
     1         96     1     2  0.928250E+00  0.928250E+00  0.100000E-01
     1         97     1     2  0.938250E+00  0.938250E+00  0.100000E-01
     1         98     1     2  0.948250E+00  0.948250E+00  0.100000E-01
     1         99     1     2  0.958250E+00  0.958250E+00  0.100000E-01
     1        100     1     2  0.968250E+00  0.968250E+00  0.100000E-01
     1        101     1     2  0.978250E+00  0.978250E+00  0.100000E-01
     1        102     1     2  0.988250E+00  0.988250E+00  0.100000E-01
     1        103     1     2  0.998250E+00  0.998250E+00  0.100000E-01
     1        104     1     2  0.100000E+01  0.100000E+01  0.175000E-02
