SUMMARY OF C0NVERGENCE INFORMATION
  STEP   INC  ATT   ITER     CONT.   RESID.        CORR.      RESID.      CORR.
                              EL.    FORCE         DISP       FLUX        TEMP.
                              (#)     (%)           (%)        (%)         (%)
     1     1     1     1        0  0.1229E+01  0.1000E+03  0.0000E+00  0.0000E+00
     1     1     1     2        0  0.6715E-03  0.2342E+01  0.0000E+00  0.0000E+00
     1     1     1     3        0  0.0000E+00  0.1695E-04  0.0000E+00  0.0000E+00
     1     2     1     1        0  0.1961E-02  0.4788E+01  0.0000E+00  0.0000E+00
     1     2     1     2        0  0.0000E+00  0.7136E-04  0.0000E+00  0.0000E+00
     1     3     1     1        0  0.5611E-02  0.6191E+01  0.0000E+00  0.0000E+00
     1     3     1     2        0  0.0000E+00  0.1881E-03  0.0000E+00  0.0000E+00
     1     4     1     1        0  0.2520E-01  0.9788E+01  0.0000E+00  0.0000E+00
     1     4     1     2        0  0.0000E+00  0.7186E-03  0.0000E+00  0.0000E+00
     1     5     1     1        0  0.1303E+00  0.1595E+02  0.0000E+00  0.0000E+00
     1     5     1     2        0  0.0000E+00  0.2814E-02  0.0000E+00  0.0000E+00
     1     6     1     1        0  0.8043E+00  0.2711E+02  0.0000E+00  0.0000E+00
     1     6     1     2        0  0.1815E-06  0.9524E-02  0.0000E+00  0.0000E+00
     1     7     1     1        0  0.1838E+01  0.3693E+02  0.0000E+00  0.0000E+00
     1     7     1     2        0  0.9547E-06  0.1769E-01  0.0000E+00  0.0000E+00
     1     8     1     1        0  0.3425E+01  0.4121E+02  0.0000E+00  0.0000E+00
     1     8     1     2        0  0.7604E-05  0.4368E-01  0.0000E+00  0.0000E+00
     1     9     1     1        0  0.6048E+01  0.4257E+02  0.0000E+00  0.0000E+00
     1     9     1     2        0  0.1506E-03  0.1779E+00  0.0000E+00  0.0000E+00
     1    10     1     1        0  0.7445E+01  0.3575E+02  0.0000E+00  0.0000E+00
     1    10     1     2        0  0.3303E-02  0.6942E+00  0.0000E+00  0.0000E+00
     1    11     1     1        0  0.3865E+01  0.2012E+02  0.0000E+00  0.0000E+00
     1    11     1     2        0  0.1487E-01  0.1184E+01  0.0000E+00  0.0000E+00
     1    11     1     3        0  0.0000E+00  0.4480E-04  0.0000E+00  0.0000E+00
     1    12     1     1        0  0.3847E+00  0.5478E+01  0.0000E+00  0.0000E+00
     1    12     1     2        0  0.3948E-02  0.5321E+00  0.0000E+00  0.0000E+00
     1    13     1     1        0  0.8380E-01  0.2472E+01  0.0000E+00  0.0000E+00
     1    13     1     2        0  0.9066E-03  0.2500E+00  0.0000E+00  0.0000E+00
     1    14     1     1        0  0.3663E+00  0.5617E+01  0.0000E+00  0.0000E+00
     1    14     1     2        0  0.2886E-02  0.4716E+00  0.0000E+00  0.0000E+00
     1    15     1     1        0  0.4080E+00  0.6508E+01  0.0000E+00  0.0000E+00
     1    15     1     2        0  0.1920E-02  0.4184E+00  0.0000E+00  0.0000E+00
     1    16     1     1        0  0.3347E+00  0.6493E+01  0.0000E+00  0.0000E+00
     1    16     1     2        0  0.9152E-03  0.3153E+00  0.0000E+00  0.0000E+00
     1    17     1     1        0  0.2501E+00  0.6153E+01  0.0000E+00  0.0000E+00
     1    17     1     2        0  0.4070E-03  0.2284E+00  0.0000E+00  0.0000E+00
     1    18     1     1        0  0.1825E+00  0.5721E+01  0.0000E+00  0.0000E+00
     1    18     1     2        0  0.1836E-03  0.1654E+00  0.0000E+00  0.0000E+00
     1    19     1     1        0  0.1334E+00  0.5287E+01  0.0000E+00  0.0000E+00
     1    19     1     2        0  0.8639E-04  0.1214E+00  0.0000E+00  0.0000E+00
     1    20     1     1        0  0.9867E-01  0.4883E+01  0.0000E+00  0.0000E+00
     1    20     1     2        0  0.4270E-04  0.9075E-01  0.0000E+00  0.0000E+00
     1    21     1     1        0  0.7413E-01  0.4518E+01  0.0000E+00  0.0000E+00
     1    21     1     2        0  0.2217E-04  0.6910E-01  0.0000E+00  0.0000E+00
     1    22     1     1        0  0.5660E-01  0.4194E+01  0.0000E+00  0.0000E+00
     1    22     1     2        0  0.1204E-04  0.5355E-01  0.0000E+00  0.0000E+00
     1    23     1     1        0  0.4390E-01  0.3906E+01  0.0000E+00  0.0000E+00
     1    23     1     2        0  0.6822E-05  0.4219E-01  0.0000E+00  0.0000E+00
     1    24     1     1        0  0.3456E-01  0.3650E+01  0.0000E+00  0.0000E+00
     1    24     1     2        0  0.4012E-05  0.3373E-01  0.0000E+00  0.0000E+00
     1    25     1     1        0  0.2757E-01  0.3423E+01  0.0000E+00  0.0000E+00
     1    25     1     2        0  0.2440E-05  0.2733E-01  0.0000E+00  0.0000E+00
     1    26     1     1        0  0.2228E-01  0.3220E+01  0.0000E+00  0.0000E+00
     1    26     1     2        0  0.1530E-05  0.2242E-01  0.0000E+00  0.0000E+00
     1    27     1     1        0  0.1820E-01  0.3039E+01  0.0000E+00  0.0000E+00
     1    27     1     2        0  0.9854E-06  0.1859E-01  0.0000E+00  0.0000E+00
     1    28     1     1        0  0.1503E-01  0.2875E+01  0.0000E+00  0.0000E+00
     1    28     1     2        0  0.6505E-06  0.1556E-01  0.0000E+00  0.0000E+00
     1    29     1     1        0  0.1253E-01  0.2727E+01  0.0000E+00  0.0000E+00
     1    29     1     2        0  0.4391E-06  0.1315E-01  0.0000E+00  0.0000E+00
     1    30     1     1        0  0.1053E-01  0.2594E+01  0.0000E+00  0.0000E+00
     1    30     1     2        0  0.3023E-06  0.1120E-01  0.0000E+00  0.0000E+00
     1    31     1     1        0  0.8923E-02  0.2472E+01  0.0000E+00  0.0000E+00
     1    31     1     2        0  0.2120E-06  0.9609E-02  0.0000E+00  0.0000E+00
     1    32     1     1        0  0.7616E-02  0.2360E+01  0.0000E+00  0.0000E+00
     1    32     1     2        0  0.1512E-06  0.8301E-02  0.0000E+00  0.0000E+00
     1    33     1     1        0  0.6544E-02  0.2258E+01  0.0000E+00  0.0000E+00
     1    33     1     2        0  0.1095E-06  0.7216E-02  0.0000E+00  0.0000E+00
     1    34     1     1        0  0.5658E-02  0.2164E+01  0.0000E+00  0.0000E+00
     1    34     1     2        0  0.8034E-07  0.6308E-02  0.0000E+00  0.0000E+00
     1    35     1     1        0  0.4920E-02  0.2078E+01  0.0000E+00  0.0000E+00
     1    35     1     2        0  0.5966E-07  0.5544E-02  0.0000E+00  0.0000E+00
     1    36     1     1        0  0.4301E-02  0.1998E+01  0.0000E+00  0.0000E+00
     1    36     1     2        0  0.4507E-07  0.4896E-02  0.0000E+00  0.0000E+00
     1    37     1     1        0  0.3779E-02  0.1923E+01  0.0000E+00  0.0000E+00
     1    37     1     2        0  0.3422E-07  0.4344E-02  0.0000E+00  0.0000E+00
     1    38     1     1        0  0.3335E-02  0.1854E+01  0.0000E+00  0.0000E+00
     1    38     1     2        0  0.2649E-07  0.3870E-02  0.0000E+00  0.0000E+00
     1    39     1     1        0  0.2956E-02  0.1790E+01  0.0000E+00  0.0000E+00
     1    39     1     2        0  0.2061E-07  0.3461E-02  0.0000E+00  0.0000E+00
     1    40     1     1        0  0.2630E-02  0.1730E+01  0.0000E+00  0.0000E+00
     1    40     1     2        0  0.0000E+00  0.3107E-02  0.0000E+00  0.0000E+00
     1    41     1     1        0  0.2350E-02  0.1673E+01  0.0000E+00  0.0000E+00
     1    41     1     2        0  0.0000E+00  0.2799E-02  0.0000E+00  0.0000E+00
     1    42     1     1        0  0.2106E-02  0.1621E+01  0.0000E+00  0.0000E+00
     1    42     1     2        0  0.0000E+00  0.2529E-02  0.0000E+00  0.0000E+00
     1    43     1     1        0  0.1894E-02  0.1571E+01  0.0000E+00  0.0000E+00
     1    43     1     2        0  0.0000E+00  0.2292E-02  0.0000E+00  0.0000E+00
     1    44     1     1        0  0.1709E-02  0.1524E+01  0.0000E+00  0.0000E+00
     1    44     1     2        0  0.0000E+00  0.2084E-02  0.0000E+00  0.0000E+00
     1    45     1     1        0  0.1546E-02  0.1480E+01  0.0000E+00  0.0000E+00
     1    45     1     2        0  0.0000E+00  0.1899E-02  0.0000E+00  0.0000E+00
     1    46     1     1        0  0.1403E-02  0.1439E+01  0.0000E+00  0.0000E+00
     1    46     1     2        0  0.0000E+00  0.1735E-02  0.0000E+00  0.0000E+00
     1    47     1     1        0  0.1277E-02  0.1399E+01  0.0000E+00  0.0000E+00
     1    47     1     2        0  0.0000E+00  0.1589E-02  0.0000E+00  0.0000E+00
     1    48     1     1        0  0.1164E-02  0.1362E+01  0.0000E+00  0.0000E+00
     1    48     1     2        0  0.0000E+00  0.1459E-02  0.0000E+00  0.0000E+00
     1    49     1     1        0  0.1064E-02  0.1327E+01  0.0000E+00  0.0000E+00
     1    49     1     2        0  0.0000E+00  0.1342E-02  0.0000E+00  0.0000E+00
     1    50     1     1        0  0.9753E-03  0.1293E+01  0.0000E+00  0.0000E+00
     1    50     1     2        0  0.0000E+00  0.1238E-02  0.0000E+00  0.0000E+00
     1    51     1     1        0  0.8956E-03  0.1261E+01  0.0000E+00  0.0000E+00
     1    51     1     2        0  0.0000E+00  0.1145E-02  0.0000E+00  0.0000E+00
     1    52     1     1        0  0.8241E-03  0.1231E+01  0.0000E+00  0.0000E+00
     1    52     1     2        0  0.0000E+00  0.1060E-02  0.0000E+00  0.0000E+00
     1    53     1     1        0  0.7598E-03  0.1202E+01  0.0000E+00  0.0000E+00
     1    53     1     2        0  0.0000E+00  0.9840E-03  0.0000E+00  0.0000E+00
     1    54     1     1        0  0.7018E-03  0.1174E+01  0.0000E+00  0.0000E+00
     1    54     1     2        0  0.0000E+00  0.9151E-03  0.0000E+00  0.0000E+00
     1    55     1     1        0  0.6494E-03  0.1148E+01  0.0000E+00  0.0000E+00
     1    55     1     2        0  0.0000E+00  0.8525E-03  0.0000E+00  0.0000E+00
     1    56     1     1        0  0.6019E-03  0.1122E+01  0.0000E+00  0.0000E+00
     1    56     1     2        0  0.0000E+00  0.7956E-03  0.0000E+00  0.0000E+00
     1    57     1     1        0  0.5588E-03  0.1098E+01  0.0000E+00  0.0000E+00
     1    57     1     2        0  0.0000E+00  0.7437E-03  0.0000E+00  0.0000E+00
     1    58     1     1        0  0.5196E-03  0.1075E+01  0.0000E+00  0.0000E+00
     1    58     1     2        0  0.0000E+00  0.6962E-03  0.0000E+00  0.0000E+00
     1    59     1     1        0  0.4839E-03  0.1053E+01  0.0000E+00  0.0000E+00
     1    59     1     2        0  0.0000E+00  0.6529E-03  0.0000E+00  0.0000E+00
     1    60     1     1        0  0.4513E-03  0.1031E+01  0.0000E+00  0.0000E+00
     1    60     1     2        0  0.0000E+00  0.6131E-03  0.0000E+00  0.0000E+00
     1    61     1     1        0  0.4214E-03  0.1011E+01  0.0000E+00  0.0000E+00
     1    61     1     2        0  0.0000E+00  0.5764E-03  0.0000E+00  0.0000E+00
     1    62     1     1        0  0.3941E-03  0.9911E+00  0.0000E+00  0.0000E+00
     1    62     1     2        0  0.0000E+00  0.5428E-03  0.0000E+00  0.0000E+00
     1    63     1     1        0  0.3690E-03  0.9722E+00  0.0000E+00  0.0000E+00
     1    63     1     2        0  0.0000E+00  0.5118E-03  0.0000E+00  0.0000E+00
     1    64     1     1        0  0.3459E-03  0.9540E+00  0.0000E+00  0.0000E+00
     1    64     1     2        0  0.0000E+00  0.4831E-03  0.0000E+00  0.0000E+00
     1    65     1     1        0  0.3246E-03  0.9364E+00  0.0000E+00  0.0000E+00
     1    65     1     2        0  0.0000E+00  0.4565E-03  0.0000E+00  0.0000E+00
     1    66     1     1        0  0.3050E-03  0.9195E+00  0.0000E+00  0.0000E+00
     1    66     1     2        0  0.0000E+00  0.4320E-03  0.0000E+00  0.0000E+00
     1    67     1     1        0  0.2869E-03  0.9031E+00  0.0000E+00  0.0000E+00
     1    67     1     2        0  0.0000E+00  0.4092E-03  0.0000E+00  0.0000E+00
     1    68     1     1        0  0.2702E-03  0.8874E+00  0.0000E+00  0.0000E+00
     1    68     1     2        0  0.0000E+00  0.3880E-03  0.0000E+00  0.0000E+00
     1    69     1     1        0  0.2547E-03  0.8721E+00  0.0000E+00  0.0000E+00
     1    69     1     2        0  0.0000E+00  0.3683E-03  0.0000E+00  0.0000E+00
     1    70     1     1        0  0.2403E-03  0.8574E+00  0.0000E+00  0.0000E+00
     1    70     1     2        0  0.0000E+00  0.3499E-03  0.0000E+00  0.0000E+00
     1    71     1     1        0  0.2270E-03  0.8432E+00  0.0000E+00  0.0000E+00
     1    71     1     2        0  0.0000E+00  0.3328E-03  0.0000E+00  0.0000E+00
     1    72     1     1        0  0.2146E-03  0.8294E+00  0.0000E+00  0.0000E+00
     1    72     1     2        0  0.0000E+00  0.3168E-03  0.0000E+00  0.0000E+00
     1    73     1     1        0  0.2031E-03  0.8161E+00  0.0000E+00  0.0000E+00
     1    73     1     2        0  0.0000E+00  0.3019E-03  0.0000E+00  0.0000E+00
     1    74     1     1        0  0.1923E-03  0.8032E+00  0.0000E+00  0.0000E+00
     1    74     1     2        0  0.0000E+00  0.2879E-03  0.0000E+00  0.0000E+00
     1    75     1     1        0  0.1823E-03  0.7907E+00  0.0000E+00  0.0000E+00
     1    75     1     2        0  0.0000E+00  0.2747E-03  0.0000E+00  0.0000E+00
     1    76     1     1        0  0.1729E-03  0.7786E+00  0.0000E+00  0.0000E+00
     1    76     1     2        0  0.0000E+00  0.2623E-03  0.0000E+00  0.0000E+00
     1    77     1     1        0  0.1642E-03  0.7669E+00  0.0000E+00  0.0000E+00
     1    77     1     2        0  0.0000E+00  0.2508E-03  0.0000E+00  0.0000E+00
     1    78     1     1        0  0.1560E-03  0.7555E+00  0.0000E+00  0.0000E+00
     1    78     1     2        0  0.0000E+00  0.2399E-03  0.0000E+00  0.0000E+00
     1    79     1     1        0  0.1483E-03  0.7444E+00  0.0000E+00  0.0000E+00
     1    79     1     2        0  0.0000E+00  0.2297E-03  0.0000E+00  0.0000E+00
     1    80     1     1        0  0.1411E-03  0.7336E+00  0.0000E+00  0.0000E+00
     1    80     1     2        0  0.0000E+00  0.2201E-03  0.0000E+00  0.0000E+00
     1    81     1     1        0  0.1344E-03  0.7232E+00  0.0000E+00  0.0000E+00
     1    81     1     2        0  0.0000E+00  0.2110E-03  0.0000E+00  0.0000E+00
     1    82     1     1        0  0.1280E-03  0.7131E+00  0.0000E+00  0.0000E+00
     1    82     1     2        0  0.0000E+00  0.2024E-03  0.0000E+00  0.0000E+00
     1    83     1     1        0  0.1221E-03  0.7032E+00  0.0000E+00  0.0000E+00
     1    83     1     2        0  0.0000E+00  0.1943E-03  0.0000E+00  0.0000E+00
     1    84     1     1        0  0.1165E-03  0.6936E+00  0.0000E+00  0.0000E+00
     1    84     1     2        0  0.0000E+00  0.1866E-03  0.0000E+00  0.0000E+00
     1    85     1     1        0  0.1112E-03  0.6843E+00  0.0000E+00  0.0000E+00
     1    85     1     2        0  0.0000E+00  0.1793E-03  0.0000E+00  0.0000E+00
     1    86     1     1        0  0.1062E-03  0.6752E+00  0.0000E+00  0.0000E+00
     1    86     1     2        0  0.0000E+00  0.1725E-03  0.0000E+00  0.0000E+00
     1    87     1     1        0  0.1015E-03  0.6663E+00  0.0000E+00  0.0000E+00
     1    87     1     2        0  0.0000E+00  0.1660E-03  0.0000E+00  0.0000E+00
     1    88     1     1        0  0.9710E-04  0.6577E+00  0.0000E+00  0.0000E+00
     1    88     1     2        0  0.0000E+00  0.1598E-03  0.0000E+00  0.0000E+00
     1    89     1     1        0  0.9292E-04  0.6493E+00  0.0000E+00  0.0000E+00
     1    89     1     2        0  0.0000E+00  0.1540E-03  0.0000E+00  0.0000E+00
     1    90     1     1        0  0.8897E-04  0.6411E+00  0.0000E+00  0.0000E+00
     1    90     1     2        0  0.0000E+00  0.1484E-03  0.0000E+00  0.0000E+00
     1    91     1     1        0  0.8523E-04  0.6331E+00  0.0000E+00  0.0000E+00
     1    91     1     2        0  0.0000E+00  0.1431E-03  0.0000E+00  0.0000E+00
     1    92     1     1        0  0.8169E-04  0.6253E+00  0.0000E+00  0.0000E+00
     1    92     1     2        0  0.0000E+00  0.1381E-03  0.0000E+00  0.0000E+00
     1    93     1     1        0  0.7835E-04  0.6177E+00  0.0000E+00  0.0000E+00
     1    93     1     2        0  0.0000E+00  0.1333E-03  0.0000E+00  0.0000E+00
     1    94     1     1        0  0.7517E-04  0.6103E+00  0.0000E+00  0.0000E+00
     1    94     1     2        0  0.0000E+00  0.1287E-03  0.0000E+00  0.0000E+00
     1    95     1     1        0  0.7216E-04  0.6031E+00  0.0000E+00  0.0000E+00
     1    95     1     2        0  0.0000E+00  0.1243E-03  0.0000E+00  0.0000E+00
     1    96     1     1        0  0.6930E-04  0.5960E+00  0.0000E+00  0.0000E+00
     1    96     1     2        0  0.0000E+00  0.1202E-03  0.0000E+00  0.0000E+00
     1    97     1     1        0  0.6659E-04  0.5891E+00  0.0000E+00  0.0000E+00
     1    97     1     2        0  0.0000E+00  0.1163E-03  0.0000E+00  0.0000E+00
     1    98     1     1        0  0.6401E-04  0.5824E+00  0.0000E+00  0.0000E+00
     1    98     1     2        0  0.0000E+00  0.1125E-03  0.0000E+00  0.0000E+00
     1    99     1     1        0  0.6156E-04  0.5758E+00  0.0000E+00  0.0000E+00
     1    99     1     2        0  0.0000E+00  0.1089E-03  0.0000E+00  0.0000E+00
     1   100     1     1        0  0.5923E-04  0.5693E+00  0.0000E+00  0.0000E+00
     1   100     1     2        0  0.0000E+00  0.1055E-03  0.0000E+00  0.0000E+00
     1   101     1     1        0  0.5702E-04  0.5630E+00  0.0000E+00  0.0000E+00
     1   101     1     2        0  0.0000E+00  0.1022E-03  0.0000E+00  0.0000E+00
     1   102     1     1        0  0.5490E-04  0.5569E+00  0.0000E+00  0.0000E+00
     1   102     1     2        0  0.0000E+00  0.9903E-04  0.0000E+00  0.0000E+00
     1   103     1     1        0  0.5289E-04  0.5508E+00  0.0000E+00  0.0000E+00
     1   103     1     2        0  0.0000E+00  0.9601E-04  0.0000E+00  0.0000E+00
     1   104     1     1        0  0.5440E-06  0.3216E+00  0.0000E+00  0.0000E+00
     1   104     1     2        0  0.0000E+00  0.5693E-05  0.0000E+00  0.0000E+00
