{'case': {'id': 'T25_L3', 'witness': False, 'contact': True, 'contact_type': 25, 'simple': False, 'fine': True, 'refinement_levels': 3, 'Istf': 4, 'Ish3n': 2, 'dt_scale': 0.05, 'end_ms': 0.4}, 'failed_checks': [], 'final_impulse_Ns': [-12.92217, -6.839517e-15, -6.132333e-16], 'final_generated_J': 1822.795734, 'final_energy_residual_J': np.float64(0.031734000076539814), 'timing_candidates': [{'factor': 0, 'max_KE_change_difference_J': 1.4417585796909407, 'max_momentum_change_difference_Ns': 0.010687059298059371, 'max_C0_RKE_difference_J': 0.2824609609188542, 'no_acceptance_credit': True, 'ledger_unchanged': True}, {'factor': -0.5, 'max_KE_change_difference_J': 2.8017581967869774, 'max_momentum_change_difference_Ns': 0.02137336381426755, 'max_C0_RKE_difference_J': 0.5642353076875395, 'no_acceptance_credit': True, 'ledger_unchanged': True}, {'factor': 0.5, 'max_KE_change_difference_J': 0.09561761538498104, 'max_momentum_change_difference_Ns': 0.0014786220832190232, 'max_C0_RKE_difference_J': 6.330073534854819e-05, 'no_acceptance_credit': True, 'ledger_unchanged': True}]}
{'case': {'id': 'T25_L2_HALF', 'witness': False, 'contact': True, 'contact_type': 25, 'simple': False, 'fine': True, 'refinement_levels': 2, 'Istf': 4, 'Ish3n': 2, 'dt_scale': 0.025, 'end_ms': 0.4}, 'failed_checks': [], 'final_impulse_Ns': [-16.87547, -5.343833e-15, -1.540067e-15], 'final_generated_J': 2960.156849, 'final_energy_residual_J': np.float64(-0.01515099999960512), 'timing_candidates': [{'factor': 0, 'max_KE_change_difference_J': 2.674141149735078, 'max_momentum_change_difference_Ns': 0.015073020302972499, 'max_C0_RKE_difference_J': 0.4323118001615569, 'no_acceptance_credit': True, 'ledger_unchanged': True}, {'factor': -0.5, 'max_KE_change_difference_J': 5.261581281898543, 'max_momentum_change_difference_Ns': 0.03057423504503934, 'max_C0_RKE_difference_J': 0.8640197700119927, 'no_acceptance_credit': True, 'ledger_unchanged': True}, {'factor': 0.5, 'max_KE_change_difference_J': 0.10396055690944195, 'max_momentum_change_difference_Ns': 0.0015148980808088505, 'max_C0_RKE_difference_J': 5.159983945191016e-05, 'no_acceptance_credit': True, 'ledger_unchanged': True}]}
{'case': {'id': 'DKT7_L0', 'witness': False, 'contact': True, 'contact_type': 7, 'simple': False, 'fine': False, 'refinement_levels': 0, 'Istf': 4, 'Ish3n': 30, 'dt_scale': 0.05, 'end_ms': 0.4}, 'failed_checks': ['energy_global', 'energy_local', 'momentum_contact_support', 'independent_translation_KE_change'], 'final_impulse_Ns': [-95.59475, -10.28046, -8.887976e-14], 'final_generated_J': 3676.83500282812, 'final_energy_residual_J': np.float64(-5892.424997171853), 'timing_candidates': [{'factor': 0, 'max_KE_change_difference_J': 255.09999999997672, 'max_momentum_change_difference_Ns': 1.2991173926932418, 'max_C0_RKE_difference_J': 0.00012455869783668024, 'no_acceptance_credit': True, 'ledger_unchanged': True}, {'factor': -0.5, 'max_KE_change_difference_J': 344.1738154848572, 'max_momentum_change_difference_Ns': 1.7470792937306145, 'max_C0_RKE_difference_J': 0.00024790955030999044, 'no_acceptance_credit': True, 'ledger_unchanged': True}, {'factor': 0.5, 'max_KE_change_difference_J': 166.60647936561145, 'max_momentum_change_difference_Ns': 0.8511554930495219, 'max_C0_RKE_difference_J': 7.291991910449646e-08, 'no_acceptance_credit': True, 'ledger_unchanged': True}]}
{'case': {'id': 'DKT7_L1', 'witness': False, 'contact': True, 'contact_type': 7, 'simple': False, 'fine': True, 'refinement_levels': 1, 'Istf': 4, 'Ish3n': 30, 'dt_scale': 0.05, 'end_ms': 0.4}, 'failed_checks': ['energy_local', 'independent_translation_KE_change'], 'final_impulse_Ns': [-26.93775, -4.603719, 1.542165e-15], 'final_generated_J': 2469.7519843140003, 'final_energy_residual_J': np.float64(-1228.4680156860268), 'timing_candidates': [{'factor': 0, 'max_KE_change_difference_J': 37.09999999997672, 'max_momentum_change_difference_Ns': 0.18712629425039726, 'max_C0_RKE_difference_J': 0.0026190222536403573, 'no_acceptance_credit': True, 'ledger_unchanged': True}, {'factor': -0.5, 'max_KE_change_difference_J': 53.09030177490786, 'max_momentum_change_difference_Ns': 0.26758620863847515, 'max_C0_RKE_difference_J': 0.005138967085334872, 'no_acceptance_credit': True, 'ledger_unchanged': True}, {'factor': 0.5, 'max_KE_change_difference_J': 21.18458168313373, 'max_momentum_change_difference_Ns': 0.10666640950466012, 'max_C0_RKE_difference_J': 0.00038399552517820457, 'no_acceptance_credit': True, 'ledger_unchanged': True}]}
{'case': {'id': 'DKT7_L2', 'witness': False, 'contact': True, 'contact_type': 7, 'simple': False, 'fine': True, 'refinement_levels': 2, 'Istf': 4, 'Ish3n': 30, 'dt_scale': 0.05, 'end_ms': 0.4}, 'failed_checks': ['energy_local'], 'final_impulse_Ns': [-14.36547, -3.021728, -3.816917e-15], 'final_generated_J': 1836.6134825, 'final_energy_residual_J': np.float64(-263.4625175000401), 'timing_candidates': [{'factor': 0, 'max_KE_change_difference_J': 3.5749141187407076, 'max_momentum_change_difference_Ns': 0.031884813245595486, 'max_C0_RKE_difference_J': 0.06181319971549293, 'no_acceptance_credit': True, 'ledger_unchanged': True}, {'factor': -0.5, 'max_KE_change_difference_J': 7.080174759612419, 'max_momentum_change_difference_Ns': 0.06373817069775792, 'max_C0_RKE_difference_J': 0.12352878566136027, 'no_acceptance_credit': True, 'ledger_unchanged': True}, {'factor': 0.5, 'max_KE_change_difference_J': 0.7375990874134004, 'max_momentum_change_difference_Ns': 0.0036799883509957, 'max_C0_RKE_difference_J': 0.001379363765836139, 'no_acceptance_credit': True, 'ledger_unchanged': True}]}
{'iteration': 'AIRCRAFT-A13', 'created_utc': '2026-10-08T08:34:04.198300+00:00', 'rejected_cases': [], 'integrity_only_pass': True, 'main_engine_jobs': 13, 'observer_jobs': 13, 'native_wall_seconds': 170.5303879000012, 'old_solver_reruns': 0, 'local_energy_qualified': False, 'spatial_convergence_qualified': False, 'dynamic_RKE_qualified': False, 'physical_impact_qualified': False, 'whole_aircraft_extension_allowed': False, 'seconds_impact_calculated': False, 'parallel_Boeing_module_integrated': False, 'earlier_incomplete_aggregate_retained': 'authoritative_review.json; produced while solver campaign continued, superseded by campaign_review.json; not used in state or registry'}
[
  {
    "files": [
      "wtc1_simulation_v8/output/aircraft_a13/r0/T25_L0/authoritative_main_history_SI.npz",
      "wtc1_simulation_v8/output/aircraft_a13/r0/T25_L1/authoritative_main_history_SI.npz"
    ],
    "type": "mesh",
    "common_time_ms": 0.3986897,
    "impulses_Ns": [
      [
        -28.46764,
        -1.26529e-14,
        -2.0166169999999998e-15
      ],
      [
        -23.742855253351205,
        -3.2529080000000002e-15,
        -1.751738e-16
      ]
    ],
    "generated_J": [
      4713.186018,
      3434.585986781501
    ],
    "impulse_difference_fraction": 0.1659703700991299,
    "generated_difference_fraction": 0.27128146997284486,
    "declared_acceptance": true,
    "impulse_pass": false,
    "generated_pass": false
  },
  {
    "files": [
      "wtc1_simulation_v8/output/aircraft_a13/r0/T25_L1/authoritative_main_history_SI.npz",
      "wtc1_simulation_v8/output/aircraft_a13/r0/T25_L2/authoritative_main_history_SI.npz"
    ],
    "type": "mesh",
    "common_time_ms": 0.3995792,
    "impulses_Ns": [
      [
        -23.9491229544236,
        -3.2529080000000002e-15,
        -1.751738e-16
      ],
      [
        -16.89144,
        -6.688457e-15,
        2.308372e-15
      ]
    ],
    "generated_J": [
      3467.161234820377,
      2944.8357
    ],
    "impulse_difference_fraction": 0.29469483988431355,
    "generated_difference_fraction": 0.1506493351317817,
    "declared_acceptance": true,
    "impulse_pass": false,
    "generated_pass": false
  },
  {
    "files": [
      "wtc1_simulation_v8/output/aircraft_a13/r0/T25_L2/authoritative_main_history_SI.npz",
      "wtc1_simulation_v8/output/aircraft_a13/r0/T25_L3/authoritative_main_history_SI.npz"
    ],
    "type": "mesh",
    "common_time_ms": 0.3995792,
    "impulses_Ns": [
      [
        -16.89144,
        -6.688457e-15,
        2.308372e-15
      ],
      [
        -12.916248872644003,
        -6.839517e-15,
        -6.132333e-16
      ]
    ],
    "generated_J": [
      2944.8357,
      1817.0540880923022
    ],
    "impulse_difference_fraction": 0.23533761049123086,
    "generated_difference_fraction": 0.3829692814127789,
    "declared_acceptance": true,
    "impulse_pass": false,
    "generated_pass": false
  },
  {
    "files": [
      "wtc1_simulation_v8/output/aircraft_a13/r0/DKT7_L0/authoritative_main_history_SI.npz",
      "wtc1_simulation_v8/output/aircraft_a13/r0/DKT7_L1/authoritative_main_history_SI.npz"
    ],
    "type": "mesh",
    "common_time_ms": 0.3996308,
    "impulses_Ns": [
      [
        -95.59475,
        -10.28046,
        -8.887976e-14
      ],
      [
        -26.93586220388922,
        -4.603719,
        1.5403782812315851e-15
      ]
    ],
    "generated_J": [
      3624.408499041,
      2458.2504325586183
    ],
    "impulse_difference_fraction": 0.7165477499128705,
    "generated_difference_fraction": 0.32175127797844566,
    "declared_acceptance": true,
    "impulse_pass": false,
    "generated_pass": false
  },
  {
    "files": [
      "wtc1_simulation_v8/output/aircraft_a13/r0/DKT7_L1/authoritative_main_history_SI.npz",
      "wtc1_simulation_v8/output/aircraft_a13/r0/DKT7_L2/authoritative_main_history_SI.npz"
    ],
    "type": "mesh",
    "common_time_ms": 0.3996044,
    "impulses_Ns": [
      [
        -26.935477949322333,
        -4.603719,
        1.5400146006187392e-15
      ],
      [
        -14.36547,
        -3.021728,
        -3.816917e-15
      ]
    ],
    "generated_J": [
      2457.8723532854306,
      1829.65066
    ],
    "impulse_difference_fraction": 0.4636292841061659,
    "generated_difference_fraction": 0.2555957360624072,
    "declared_acceptance": true,
    "impulse_pass": false,
    "generated_pass": false
  },
  {
    "files": [
      "wtc1_simulation_v8/output/aircraft_a13/r0/T25_L2/authoritative_main_history_SI.npz",
      "wtc1_simulation_v8/output/aircraft_a13/r0/T25_L2_HALF/authoritative_main_history_SI.npz"
    ],
    "type": "half_dt",
    "common_time_ms": 0.3995774,
    "impulses_Ns": [
      [
        -16.89113830580714,
        -6.688457e-15,
        2.308372e-15
      ],
      [
        -16.87547,
        -5.343833e-15,
        -1.540067e-15
      ]
    ],
    "generated_J": [
      2944.7863831646246,
      2944.7317000000003
    ],
    "impulse_difference_fraction": 0.0009276050863755388,
    "generated_difference_fraction": 1.8569484339141816e-05,
    "declared_acceptance": true,
    "impulse_pass": true,
    "generated_pass": true
  },
  {
    "cases": [
      "W7_DT050",
      "W7_DT025"
    ],
    "type": "witness_half_dt",
    "common_time_ms": 0.01995225,
    "impulse_difference_fraction": 0.0027803199026223313,
    "energy_residual_change_fraction_initial": 0.0030851461330935093,
    "declared_acceptance": true,
    "impulse_pass": true,
    "energy_pass": true
  },
  {
    "cases": [
      "W25_DT050",
      "W25_DT025"
    ],
    "type": "witness_half_dt",
    "common_time_ms": 0.01988606,
    "impulse_difference_fraction": 0.000639725421223641,
    "energy_residual_change_fraction_initial": 0.0002795483363311687,
    "declared_acceptance": true,
    "impulse_pass": true,
    "energy_pass": true
  },
  {
    "files": [
      "wtc1_simulation_v8/output/aircraft_a12/r1/SAND_HALF/authoritative_main_history_SI.npz",
      "wtc1_simulation_v8/output/aircraft_a13/r0/T25_L0/authoritative_main_history_SI.npz"
    ],
    "type": "algorithm_diagnostic",
    "common_time_ms": 0.3986897,
    "impulses_Ns": [
      [
        -98.61579389399999,
        -10.3619,
        1.2582521618000002e-13
      ],
      [
        -28.46764,
        -1.26529e-14,
        -2.0166169999999998e-15
      ]
    ],
    "generated_J": [
      8346.159421435998,
      4713.186018
    ],
    "impulse_difference_fraction": 0.7151096184259534,
    "generated_difference_fraction": 0.4352868451212649,
    "declared_acceptance": false,
    "impulse_pass": null,
    "generated_pass": null
  },
  {
    "files": [
      "wtc1_simulation_v8/output/aircraft_a12/r1/SAND_FINE/authoritative_main_history_SI.npz",
      "wtc1_simulation_v8/output/aircraft_a13/r0/T25_L1/authoritative_main_history_SI.npz"
    ],
    "type": "algorithm_diagnostic",
    "common_time_ms": 0.399786,
    "impulses_Ns": [
      [
        -55.96750999999999,
        -6.199484476190475,
        -6.551153428571434e-14
      ],
      [
        -23.9971,
        -3.2529080000000002e-15,
        -1.751738e-16
      ]
    ],
    "generated_J": [
      6466.487585714282,
      3474.7537
    ],
    "impulse_difference_fraction": 0.5783350836057276,
    "generated_difference_fraction": 0.462652072869296,
    "declared_acceptance": false,
    "impulse_pass": null,
    "generated_pass": null
  },
  {
    "files": [
      "wtc1_simulation_v8/output/aircraft_a12/r1/SAND_FINE2/authoritative_main_history_SI.npz",
      "wtc1_simulation_v8/output/aircraft_a13/r0/T25_L2/authoritative_main_history_SI.npz"
    ],
    "type": "algorithm_diagnostic",
    "common_time_ms": 0.3995792,
    "impulses_Ns": [
      [
        -32.00751911634524,
        -4.915925597059754,
        -8.406840723522002e-15
      ],
      [
        -16.89144,
        -6.688457e-15,
        2.308372e-15
      ]
    ],
    "generated_J": [
      4316.242033433449,
      2944.8357
    ],
    "impulse_difference_fraction": 0.49085738382917554,
    "generated_difference_fraction": 0.3177315643586683,
    "declared_acceptance": false,
    "impulse_pass": null,
    "generated_pass": null
  },
  {
    "files": [
      "wtc1_simulation_v8/output/aircraft_a12/r1/SAND_FINE3/authoritative_main_history_SI.npz",
      "wtc1_simulation_v8/output/aircraft_a13/r0/T25_L3/authoritative_main_history_SI.npz"
    ],
    "type": "algorithm_diagnostic",
    "common_time_ms": 0.399599,
    "impulses_Ns": [
      [
        -17.711240000000004,
        -3.606268,
        -5.803196e-15
      ],
      [
        -12.918428023604012,
        -6.839517e-15,
        -6.132333e-16
      ]
    ],
    "generated_J": [
      2058.11367,
      1817.3176753743169
    ],
    "impulse_difference_fraction": 0.33184684774028467,
    "generated_difference_fraction": 0.1169983942751244,
    "declared_acceptance": false,
    "impulse_pass": null,
    "generated_pass": null
  },
  {
    "files": [
      "wtc1_simulation_v8/output/aircraft_a12/r1/SAND_HALF/authoritative_main_history_SI.npz",
      "wtc1_simulation_v8/output/aircraft_a13/r0/DKT7_L0/authoritative_main_history_SI.npz"
    ],
    "type": "algorithm_diagnostic",
    "common_time_ms": 0.3996308,
    "impulses_Ns": [
      [
        -98.67572126644234,
        -10.3619,
        1.2579876671765066e-13
      ],
      [
        -95.59475,
        -10.28046,
        -8.887976e-14
      ]
    ],
    "generated_J": [
      8416.985919234221,
      3624.408499041
    ],
    "impulse_difference_fraction": 0.031063302673160112,
    "generated_difference_fraction": 0.5693935413675077,
    "declared_acceptance": false,
    "impulse_pass": null,
    "generated_pass": null
  },
  {
    "files": [
      "wtc1_simulation_v8/output/aircraft_a12/r1/SAND_FINE/authoritative_main_history_SI.npz",
      "wtc1_simulation_v8/output/aircraft_a13/r0/DKT7_L1/authoritative_main_history_SI.npz"
    ],
    "type": "algorithm_diagnostic",
    "common_time_ms": 0.3997605,
    "impulses_Ns": [
      [
        -55.96112614583333,
        -6.198672970734127,
        -6.554035839285715e-14
      ],
      [
        -26.93775,
        -4.603719,
        1.542165e-15
      ]
    ],
    "generated_J": [
      6464.647145982142,
      2460.1078902000004
    ],
    "impulse_difference_fraction": 0.5162596821254496,
    "generated_difference_fraction": 0.6194521008421956,
    "declared_acceptance": false,
    "impulse_pass": null,
    "generated_pass": null
  },
  {
    "files": [
      "wtc1_simulation_v8/output/aircraft_a12/r1/SAND_FINE2/authoritative_main_history_SI.npz",
      "wtc1_simulation_v8/output/aircraft_a13/r0/DKT7_L2/authoritative_main_history_SI.npz"
    ],
    "type": "algorithm_diagnostic",
    "common_time_ms": 0.3996044,
    "impulses_Ns": [
      [
        -32.01378326430604,
        -4.916384622668353,
        -8.471586518653212e-15
      ],
      [
        -14.36547,
        -3.021728,
        -3.816917e-15
      ]
    ],
    "generated_J": [
      4316.889190625989,
      1829.65066
    ],
    "impulse_difference_fraction": 0.5480155035403079,
    "generated_difference_fraction": 0.5761645529440417,
    "declared_acceptance": false,
    "impulse_pass": null,
    "generated_pass": null
  }
]
