************************************************************************
**                                                                    **
**                                                                    **
**                         OpenRadioss Engine                         **
**                                                                    **
**            Non-linear Finite Element Analysis Software             **
**                                                                    **
**                                                                    **
**                                                                    **
**                  Windows 64 bits, Intel compiler                   **
**                      Double Precision Version                      **
**                                                                    **
**                                                                    **
**                                                                    **
************************************************************************
** OpenRadioss Software                                               **
** COPYRIGHT (C) 2026 Siemens                                         **
** Licensed under GNU Affero General Public License.                  **
** See License file.                                                  **
************************************************************************
 
 ROOT: I02G_G30_H508_A0_R1  RESTART: 0001
 NUMBER OF HMPP PROCESSES     1
 14/09/2026
 NC=       0 T= 0.0000E+00 DT= 5.6499E-04 ERR=  0.0% DM/M= 0.0000E+00
     ANIMATION FILE: I02G_G30_H508_A0_R1A001 WRITTEN
 NC=     100 T= 5.6499E-02 DT= 5.6499E-04 ERR=  0.1% DM/M= 0.0000E+00
 ELAPSED TIME=          0.09 s  REMAINING TIME=         31.71 s
 NC=     200 T= 1.1300E-01 DT= 5.6499E-04 ERR=  0.0% DM/M= 0.0000E+00
 ELAPSED TIME=          0.14 s  REMAINING TIME=         24.87 s
 NC=     300 T= 1.6950E-01 DT= 5.6499E-04 ERR=  0.0% DM/M= 0.0000E+00
 ELAPSED TIME=          0.19 s  REMAINING TIME=         22.25 s
 NC=     400 T= 2.2600E-01 DT= 5.6499E-04 ERR= -0.0% DM/M= 0.0000E+00
 ELAPSED TIME=          0.24 s  REMAINING TIME=         20.86 s
 NC=     500 T= 2.8249E-01 DT= 5.6499E-04 ERR= -0.0% DM/M= 0.0000E+00
 ELAPSED TIME=          0.29 s  REMAINING TIME=         20.17 s
 NC=     600 T= 3.3899E-01 DT= 5.6499E-04 ERR= -0.0% DM/M= 0.0000E+00
 ELAPSED TIME=          0.34 s  REMAINING TIME=         19.68 s
 NC=     700 T= 3.9549E-01 DT= 5.6499E-04 ERR= -0.0% DM/M= 0.0000E+00
 ELAPSED TIME=          0.39 s  REMAINING TIME=         19.20 s
 NC=     800 T= 4.5199E-01 DT= 5.6499E-04 ERR= -0.0% DM/M= 0.0000E+00
 ELAPSED TIME=          0.44 s  REMAINING TIME=         18.94 s
 NC=     900 T= 5.0849E-01 DT= 5.6499E-04 ERR= -0.0% DM/M= 0.0000E+00
 ELAPSED TIME=          0.49 s  REMAINING TIME=         18.64 s
 NC=    1000 T= 5.6499E-01 DT= 5.6499E-04 ERR= -0.0% DM/M= 0.0000E+00
 ELAPSED TIME=          0.54 s  REMAINING TIME=         18.46 s
 NC=    1100 T= 6.2149E-01 DT= 5.6499E-04 ERR= -0.0% DM/M= 0.0000E+00
 ELAPSED TIME=          0.59 s  REMAINING TIME=         18.26 s
 NC=    1200 T= 6.7799E-01 DT= 5.6499E-04 ERR= -0.0% DM/M= 0.0000E+00
 ELAPSED TIME=          0.63 s  REMAINING TIME=         18.06 s
 NC=    1300 T= 7.3449E-01 DT= 5.6499E-04 ERR= -0.0% DM/M= 0.0000E+00
 ELAPSED TIME=          0.68 s  REMAINING TIME=         17.87 s
 NC=    1400 T= 7.9099E-01 DT= 5.6499E-04 ERR= -0.0% DM/M= 0.0000E+00
 ELAPSED TIME=          0.73 s  REMAINING TIME=         17.78 s
 NC=    1500 T= 8.4749E-01 DT= 5.6499E-04 ERR= -0.0% DM/M= 0.0000E+00
 ELAPSED TIME=          0.78 s  REMAINING TIME=         17.63 s
 NC=    1600 T= 9.0398E-01 DT= 5.6499E-04 ERR= -0.0% DM/M= 0.0000E+00
 ELAPSED TIME=          0.83 s  REMAINING TIME=         17.53 s
 NC=    1700 T= 9.6048E-01 DT= 5.6499E-04 ERR= -0.0% DM/M= 0.0000E+00
 ELAPSED TIME=          0.88 s  REMAINING TIME=         17.40 s
     ANIMATION FILE: I02G_G30_H508_A0_R1A002 WRITTEN
 NC=    1800 T= 1.0170E+00 DT= 5.6499E-04 ERR= -0.0% DM/M= 0.0000E+00
 ELAPSED TIME=          0.93 s  REMAINING TIME=         17.35 s
 NC=    1900 T= 1.0735E+00 DT= 5.6499E-04 ERR= -0.0% DM/M= 0.0000E+00
 ELAPSED TIME=          0.98 s  REMAINING TIME=         17.26 s
 NC=    2000 T= 1.1300E+00 DT= 5.6499E-04 ERR= -0.0% DM/M= 0.0000E+00
 ELAPSED TIME=          1.03 s  REMAINING TIME=         17.17 s
 NC=    2100 T= 1.1865E+00 DT= 5.6499E-04 ERR= -0.0% DM/M= 0.0000E+00
 ELAPSED TIME=          1.08 s  REMAINING TIME=         17.06 s
 NC=    2200 T= 1.2430E+00 DT= 5.6499E-04 ERR= -0.0% DM/M= 0.0000E+00
 ELAPSED TIME=          1.13 s  REMAINING TIME=         16.98 s
 NC=    2300 T= 1.2995E+00 DT= 5.6499E-04 ERR= -0.0% DM/M= 0.0000E+00
 ELAPSED TIME=          1.17 s  REMAINING TIME=         16.89 s
 NC=    2400 T= 1.3560E+00 DT= 5.6499E-04 ERR= -0.0% DM/M= 0.0000E+00
 ELAPSED TIME=          1.22 s  REMAINING TIME=         16.81 s
 NC=    2500 T= 1.4125E+00 DT= 5.6500E-04 ERR= -0.0% DM/M= 0.0000E+00
 ELAPSED TIME=          1.27 s  REMAINING TIME=         16.72 s
 NC=    2600 T= 1.4690E+00 DT= 5.6500E-04 ERR= -0.0% DM/M= 0.0000E+00
 ELAPSED TIME=          1.32 s  REMAINING TIME=         16.63 s
 NC=    2700 T= 1.5255E+00 DT= 5.6500E-04 ERR= -0.0% DM/M= 0.0000E+00
 ELAPSED TIME=          1.37 s  REMAINING TIME=         16.59 s
 NC=    2800 T= 1.5820E+00 DT= 5.6500E-04 ERR= -0.0% DM/M= 0.0000E+00
 ELAPSED TIME=          1.42 s  REMAINING TIME=         16.51 s
 NC=    2900 T= 1.6385E+00 DT= 5.6500E-04 ERR= -0.0% DM/M= 0.0000E+00
 ELAPSED TIME=          1.47 s  REMAINING TIME=         16.44 s
 NC=    3000 T= 1.6950E+00 DT= 5.6500E-04 ERR= -0.0% DM/M= 0.0000E+00
 ELAPSED TIME=          1.52 s  REMAINING TIME=         16.36 s
 NC=    3100 T= 1.7515E+00 DT= 5.6500E-04 ERR= -0.0% DM/M= 0.0000E+00
 ELAPSED TIME=          1.56 s  REMAINING TIME=         16.29 s
 NC=    3200 T= 1.8080E+00 DT= 5.6500E-04 ERR= -0.0% DM/M= 0.0000E+00
 ELAPSED TIME=          1.61 s  REMAINING TIME=         16.23 s
 NC=    3300 T= 1.8645E+00 DT= 5.6500E-04 ERR= -0.0% DM/M= 0.0000E+00
 ELAPSED TIME=          1.66 s  REMAINING TIME=         16.15 s
 NC=    3400 T= 1.9210E+00 DT= 5.6500E-04 ERR= -0.0% DM/M= 0.0000E+00
 ELAPSED TIME=          1.71 s  REMAINING TIME=         16.08 s
 NC=    3500 T= 1.9775E+00 DT= 5.6500E-04 ERR= -0.0% DM/M= 0.0000E+00
 ELAPSED TIME=          1.76 s  REMAINING TIME=         16.02 s
     ANIMATION FILE: I02G_G30_H508_A0_R1A003 WRITTEN
 NC=    3600 T= 2.0340E+00 DT= 5.6500E-04 ERR= -0.0% DM/M= 0.0000E+00
 ELAPSED TIME=          1.81 s  REMAINING TIME=         15.97 s
 NC=    3700 T= 2.0905E+00 DT= 5.6500E-04 ERR= -0.0% DM/M= 0.0000E+00
 ELAPSED TIME=          1.86 s  REMAINING TIME=         15.91 s
 NC=    3800 T= 2.1470E+00 DT= 5.6500E-04 ERR= -0.0% DM/M= 0.0000E+00
 ELAPSED TIME=          1.91 s  REMAINING TIME=         15.85 s
 NC=    3900 T= 2.2035E+00 DT= 5.6500E-04 ERR= -0.0% DM/M= 0.0000E+00
 ELAPSED TIME=          1.96 s  REMAINING TIME=         15.79 s
 NC=    4000 T= 2.2600E+00 DT= 5.6500E-04 ERR= -0.0% DM/M= 0.0000E+00
 ELAPSED TIME=          2.00 s  REMAINING TIME=         15.73 s
 NC=    4100 T= 2.3165E+00 DT= 5.6500E-04 ERR= -0.0% DM/M= 0.0000E+00
 ELAPSED TIME=          2.05 s  REMAINING TIME=         15.66 s
 NC=    4200 T= 2.3730E+00 DT= 5.6501E-04 ERR= -0.0% DM/M= 0.0000E+00
 ELAPSED TIME=          2.10 s  REMAINING TIME=         15.60 s
 NC=    4300 T= 2.4295E+00 DT= 5.6501E-04 ERR= -0.0% DM/M= 0.0000E+00
 ELAPSED TIME=          2.15 s  REMAINING TIME=         15.54 s
 NC=    4400 T= 2.4860E+00 DT= 5.6501E-04 ERR= -0.0% DM/M= 0.0000E+00
 ELAPSED TIME=          2.20 s  REMAINING TIME=         15.48 s
 NC=    4500 T= 2.5425E+00 DT= 5.6501E-04 ERR= -0.0% DM/M= 0.0000E+00
 ELAPSED TIME=          2.25 s  REMAINING TIME=         15.42 s
 NC=    4600 T= 2.5990E+00 DT= 5.6501E-04 ERR= -0.0% DM/M= 0.0000E+00
 ELAPSED TIME=          2.29 s  REMAINING TIME=         15.36 s
 NC=    4700 T= 2.6555E+00 DT= 5.6501E-04 ERR= -0.0% DM/M= 0.0000E+00
 ELAPSED TIME=          2.34 s  REMAINING TIME=         15.31 s
 NC=    4800 T= 2.7120E+00 DT= 5.6501E-04 ERR= -0.0% DM/M= 0.0000E+00
 ELAPSED TIME=          2.39 s  REMAINING TIME=         15.25 s
 NC=    4900 T= 2.7685E+00 DT= 5.6501E-04 ERR= -0.0% DM/M= 0.0000E+00
 ELAPSED TIME=          2.44 s  REMAINING TIME=         15.18 s
 NC=    5000 T= 2.8250E+00 DT= 5.6501E-04 ERR= -0.0% DM/M= 0.0000E+00
 ELAPSED TIME=          2.49 s  REMAINING TIME=         15.12 s
 NC=    5100 T= 2.8815E+00 DT= 5.6501E-04 ERR= -0.0% DM/M= 0.0000E+00
 ELAPSED TIME=          2.54 s  REMAINING TIME=         15.07 s
 NC=    5200 T= 2.9380E+00 DT= 5.6501E-04 ERR= -0.0% DM/M= 0.0000E+00
 ELAPSED TIME=          2.58 s  REMAINING TIME=         15.01 s
 NC=    5300 T= 2.9945E+00 DT= 5.6501E-04 ERR= -0.0% DM/M= 0.0000E+00
 ELAPSED TIME=          2.63 s  REMAINING TIME=         14.95 s
     ANIMATION FILE: I02G_G30_H508_A0_R1A004 WRITTEN
 NC=    5400 T= 3.0510E+00 DT= 5.6502E-04 ERR= -0.0% DM/M= 0.0000E+00
 ELAPSED TIME=          2.68 s  REMAINING TIME=         14.90 s
 NC=    5500 T= 3.1075E+00 DT= 5.6502E-04 ERR= -0.0% DM/M= 0.0000E+00
 ELAPSED TIME=          2.73 s  REMAINING TIME=         14.85 s
 NC=    5600 T= 3.1640E+00 DT= 5.6502E-04 ERR= -0.0% DM/M= 0.0000E+00
 ELAPSED TIME=          2.78 s  REMAINING TIME=         14.79 s
 NC=    5700 T= 3.2205E+00 DT= 5.6502E-04 ERR= -0.0% DM/M= 0.0000E+00
 ELAPSED TIME=          2.83 s  REMAINING TIME=         14.73 s
 NC=    5800 T= 3.2770E+00 DT= 5.6502E-04 ERR= -0.0% DM/M= 0.0000E+00
 ELAPSED TIME=          2.88 s  REMAINING TIME=         14.68 s
 NC=    5900 T= 3.3335E+00 DT= 5.6502E-04 ERR= -0.0% DM/M= 0.0000E+00
 ELAPSED TIME=          2.92 s  REMAINING TIME=         14.62 s
 NC=    6000 T= 3.3900E+00 DT= 5.6502E-04 ERR= -0.0% DM/M= 0.0000E+00
 ELAPSED TIME=          2.97 s  REMAINING TIME=         14.57 s
 NC=    6100 T= 3.4465E+00 DT= 5.6502E-04 ERR= -0.0% DM/M= 0.0000E+00
 ELAPSED TIME=          3.02 s  REMAINING TIME=         14.51 s
 NC=    6200 T= 3.5030E+00 DT= 5.6502E-04 ERR= -0.0% DM/M= 0.0000E+00
 ELAPSED TIME=          3.07 s  REMAINING TIME=         14.45 s
 NC=    6300 T= 3.5595E+00 DT= 5.6502E-04 ERR= -0.0% DM/M= 0.0000E+00
 ELAPSED TIME=          3.11 s  REMAINING TIME=         14.38 s
 NC=    6400 T= 3.6160E+00 DT= 5.6503E-04 ERR= -0.0% DM/M= 0.0000E+00
 ELAPSED TIME=          3.16 s  REMAINING TIME=         14.33 s
 NC=    6500 T= 3.6725E+00 DT= 5.6503E-04 ERR= -0.0% DM/M= 0.0000E+00
 ELAPSED TIME=          3.21 s  REMAINING TIME=         14.27 s
 NC=    6600 T= 3.7290E+00 DT= 5.6503E-04 ERR= -0.0% DM/M= 0.0000E+00
 ELAPSED TIME=          3.26 s  REMAINING TIME=         14.21 s
 NC=    6700 T= 3.7855E+00 DT= 5.6503E-04 ERR= -0.0% DM/M= 0.0000E+00
 ELAPSED TIME=          3.30 s  REMAINING TIME=         14.15 s
 NC=    6800 T= 3.8420E+00 DT= 5.6503E-04 ERR= -0.0% DM/M= 0.0000E+00
 ELAPSED TIME=          3.35 s  REMAINING TIME=         14.09 s
 NC=    6900 T= 3.8985E+00 DT= 5.6503E-04 ERR= -0.0% DM/M= 0.0000E+00
 ELAPSED TIME=          3.40 s  REMAINING TIME=         14.03 s
 NC=    7000 T= 3.9550E+00 DT= 5.6503E-04 ERR= -0.0% DM/M= 0.0000E+00
 ELAPSED TIME=          3.44 s  REMAINING TIME=         13.97 s
     ANIMATION FILE: I02G_G30_H508_A0_R1A005 WRITTEN
 NC=    7100 T= 4.0115E+00 DT= 5.6503E-04 ERR= -0.0% DM/M= 0.0000E+00
 ELAPSED TIME=          3.49 s  REMAINING TIME=         13.92 s
 NC=    7200 T= 4.0680E+00 DT= 5.6503E-04 ERR= -0.0% DM/M= 0.0000E+00
 ELAPSED TIME=          3.54 s  REMAINING TIME=         13.86 s
 NC=    7300 T= 4.1245E+00 DT= 5.6504E-04 ERR= -0.0% DM/M= 0.0000E+00
 ELAPSED TIME=          3.59 s  REMAINING TIME=         13.81 s
 NC=    7400 T= 4.1810E+00 DT= 5.6504E-04 ERR= -0.0% DM/M= 0.0000E+00
 ELAPSED TIME=          3.63 s  REMAINING TIME=         13.75 s
 NC=    7500 T= 4.2375E+00 DT= 5.6504E-04 ERR= -0.0% DM/M= 0.0000E+00
 ELAPSED TIME=          3.68 s  REMAINING TIME=         13.69 s
 NC=    7600 T= 4.2940E+00 DT= 5.6504E-04 ERR= -0.0% DM/M= 0.0000E+00
 ELAPSED TIME=          3.73 s  REMAINING TIME=         13.63 s
 NC=    7700 T= 4.3506E+00 DT= 5.6504E-04 ERR= -0.0% DM/M= 0.0000E+00
 ELAPSED TIME=          3.77 s  REMAINING TIME=         13.58 s
 NC=    7800 T= 4.4071E+00 DT= 5.6504E-04 ERR= -0.0% DM/M= 0.0000E+00
 ELAPSED TIME=          3.82 s  REMAINING TIME=         13.52 s
 NC=    7900 T= 4.4636E+00 DT= 5.6504E-04 ERR= -0.0% DM/M= 0.0000E+00
 ELAPSED TIME=          3.87 s  REMAINING TIME=         13.47 s
 NC=    8000 T= 4.5201E+00 DT= 5.6504E-04 ERR= -0.0% DM/M= 0.0000E+00
 ELAPSED TIME=          3.92 s  REMAINING TIME=         13.41 s
 NC=    8100 T= 4.5766E+00 DT= 5.6504E-04 ERR= -0.0% DM/M= 0.0000E+00
 ELAPSED TIME=          3.96 s  REMAINING TIME=         13.36 s
 NC=    8200 T= 4.6331E+00 DT= 5.6505E-04 ERR= -0.0% DM/M= 0.0000E+00
 ELAPSED TIME=          4.01 s  REMAINING TIME=         13.30 s
 NC=    8300 T= 4.6896E+00 DT= 5.6505E-04 ERR= -0.0% DM/M= 0.0000E+00
 ELAPSED TIME=          4.06 s  REMAINING TIME=         13.24 s
 NC=    8400 T= 4.7461E+00 DT= 5.6505E-04 ERR= -0.0% DM/M= 0.0000E+00
 ELAPSED TIME=          4.10 s  REMAINING TIME=         13.19 s
 NC=    8500 T= 4.8026E+00 DT= 5.6505E-04 ERR= -0.0% DM/M= 0.0000E+00
 ELAPSED TIME=          4.15 s  REMAINING TIME=         13.13 s
 NC=    8600 T= 4.8591E+00 DT= 5.6505E-04 ERR= -0.0% DM/M= 0.0000E+00
 ELAPSED TIME=          4.20 s  REMAINING TIME=         13.08 s
 NC=    8700 T= 4.9156E+00 DT= 5.6505E-04 ERR= -0.0% DM/M= 0.0000E+00
 ELAPSED TIME=          4.24 s  REMAINING TIME=         13.03 s
 NC=    8800 T= 4.9721E+00 DT= 5.6505E-04 ERR= -0.0% DM/M= 0.0000E+00
 ELAPSED TIME=          4.29 s  REMAINING TIME=         12.97 s
     ANIMATION FILE: I02G_G30_H508_A0_R1A006 WRITTEN
 NC=    8900 T= 5.0286E+00 DT= 5.6505E-04 ERR= -0.0% DM/M= 0.0000E+00
 ELAPSED TIME=          4.34 s  REMAINING TIME=         12.93 s
 NC=    9000 T= 5.0851E+00 DT= 5.6506E-04 ERR= -0.0% DM/M= 0.0000E+00
 ELAPSED TIME=          4.39 s  REMAINING TIME=         12.88 s
 NC=    9100 T= 5.1416E+00 DT= 5.6506E-04 ERR= -0.0% DM/M= 0.0000E+00
 ELAPSED TIME=          4.44 s  REMAINING TIME=         12.82 s
 NC=    9200 T= 5.1981E+00 DT= 5.6506E-04 ERR= -0.0% DM/M= 0.0000E+00
 ELAPSED TIME=          4.48 s  REMAINING TIME=         12.77 s
 NC=    9300 T= 5.2546E+00 DT= 5.6506E-04 ERR= -0.0% DM/M= 0.0000E+00
 ELAPSED TIME=          4.53 s  REMAINING TIME=         12.72 s
 NC=    9400 T= 5.3111E+00 DT= 5.6506E-04 ERR= -0.0% DM/M= 0.0000E+00
 ELAPSED TIME=          4.58 s  REMAINING TIME=         12.66 s
 NC=    9500 T= 5.3676E+00 DT= 5.6506E-04 ERR= -0.0% DM/M= 0.0000E+00
 ELAPSED TIME=          4.63 s  REMAINING TIME=         12.61 s
 NC=    9600 T= 5.4242E+00 DT= 5.6506E-04 ERR= -0.0% DM/M= 0.0000E+00
 ELAPSED TIME=          4.67 s  REMAINING TIME=         12.56 s
 NC=    9700 T= 5.4807E+00 DT= 5.6507E-04 ERR= -0.0% DM/M= 0.0000E+00
 ELAPSED TIME=          4.72 s  REMAINING TIME=         12.51 s
 NC=    9800 T= 5.5372E+00 DT= 5.6507E-04 ERR= -0.0% DM/M= 0.0000E+00
 ELAPSED TIME=          4.77 s  REMAINING TIME=         12.46 s
 NC=    9900 T= 5.5937E+00 DT= 5.6507E-04 ERR= -0.0% DM/M= 0.0000E+00
 ELAPSED TIME=          4.82 s  REMAINING TIME=         12.40 s
 NC=   10000 T= 5.6502E+00 DT= 5.6507E-04 ERR= -0.0% DM/M= 0.0000E+00
 ELAPSED TIME=          4.86 s  REMAINING TIME=         12.35 s
 NC=   10100 T= 5.7067E+00 DT= 5.6507E-04 ERR= -0.0% DM/M= 0.0000E+00
 ELAPSED TIME=          4.91 s  REMAINING TIME=         12.30 s
 NC=   10200 T= 5.7632E+00 DT= 5.6507E-04 ERR= -0.0% DM/M= 0.0000E+00
 ELAPSED TIME=          4.96 s  REMAINING TIME=         12.25 s
 NC=   10300 T= 5.8197E+00 DT= 5.6507E-04 ERR= -0.0% DM/M= 0.0000E+00
 ELAPSED TIME=          5.00 s  REMAINING TIME=         12.19 s
 NC=   10400 T= 5.8762E+00 DT= 5.6508E-04 ERR= -0.0% DM/M= 0.0000E+00
 ELAPSED TIME=          5.05 s  REMAINING TIME=         12.14 s
 NC=   10500 T= 5.9327E+00 DT= 5.6508E-04 ERR= -0.0% DM/M= 0.0000E+00
 ELAPSED TIME=          5.10 s  REMAINING TIME=         12.09 s
 NC=   10600 T= 5.9892E+00 DT= 5.6508E-04 ERR= -0.0% DM/M= 0.0000E+00
 ELAPSED TIME=          5.15 s  REMAINING TIME=         12.04 s
     ANIMATION FILE: I02G_G30_H508_A0_R1A007 WRITTEN
 NC=   10700 T= 6.0457E+00 DT= 5.6507E-04 ERR=  0.0% DM/M= 0.0000E+00
 ELAPSED TIME=          5.20 s  REMAINING TIME=         11.99 s
 -- RUPTURE OF SPRING ELEMENT :       906 AT TIME :  6.081    
 -- RUPTURE OF SPRING ELEMENT :       907 AT TIME :  6.081    
 NC=   10800 T= 6.1022E+00 DT= 5.6502E-04 ERR= -0.0% DM/M= 0.0000E+00
 ELAPSED TIME=          5.24 s  REMAINING TIME=         11.94 s
 NC=   10900 T= 6.1587E+00 DT= 5.6502E-04 ERR= -0.0% DM/M= 0.0000E+00
 ELAPSED TIME=          5.29 s  REMAINING TIME=         11.89 s
 NC=   11000 T= 6.2152E+00 DT= 5.6502E-04 ERR= -0.0% DM/M= 0.0000E+00
 ELAPSED TIME=          5.34 s  REMAINING TIME=         11.84 s
 NC=   11100 T= 6.2717E+00 DT= 5.6501E-04 ERR= -0.0% DM/M= 0.0000E+00
 ELAPSED TIME=          5.38 s  REMAINING TIME=         11.79 s
 NC=   11200 T= 6.3282E+00 DT= 5.6501E-04 ERR=  0.0% DM/M= 0.0000E+00
 ELAPSED TIME=          5.43 s  REMAINING TIME=         11.73 s
 NC=   11300 T= 6.3847E+00 DT= 5.6501E-04 ERR= -0.0% DM/M= 0.0000E+00
 ELAPSED TIME=          5.48 s  REMAINING TIME=         11.68 s
 NC=   11400 T= 6.4412E+00 DT= 5.6501E-04 ERR=  0.0% DM/M= 0.0000E+00
 ELAPSED TIME=          5.52 s  REMAINING TIME=         11.63 s
 NC=   11500 T= 6.4977E+00 DT= 5.6501E-04 ERR= -0.0% DM/M= 0.0000E+00
 ELAPSED TIME=          5.57 s  REMAINING TIME=         11.58 s
 NC=   11600 T= 6.5542E+00 DT= 5.6501E-04 ERR= -0.0% DM/M= 0.0000E+00
 ELAPSED TIME=          5.62 s  REMAINING TIME=         11.53 s
 NC=   11700 T= 6.6107E+00 DT= 5.6500E-04 ERR= -0.0% DM/M= 0.0000E+00
 ELAPSED TIME=          5.67 s  REMAINING TIME=         11.47 s
 NC=   11800 T= 6.6672E+00 DT= 5.6500E-04 ERR= -0.0% DM/M= 0.0000E+00
 ELAPSED TIME=          5.71 s  REMAINING TIME=         11.42 s
 NC=   11900 T= 6.7237E+00 DT= 5.6500E-04 ERR= -0.0% DM/M= 0.0000E+00
 ELAPSED TIME=          5.76 s  REMAINING TIME=         11.37 s
 NC=   12000 T= 6.7802E+00 DT= 5.6500E-04 ERR= -0.0% DM/M= 0.0000E+00
 ELAPSED TIME=          5.81 s  REMAINING TIME=         11.32 s
 NC=   12100 T= 6.8367E+00 DT= 5.6499E-04 ERR= -0.0% DM/M= 0.0000E+00
 ELAPSED TIME=          5.85 s  REMAINING TIME=         11.27 s
 NC=   12200 T= 6.8932E+00 DT= 5.6499E-04 ERR= -0.0% DM/M= 0.0000E+00
 ELAPSED TIME=          5.90 s  REMAINING TIME=         11.22 s
 NC=   12300 T= 6.9497E+00 DT= 5.6499E-04 ERR= -0.0% DM/M= 0.0000E+00
 ELAPSED TIME=          5.95 s  REMAINING TIME=         11.17 s
     ANIMATION FILE: I02G_G30_H508_A0_R1A008 WRITTEN
 NC=   12400 T= 7.0062E+00 DT= 5.6498E-04 ERR= -0.0% DM/M= 0.0000E+00
 ELAPSED TIME=          6.00 s  REMAINING TIME=         11.12 s
 NC=   12500 T= 7.0627E+00 DT= 5.6498E-04 ERR= -0.0% DM/M= 0.0000E+00
 ELAPSED TIME=          6.04 s  REMAINING TIME=         11.07 s
 NC=   12600 T= 7.1192E+00 DT= 5.6497E-04 ERR= -0.0% DM/M= 0.0000E+00
 ELAPSED TIME=          6.09 s  REMAINING TIME=         11.02 s
 NC=   12700 T= 7.1757E+00 DT= 5.6497E-04 ERR= -0.0% DM/M= 0.0000E+00
 ELAPSED TIME=          6.14 s  REMAINING TIME=         10.97 s
 NC=   12800 T= 7.2322E+00 DT= 5.6497E-04 ERR= -0.0% DM/M= 0.0000E+00
 ELAPSED TIME=          6.19 s  REMAINING TIME=         10.92 s
 NC=   12900 T= 7.2887E+00 DT= 5.6496E-04 ERR= -0.0% DM/M= 0.0000E+00
 ELAPSED TIME=          6.23 s  REMAINING TIME=         10.87 s
 NC=   13000 T= 7.3452E+00 DT= 5.6496E-04 ERR= -0.0% DM/M= 0.0000E+00
 ELAPSED TIME=          6.28 s  REMAINING TIME=         10.82 s
 NC=   13100 T= 7.4017E+00 DT= 5.6496E-04 ERR= -0.0% DM/M= 0.0000E+00
 ELAPSED TIME=          6.33 s  REMAINING TIME=         10.77 s
 NC=   13200 T= 7.4582E+00 DT= 5.6495E-04 ERR= -0.0% DM/M= 0.0000E+00
 ELAPSED TIME=          6.38 s  REMAINING TIME=         10.72 s
 NC=   13300 T= 7.5147E+00 DT= 5.6494E-04 ERR= -0.0% DM/M= 0.0000E+00
 ELAPSED TIME=          6.42 s  REMAINING TIME=         10.67 s
 NC=   13400 T= 7.5712E+00 DT= 5.6494E-04 ERR= -0.0% DM/M= 0.0000E+00
 ELAPSED TIME=          6.47 s  REMAINING TIME=         10.62 s
 NC=   13500 T= 7.6277E+00 DT= 5.6493E-04 ERR= -0.0% DM/M= 0.0000E+00
 ELAPSED TIME=          6.52 s  REMAINING TIME=         10.57 s
 NC=   13600 T= 7.6842E+00 DT= 5.6491E-04 ERR= -0.0% DM/M= 0.0000E+00
 ELAPSED TIME=          6.57 s  REMAINING TIME=         10.52 s
 NC=   13700 T= 7.7407E+00 DT= 5.6491E-04 ERR= -0.0% DM/M= 0.0000E+00
 ELAPSED TIME=          6.61 s  REMAINING TIME=         10.48 s
 NC=   13800 T= 7.7972E+00 DT= 5.6491E-04 ERR= -0.0% DM/M= 0.0000E+00
 ELAPSED TIME=          6.66 s  REMAINING TIME=         10.43 s
 NC=   13900 T= 7.8537E+00 DT= 5.6491E-04 ERR= -0.0% DM/M= 0.0000E+00
 ELAPSED TIME=          6.71 s  REMAINING TIME=         10.38 s
 NC=   14000 T= 7.9102E+00 DT= 5.6491E-04 ERR= -0.0% DM/M= 0.0000E+00
 ELAPSED TIME=          6.76 s  REMAINING TIME=         10.33 s
 NC=   14100 T= 7.9666E+00 DT= 5.6491E-04 ERR= -0.0% DM/M= 0.0000E+00
 ELAPSED TIME=          6.80 s  REMAINING TIME=         10.28 s
     ANIMATION FILE: I02G_G30_H508_A0_R1A009 WRITTEN
 NC=   14200 T= 8.0231E+00 DT= 5.6490E-04 ERR= -0.0% DM/M= 0.0000E+00
 ELAPSED TIME=          6.85 s  REMAINING TIME=         10.23 s
 NC=   14300 T= 8.0796E+00 DT= 5.6490E-04 ERR= -0.0% DM/M= 0.0000E+00
 ELAPSED TIME=          6.90 s  REMAINING TIME=         10.18 s
 NC=   14400 T= 8.1361E+00 DT= 5.6490E-04 ERR= -0.0% DM/M= 0.0000E+00
 ELAPSED TIME=          6.95 s  REMAINING TIME=         10.13 s
 NC=   14500 T= 8.1926E+00 DT= 5.6487E-04 ERR= -0.0% DM/M= 0.0000E+00
 ELAPSED TIME=          7.00 s  REMAINING TIME=         10.09 s
 NC=   14600 T= 8.2491E+00 DT= 5.6481E-04 ERR= -0.0% DM/M= 0.0000E+00
 ELAPSED TIME=          7.05 s  REMAINING TIME=         10.04 s
 NC=   14700 T= 8.3056E+00 DT= 5.6477E-04 ERR= -0.0% DM/M= 0.0000E+00
 ELAPSED TIME=          7.09 s  REMAINING TIME=          9.99 s
 NC=   14800 T= 8.3620E+00 DT= 5.6472E-04 ERR= -0.0% DM/M= 0.0000E+00
 ELAPSED TIME=          7.14 s  REMAINING TIME=          9.94 s
 NC=   14900 T= 8.4185E+00 DT= 5.6466E-04 ERR= -0.0% DM/M= 0.0000E+00
 ELAPSED TIME=          7.19 s  REMAINING TIME=          9.89 s
 NC=   15000 T= 8.4750E+00 DT= 5.6458E-04 ERR= -0.0% DM/M= 0.0000E+00
 ELAPSED TIME=          7.24 s  REMAINING TIME=          9.85 s
 NC=   15100 T= 8.5314E+00 DT= 5.6450E-04 ERR= -0.0% DM/M= 0.0000E+00
 ELAPSED TIME=          7.29 s  REMAINING TIME=          9.80 s
 NC=   15200 T= 8.5879E+00 DT= 5.6442E-04 ERR= -0.0% DM/M= 0.0000E+00
 ELAPSED TIME=          7.34 s  REMAINING TIME=          9.75 s
 NC=   15300 T= 8.6443E+00 DT= 5.6433E-04 ERR= -0.0% DM/M= 0.0000E+00
 ELAPSED TIME=          7.38 s  REMAINING TIME=          9.70 s
 NC=   15400 T= 8.7007E+00 DT= 5.6424E-04 ERR= -0.0% DM/M= 0.0000E+00
 ELAPSED TIME=          7.43 s  REMAINING TIME=          9.65 s
 NC=   15500 T= 8.7572E+00 DT= 5.6417E-04 ERR= -0.0% DM/M= 0.0000E+00
 ELAPSED TIME=          7.48 s  REMAINING TIME=          9.60 s
 NC=   15600 T= 8.8136E+00 DT= 5.6409E-04 ERR= -0.0% DM/M= 0.0000E+00
 ELAPSED TIME=          7.53 s  REMAINING TIME=          9.55 s
 NC=   15700 T= 8.8700E+00 DT= 5.6400E-04 ERR= -0.0% DM/M= 0.0000E+00
 ELAPSED TIME=          7.57 s  REMAINING TIME=          9.50 s
 NC=   15800 T= 8.9264E+00 DT= 5.6393E-04 ERR= -0.0% DM/M= 0.0000E+00
 ELAPSED TIME=          7.62 s  REMAINING TIME=          9.46 s
 NC=   15900 T= 8.9828E+00 DT= 5.6385E-04 ERR= -0.0% DM/M= 0.0000E+00
 ELAPSED TIME=          7.67 s  REMAINING TIME=          9.41 s
     ANIMATION FILE: I02G_G30_H508_A0_R1A010 WRITTEN
 NC=   16000 T= 9.0391E+00 DT= 5.6376E-04 ERR= -0.0% DM/M= 0.0000E+00
 ELAPSED TIME=          7.72 s  REMAINING TIME=          9.36 s
 NC=   16100 T= 9.0955E+00 DT= 5.6368E-04 ERR= -0.0% DM/M= 0.0000E+00
 ELAPSED TIME=          7.77 s  REMAINING TIME=          9.31 s
 NC=   16200 T= 9.1519E+00 DT= 5.6360E-04 ERR= -0.0% DM/M= 0.0000E+00
 ELAPSED TIME=          7.82 s  REMAINING TIME=          9.26 s
 NC=   16300 T= 9.2082E+00 DT= 5.6352E-04 ERR= -0.0% DM/M= 0.0000E+00
 ELAPSED TIME=          7.86 s  REMAINING TIME=          9.22 s
 NC=   16400 T= 9.2646E+00 DT= 5.6344E-04 ERR= -0.0% DM/M= 0.0000E+00
 ELAPSED TIME=          7.91 s  REMAINING TIME=          9.17 s
 NC=   16500 T= 9.3209E+00 DT= 5.6335E-04 ERR= -0.0% DM/M= 0.0000E+00
 ELAPSED TIME=          7.96 s  REMAINING TIME=          9.12 s
 NC=   16600 T= 9.3773E+00 DT= 5.6327E-04 ERR= -0.0% DM/M= 0.0000E+00
 ELAPSED TIME=          8.01 s  REMAINING TIME=          9.07 s
 NC=   16700 T= 9.4336E+00 DT= 5.6318E-04 ERR= -0.0% DM/M= 0.0000E+00
 ELAPSED TIME=          8.06 s  REMAINING TIME=          9.02 s
 NC=   16800 T= 9.4899E+00 DT= 5.6309E-04 ERR= -0.0% DM/M= 0.0000E+00
 ELAPSED TIME=          8.11 s  REMAINING TIME=          8.98 s
 NC=   16900 T= 9.5462E+00 DT= 5.6301E-04 ERR= -0.0% DM/M= 0.0000E+00
 ELAPSED TIME=          8.15 s  REMAINING TIME=          8.93 s
 NC=   17000 T= 9.6025E+00 DT= 5.6293E-04 ERR= -0.0% DM/M= 0.0000E+00
 ELAPSED TIME=          8.20 s  REMAINING TIME=          8.88 s
 NC=   17100 T= 9.6588E+00 DT= 5.6284E-04 ERR= -0.0% DM/M= 0.0000E+00
 ELAPSED TIME=          8.25 s  REMAINING TIME=          8.83 s
 NC=   17200 T= 9.7151E+00 DT= 5.6275E-04 ERR= -0.0% DM/M= 0.0000E+00
 ELAPSED TIME=          8.30 s  REMAINING TIME=          8.78 s
 NC=   17300 T= 9.7713E+00 DT= 5.6266E-04 ERR= -0.0% DM/M= 0.0000E+00
 ELAPSED TIME=          8.35 s  REMAINING TIME=          8.74 s
 NC=   17400 T= 9.8276E+00 DT= 5.6258E-04 ERR= -0.0% DM/M= 0.0000E+00
 ELAPSED TIME=          8.39 s  REMAINING TIME=          8.69 s
 NC=   17500 T= 9.8838E+00 DT= 5.6250E-04 ERR= -0.0% DM/M= 0.0000E+00
 ELAPSED TIME=          8.44 s  REMAINING TIME=          8.64 s
 NC=   17600 T= 9.9401E+00 DT= 5.6242E-04 ERR= -0.0% DM/M= 0.0000E+00
 ELAPSED TIME=          8.49 s  REMAINING TIME=          8.59 s
 NC=   17700 T= 9.9963E+00 DT= 5.6234E-04 ERR= -0.0% DM/M= 0.0000E+00
 ELAPSED TIME=          8.54 s  REMAINING TIME=          8.54 s
     ANIMATION FILE: I02G_G30_H508_A0_R1A011 WRITTEN
 NC=   17800 T= 1.0053E+01 DT= 5.6225E-04 ERR= -0.0% DM/M= 0.0000E+00
 ELAPSED TIME=          8.59 s  REMAINING TIME=          8.50 s
 NC=   17900 T= 1.0109E+01 DT= 5.6216E-04 ERR= -0.0% DM/M= 0.0000E+00
 ELAPSED TIME=          8.63 s  REMAINING TIME=          8.45 s
 NC=   18000 T= 1.0165E+01 DT= 5.6208E-04 ERR= -0.0% DM/M= 0.0000E+00
 ELAPSED TIME=          8.68 s  REMAINING TIME=          8.40 s
 NC=   18100 T= 1.0221E+01 DT= 5.6199E-04 ERR= -0.0% DM/M= 0.0000E+00
 ELAPSED TIME=          8.73 s  REMAINING TIME=          8.35 s
 NC=   18200 T= 1.0277E+01 DT= 5.6191E-04 ERR= -0.0% DM/M= 0.0000E+00
 ELAPSED TIME=          8.78 s  REMAINING TIME=          8.30 s
 NC=   18300 T= 1.0334E+01 DT= 5.6183E-04 ERR= -0.0% DM/M= 0.0000E+00
 ELAPSED TIME=          8.82 s  REMAINING TIME=          8.25 s
 NC=   18400 T= 1.0390E+01 DT= 5.6175E-04 ERR= -0.0% DM/M= 0.0000E+00
 ELAPSED TIME=          8.87 s  REMAINING TIME=          8.21 s
 NC=   18500 T= 1.0446E+01 DT= 5.6166E-04 ERR= -0.0% DM/M= 0.0000E+00
 ELAPSED TIME=          8.92 s  REMAINING TIME=          8.16 s
 NC=   18600 T= 1.0502E+01 DT= 5.6157E-04 ERR= -0.0% DM/M= 0.0000E+00
 ELAPSED TIME=          8.97 s  REMAINING TIME=          8.11 s
 NC=   18700 T= 1.0558E+01 DT= 5.6148E-04 ERR= -0.0% DM/M= 0.0000E+00
 ELAPSED TIME=          9.02 s  REMAINING TIME=          8.06 s
 NC=   18800 T= 1.0614E+01 DT= 5.6140E-04 ERR= -0.0% DM/M= 0.0000E+00
 ELAPSED TIME=          9.07 s  REMAINING TIME=          8.02 s
 NC=   18900 T= 1.0671E+01 DT= 5.6132E-04 ERR= -0.0% DM/M= 0.0000E+00
 ELAPSED TIME=          9.11 s  REMAINING TIME=          7.97 s
 NC=   19000 T= 1.0727E+01 DT= 5.6123E-04 ERR= -0.0% DM/M= 0.0000E+00
 ELAPSED TIME=          9.16 s  REMAINING TIME=          7.92 s
 NC=   19100 T= 1.0783E+01 DT= 5.6115E-04 ERR= -0.0% DM/M= 0.0000E+00
 ELAPSED TIME=          9.21 s  REMAINING TIME=          7.87 s
 NC=   19200 T= 1.0839E+01 DT= 5.6106E-04 ERR= -0.0% DM/M= 0.0000E+00
 ELAPSED TIME=          9.26 s  REMAINING TIME=          7.82 s
 NC=   19300 T= 1.0895E+01 DT= 5.6097E-04 ERR= -0.0% DM/M= 0.0000E+00
 ELAPSED TIME=          9.31 s  REMAINING TIME=          7.78 s
 NC=   19400 T= 1.0951E+01 DT= 5.6088E-04 ERR= -0.0% DM/M= 0.0000E+00
 ELAPSED TIME=          9.35 s  REMAINING TIME=          7.73 s
     ANIMATION FILE: I02G_G30_H508_A0_R1A012 WRITTEN
 NC=   19500 T= 1.1007E+01 DT= 5.6080E-04 ERR= -0.0% DM/M= 0.0000E+00
 ELAPSED TIME=          9.40 s  REMAINING TIME=          7.68 s
 NC=   19600 T= 1.1063E+01 DT= 5.6071E-04 ERR= -0.0% DM/M= 0.0000E+00
 ELAPSED TIME=          9.45 s  REMAINING TIME=          7.64 s
 NC=   19700 T= 1.1119E+01 DT= 5.6063E-04 ERR= -0.0% DM/M= 0.0000E+00
 ELAPSED TIME=          9.50 s  REMAINING TIME=          7.59 s
 NC=   19800 T= 1.1175E+01 DT= 5.6054E-04 ERR= -0.0% DM/M= 0.0000E+00
 ELAPSED TIME=          9.55 s  REMAINING TIME=          7.54 s
 NC=   19900 T= 1.1231E+01 DT= 5.6046E-04 ERR= -0.0% DM/M= 0.0000E+00
 ELAPSED TIME=          9.60 s  REMAINING TIME=          7.49 s
 NC=   20000 T= 1.1287E+01 DT= 5.6037E-04 ERR= -0.0% DM/M= 0.0000E+00
 ELAPSED TIME=          9.64 s  REMAINING TIME=          7.44 s
 NC=   20100 T= 1.1343E+01 DT= 5.6028E-04 ERR= -0.0% DM/M= 0.0000E+00
 ELAPSED TIME=          9.69 s  REMAINING TIME=          7.40 s
 NC=   20200 T= 1.1400E+01 DT= 5.6020E-04 ERR= -0.0% DM/M= 0.0000E+00
 ELAPSED TIME=          9.74 s  REMAINING TIME=          7.35 s
 NC=   20300 T= 1.1456E+01 DT= 5.6011E-04 ERR= -0.0% DM/M= 0.0000E+00
 ELAPSED TIME=          9.79 s  REMAINING TIME=          7.30 s
 NC=   20400 T= 1.1512E+01 DT= 5.6003E-04 ERR= -0.0% DM/M= 0.0000E+00
 ELAPSED TIME=          9.83 s  REMAINING TIME=          7.25 s
 NC=   20500 T= 1.1568E+01 DT= 5.5995E-04 ERR= -0.0% DM/M= 0.0000E+00
 ELAPSED TIME=          9.88 s  REMAINING TIME=          7.20 s
 NC=   20600 T= 1.1624E+01 DT= 5.5986E-04 ERR= -0.0% DM/M= 0.0000E+00
 ELAPSED TIME=          9.93 s  REMAINING TIME=          7.16 s
 NC=   20700 T= 1.1679E+01 DT= 5.5977E-04 ERR= -0.0% DM/M= 0.0000E+00
 ELAPSED TIME=          9.98 s  REMAINING TIME=          7.11 s
 NC=   20800 T= 1.1735E+01 DT= 5.5969E-04 ERR= -0.0% DM/M= 0.0000E+00
 ELAPSED TIME=         10.03 s  REMAINING TIME=          7.06 s
 NC=   20900 T= 1.1791E+01 DT= 5.5960E-04 ERR= -0.0% DM/M= 0.0000E+00
 ELAPSED TIME=         10.07 s  REMAINING TIME=          7.01 s
 NC=   21000 T= 1.1847E+01 DT= 5.5952E-04 ERR= -0.0% DM/M= 0.0000E+00
 ELAPSED TIME=         10.12 s  REMAINING TIME=          6.96 s
 NC=   21100 T= 1.1903E+01 DT= 5.5944E-04 ERR= -0.0% DM/M= 0.0000E+00
 ELAPSED TIME=         10.17 s  REMAINING TIME=          6.92 s
 NC=   21200 T= 1.1959E+01 DT= 5.5935E-04 ERR= -0.0% DM/M= 0.0000E+00
 ELAPSED TIME=         10.22 s  REMAINING TIME=          6.87 s
     ANIMATION FILE: I02G_G30_H508_A0_R1A013 WRITTEN
 NC=   21300 T= 1.2015E+01 DT= 5.5927E-04 ERR= -0.0% DM/M= 0.0000E+00
 ELAPSED TIME=         10.27 s  REMAINING TIME=          6.82 s
 NC=   21400 T= 1.2071E+01 DT= 5.5918E-04 ERR= -0.0% DM/M= 0.0000E+00
 ELAPSED TIME=         10.32 s  REMAINING TIME=          6.78 s
 NC=   21500 T= 1.2127E+01 DT= 5.5910E-04 ERR= -0.0% DM/M= 0.0000E+00
 ELAPSED TIME=         10.36 s  REMAINING TIME=          6.73 s
 NC=   21600 T= 1.2183E+01 DT= 5.5902E-04 ERR= -0.0% DM/M= 0.0000E+00
 ELAPSED TIME=         10.41 s  REMAINING TIME=          6.68 s
 NC=   21700 T= 1.2239E+01 DT= 5.5893E-04 ERR= -0.0% DM/M= 0.0000E+00
 ELAPSED TIME=         10.46 s  REMAINING TIME=          6.63 s
 NC=   21800 T= 1.2295E+01 DT= 5.5885E-04 ERR= -0.0% DM/M= 0.0000E+00
 ELAPSED TIME=         10.51 s  REMAINING TIME=          6.58 s
 NC=   21900 T= 1.2351E+01 DT= 5.5876E-04 ERR= -0.0% DM/M= 0.0000E+00
 ELAPSED TIME=         10.55 s  REMAINING TIME=          6.54 s
 NC=   22000 T= 1.2406E+01 DT= 5.5868E-04 ERR= -0.0% DM/M= 0.0000E+00
 ELAPSED TIME=         10.60 s  REMAINING TIME=          6.49 s
 NC=   22100 T= 1.2462E+01 DT= 5.5859E-04 ERR= -0.0% DM/M= 0.0000E+00
 ELAPSED TIME=         10.65 s  REMAINING TIME=          6.44 s
 NC=   22200 T= 1.2518E+01 DT= 5.5851E-04 ERR= -0.0% DM/M= 0.0000E+00
 ELAPSED TIME=         10.70 s  REMAINING TIME=          6.39 s
 NC=   22300 T= 1.2574E+01 DT= 5.5843E-04 ERR= -0.0% DM/M= 0.0000E+00
 ELAPSED TIME=         10.74 s  REMAINING TIME=          6.35 s
 NC=   22400 T= 1.2630E+01 DT= 5.5835E-04 ERR= -0.0% DM/M= 0.0000E+00
 ELAPSED TIME=         10.79 s  REMAINING TIME=          6.30 s
 NC=   22500 T= 1.2686E+01 DT= 5.5826E-04 ERR= -0.0% DM/M= 0.0000E+00
 ELAPSED TIME=         10.84 s  REMAINING TIME=          6.25 s
 NC=   22600 T= 1.2742E+01 DT= 5.5818E-04 ERR= -0.0% DM/M= 0.0000E+00
 ELAPSED TIME=         10.89 s  REMAINING TIME=          6.20 s
 NC=   22700 T= 1.2797E+01 DT= 5.5810E-04 ERR= -0.0% DM/M= 0.0000E+00
 ELAPSED TIME=         10.93 s  REMAINING TIME=          6.15 s
 NC=   22800 T= 1.2853E+01 DT= 5.5802E-04 ERR= -0.0% DM/M= 0.0000E+00
 ELAPSED TIME=         10.98 s  REMAINING TIME=          6.11 s
 NC=   22900 T= 1.2909E+01 DT= 5.5794E-04 ERR= -0.0% DM/M= 0.0000E+00
 ELAPSED TIME=         11.03 s  REMAINING TIME=          6.06 s
 NC=   23000 T= 1.2965E+01 DT= 5.5786E-04 ERR= -0.0% DM/M= 0.0000E+00
 ELAPSED TIME=         11.08 s  REMAINING TIME=          6.01 s
     ANIMATION FILE: I02G_G30_H508_A0_R1A014 WRITTEN
 NC=   23100 T= 1.3021E+01 DT= 5.5778E-04 ERR= -0.0% DM/M= 0.0000E+00
 ELAPSED TIME=         11.13 s  REMAINING TIME=          5.96 s
 NC=   23200 T= 1.3076E+01 DT= 5.5770E-04 ERR= -0.0% DM/M= 0.0000E+00
 ELAPSED TIME=         11.18 s  REMAINING TIME=          5.92 s
 NC=   23300 T= 1.3132E+01 DT= 5.5762E-04 ERR= -0.0% DM/M= 0.0000E+00
 ELAPSED TIME=         11.22 s  REMAINING TIME=          5.87 s
 NC=   23400 T= 1.3188E+01 DT= 5.5754E-04 ERR= -0.0% DM/M= 0.0000E+00
 ELAPSED TIME=         11.27 s  REMAINING TIME=          5.82 s
 NC=   23500 T= 1.3244E+01 DT= 5.5746E-04 ERR= -0.0% DM/M= 0.0000E+00
 ELAPSED TIME=         11.32 s  REMAINING TIME=          5.78 s
 NC=   23600 T= 1.3299E+01 DT= 5.5738E-04 ERR= -0.0% DM/M= 0.0000E+00
 ELAPSED TIME=         11.37 s  REMAINING TIME=          5.73 s
 NC=   23700 T= 1.3355E+01 DT= 5.5730E-04 ERR= -0.0% DM/M= 0.0000E+00
 ELAPSED TIME=         11.42 s  REMAINING TIME=          5.68 s
 NC=   23800 T= 1.3411E+01 DT= 5.5722E-04 ERR= -0.0% DM/M= 0.0000E+00
 ELAPSED TIME=         11.46 s  REMAINING TIME=          5.63 s
 NC=   23900 T= 1.3467E+01 DT= 5.5714E-04 ERR= -0.0% DM/M= 0.0000E+00
 ELAPSED TIME=         11.51 s  REMAINING TIME=          5.59 s
 NC=   24000 T= 1.3522E+01 DT= 5.5706E-04 ERR= -0.0% DM/M= 0.0000E+00
 ELAPSED TIME=         11.56 s  REMAINING TIME=          5.54 s
 NC=   24100 T= 1.3578E+01 DT= 5.5699E-04 ERR= -0.0% DM/M= 0.0000E+00
 ELAPSED TIME=         11.61 s  REMAINING TIME=          5.49 s
 NC=   24200 T= 1.3634E+01 DT= 5.5691E-04 ERR= -0.0% DM/M= 0.0000E+00
 ELAPSED TIME=         11.66 s  REMAINING TIME=          5.44 s
 NC=   24300 T= 1.3689E+01 DT= 5.5683E-04 ERR= -0.0% DM/M= 0.0000E+00
 ELAPSED TIME=         11.71 s  REMAINING TIME=          5.40 s
 NC=   24400 T= 1.3745E+01 DT= 5.5675E-04 ERR= -0.0% DM/M= 0.0000E+00
 ELAPSED TIME=         11.76 s  REMAINING TIME=          5.35 s
 NC=   24500 T= 1.3801E+01 DT= 5.5668E-04 ERR= -0.0% DM/M= 0.0000E+00
 ELAPSED TIME=         11.80 s  REMAINING TIME=          5.30 s
 NC=   24600 T= 1.3856E+01 DT= 5.5660E-04 ERR= -0.0% DM/M= 0.0000E+00
 ELAPSED TIME=         11.85 s  REMAINING TIME=          5.25 s
 NC=   24700 T= 1.3912E+01 DT= 5.5652E-04 ERR= -0.0% DM/M= 0.0000E+00
 ELAPSED TIME=         11.90 s  REMAINING TIME=          5.21 s
 NC=   24800 T= 1.3968E+01 DT= 5.5645E-04 ERR= -0.0% DM/M= 0.0000E+00
 ELAPSED TIME=         11.95 s  REMAINING TIME=          5.16 s
     ANIMATION FILE: I02G_G30_H508_A0_R1A015 WRITTEN
 NC=   24900 T= 1.4023E+01 DT= 5.5637E-04 ERR= -0.0% DM/M= 0.0000E+00
 ELAPSED TIME=         12.00 s  REMAINING TIME=          5.11 s
 NC=   25000 T= 1.4079E+01 DT= 5.5630E-04 ERR= -0.0% DM/M= 0.0000E+00
 ELAPSED TIME=         12.04 s  REMAINING TIME=          5.07 s
 NC=   25100 T= 1.4135E+01 DT= 5.5622E-04 ERR= -0.0% DM/M= 0.0000E+00
 ELAPSED TIME=         12.09 s  REMAINING TIME=          5.02 s
 NC=   25200 T= 1.4190E+01 DT= 5.5615E-04 ERR= -0.0% DM/M= 0.0000E+00
 ELAPSED TIME=         12.14 s  REMAINING TIME=          4.97 s
 NC=   25300 T= 1.4246E+01 DT= 5.5608E-04 ERR= -0.0% DM/M= 0.0000E+00
 ELAPSED TIME=         12.19 s  REMAINING TIME=          4.92 s
 NC=   25400 T= 1.4301E+01 DT= 5.5600E-04 ERR= -0.0% DM/M= 0.0000E+00
 ELAPSED TIME=         12.23 s  REMAINING TIME=          4.87 s
 NC=   25500 T= 1.4357E+01 DT= 5.5594E-04 ERR= -0.0% DM/M= 0.0000E+00
 ELAPSED TIME=         12.28 s  REMAINING TIME=          4.83 s
 NC=   25600 T= 1.4413E+01 DT= 5.5586E-04 ERR= -0.0% DM/M= 0.0000E+00
 ELAPSED TIME=         12.33 s  REMAINING TIME=          4.78 s
 NC=   25700 T= 1.4468E+01 DT= 5.5579E-04 ERR= -0.0% DM/M= 0.0000E+00
 ELAPSED TIME=         12.38 s  REMAINING TIME=          4.73 s
 NC=   25800 T= 1.4524E+01 DT= 5.5572E-04 ERR= -0.0% DM/M= 0.0000E+00
 ELAPSED TIME=         12.42 s  REMAINING TIME=          4.68 s
 NC=   25900 T= 1.4579E+01 DT= 5.5565E-04 ERR= -0.0% DM/M= 0.0000E+00
 ELAPSED TIME=         12.47 s  REMAINING TIME=          4.64 s
 NC=   26000 T= 1.4635E+01 DT= 5.5558E-04 ERR= -0.0% DM/M= 0.0000E+00
 ELAPSED TIME=         12.52 s  REMAINING TIME=          4.59 s
 NC=   26100 T= 1.4690E+01 DT= 5.5551E-04 ERR= -0.0% DM/M= 0.0000E+00
 ELAPSED TIME=         12.57 s  REMAINING TIME=          4.54 s
 NC=   26200 T= 1.4746E+01 DT= 5.5544E-04 ERR= -0.0% DM/M= 0.0000E+00
 ELAPSED TIME=         12.61 s  REMAINING TIME=          4.49 s
 NC=   26300 T= 1.4801E+01 DT= 5.5537E-04 ERR= -0.0% DM/M= 0.0000E+00
 ELAPSED TIME=         12.66 s  REMAINING TIME=          4.45 s
 NC=   26400 T= 1.4857E+01 DT= 5.5530E-04 ERR= -0.0% DM/M= 0.0000E+00
 ELAPSED TIME=         12.71 s  REMAINING TIME=          4.40 s
 NC=   26500 T= 1.4913E+01 DT= 5.5524E-04 ERR= -0.0% DM/M= 0.0000E+00
 ELAPSED TIME=         12.76 s  REMAINING TIME=          4.35 s
 NC=   26600 T= 1.4968E+01 DT= 5.5517E-04 ERR= -0.0% DM/M= 0.0000E+00
 ELAPSED TIME=         12.81 s  REMAINING TIME=          4.31 s
     ANIMATION FILE: I02G_G30_H508_A0_R1A016 WRITTEN
 NC=   26700 T= 1.5024E+01 DT= 5.5510E-04 ERR= -0.0% DM/M= 0.0000E+00
 ELAPSED TIME=         12.86 s  REMAINING TIME=          4.26 s
 NC=   26800 T= 1.5079E+01 DT= 5.5503E-04 ERR= -0.0% DM/M= 0.0000E+00
 ELAPSED TIME=         12.91 s  REMAINING TIME=          4.21 s
 NC=   26900 T= 1.5135E+01 DT= 5.5497E-04 ERR= -0.0% DM/M= 0.0000E+00
 ELAPSED TIME=         12.95 s  REMAINING TIME=          4.16 s
 NC=   27000 T= 1.5190E+01 DT= 5.5490E-04 ERR= -0.0% DM/M= 0.0000E+00
 ELAPSED TIME=         13.00 s  REMAINING TIME=          4.12 s
 NC=   27100 T= 1.5246E+01 DT= 5.5483E-04 ERR= -0.0% DM/M= 0.0000E+00
 ELAPSED TIME=         13.05 s  REMAINING TIME=          4.07 s
 NC=   27200 T= 1.5301E+01 DT= 5.5476E-04 ERR= -0.0% DM/M= 0.0000E+00
 ELAPSED TIME=         13.10 s  REMAINING TIME=          4.02 s
 NC=   27300 T= 1.5357E+01 DT= 5.5470E-04 ERR= -0.0% DM/M= 0.0000E+00
 ELAPSED TIME=         13.14 s  REMAINING TIME=          3.97 s
 NC=   27400 T= 1.5412E+01 DT= 5.5463E-04 ERR= -0.0% DM/M= 0.0000E+00
 ELAPSED TIME=         13.19 s  REMAINING TIME=          3.93 s
 NC=   27500 T= 1.5467E+01 DT= 5.5457E-04 ERR= -0.0% DM/M= 0.0000E+00
 ELAPSED TIME=         13.24 s  REMAINING TIME=          3.88 s
 NC=   27600 T= 1.5523E+01 DT= 5.5450E-04 ERR= -0.0% DM/M= 0.0000E+00
 ELAPSED TIME=         13.29 s  REMAINING TIME=          3.83 s
 NC=   27700 T= 1.5578E+01 DT= 5.5444E-04 ERR= -0.0% DM/M= 0.0000E+00
 ELAPSED TIME=         13.34 s  REMAINING TIME=          3.78 s
 NC=   27800 T= 1.5634E+01 DT= 5.5438E-04 ERR= -0.0% DM/M= 0.0000E+00
 ELAPSED TIME=         13.38 s  REMAINING TIME=          3.74 s
 NC=   27900 T= 1.5689E+01 DT= 5.5431E-04 ERR= -0.0% DM/M= 0.0000E+00
 ELAPSED TIME=         13.43 s  REMAINING TIME=          3.69 s
 NC=   28000 T= 1.5745E+01 DT= 5.5425E-04 ERR= -0.0% DM/M= 0.0000E+00
 ELAPSED TIME=         13.48 s  REMAINING TIME=          3.64 s
 NC=   28100 T= 1.5800E+01 DT= 5.5419E-04 ERR= -0.0% DM/M= 0.0000E+00
 ELAPSED TIME=         13.53 s  REMAINING TIME=          3.60 s
 NC=   28200 T= 1.5855E+01 DT= 5.5413E-04 ERR= -0.0% DM/M= 0.0000E+00
 ELAPSED TIME=         13.57 s  REMAINING TIME=          3.55 s
 NC=   28300 T= 1.5911E+01 DT= 5.5407E-04 ERR= -0.0% DM/M= 0.0000E+00
 ELAPSED TIME=         13.62 s  REMAINING TIME=          3.50 s
 NC=   28400 T= 1.5966E+01 DT= 5.5402E-04 ERR= -0.0% DM/M= 0.0000E+00
 ELAPSED TIME=         13.67 s  REMAINING TIME=          3.45 s
     ANIMATION FILE: I02G_G30_H508_A0_R1A017 WRITTEN
 NC=   28500 T= 1.6022E+01 DT= 5.5396E-04 ERR= -0.0% DM/M= 0.0000E+00
 ELAPSED TIME=         13.72 s  REMAINING TIME=          3.41 s
 NC=   28600 T= 1.6077E+01 DT= 5.5390E-04 ERR= -0.0% DM/M= 0.0000E+00
 ELAPSED TIME=         13.77 s  REMAINING TIME=          3.36 s
 NC=   28700 T= 1.6132E+01 DT= 5.5385E-04 ERR= -0.0% DM/M= 0.0000E+00
 ELAPSED TIME=         13.81 s  REMAINING TIME=          3.31 s
 NC=   28800 T= 1.6188E+01 DT= 5.5380E-04 ERR= -0.0% DM/M= 0.0000E+00
 ELAPSED TIME=         13.86 s  REMAINING TIME=          3.26 s
 NC=   28900 T= 1.6243E+01 DT= 5.5374E-04 ERR= -0.0% DM/M= 0.0000E+00
 ELAPSED TIME=         13.91 s  REMAINING TIME=          3.22 s
 NC=   29000 T= 1.6299E+01 DT= 5.5369E-04 ERR= -0.0% DM/M= 0.0000E+00
 ELAPSED TIME=         13.96 s  REMAINING TIME=          3.17 s
 NC=   29100 T= 1.6354E+01 DT= 5.5363E-04 ERR= -0.0% DM/M= 0.0000E+00
 ELAPSED TIME=         14.00 s  REMAINING TIME=          3.12 s
 NC=   29200 T= 1.6409E+01 DT= 5.5358E-04 ERR= -0.0% DM/M= 0.0000E+00
 ELAPSED TIME=         14.05 s  REMAINING TIME=          3.07 s
 NC=   29300 T= 1.6465E+01 DT= 5.5353E-04 ERR= -0.0% DM/M= 0.0000E+00
 ELAPSED TIME=         14.10 s  REMAINING TIME=          3.03 s
 NC=   29400 T= 1.6520E+01 DT= 5.5348E-04 ERR= -0.0% DM/M= 0.0000E+00
 ELAPSED TIME=         14.15 s  REMAINING TIME=          2.98 s
 NC=   29500 T= 1.6575E+01 DT= 5.5343E-04 ERR= -0.0% DM/M= 0.0000E+00
 ELAPSED TIME=         14.19 s  REMAINING TIME=          2.93 s
 NC=   29600 T= 1.6631E+01 DT= 5.5339E-04 ERR= -0.0% DM/M= 0.0000E+00
 ELAPSED TIME=         14.24 s  REMAINING TIME=          2.89 s
 NC=   29700 T= 1.6686E+01 DT= 5.5333E-04 ERR= -0.0% DM/M= 0.0000E+00
 ELAPSED TIME=         14.29 s  REMAINING TIME=          2.84 s
 NC=   29800 T= 1.6741E+01 DT= 5.5329E-04 ERR= -0.0% DM/M= 0.0000E+00
 ELAPSED TIME=         14.34 s  REMAINING TIME=          2.79 s
 NC=   29900 T= 1.6797E+01 DT= 5.5323E-04 ERR= -0.0% DM/M= 0.0000E+00
 ELAPSED TIME=         14.38 s  REMAINING TIME=          2.74 s
 NC=   30000 T= 1.6852E+01 DT= 5.5319E-04 ERR= -0.0% DM/M= 0.0000E+00
 ELAPSED TIME=         14.43 s  REMAINING TIME=          2.70 s
 NC=   30100 T= 1.6907E+01 DT= 5.5314E-04 ERR= -0.0% DM/M= 0.0000E+00
 ELAPSED TIME=         14.48 s  REMAINING TIME=          2.65 s
 NC=   30200 T= 1.6963E+01 DT= 5.5309E-04 ERR= -0.0% DM/M= 0.0000E+00
 ELAPSED TIME=         14.53 s  REMAINING TIME=          2.60 s
     ANIMATION FILE: I02G_G30_H508_A0_R1A018 WRITTEN
 NC=   30300 T= 1.7018E+01 DT= 5.5304E-04 ERR= -0.0% DM/M= 0.0000E+00
 ELAPSED TIME=         14.58 s  REMAINING TIME=          2.55 s
 NC=   30400 T= 1.7073E+01 DT= 5.5299E-04 ERR= -0.0% DM/M= 0.0000E+00
 ELAPSED TIME=         14.63 s  REMAINING TIME=          2.51 s
 NC=   30500 T= 1.7129E+01 DT= 5.5295E-04 ERR= -0.0% DM/M= 0.0000E+00
 ELAPSED TIME=         14.67 s  REMAINING TIME=          2.46 s
 NC=   30600 T= 1.7184E+01 DT= 5.5290E-04 ERR= -0.0% DM/M= 0.0000E+00
 ELAPSED TIME=         14.72 s  REMAINING TIME=          2.41 s
 NC=   30700 T= 1.7239E+01 DT= 5.5285E-04 ERR= -0.0% DM/M= 0.0000E+00
 ELAPSED TIME=         14.77 s  REMAINING TIME=          2.37 s
 NC=   30800 T= 1.7294E+01 DT= 5.5281E-04 ERR= -0.0% DM/M= 0.0000E+00
 ELAPSED TIME=         14.82 s  REMAINING TIME=          2.32 s
 NC=   30900 T= 1.7350E+01 DT= 5.5277E-04 ERR= -0.0% DM/M= 0.0000E+00
 ELAPSED TIME=         14.86 s  REMAINING TIME=          2.27 s
 NC=   31000 T= 1.7405E+01 DT= 5.5272E-04 ERR= -0.0% DM/M= 0.0000E+00
 ELAPSED TIME=         14.91 s  REMAINING TIME=          2.22 s
 NC=   31100 T= 1.7460E+01 DT= 5.5268E-04 ERR= -0.0% DM/M= 0.0000E+00
 ELAPSED TIME=         14.96 s  REMAINING TIME=          2.18 s
 NC=   31200 T= 1.7516E+01 DT= 5.5264E-04 ERR= -0.0% DM/M= 0.0000E+00
 ELAPSED TIME=         15.01 s  REMAINING TIME=          2.13 s
 NC=   31300 T= 1.7571E+01 DT= 5.5260E-04 ERR= -0.0% DM/M= 0.0000E+00
 ELAPSED TIME=         15.05 s  REMAINING TIME=          2.08 s
 NC=   31400 T= 1.7626E+01 DT= 5.5256E-04 ERR= -0.0% DM/M= 0.0000E+00
 ELAPSED TIME=         15.10 s  REMAINING TIME=          2.03 s
 NC=   31500 T= 1.7681E+01 DT= 5.5252E-04 ERR= -0.0% DM/M= 0.0000E+00
 ELAPSED TIME=         15.15 s  REMAINING TIME=          1.99 s
 NC=   31600 T= 1.7737E+01 DT= 5.5249E-04 ERR= -0.0% DM/M= 0.0000E+00
 ELAPSED TIME=         15.20 s  REMAINING TIME=          1.94 s
 NC=   31700 T= 1.7792E+01 DT= 5.5245E-04 ERR= -0.0% DM/M= 0.0000E+00
 ELAPSED TIME=         15.25 s  REMAINING TIME=          1.89 s
 NC=   31800 T= 1.7847E+01 DT= 5.5242E-04 ERR= -0.0% DM/M= 0.0000E+00
 ELAPSED TIME=         15.29 s  REMAINING TIME=          1.84 s
 NC=   31900 T= 1.7902E+01 DT= 5.5238E-04 ERR= -0.0% DM/M= 0.0000E+00
 ELAPSED TIME=         15.34 s  REMAINING TIME=          1.80 s
 NC=   32000 T= 1.7958E+01 DT= 5.5235E-04 ERR= -0.0% DM/M= 0.0000E+00
 ELAPSED TIME=         15.39 s  REMAINING TIME=          1.75 s
     ANIMATION FILE: I02G_G30_H508_A0_R1A019 WRITTEN
 NC=   32100 T= 1.8013E+01 DT= 5.5232E-04 ERR= -0.0% DM/M= 0.0000E+00
 ELAPSED TIME=         15.44 s  REMAINING TIME=          1.70 s
 NC=   32200 T= 1.8068E+01 DT= 5.5229E-04 ERR= -0.0% DM/M= 0.0000E+00
 ELAPSED TIME=         15.49 s  REMAINING TIME=          1.66 s
 NC=   32300 T= 1.8123E+01 DT= 5.5225E-04 ERR= -0.0% DM/M= 0.0000E+00
 ELAPSED TIME=         15.53 s  REMAINING TIME=          1.61 s
 NC=   32400 T= 1.8178E+01 DT= 5.5223E-04 ERR= -0.0% DM/M= 0.0000E+00
 ELAPSED TIME=         15.58 s  REMAINING TIME=          1.56 s
 NC=   32500 T= 1.8234E+01 DT= 5.5220E-04 ERR= -0.0% DM/M= 0.0000E+00
 ELAPSED TIME=         15.63 s  REMAINING TIME=          1.51 s
 NC=   32600 T= 1.8289E+01 DT= 5.5217E-04 ERR= -0.0% DM/M= 0.0000E+00
 ELAPSED TIME=         15.68 s  REMAINING TIME=          1.47 s
 NC=   32700 T= 1.8344E+01 DT= 5.5214E-04 ERR= -0.0% DM/M= 0.0000E+00
 ELAPSED TIME=         15.72 s  REMAINING TIME=          1.42 s
 NC=   32800 T= 1.8399E+01 DT= 5.5211E-04 ERR= -0.0% DM/M= 0.0000E+00
 ELAPSED TIME=         15.77 s  REMAINING TIME=          1.37 s
 NC=   32900 T= 1.8455E+01 DT= 5.5208E-04 ERR= -0.0% DM/M= 0.0000E+00
 ELAPSED TIME=         15.82 s  REMAINING TIME=          1.32 s
 NC=   33000 T= 1.8510E+01 DT= 5.5206E-04 ERR= -0.0% DM/M= 0.0000E+00
 ELAPSED TIME=         15.87 s  REMAINING TIME=          1.28 s
 NC=   33100 T= 1.8565E+01 DT= 5.5203E-04 ERR= -0.0% DM/M= 0.0000E+00
 ELAPSED TIME=         15.91 s  REMAINING TIME=          1.23 s
 NC=   33200 T= 1.8620E+01 DT= 5.5201E-04 ERR= -0.0% DM/M= 0.0000E+00
 ELAPSED TIME=         15.96 s  REMAINING TIME=          1.18 s
 NC=   33300 T= 1.8675E+01 DT= 5.5198E-04 ERR= -0.0% DM/M= 0.0000E+00
 ELAPSED TIME=         16.01 s  REMAINING TIME=          1.14 s
 NC=   33400 T= 1.8731E+01 DT= 5.5196E-04 ERR= -0.0% DM/M= 0.0000E+00
 ELAPSED TIME=         16.06 s  REMAINING TIME=          1.09 s
 NC=   33500 T= 1.8786E+01 DT= 5.5193E-04 ERR= -0.0% DM/M= 0.0000E+00
 ELAPSED TIME=         16.11 s  REMAINING TIME=          1.04 s
 NC=   33600 T= 1.8841E+01 DT= 5.5191E-04 ERR= -0.0% DM/M= 0.0000E+00
 ELAPSED TIME=         16.15 s  REMAINING TIME=          0.99 s
 NC=   33700 T= 1.8896E+01 DT= 5.5189E-04 ERR= -0.0% DM/M= 0.0000E+00
 ELAPSED TIME=         16.20 s  REMAINING TIME=          0.95 s
 NC=   33800 T= 1.8951E+01 DT= 5.5187E-04 ERR= -0.0% DM/M= 0.0000E+00
 ELAPSED TIME=         16.25 s  REMAINING TIME=          0.90 s
     ANIMATION FILE: I02G_G30_H508_A0_R1A020 WRITTEN
 NC=   33900 T= 1.9006E+01 DT= 5.5185E-04 ERR= -0.0% DM/M= 0.0000E+00
 ELAPSED TIME=         16.30 s  REMAINING TIME=          0.85 s
 NC=   34000 T= 1.9062E+01 DT= 5.5184E-04 ERR= -0.0% DM/M= 0.0000E+00
 ELAPSED TIME=         16.35 s  REMAINING TIME=          0.80 s
 NC=   34100 T= 1.9117E+01 DT= 5.5182E-04 ERR= -0.0% DM/M= 0.0000E+00
 ELAPSED TIME=         16.40 s  REMAINING TIME=          0.76 s
 NC=   34200 T= 1.9172E+01 DT= 5.5181E-04 ERR= -0.0% DM/M= 0.0000E+00
 ELAPSED TIME=         16.44 s  REMAINING TIME=          0.71 s
 NC=   34300 T= 1.9227E+01 DT= 5.5179E-04 ERR= -0.0% DM/M= 0.0000E+00
 ELAPSED TIME=         16.49 s  REMAINING TIME=          0.66 s
 NC=   34400 T= 1.9282E+01 DT= 5.5178E-04 ERR= -0.0% DM/M= 0.0000E+00
 ELAPSED TIME=         16.54 s  REMAINING TIME=          0.62 s
 NC=   34500 T= 1.9338E+01 DT= 5.5177E-04 ERR= -0.0% DM/M= 0.0000E+00
 ELAPSED TIME=         16.59 s  REMAINING TIME=          0.57 s
 NC=   34600 T= 1.9393E+01 DT= 5.5176E-04 ERR= -0.0% DM/M= 0.0000E+00
 ELAPSED TIME=         16.63 s  REMAINING TIME=          0.52 s
 NC=   34700 T= 1.9448E+01 DT= 5.5175E-04 ERR= -0.0% DM/M= 0.0000E+00
 ELAPSED TIME=         16.68 s  REMAINING TIME=          0.47 s
 NC=   34800 T= 1.9503E+01 DT= 5.5174E-04 ERR= -0.0% DM/M= 0.0000E+00
 ELAPSED TIME=         16.73 s  REMAINING TIME=          0.43 s
 NC=   34900 T= 1.9558E+01 DT= 5.5173E-04 ERR= -0.0% DM/M= 0.0000E+00
 ELAPSED TIME=         16.78 s  REMAINING TIME=          0.38 s
 NC=   35000 T= 1.9613E+01 DT= 5.5173E-04 ERR= -0.0% DM/M= 0.0000E+00
 ELAPSED TIME=         16.82 s  REMAINING TIME=          0.33 s
 NC=   35100 T= 1.9669E+01 DT= 5.5172E-04 ERR= -0.0% DM/M= 0.0000E+00
 ELAPSED TIME=         16.87 s  REMAINING TIME=          0.28 s
 NC=   35200 T= 1.9724E+01 DT= 5.5172E-04 ERR= -0.0% DM/M= 0.0000E+00
 ELAPSED TIME=         16.92 s  REMAINING TIME=          0.24 s
 NC=   35300 T= 1.9779E+01 DT= 5.5171E-04 ERR= -0.0% DM/M= 0.0000E+00
 ELAPSED TIME=         16.97 s  REMAINING TIME=          0.19 s
 NC=   35400 T= 1.9834E+01 DT= 5.5171E-04 ERR= -0.0% DM/M= 0.0000E+00
 ELAPSED TIME=         17.01 s  REMAINING TIME=          0.14 s
 NC=   35500 T= 1.9889E+01 DT= 5.5171E-04 ERR= -0.0% DM/M= 0.0000E+00
 ELAPSED TIME=         17.06 s  REMAINING TIME=          0.09 s
 NC=   35600 T= 1.9944E+01 DT= 5.5170E-04 ERR= -0.0% DM/M= 0.0000E+00
 ELAPSED TIME=         17.11 s  REMAINING TIME=          0.05 s
 NC=   35700 T= 2.0000E+01 DT= 5.5170E-04 ERR= -0.0% DM/M= 0.0000E+00
 ELAPSED TIME=         17.16 s  REMAINING TIME=          0.00 s
     RESTART FILES: I02G_G30_H508_A0_R1_0001_[0001-0001].rst WRITTEN
     ANIMATION FILE: I02G_G30_H508_A0_R1A021 WRITTEN
  
                           ** CPU USER TIME **
  
  
                        ** SUMMARY **
  
 #PROC  ELEMENT   KINCOND   INTEG     IO        T0        ASM       RESOL    
   1   .1367E+02 .4062E+00 .3125E+00 .9375E+00 .5625E+00 .5469E+00 .1709E+02
 
                   ** CUMULATIVE CPU TIME SUMMARY **
  
 CONTACT SORTING.............: .0000E+00     0.00 % 
 CONTACT FORCES..............: .0000E+00     0.00 % 
 ELEMENT FORCES..............: .1367E+02    79.98 % 
 KINEMATIC COND..............: .4062E+00     2.38 % 
 INTEGRATION.................: .3125E+00     1.83 % 
 ASSEMBLING..................: .5469E+00     3.20 % 
 OTHERS (including I/O)......: .2156E+01    12.61 % 
 TOTAL.......................: .1709E+02   100.00 % 
  
                   ** MEMORY USAGE STATISTICS **
  
 TOTAL MEMORY USED .........................:       52 MB
 MAXIMUM MEMORY PER PROCESSOR...............:       52 MB
 MINIMUM MEMORY PER PROCESSOR...............:       52 MB
 AVERAGE MEMORY PER PROCESSOR...............:       52 MB
  
                   ** DISK USAGE STATISTICS **
  
 TOTAL DISK SPACE USED .....................:          4 MB
 ANIMATION/H3D/TH/OUTP SIZE ................:          3 MB
 RESTART FILE SIZE .........................:          1 MB
  
 ELAPSED TIME     =         17.16 s
                          0:00:17
  
     NORMAL TERMINATION      
     TOTAL NUMBER OF CYCLES  :   35702
