 I02IF_FIXED_CAP200NS_0001.out
************************************************************************
**                                                                    **
**                                                                    **
**                         OpenRadioss Engine                         **
**                                                                    **
**            Non-linear Finite Element Analysis Software             **
**                                                                    **
**                                                                    **
**                                                                    **
**                  Windows 64 bits, Intel compiler                   **
**                      Double Precision Version                      **
**                                                                    **
**                                                                    **
**                                                                    **
************************************************************************
** OpenRadioss Software                                               **
** COPYRIGHT (C) 2026 Siemens                                         **
** Licensed under GNU Affero General Public License.                  **
** See License file.                                                  **
************************************************************************
 
 NUMBER OF SPMD DOMAINS           1
 NUMBER OF THREADS PER DOMAIN     1
 NUMBER OF HMPP PROCESSES         1
  
 COMPUTATION HARDWARE DESCRIPTION
  
 HOSTNAME     CPU TYPE, FREQUENCY AND MEMORY
 jeux   AMD Ryzen 5 5600 6-Core Processor               (x86_64), 3700 MHz,   7670 MB RAM,  18217 MB swap
  
 STACKSIZE  . . . . . . . . . . . . . . . . . . . . 1430 MB
 THREAD STACKSIZE . . . . . . . . . . . . . . . . . 400 MB
 
************************************************************************


 I02IF_FIXED_CAP200NSD01                                                         


 FINAL TIME . . . . . . . . . . . . . . . . . . .   3.002000    

 TIME INTERVAL FOR TIME HISTORY PLOTS . . . . . .  0.1000000E-05

 TIME STEP SCALE FACTOR . . . . . . . . . . . . .  0.2000000    

 MINIMUM TIME STEP  . . . . . . . . . . . . . . .   0.000000    


 BRICK TIME STEP SCALE FACTOR . . . . . . . . . .  0.2000000    
 BRICK MINIMUM TIME STEP. . . . . . . . . . . . .   0.000000    
 MIN. TIME STEP FLAG (1:STOP RUN, 2:DELETE BRICK)     1

 QUAD TIME STEP SCALE FACTOR. . . . . . . . . . .  0.2000000    
 QUAD MINIMUM TIME STEP . . . . . . . . . . . . .   0.000000    
 MIN. TIME STEP FLAG (1:STOP RUN, 2:DELETE QUAD).     1

 SHELL TIME STEP SCALE FACTOR . . . . . . . . . .  0.2000000    
 SHELL MINIMUM TIME STEP. . . . . . . . . . . . .   0.000000    
 MIN. TIME FLAG (1:STOP, 2:DELETE, 3:SMALL STRAIN)    2

 TRUSS TIME STEP SCALE FACTOR . . . . . . . . . .  0.2000000    
 TRUSS MINIMUM TIME STEP. . . . . . . . . . . . .   0.000000    
 MIN. TIME FLAG (1:STOP, 2:DELETE). . . . . . . .     0

 BEAM TIME STEP SCALE FACTOR. . . . . . . . . . .  0.2000000    
 BEAM MINIMUM TIME STEP . . . . . . . . . . . . .   0.000000    
 MIN. TIME FLAG (1:STOP, 2:DELETE). . . . . . . .     0

 SPRING TIME STEP SCALE FACTOR. . . . . . . . . .  0.2000000    
 SPRING MINIMUM TIME STEP . . . . . . . . . . . .   0.000000    
 MIN. TIME FLAG (1:STOP, 2:DELETE). . . . . . . .     0

 AIRBAG TIME STEP SCALE FACTOR. . . . . . . . . .  0.2000000    
 AIRBAG MINIMUM TIME STEP . . . . . . . . . . . .   0.000000    
 MIN. TIME FLAG (1:STOP). . . . . . . . . . . . .     0

 CONTACT TIME STEP SCALE FACTOR . . . . . . . . .  0.2000000    
 CONTACT MINIMUM TIME STEP. . . . . . . . . . . .   0.000000    
 MIN. TIME FLAG(1:STOP, 2:REMOVE NODE FROM INTERF)    0

 PRINTOUT CYCLE FREQUENCY . . . . . . . . . . . .  -100

 RESTART CYCLE FREQUENCY. . . . . . . . . . . . .   10000000

 MAXIMUM RESTART WRITE BEFORE OVERWRITE . . . . .     0

 INVERS: INPUT DECK VERSION . . . . . . . . . . .  2026
 ITTYP : FLAG FOR TYPE OF T-FILE. . . . . . . . .     4

 INITIAL TIME STEP. . . . . . . . . . . . . . . .  0.2000000E-03
 MAXIMUM TIME STEP. . . . . . . . . . . . . . . .  0.2000000E-03

 PARALLEL ARITHMETIC ON
 NUMBER OF INTERFACES TO BE ELIMINATED. . . . . .        0

 NUMBER OF PARTS TO BE ELIMINATED . . . . . . . .        0

 NUMBER OF SOLID  ELEMENT BLOCKS TO BE ELIMINATED        0

 NUMBER OF QUAD   ELEMENT BLOCKS TO BE ELIMINATED        0

 NUMBER OF SHELL  ELEMENT BLOCKS TO BE ELIMINATED        0

 NUMBER OF TRUSS  ELEMENT BLOCKS TO BE ELIMINATED        0

 NUMBER OF BEAM   ELEMENT BLOCKS TO BE ELIMINATED        0

 NUMBER OF SPRING ELEMENT BLOCKS TO BE ELIMINATED        0

 NUMBER OF SH_3N  ELEMENT BLOCKS TO BE ELIMINATED        0

 NUMBER OF  SPH PARTICLES BLOCKS TO BE ELIMINATED        0

 NUMBER OF RIGID LINKS. . . . . . . . . . . . . .        0

 NUMBER OF NEW BOUNDARY CONDITIONS. . . . . . . .        0


 TIME FOR FIRST ANIMATION-FILE PLOT . . . . . . .  0.1000000E+31
 TIME INTERVAL FOR ANIMATION-FILE PLOTS . . . . .   0.000000    
 TIME TO STOP ANIMATION-FILE PLOTS. . . . . . . .  0.1000000E+21
 SENSOR FOR ANIMATION-FILE PLOTS. . . . . . . . .          0
 TIME INTERVAL FOR SENSOR ANIMATION-FILE PLOTS. .   0.000000    

 VARIABLE SAVED ON ANIMATION FILES (1: YES) :
      PLASTIC STRAIN. . . . . .     0
      DENSITY     (SOLID ONLY).     0
      SPECIFIC ENERGY . . . . .     0
      HOURGLASS ENERGY. . . . .     0
      TEMPERATURE (SOLID ONLY).     0
      THICKNESS   (SHELL ONLY).     0
      PRESSURE    (SOLID ONLY).     0
      VON MISES . . . . . . . .     0
      TURBULENT ENERGY (FLUID).     0
      TURBULENT VISCOSITY(FLUID)    0
      VORTICITY (FLUID) . . . .     0
 NODAL VALUES SAVED ON ANIMATION FILES (1: YES) :
      PRESSURE. . . . . . . . .     0
      DENSITY . . . . . . . . .     0
      TEMPERATURE . . . . . . .     0
 VECTOR SAVED ON ANIMATION FILES (1: YES) :
      VELOCITY VECTOR . . . . .     0
      DISPLACEMENT VECTOR . . .     0
      ACCELERATION VECTOR . . .     0
      CONTACT FORCES. . . . . .     0
      INTERNAL FORCES . . . . .     0
      EXTERNAL FORCES . . . . .     0
      SECTION RBY RWALL FORCES.     0
      ROTATIONAL VELOCITY VECTOR    0
      CONTACT PRESSURE (VECTORS)    0
 SHELL TENSOR SAVED ON ANIMATION FILES (1: YES) :
      MEMBRANE STRESS . . . . .     0
      BENDING STRESS(MOMENT/T^2)    0
      UPPER LAYER STRESS. . . .     0
      LOWER LAYER STRESS. . . .     0
      MEMBRANE STRAIN . . . . .     0
      CURVATURE . . . . . . . .     0
      UPPER LAYER STRAIN. . . .     0
      LOWER LAYER STRAIN. . . .     0
 NODAL MASS SAVED ON ANIMATION FILES (1: YES) :    0
 KEEP DELETED ELEMENT (1: YES) :    0


 04/10/2026
   CYCLE    TIME      TIME-STEP  ELEMENT          ERROR  I-ENERGY    K-ENERGY T  K-ENERGY R  EXT-WORK     MAS.ERR     TOTAL MASS  MASS ADDED
       0   0.000      0.2000E-03 NODE           2   0.0%   0.000       0.000       0.000       0.000       0.000      0.2000       0.000    
     100  0.2000E-01  0.2000E-03 NODE           2  -0.2%  0.2591E-07  0.2663E-08   0.000      0.2863E-07   0.000      0.2000       0.000    
     200  0.4000E-01  0.2000E-03 NODE           2  -0.0%  0.1559E-05  0.3916E-07   0.000      0.1599E-05   0.000      0.2000       0.000    
     300  0.6000E-01  0.2000E-03 NODE           2  -0.0%  0.1669E-04  0.1822E-06   0.000      0.1688E-04   0.000      0.2000       0.000    
     400  0.8000E-01  0.2000E-03 NODE           2  -0.0%  0.8806E-04  0.5282E-06   0.000      0.8859E-04   0.000      0.2000       0.000    
     500  0.1000      0.2000E-03 NODE           2  -0.0%  0.3151E-03  0.1181E-05   0.000      0.3163E-03   0.000      0.2000       0.000    
     600  0.1200      0.2000E-03 NODE           2  -0.0%  0.8816E-03  0.2238E-05   0.000      0.8839E-03   0.000      0.2000       0.000    
     700  0.1400      0.2000E-03 NODE           2  -0.0%  0.2081E-02  0.3783E-05   0.000      0.2085E-02   0.000      0.2000       0.000    
     800  0.1600      0.2000E-03 NODE           2  -0.0%  0.4337E-02  0.5873E-05   0.000      0.4343E-02   0.000      0.2000       0.000    
     900  0.1800      0.2000E-03 NODE           2  -0.0%  0.8214E-02  0.8543E-05   0.000      0.8223E-02   0.000      0.2000       0.000    
    1000  0.2000      0.2000E-03 NODE           2  -0.0%  0.1443E-01  0.1180E-04   0.000      0.1444E-01   0.000      0.2000       0.000    
    1100  0.2200      0.2000E-03 NODE           2  -0.0%  0.2382E-01  0.1561E-04   0.000      0.2384E-01   0.000      0.2000       0.000    
    1200  0.2400      0.2000E-03 NODE           2  -0.0%  0.3739E-01  0.1992E-04   0.000      0.3741E-01   0.000      0.2000       0.000    
    1300  0.2600      0.2000E-03 NODE           2  -0.0%  0.5622E-01  0.2467E-04   0.000      0.5624E-01   0.000      0.2000       0.000    
    1400  0.2800      0.2000E-03 NODE           2  -0.0%  0.8147E-01  0.2973E-04   0.000      0.8150E-01   0.000      0.2000       0.000    
    1500  0.3000      0.2000E-03 NODE           2  -0.0%  0.1144      0.3501E-04   0.000      0.1144       0.000      0.2000       0.000    
    1600  0.3200      0.2000E-03 NODE           2  -0.0%  0.1561      0.4036E-04   0.000      0.1561       0.000      0.2000       0.000    
    1700  0.3400      0.2000E-03 NODE           2  -0.0%  0.2078      0.4564E-04   0.000      0.2079       0.000      0.2000       0.000    
    1800  0.3600      0.2000E-03 NODE           2  -0.0%  0.2707      0.5072E-04   0.000      0.2707       0.000      0.2000       0.000    
    1900  0.3800      0.2000E-03 NODE           2  -0.0%  0.3456      0.5546E-04   0.000      0.3456       0.000      0.2000       0.000    
    2000  0.4000      0.2000E-03 NODE           2  -0.0%  0.4333      0.5972E-04   0.000      0.4334       0.000      0.2000       0.000    
    2100  0.4200      0.2000E-03 NODE           2  -0.0%  0.5344      0.6338E-04   0.000      0.5345       0.000      0.2000       0.000    
    2200  0.4400      0.2000E-03 NODE           2  -0.0%  0.6493      0.6635E-04   0.000      0.6493       0.000      0.2000       0.000    
    2300  0.4600      0.2000E-03 NODE           2  -0.0%  0.7779      0.6853E-04   0.000      0.7779       0.000      0.2000       0.000    
    2400  0.4800      0.2000E-03 NODE           2  -0.0%  0.9200      0.6986E-04   0.000      0.9200       0.000      0.2000       0.000    
    2500  0.5000      0.2000E-03 NODE           2  -0.0%   1.075      0.7031E-04   0.000       1.075       0.000      0.2000       0.000    
    2600  0.5200      0.2000E-03 NODE           2   0.0%   1.242      0.6986E-04   0.000       1.242       0.000      0.2000       0.000    
    2700  0.5400      0.2000E-03 NODE           2   0.0%   1.420      0.6853E-04   0.000       1.420       0.000      0.2000       0.000    
    2800  0.5600      0.2000E-03 NODE           2   0.0%   1.608      0.6635E-04   0.000       1.608       0.000      0.2000       0.000    
    2900  0.5800      0.2000E-03 NODE           2   0.0%   1.803      0.6338E-04   0.000       1.803       0.000      0.2000       0.000    
    3000  0.6000      0.2000E-03 NODE           2   0.0%   2.003      0.5972E-04   0.000       2.003       0.000      0.2000       0.000    
    3100  0.6200      0.2000E-03 NODE           2   0.0%   2.208      0.5546E-04   0.000       2.208       0.000      0.2000       0.000    
    3200  0.6400      0.2000E-03 NODE           2   0.0%   2.413      0.5072E-04   0.000       2.413       0.000      0.2000       0.000    
    3300  0.6600      0.2000E-03 NODE           2   0.0%   2.617      0.4564E-04   0.000       2.617       0.000      0.2000       0.000    
    3400  0.6800      0.2000E-03 NODE           2   0.0%   2.818      0.4036E-04   0.000       2.818       0.000      0.2000       0.000    
    3500  0.7000      0.2000E-03 NODE           2   0.0%   3.012      0.3501E-04   0.000       3.012       0.000      0.2000       0.000    
    3600  0.7200      0.2000E-03 NODE           2   0.0%   3.198      0.2973E-04   0.000       3.198       0.000      0.2000       0.000    
    3700  0.7400      0.2000E-03 NODE           2   0.0%   3.373      0.2467E-04   0.000       3.373       0.000      0.2000       0.000    
    3800  0.7600      0.2000E-03 NODE           2   0.0%   3.535      0.1992E-04   0.000       3.535       0.000      0.2000       0.000    
    3900  0.7800      0.2000E-03 NODE           2   0.0%   3.684      0.1561E-04   0.000       3.684       0.000      0.2000       0.000    
    4000  0.8000      0.2000E-03 NODE           2   0.0%   3.816      0.1180E-04   0.000       3.816       0.000      0.2000       0.000    
    4100  0.8200      0.2000E-03 NODE           2   0.0%   3.932      0.8543E-05   0.000       3.932       0.000      0.2000       0.000    
    4200  0.8400      0.2000E-03 NODE           2   0.0%   4.031      0.5873E-05   0.000       4.031       0.000      0.2000       0.000    
    4300  0.8600      0.2000E-03 NODE           2   0.0%   4.113      0.3783E-05   0.000       4.113       0.000      0.2000       0.000    
    4400  0.8800      0.2000E-03 NODE           2   0.0%   4.178      0.2238E-05   0.000       4.178       0.000      0.2000       0.000    
    4500  0.9000      0.2000E-03 NODE           2   0.0%   4.227      0.1181E-05   0.000       4.227       0.000      0.2000       0.000    
    4600  0.9200      0.2000E-03 NODE           2   0.0%   4.261      0.5282E-06   0.000       4.261       0.000      0.2000       0.000    
    4700  0.9400      0.2000E-03 NODE           2   0.0%   4.283      0.1822E-06   0.000       4.283       0.000      0.2000       0.000    
    4800  0.9600      0.2000E-03 NODE           2   0.0%   4.295      0.3916E-07   0.000       4.295       0.000      0.2000       0.000    
    4900  0.9800      0.2000E-03 NODE           2   0.0%   4.299      0.2663E-08   0.000       4.299       0.000      0.2000       0.000    
    5000   1.000      0.2000E-03 NODE           2   0.0%   4.300      0.5046E-13   0.000       4.300       0.000      0.2000       0.000    
    5100   1.020      0.2000E-03 NODE           2  -0.0%   4.300      0.1078E-06   0.000       4.300       0.000      0.2000       0.000    
    5200   1.040      0.2000E-03 NODE           2  -0.0%   4.300      0.1586E-05   0.000       4.300       0.000      0.2000       0.000    
    5300   1.060      0.2000E-03 NODE           2  -0.0%   4.302      0.7377E-05   0.000       4.302       0.000      0.2000       0.000    
    5400   1.080      0.2000E-03 NODE           2  -0.0%   4.309      0.2139E-04   0.000       4.309       0.000      0.2000       0.000    
    5500   1.100      0.2000E-03 NODE           2  -0.0%   4.333      0.4783E-04   0.000       4.333       0.000      0.2000       0.000    
    5600   1.120      0.2000E-03 NODE           2  -0.0%   4.393      0.9065E-04   0.000       4.393       0.000      0.2000       0.000    
    5700   1.140      0.2000E-03 NODE           2  -0.0%   4.520      0.1532E-03   0.000       4.520       0.000      0.2000       0.000    
    5800   1.160      0.2000E-03 NODE           2  -0.0%   4.757      0.2378E-03   0.000       4.758       0.000      0.2000       0.000    
    5900   1.180      0.2000E-03 NODE           2  -0.0%   5.166      0.3460E-03   0.000       5.167       0.000      0.2000       0.000    
    6000   1.200      0.2000E-03 NODE           2  -0.0%   5.822      0.4777E-03   0.000       5.822       0.000      0.2000       0.000    
    6100   1.220      0.2000E-03 NODE           2  -0.0%   6.801      0.6321E-03   0.000       6.801       0.000      0.2000       0.000    
    6200   1.240      0.2000E-03 NODE           2  -0.0%   7.967      0.8068E-03   0.000       7.968       0.000      0.2000       0.000    
    6300   1.260      0.2000E-03 NODE           2  -0.0%   9.244      0.9989E-03   0.000       9.245       0.000      0.2000       0.000    
    6400   1.280      0.2000E-03 NODE           2  -0.0%   10.62      0.1204E-02   0.000       10.62       0.000      0.2000       0.000    
    6500   1.300      0.2000E-03 NODE           2  -0.0%   12.07      0.1418E-02   0.000       12.07       0.000      0.2000       0.000    
    6600   1.320      0.2000E-03 NODE           2  -0.0%   13.59      0.1634E-02   0.000       13.59       0.000      0.2000       0.000    
    6700   1.340      0.2000E-03 NODE           2  -0.0%   15.16      0.1848E-02   0.000       15.16       0.000      0.2000       0.000    
    6800   1.360      0.2000E-03 NODE           2  -0.0%   16.74      0.2054E-02   0.000       16.75       0.000      0.2000       0.000    
    6900   1.380      0.2000E-03 NODE           2  -0.0%   18.34      0.2246E-02   0.000       18.34       0.000      0.2000       0.000    
    7000   1.400      0.2000E-03 NODE           2  -0.0%   19.92      0.2418E-02   0.000       19.92       0.000      0.2000       0.000    
    7100   1.420      0.2000E-03 NODE           2  -0.0%   21.46      0.2567E-02   0.000       21.47       0.000      0.2000       0.000    
    7200   1.440      0.2000E-03 NODE           2  -0.0%   22.96      0.2687E-02   0.000       22.96       0.000      0.2000       0.000    
    7300   1.460      0.2000E-03 NODE           2  -0.0%   24.39      0.2775E-02   0.000       24.39       0.000      0.2000       0.000    
    7400   1.480      0.2000E-03 NODE           2  -0.0%   25.74      0.2829E-02   0.000       25.74       0.000      0.2000       0.000    
    7500   1.500      0.2000E-03 NODE           2   0.0%   27.00      0.2847E-02   0.000       27.00       0.000      0.2000       0.000    
    7600   1.520      0.2000E-03 SPRIN          1   0.0%   28.16      0.2829E-02   0.000       28.16       0.000      0.2000       0.000    
    7700   1.540      0.2000E-03 SPRIN          1   0.0%   29.21      0.2775E-02   0.000       29.21       0.000      0.2000       0.000    
    7800   1.560      0.2000E-03 SPRIN          1   0.0%   30.15      0.2687E-02   0.000       30.16       0.000      0.2000       0.000    
    7900   1.580      0.2000E-03 SPRIN          1   0.0%   30.98      0.2567E-02   0.000       30.99       0.000      0.2000       0.000    
    8000   1.600      0.2000E-03 SPRIN          1   0.0%   31.70      0.2418E-02   0.000       31.71       0.000      0.2000       0.000    
    8100   1.620      0.2000E-03 SPRIN          1   0.0%   32.32      0.2246E-02   0.000       32.32       0.000      0.2000       0.000    
    8200   1.640      0.2000E-03 SPRIN          1   0.0%   32.83      0.2054E-02   0.000       32.83       0.000      0.2000       0.000    
    8300   1.660      0.2000E-03 SPRIN          1   0.0%   33.24      0.1848E-02   0.000       33.24       0.000      0.2000       0.000    
    8400   1.680      0.2000E-03 SPRIN          1   0.0%   33.57      0.1634E-02   0.000       33.57       0.000      0.2000       0.000    
    8500   1.700      0.2000E-03 SPRIN          1   0.0%   33.82      0.1418E-02   0.000       33.83       0.000      0.2000       0.000    
    8600   1.720      0.2000E-03 SPRIN          1   0.0%   34.01      0.1204E-02   0.000       34.01       0.000      0.2000       0.000    
    8700   1.740      0.2000E-03 SPRIN          1   0.0%   34.14      0.9989E-03   0.000       34.14       0.000      0.2000       0.000    
    8800   1.760      0.2000E-03 SPRIN          1   0.0%   34.23      0.8068E-03   0.000       34.23       0.000      0.2000       0.000    
    8900   1.780      0.2000E-03 SPRIN          1   0.0%   34.27      0.6321E-03   0.000       34.27       0.000      0.2000       0.000    
    9000   1.800      0.2000E-03 SPRIN          1   0.0%   34.30      0.4777E-03   0.000       34.30       0.000      0.2000       0.000    
 -- RUPTURE OF SPRING ELEMENT NUMBER          1
    9100   1.820      0.2000E-03 SPRIN          1  -0.0%   34.30      0.3460E-03   0.000       34.30       0.000      0.2000       0.000    
    9200   1.840      0.2000E-03 SPRIN          1  -0.0%   34.30      0.2378E-03   0.000       34.30       0.000      0.2000       0.000    
    9300   1.860      0.2000E-03 SPRIN          1  -0.0%   34.30      0.1532E-03   0.000       34.30       0.000      0.2000       0.000    
    9400   1.880      0.2000E-03 SPRIN          1  -0.0%   34.30      0.9065E-04   0.000       34.30       0.000      0.2000       0.000    
    9500   1.900      0.2000E-03 SPRIN          1  -0.0%   34.30      0.4783E-04   0.000       34.30       0.000      0.2000       0.000    
    9600   1.920      0.2000E-03 SPRIN          1  -0.0%   34.30      0.2139E-04   0.000       34.30       0.000      0.2000       0.000    
    9700   1.940      0.2000E-03 SPRIN          1  -0.0%   34.30      0.7377E-05   0.000       34.30       0.000      0.2000       0.000    
    9800   1.960      0.2000E-03 SPRIN          1  -0.0%   34.30      0.1586E-05   0.000       34.30       0.000      0.2000       0.000    
    9900   1.980      0.2000E-03 SPRIN          1  -0.0%   34.30      0.1078E-06   0.000       34.30       0.000      0.2000       0.000    
   CYCLE    TIME      TIME-STEP  ELEMENT          ERROR  I-ENERGY    K-ENERGY T  K-ENERGY R  EXT-WORK     MAS.ERR     TOTAL MASS  MASS ADDED
   10000   2.000      0.2000E-03 SPRIN          1   0.0%   34.30      0.4924E-13   0.000       34.30       0.000      0.2000       0.000    
   10100   2.020      0.2000E-03 SPRIN          1   0.0%   34.30       0.000       0.000       34.30       0.000      0.2000       0.000    
   10200   2.040      0.2000E-03 SPRIN          1   0.0%   34.30       0.000       0.000       34.30       0.000      0.2000       0.000    
   10300   2.060      0.2000E-03 SPRIN          1   0.0%   34.30       0.000       0.000       34.30       0.000      0.2000       0.000    
   10400   2.080      0.2000E-03 SPRIN          1   0.0%   34.30       0.000       0.000       34.30       0.000      0.2000       0.000    
   10500   2.100      0.2000E-03 SPRIN          1   0.0%   34.30       0.000       0.000       34.30       0.000      0.2000       0.000    
   10600   2.120      0.2000E-03 SPRIN          1   0.0%   34.30       0.000       0.000       34.30       0.000      0.2000       0.000    
   10700   2.140      0.2000E-03 SPRIN          1   0.0%   34.30       0.000       0.000       34.30       0.000      0.2000       0.000    
   10800   2.160      0.2000E-03 SPRIN          1   0.0%   34.30       0.000       0.000       34.30       0.000      0.2000       0.000    
   10900   2.180      0.2000E-03 SPRIN          1   0.0%   34.30       0.000       0.000       34.30       0.000      0.2000       0.000    
   11000   2.200      0.2000E-03 SPRIN          1   0.0%   34.30       0.000       0.000       34.30       0.000      0.2000       0.000    
   11100   2.220      0.2000E-03 SPRIN          1   0.0%   34.30       0.000       0.000       34.30       0.000      0.2000       0.000    
   11200   2.240      0.2000E-03 SPRIN          1   0.0%   34.30       0.000       0.000       34.30       0.000      0.2000       0.000    
   11300   2.260      0.2000E-03 SPRIN          1   0.0%   34.30       0.000       0.000       34.30       0.000      0.2000       0.000    
   11400   2.280      0.2000E-03 SPRIN          1   0.0%   34.30       0.000       0.000       34.30       0.000      0.2000       0.000    
   11500   2.300      0.2000E-03 SPRIN          1   0.0%   34.30       0.000       0.000       34.30       0.000      0.2000       0.000    
   11600   2.320      0.2000E-03 SPRIN          1   0.0%   34.30       0.000       0.000       34.30       0.000      0.2000       0.000    
   11700   2.340      0.2000E-03 SPRIN          1   0.0%   34.30       0.000       0.000       34.30       0.000      0.2000       0.000    
   11800   2.360      0.2000E-03 SPRIN          1   0.0%   34.30       0.000       0.000       34.30       0.000      0.2000       0.000    
   11900   2.380      0.2000E-03 SPRIN          1   0.0%   34.30       0.000       0.000       34.30       0.000      0.2000       0.000    
   12000   2.400      0.2000E-03 SPRIN          1   0.0%   34.30       0.000       0.000       34.30       0.000      0.2000       0.000    
   12100   2.420      0.2000E-03 SPRIN          1   0.0%   34.30       0.000       0.000       34.30       0.000      0.2000       0.000    
   12200   2.440      0.2000E-03 SPRIN          1   0.0%   34.30       0.000       0.000       34.30       0.000      0.2000       0.000    
   12300   2.460      0.2000E-03 SPRIN          1   0.0%   34.30       0.000       0.000       34.30       0.000      0.2000       0.000    
   12400   2.480      0.2000E-03 SPRIN          1   0.0%   34.30       0.000       0.000       34.30       0.000      0.2000       0.000    
   12500   2.500      0.2000E-03 SPRIN          1   0.0%   34.30       0.000       0.000       34.30       0.000      0.2000       0.000    
   12600   2.520      0.2000E-03 SPRIN          1   0.0%   34.30       0.000       0.000       34.30       0.000      0.2000       0.000    
   12700   2.540      0.2000E-03 SPRIN          1   0.0%   34.30       0.000       0.000       34.30       0.000      0.2000       0.000    
   12800   2.560      0.2000E-03 SPRIN          1   0.0%   34.30       0.000       0.000       34.30       0.000      0.2000       0.000    
   12900   2.580      0.2000E-03 SPRIN          1   0.0%   34.30       0.000       0.000       34.30       0.000      0.2000       0.000    
   13000   2.600      0.2000E-03 SPRIN          1   0.0%   34.30       0.000       0.000       34.30       0.000      0.2000       0.000    
   13100   2.620      0.2000E-03 SPRIN          1   0.0%   34.30       0.000       0.000       34.30       0.000      0.2000       0.000    
   13200   2.640      0.2000E-03 SPRIN          1   0.0%   34.30       0.000       0.000       34.30       0.000      0.2000       0.000    
   13300   2.660      0.2000E-03 SPRIN          1   0.0%   34.30       0.000       0.000       34.30       0.000      0.2000       0.000    
   13400   2.680      0.2000E-03 SPRIN          1   0.0%   34.30       0.000       0.000       34.30       0.000      0.2000       0.000    
   13500   2.700      0.2000E-03 SPRIN          1   0.0%   34.30       0.000       0.000       34.30       0.000      0.2000       0.000    
   13600   2.720      0.2000E-03 SPRIN          1   0.0%   34.30       0.000       0.000       34.30       0.000      0.2000       0.000    
   13700   2.740      0.2000E-03 SPRIN          1   0.0%   34.30       0.000       0.000       34.30       0.000      0.2000       0.000    
   13800   2.760      0.2000E-03 SPRIN          1   0.0%   34.30       0.000       0.000       34.30       0.000      0.2000       0.000    
   13900   2.780      0.2000E-03 SPRIN          1   0.0%   34.30       0.000       0.000       34.30       0.000      0.2000       0.000    
   14000   2.800      0.2000E-03 SPRIN          1   0.0%   34.30       0.000       0.000       34.30       0.000      0.2000       0.000    
   14100   2.820      0.2000E-03 SPRIN          1   0.0%   34.30       0.000       0.000       34.30       0.000      0.2000       0.000    
   14200   2.840      0.2000E-03 SPRIN          1   0.0%   34.30       0.000       0.000       34.30       0.000      0.2000       0.000    
   14300   2.860      0.2000E-03 SPRIN          1   0.0%   34.30       0.000       0.000       34.30       0.000      0.2000       0.000    
   14400   2.880      0.2000E-03 SPRIN          1   0.0%   34.30       0.000       0.000       34.30       0.000      0.2000       0.000    
   14500   2.900      0.2000E-03 SPRIN          1   0.0%   34.30       0.000       0.000       34.30       0.000      0.2000       0.000    
   14600   2.920      0.2000E-03 SPRIN          1   0.0%   34.30       0.000       0.000       34.30       0.000      0.2000       0.000    
   14700   2.940      0.2000E-03 SPRIN          1   0.0%   34.30       0.000       0.000       34.30       0.000      0.2000       0.000    
   14800   2.960      0.2000E-03 SPRIN          1   0.0%   34.30       0.000       0.000       34.30       0.000      0.2000       0.000    
   14900   2.980      0.2000E-03 SPRIN          1   0.0%   34.30       0.000       0.000       34.30       0.000      0.2000       0.000    
   15000   3.000      0.2000E-03 SPRIN          1   0.0%   34.30       0.000       0.000       34.30       0.000      0.2000       0.000    

     RESTART FILES: I02IF_FIXED_CAP200NS_0001_[0001-0001].rst WRITTEN
     -------------

  
                           ** CPU USER TIME **
  
  
                        ** SUMMARY **
  
 #PROC  ELEMENT   KINCOND   INTEG     IO        T0        ASM       RESOL    
   1   .9375E-01 .9375E-01 .4688E-01 .3125E+00 .2500E+00 .6250E-01 .1000E+01
  
 
                   ** CUMULATIVE CPU TIME SUMMARY **
  
 CONTACT SORTING.............: .0000E+00     0.00 % 
 CONTACT FORCES..............: .0000E+00     0.00 % 
 ELEMENT FORCES..............: .9375E-01     9.38 % 
 KINEMATIC COND..............: .9375E-01     9.38 % 
 INTEGRATION.................: .4688E-01     4.69 % 
 ASSEMBLING..................: .6250E-01     6.25 % 
 OTHERS (including I/O)......: .7031E+00    70.31 % 
 TOTAL.......................: .1000E+01   100.00 % 
  
  
                           ** ELAPSED TIME **
  
  
                        ** SUMMARY **
  
 #PROC  ELEMENT   KINCOND   INTEG     IO        T0        ASM       RESOL    
   1   .9764E-01 .6778E-01 .5215E-01 .3196E+00 .1740E+00 .3165E-01 .1007E+01
  
                   ** MEMORY USAGE STATISTICS **
  
 TOTAL MEMORY USED .........................:       47 MB
 MAXIMUM MEMORY PER PROCESSOR...............:       47 MB
 MINIMUM MEMORY PER PROCESSOR...............:       47 MB
 AVERAGE MEMORY PER PROCESSOR...............:       47 MB
  
                   ** DISK USAGE STATISTICS **
  
 TOTAL DISK SPACE USED .....................:          3 MB
 ANIMATION/H3D/TH/OUTP SIZE ................:          2 MB
 RESTART FILE SIZE .........................:          0 MB
  
                   ** COMPUTE TIME INFORMATION **
                        ** CURRENT ENGINE **
  
 EXECUTION STARTED .........................:      2026/10/04  10:22:13
 EXECUTION COMPLETED .......................:      2026/10/04  10:22:14
  
 ELAPSED TIME     =          1.04 s
                          0:00:01



     NORMAL TERMINATION      



     TOTAL NUMBER OF CYCLES  :   15011

  
                   ** COMPUTE RUNTIME INFORMATION SUMMARY **
  
        STARTER RUNTIME =          6.21s (00:00:06)
 # 001   ENGINE RUNTIME =          1.04s (00:00:01)
 ------------------------------ 
 STARTER+ENGINE RUNTIME =          7.25s (00:00:07)
  
