 I02C_SHEAR_ELASTIC_H025_R1_0001.out
************************************************************************
**                                                                    **
**                                                                    **
**                         OpenRadioss Engine                         **
**                                                                    **
**            Non-linear Finite Element Analysis Software             **
**                                                                    **
**                                                                    **
**                                                                    **
**                  Windows 64 bits, Intel compiler                   **
**                      Double Precision Version                      **
**                                                                    **
**                                                                    **
**                                                                    **
************************************************************************
** OpenRadioss Software                                               **
** COPYRIGHT (C) 2026 Siemens                                         **
** Licensed under GNU Affero General Public License.                  **
** See License file.                                                  **
************************************************************************
 
 NUMBER OF SPMD DOMAINS           1
 NUMBER OF THREADS PER DOMAIN     1
 NUMBER OF HMPP PROCESSES         1
  
 COMPUTATION HARDWARE DESCRIPTION
  
 HOSTNAME     CPU TYPE, FREQUENCY AND MEMORY
 jeux   AMD Ryzen 5 5600 6-Core Processor               (x86_64), 3700 MHz,   7617 MB RAM,  18090 MB swap
  
 STACKSIZE  . . . . . . . . . . . . . . . . . . . . 1430 MB
 THREAD STACKSIZE . . . . . . . . . . . . . . . . . 400 MB
 
************************************************************************


 I02C_SHEAR_ELASTIC_H025_R1D01                                                   


 FINAL TIME . . . . . . . . . . . . . . . . . . .   1.200000    

 TIME INTERVAL FOR TIME HISTORY PLOTS . . . . . .  0.1000000E-02

 TIME STEP SCALE FACTOR . . . . . . . . . . . . .  0.2000000    

 MINIMUM TIME STEP  . . . . . . . . . . . . . . .   0.000000    


 BRICK TIME STEP SCALE FACTOR . . . . . . . . . .  0.2000000    
 BRICK MINIMUM TIME STEP. . . . . . . . . . . . .   0.000000    
 MIN. TIME STEP FLAG (1:STOP RUN, 2:DELETE BRICK)     1

 QUAD TIME STEP SCALE FACTOR. . . . . . . . . . .  0.2000000    
 QUAD MINIMUM TIME STEP . . . . . . . . . . . . .   0.000000    
 MIN. TIME STEP FLAG (1:STOP RUN, 2:DELETE QUAD).     1

 SHELL TIME STEP SCALE FACTOR . . . . . . . . . .  0.2000000    
 SHELL MINIMUM TIME STEP. . . . . . . . . . . . .   0.000000    
 MIN. TIME FLAG (1:STOP, 2:DELETE, 3:SMALL STRAIN)    2

 TRUSS TIME STEP SCALE FACTOR . . . . . . . . . .  0.2000000    
 TRUSS MINIMUM TIME STEP. . . . . . . . . . . . .   0.000000    
 MIN. TIME FLAG (1:STOP, 2:DELETE). . . . . . . .     0

 BEAM TIME STEP SCALE FACTOR. . . . . . . . . . .  0.2000000    
 BEAM MINIMUM TIME STEP . . . . . . . . . . . . .   0.000000    
 MIN. TIME FLAG (1:STOP, 2:DELETE). . . . . . . .     0

 SPRING TIME STEP SCALE FACTOR. . . . . . . . . .  0.2000000    
 SPRING MINIMUM TIME STEP . . . . . . . . . . . .   0.000000    
 MIN. TIME FLAG (1:STOP, 2:DELETE). . . . . . . .     0

 AIRBAG TIME STEP SCALE FACTOR. . . . . . . . . .  0.2000000    
 AIRBAG MINIMUM TIME STEP . . . . . . . . . . . .   0.000000    
 MIN. TIME FLAG (1:STOP). . . . . . . . . . . . .     0

 CONTACT TIME STEP SCALE FACTOR . . . . . . . . .  0.2000000    
 CONTACT MINIMUM TIME STEP. . . . . . . . . . . .   0.000000    
 MIN. TIME FLAG(1:STOP, 2:REMOVE NODE FROM INTERF)    0

 PRINTOUT CYCLE FREQUENCY . . . . . . . . . . . .  -100

 RESTART CYCLE FREQUENCY. . . . . . . . . . . . .   10000000

 MAXIMUM RESTART WRITE BEFORE OVERWRITE . . . . .     0

 INVERS: INPUT DECK VERSION . . . . . . . . . . .  2026
 ITTYP : FLAG FOR TYPE OF T-FILE. . . . . . . . .     4

 INITIAL TIME STEP. . . . . . . . . . . . . . . .  0.5000000E-04
 MAXIMUM TIME STEP. . . . . . . . . . . . . . . .  0.5000000E-04

 PARALLEL ARITHMETIC ON
 NUMBER OF INTERFACES TO BE ELIMINATED. . . . . .        0

 NUMBER OF PARTS TO BE ELIMINATED . . . . . . . .        0

 NUMBER OF SOLID  ELEMENT BLOCKS TO BE ELIMINATED        0

 NUMBER OF QUAD   ELEMENT BLOCKS TO BE ELIMINATED        0

 NUMBER OF SHELL  ELEMENT BLOCKS TO BE ELIMINATED        0

 NUMBER OF TRUSS  ELEMENT BLOCKS TO BE ELIMINATED        0

 NUMBER OF BEAM   ELEMENT BLOCKS TO BE ELIMINATED        0

 NUMBER OF SPRING ELEMENT BLOCKS TO BE ELIMINATED        0

 NUMBER OF SH_3N  ELEMENT BLOCKS TO BE ELIMINATED        0

 NUMBER OF  SPH PARTICLES BLOCKS TO BE ELIMINATED        0

 NUMBER OF RIGID LINKS. . . . . . . . . . . . . .        0

 NUMBER OF NEW BOUNDARY CONDITIONS. . . . . . . .        0


 TIME FOR FIRST ANIMATION-FILE PLOT . . . . . . .   0.000000    
 TIME INTERVAL FOR ANIMATION-FILE PLOTS . . . . .  0.4000000E-01
 TIME TO STOP ANIMATION-FILE PLOTS. . . . . . . .  0.1000000E+21
 SENSOR FOR ANIMATION-FILE PLOTS. . . . . . . . .          0
 TIME INTERVAL FOR SENSOR ANIMATION-FILE PLOTS. .   0.000000    

 VARIABLE SAVED ON ANIMATION FILES (1: YES) :
      PLASTIC STRAIN. . . . . .     0
      DENSITY     (SOLID ONLY).     0
      SPECIFIC ENERGY . . . . .     0
      HOURGLASS ENERGY. . . . .     0
      TEMPERATURE (SOLID ONLY).     0
      THICKNESS   (SHELL ONLY).     0
      PRESSURE    (SOLID ONLY).     0
      VON MISES . . . . . . . .     0
      TURBULENT ENERGY (FLUID).     0
      TURBULENT VISCOSITY(FLUID)    0
      VORTICITY (FLUID) . . . .     0
 NODAL VALUES SAVED ON ANIMATION FILES (1: YES) :
      PRESSURE. . . . . . . . .     0
      DENSITY . . . . . . . . .     0
      TEMPERATURE . . . . . . .     0
 VECTOR SAVED ON ANIMATION FILES (1: YES) :
      VELOCITY VECTOR . . . . .     1
      DISPLACEMENT VECTOR . . .     1
      ACCELERATION VECTOR . . .     0
      CONTACT FORCES. . . . . .     0
      INTERNAL FORCES . . . . .     0
      EXTERNAL FORCES . . . . .     0
      SECTION RBY RWALL FORCES.     0
      ROTATIONAL VELOCITY VECTOR    0
      CONTACT PRESSURE (VECTORS)    0
 SHELL TENSOR SAVED ON ANIMATION FILES (1: YES) :
      MEMBRANE STRESS . . . . .     0
      BENDING STRESS(MOMENT/T^2)    0
      UPPER LAYER STRESS. . . .     0
      LOWER LAYER STRESS. . . .     0
      MEMBRANE STRAIN . . . . .     0
      CURVATURE . . . . . . . .     0
      UPPER LAYER STRAIN. . . .     0
      LOWER LAYER STRAIN. . . .     0
 NODAL MASS SAVED ON ANIMATION FILES (1: YES) :    0
 KEEP DELETED ELEMENT (1: YES) :    0


 13/09/2026
   CYCLE    TIME      TIME-STEP  ELEMENT          ERROR  I-ENERGY    K-ENERGY T  K-ENERGY R  EXT-WORK     MAS.ERR     TOTAL MASS  MASS ADDED
       0   0.000      0.5000E-04 NODE         195   0.0%   0.000       0.000       0.000       0.000       0.000       13.72       0.000    
     ANIMATION FILE: I02C_SHEAR_ELASTIC_H025_R1A001 WRITTEN
     100  0.5000E-02  0.5000E-04 NODE         195  -0.1%  0.8218E-07  0.8289E-07   0.000      0.1652E-06   0.000       13.72       0.000    
     200  0.1000E-01  0.5000E-04 NODE         195  -0.0%  0.6279E-06  0.6840E-06   0.000      0.1312E-05   0.000       13.72       0.000    
     300  0.1500E-01  0.5000E-04 NODE         195  -0.0%  0.1762E-05  0.2617E-05   0.000      0.4378E-05   0.000       13.72       0.000    
     400  0.2000E-01  0.5000E-04 NODE         195  -0.0%  0.3873E-05  0.5497E-05   0.000      0.9370E-05   0.000       13.72       0.000    
     500  0.2500E-01  0.5000E-04 NODE         195  -0.0%  0.8677E-05  0.8102E-05   0.000      0.1678E-04   0.000       13.72       0.000    
     600  0.3000E-01  0.5000E-04 NODE         195  -0.0%  0.1774E-04  0.9592E-05   0.000      0.2733E-04   0.000       13.72       0.000    
     700  0.3500E-01  0.5000E-04 NODE         195  -0.0%  0.3265E-04  0.1085E-04   0.000      0.4350E-04   0.000       13.72       0.000    
     800  0.4000E-01  0.5000E-04 NODE         195  -0.0%  0.5561E-04  0.1432E-04   0.000      0.6994E-04   0.000       13.72       0.000    
     ANIMATION FILE: I02C_SHEAR_ELASTIC_H025_R1A002 WRITTEN
     900  0.4500E-01  0.5000E-04 NODE         195  -0.0%  0.8848E-04  0.2124E-04   0.000      0.1097E-03   0.000       13.72       0.000    
    1000  0.5000E-01  0.5000E-04 NODE         195  -0.0%  0.1333E-03  0.2867E-04   0.000      0.1619E-03   0.000       13.72       0.000    
    1100  0.5500E-01  0.5000E-04 NODE         195  -0.0%  0.1934E-03  0.3288E-04   0.000      0.2263E-03   0.000       13.72       0.000    
    1200  0.6000E-01  0.5000E-04 NODE         195  -0.0%  0.2720E-03  0.3502E-04   0.000      0.3070E-03   0.000       13.72       0.000    
    1300  0.6500E-01  0.5000E-04 NODE         202  -0.0%  0.3720E-03  0.3840E-04   0.000      0.4104E-03   0.000       13.72       0.000    
    1400  0.7000E-01  0.5000E-04 NODE         195  -0.0%  0.4972E-03  0.4416E-04   0.000      0.5414E-03   0.000       13.72       0.000    
    1500  0.7500E-01  0.5000E-04 NODE         195  -0.0%  0.6507E-03  0.5452E-04   0.000      0.7052E-03   0.000       13.72       0.000    
    1600  0.8000E-01  0.5000E-04 NODE         195  -0.0%  0.8360E-03  0.6584E-04   0.000      0.9018E-03   0.000       13.72       0.000    
     ANIMATION FILE: I02C_SHEAR_ELASTIC_H025_R1A003 WRITTEN
    1700  0.8500E-01  0.5000E-04 NODE         195  -0.0%  0.1058E-02  0.7229E-04   0.000      0.1130E-02   0.000       13.72       0.000    
    1800  0.9000E-01  0.5000E-04 NODE         202  -0.0%  0.1320E-02  0.7354E-04   0.000      0.1393E-02   0.000       13.72       0.000    
    1900  0.9500E-01  0.5000E-04 NODE         195  -0.0%  0.1627E-02  0.7758E-04   0.000      0.1705E-02   0.000       13.72       0.000    
    2000  0.1000      0.5000E-04 NODE         202  -0.0%  0.1984E-02  0.8738E-04   0.000      0.2071E-02   0.000       13.72       0.000    
    2100  0.1050      0.5000E-04 NODE         195  -0.0%  0.2394E-02  0.1006E-03   0.000      0.2494E-02   0.000       13.72       0.000    
    2200  0.1100      0.5000E-04 NODE         195  -0.0%  0.2862E-02  0.1133E-03   0.000      0.2976E-02   0.000       13.72       0.000    
    2300  0.1150      0.5000E-04 NODE         195  -0.0%  0.3395E-02  0.1217E-03   0.000      0.3516E-02   0.000       13.72       0.000    
    2400  0.1200      0.5000E-04 NODE         195  -0.0%  0.3996E-02  0.1235E-03   0.000      0.4119E-02   0.000       13.72       0.000    
     ANIMATION FILE: I02C_SHEAR_ELASTIC_H025_R1A004 WRITTEN
    2500  0.1250      0.5000E-04 NODE         195  -0.0%  0.4670E-02  0.1268E-03   0.000      0.4797E-02   0.000       13.72       0.000    
    2600  0.1300      0.5000E-04 NODE         195  -0.0%  0.5424E-02  0.1383E-03   0.000      0.5563E-02   0.000       13.72       0.000    
    2700  0.1350      0.5000E-04 NODE         195  -0.0%  0.6262E-02  0.1566E-03   0.000      0.6419E-02   0.000       13.72       0.000    
    2800  0.1400      0.5000E-04 NODE         195  -0.0%  0.7189E-02  0.1701E-03   0.000      0.7359E-02   0.000       13.72       0.000    
    2900  0.1450      0.5000E-04 NODE         195  -0.0%  0.8212E-02  0.1773E-03   0.000      0.8389E-02   0.000       13.72       0.000    
    3000  0.1500      0.5000E-04 NODE         195  -0.0%  0.9335E-02  0.1802E-03   0.000      0.9515E-02   0.000       13.72       0.000    
    3100  0.1550      0.5000E-04 NODE         195  -0.0%  0.1056E-01  0.1847E-03   0.000      0.1075E-01   0.000       13.72       0.000    
    3200  0.1600      0.5000E-04 NODE         195  -0.0%  0.1191E-01  0.1963E-03   0.000      0.1210E-01   0.000       13.72       0.000    
     ANIMATION FILE: I02C_SHEAR_ELASTIC_H025_R1A005 WRITTEN
    3300  0.1650      0.5000E-04 NODE         195  -0.0%  0.1337E-01  0.2167E-03   0.000      0.1358E-01   0.000       13.72       0.000    
    3400  0.1700      0.5000E-04 NODE         195  -0.0%  0.1495E-01  0.2336E-03   0.000      0.1518E-01   0.000       13.72       0.000    
    3500  0.1750      0.5000E-04 NODE         195  -0.0%  0.1666E-01  0.2393E-03   0.000      0.1690E-01   0.000       13.72       0.000    
    3600  0.1800      0.5000E-04 NODE         195  -0.0%  0.1851E-01  0.2395E-03   0.000      0.1875E-01   0.000       13.72       0.000    
    3700  0.1850      0.5000E-04 NODE         195  -0.0%  0.2049E-01  0.2467E-03   0.000      0.2074E-01   0.000       13.72       0.000    
    3800  0.1900      0.5000E-04 NODE         195  -0.0%  0.2263E-01  0.2603E-03   0.000      0.2289E-01   0.000       13.72       0.000    
    3900  0.1950      0.5000E-04 NODE         195  -0.0%  0.2491E-01  0.2803E-03   0.000      0.2519E-01   0.000       13.72       0.000    
    4000  0.2000      0.5000E-04 NODE         195  -0.0%  0.2736E-01  0.2978E-03   0.000      0.2766E-01   0.000       13.72       0.000    
     ANIMATION FILE: I02C_SHEAR_ELASTIC_H025_R1A006 WRITTEN
    4100  0.2050      0.5000E-04 NODE         195  -0.0%  0.2997E-01  0.3051E-03   0.000      0.3027E-01   0.000       13.72       0.000    
    4200  0.2100      0.5000E-04 NODE         195  -0.0%  0.3274E-01  0.3031E-03   0.000      0.3305E-01   0.000       13.72       0.000    
    4300  0.2150      0.5000E-04 NODE         195  -0.0%  0.3570E-01  0.3082E-03   0.000      0.3600E-01   0.000       13.72       0.000    
    4400  0.2200      0.5000E-04 NODE         195  -0.0%  0.3883E-01  0.3258E-03   0.000      0.3916E-01   0.000       13.72       0.000    
    4500  0.2250      0.5000E-04 NODE         195  -0.0%  0.4215E-01  0.3475E-03   0.000      0.4250E-01   0.000       13.72       0.000    
    4600  0.2300      0.5000E-04 NODE         195  -0.0%  0.4566E-01  0.3621E-03   0.000      0.4603E-01   0.000       13.72       0.000    
    4700  0.2350      0.5000E-04 NODE         195  -0.0%  0.4938E-01  0.3689E-03   0.000      0.4974E-01   0.000       13.72       0.000    
    4800  0.2400      0.5000E-04 NODE         195  -0.0%  0.5329E-01  0.3680E-03   0.000      0.5366E-01   0.000       13.72       0.000    
     ANIMATION FILE: I02C_SHEAR_ELASTIC_H025_R1A007 WRITTEN
    4900  0.2450      0.5000E-04 NODE         195  -0.0%  0.5741E-01  0.3718E-03   0.000      0.5779E-01   0.000       13.72       0.000    
    5000  0.2500      0.5000E-04 NODE         195  -0.0%  0.6175E-01  0.3881E-03   0.000      0.6214E-01   0.000       13.72       0.000    
    5100  0.2550      0.5000E-04 NODE         195  -0.0%  0.6631E-01  0.4135E-03   0.000      0.6672E-01   0.000       13.72       0.000    
    5200  0.2600      0.5000E-04 NODE         195  -0.0%  0.7109E-01  0.4279E-03   0.000      0.7152E-01   0.000       13.72       0.000    
    5300  0.2650      0.5000E-04 NODE         195  -0.0%  0.7610E-01  0.4298E-03   0.000      0.7653E-01   0.000       13.72       0.000    
    5400  0.2700      0.5000E-04 NODE         195  -0.0%  0.8134E-01  0.4288E-03   0.000      0.8177E-01   0.000       13.72       0.000    
    5500  0.2750      0.5000E-04 NODE         195  -0.0%  0.8683E-01  0.4349E-03   0.000      0.8726E-01   0.000       13.72       0.000    
    5600  0.2800      0.5000E-04 NODE         195  -0.0%  0.9256E-01  0.4500E-03   0.000      0.9301E-01   0.000       13.72       0.000    
     ANIMATION FILE: I02C_SHEAR_ELASTIC_H025_R1A008 WRITTEN
    5700  0.2850      0.5000E-04 NODE         202  -0.0%  0.9853E-01  0.4737E-03   0.000      0.9901E-01   0.000       13.72       0.000    
    5800  0.2900      0.5000E-04 NODE         195  -0.0%  0.1048      0.4900E-03   0.000      0.1053       0.000       13.72       0.000    
    5900  0.2950      0.5000E-04 NODE         195  -0.0%  0.1113      0.4906E-03   0.000      0.1117       0.000       13.72       0.000    
    6000  0.3000      0.5000E-04 NODE         195  -0.0%  0.1180      0.4845E-03   0.000      0.1185       0.000       13.72       0.000    
    6100  0.3050      0.5000E-04 NODE         195  -0.0%  0.1250      0.4921E-03   0.000      0.1255       0.000       13.72       0.000    
    6200  0.3100      0.5000E-04 NODE         195  -0.0%  0.1323      0.5100E-03   0.000      0.1328       0.000       13.72       0.000    
    6300  0.3150      0.5000E-04 NODE         195  -0.0%  0.1399      0.5310E-03   0.000      0.1404       0.000       13.72       0.000    
    6400  0.3200      0.5000E-04 NODE         195  -0.0%  0.1477      0.5441E-03   0.000      0.1483       0.000       13.72       0.000    
     ANIMATION FILE: I02C_SHEAR_ELASTIC_H025_R1A009 WRITTEN
    6500  0.3250      0.5000E-04 NODE         195  -0.0%  0.1558      0.5457E-03   0.000      0.1564       0.000       13.72       0.000    
    6600  0.3300      0.5000E-04 NODE         195  -0.0%  0.1642      0.5387E-03   0.000      0.1648       0.000       13.72       0.000    
    6700  0.3350      0.5000E-04 NODE         195  -0.0%  0.1729      0.5422E-03   0.000      0.1735       0.000       13.72       0.000    
    6800  0.3400      0.5000E-04 NODE         195  -0.0%  0.1819      0.5620E-03   0.000      0.1825       0.000       13.72       0.000    
    6900  0.3450      0.5000E-04 NODE         195  -0.0%  0.1912      0.5849E-03   0.000      0.1918       0.000       13.72       0.000    
    7000  0.3500      0.5000E-04 NODE         195  -0.0%  0.2008      0.5931E-03   0.000      0.2014       0.000       13.72       0.000    
    7100  0.3550      0.5000E-04 NODE         195  -0.0%  0.2107      0.5914E-03   0.000      0.2112       0.000       13.72       0.000    
    7200  0.3600      0.5000E-04 NODE         195  -0.0%  0.2208      0.5862E-03   0.000      0.2214       0.000       13.72       0.000    
     ANIMATION FILE: I02C_SHEAR_ELASTIC_H025_R1A010 WRITTEN
    7300  0.3650      0.5000E-04 NODE         195  -0.0%  0.2313      0.5893E-03   0.000      0.2319       0.000       13.72       0.000    
    7400  0.3700      0.5000E-04 NODE         195  -0.0%  0.2421      0.6053E-03   0.000      0.2427       0.000       13.72       0.000    
    7500  0.3750      0.5000E-04 NODE         195  -0.0%  0.2532      0.6289E-03   0.000      0.2538       0.000       13.72       0.000    
    7600  0.3800      0.5000E-04 NODE         195  -0.0%  0.2646      0.6378E-03   0.000      0.2653       0.000       13.72       0.000    
    7700  0.3850      0.5000E-04 NODE         195  -0.0%  0.2763      0.6302E-03   0.000      0.2770       0.000       13.72       0.000    
    7800  0.3900      0.5000E-04 NODE         195  -0.0%  0.2884      0.6228E-03   0.000      0.2890       0.000       13.72       0.000    
    7900  0.3950      0.5000E-04 NODE         195  -0.0%  0.3007      0.6290E-03   0.000      0.3013       0.000       13.72       0.000    
    8000  0.4000      0.5000E-04 NODE         195  -0.0%  0.3134      0.6440E-03   0.000      0.3140       0.000       13.72       0.000    
     ANIMATION FILE: I02C_SHEAR_ELASTIC_H025_R1A011 WRITTEN
    8100  0.4050      0.5000E-04 NODE         195  -0.0%  0.3264      0.6628E-03   0.000      0.3270       0.000       13.72       0.000    
    8200  0.4100      0.5000E-04 NODE         202  -0.0%  0.3397      0.6712E-03   0.000      0.3403       0.000       13.72       0.000    
    8300  0.4150      0.5000E-04 NODE         195  -0.0%  0.3533      0.6641E-03   0.000      0.3539       0.000       13.72       0.000    
    8400  0.4200      0.5000E-04 NODE         195  -0.0%  0.3672      0.6517E-03   0.000      0.3678       0.000       13.72       0.000    
    8500  0.4250      0.5000E-04 NODE         195  -0.0%  0.3814      0.6566E-03   0.000      0.3821       0.000       13.72       0.000    
    8600  0.4300      0.5000E-04 NODE         195  -0.0%  0.3960      0.6748E-03   0.000      0.3967       0.000       13.72       0.000    
    8700  0.4350      0.5000E-04 NODE         195  -0.0%  0.4109      0.6906E-03   0.000      0.4116       0.000       13.72       0.000    
    8800  0.4400      0.5000E-04 NODE         195  -0.0%  0.4261      0.6934E-03   0.000      0.4267       0.000       13.72       0.000    
     ANIMATION FILE: I02C_SHEAR_ELASTIC_H025_R1A012 WRITTEN
    8900  0.4450      0.5000E-04 NODE         202  -0.0%  0.4416      0.6860E-03   0.000      0.4422       0.000       13.72       0.000    
    9000  0.4500      0.5000E-04 NODE         195  -0.0%  0.4574      0.6750E-03   0.000      0.4580       0.000       13.72       0.000    
    9100  0.4550      0.5000E-04 NODE         195  -0.0%  0.4735      0.6756E-03   0.000      0.4742       0.000       13.72       0.000    
    9200  0.4600      0.5000E-04 NODE         195  -0.0%  0.4899      0.6923E-03   0.000      0.4906       0.000       13.72       0.000    
    9300  0.4650      0.5000E-04 NODE         195  -0.0%  0.5067      0.7101E-03   0.000      0.5074       0.000       13.72       0.000    
    9400  0.4700      0.5000E-04 NODE         202  -0.0%  0.5237      0.7086E-03   0.000      0.5244       0.000       13.72       0.000    
    9500  0.4750      0.5000E-04 NODE         195  -0.0%  0.5411      0.6960E-03   0.000      0.5418       0.000       13.72       0.000    
    9600  0.4800      0.5000E-04 NODE         195  -0.0%  0.5587      0.6864E-03   0.000      0.5594       0.000       13.72       0.000    
     ANIMATION FILE: I02C_SHEAR_ELASTIC_H025_R1A013 WRITTEN
    9700  0.4850      0.5000E-04 NODE         195  -0.0%  0.5767      0.6884E-03   0.000      0.5774       0.000       13.72       0.000    
    9800  0.4900      0.5000E-04 NODE         202  -0.0%  0.5949      0.7005E-03   0.000      0.5956       0.000       13.72       0.000    
    9900  0.4950      0.5000E-04 NODE         195  -0.0%  0.6135      0.7155E-03   0.000      0.6142       0.000       13.72       0.000    
   CYCLE    TIME      TIME-STEP  ELEMENT          ERROR  I-ENERGY    K-ENERGY T  K-ENERGY R  EXT-WORK     MAS.ERR     TOTAL MASS  MASS ADDED
   10000  0.5000      0.5000E-04 NODE         195   0.0%  0.6323      0.7153E-03   0.000      0.6330       0.000       13.72       0.000    
   10100  0.5050      0.5000E-04 NODE         195   0.0%  0.6514      0.6988E-03   0.000      0.6521       0.000       13.72       0.000    
   10200  0.5100      0.5000E-04 NODE         195   0.0%  0.6708      0.6855E-03   0.000      0.6715       0.000       13.72       0.000    
   10300  0.5150      0.5000E-04 NODE         202   0.0%  0.6905      0.6896E-03   0.000      0.6911       0.000       13.72       0.000    
   10400  0.5200      0.5000E-04 NODE         195   0.0%  0.7104      0.7019E-03   0.000      0.7111       0.000       13.72       0.000    
     ANIMATION FILE: I02C_SHEAR_ELASTIC_H025_R1A014 WRITTEN
   10500  0.5250      0.5000E-04 NODE         195   0.0%  0.7306      0.7110E-03   0.000      0.7313       0.000       13.72       0.000    
   10600  0.5300      0.5000E-04 NODE         195   0.0%  0.7511      0.7080E-03   0.000      0.7518       0.000       13.72       0.000    
   10700  0.5350      0.5000E-04 NODE         195   0.0%  0.7718      0.6933E-03   0.000      0.7725       0.000       13.72       0.000    
   10800  0.5400      0.5000E-04 NODE         195   0.0%  0.7928      0.6772E-03   0.000      0.7935       0.000       13.72       0.000    
   10900  0.5450      0.5000E-04 NODE         195   0.0%  0.8140      0.6780E-03   0.000      0.8147       0.000       13.72       0.000    
   11000  0.5500      0.5000E-04 NODE         195   0.0%  0.8355      0.6921E-03   0.000      0.8362       0.000       13.72       0.000    
   11100  0.5550      0.5000E-04 NODE         202   0.0%  0.8572      0.6995E-03   0.000      0.8579       0.000       13.72       0.000    
   11200  0.5600      0.5000E-04 NODE         195   0.0%  0.8791      0.6906E-03   0.000      0.8798       0.000       13.72       0.000    
     ANIMATION FILE: I02C_SHEAR_ELASTIC_H025_R1A015 WRITTEN
   11300  0.5650      0.5000E-04 NODE         195   0.0%  0.9013      0.6744E-03   0.000      0.9019       0.000       13.72       0.000    
   11400  0.5700      0.5000E-04 NODE         195   0.0%  0.9236      0.6612E-03   0.000      0.9243       0.000       13.72       0.000    
   11500  0.5750      0.5000E-04 NODE         195   0.0%  0.9462      0.6592E-03   0.000      0.9469       0.000       13.72       0.000    
   11600  0.5800      0.5000E-04 NODE         195   0.0%  0.9690      0.6692E-03   0.000      0.9697       0.000       13.72       0.000    
   11700  0.5850      0.5000E-04 NODE         195   0.0%  0.9920      0.6774E-03   0.000      0.9926       0.000       13.72       0.000    
   11800  0.5900      0.5000E-04 NODE         195   0.0%   1.015      0.6667E-03   0.000       1.016       0.000       13.72       0.000    
   11900  0.5950      0.5000E-04 NODE         195   0.0%   1.038      0.6456E-03   0.000       1.039       0.000       13.72       0.000    
   12000  0.6000      0.5000E-04 NODE         195   0.0%   1.062      0.6327E-03   0.000       1.063       0.000       13.72       0.000    
     ANIMATION FILE: I02C_SHEAR_ELASTIC_H025_R1A016 WRITTEN
   12100  0.6050      0.5000E-04 NODE         195   0.0%   1.086      0.6330E-03   0.000       1.086       0.000       13.72       0.000    
   12200  0.6100      0.5000E-04 NODE         195   0.0%   1.110      0.6393E-03   0.000       1.110       0.000       13.72       0.000    
   12300  0.6150      0.5000E-04 NODE         195   0.0%   1.133      0.6425E-03   0.000       1.134       0.000       13.72       0.000    
   12400  0.6200      0.5000E-04 NODE         195   0.0%   1.158      0.6330E-03   0.000       1.158       0.000       13.72       0.000    
   12500  0.6250      0.5000E-04 NODE         195   0.0%   1.182      0.6112E-03   0.000       1.182       0.000       13.72       0.000    
   12600  0.6300      0.5000E-04 NODE         195   0.0%   1.206      0.5946E-03   0.000       1.207       0.000       13.72       0.000    
   12700  0.6350      0.5000E-04 NODE         202   0.0%   1.231      0.5953E-03   0.000       1.231       0.000       13.72       0.000    
   12800  0.6400      0.5000E-04 NODE         202   0.0%   1.255      0.6026E-03   0.000       1.256       0.000       13.72       0.000    
     ANIMATION FILE: I02C_SHEAR_ELASTIC_H025_R1A017 WRITTEN
   12900  0.6450      0.5000E-04 NODE         195   0.0%   1.280      0.6012E-03   0.000       1.281       0.000       13.72       0.000    
   13000  0.6500      0.5000E-04 NODE         195   0.0%   1.305      0.5878E-03   0.000       1.305       0.000       13.72       0.000    
   13100  0.6550      0.5000E-04 NODE         195   0.0%   1.330      0.5684E-03   0.000       1.330       0.000       13.72       0.000    
   13200  0.6600      0.5000E-04 NODE         195   0.0%   1.354      0.5519E-03   0.000       1.355       0.000       13.72       0.000    
   13300  0.6650      0.5000E-04 NODE         202   0.0%   1.379      0.5486E-03   0.000       1.380       0.000       13.72       0.000    
   13400  0.6700      0.5000E-04 NODE         195   0.0%   1.404      0.5556E-03   0.000       1.405       0.000       13.72       0.000    
   13500  0.6750      0.5000E-04 NODE         195   0.0%   1.429      0.5541E-03   0.000       1.430       0.000       13.72       0.000    
   13600  0.6800      0.5000E-04 NODE         195   0.0%   1.454      0.5369E-03   0.000       1.455       0.000       13.72       0.000    
     ANIMATION FILE: I02C_SHEAR_ELASTIC_H025_R1A018 WRITTEN
   13700  0.6850      0.5000E-04 NODE         195   0.0%   1.479      0.5156E-03   0.000       1.480       0.000       13.72       0.000    
   13800  0.6900      0.5000E-04 NODE         195   0.0%   1.505      0.5022E-03   0.000       1.505       0.000       13.72       0.000    
   13900  0.6950      0.5000E-04 NODE         195   0.0%   1.530      0.4983E-03   0.000       1.530       0.000       13.72       0.000    
   14000  0.7000      0.5000E-04 NODE         195   0.0%   1.555      0.5005E-03   0.000       1.555       0.000       13.72       0.000    
   14100  0.7050      0.5000E-04 NODE         195   0.0%   1.579      0.4984E-03   0.000       1.580       0.000       13.72       0.000    
   14200  0.7100      0.5000E-04 NODE         195   0.0%   1.604      0.4820E-03   0.000       1.605       0.000       13.72       0.000    
   14300  0.7150      0.5000E-04 NODE         195   0.0%   1.629      0.4582E-03   0.000       1.630       0.000       13.72       0.000    
   14400  0.7200      0.5000E-04 NODE         195   0.0%   1.654      0.4442E-03   0.000       1.654       0.000       13.72       0.000    
     ANIMATION FILE: I02C_SHEAR_ELASTIC_H025_R1A019 WRITTEN
   14500  0.7250      0.5000E-04 NODE         195   0.0%   1.679      0.4424E-03   0.000       1.679       0.000       13.72       0.000    
   14600  0.7300      0.5000E-04 NODE         195   0.0%   1.703      0.4428E-03   0.000       1.704       0.000       13.72       0.000    
   14700  0.7350      0.5000E-04 NODE         195   0.0%   1.728      0.4361E-03   0.000       1.728       0.000       13.72       0.000    
   14800  0.7400      0.5000E-04 NODE         195   0.0%   1.752      0.4205E-03   0.000       1.753       0.000       13.72       0.000    
   14900  0.7450      0.5000E-04 NODE         195   0.0%   1.776      0.3988E-03   0.000       1.777       0.000       13.72       0.000    
   15000  0.7500      0.5000E-04 NODE         202   0.0%   1.801      0.3829E-03   0.000       1.801       0.000       13.72       0.000    
   15100  0.7550      0.5000E-04 NODE         202   0.0%   1.824      0.3801E-03   0.000       1.825       0.000       13.72       0.000    
   15200  0.7600      0.5000E-04 NODE         195   0.0%   1.848      0.3814E-03   0.000       1.849       0.000       13.72       0.000    
     ANIMATION FILE: I02C_SHEAR_ELASTIC_H025_R1A020 WRITTEN
   15300  0.7650      0.5000E-04 NODE         195   0.0%   1.872      0.3728E-03   0.000       1.872       0.000       13.72       0.000    
   15400  0.7700      0.5000E-04 NODE         202   0.0%   1.895      0.3545E-03   0.000       1.895       0.000       13.72       0.000    
   15500  0.7750      0.5000E-04 NODE         202   0.0%   1.918      0.3351E-03   0.000       1.919       0.000       13.72       0.000    
   15600  0.7800      0.5000E-04 NODE         195   0.0%   1.941      0.3215E-03   0.000       1.942       0.000       13.72       0.000    
   15700  0.7850      0.5000E-04 NODE         195   0.0%   1.964      0.3160E-03   0.000       1.964       0.000       13.72       0.000    
   15800  0.7900      0.5000E-04 NODE         195   0.0%   1.986      0.3157E-03   0.000       1.987       0.000       13.72       0.000    
   15900  0.7950      0.5000E-04 NODE         195   0.0%   2.009      0.3082E-03   0.000       2.009       0.000       13.72       0.000    
   16000  0.8000      0.5000E-04 NODE         202   0.0%   2.030      0.2894E-03   0.000       2.031       0.000       13.72       0.000    
     ANIMATION FILE: I02C_SHEAR_ELASTIC_H025_R1A021 WRITTEN
   16100  0.8050      0.5000E-04 NODE         195   0.0%   2.052      0.2693E-03   0.000       2.052       0.000       13.72       0.000    
   16200  0.8100      0.5000E-04 NODE         195   0.0%   2.073      0.2581E-03   0.000       2.074       0.000       13.72       0.000    
   16300  0.8150      0.5000E-04 NODE         202   0.0%   2.094      0.2536E-03   0.000       2.095       0.000       13.72       0.000    
   16400  0.8200      0.5000E-04 NODE         195   0.0%   2.115      0.2502E-03   0.000       2.115       0.000       13.72       0.000    
   16500  0.8250      0.5000E-04 NODE         195   0.0%   2.135      0.2419E-03   0.000       2.135       0.000       13.72       0.000    
   16600  0.8300      0.5000E-04 NODE         195   0.0%   2.155      0.2258E-03   0.000       2.155       0.000       13.72       0.000    
   16700  0.8350      0.5000E-04 NODE         195   0.0%   2.175      0.2066E-03   0.000       2.175       0.000       13.72       0.000    
   16800  0.8400      0.5000E-04 NODE         195   0.0%   2.194      0.1952E-03   0.000       2.194       0.000       13.72       0.000    
     ANIMATION FILE: I02C_SHEAR_ELASTIC_H025_R1A022 WRITTEN
   16900  0.8450      0.5000E-04 NODE         195   0.0%   2.213      0.1919E-03   0.000       2.213       0.000       13.72       0.000    
   17000  0.8500      0.5000E-04 NODE         195   0.0%   2.231      0.1886E-03   0.000       2.231       0.000       13.72       0.000    
   17100  0.8550      0.5000E-04 NODE         195   0.0%   2.249      0.1784E-03   0.000       2.249       0.000       13.72       0.000    
   17200  0.8600      0.5000E-04 NODE         195   0.0%   2.267      0.1636E-03   0.000       2.267       0.000       13.72       0.000    
   17300  0.8650      0.5000E-04 NODE         195   0.0%   2.284      0.1483E-03   0.000       2.284       0.000       13.72       0.000    
   17400  0.8700      0.5000E-04 NODE         195   0.0%   2.300      0.1375E-03   0.000       2.300       0.000       13.72       0.000    
   17500  0.8750      0.5000E-04 NODE         195   0.0%   2.316      0.1334E-03   0.000       2.317       0.000       13.72       0.000    
   17600  0.8800      0.5000E-04 NODE         195   0.0%   2.332      0.1308E-03   0.000       2.332       0.000       13.72       0.000    
     ANIMATION FILE: I02C_SHEAR_ELASTIC_H025_R1A023 WRITTEN
   17700  0.8850      0.5000E-04 NODE         195   0.0%   2.347      0.1217E-03   0.000       2.347       0.000       13.72       0.000    
   17800  0.8900      0.5000E-04 NODE         195   0.0%   2.362      0.1074E-03   0.000       2.362       0.000       13.72       0.000    
   17900  0.8950      0.5000E-04 NODE         195   0.0%   2.376      0.9474E-04   0.000       2.376       0.000       13.72       0.000    
   18000  0.9000      0.5000E-04 NODE         195   0.0%   2.389      0.8704E-04   0.000       2.390       0.000       13.72       0.000    
   18100  0.9050      0.5000E-04 NODE         195   0.0%   2.402      0.8260E-04   0.000       2.403       0.000       13.72       0.000    
   18200  0.9100      0.5000E-04 NODE         195   0.0%   2.415      0.7919E-04   0.000       2.415       0.000       13.72       0.000    
   18300  0.9150      0.5000E-04 NODE         195   0.0%   2.427      0.7213E-04   0.000       2.427       0.000       13.72       0.000    
   18400  0.9200      0.5000E-04 NODE         195   0.0%   2.438      0.6083E-04   0.000       2.438       0.000       13.72       0.000    
     ANIMATION FILE: I02C_SHEAR_ELASTIC_H025_R1A024 WRITTEN
   18500  0.9250      0.5000E-04 NODE         195   0.0%   2.449      0.5029E-04   0.000       2.449       0.000       13.72       0.000    
   18600  0.9300      0.5000E-04 NODE         195   0.0%   2.459      0.4470E-04   0.000       2.459       0.000       13.72       0.000    
   18700  0.9350      0.5000E-04 NODE         195   0.0%   2.468      0.4194E-04   0.000       2.468       0.000       13.72       0.000    
   18800  0.9400      0.5000E-04 NODE         195   0.0%   2.477      0.3849E-04   0.000       2.477       0.000       13.72       0.000    
   18900  0.9450      0.5000E-04 NODE         202   0.0%   2.485      0.3265E-04   0.000       2.485       0.000       13.72       0.000    
   19000  0.9500      0.5000E-04 NODE         195   0.0%   2.493      0.2537E-04   0.000       2.493       0.000       13.72       0.000    
   19100  0.9550      0.5000E-04 NODE         202   0.0%   2.499      0.1864E-04   0.000       2.499       0.000       13.72       0.000    
   19200  0.9600      0.5000E-04 NODE         195   0.0%   2.506      0.1474E-04   0.000       2.506       0.000       13.72       0.000    
     ANIMATION FILE: I02C_SHEAR_ELASTIC_H025_R1A025 WRITTEN
   19300  0.9650      0.5000E-04 NODE         195   0.0%   2.511      0.1311E-04   0.000       2.511       0.000       13.72       0.000    
   19400  0.9700      0.5000E-04 NODE         195   0.0%   2.516      0.1126E-04   0.000       2.516       0.000       13.72       0.000    
   19500  0.9750      0.5000E-04 NODE         195   0.0%   2.520      0.7716E-05   0.000       2.520       0.000       13.72       0.000    
   19600  0.9800      0.5000E-04 NODE         202   0.0%   2.523      0.4113E-05   0.000       2.523       0.000       13.72       0.000    
   19700  0.9850      0.5000E-04 NODE         195   0.0%   2.526      0.1853E-05   0.000       2.526       0.000       13.72       0.000    
   19800  0.9900      0.5000E-04 NODE         202   0.0%   2.528      0.7510E-06   0.000       2.528       0.000       13.72       0.000    
   19900  0.9950      0.5000E-04 NODE         195   0.0%   2.529      0.3167E-06   0.000       2.529       0.000       13.72       0.000    
   CYCLE    TIME      TIME-STEP  ELEMENT          ERROR  I-ENERGY    K-ENERGY T  K-ENERGY R  EXT-WORK     MAS.ERR     TOTAL MASS  MASS ADDED
   20000   1.000      0.5000E-04 NODE         195   0.0%   2.529      0.1003E-06   0.000       2.529       0.000       13.72       0.000    
     ANIMATION FILE: I02C_SHEAR_ELASTIC_H025_R1A026 WRITTEN
   20100   1.005      0.5000E-04 NODE         195   0.0%   2.529      0.1397E-07   0.000       2.529       0.000       13.72       0.000    
   20200   1.010      0.5000E-04 NODE         195   0.0%   2.529      0.1748E-06   0.000       2.529       0.000       13.72       0.000    
   20300   1.015      0.5000E-04 NODE         195   0.0%   2.529      0.9567E-07   0.000       2.529       0.000       13.72       0.000    
   20400   1.020      0.5000E-04 NODE         202   0.0%   2.529      0.1500E-07   0.000       2.529       0.000       13.72       0.000    
   20500   1.025      0.5000E-04 NODE         195   0.0%   2.529      0.1784E-06   0.000       2.529       0.000       13.72       0.000    
   20600   1.030      0.5000E-04 NODE         202   0.0%   2.529      0.8691E-07   0.000       2.529       0.000       13.72       0.000    
   20700   1.035      0.5000E-04 NODE         195   0.0%   2.529      0.1871E-07   0.000       2.529       0.000       13.72       0.000    
   20800   1.040      0.5000E-04 NODE         202   0.0%   2.529      0.1809E-06   0.000       2.529       0.000       13.72       0.000    
     ANIMATION FILE: I02C_SHEAR_ELASTIC_H025_R1A027 WRITTEN
   20900   1.045      0.5000E-04 NODE         202   0.0%   2.529      0.7898E-07   0.000       2.529       0.000       13.72       0.000    
   21000   1.050      0.5000E-04 NODE         195   0.0%   2.529      0.2442E-07   0.000       2.529       0.000       13.72       0.000    
   21100   1.055      0.5000E-04 NODE         195   0.0%   2.529      0.1796E-06   0.000       2.529       0.000       13.72       0.000    
   21200   1.060      0.5000E-04 NODE         195   0.0%   2.529      0.7374E-07   0.000       2.529       0.000       13.72       0.000    
   21300   1.065      0.5000E-04 NODE         195   0.0%   2.529      0.2754E-07   0.000       2.529       0.000       13.72       0.000    
   21400   1.070      0.5000E-04 NODE         195   0.0%   2.529      0.1806E-06   0.000       2.529       0.000       13.72       0.000    
   21500   1.075      0.5000E-04 NODE         195   0.0%   2.529      0.6844E-07   0.000       2.529       0.000       13.72       0.000    
   21600   1.080      0.5000E-04 NODE         195   0.0%   2.529      0.3009E-07   0.000       2.529       0.000       13.72       0.000    
     ANIMATION FILE: I02C_SHEAR_ELASTIC_H025_R1A028 WRITTEN
   21700   1.085      0.5000E-04 NODE         195   0.0%   2.529      0.1827E-06   0.000       2.529       0.000       13.72       0.000    
   21800   1.090      0.5000E-04 NODE         195   0.0%   2.529      0.6002E-07   0.000       2.529       0.000       13.72       0.000    
   21900   1.095      0.5000E-04 NODE         195   0.0%   2.529      0.3614E-07   0.000       2.529       0.000       13.72       0.000    
   22000   1.100      0.5000E-04 NODE         195   0.0%   2.529      0.1823E-06   0.000       2.529       0.000       13.72       0.000    
   22100   1.105      0.5000E-04 NODE         195   0.0%   2.529      0.5379E-07   0.000       2.529       0.000       13.72       0.000    
   22200   1.110      0.5000E-04 NODE         202   0.0%   2.529      0.4203E-07   0.000       2.529       0.000       13.72       0.000    
   22300   1.115      0.5000E-04 NODE         195   0.0%   2.529      0.1797E-06   0.000       2.529       0.000       13.72       0.000    
   22400   1.120      0.5000E-04 NODE         202   0.0%   2.529      0.4984E-07   0.000       2.529       0.000       13.72       0.000    
     ANIMATION FILE: I02C_SHEAR_ELASTIC_H025_R1A029 WRITTEN
   22500   1.125      0.5000E-04 NODE         195   0.0%   2.529      0.4543E-07   0.000       2.529       0.000       13.72       0.000    
   22600   1.130      0.5000E-04 NODE         195   0.0%   2.529      0.1801E-06   0.000       2.529       0.000       13.72       0.000    
   22700   1.135      0.5000E-04 NODE         195   0.0%   2.529      0.4422E-07   0.000       2.529       0.000       13.72       0.000    
   22800   1.140      0.5000E-04 NODE         202   0.0%   2.529      0.4962E-07   0.000       2.529       0.000       13.72       0.000    
   22900   1.145      0.5000E-04 NODE         195   0.0%   2.529      0.1800E-06   0.000       2.529       0.000       13.72       0.000    
   23000   1.150      0.5000E-04 NODE         195   0.0%   2.529      0.3706E-07   0.000       2.529       0.000       13.72       0.000    
   23100   1.155      0.5000E-04 NODE         195   0.0%   2.529      0.5698E-07   0.000       2.529       0.000       13.72       0.000    
   23200   1.160      0.5000E-04 NODE         195   0.0%   2.529      0.1770E-06   0.000       2.529       0.000       13.72       0.000    
     ANIMATION FILE: I02C_SHEAR_ELASTIC_H025_R1A030 WRITTEN
   23300   1.165      0.5000E-04 NODE         195   0.0%   2.529      0.3283E-07   0.000       2.529       0.000       13.72       0.000    
   23400   1.170      0.5000E-04 NODE         195   0.0%   2.529      0.6223E-07   0.000       2.529       0.000       13.72       0.000    
   23500   1.175      0.5000E-04 NODE         202   0.0%   2.529      0.1737E-06   0.000       2.529       0.000       13.72       0.000    
   23600   1.180      0.5000E-04 NODE         202   0.0%   2.529      0.2992E-07   0.000       2.529       0.000       13.72       0.000    
   23700   1.185      0.5000E-04 NODE         195   0.0%   2.529      0.6598E-07   0.000       2.529       0.000       13.72       0.000    
   23800   1.190      0.5000E-04 NODE         195   0.0%   2.529      0.1730E-06   0.000       2.529       0.000       13.72       0.000    
   23900   1.195      0.5000E-04 NODE         195   0.0%   2.529      0.2437E-07   0.000       2.529       0.000       13.72       0.000    

     RESTART FILES: I02C_SHEAR_ELASTIC_H025_R1_0001_[0001-0001].rst WRITTEN
     -------------

   24000   1.200      0.5000E-04 NODE         195   0.0%   2.529      0.7155E-07   0.000       2.529       0.000       13.72       0.000    
     ANIMATION FILE: I02C_SHEAR_ELASTIC_H025_R1A031 WRITTEN
  
                           ** CPU USER TIME **
  
  
                        ** SUMMARY **
  
 #PROC  ELEMENT   KINCOND   INTEG     IO        T0        ASM       RESOL    
   1   .3094E+01 .3906E+00 .2500E+00 .6406E+00 .2812E+00 .1406E+00 .5391E+01
  
 
                   ** CUMULATIVE CPU TIME SUMMARY **
  
 CONTACT SORTING.............: .0000E+00     0.00 % 
 CONTACT FORCES..............: .3125E-01     0.58 % 
 ELEMENT FORCES..............: .3094E+01    57.39 % 
 KINEMATIC COND..............: .3906E+00     7.25 % 
 INTEGRATION.................: .2500E+00     4.64 % 
 ASSEMBLING..................: .1406E+00     2.61 % 
 OTHERS (including I/O)......: .1484E+01    27.54 % 
 TOTAL.......................: .5391E+01   100.00 % 
  
  
                           ** ELAPSED TIME **
  
  
                        ** SUMMARY **
  
 #PROC  ELEMENT   KINCOND   INTEG     IO        T0        ASM       RESOL    
   1   .3172E+01 .2846E+00 .1846E+00 .7584E+00 .3254E+00 .1722E+00 .5387E+01
  
                   ** MEMORY USAGE STATISTICS **
  
 TOTAL MEMORY USED .........................:       50 MB
 MAXIMUM MEMORY PER PROCESSOR...............:       50 MB
 MINIMUM MEMORY PER PROCESSOR...............:       50 MB
 AVERAGE MEMORY PER PROCESSOR...............:       50 MB
  
                   ** DISK USAGE STATISTICS **
  
 TOTAL DISK SPACE USED .....................:          7 MB
 ANIMATION/H3D/TH/OUTP SIZE ................:          7 MB
 RESTART FILE SIZE .........................:          0 MB
  
                   ** COMPUTE TIME INFORMATION **
                        ** CURRENT ENGINE **
  
 EXECUTION STARTED .........................:      2026/09/13  09:10:25
 EXECUTION COMPLETED .......................:      2026/09/13  09:10:30
  
 ELAPSED TIME     =          5.42 s
                          0:00:05



     NORMAL TERMINATION      



     TOTAL NUMBER OF CYCLES  :   24001

  
                   ** COMPUTE RUNTIME INFORMATION SUMMARY **
  
        STARTER RUNTIME =          0.65s (00:00:00)
 # 001   ENGINE RUNTIME =          5.42s (00:00:05)
 ------------------------------ 
 STARTER+ENGINE RUNTIME =          6.08s (00:00:06)
  
