************************************************************************
**                                                                    **
**                                                                    **
**                         OpenRadioss Engine                         **
**                                                                    **
**            Non-linear Finite Element Analysis Software             **
**                                                                    **
**                                                                    **
**                                                                    **
**                  Windows 64 bits, Intel compiler                   **
**                      Double Precision Version                      **
**                                                                    **
**                                                                    **
**                                                                    **
************************************************************************
** OpenRadioss Software                                               **
** COPYRIGHT (C) 2026 Siemens                                         **
** Licensed under GNU Affero General Public License.                  **
** See License file.                                                  **
************************************************************************
 
 ROOT: V8X_N_F050_P050  RESTART: 0001
 NUMBER OF HMPP PROCESSES     1
 24/08/2026
 NC=       0 T= 0.0000E+00 DT= 6.8811E-03 ERR=  0.0% DM/M= 0.0000E+00
     ANIMATION FILE: V8X_N_F050_P050A001 WRITTEN
 NC=     100 T= 6.6078E-01 DT= 5.7663E-03 ERR= -0.3% DM/M= 0.0000E+00
 ELAPSED TIME=          2.83 s  REMAINING TIME=         74.24 s
     ANIMATION FILE: V8X_N_F050_P050A002 WRITTEN
 NC=     200 T= 1.1457E+00 DT= 4.6773E-03 ERR= -0.3% DM/M= 0.0000E+00
 ELAPSED TIME=          6.45 s  REMAINING TIME=         94.83 s
 NC=     300 T= 1.6073E+00 DT= 4.6460E-03 ERR= -0.6% DM/M= 0.0000E+00
 ELAPSED TIME=         10.12 s  REMAINING TIME=        103.26 s
 NC=     400 T= 2.0024E+00 DT= 3.4992E-03 ERR= -0.7% DM/M= 0.0000E+00
 ELAPSED TIME=         13.84 s  REMAINING TIME=        110.55 s
     ANIMATION FILE: V8X_N_F050_P050A003 WRITTEN
 NC=     500 T= 2.3571E+00 DT= 3.6098E-03 ERR= -0.7% DM/M= 0.0000E+00
 ELAPSED TIME=         17.91 s  REMAINING TIME=        118.84 s
 NC=     600 T= 2.7217E+00 DT= 3.6827E-03 ERR= -0.7% DM/M= 0.0000E+00
 ELAPSED TIME=         21.73 s  REMAINING TIME=        121.96 s
     ANIMATION FILE: V8X_N_F050_P050A004 WRITTEN
 NC=     700 T= 3.0927E+00 DT= 3.7092E-03 ERR= -0.7% DM/M= 0.0000E+00
 ELAPSED TIME=         25.79 s  REMAINING TIME=        124.32 s
 NC=     800 T= 3.4519E+00 DT= 3.5112E-03 ERR= -0.7% DM/M= 0.0000E+00
 ELAPSED TIME=         29.66 s  REMAINING TIME=        125.01 s
 NC=     900 T= 3.8011E+00 DT= 3.4839E-03 ERR= -0.7% DM/M= 0.0000E+00
 ELAPSED TIME=         33.61 s  REMAINING TIME=        125.53 s
     ANIMATION FILE: V8X_N_F050_P050A005 WRITTEN
 NC=    1000 T= 4.1477E+00 DT= 3.4579E-03 ERR= -0.7% DM/M= 0.0000E+00
 ELAPSED TIME=         37.65 s  REMAINING TIME=        125.74 s
 NC=    1100 T= 4.4936E+00 DT= 3.4594E-03 ERR= -0.7% DM/M= 0.0000E+00
 ELAPSED TIME=         41.57 s  REMAINING TIME=        124.96 s
 NC=    1200 T= 4.8396E+00 DT= 3.4596E-03 ERR= -0.7% DM/M= 0.0000E+00
 ELAPSED TIME=         45.52 s  REMAINING TIME=        123.78 s
     ANIMATION FILE: V8X_N_F050_P050A006 WRITTEN
 NC=    1300 T= 5.1855E+00 DT= 3.4568E-03 ERR= -0.7% DM/M= 0.0000E+00
 ELAPSED TIME=         49.65 s  REMAINING TIME=        122.69 s
 NC=    1400 T= 5.5313E+00 DT= 3.4609E-03 ERR= -0.7% DM/M= 0.0000E+00
 ELAPSED TIME=         53.47 s  REMAINING TIME=        120.54 s
 NC=    1500 T= 5.8777E+00 DT= 3.4654E-03 ERR= -0.7% DM/M= 0.0000E+00
 ELAPSED TIME=         57.42 s  REMAINING TIME=        118.43 s
     ANIMATION FILE: V8X_N_F050_P050A007 WRITTEN
 NC=    1600 T= 6.2245E+00 DT= 3.4733E-03 ERR= -0.7% DM/M= 0.0000E+00
 ELAPSED TIME=         61.60 s  REMAINING TIME=        116.54 s
 NC=    1700 T= 6.5720E+00 DT= 3.4769E-03 ERR= -0.7% DM/M= 0.0000E+00
 ELAPSED TIME=         65.48 s  REMAINING TIME=        113.86 s
 NC=    1800 T= 6.9198E+00 DT= 3.4772E-03 ERR= -0.7% DM/M= 0.0000E+00
 ELAPSED TIME=         69.43 s  REMAINING TIME=        111.18 s
     ANIMATION FILE: V8X_N_F050_P050A008 WRITTEN
 NC=    1900 T= 7.2674E+00 DT= 3.4746E-03 ERR= -0.7% DM/M= 0.0000E+00
 ELAPSED TIME=         73.59 s  REMAINING TIME=        108.68 s
 NC=    2000 T= 7.6149E+00 DT= 3.4764E-03 ERR= -0.7% DM/M= 0.0000E+00
 ELAPSED TIME=         77.54 s  REMAINING TIME=        105.75 s
 NC=    2100 T= 7.9624E+00 DT= 3.4724E-03 ERR= -0.7% DM/M= 0.0000E+00
 ELAPSED TIME=         81.46 s  REMAINING TIME=        102.70 s
     ANIMATION FILE: V8X_N_F050_P050A009 WRITTEN
 NC=    2200 T= 8.3093E+00 DT= 3.4639E-03 ERR= -0.7% DM/M= 0.0000E+00
 ELAPSED TIME=         85.60 s  REMAINING TIME=         99.83 s
 NC=    2300 T= 8.6553E+00 DT= 3.4536E-03 ERR= -0.7% DM/M= 0.0000E+00
 ELAPSED TIME=         89.59 s  REMAINING TIME=         96.72 s
 NC=    2400 T= 9.0005E+00 DT= 3.4499E-03 ERR= -0.7% DM/M= 0.0000E+00
 ELAPSED TIME=         93.52 s  REMAINING TIME=         93.51 s
     ANIMATION FILE: V8X_N_F050_P050A010 WRITTEN
 NC=    2500 T= 9.3452E+00 DT= 3.4441E-03 ERR= -0.7% DM/M= 0.0000E+00
 ELAPSED TIME=         97.72 s  REMAINING TIME=         90.50 s
 NC=    2600 T= 9.6898E+00 DT= 3.4483E-03 ERR= -0.8% DM/M= 0.0000E+00
 ELAPSED TIME=        101.79 s  REMAINING TIME=         87.30 s
     ANIMATION FILE: V8X_N_F050_P050A011 WRITTEN
 NC=    2700 T= 1.0034E+01 DT= 3.4484E-03 ERR= -0.9% DM/M= 0.0000E+00
 ELAPSED TIME=        106.09 s  REMAINING TIME=         84.22 s
 NC=    2800 T= 1.0379E+01 DT= 3.4485E-03 ERR= -0.9% DM/M= 0.0000E+00
 ELAPSED TIME=        110.08 s  REMAINING TIME=         80.82 s
 NC=    2900 T= 1.0724E+01 DT= 3.4458E-03 ERR= -0.9% DM/M= 0.0000E+00
 ELAPSED TIME=        114.10 s  REMAINING TIME=         77.41 s
     ANIMATION FILE: V8X_N_F050_P050A012 WRITTEN
 NC=    3000 T= 1.1069E+01 DT= 3.4486E-03 ERR= -0.9% DM/M= 0.0000E+00
 ELAPSED TIME=        118.23 s  REMAINING TIME=         74.03 s
 NC=    3100 T= 1.1414E+01 DT= 3.4526E-03 ERR= -0.9% DM/M= 0.0000E+00
 ELAPSED TIME=        122.28 s  REMAINING TIME=         70.56 s
 NC=    3200 T= 1.1759E+01 DT= 3.4519E-03 ERR= -0.9% DM/M= 0.0000E+00
 ELAPSED TIME=        126.31 s  REMAINING TIME=         67.04 s
     ANIMATION FILE: V8X_N_F050_P050A013 WRITTEN
 NC=    3300 T= 1.2104E+01 DT= 3.4521E-03 ERR= -0.9% DM/M= 0.0000E+00
 ELAPSED TIME=        130.55 s  REMAINING TIME=         63.59 s
 NC=    3400 T= 1.2450E+01 DT= 3.4583E-03 ERR= -0.9% DM/M= 0.0000E+00
 ELAPSED TIME=        134.49 s  REMAINING TIME=         59.96 s
 NC=    3500 T= 1.2796E+01 DT= 3.4559E-03 ERR= -0.9% DM/M= 0.0000E+00
 ELAPSED TIME=        138.47 s  REMAINING TIME=         56.32 s
     ANIMATION FILE: V8X_N_F050_P050A014 WRITTEN
 NC=    3600 T= 1.3141E+01 DT= 3.4546E-03 ERR= -0.9% DM/M= 0.0000E+00
 ELAPSED TIME=        142.62 s  REMAINING TIME=         52.73 s
 NC=    3700 T= 1.3486E+01 DT= 3.4528E-03 ERR= -0.9% DM/M= 0.0000E+00
 ELAPSED TIME=        146.60 s  REMAINING TIME=         49.06 s
 NC=    3800 T= 1.3832E+01 DT= 3.4553E-03 ERR= -0.9% DM/M= 0.0000E+00
 ELAPSED TIME=        150.61 s  REMAINING TIME=         45.39 s
     ANIMATION FILE: V8X_N_F050_P050A015 WRITTEN
 NC=    3900 T= 1.4177E+01 DT= 3.4543E-03 ERR= -0.9% DM/M= 0.0000E+00
 ELAPSED TIME=        154.82 s  REMAINING TIME=         41.75 s
 NC=    4000 T= 1.4523E+01 DT= 3.4519E-03 ERR= -0.9% DM/M= 0.0000E+00
 ELAPSED TIME=        158.77 s  REMAINING TIME=         38.02 s
 NC=    4100 T= 1.4867E+01 DT= 3.4456E-03 ERR= -0.9% DM/M= 0.0000E+00
 ELAPSED TIME=        162.79 s  REMAINING TIME=         34.30 s
     ANIMATION FILE: V8X_N_F050_P050A016 WRITTEN
 NC=    4200 T= 1.5212E+01 DT= 3.4443E-03 ERR= -0.9% DM/M= 0.0000E+00
 ELAPSED TIME=        166.92 s  REMAINING TIME=         30.59 s
 NC=    4300 T= 1.5556E+01 DT= 3.4439E-03 ERR= -0.9% DM/M= 0.0000E+00
 ELAPSED TIME=        170.91 s  REMAINING TIME=         26.85 s
 NC=    4400 T= 1.5900E+01 DT= 3.4364E-03 ERR= -0.9% DM/M= 0.0000E+00
 ELAPSED TIME=        174.88 s  REMAINING TIME=         23.09 s
     ANIMATION FILE: V8X_N_F050_P050A017 WRITTEN
 NC=    4500 T= 1.6244E+01 DT= 3.4332E-03 ERR= -0.9% DM/M= 0.0000E+00
 ELAPSED TIME=        179.00 s  REMAINING TIME=         19.35 s
 NC=    4600 T= 1.6587E+01 DT= 3.4310E-03 ERR= -0.9% DM/M= 0.0000E+00
 ELAPSED TIME=        182.99 s  REMAINING TIME=         15.59 s
 NC=    4700 T= 1.6930E+01 DT= 3.4349E-03 ERR= -0.9% DM/M= 0.0000E+00
 ELAPSED TIME=        186.93 s  REMAINING TIME=         11.81 s
     ANIMATION FILE: V8X_N_F050_P050A018 WRITTEN
 NC=    4800 T= 1.7274E+01 DT= 3.4340E-03 ERR= -0.9% DM/M= 0.0000E+00
 ELAPSED TIME=        191.16 s  REMAINING TIME=          8.04 s
 NC=    4900 T= 1.7617E+01 DT= 3.4327E-03 ERR= -0.9% DM/M= 0.0000E+00
 ELAPSED TIME=        195.08 s  REMAINING TIME=          4.24 s
 NC=    5000 T= 1.7960E+01 DT= 3.4312E-03 ERR= -0.9% DM/M= 0.0000E+00
 ELAPSED TIME=        199.01 s  REMAINING TIME=          0.44 s
     RESTART FILES: V8X_N_F050_P050_0001_[0001-0001].rst WRITTEN
     ANIMATION FILE: V8X_N_F050_P050A019 WRITTEN
  
                           ** CPU USER TIME **
  
  
                        ** SUMMARY **
  
 #PROC  CONTSORT  CONTFOR   ELEMENT   KINCOND   INTEG     IO        T0        ASM       RESOL    
   1   .6547E+01 .9844E+00 .1777E+03 .4375E+00 .1828E+01 .4953E+01 .1719E+00 .5281E+01 .1993E+03
 
                   ** CUMULATIVE CPU TIME SUMMARY **
  
 CONTACT SORTING.............: .6547E+01     3.29 % 
 CONTACT FORCES..............: .9844E+00     0.49 % 
 ELEMENT FORCES..............: .1777E+03    89.18 % 
 KINEMATIC COND..............: .4375E+00     0.22 % 
 INTEGRATION.................: .1828E+01     0.92 % 
 ASSEMBLING..................: .5281E+01     2.65 % 
 OTHERS (including I/O)......: .6484E+01     3.25 % 
 TOTAL.......................: .1993E+03   100.00 % 
  
                   ** MEMORY USAGE STATISTICS **
  
 TOTAL MEMORY USED .........................:      209 MB
 MAXIMUM MEMORY PER PROCESSOR...............:      209 MB
 MINIMUM MEMORY PER PROCESSOR...............:      209 MB
 AVERAGE MEMORY PER PROCESSOR...............:      209 MB
  
                   ** DISK USAGE STATISTICS **
  
 TOTAL DISK SPACE USED .....................:        102 MB
 ANIMATION/H3D/TH/OUTP SIZE ................:         45 MB
 RESTART FILE SIZE .........................:         57 MB
  
 ELAPSED TIME     =        199.87 s
                          0:03:19
  
     NORMAL TERMINATION      
     TOTAL NUMBER OF CYCLES  :    5013
