************************************************************************
**                                                                    **
**                                                                    **
**                         OpenRadioss Engine                         **
**                                                                    **
**            Non-linear Finite Element Analysis Software             **
**                                                                    **
**                                                                    **
**                                                                    **
**                  Windows 64 bits, Intel compiler                   **
**                      Double Precision Version                      **
**                                                                    **
**                                                                    **
**                                                                    **
************************************************************************
** OpenRadioss Software                                               **
** COPYRIGHT (C) 2026 Siemens                                         **
** Licensed under GNU Affero General Public License.                  **
** See License file.                                                  **
************************************************************************
 
 ROOT: A24_CONNECTED_FREE_ROTATION_Z  RESTART: 0001
 NUMBER OF HMPP PROCESSES     1
 10/10/2026
 NC=       0 T= 0.0000E+00 DT= 1.2317E-05 ERR=  0.0% DM/M= 0.0000E+00
     ANIMATION FILE: A24_CONNECTED_FREE_ROTATION_ZA001 WRITTEN
 NC=     100 T= 1.2317E-03 DT= 1.2317E-05 ERR= -0.0% DM/M= 0.0000E+00
 ELAPSED TIME=          0.05 s  REMAINING TIME=          2.14 s
 NC=     200 T= 2.4634E-03 DT= 1.2316E-05 ERR= -0.0% DM/M= 0.0000E+00
 ELAPSED TIME=          0.08 s  REMAINING TIME=          1.49 s
 NC=     300 T= 3.6949E-03 DT= 1.2314E-05 ERR= -0.0% DM/M= 0.0000E+00
 ELAPSED TIME=          0.10 s  REMAINING TIME=          1.24 s
 NC=     400 T= 4.9262E-03 DT= 1.2312E-05 ERR= -0.0% DM/M= 0.0000E+00
 ELAPSED TIME=          0.12 s  REMAINING TIME=          1.09 s
 NC=     500 T= 6.1572E-03 DT= 1.2310E-05 ERR= -0.0% DM/M= 0.0000E+00
 ELAPSED TIME=          0.14 s  REMAINING TIME=          0.99 s
 NC=     600 T= 7.3881E-03 DT= 1.2308E-05 ERR= -0.0% DM/M= 0.0000E+00
 ELAPSED TIME=          0.16 s  REMAINING TIME=          0.93 s
 NC=     700 T= 8.6189E-03 DT= 1.2307E-05 ERR= -0.0% DM/M= 0.0000E+00
 ELAPSED TIME=          0.18 s  REMAINING TIME=          0.88 s
 NC=     800 T= 9.8496E-03 DT= 1.2307E-05 ERR= -0.0% DM/M= 0.0000E+00
 ELAPSED TIME=          0.20 s  REMAINING TIME=          0.82 s
 NC=     900 T= 1.1080E-02 DT= 1.2309E-05 ERR= -0.0% DM/M= 0.0000E+00
 ELAPSED TIME=          0.22 s  REMAINING TIME=          0.78 s
 NC=    1000 T= 1.2311E-02 DT= 1.2310E-05 ERR= -0.0% DM/M= 0.0000E+00
 ELAPSED TIME=          0.24 s  REMAINING TIME=          0.74 s
 NC=    1100 T= 1.3542E-02 DT= 1.2312E-05 ERR= -0.0% DM/M= 0.0000E+00
 ELAPSED TIME=          0.26 s  REMAINING TIME=          0.70 s
 NC=    1200 T= 1.4774E-02 DT= 1.2313E-05 ERR= -0.0% DM/M= 0.0000E+00
 ELAPSED TIME=          0.28 s  REMAINING TIME=          0.66 s
 NC=    1300 T= 1.6005E-02 DT= 1.2314E-05 ERR= -0.0% DM/M= 0.0000E+00
 ELAPSED TIME=          0.30 s  REMAINING TIME=          0.63 s
 NC=    1400 T= 1.7236E-02 DT= 1.2315E-05 ERR= -0.0% DM/M= 0.0000E+00
 ELAPSED TIME=          0.32 s  REMAINING TIME=          0.60 s
 NC=    1500 T= 1.8468E-02 DT= 1.2315E-05 ERR= -0.0% DM/M= 0.0000E+00
 ELAPSED TIME=          0.34 s  REMAINING TIME=          0.57 s
 NC=    1600 T= 1.9699E-02 DT= 1.2314E-05 ERR= -0.0% DM/M= 0.0000E+00
 ELAPSED TIME=          0.36 s  REMAINING TIME=          0.55 s
 NC=    1700 T= 2.0931E-02 DT= 1.2313E-05 ERR= -0.0% DM/M= 0.0000E+00
 ELAPSED TIME=          0.38 s  REMAINING TIME=          0.52 s
 NC=    1800 T= 2.2162E-02 DT= 1.2310E-05 ERR= -0.0% DM/M= 0.0000E+00
 ELAPSED TIME=          0.40 s  REMAINING TIME=          0.50 s
 NC=    1900 T= 2.3393E-02 DT= 1.2308E-05 ERR= -0.0% DM/M= 0.0000E+00
 ELAPSED TIME=          0.42 s  REMAINING TIME=          0.48 s
 NC=    2000 T= 2.4623E-02 DT= 1.2305E-05 ERR= -0.0% DM/M= 0.0000E+00
 ELAPSED TIME=          0.45 s  REMAINING TIME=          0.46 s
     ANIMATION FILE: A24_CONNECTED_FREE_ROTATION_ZA002 WRITTEN
 NC=    2100 T= 2.5854E-02 DT= 1.2304E-05 ERR= -0.0% DM/M= 0.0000E+00
 ELAPSED TIME=          0.47 s  REMAINING TIME=          0.44 s
 NC=    2200 T= 2.7084E-02 DT= 1.2304E-05 ERR= -0.0% DM/M= 0.0000E+00
 ELAPSED TIME=          0.49 s  REMAINING TIME=          0.42 s
 NC=    2300 T= 2.8315E-02 DT= 1.2304E-05 ERR= -0.0% DM/M= 0.0000E+00
 ELAPSED TIME=          0.51 s  REMAINING TIME=          0.39 s
 NC=    2400 T= 2.9545E-02 DT= 1.2305E-05 ERR= -0.0% DM/M= 0.0000E+00
 ELAPSED TIME=          0.53 s  REMAINING TIME=          0.37 s
 NC=    2500 T= 3.0776E-02 DT= 1.2306E-05 ERR= -0.0% DM/M= 0.0000E+00
 ELAPSED TIME=          0.56 s  REMAINING TIME=          0.35 s
 NC=    2600 T= 3.2006E-02 DT= 1.2307E-05 ERR= -0.0% DM/M= 0.0000E+00
 ELAPSED TIME=          0.59 s  REMAINING TIME=          0.33 s
 NC=    2700 T= 3.3237E-02 DT= 1.2308E-05 ERR= -0.0% DM/M= 0.0000E+00
 ELAPSED TIME=          0.61 s  REMAINING TIME=          0.31 s
 NC=    2800 T= 3.4468E-02 DT= 1.2308E-05 ERR= -0.0% DM/M= 0.0000E+00
 ELAPSED TIME=          0.63 s  REMAINING TIME=          0.28 s
 NC=    2900 T= 3.5699E-02 DT= 1.2308E-05 ERR= -0.0% DM/M= 0.0000E+00
 ELAPSED TIME=          0.65 s  REMAINING TIME=          0.26 s
 NC=    3000 T= 3.6929E-02 DT= 1.2307E-05 ERR= -0.0% DM/M= 0.0000E+00
 ELAPSED TIME=          0.67 s  REMAINING TIME=          0.24 s
 NC=    3100 T= 3.8160E-02 DT= 1.2306E-05 ERR= -0.0% DM/M= 0.0000E+00
 ELAPSED TIME=          0.69 s  REMAINING TIME=          0.21 s
 NC=    3200 T= 3.9391E-02 DT= 1.2304E-05 ERR= -0.0% DM/M= 0.0000E+00
 ELAPSED TIME=          0.71 s  REMAINING TIME=          0.19 s
 NC=    3300 T= 4.0621E-02 DT= 1.2302E-05 ERR= -0.0% DM/M= 0.0000E+00
 ELAPSED TIME=          0.73 s  REMAINING TIME=          0.17 s
 NC=    3400 T= 4.1851E-02 DT= 1.2301E-05 ERR= -0.0% DM/M= 0.0000E+00
 ELAPSED TIME=          0.75 s  REMAINING TIME=          0.15 s
 NC=    3500 T= 4.3081E-02 DT= 1.2299E-05 ERR= -0.0% DM/M= 0.0000E+00
 ELAPSED TIME=          0.77 s  REMAINING TIME=          0.12 s
 NC=    3600 T= 4.4311E-02 DT= 1.2298E-05 ERR= -0.0% DM/M= 0.0000E+00
 ELAPSED TIME=          0.79 s  REMAINING TIME=          0.10 s
 NC=    3700 T= 4.5541E-02 DT= 1.2297E-05 ERR= -0.0% DM/M= 0.0000E+00
 ELAPSED TIME=          0.81 s  REMAINING TIME=          0.08 s
 NC=    3800 T= 4.6770E-02 DT= 1.2296E-05 ERR= -0.0% DM/M= 0.0000E+00
 ELAPSED TIME=          0.83 s  REMAINING TIME=          0.06 s
 NC=    3900 T= 4.8000E-02 DT= 1.2297E-05 ERR= -0.0% DM/M= 0.0000E+00
 ELAPSED TIME=          0.85 s  REMAINING TIME=          0.04 s
 NC=    4000 T= 4.9230E-02 DT= 1.2298E-05 ERR= -0.0% DM/M= 0.0000E+00
 ELAPSED TIME=          0.87 s  REMAINING TIME=          0.01 s
     RESTART FILES: A24_CONNECTED_FREE_ROTATION_Z_0001_[0001-0001].rst WRITTEN
     ANIMATION FILE: A24_CONNECTED_FREE_ROTATION_ZA003 WRITTEN
  
                           ** CPU USER TIME **
  
  
                        ** SUMMARY **
  
 #PROC  CONTSORT  CONTFOR   ELEMENT   KINCOND   INTEG     IO        T0        ASM       RESOL    
   1   .4688E-01 .0000E+00 .5938E+00 .0000E+00 .0000E+00 .6250E-01 .3125E-01 .1562E-01 .8594E+00
 
                   ** CUMULATIVE CPU TIME SUMMARY **
  
 CONTACT SORTING.............: .4688E-01     5.45 % 
 CONTACT FORCES..............: .0000E+00     0.00 % 
 ELEMENT FORCES..............: .5938E+00    69.09 % 
 KINEMATIC COND..............: .0000E+00     0.00 % 
 INTEGRATION.................: .0000E+00     0.00 % 
 ASSEMBLING..................: .1562E-01     1.82 % 
 OTHERS (including I/O)......: .2031E+00    23.64 % 
 TOTAL.......................: .8594E+00   100.00 % 
  
                   ** MEMORY USAGE STATISTICS **
  
 TOTAL MEMORY USED .........................:       60 MB
 MAXIMUM MEMORY PER PROCESSOR...............:       60 MB
 MINIMUM MEMORY PER PROCESSOR...............:       60 MB
 AVERAGE MEMORY PER PROCESSOR...............:       60 MB
  
                   ** DISK USAGE STATISTICS **
  
 TOTAL DISK SPACE USED .....................:          0 MB
 ANIMATION/H3D/TH/OUTP SIZE ................:          0 MB
 RESTART FILE SIZE .........................:          0 MB
  
 ELAPSED TIME     =          0.89 s
                          0:00:00
  
     NORMAL TERMINATION      
     TOTAL NUMBER OF CYCLES  :    4064
