************************************************************************
**                                                                    **
**                                                                    **
**                         OpenRadioss Engine                         **
**                                                                    **
**            Non-linear Finite Element Analysis Software             **
**                                                                    **
**                                                                    **
**                                                                    **
**                  Windows 64 bits, Intel compiler                   **
**                      Double Precision Version                      **
**                                                                    **
**                                                                    **
**                                                                    **
************************************************************************
** OpenRadioss Software                                               **
** COPYRIGHT (C) 2026 Siemens                                         **
** Licensed under GNU Affero General Public License.                  **
** See License file.                                                  **
************************************************************************
 
 ROOT: I02F_AA2024_G30_H2_R2  RESTART: 0001
 NUMBER OF HMPP PROCESSES     1
 14/09/2026
 NC=       0 T= 0.0000E+00 DT= 3.0932E-04 ERR=  0.0% DM/M= 0.0000E+00
     ANIMATION FILE: I02F_AA2024_G30_H2_R2A001 WRITTEN
 NC=     100 T= 3.0932E-02 DT= 3.0932E-04 ERR= -0.0% DM/M= 0.0000E+00
 ELAPSED TIME=          0.04 s  REMAINING TIME=         10.75 s
 NC=     200 T= 6.1865E-02 DT= 3.0932E-04 ERR= -0.0% DM/M= 0.0000E+00
 ELAPSED TIME=          0.05 s  REMAINING TIME=          6.71 s
 NC=     300 T= 9.2797E-02 DT= 3.0933E-04 ERR=  0.0% DM/M= 0.0000E+00
 ELAPSED TIME=          0.06 s  REMAINING TIME=          5.36 s
 NC=     400 T= 1.2373E-01 DT= 3.0933E-04 ERR=  0.0% DM/M= 0.0000E+00
 ELAPSED TIME=          0.07 s  REMAINING TIME=          4.67 s
 NC=     500 T= 1.5466E-01 DT= 3.0933E-04 ERR= -0.0% DM/M= 0.0000E+00
 ELAPSED TIME=          0.08 s  REMAINING TIME=          4.26 s
 NC=     600 T= 1.8560E-01 DT= 3.0933E-04 ERR=  0.0% DM/M= 0.0000E+00
 ELAPSED TIME=          0.09 s  REMAINING TIME=          3.97 s
 NC=     700 T= 2.1653E-01 DT= 3.0933E-04 ERR= -0.0% DM/M= 0.0000E+00
 ELAPSED TIME=          0.10 s  REMAINING TIME=          3.77 s
 NC=     800 T= 2.4746E-01 DT= 3.0933E-04 ERR=  0.0% DM/M= 0.0000E+00
 ELAPSED TIME=          0.12 s  REMAINING TIME=          3.61 s
 NC=     900 T= 2.7839E-01 DT= 3.0933E-04 ERR= -0.0% DM/M= 0.0000E+00
 ELAPSED TIME=          0.13 s  REMAINING TIME=          3.49 s
 NC=    1000 T= 3.0933E-01 DT= 3.0933E-04 ERR= -0.0% DM/M= 0.0000E+00
 ELAPSED TIME=          0.14 s  REMAINING TIME=          3.39 s
 NC=    1100 T= 3.4026E-01 DT= 3.0933E-04 ERR= -0.0% DM/M= 0.0000E+00
 ELAPSED TIME=          0.15 s  REMAINING TIME=          3.31 s
 NC=    1200 T= 3.7119E-01 DT= 3.0933E-04 ERR= -0.0% DM/M= 0.0000E+00
 ELAPSED TIME=          0.16 s  REMAINING TIME=          3.23 s
     ANIMATION FILE: I02F_AA2024_G30_H2_R2A002 WRITTEN
 NC=    1300 T= 4.0212E-01 DT= 3.0933E-04 ERR= -0.0% DM/M= 0.0000E+00
 ELAPSED TIME=          0.17 s  REMAINING TIME=          3.19 s
 NC=    1400 T= 4.3306E-01 DT= 3.0933E-04 ERR= -0.0% DM/M= 0.0000E+00
 ELAPSED TIME=          0.18 s  REMAINING TIME=          3.13 s
 NC=    1500 T= 4.6399E-01 DT= 3.0933E-04 ERR= -0.0% DM/M= 0.0000E+00
 ELAPSED TIME=          0.19 s  REMAINING TIME=          3.08 s
 NC=    1600 T= 4.9492E-01 DT= 3.0933E-04 ERR= -0.0% DM/M= 0.0000E+00
 ELAPSED TIME=          0.20 s  REMAINING TIME=          3.04 s
 NC=    1700 T= 5.2586E-01 DT= 3.0933E-04 ERR= -0.0% DM/M= 0.0000E+00
 ELAPSED TIME=          0.21 s  REMAINING TIME=          2.99 s
 NC=    1800 T= 5.5679E-01 DT= 3.0934E-04 ERR= -0.0% DM/M= 0.0000E+00
 ELAPSED TIME=          0.22 s  REMAINING TIME=          2.96 s
 NC=    1900 T= 5.8772E-01 DT= 3.0934E-04 ERR= -0.0% DM/M= 0.0000E+00
 ELAPSED TIME=          0.23 s  REMAINING TIME=          2.92 s
 NC=    2000 T= 6.1866E-01 DT= 3.0934E-04 ERR= -0.0% DM/M= 0.0000E+00
 ELAPSED TIME=          0.24 s  REMAINING TIME=          2.89 s
 NC=    2100 T= 6.4959E-01 DT= 3.0934E-04 ERR= -0.0% DM/M= 0.0000E+00
 ELAPSED TIME=          0.25 s  REMAINING TIME=          2.86 s
 NC=    2200 T= 6.8053E-01 DT= 3.0934E-04 ERR= -0.0% DM/M= 0.0000E+00
 ELAPSED TIME=          0.26 s  REMAINING TIME=          2.83 s
 NC=    2300 T= 7.1146E-01 DT= 3.0934E-04 ERR= -0.0% DM/M= 0.0000E+00
 ELAPSED TIME=          0.27 s  REMAINING TIME=          2.80 s
 NC=    2400 T= 7.4239E-01 DT= 3.0934E-04 ERR= -0.0% DM/M= 0.0000E+00
 ELAPSED TIME=          0.28 s  REMAINING TIME=          2.77 s
 NC=    2500 T= 7.7333E-01 DT= 3.0935E-04 ERR= -0.0% DM/M= 0.0000E+00
 ELAPSED TIME=          0.29 s  REMAINING TIME=          2.75 s
     ANIMATION FILE: I02F_AA2024_G30_H2_R2A003 WRITTEN
 NC=    2600 T= 8.0426E-01 DT= 3.0935E-04 ERR= -0.0% DM/M= 0.0000E+00
 ELAPSED TIME=          0.31 s  REMAINING TIME=          2.74 s
 NC=    2700 T= 8.3520E-01 DT= 3.0935E-04 ERR= -0.0% DM/M= 0.0000E+00
 ELAPSED TIME=          0.32 s  REMAINING TIME=          2.71 s
 NC=    2800 T= 8.6613E-01 DT= 3.0935E-04 ERR= -0.0% DM/M= 0.0000E+00
 ELAPSED TIME=          0.33 s  REMAINING TIME=          2.69 s
 NC=    2900 T= 8.9707E-01 DT= 3.0935E-04 ERR= -0.0% DM/M= 0.0000E+00
 ELAPSED TIME=          0.34 s  REMAINING TIME=          2.67 s
 NC=    3000 T= 9.2800E-01 DT= 3.0935E-04 ERR= -0.0% DM/M= 0.0000E+00
 ELAPSED TIME=          0.35 s  REMAINING TIME=          2.65 s
 NC=    3100 T= 9.5894E-01 DT= 3.0936E-04 ERR= -0.0% DM/M= 0.0000E+00
 ELAPSED TIME=          0.36 s  REMAINING TIME=          2.63 s
 NC=    3200 T= 9.8987E-01 DT= 3.0936E-04 ERR= -0.0% DM/M= 0.0000E+00
 ELAPSED TIME=          0.37 s  REMAINING TIME=          2.61 s
 NC=    3300 T= 1.0208E+00 DT= 3.0936E-04 ERR= -0.0% DM/M= 0.0000E+00
 ELAPSED TIME=          0.38 s  REMAINING TIME=          2.59 s
 NC=    3400 T= 1.0517E+00 DT= 3.0936E-04 ERR= -0.0% DM/M= 0.0000E+00
 ELAPSED TIME=          0.39 s  REMAINING TIME=          2.57 s
 NC=    3500 T= 1.0827E+00 DT= 3.0936E-04 ERR= -0.0% DM/M= 0.0000E+00
 ELAPSED TIME=          0.40 s  REMAINING TIME=          2.56 s
 NC=    3600 T= 1.1136E+00 DT= 3.0937E-04 ERR= -0.0% DM/M= 0.0000E+00
 ELAPSED TIME=          0.41 s  REMAINING TIME=          2.54 s
 NC=    3700 T= 1.1446E+00 DT= 3.0937E-04 ERR= -0.0% DM/M= 0.0000E+00
 ELAPSED TIME=          0.42 s  REMAINING TIME=          2.52 s
 NC=    3800 T= 1.1755E+00 DT= 3.0937E-04 ERR= -0.0% DM/M= 0.0000E+00
 ELAPSED TIME=          0.43 s  REMAINING TIME=          2.50 s
     ANIMATION FILE: I02F_AA2024_G30_H2_R2A004 WRITTEN
 NC=    3900 T= 1.2064E+00 DT= 3.0937E-04 ERR= -0.0% DM/M= 0.0000E+00
 ELAPSED TIME=          0.44 s  REMAINING TIME=          2.49 s
 NC=    4000 T= 1.2374E+00 DT= 3.0937E-04 ERR= -0.0% DM/M= 0.0000E+00
 ELAPSED TIME=          0.45 s  REMAINING TIME=          2.48 s
 NC=    4100 T= 1.2683E+00 DT= 3.0938E-04 ERR= -0.0% DM/M= 0.0000E+00
 ELAPSED TIME=          0.46 s  REMAINING TIME=          2.46 s
 NC=    4200 T= 1.2992E+00 DT= 3.0938E-04 ERR= -0.0% DM/M= 0.0000E+00
 ELAPSED TIME=          0.47 s  REMAINING TIME=          2.45 s
 NC=    4300 T= 1.3302E+00 DT= 3.0938E-04 ERR= -0.0% DM/M= 0.0000E+00
 ELAPSED TIME=          0.48 s  REMAINING TIME=          2.43 s
 NC=    4400 T= 1.3611E+00 DT= 3.0938E-04 ERR= -0.0% DM/M= 0.0000E+00
 ELAPSED TIME=          0.50 s  REMAINING TIME=          2.41 s
 NC=    4500 T= 1.3921E+00 DT= 3.0939E-04 ERR= -0.0% DM/M= 0.0000E+00
 ELAPSED TIME=          0.51 s  REMAINING TIME=          2.40 s
 NC=    4600 T= 1.4230E+00 DT= 3.0939E-04 ERR= -0.0% DM/M= 0.0000E+00
 ELAPSED TIME=          0.52 s  REMAINING TIME=          2.38 s
 NC=    4700 T= 1.4539E+00 DT= 3.0939E-04 ERR= -0.0% DM/M= 0.0000E+00
 ELAPSED TIME=          0.53 s  REMAINING TIME=          2.37 s
 NC=    4800 T= 1.4849E+00 DT= 3.0940E-04 ERR= -0.0% DM/M= 0.0000E+00
 ELAPSED TIME=          0.54 s  REMAINING TIME=          2.36 s
 NC=    4900 T= 1.5158E+00 DT= 3.0940E-04 ERR= -0.0% DM/M= 0.0000E+00
 ELAPSED TIME=          0.55 s  REMAINING TIME=          2.34 s
 NC=    5000 T= 1.5468E+00 DT= 3.0940E-04 ERR= -0.0% DM/M= 0.0000E+00
 ELAPSED TIME=          0.56 s  REMAINING TIME=          2.33 s
 NC=    5100 T= 1.5777E+00 DT= 3.0940E-04 ERR= -0.0% DM/M= 0.0000E+00
 ELAPSED TIME=          0.57 s  REMAINING TIME=          2.31 s
     ANIMATION FILE: I02F_AA2024_G30_H2_R2A005 WRITTEN
 NC=    5200 T= 1.6086E+00 DT= 3.0941E-04 ERR= -0.0% DM/M= 0.0000E+00
 ELAPSED TIME=          0.58 s  REMAINING TIME=          2.30 s
 NC=    5300 T= 1.6396E+00 DT= 3.0941E-04 ERR= -0.0% DM/M= 0.0000E+00
 ELAPSED TIME=          0.59 s  REMAINING TIME=          2.29 s
 NC=    5400 T= 1.6705E+00 DT= 3.0941E-04 ERR= -0.0% DM/M= 0.0000E+00
 ELAPSED TIME=          0.60 s  REMAINING TIME=          2.28 s
 NC=    5500 T= 1.7015E+00 DT= 3.0942E-04 ERR= -0.0% DM/M= 0.0000E+00
 ELAPSED TIME=          0.61 s  REMAINING TIME=          2.26 s
 NC=    5600 T= 1.7324E+00 DT= 3.0942E-04 ERR= -0.0% DM/M= 0.0000E+00
 ELAPSED TIME=          0.62 s  REMAINING TIME=          2.25 s
 NC=    5700 T= 1.7633E+00 DT= 3.0942E-04 ERR= -0.0% DM/M= 0.0000E+00
 ELAPSED TIME=          0.63 s  REMAINING TIME=          2.24 s
 NC=    5800 T= 1.7943E+00 DT= 3.0942E-04 ERR= -0.0% DM/M= 0.0000E+00
 ELAPSED TIME=          0.64 s  REMAINING TIME=          2.22 s
 NC=    5900 T= 1.8252E+00 DT= 3.0943E-04 ERR= -0.0% DM/M= 0.0000E+00
 ELAPSED TIME=          0.65 s  REMAINING TIME=          2.21 s
 NC=    6000 T= 1.8562E+00 DT= 3.0943E-04 ERR= -0.0% DM/M= 0.0000E+00
 ELAPSED TIME=          0.66 s  REMAINING TIME=          2.20 s
 NC=    6100 T= 1.8871E+00 DT= 3.0943E-04 ERR= -0.0% DM/M= 0.0000E+00
 ELAPSED TIME=          0.67 s  REMAINING TIME=          2.18 s
 NC=    6200 T= 1.9181E+00 DT= 3.0944E-04 ERR= -0.0% DM/M= 0.0000E+00
 ELAPSED TIME=          0.68 s  REMAINING TIME=          2.17 s
 NC=    6300 T= 1.9490E+00 DT= 3.0944E-04 ERR= -0.0% DM/M= 0.0000E+00
 ELAPSED TIME=          0.69 s  REMAINING TIME=          2.16 s
 NC=    6400 T= 1.9799E+00 DT= 3.0944E-04 ERR= -0.0% DM/M= 0.0000E+00
 ELAPSED TIME=          0.71 s  REMAINING TIME=          2.14 s
     ANIMATION FILE: I02F_AA2024_G30_H2_R2A006 WRITTEN
 NC=    6500 T= 2.0109E+00 DT= 3.0945E-04 ERR= -0.0% DM/M= 0.0000E+00
 ELAPSED TIME=          0.72 s  REMAINING TIME=          2.13 s
 NC=    6600 T= 2.0418E+00 DT= 3.0945E-04 ERR= -0.0% DM/M= 0.0000E+00
 ELAPSED TIME=          0.73 s  REMAINING TIME=          2.12 s
 NC=    6700 T= 2.0728E+00 DT= 3.0945E-04 ERR= -0.0% DM/M= 0.0000E+00
 ELAPSED TIME=          0.74 s  REMAINING TIME=          2.11 s
 NC=    6800 T= 2.1037E+00 DT= 3.0946E-04 ERR= -0.0% DM/M= 0.0000E+00
 ELAPSED TIME=          0.75 s  REMAINING TIME=          2.10 s
 NC=    6900 T= 2.1347E+00 DT= 3.0946E-04 ERR= -0.0% DM/M= 0.0000E+00
 ELAPSED TIME=          0.76 s  REMAINING TIME=          2.08 s
 NC=    7000 T= 2.1656E+00 DT= 3.0946E-04 ERR= -0.0% DM/M= 0.0000E+00
 ELAPSED TIME=          0.77 s  REMAINING TIME=          2.07 s
 NC=    7100 T= 2.1966E+00 DT= 3.0947E-04 ERR= -0.0% DM/M= 0.0000E+00
 ELAPSED TIME=          0.78 s  REMAINING TIME=          2.06 s
 NC=    7200 T= 2.2275E+00 DT= 3.0947E-04 ERR= -0.0% DM/M= 0.0000E+00
 ELAPSED TIME=          0.79 s  REMAINING TIME=          2.05 s
 NC=    7300 T= 2.2585E+00 DT= 3.0948E-04 ERR= -0.0% DM/M= 0.0000E+00
 ELAPSED TIME=          0.80 s  REMAINING TIME=          2.03 s
 NC=    7400 T= 2.2894E+00 DT= 3.0948E-04 ERR= -0.0% DM/M= 0.0000E+00
 ELAPSED TIME=          0.81 s  REMAINING TIME=          2.02 s
 NC=    7500 T= 2.3204E+00 DT= 3.0948E-04 ERR= -0.0% DM/M= 0.0000E+00
 ELAPSED TIME=          0.82 s  REMAINING TIME=          2.01 s
 NC=    7600 T= 2.3513E+00 DT= 3.0949E-04 ERR= -0.0% DM/M= 0.0000E+00
 ELAPSED TIME=          0.83 s  REMAINING TIME=          2.00 s
 NC=    7700 T= 2.3823E+00 DT= 3.0949E-04 ERR= -0.0% DM/M= 0.0000E+00
 ELAPSED TIME=          0.84 s  REMAINING TIME=          1.98 s
     ANIMATION FILE: I02F_AA2024_G30_H2_R2A007 WRITTEN
 NC=    7800 T= 2.4132E+00 DT= 3.0949E-04 ERR= -0.0% DM/M= 0.0000E+00
 ELAPSED TIME=          0.85 s  REMAINING TIME=          1.98 s
 NC=    7900 T= 2.4442E+00 DT= 3.0950E-04 ERR= -0.0% DM/M= 0.0000E+00
 ELAPSED TIME=          0.86 s  REMAINING TIME=          1.96 s
 NC=    8000 T= 2.4751E+00 DT= 3.0950E-04 ERR= -0.0% DM/M= 0.0000E+00
 ELAPSED TIME=          0.87 s  REMAINING TIME=          1.95 s
 NC=    8100 T= 2.5061E+00 DT= 3.0950E-04 ERR= -0.0% DM/M= 0.0000E+00
 ELAPSED TIME=          0.88 s  REMAINING TIME=          1.94 s
 NC=    8200 T= 2.5370E+00 DT= 3.0951E-04 ERR= -0.0% DM/M= 0.0000E+00
 ELAPSED TIME=          0.90 s  REMAINING TIME=          1.93 s
 NC=    8300 T= 2.5680E+00 DT= 3.0951E-04 ERR= -0.0% DM/M= 0.0000E+00
 ELAPSED TIME=          0.91 s  REMAINING TIME=          1.92 s
 NC=    8400 T= 2.5989E+00 DT= 3.0952E-04 ERR= -0.0% DM/M= 0.0000E+00
 ELAPSED TIME=          0.92 s  REMAINING TIME=          1.90 s
 NC=    8500 T= 2.6299E+00 DT= 3.0952E-04 ERR= -0.0% DM/M= 0.0000E+00
 ELAPSED TIME=          0.93 s  REMAINING TIME=          1.89 s
 NC=    8600 T= 2.6608E+00 DT= 3.0952E-04 ERR= -0.0% DM/M= 0.0000E+00
 ELAPSED TIME=          0.94 s  REMAINING TIME=          1.88 s
 NC=    8700 T= 2.6918E+00 DT= 3.0953E-04 ERR= -0.0% DM/M= 0.0000E+00
 ELAPSED TIME=          0.95 s  REMAINING TIME=          1.87 s
 NC=    8800 T= 2.7227E+00 DT= 3.0953E-04 ERR= -0.0% DM/M= 0.0000E+00
 ELAPSED TIME=          0.96 s  REMAINING TIME=          1.86 s
 NC=    8900 T= 2.7537E+00 DT= 3.0954E-04 ERR= -0.0% DM/M= 0.0000E+00
 ELAPSED TIME=          0.97 s  REMAINING TIME=          1.85 s
 NC=    9000 T= 2.7846E+00 DT= 3.0954E-04 ERR= -0.0% DM/M= 0.0000E+00
 ELAPSED TIME=          0.98 s  REMAINING TIME=          1.83 s
     ANIMATION FILE: I02F_AA2024_G30_H2_R2A008 WRITTEN
 NC=    9100 T= 2.8156E+00 DT= 3.0954E-04 ERR= -0.0% DM/M= 0.0000E+00
 ELAPSED TIME=          0.99 s  REMAINING TIME=          1.82 s
 NC=    9200 T= 2.8465E+00 DT= 3.0955E-04 ERR= -0.0% DM/M= 0.0000E+00
 ELAPSED TIME=          1.00 s  REMAINING TIME=          1.81 s
 NC=    9300 T= 2.8775E+00 DT= 3.0955E-04 ERR= -0.0% DM/M= 0.0000E+00
 ELAPSED TIME=          1.01 s  REMAINING TIME=          1.80 s
 NC=    9400 T= 2.9084E+00 DT= 3.0956E-04 ERR= -0.0% DM/M= 0.0000E+00
 ELAPSED TIME=          1.02 s  REMAINING TIME=          1.79 s
 NC=    9500 T= 2.9394E+00 DT= 3.0956E-04 ERR= -0.0% DM/M= 0.0000E+00
 ELAPSED TIME=          1.04 s  REMAINING TIME=          1.78 s
 NC=    9600 T= 2.9704E+00 DT= 3.0956E-04 ERR= -0.0% DM/M= 0.0000E+00
 ELAPSED TIME=          1.05 s  REMAINING TIME=          1.77 s
 NC=    9700 T= 3.0013E+00 DT= 3.0957E-04 ERR= -0.0% DM/M= 0.0000E+00
 ELAPSED TIME=          1.06 s  REMAINING TIME=          1.76 s
 NC=    9800 T= 3.0323E+00 DT= 3.0957E-04 ERR= -0.0% DM/M= 0.0000E+00
 ELAPSED TIME=          1.07 s  REMAINING TIME=          1.75 s
 NC=    9900 T= 3.0632E+00 DT= 3.0958E-04 ERR= -0.0% DM/M= 0.0000E+00
 ELAPSED TIME=          1.08 s  REMAINING TIME=          1.74 s
 NC=   10000 T= 3.0942E+00 DT= 3.0958E-04 ERR= -0.0% DM/M= 0.0000E+00
 ELAPSED TIME=          1.09 s  REMAINING TIME=          1.73 s
 NC=   10100 T= 3.1251E+00 DT= 3.0958E-04 ERR= -0.0% DM/M= 0.0000E+00
 ELAPSED TIME=          1.11 s  REMAINING TIME=          1.72 s
 NC=   10200 T= 3.1561E+00 DT= 3.0959E-04 ERR= -0.0% DM/M= 0.0000E+00
 ELAPSED TIME=          1.12 s  REMAINING TIME=          1.71 s
 NC=   10300 T= 3.1871E+00 DT= 3.0959E-04 ERR= -0.0% DM/M= 0.0000E+00
 ELAPSED TIME=          1.13 s  REMAINING TIME=          1.71 s
     ANIMATION FILE: I02F_AA2024_G30_H2_R2A009 WRITTEN
 NC=   10400 T= 3.2180E+00 DT= 3.0959E-04 ERR= -0.0% DM/M= 0.0000E+00
 ELAPSED TIME=          1.14 s  REMAINING TIME=          1.70 s
 NC=   10500 T= 3.2490E+00 DT= 3.0959E-04 ERR= -0.0% DM/M= 0.0000E+00
 ELAPSED TIME=          1.16 s  REMAINING TIME=          1.69 s
 NC=   10600 T= 3.2799E+00 DT= 3.0959E-04 ERR= -0.0% DM/M= 0.0000E+00
 ELAPSED TIME=          1.17 s  REMAINING TIME=          1.68 s
 NC=   10700 T= 3.3109E+00 DT= 3.0959E-04 ERR= -0.0% DM/M= 0.0000E+00
 ELAPSED TIME=          1.18 s  REMAINING TIME=          1.67 s
 NC=   10800 T= 3.3419E+00 DT= 3.0959E-04 ERR= -0.0% DM/M= 0.0000E+00
 ELAPSED TIME=          1.19 s  REMAINING TIME=          1.66 s
 NC=   10900 T= 3.3728E+00 DT= 3.0959E-04 ERR= -0.0% DM/M= 0.0000E+00
 ELAPSED TIME=          1.21 s  REMAINING TIME=          1.65 s
 NC=   11000 T= 3.4038E+00 DT= 3.0959E-04 ERR= -0.0% DM/M= 0.0000E+00
 ELAPSED TIME=          1.22 s  REMAINING TIME=          1.64 s
 NC=   11100 T= 3.4347E+00 DT= 3.0959E-04 ERR= -0.0% DM/M= 0.0000E+00
 ELAPSED TIME=          1.23 s  REMAINING TIME=          1.64 s
 NC=   11200 T= 3.4657E+00 DT= 3.0959E-04 ERR= -0.0% DM/M= 0.0000E+00
 ELAPSED TIME=          1.24 s  REMAINING TIME=          1.63 s
 NC=   11300 T= 3.4966E+00 DT= 3.0959E-04 ERR= -0.0% DM/M= 0.0000E+00
 ELAPSED TIME=          1.26 s  REMAINING TIME=          1.62 s
 NC=   11400 T= 3.5276E+00 DT= 3.0959E-04 ERR= -0.0% DM/M= 0.0000E+00
 ELAPSED TIME=          1.27 s  REMAINING TIME=          1.61 s
 NC=   11500 T= 3.5586E+00 DT= 3.0959E-04 ERR= -0.0% DM/M= 0.0000E+00
 ELAPSED TIME=          1.28 s  REMAINING TIME=          1.60 s
 NC=   11600 T= 3.5895E+00 DT= 3.0959E-04 ERR= -0.0% DM/M= 0.0000E+00
 ELAPSED TIME=          1.29 s  REMAINING TIME=          1.59 s
     ANIMATION FILE: I02F_AA2024_G30_H2_R2A010 WRITTEN
 NC=   11700 T= 3.6205E+00 DT= 3.0959E-04 ERR= -0.0% DM/M= 0.0000E+00
 ELAPSED TIME=          1.31 s  REMAINING TIME=          1.58 s
 NC=   11800 T= 3.6514E+00 DT= 3.0958E-04 ERR= -0.0% DM/M= 0.0000E+00
 ELAPSED TIME=          1.32 s  REMAINING TIME=          1.57 s
 NC=   11900 T= 3.6824E+00 DT= 3.0958E-04 ERR= -0.0% DM/M= 0.0000E+00
 ELAPSED TIME=          1.33 s  REMAINING TIME=          1.56 s
 NC=   12000 T= 3.7134E+00 DT= 3.0958E-04 ERR= -0.0% DM/M= 0.0000E+00
 ELAPSED TIME=          1.35 s  REMAINING TIME=          1.55 s
 NC=   12100 T= 3.7443E+00 DT= 3.0958E-04 ERR= -0.0% DM/M= 0.0000E+00
 ELAPSED TIME=          1.36 s  REMAINING TIME=          1.54 s
 NC=   12200 T= 3.7753E+00 DT= 3.0958E-04 ERR= -0.0% DM/M= 0.0000E+00
 ELAPSED TIME=          1.37 s  REMAINING TIME=          1.53 s
 NC=   12300 T= 3.8062E+00 DT= 3.0958E-04 ERR= -0.0% DM/M= 0.0000E+00
 ELAPSED TIME=          1.38 s  REMAINING TIME=          1.52 s
 NC=   12400 T= 3.8372E+00 DT= 3.0958E-04 ERR= -0.0% DM/M= 0.0000E+00
 ELAPSED TIME=          1.39 s  REMAINING TIME=          1.51 s
 NC=   12500 T= 3.8681E+00 DT= 3.0958E-04 ERR= -0.0% DM/M= 0.0000E+00
 ELAPSED TIME=          1.40 s  REMAINING TIME=          1.50 s
 NC=   12600 T= 3.8991E+00 DT= 3.0958E-04 ERR= -0.0% DM/M= 0.0000E+00
 ELAPSED TIME=          1.41 s  REMAINING TIME=          1.49 s
 NC=   12700 T= 3.9301E+00 DT= 3.0957E-04 ERR= -0.0% DM/M= 0.0000E+00
 ELAPSED TIME=          1.42 s  REMAINING TIME=          1.47 s
 NC=   12800 T= 3.9610E+00 DT= 3.0957E-04 ERR= -0.0% DM/M= 0.0000E+00
 ELAPSED TIME=          1.43 s  REMAINING TIME=          1.46 s
 NC=   12900 T= 3.9920E+00 DT= 3.0957E-04 ERR= -0.0% DM/M= 0.0000E+00
 ELAPSED TIME=          1.44 s  REMAINING TIME=          1.45 s
     ANIMATION FILE: I02F_AA2024_G30_H2_R2A011 WRITTEN
 NC=   13000 T= 4.0229E+00 DT= 3.0957E-04 ERR= -0.0% DM/M= 0.0000E+00
 ELAPSED TIME=          1.46 s  REMAINING TIME=          1.44 s
 NC=   13100 T= 4.0539E+00 DT= 3.0957E-04 ERR= -0.0% DM/M= 0.0000E+00
 ELAPSED TIME=          1.47 s  REMAINING TIME=          1.43 s
 NC=   13200 T= 4.0848E+00 DT= 3.0957E-04 ERR= -0.0% DM/M= 0.0000E+00
 ELAPSED TIME=          1.48 s  REMAINING TIME=          1.42 s
 NC=   13300 T= 4.1158E+00 DT= 3.0957E-04 ERR= -0.0% DM/M= 0.0000E+00
 ELAPSED TIME=          1.49 s  REMAINING TIME=          1.41 s
 NC=   13400 T= 4.1468E+00 DT= 3.0957E-04 ERR= -0.0% DM/M= 0.0000E+00
 ELAPSED TIME=          1.50 s  REMAINING TIME=          1.39 s
 NC=   13500 T= 4.1777E+00 DT= 3.0956E-04 ERR= -0.0% DM/M= 0.0000E+00
 ELAPSED TIME=          1.51 s  REMAINING TIME=          1.38 s
 NC=   13600 T= 4.2087E+00 DT= 3.0956E-04 ERR= -0.0% DM/M= 0.0000E+00
 ELAPSED TIME=          1.52 s  REMAINING TIME=          1.37 s
 NC=   13700 T= 4.2396E+00 DT= 3.0956E-04 ERR= -0.0% DM/M= 0.0000E+00
 ELAPSED TIME=          1.53 s  REMAINING TIME=          1.36 s
 NC=   13800 T= 4.2706E+00 DT= 3.0956E-04 ERR= -0.0% DM/M= 0.0000E+00
 ELAPSED TIME=          1.54 s  REMAINING TIME=          1.35 s
 NC=   13900 T= 4.3015E+00 DT= 3.0956E-04 ERR= -0.0% DM/M= 0.0000E+00
 ELAPSED TIME=          1.56 s  REMAINING TIME=          1.34 s
 NC=   14000 T= 4.3325E+00 DT= 3.0956E-04 ERR= -0.0% DM/M= 0.0000E+00
 ELAPSED TIME=          1.57 s  REMAINING TIME=          1.33 s
 NC=   14100 T= 4.3635E+00 DT= 3.0956E-04 ERR= -0.0% DM/M= 0.0000E+00
 ELAPSED TIME=          1.58 s  REMAINING TIME=          1.31 s
 NC=   14200 T= 4.3944E+00 DT= 3.0956E-04 ERR= -0.0% DM/M= 0.0000E+00
 ELAPSED TIME=          1.59 s  REMAINING TIME=          1.30 s
     ANIMATION FILE: I02F_AA2024_G30_H2_R2A012 WRITTEN
 NC=   14300 T= 4.4254E+00 DT= 3.0955E-04 ERR= -0.0% DM/M= 0.0000E+00
 ELAPSED TIME=          1.60 s  REMAINING TIME=          1.29 s
 NC=   14400 T= 4.4563E+00 DT= 3.0955E-04 ERR= -0.0% DM/M= 0.0000E+00
 ELAPSED TIME=          1.61 s  REMAINING TIME=          1.28 s
 NC=   14500 T= 4.4873E+00 DT= 3.0955E-04 ERR= -0.0% DM/M= 0.0000E+00
 ELAPSED TIME=          1.62 s  REMAINING TIME=          1.27 s
 NC=   14600 T= 4.5182E+00 DT= 3.0955E-04 ERR= -0.0% DM/M= 0.0000E+00
 ELAPSED TIME=          1.63 s  REMAINING TIME=          1.26 s
 NC=   14700 T= 4.5492E+00 DT= 3.0955E-04 ERR= -0.0% DM/M= 0.0000E+00
 ELAPSED TIME=          1.64 s  REMAINING TIME=          1.25 s
 NC=   14800 T= 4.5801E+00 DT= 3.0955E-04 ERR= -0.0% DM/M= 0.0000E+00
 ELAPSED TIME=          1.65 s  REMAINING TIME=          1.24 s
 NC=   14900 T= 4.6111E+00 DT= 3.0955E-04 ERR= -0.0% DM/M= 0.0000E+00
 ELAPSED TIME=          1.67 s  REMAINING TIME=          1.22 s
 NC=   15000 T= 4.6420E+00 DT= 3.0954E-04 ERR= -0.0% DM/M= 0.0000E+00
 ELAPSED TIME=          1.68 s  REMAINING TIME=          1.21 s
 NC=   15100 T= 4.6730E+00 DT= 3.0954E-04 ERR= -0.0% DM/M= 0.0000E+00
 ELAPSED TIME=          1.69 s  REMAINING TIME=          1.20 s
 NC=   15200 T= 4.7040E+00 DT= 3.0954E-04 ERR= -0.0% DM/M= 0.0000E+00
 ELAPSED TIME=          1.70 s  REMAINING TIME=          1.19 s
 NC=   15300 T= 4.7349E+00 DT= 3.0954E-04 ERR= -0.0% DM/M= 0.0000E+00
 ELAPSED TIME=          1.71 s  REMAINING TIME=          1.18 s
 NC=   15400 T= 4.7659E+00 DT= 3.0954E-04 ERR= -0.0% DM/M= 0.0000E+00
 ELAPSED TIME=          1.72 s  REMAINING TIME=          1.17 s
 NC=   15500 T= 4.7968E+00 DT= 3.0954E-04 ERR= -0.0% DM/M= 0.0000E+00
 ELAPSED TIME=          1.73 s  REMAINING TIME=          1.16 s
     ANIMATION FILE: I02F_AA2024_G30_H2_R2A013 WRITTEN
 NC=   15600 T= 4.8278E+00 DT= 3.0954E-04 ERR= -0.0% DM/M= 0.0000E+00
 ELAPSED TIME=          1.74 s  REMAINING TIME=          1.15 s
 NC=   15700 T= 4.8587E+00 DT= 3.0953E-04 ERR= -0.0% DM/M= 0.0000E+00
 ELAPSED TIME=          1.75 s  REMAINING TIME=          1.13 s
 NC=   15800 T= 4.8897E+00 DT= 3.0953E-04 ERR= -0.0% DM/M= 0.0000E+00
 ELAPSED TIME=          1.77 s  REMAINING TIME=          1.12 s
 NC=   15900 T= 4.9206E+00 DT= 3.0953E-04 ERR= -0.0% DM/M= 0.0000E+00
 ELAPSED TIME=          1.78 s  REMAINING TIME=          1.11 s
 NC=   16000 T= 4.9516E+00 DT= 3.0953E-04 ERR= -0.0% DM/M= 0.0000E+00
 ELAPSED TIME=          1.79 s  REMAINING TIME=          1.10 s
 NC=   16100 T= 4.9825E+00 DT= 3.0953E-04 ERR= -0.0% DM/M= 0.0000E+00
 ELAPSED TIME=          1.80 s  REMAINING TIME=          1.09 s
 NC=   16200 T= 5.0135E+00 DT= 3.0953E-04 ERR= -0.0% DM/M= 0.0000E+00
 ELAPSED TIME=          1.81 s  REMAINING TIME=          1.08 s
 NC=   16300 T= 5.0444E+00 DT= 3.0953E-04 ERR= -0.0% DM/M= 0.0000E+00
 ELAPSED TIME=          1.82 s  REMAINING TIME=          1.07 s
 NC=   16400 T= 5.0754E+00 DT= 3.0952E-04 ERR= -0.0% DM/M= 0.0000E+00
 ELAPSED TIME=          1.83 s  REMAINING TIME=          1.05 s
 NC=   16500 T= 5.1063E+00 DT= 3.0952E-04 ERR= -0.0% DM/M= 0.0000E+00
 ELAPSED TIME=          1.84 s  REMAINING TIME=          1.04 s
 NC=   16600 T= 5.1373E+00 DT= 3.0952E-04 ERR= -0.0% DM/M= 0.0000E+00
 ELAPSED TIME=          1.85 s  REMAINING TIME=          1.03 s
 NC=   16700 T= 5.1683E+00 DT= 3.0952E-04 ERR= -0.0% DM/M= 0.0000E+00
 ELAPSED TIME=          1.86 s  REMAINING TIME=          1.02 s
 NC=   16800 T= 5.1992E+00 DT= 3.0952E-04 ERR= -0.0% DM/M= 0.0000E+00
 ELAPSED TIME=          1.87 s  REMAINING TIME=          1.01 s
     ANIMATION FILE: I02F_AA2024_G30_H2_R2A014 WRITTEN
 NC=   16900 T= 5.2302E+00 DT= 3.0952E-04 ERR= -0.0% DM/M= 0.0000E+00
 ELAPSED TIME=          1.89 s  REMAINING TIME=          1.00 s
 NC=   17000 T= 5.2611E+00 DT= 3.0951E-04 ERR= -0.0% DM/M= 0.0000E+00
 ELAPSED TIME=          1.90 s  REMAINING TIME=          0.99 s
 NC=   17100 T= 5.2921E+00 DT= 3.0951E-04 ERR= -0.0% DM/M= 0.0000E+00
 ELAPSED TIME=          1.91 s  REMAINING TIME=          0.98 s
 NC=   17200 T= 5.3230E+00 DT= 3.0951E-04 ERR= -0.0% DM/M= 0.0000E+00
 ELAPSED TIME=          1.92 s  REMAINING TIME=          0.97 s
 NC=   17300 T= 5.3540E+00 DT= 3.0951E-04 ERR= -0.0% DM/M= 0.0000E+00
 ELAPSED TIME=          1.93 s  REMAINING TIME=          0.95 s
 NC=   17400 T= 5.3849E+00 DT= 3.0951E-04 ERR= -0.0% DM/M= 0.0000E+00
 ELAPSED TIME=          1.94 s  REMAINING TIME=          0.94 s
 NC=   17500 T= 5.4159E+00 DT= 3.0951E-04 ERR= -0.0% DM/M= 0.0000E+00
 ELAPSED TIME=          1.95 s  REMAINING TIME=          0.93 s
 NC=   17600 T= 5.4468E+00 DT= 3.0951E-04 ERR= -0.0% DM/M= 0.0000E+00
 ELAPSED TIME=          1.96 s  REMAINING TIME=          0.92 s
 NC=   17700 T= 5.4778E+00 DT= 3.0950E-04 ERR= -0.0% DM/M= 0.0000E+00
 ELAPSED TIME=          1.97 s  REMAINING TIME=          0.91 s
 NC=   17800 T= 5.5087E+00 DT= 3.0950E-04 ERR= -0.0% DM/M= 0.0000E+00
 ELAPSED TIME=          1.98 s  REMAINING TIME=          0.90 s
 NC=   17900 T= 5.5397E+00 DT= 3.0950E-04 ERR= -0.0% DM/M= 0.0000E+00
 ELAPSED TIME=          2.00 s  REMAINING TIME=          0.89 s
 NC=   18000 T= 5.5706E+00 DT= 3.0950E-04 ERR= -0.0% DM/M= 0.0000E+00
 ELAPSED TIME=          2.01 s  REMAINING TIME=          0.88 s
     ANIMATION FILE: I02F_AA2024_G30_H2_R2A015 WRITTEN
 NC=   18100 T= 5.6016E+00 DT= 3.0950E-04 ERR= -0.0% DM/M= 0.0000E+00
 ELAPSED TIME=          2.02 s  REMAINING TIME=          0.86 s
 NC=   18200 T= 5.6325E+00 DT= 3.0950E-04 ERR= -0.0% DM/M= 0.0000E+00
 ELAPSED TIME=          2.03 s  REMAINING TIME=          0.85 s
 NC=   18300 T= 5.6635E+00 DT= 3.0950E-04 ERR= -0.0% DM/M= 0.0000E+00
 ELAPSED TIME=          2.04 s  REMAINING TIME=          0.84 s
 NC=   18400 T= 5.6944E+00 DT= 3.0949E-04 ERR= -0.0% DM/M= 0.0000E+00
 ELAPSED TIME=          2.05 s  REMAINING TIME=          0.83 s
 NC=   18500 T= 5.7254E+00 DT= 3.0949E-04 ERR= -0.0% DM/M= 0.0000E+00
 ELAPSED TIME=          2.06 s  REMAINING TIME=          0.82 s
 NC=   18600 T= 5.7563E+00 DT= 3.0949E-04 ERR= -0.0% DM/M= 0.0000E+00
 ELAPSED TIME=          2.07 s  REMAINING TIME=          0.81 s
 NC=   18700 T= 5.7873E+00 DT= 3.0949E-04 ERR= -0.0% DM/M= 0.0000E+00
 ELAPSED TIME=          2.08 s  REMAINING TIME=          0.80 s
 NC=   18800 T= 5.8182E+00 DT= 3.0949E-04 ERR= -0.0% DM/M= 0.0000E+00
 ELAPSED TIME=          2.10 s  REMAINING TIME=          0.79 s
 NC=   18900 T= 5.8492E+00 DT= 3.0949E-04 ERR= -0.0% DM/M= 0.0000E+00
 ELAPSED TIME=          2.11 s  REMAINING TIME=          0.77 s
 NC=   19000 T= 5.8801E+00 DT= 3.0948E-04 ERR= -0.0% DM/M= 0.0000E+00
 ELAPSED TIME=          2.12 s  REMAINING TIME=          0.76 s
 NC=   19100 T= 5.9111E+00 DT= 3.0948E-04 ERR= -0.0% DM/M= 0.0000E+00
 ELAPSED TIME=          2.13 s  REMAINING TIME=          0.75 s
 NC=   19200 T= 5.9420E+00 DT= 3.0948E-04 ERR= -0.0% DM/M= 0.0000E+00
 ELAPSED TIME=          2.14 s  REMAINING TIME=          0.74 s
 NC=   19300 T= 5.9730E+00 DT= 3.0948E-04 ERR= -0.0% DM/M= 0.0000E+00
 ELAPSED TIME=          2.15 s  REMAINING TIME=          0.73 s
     ANIMATION FILE: I02F_AA2024_G30_H2_R2A016 WRITTEN
 NC=   19400 T= 6.0039E+00 DT= 3.0948E-04 ERR= -0.0% DM/M= 0.0000E+00
 ELAPSED TIME=          2.16 s  REMAINING TIME=          0.72 s
 NC=   19500 T= 6.0348E+00 DT= 3.0948E-04 ERR= -0.0% DM/M= 0.0000E+00
 ELAPSED TIME=          2.17 s  REMAINING TIME=          0.71 s
 NC=   19600 T= 6.0658E+00 DT= 3.0948E-04 ERR= -0.0% DM/M= 0.0000E+00
 ELAPSED TIME=          2.18 s  REMAINING TIME=          0.70 s
 NC=   19700 T= 6.0967E+00 DT= 3.0947E-04 ERR= -0.0% DM/M= 0.0000E+00
 ELAPSED TIME=          2.19 s  REMAINING TIME=          0.69 s
 NC=   19800 T= 6.1277E+00 DT= 3.0947E-04 ERR= -0.0% DM/M= 0.0000E+00
 ELAPSED TIME=          2.21 s  REMAINING TIME=          0.67 s
 NC=   19900 T= 6.1586E+00 DT= 3.0947E-04 ERR= -0.0% DM/M= 0.0000E+00
 ELAPSED TIME=          2.22 s  REMAINING TIME=          0.66 s
 NC=   20000 T= 6.1896E+00 DT= 3.0947E-04 ERR= -0.0% DM/M= 0.0000E+00
 ELAPSED TIME=          2.23 s  REMAINING TIME=          0.65 s
 NC=   20100 T= 6.2205E+00 DT= 3.0947E-04 ERR= -0.0% DM/M= 0.0000E+00
 ELAPSED TIME=          2.24 s  REMAINING TIME=          0.64 s
 NC=   20200 T= 6.2515E+00 DT= 3.0947E-04 ERR= -0.0% DM/M= 0.0000E+00
 ELAPSED TIME=          2.25 s  REMAINING TIME=          0.63 s
 NC=   20300 T= 6.2824E+00 DT= 3.0947E-04 ERR= -0.0% DM/M= 0.0000E+00
 ELAPSED TIME=          2.26 s  REMAINING TIME=          0.62 s
 NC=   20400 T= 6.3134E+00 DT= 3.0947E-04 ERR= -0.0% DM/M= 0.0000E+00
 ELAPSED TIME=          2.27 s  REMAINING TIME=          0.61 s
 NC=   20500 T= 6.3443E+00 DT= 3.0946E-04 ERR= -0.0% DM/M= 0.0000E+00
 ELAPSED TIME=          2.28 s  REMAINING TIME=          0.60 s
 NC=   20600 T= 6.3753E+00 DT= 3.0946E-04 ERR= -0.0% DM/M= 0.0000E+00
 ELAPSED TIME=          2.29 s  REMAINING TIME=          0.58 s
     ANIMATION FILE: I02F_AA2024_G30_H2_R2A017 WRITTEN
 NC=   20700 T= 6.4062E+00 DT= 3.0946E-04 ERR= -0.0% DM/M= 0.0000E+00
 ELAPSED TIME=          2.30 s  REMAINING TIME=          0.57 s
 NC=   20800 T= 6.4372E+00 DT= 3.0946E-04 ERR= -0.0% DM/M= 0.0000E+00
 ELAPSED TIME=          2.32 s  REMAINING TIME=          0.56 s
 NC=   20900 T= 6.4681E+00 DT= 3.0946E-04 ERR= -0.0% DM/M= 0.0000E+00
 ELAPSED TIME=          2.33 s  REMAINING TIME=          0.55 s
 NC=   21000 T= 6.4990E+00 DT= 3.0946E-04 ERR= -0.0% DM/M= 0.0000E+00
 ELAPSED TIME=          2.34 s  REMAINING TIME=          0.54 s
 NC=   21100 T= 6.5300E+00 DT= 3.0946E-04 ERR= -0.0% DM/M= 0.0000E+00
 ELAPSED TIME=          2.35 s  REMAINING TIME=          0.53 s
 NC=   21200 T= 6.5609E+00 DT= 3.0946E-04 ERR= -0.0% DM/M= 0.0000E+00
 ELAPSED TIME=          2.36 s  REMAINING TIME=          0.52 s
 NC=   21300 T= 6.5919E+00 DT= 3.0945E-04 ERR= -0.0% DM/M= 0.0000E+00
 ELAPSED TIME=          2.37 s  REMAINING TIME=          0.51 s
 NC=   21400 T= 6.6228E+00 DT= 3.0945E-04 ERR= -0.0% DM/M= 0.0000E+00
 ELAPSED TIME=          2.38 s  REMAINING TIME=          0.50 s
 NC=   21500 T= 6.6538E+00 DT= 3.0945E-04 ERR= -0.0% DM/M= 0.0000E+00
 ELAPSED TIME=          2.39 s  REMAINING TIME=          0.48 s
 NC=   21600 T= 6.6847E+00 DT= 3.0945E-04 ERR= -0.0% DM/M= 0.0000E+00
 ELAPSED TIME=          2.40 s  REMAINING TIME=          0.47 s
 NC=   21700 T= 6.7157E+00 DT= 3.0945E-04 ERR= -0.0% DM/M= 0.0000E+00
 ELAPSED TIME=          2.41 s  REMAINING TIME=          0.46 s
 NC=   21800 T= 6.7466E+00 DT= 3.0945E-04 ERR= -0.0% DM/M= 0.0000E+00
 ELAPSED TIME=          2.42 s  REMAINING TIME=          0.45 s
 NC=   21900 T= 6.7776E+00 DT= 3.0945E-04 ERR= -0.0% DM/M= 0.0000E+00
 ELAPSED TIME=          2.44 s  REMAINING TIME=          0.44 s
     ANIMATION FILE: I02F_AA2024_G30_H2_R2A018 WRITTEN
 NC=   22000 T= 6.8085E+00 DT= 3.0945E-04 ERR= -0.0% DM/M= 0.0000E+00
 ELAPSED TIME=          2.45 s  REMAINING TIME=          0.43 s
 NC=   22100 T= 6.8394E+00 DT= 3.0945E-04 ERR= -0.0% DM/M= 0.0000E+00
 ELAPSED TIME=          2.46 s  REMAINING TIME=          0.42 s
 NC=   22200 T= 6.8704E+00 DT= 3.0944E-04 ERR= -0.0% DM/M= 0.0000E+00
 ELAPSED TIME=          2.47 s  REMAINING TIME=          0.41 s
 NC=   22300 T= 6.9013E+00 DT= 3.0944E-04 ERR= -0.0% DM/M= 0.0000E+00
 ELAPSED TIME=          2.48 s  REMAINING TIME=          0.39 s
 NC=   22400 T= 6.9323E+00 DT= 3.0944E-04 ERR= -0.0% DM/M= 0.0000E+00
 ELAPSED TIME=          2.49 s  REMAINING TIME=          0.38 s
 NC=   22500 T= 6.9632E+00 DT= 3.0944E-04 ERR= -0.0% DM/M= 0.0000E+00
 ELAPSED TIME=          2.50 s  REMAINING TIME=          0.37 s
 NC=   22600 T= 6.9942E+00 DT= 3.0944E-04 ERR= -0.0% DM/M= 0.0000E+00
 ELAPSED TIME=          2.51 s  REMAINING TIME=          0.36 s
 NC=   22700 T= 7.0251E+00 DT= 3.0944E-04 ERR= -0.0% DM/M= 0.0000E+00
 ELAPSED TIME=          2.52 s  REMAINING TIME=          0.35 s
 NC=   22800 T= 7.0561E+00 DT= 3.0944E-04 ERR= -0.0% DM/M= 0.0000E+00
 ELAPSED TIME=          2.54 s  REMAINING TIME=          0.34 s
 NC=   22900 T= 7.0870E+00 DT= 3.0944E-04 ERR= -0.0% DM/M= 0.0000E+00
 ELAPSED TIME=          2.55 s  REMAINING TIME=          0.33 s
 NC=   23000 T= 7.1179E+00 DT= 3.0944E-04 ERR= -0.0% DM/M= 0.0000E+00
 ELAPSED TIME=          2.56 s  REMAINING TIME=          0.32 s
 NC=   23100 T= 7.1489E+00 DT= 3.0944E-04 ERR= -0.0% DM/M= 0.0000E+00
 ELAPSED TIME=          2.57 s  REMAINING TIME=          0.31 s
 NC=   23200 T= 7.1798E+00 DT= 3.0943E-04 ERR= -0.0% DM/M= 0.0000E+00
 ELAPSED TIME=          2.58 s  REMAINING TIME=          0.29 s
     ANIMATION FILE: I02F_AA2024_G30_H2_R2A019 WRITTEN
 NC=   23300 T= 7.2108E+00 DT= 3.0943E-04 ERR= -0.0% DM/M= 0.0000E+00
 ELAPSED TIME=          2.59 s  REMAINING TIME=          0.28 s
 NC=   23400 T= 7.2417E+00 DT= 3.0943E-04 ERR= -0.0% DM/M= 0.0000E+00
 ELAPSED TIME=          2.60 s  REMAINING TIME=          0.27 s
 NC=   23500 T= 7.2727E+00 DT= 3.0943E-04 ERR= -0.0% DM/M= 0.0000E+00
 ELAPSED TIME=          2.62 s  REMAINING TIME=          0.26 s
 NC=   23600 T= 7.3036E+00 DT= 3.0943E-04 ERR= -0.0% DM/M= 0.0000E+00
 ELAPSED TIME=          2.63 s  REMAINING TIME=          0.25 s
 NC=   23700 T= 7.3345E+00 DT= 3.0943E-04 ERR= -0.0% DM/M= 0.0000E+00
 ELAPSED TIME=          2.64 s  REMAINING TIME=          0.24 s
 NC=   23800 T= 7.3655E+00 DT= 3.0943E-04 ERR= -0.0% DM/M= 0.0000E+00
 ELAPSED TIME=          2.65 s  REMAINING TIME=          0.23 s
 NC=   23900 T= 7.3964E+00 DT= 3.0943E-04 ERR= -0.0% DM/M= 0.0000E+00
 ELAPSED TIME=          2.66 s  REMAINING TIME=          0.22 s
 NC=   24000 T= 7.4274E+00 DT= 3.0943E-04 ERR= -0.0% DM/M= 0.0000E+00
 ELAPSED TIME=          2.67 s  REMAINING TIME=          0.21 s
 NC=   24100 T= 7.4583E+00 DT= 3.0943E-04 ERR= -0.0% DM/M= 0.0000E+00
 ELAPSED TIME=          2.68 s  REMAINING TIME=          0.19 s
 NC=   24200 T= 7.4893E+00 DT= 3.0943E-04 ERR= -0.0% DM/M= 0.0000E+00
 ELAPSED TIME=          2.69 s  REMAINING TIME=          0.18 s
 NC=   24300 T= 7.5202E+00 DT= 3.0943E-04 ERR= -0.0% DM/M= 0.0000E+00
 ELAPSED TIME=          2.70 s  REMAINING TIME=          0.17 s
 NC=   24400 T= 7.5511E+00 DT= 3.0943E-04 ERR= -0.0% DM/M= 0.0000E+00
 ELAPSED TIME=          2.71 s  REMAINING TIME=          0.16 s
 NC=   24500 T= 7.5821E+00 DT= 3.0943E-04 ERR= -0.0% DM/M= 0.0000E+00
 ELAPSED TIME=          2.73 s  REMAINING TIME=          0.15 s
     ANIMATION FILE: I02F_AA2024_G30_H2_R2A020 WRITTEN
 NC=   24600 T= 7.6130E+00 DT= 3.0943E-04 ERR= -0.0% DM/M= 0.0000E+00
 ELAPSED TIME=          2.74 s  REMAINING TIME=          0.14 s
 NC=   24700 T= 7.6440E+00 DT= 3.0943E-04 ERR= -0.0% DM/M= 0.0000E+00
 ELAPSED TIME=          2.75 s  REMAINING TIME=          0.13 s
 NC=   24800 T= 7.6749E+00 DT= 3.0943E-04 ERR= -0.0% DM/M= 0.0000E+00
 ELAPSED TIME=          2.76 s  REMAINING TIME=          0.12 s
 NC=   24900 T= 7.7059E+00 DT= 3.0943E-04 ERR= -0.0% DM/M= 0.0000E+00
 ELAPSED TIME=          2.77 s  REMAINING TIME=          0.11 s
 NC=   25000 T= 7.7368E+00 DT= 3.0943E-04 ERR= -0.0% DM/M= 0.0000E+00
 ELAPSED TIME=          2.78 s  REMAINING TIME=          0.09 s
 NC=   25100 T= 7.7677E+00 DT= 3.0942E-04 ERR= -0.0% DM/M= 0.0000E+00
 ELAPSED TIME=          2.79 s  REMAINING TIME=          0.08 s
 NC=   25200 T= 7.7987E+00 DT= 3.0942E-04 ERR= -0.0% DM/M= 0.0000E+00
 ELAPSED TIME=          2.80 s  REMAINING TIME=          0.07 s
 NC=   25300 T= 7.8296E+00 DT= 3.0942E-04 ERR= -0.0% DM/M= 0.0000E+00
 ELAPSED TIME=          2.81 s  REMAINING TIME=          0.06 s
 NC=   25400 T= 7.8606E+00 DT= 3.0942E-04 ERR= -0.0% DM/M= 0.0000E+00
 ELAPSED TIME=          2.83 s  REMAINING TIME=          0.05 s
 NC=   25500 T= 7.8915E+00 DT= 3.0942E-04 ERR= -0.0% DM/M= 0.0000E+00
 ELAPSED TIME=          2.84 s  REMAINING TIME=          0.04 s
 NC=   25600 T= 7.9225E+00 DT= 3.0942E-04 ERR= -0.0% DM/M= 0.0000E+00
 ELAPSED TIME=          2.85 s  REMAINING TIME=          0.03 s
 NC=   25700 T= 7.9534E+00 DT= 3.0942E-04 ERR= -0.0% DM/M= 0.0000E+00
 ELAPSED TIME=          2.86 s  REMAINING TIME=          0.02 s
 NC=   25800 T= 7.9843E+00 DT= 3.0942E-04 ERR= -0.0% DM/M= 0.0000E+00
 ELAPSED TIME=          2.87 s  REMAINING TIME=          0.01 s
     RESTART FILES: I02F_AA2024_G30_H2_R2_0001_[0001-0001].rst WRITTEN
     ANIMATION FILE: I02F_AA2024_G30_H2_R2A021 WRITTEN
  
                           ** CPU USER TIME **
  
  
                        ** SUMMARY **
  
 #PROC  ELEMENT   KINCOND   INTEG     IO        T0        ASM       RESOL    
   1   .1359E+01 .1094E+00 .1094E+00 .4219E+00 .2969E+00 .9375E-01 .2844E+01
 
                   ** CUMULATIVE CPU TIME SUMMARY **
  
 CONTACT SORTING.............: .0000E+00     0.00 % 
 CONTACT FORCES..............: .0000E+00     0.00 % 
 ELEMENT FORCES..............: .1359E+01    47.80 % 
 KINEMATIC COND..............: .1094E+00     3.85 % 
 INTEGRATION.................: .1094E+00     3.85 % 
 ASSEMBLING..................: .9375E-01     3.30 % 
 OTHERS (including I/O)......: .1172E+01    41.21 % 
 TOTAL.......................: .2844E+01   100.00 % 
  
                   ** MEMORY USAGE STATISTICS **
  
 TOTAL MEMORY USED .........................:       48 MB
 MAXIMUM MEMORY PER PROCESSOR...............:       48 MB
 MINIMUM MEMORY PER PROCESSOR...............:       48 MB
 AVERAGE MEMORY PER PROCESSOR...............:       48 MB
  
                   ** DISK USAGE STATISTICS **
  
 TOTAL DISK SPACE USED .....................:          1 MB
 ANIMATION/H3D/TH/OUTP SIZE ................:          1 MB
 RESTART FILE SIZE .........................:          0 MB
  
 ELAPSED TIME     =          2.88 s
                          0:00:02
  
     NORMAL TERMINATION      
     TOTAL NUMBER OF CYCLES  :   25852
