************************************************************************
**                                                                    **
**                                                                    **
**                         OpenRadioss Engine                         **
**                                                                    **
**            Non-linear Finite Element Analysis Software             **
**                                                                    **
**                                                                    **
**                                                                    **
**                  Windows 64 bits, Intel compiler                   **
**                      Double Precision Version                      **
**                                                                    **
**                                                                    **
**                                                                    **
************************************************************************
** OpenRadioss Software                                               **
** COPYRIGHT (C) 2026 Siemens                                         **
** Licensed under GNU Affero General Public License.                  **
** See License file.                                                  **
************************************************************************
 
 ROOT: I02IB_ELASTIC_R3  RESTART: 0001
 NUMBER OF HMPP PROCESSES     1
 02/10/2026
 NC=       0 T= 0.0000E+00 DT= 1.4524E-04 ERR=  0.0% DM/M= 0.0000E+00
 NC=     100 T= 1.4524E-02 DT= 1.4524E-04 ERR=  0.0% DM/M= 0.0000E+00
 ELAPSED TIME=          0.19 s  REMAINING TIME=         77.36 s
 NC=     200 T= 2.9049E-02 DT= 1.4524E-04 ERR=  0.0% DM/M= 0.0000E+00
 ELAPSED TIME=          0.33 s  REMAINING TIME=         67.81 s
 NC=     300 T= 4.3573E-02 DT= 1.4524E-04 ERR=  0.0% DM/M= 0.0000E+00
 ELAPSED TIME=          0.47 s  REMAINING TIME=         64.50 s
 NC=     400 T= 5.8098E-02 DT= 1.4524E-04 ERR=  0.0% DM/M= 0.0000E+00
 ELAPSED TIME=          0.61 s  REMAINING TIME=         62.82 s
 NC=     500 T= 7.2622E-02 DT= 1.4524E-04 ERR=  0.0% DM/M= 0.0000E+00
 ELAPSED TIME=          0.76 s  REMAINING TIME=         61.69 s
 NC=     600 T= 8.7147E-02 DT= 1.4524E-04 ERR= -0.0% DM/M= 0.0000E+00
 ELAPSED TIME=          0.90 s  REMAINING TIME=         60.91 s
 NC=     700 T= 1.0167E-01 DT= 1.4524E-04 ERR= -0.0% DM/M= 0.0000E+00
 ELAPSED TIME=          1.04 s  REMAINING TIME=         60.38 s
 NC=     800 T= 1.1620E-01 DT= 1.4524E-04 ERR= -0.0% DM/M= 0.0000E+00
 ELAPSED TIME=          1.19 s  REMAINING TIME=         60.03 s
 NC=     900 T= 1.3072E-01 DT= 1.4524E-04 ERR= -0.0% DM/M= 0.0000E+00
 ELAPSED TIME=          1.33 s  REMAINING TIME=         59.71 s
 NC=    1000 T= 1.4524E-01 DT= 1.4524E-04 ERR= -0.0% DM/M= 0.0000E+00
 ELAPSED TIME=          1.48 s  REMAINING TIME=         59.50 s
 NC=    1100 T= 1.5977E-01 DT= 1.4524E-04 ERR= -0.0% DM/M= 0.0000E+00
 ELAPSED TIME=          1.62 s  REMAINING TIME=         59.22 s
 NC=    1200 T= 1.7429E-01 DT= 1.4524E-04 ERR= -0.0% DM/M= 0.0000E+00
 ELAPSED TIME=          1.77 s  REMAINING TIME=         59.00 s
 NC=    1300 T= 1.8882E-01 DT= 1.4524E-04 ERR= -0.0% DM/M= 0.0000E+00
 ELAPSED TIME=          1.91 s  REMAINING TIME=         58.76 s
 NC=    1400 T= 2.0334E-01 DT= 1.4524E-04 ERR= -0.0% DM/M= 0.0000E+00
 ELAPSED TIME=          2.05 s  REMAINING TIME=         58.54 s
 NC=    1500 T= 2.1787E-01 DT= 1.4524E-04 ERR= -0.0% DM/M= 0.0000E+00
 ELAPSED TIME=          2.20 s  REMAINING TIME=         58.34 s
 NC=    1600 T= 2.3239E-01 DT= 1.4524E-04 ERR= -0.0% DM/M= 0.0000E+00
 ELAPSED TIME=          2.34 s  REMAINING TIME=         58.14 s
 NC=    1700 T= 2.4692E-01 DT= 1.4524E-04 ERR= -0.0% DM/M= 0.0000E+00
 ELAPSED TIME=          2.49 s  REMAINING TIME=         57.96 s
 NC=    1800 T= 2.6144E-01 DT= 1.4524E-04 ERR= -0.0% DM/M= 0.0000E+00
 ELAPSED TIME=          2.63 s  REMAINING TIME=         57.78 s
 NC=    1900 T= 2.7597E-01 DT= 1.4524E-04 ERR= -0.0% DM/M= 0.0000E+00
 ELAPSED TIME=          2.78 s  REMAINING TIME=         57.58 s
 NC=    2000 T= 2.9049E-01 DT= 1.4524E-04 ERR= -0.0% DM/M= 0.0000E+00
 ELAPSED TIME=          2.92 s  REMAINING TIME=         57.42 s
 NC=    2100 T= 3.0501E-01 DT= 1.4524E-04 ERR= -0.0% DM/M= 0.0000E+00
 ELAPSED TIME=          3.06 s  REMAINING TIME=         57.19 s
 NC=    2200 T= 3.1954E-01 DT= 1.4524E-04 ERR= -0.0% DM/M= 0.0000E+00
 ELAPSED TIME=          3.20 s  REMAINING TIME=         56.97 s
 NC=    2300 T= 3.3406E-01 DT= 1.4524E-04 ERR= -0.0% DM/M= 0.0000E+00
 ELAPSED TIME=          3.35 s  REMAINING TIME=         56.76 s
 NC=    2400 T= 3.4859E-01 DT= 1.4524E-04 ERR= -0.0% DM/M= 0.0000E+00
 ELAPSED TIME=          3.49 s  REMAINING TIME=         56.57 s
 NC=    2500 T= 3.6311E-01 DT= 1.4524E-04 ERR= -0.0% DM/M= 0.0000E+00
 ELAPSED TIME=          3.63 s  REMAINING TIME=         56.36 s
 NC=    2600 T= 3.7764E-01 DT= 1.4524E-04 ERR= -0.0% DM/M= 0.0000E+00
 ELAPSED TIME=          3.77 s  REMAINING TIME=         56.17 s
 NC=    2700 T= 3.9216E-01 DT= 1.4524E-04 ERR= -0.0% DM/M= 0.0000E+00
 ELAPSED TIME=          3.92 s  REMAINING TIME=         56.01 s
 NC=    2800 T= 4.0669E-01 DT= 1.4524E-04 ERR= -0.0% DM/M= 0.0000E+00
 ELAPSED TIME=          4.06 s  REMAINING TIME=         55.82 s
 NC=    2900 T= 4.2121E-01 DT= 1.4524E-04 ERR= -0.0% DM/M= 0.0000E+00
 ELAPSED TIME=          4.20 s  REMAINING TIME=         55.63 s
 NC=    3000 T= 4.3573E-01 DT= 1.4524E-04 ERR= -0.0% DM/M= 0.0000E+00
 ELAPSED TIME=          4.34 s  REMAINING TIME=         55.45 s
 NC=    3100 T= 4.5026E-01 DT= 1.4524E-04 ERR= -0.0% DM/M= 0.0000E+00
 ELAPSED TIME=          4.48 s  REMAINING TIME=         55.27 s
 NC=    3200 T= 4.6478E-01 DT= 1.4524E-04 ERR= -0.0% DM/M= 0.0000E+00
 ELAPSED TIME=          4.63 s  REMAINING TIME=         55.09 s
 NC=    3300 T= 4.7931E-01 DT= 1.4524E-04 ERR= -0.0% DM/M= 0.0000E+00
 ELAPSED TIME=          4.77 s  REMAINING TIME=         54.92 s
 NC=    3400 T= 4.9383E-01 DT= 1.4524E-04 ERR= -0.0% DM/M= 0.0000E+00
 ELAPSED TIME=          4.91 s  REMAINING TIME=         54.74 s
 NC=    3500 T= 5.0836E-01 DT= 1.4524E-04 ERR= -0.0% DM/M= 0.0000E+00
 ELAPSED TIME=          5.05 s  REMAINING TIME=         54.58 s
 NC=    3600 T= 5.2288E-01 DT= 1.4524E-04 ERR= -0.0% DM/M= 0.0000E+00
 ELAPSED TIME=          5.19 s  REMAINING TIME=         54.40 s
 NC=    3700 T= 5.3741E-01 DT= 1.4524E-04 ERR= -0.0% DM/M= 0.0000E+00
 ELAPSED TIME=          5.34 s  REMAINING TIME=         54.24 s
 NC=    3800 T= 5.5193E-01 DT= 1.4524E-04 ERR= -0.0% DM/M= 0.0000E+00
 ELAPSED TIME=          5.48 s  REMAINING TIME=         54.07 s
 NC=    3900 T= 5.6645E-01 DT= 1.4524E-04 ERR= -0.0% DM/M= 0.0000E+00
 ELAPSED TIME=          5.62 s  REMAINING TIME=         53.90 s
 NC=    4000 T= 5.8098E-01 DT= 1.4524E-04 ERR= -0.0% DM/M= 0.0000E+00
 ELAPSED TIME=          5.76 s  REMAINING TIME=         53.74 s
 NC=    4100 T= 5.9550E-01 DT= 1.4524E-04 ERR= -0.0% DM/M= 0.0000E+00
 ELAPSED TIME=          5.90 s  REMAINING TIME=         53.57 s
 NC=    4200 T= 6.1003E-01 DT= 1.4524E-04 ERR= -0.0% DM/M= 0.0000E+00
 ELAPSED TIME=          6.05 s  REMAINING TIME=         53.42 s
 NC=    4300 T= 6.2455E-01 DT= 1.4524E-04 ERR= -0.0% DM/M= 0.0000E+00
 ELAPSED TIME=          6.19 s  REMAINING TIME=         53.26 s
 NC=    4400 T= 6.3908E-01 DT= 1.4524E-04 ERR= -0.0% DM/M= 0.0000E+00
 ELAPSED TIME=          6.33 s  REMAINING TIME=         53.11 s
 NC=    4500 T= 6.5360E-01 DT= 1.4524E-04 ERR= -0.0% DM/M= 0.0000E+00
 ELAPSED TIME=          6.47 s  REMAINING TIME=         52.96 s
 NC=    4600 T= 6.6813E-01 DT= 1.4524E-04 ERR= -0.0% DM/M= 0.0000E+00
 ELAPSED TIME=          6.62 s  REMAINING TIME=         52.80 s
 NC=    4700 T= 6.8265E-01 DT= 1.4524E-04 ERR= -0.0% DM/M= 0.0000E+00
 ELAPSED TIME=          6.76 s  REMAINING TIME=         52.65 s
 NC=    4800 T= 6.9717E-01 DT= 1.4524E-04 ERR= -0.0% DM/M= 0.0000E+00
 ELAPSED TIME=          6.90 s  REMAINING TIME=         52.50 s
 NC=    4900 T= 7.1170E-01 DT= 1.4524E-04 ERR= -0.0% DM/M= 0.0000E+00
 ELAPSED TIME=          7.04 s  REMAINING TIME=         52.34 s
 NC=    5000 T= 7.2622E-01 DT= 1.4524E-04 ERR= -0.0% DM/M= 0.0000E+00
 ELAPSED TIME=          7.19 s  REMAINING TIME=         52.18 s
 NC=    5100 T= 7.4075E-01 DT= 1.4524E-04 ERR= -0.0% DM/M= 0.0000E+00
 ELAPSED TIME=          7.33 s  REMAINING TIME=         52.03 s
 NC=    5200 T= 7.5527E-01 DT= 1.4524E-04 ERR= -0.0% DM/M= 0.0000E+00
 ELAPSED TIME=          7.47 s  REMAINING TIME=         51.87 s
 NC=    5300 T= 7.6980E-01 DT= 1.4524E-04 ERR= -0.0% DM/M= 0.0000E+00
 ELAPSED TIME=          7.61 s  REMAINING TIME=         51.72 s
 NC=    5400 T= 7.8432E-01 DT= 1.4524E-04 ERR= -0.0% DM/M= 0.0000E+00
 ELAPSED TIME=          7.75 s  REMAINING TIME=         51.56 s
 NC=    5500 T= 7.9885E-01 DT= 1.4524E-04 ERR= -0.0% DM/M= 0.0000E+00
 ELAPSED TIME=          7.90 s  REMAINING TIME=         51.41 s
 NC=    5600 T= 8.1337E-01 DT= 1.4524E-04 ERR= -0.0% DM/M= 0.0000E+00
 ELAPSED TIME=          8.04 s  REMAINING TIME=         51.26 s
 NC=    5700 T= 8.2790E-01 DT= 1.4524E-04 ERR= -0.0% DM/M= 0.0000E+00
 ELAPSED TIME=          8.18 s  REMAINING TIME=         51.11 s
 NC=    5800 T= 8.4242E-01 DT= 1.4524E-04 ERR= -0.0% DM/M= 0.0000E+00
 ELAPSED TIME=          8.32 s  REMAINING TIME=         50.96 s
 NC=    5900 T= 8.5694E-01 DT= 1.4524E-04 ERR= -0.0% DM/M= 0.0000E+00
 ELAPSED TIME=          8.47 s  REMAINING TIME=         50.81 s
 NC=    6000 T= 8.7147E-01 DT= 1.4524E-04 ERR= -0.0% DM/M= 0.0000E+00
 ELAPSED TIME=          8.61 s  REMAINING TIME=         50.66 s
 NC=    6100 T= 8.8599E-01 DT= 1.4524E-04 ERR= -0.0% DM/M= 0.0000E+00
 ELAPSED TIME=          8.77 s  REMAINING TIME=         50.64 s
 NC=    6200 T= 9.0052E-01 DT= 1.4524E-04 ERR= -0.0% DM/M= 0.0000E+00
 ELAPSED TIME=          8.92 s  REMAINING TIME=         50.49 s
 NC=    6300 T= 9.1504E-01 DT= 1.4524E-04 ERR= -0.0% DM/M= 0.0000E+00
 ELAPSED TIME=          9.06 s  REMAINING TIME=         50.34 s
 NC=    6400 T= 9.2957E-01 DT= 1.4524E-04 ERR= -0.0% DM/M= 0.0000E+00
 ELAPSED TIME=          9.20 s  REMAINING TIME=         50.20 s
 NC=    6500 T= 9.4409E-01 DT= 1.4524E-04 ERR= -0.0% DM/M= 0.0000E+00
 ELAPSED TIME=          9.34 s  REMAINING TIME=         50.04 s
 NC=    6600 T= 9.5862E-01 DT= 1.4524E-04 ERR= -0.0% DM/M= 0.0000E+00
 ELAPSED TIME=          9.49 s  REMAINING TIME=         49.89 s
 NC=    6700 T= 9.7314E-01 DT= 1.4524E-04 ERR= -0.0% DM/M= 0.0000E+00
 ELAPSED TIME=          9.63 s  REMAINING TIME=         49.74 s
 NC=    6800 T= 9.8766E-01 DT= 1.4524E-04 ERR= -0.0% DM/M= 0.0000E+00
 ELAPSED TIME=          9.77 s  REMAINING TIME=         49.58 s
 NC=    6900 T= 1.0022E+00 DT= 1.4524E-04 ERR= -0.0% DM/M= 0.0000E+00
 ELAPSED TIME=          9.92 s  REMAINING TIME=         49.45 s
 NC=    7000 T= 1.0167E+00 DT= 1.4524E-04 ERR= -0.0% DM/M= 0.0000E+00
 ELAPSED TIME=         10.06 s  REMAINING TIME=         49.30 s
 NC=    7100 T= 1.0312E+00 DT= 1.4524E-04 ERR= -0.0% DM/M= 0.0000E+00
 ELAPSED TIME=         10.20 s  REMAINING TIME=         49.15 s
 NC=    7200 T= 1.0458E+00 DT= 1.4524E-04 ERR= -0.0% DM/M= 0.0000E+00
 ELAPSED TIME=         10.34 s  REMAINING TIME=         49.01 s
 NC=    7300 T= 1.0603E+00 DT= 1.4524E-04 ERR= -0.0% DM/M= 0.0000E+00
 ELAPSED TIME=         10.49 s  REMAINING TIME=         48.85 s
 NC=    7400 T= 1.0748E+00 DT= 1.4524E-04 ERR= -0.0% DM/M= 0.0000E+00
 ELAPSED TIME=         10.63 s  REMAINING TIME=         48.70 s
 NC=    7500 T= 1.0893E+00 DT= 1.4524E-04 ERR= -0.0% DM/M= 0.0000E+00
 ELAPSED TIME=         10.77 s  REMAINING TIME=         48.55 s
 NC=    7600 T= 1.1039E+00 DT= 1.4524E-04 ERR= -0.0% DM/M= 0.0000E+00
 ELAPSED TIME=         10.91 s  REMAINING TIME=         48.40 s
 NC=    7700 T= 1.1184E+00 DT= 1.4524E-04 ERR= -0.0% DM/M= 0.0000E+00
 ELAPSED TIME=         11.05 s  REMAINING TIME=         48.25 s
 NC=    7800 T= 1.1329E+00 DT= 1.4524E-04 ERR= -0.0% DM/M= 0.0000E+00
 ELAPSED TIME=         11.20 s  REMAINING TIME=         48.10 s
 NC=    7900 T= 1.1474E+00 DT= 1.4524E-04 ERR= -0.0% DM/M= 0.0000E+00
 ELAPSED TIME=         11.34 s  REMAINING TIME=         47.95 s
 NC=    8000 T= 1.1620E+00 DT= 1.4524E-04 ERR= -0.0% DM/M= 0.0000E+00
 ELAPSED TIME=         11.48 s  REMAINING TIME=         47.80 s
 NC=    8100 T= 1.1765E+00 DT= 1.4524E-04 ERR= -0.0% DM/M= 0.0000E+00
 ELAPSED TIME=         11.62 s  REMAINING TIME=         47.65 s
 NC=    8200 T= 1.1910E+00 DT= 1.4524E-04 ERR= -0.0% DM/M= 0.0000E+00
 ELAPSED TIME=         11.76 s  REMAINING TIME=         47.49 s
 NC=    8300 T= 1.2055E+00 DT= 1.4524E-04 ERR= -0.0% DM/M= 0.0000E+00
 ELAPSED TIME=         11.90 s  REMAINING TIME=         47.35 s
 NC=    8400 T= 1.2201E+00 DT= 1.4524E-04 ERR= -0.0% DM/M= 0.0000E+00
 ELAPSED TIME=         12.05 s  REMAINING TIME=         47.19 s
 NC=    8500 T= 1.2346E+00 DT= 1.4524E-04 ERR= -0.0% DM/M= 0.0000E+00
 ELAPSED TIME=         12.19 s  REMAINING TIME=         47.05 s
 NC=    8600 T= 1.2491E+00 DT= 1.4524E-04 ERR= -0.0% DM/M= 0.0000E+00
 ELAPSED TIME=         12.33 s  REMAINING TIME=         46.91 s
 NC=    8700 T= 1.2636E+00 DT= 1.4524E-04 ERR= -0.0% DM/M= 0.0000E+00
 ELAPSED TIME=         12.48 s  REMAINING TIME=         46.76 s
 NC=    8800 T= 1.2782E+00 DT= 1.4524E-04 ERR= -0.0% DM/M= 0.0000E+00
 ELAPSED TIME=         12.62 s  REMAINING TIME=         46.61 s
 NC=    8900 T= 1.2927E+00 DT= 1.4524E-04 ERR= -0.0% DM/M= 0.0000E+00
 ELAPSED TIME=         12.76 s  REMAINING TIME=         46.47 s
 NC=    9000 T= 1.3072E+00 DT= 1.4524E-04 ERR= -0.0% DM/M= 0.0000E+00
 ELAPSED TIME=         12.91 s  REMAINING TIME=         46.33 s
 NC=    9100 T= 1.3217E+00 DT= 1.4524E-04 ERR= -0.0% DM/M= 0.0000E+00
 ELAPSED TIME=         13.05 s  REMAINING TIME=         46.18 s
 NC=    9200 T= 1.3363E+00 DT= 1.4524E-04 ERR= -0.0% DM/M= 0.0000E+00
 ELAPSED TIME=         13.19 s  REMAINING TIME=         46.04 s
 NC=    9300 T= 1.3508E+00 DT= 1.4524E-04 ERR= -0.0% DM/M= 0.0000E+00
 ELAPSED TIME=         13.34 s  REMAINING TIME=         45.90 s
 NC=    9400 T= 1.3653E+00 DT= 1.4524E-04 ERR= -0.0% DM/M= 0.0000E+00
 ELAPSED TIME=         13.48 s  REMAINING TIME=         45.75 s
 NC=    9500 T= 1.3798E+00 DT= 1.4524E-04 ERR= -0.0% DM/M= 0.0000E+00
 ELAPSED TIME=         13.62 s  REMAINING TIME=         45.61 s
 NC=    9600 T= 1.3943E+00 DT= 1.4524E-04 ERR= -0.0% DM/M= 0.0000E+00
 ELAPSED TIME=         13.76 s  REMAINING TIME=         45.46 s
 NC=    9700 T= 1.4089E+00 DT= 1.4524E-04 ERR= -0.0% DM/M= 0.0000E+00
 ELAPSED TIME=         13.91 s  REMAINING TIME=         45.33 s
 NC=    9800 T= 1.4234E+00 DT= 1.4524E-04 ERR= -0.0% DM/M= 0.0000E+00
 ELAPSED TIME=         14.05 s  REMAINING TIME=         45.18 s
 NC=    9900 T= 1.4379E+00 DT= 1.4524E-04 ERR= -0.0% DM/M= 0.0000E+00
 ELAPSED TIME=         14.20 s  REMAINING TIME=         45.04 s
 NC=   10000 T= 1.4524E+00 DT= 1.4524E-04 ERR= -0.0% DM/M= 0.0000E+00
 ELAPSED TIME=         14.34 s  REMAINING TIME=         44.90 s
 NC=   10100 T= 1.4670E+00 DT= 1.4524E-04 ERR= -0.0% DM/M= 0.0000E+00
 ELAPSED TIME=         14.48 s  REMAINING TIME=         44.75 s
 NC=   10200 T= 1.4815E+00 DT= 1.4524E-04 ERR= -0.0% DM/M= 0.0000E+00
 ELAPSED TIME=         14.62 s  REMAINING TIME=         44.61 s
 NC=   10300 T= 1.4960E+00 DT= 1.4524E-04 ERR= -0.0% DM/M= 0.0000E+00
 ELAPSED TIME=         14.77 s  REMAINING TIME=         44.46 s
 NC=   10400 T= 1.5105E+00 DT= 1.4524E-04 ERR= -0.0% DM/M= 0.0000E+00
 ELAPSED TIME=         14.91 s  REMAINING TIME=         44.31 s
 NC=   10500 T= 1.5251E+00 DT= 1.4524E-04 ERR= -0.0% DM/M= 0.0000E+00
 ELAPSED TIME=         15.05 s  REMAINING TIME=         44.17 s
 NC=   10600 T= 1.5396E+00 DT= 1.4524E-04 ERR= -0.0% DM/M= 0.0000E+00
 ELAPSED TIME=         15.20 s  REMAINING TIME=         44.03 s
 NC=   10700 T= 1.5541E+00 DT= 1.4524E-04 ERR= -0.0% DM/M= 0.0000E+00
 ELAPSED TIME=         15.34 s  REMAINING TIME=         43.89 s
 NC=   10800 T= 1.5686E+00 DT= 1.4524E-04 ERR= -0.0% DM/M= 0.0000E+00
 ELAPSED TIME=         15.49 s  REMAINING TIME=         43.75 s
 NC=   10900 T= 1.5832E+00 DT= 1.4524E-04 ERR= -0.0% DM/M= 0.0000E+00
 ELAPSED TIME=         15.63 s  REMAINING TIME=         43.60 s
 NC=   11000 T= 1.5977E+00 DT= 1.4524E-04 ERR= -0.0% DM/M= 0.0000E+00
 ELAPSED TIME=         15.77 s  REMAINING TIME=         43.45 s
 NC=   11100 T= 1.6122E+00 DT= 1.4524E-04 ERR= -0.0% DM/M= 0.0000E+00
 ELAPSED TIME=         15.91 s  REMAINING TIME=         43.31 s
 NC=   11200 T= 1.6267E+00 DT= 1.4524E-04 ERR= -0.0% DM/M= 0.0000E+00
 ELAPSED TIME=         16.05 s  REMAINING TIME=         43.16 s
 NC=   11300 T= 1.6413E+00 DT= 1.4524E-04 ERR= -0.0% DM/M= 0.0000E+00
 ELAPSED TIME=         16.20 s  REMAINING TIME=         43.01 s
 NC=   11400 T= 1.6558E+00 DT= 1.4524E-04 ERR= -0.0% DM/M= 0.0000E+00
 ELAPSED TIME=         16.34 s  REMAINING TIME=         42.86 s
 NC=   11500 T= 1.6703E+00 DT= 1.4524E-04 ERR= -0.0% DM/M= 0.0000E+00
 ELAPSED TIME=         16.48 s  REMAINING TIME=         42.72 s
 NC=   11600 T= 1.6848E+00 DT= 1.4524E-04 ERR= -0.0% DM/M= 0.0000E+00
 ELAPSED TIME=         16.62 s  REMAINING TIME=         42.57 s
 NC=   11700 T= 1.6994E+00 DT= 1.4524E-04 ERR= -0.0% DM/M= 0.0000E+00
 ELAPSED TIME=         16.76 s  REMAINING TIME=         42.42 s
 NC=   11800 T= 1.7139E+00 DT= 1.4524E-04 ERR= -0.0% DM/M= 0.0000E+00
 ELAPSED TIME=         16.90 s  REMAINING TIME=         42.27 s
 NC=   11900 T= 1.7284E+00 DT= 1.4524E-04 ERR= -0.0% DM/M= 0.0000E+00
 ELAPSED TIME=         17.05 s  REMAINING TIME=         42.13 s
 NC=   12000 T= 1.7429E+00 DT= 1.4524E-04 ERR= -0.0% DM/M= 0.0000E+00
 ELAPSED TIME=         17.19 s  REMAINING TIME=         41.98 s
 NC=   12100 T= 1.7575E+00 DT= 1.4524E-04 ERR= -0.0% DM/M= 0.0000E+00
 ELAPSED TIME=         17.33 s  REMAINING TIME=         41.84 s
 NC=   12200 T= 1.7720E+00 DT= 1.4524E-04 ERR= -0.0% DM/M= 0.0000E+00
 ELAPSED TIME=         17.47 s  REMAINING TIME=         41.69 s
 NC=   12300 T= 1.7865E+00 DT= 1.4524E-04 ERR= -0.0% DM/M= 0.0000E+00
 ELAPSED TIME=         17.61 s  REMAINING TIME=         41.54 s
 NC=   12400 T= 1.8010E+00 DT= 1.4524E-04 ERR= -0.0% DM/M= 0.0000E+00
 ELAPSED TIME=         17.76 s  REMAINING TIME=         41.39 s
 NC=   12500 T= 1.8156E+00 DT= 1.4524E-04 ERR= -0.0% DM/M= 0.0000E+00
 ELAPSED TIME=         17.90 s  REMAINING TIME=         41.25 s
 NC=   12600 T= 1.8301E+00 DT= 1.4524E-04 ERR= -0.0% DM/M= 0.0000E+00
 ELAPSED TIME=         18.04 s  REMAINING TIME=         41.11 s
 NC=   12700 T= 1.8446E+00 DT= 1.4524E-04 ERR= -0.0% DM/M= 0.0000E+00
 ELAPSED TIME=         18.19 s  REMAINING TIME=         40.97 s
 NC=   12800 T= 1.8591E+00 DT= 1.4524E-04 ERR= -0.0% DM/M= 0.0000E+00
 ELAPSED TIME=         18.33 s  REMAINING TIME=         40.82 s
 NC=   12900 T= 1.8737E+00 DT= 1.4524E-04 ERR= -0.0% DM/M= 0.0000E+00
 ELAPSED TIME=         18.47 s  REMAINING TIME=         40.68 s
 NC=   13000 T= 1.8882E+00 DT= 1.4524E-04 ERR= -0.0% DM/M= 0.0000E+00
 ELAPSED TIME=         18.61 s  REMAINING TIME=         40.53 s
 NC=   13100 T= 1.9027E+00 DT= 1.4524E-04 ERR= -0.0% DM/M= 0.0000E+00
 ELAPSED TIME=         18.75 s  REMAINING TIME=         40.39 s
 NC=   13200 T= 1.9172E+00 DT= 1.4524E-04 ERR= -0.0% DM/M= 0.0000E+00
 ELAPSED TIME=         18.90 s  REMAINING TIME=         40.24 s
 NC=   13300 T= 1.9318E+00 DT= 1.4524E-04 ERR= -0.0% DM/M= 0.0000E+00
 ELAPSED TIME=         19.04 s  REMAINING TIME=         40.10 s
 NC=   13400 T= 1.9463E+00 DT= 1.4524E-04 ERR= -0.0% DM/M= 0.0000E+00
 ELAPSED TIME=         19.18 s  REMAINING TIME=         39.95 s
 NC=   13500 T= 1.9608E+00 DT= 1.4524E-04 ERR= -0.0% DM/M= 0.0000E+00
 ELAPSED TIME=         19.32 s  REMAINING TIME=         39.81 s
 NC=   13600 T= 1.9753E+00 DT= 1.4524E-04 ERR= -0.0% DM/M= 0.0000E+00
 ELAPSED TIME=         19.47 s  REMAINING TIME=         39.66 s
 NC=   13700 T= 1.9899E+00 DT= 1.4524E-04 ERR= -0.0% DM/M= 0.0000E+00
 ELAPSED TIME=         19.61 s  REMAINING TIME=         39.52 s
 NC=   13800 T= 2.0044E+00 DT= 1.4524E-04 ERR= -0.0% DM/M= 0.0000E+00
 ELAPSED TIME=         19.75 s  REMAINING TIME=         39.38 s
 NC=   13900 T= 2.0189E+00 DT= 1.4524E-04 ERR= -0.0% DM/M= 0.0000E+00
 ELAPSED TIME=         19.89 s  REMAINING TIME=         39.23 s
 NC=   14000 T= 2.0334E+00 DT= 1.4524E-04 ERR= -0.0% DM/M= 0.0000E+00
 ELAPSED TIME=         20.04 s  REMAINING TIME=         39.09 s
 NC=   14100 T= 2.0480E+00 DT= 1.4524E-04 ERR= -0.0% DM/M= 0.0000E+00
 ELAPSED TIME=         20.18 s  REMAINING TIME=         38.94 s
 NC=   14200 T= 2.0625E+00 DT= 1.4524E-04 ERR= -0.0% DM/M= 0.0000E+00
 ELAPSED TIME=         20.32 s  REMAINING TIME=         38.79 s
 NC=   14300 T= 2.0770E+00 DT= 1.4524E-04 ERR= -0.0% DM/M= 0.0000E+00
 ELAPSED TIME=         20.46 s  REMAINING TIME=         38.65 s
 NC=   14400 T= 2.0915E+00 DT= 1.4524E-04 ERR= -0.0% DM/M= 0.0000E+00
 ELAPSED TIME=         20.60 s  REMAINING TIME=         38.50 s
 NC=   14500 T= 2.1060E+00 DT= 1.4524E-04 ERR= -0.0% DM/M= 0.0000E+00
 ELAPSED TIME=         20.75 s  REMAINING TIME=         38.36 s
 NC=   14600 T= 2.1206E+00 DT= 1.4524E-04 ERR= -0.0% DM/M= 0.0000E+00
 ELAPSED TIME=         20.89 s  REMAINING TIME=         38.21 s
 NC=   14700 T= 2.1351E+00 DT= 1.4524E-04 ERR= -0.0% DM/M= 0.0000E+00
 ELAPSED TIME=         21.03 s  REMAINING TIME=         38.07 s
 NC=   14800 T= 2.1496E+00 DT= 1.4524E-04 ERR= -0.0% DM/M= 0.0000E+00
 ELAPSED TIME=         21.17 s  REMAINING TIME=         37.92 s
 NC=   14900 T= 2.1641E+00 DT= 1.4524E-04 ERR= -0.0% DM/M= 0.0000E+00
 ELAPSED TIME=         21.31 s  REMAINING TIME=         37.78 s
 NC=   15000 T= 2.1787E+00 DT= 1.4524E-04 ERR= -0.0% DM/M= 0.0000E+00
 ELAPSED TIME=         21.45 s  REMAINING TIME=         37.63 s
 NC=   15100 T= 2.1932E+00 DT= 1.4524E-04 ERR= -0.0% DM/M= 0.0000E+00
 ELAPSED TIME=         21.60 s  REMAINING TIME=         37.49 s
 NC=   15200 T= 2.2077E+00 DT= 1.4524E-04 ERR= -0.0% DM/M= 0.0000E+00
 ELAPSED TIME=         21.74 s  REMAINING TIME=         37.34 s
 NC=   15300 T= 2.2222E+00 DT= 1.4524E-04 ERR= -0.0% DM/M= 0.0000E+00
 ELAPSED TIME=         21.88 s  REMAINING TIME=         37.20 s
 NC=   15400 T= 2.2368E+00 DT= 1.4524E-04 ERR= -0.0% DM/M= 0.0000E+00
 ELAPSED TIME=         22.02 s  REMAINING TIME=         37.05 s
 NC=   15500 T= 2.2513E+00 DT= 1.4524E-04 ERR= -0.0% DM/M= 0.0000E+00
 ELAPSED TIME=         22.16 s  REMAINING TIME=         36.91 s
 NC=   15600 T= 2.2658E+00 DT= 1.4524E-04 ERR= -0.0% DM/M= 0.0000E+00
 ELAPSED TIME=         22.31 s  REMAINING TIME=         36.76 s
 NC=   15700 T= 2.2803E+00 DT= 1.4524E-04 ERR= -0.0% DM/M= 0.0000E+00
 ELAPSED TIME=         22.45 s  REMAINING TIME=         36.62 s
 NC=   15800 T= 2.2949E+00 DT= 1.4524E-04 ERR= -0.0% DM/M= 0.0000E+00
 ELAPSED TIME=         22.59 s  REMAINING TIME=         36.47 s
 NC=   15900 T= 2.3094E+00 DT= 1.4524E-04 ERR= -0.0% DM/M= 0.0000E+00
 ELAPSED TIME=         22.73 s  REMAINING TIME=         36.32 s
 NC=   16000 T= 2.3239E+00 DT= 1.4524E-04 ERR= -0.0% DM/M= 0.0000E+00
 ELAPSED TIME=         22.87 s  REMAINING TIME=         36.18 s
 NC=   16100 T= 2.3384E+00 DT= 1.4524E-04 ERR= -0.0% DM/M= 0.0000E+00
 ELAPSED TIME=         23.02 s  REMAINING TIME=         36.04 s
 NC=   16200 T= 2.3530E+00 DT= 1.4524E-04 ERR= -0.0% DM/M= 0.0000E+00
 ELAPSED TIME=         23.16 s  REMAINING TIME=         35.89 s
 NC=   16300 T= 2.3675E+00 DT= 1.4524E-04 ERR= -0.0% DM/M= 0.0000E+00
 ELAPSED TIME=         23.30 s  REMAINING TIME=         35.75 s
 NC=   16400 T= 2.3820E+00 DT= 1.4524E-04 ERR= -0.0% DM/M= 0.0000E+00
 ELAPSED TIME=         23.45 s  REMAINING TIME=         35.61 s
 NC=   16500 T= 2.3965E+00 DT= 1.4524E-04 ERR= -0.0% DM/M= 0.0000E+00
 ELAPSED TIME=         23.59 s  REMAINING TIME=         35.47 s
 NC=   16600 T= 2.4111E+00 DT= 1.4524E-04 ERR= -0.0% DM/M= 0.0000E+00
 ELAPSED TIME=         23.73 s  REMAINING TIME=         35.32 s
 NC=   16700 T= 2.4256E+00 DT= 1.4524E-04 ERR= -0.0% DM/M= 0.0000E+00
 ELAPSED TIME=         23.87 s  REMAINING TIME=         35.18 s
 NC=   16800 T= 2.4401E+00 DT= 1.4524E-04 ERR= -0.0% DM/M= 0.0000E+00
 ELAPSED TIME=         24.01 s  REMAINING TIME=         35.03 s
 NC=   16900 T= 2.4546E+00 DT= 1.4524E-04 ERR= -0.0% DM/M= 0.0000E+00
 ELAPSED TIME=         24.16 s  REMAINING TIME=         34.89 s
 NC=   17000 T= 2.4692E+00 DT= 1.4524E-04 ERR= -0.0% DM/M= 0.0000E+00
 ELAPSED TIME=         24.30 s  REMAINING TIME=         34.74 s
 NC=   17100 T= 2.4837E+00 DT= 1.4524E-04 ERR= -0.0% DM/M= 0.0000E+00
 ELAPSED TIME=         24.44 s  REMAINING TIME=         34.60 s
 NC=   17200 T= 2.4982E+00 DT= 1.4524E-04 ERR= -0.0% DM/M= 0.0000E+00
 ELAPSED TIME=         24.58 s  REMAINING TIME=         34.46 s
 NC=   17300 T= 2.5127E+00 DT= 1.4524E-04 ERR= -0.0% DM/M= 0.0000E+00
 ELAPSED TIME=         24.72 s  REMAINING TIME=         34.31 s
 NC=   17400 T= 2.5273E+00 DT= 1.4524E-04 ERR= -0.0% DM/M= 0.0000E+00
 ELAPSED TIME=         24.86 s  REMAINING TIME=         34.17 s
 NC=   17500 T= 2.5418E+00 DT= 1.4524E-04 ERR= -0.0% DM/M= 0.0000E+00
 ELAPSED TIME=         25.01 s  REMAINING TIME=         34.02 s
 NC=   17600 T= 2.5563E+00 DT= 1.4524E-04 ERR= -0.0% DM/M= 0.0000E+00
 ELAPSED TIME=         25.15 s  REMAINING TIME=         33.88 s
 NC=   17700 T= 2.5708E+00 DT= 1.4524E-04 ERR= -0.0% DM/M= 0.0000E+00
 ELAPSED TIME=         25.29 s  REMAINING TIME=         33.73 s
 NC=   17800 T= 2.5854E+00 DT= 1.4524E-04 ERR= -0.0% DM/M= 0.0000E+00
 ELAPSED TIME=         25.43 s  REMAINING TIME=         33.59 s
 NC=   17900 T= 2.5999E+00 DT= 1.4524E-04 ERR= -0.0% DM/M= 0.0000E+00
 ELAPSED TIME=         25.57 s  REMAINING TIME=         33.44 s
 NC=   18000 T= 2.6144E+00 DT= 1.4524E-04 ERR= -0.0% DM/M= 0.0000E+00
 ELAPSED TIME=         25.72 s  REMAINING TIME=         33.30 s
 NC=   18100 T= 2.6289E+00 DT= 1.4524E-04 ERR= -0.0% DM/M= 0.0000E+00
 ELAPSED TIME=         25.86 s  REMAINING TIME=         33.16 s
 NC=   18200 T= 2.6435E+00 DT= 1.4524E-04 ERR= -0.0% DM/M= 0.0000E+00
 ELAPSED TIME=         26.00 s  REMAINING TIME=         33.02 s
 NC=   18300 T= 2.6580E+00 DT= 1.4524E-04 ERR= -0.0% DM/M= 0.0000E+00
 ELAPSED TIME=         26.14 s  REMAINING TIME=         32.87 s
 NC=   18400 T= 2.6725E+00 DT= 1.4524E-04 ERR= -0.0% DM/M= 0.0000E+00
 ELAPSED TIME=         26.29 s  REMAINING TIME=         32.73 s
 NC=   18500 T= 2.6870E+00 DT= 1.4524E-04 ERR= -0.0% DM/M= 0.0000E+00
 ELAPSED TIME=         26.43 s  REMAINING TIME=         32.58 s
 NC=   18600 T= 2.7016E+00 DT= 1.4524E-04 ERR= -0.0% DM/M= 0.0000E+00
 ELAPSED TIME=         26.57 s  REMAINING TIME=         32.44 s
 NC=   18700 T= 2.7161E+00 DT= 1.4524E-04 ERR= -0.0% DM/M= 0.0000E+00
 ELAPSED TIME=         26.71 s  REMAINING TIME=         32.29 s
 NC=   18800 T= 2.7306E+00 DT= 1.4524E-04 ERR= -0.0% DM/M= 0.0000E+00
 ELAPSED TIME=         26.85 s  REMAINING TIME=         32.15 s
 NC=   18900 T= 2.7451E+00 DT= 1.4524E-04 ERR= -0.0% DM/M= 0.0000E+00
 ELAPSED TIME=         27.00 s  REMAINING TIME=         32.01 s
 NC=   19000 T= 2.7597E+00 DT= 1.4524E-04 ERR= -0.0% DM/M= 0.0000E+00
 ELAPSED TIME=         27.14 s  REMAINING TIME=         31.87 s
 NC=   19100 T= 2.7742E+00 DT= 1.4524E-04 ERR= -0.0% DM/M= 0.0000E+00
 ELAPSED TIME=         27.28 s  REMAINING TIME=         31.73 s
 NC=   19200 T= 2.7887E+00 DT= 1.4524E-04 ERR= -0.0% DM/M= 0.0000E+00
 ELAPSED TIME=         27.43 s  REMAINING TIME=         31.58 s
 NC=   19300 T= 2.8032E+00 DT= 1.4524E-04 ERR= -0.0% DM/M= 0.0000E+00
 ELAPSED TIME=         27.57 s  REMAINING TIME=         31.44 s
 NC=   19400 T= 2.8177E+00 DT= 1.4524E-04 ERR= -0.0% DM/M= 0.0000E+00
 ELAPSED TIME=         27.71 s  REMAINING TIME=         31.29 s
 NC=   19500 T= 2.8323E+00 DT= 1.4524E-04 ERR= -0.0% DM/M= 0.0000E+00
 ELAPSED TIME=         27.85 s  REMAINING TIME=         31.15 s
 NC=   19600 T= 2.8468E+00 DT= 1.4524E-04 ERR= -0.0% DM/M= 0.0000E+00
 ELAPSED TIME=         27.99 s  REMAINING TIME=         31.00 s
 NC=   19700 T= 2.8613E+00 DT= 1.4524E-04 ERR= -0.0% DM/M= 0.0000E+00
 ELAPSED TIME=         28.14 s  REMAINING TIME=         30.86 s
 NC=   19800 T= 2.8758E+00 DT= 1.4524E-04 ERR= -0.0% DM/M= 0.0000E+00
 ELAPSED TIME=         28.28 s  REMAINING TIME=         30.72 s
 NC=   19900 T= 2.8904E+00 DT= 1.4524E-04 ERR= -0.0% DM/M= 0.0000E+00
 ELAPSED TIME=         28.42 s  REMAINING TIME=         30.58 s
 NC=   20000 T= 2.9049E+00 DT= 1.4524E-04 ERR= -0.0% DM/M= 0.0000E+00
 ELAPSED TIME=         28.58 s  REMAINING TIME=         30.45 s
 NC=   20100 T= 2.9194E+00 DT= 1.4524E-04 ERR= -0.0% DM/M= 0.0000E+00
 ELAPSED TIME=         28.72 s  REMAINING TIME=         30.31 s
 NC=   20200 T= 2.9339E+00 DT= 1.4524E-04 ERR= -0.0% DM/M= 0.0000E+00
 ELAPSED TIME=         28.87 s  REMAINING TIME=         30.17 s
 NC=   20300 T= 2.9485E+00 DT= 1.4524E-04 ERR= -0.0% DM/M= 0.0000E+00
 ELAPSED TIME=         29.02 s  REMAINING TIME=         30.03 s
 NC=   20400 T= 2.9630E+00 DT= 1.4524E-04 ERR= -0.0% DM/M= 0.0000E+00
 ELAPSED TIME=         29.18 s  REMAINING TIME=         29.91 s
 NC=   20500 T= 2.9775E+00 DT= 1.4524E-04 ERR= -0.0% DM/M= 0.0000E+00
 ELAPSED TIME=         29.33 s  REMAINING TIME=         29.77 s
 NC=   20600 T= 2.9920E+00 DT= 1.4524E-04 ERR= -0.0% DM/M= 0.0000E+00
 ELAPSED TIME=         29.47 s  REMAINING TIME=         29.63 s
 NC=   20700 T= 3.0066E+00 DT= 1.4524E-04 ERR= -0.0% DM/M= 0.0000E+00
 ELAPSED TIME=         29.62 s  REMAINING TIME=         29.49 s
 NC=   20800 T= 3.0211E+00 DT= 1.4524E-04 ERR= -0.0% DM/M= 0.0000E+00
 ELAPSED TIME=         29.79 s  REMAINING TIME=         29.38 s
 NC=   20900 T= 3.0356E+00 DT= 1.4524E-04 ERR= -0.0% DM/M= 0.0000E+00
 ELAPSED TIME=         29.94 s  REMAINING TIME=         29.24 s
 NC=   21000 T= 3.0501E+00 DT= 1.4524E-04 ERR= -0.0% DM/M= 0.0000E+00
 ELAPSED TIME=         30.10 s  REMAINING TIME=         29.11 s
 NC=   21100 T= 3.0647E+00 DT= 1.4524E-04 ERR= -0.0% DM/M= 0.0000E+00
 ELAPSED TIME=         30.25 s  REMAINING TIME=         28.98 s
 NC=   21200 T= 3.0792E+00 DT= 1.4524E-04 ERR= -0.0% DM/M= 0.0000E+00
 ELAPSED TIME=         30.40 s  REMAINING TIME=         28.84 s
 NC=   21300 T= 3.0937E+00 DT= 1.4524E-04 ERR= -0.0% DM/M= 0.0000E+00
 ELAPSED TIME=         30.55 s  REMAINING TIME=         28.70 s
 NC=   21400 T= 3.1082E+00 DT= 1.4524E-04 ERR= -0.0% DM/M= 0.0000E+00
 ELAPSED TIME=         30.70 s  REMAINING TIME=         28.56 s
 NC=   21500 T= 3.1228E+00 DT= 1.4524E-04 ERR= -0.0% DM/M= 0.0000E+00
 ELAPSED TIME=         30.85 s  REMAINING TIME=         28.42 s
 NC=   21600 T= 3.1373E+00 DT= 1.4524E-04 ERR= -0.0% DM/M= 0.0000E+00
 ELAPSED TIME=         31.00 s  REMAINING TIME=         28.28 s
 NC=   21700 T= 3.1518E+00 DT= 1.4524E-04 ERR= -0.0% DM/M= 0.0000E+00
 ELAPSED TIME=         31.14 s  REMAINING TIME=         28.14 s
 NC=   21800 T= 3.1663E+00 DT= 1.4524E-04 ERR= -0.0% DM/M= 0.0000E+00
 ELAPSED TIME=         31.29 s  REMAINING TIME=         28.00 s
 NC=   21900 T= 3.1809E+00 DT= 1.4524E-04 ERR= -0.0% DM/M= 0.0000E+00
 ELAPSED TIME=         31.43 s  REMAINING TIME=         27.86 s
 NC=   22000 T= 3.1954E+00 DT= 1.4524E-04 ERR= -0.0% DM/M= 0.0000E+00
 ELAPSED TIME=         31.58 s  REMAINING TIME=         27.72 s
 NC=   22100 T= 3.2099E+00 DT= 1.4524E-04 ERR= -0.0% DM/M= 0.0000E+00
 ELAPSED TIME=         31.72 s  REMAINING TIME=         27.57 s
 NC=   22200 T= 3.2244E+00 DT= 1.4524E-04 ERR= -0.0% DM/M= 0.0000E+00
 ELAPSED TIME=         31.88 s  REMAINING TIME=         27.44 s
 NC=   22300 T= 3.2390E+00 DT= 1.4524E-04 ERR= -0.0% DM/M= 0.0000E+00
 ELAPSED TIME=         32.11 s  REMAINING TIME=         27.37 s
 NC=   22400 T= 3.2535E+00 DT= 1.4524E-04 ERR= -0.0% DM/M= 0.0000E+00
 ELAPSED TIME=         32.26 s  REMAINING TIME=         27.24 s
 NC=   22500 T= 3.2680E+00 DT= 1.4524E-04 ERR= -0.0% DM/M= 0.0000E+00
 ELAPSED TIME=         32.42 s  REMAINING TIME=         27.10 s
 NC=   22600 T= 3.2825E+00 DT= 1.4524E-04 ERR= -0.0% DM/M= 0.0000E+00
 ELAPSED TIME=         32.58 s  REMAINING TIME=         26.97 s
 NC=   22700 T= 3.2971E+00 DT= 1.4524E-04 ERR= -0.0% DM/M= 0.0000E+00
 ELAPSED TIME=         32.74 s  REMAINING TIME=         26.84 s
 NC=   22800 T= 3.3116E+00 DT= 1.4524E-04 ERR= -0.0% DM/M= 0.0000E+00
 ELAPSED TIME=         32.91 s  REMAINING TIME=         26.72 s
 NC=   22900 T= 3.3261E+00 DT= 1.4524E-04 ERR= -0.0% DM/M= 0.0000E+00
 ELAPSED TIME=         33.07 s  REMAINING TIME=         26.59 s
 NC=   23000 T= 3.3406E+00 DT= 1.4524E-04 ERR= -0.0% DM/M= 0.0000E+00
 ELAPSED TIME=         33.25 s  REMAINING TIME=         26.47 s
 NC=   23100 T= 3.3552E+00 DT= 1.4524E-04 ERR= -0.0% DM/M= 0.0000E+00
 ELAPSED TIME=         33.40 s  REMAINING TIME=         26.33 s
 NC=   23200 T= 3.3697E+00 DT= 1.4524E-04 ERR= -0.0% DM/M= 0.0000E+00
 ELAPSED TIME=         33.56 s  REMAINING TIME=         26.20 s
 NC=   23300 T= 3.3842E+00 DT= 1.4524E-04 ERR= -0.0% DM/M= 0.0000E+00
 ELAPSED TIME=         33.71 s  REMAINING TIME=         26.06 s
 NC=   23400 T= 3.3987E+00 DT= 1.4524E-04 ERR= -0.0% DM/M= 0.0000E+00
 ELAPSED TIME=         33.88 s  REMAINING TIME=         25.93 s
 NC=   23500 T= 3.4133E+00 DT= 1.4524E-04 ERR= -0.0% DM/M= 0.0000E+00
 ELAPSED TIME=         34.03 s  REMAINING TIME=         25.79 s
 NC=   23600 T= 3.4278E+00 DT= 1.4524E-04 ERR= -0.0% DM/M= 0.0000E+00
 ELAPSED TIME=         34.18 s  REMAINING TIME=         25.65 s
 NC=   23700 T= 3.4423E+00 DT= 1.4524E-04 ERR= -0.0% DM/M= 0.0000E+00
 ELAPSED TIME=         34.35 s  REMAINING TIME=         25.53 s
 NC=   23800 T= 3.4568E+00 DT= 1.4524E-04 ERR= -0.0% DM/M= 0.0000E+00
 ELAPSED TIME=         34.52 s  REMAINING TIME=         25.39 s
 NC=   23900 T= 3.4713E+00 DT= 1.4524E-04 ERR= -0.0% DM/M= 0.0000E+00
 ELAPSED TIME=         34.67 s  REMAINING TIME=         25.26 s
 NC=   24000 T= 3.4859E+00 DT= 1.4524E-04 ERR= -0.0% DM/M= 0.0000E+00
 ELAPSED TIME=         34.83 s  REMAINING TIME=         25.12 s
 NC=   24100 T= 3.5004E+00 DT= 1.4524E-04 ERR= -0.0% DM/M= 0.0000E+00
 ELAPSED TIME=         34.98 s  REMAINING TIME=         24.98 s
 NC=   24200 T= 3.5149E+00 DT= 1.4524E-04 ERR= -0.0% DM/M= 0.0000E+00
 ELAPSED TIME=         35.13 s  REMAINING TIME=         24.84 s
 NC=   24300 T= 3.5294E+00 DT= 1.4524E-04 ERR= -0.0% DM/M= 0.0000E+00
 ELAPSED TIME=         35.28 s  REMAINING TIME=         24.69 s
 NC=   24400 T= 3.5440E+00 DT= 1.4524E-04 ERR= -0.0% DM/M= 0.0000E+00
 ELAPSED TIME=         35.43 s  REMAINING TIME=         24.55 s
 NC=   24500 T= 3.5585E+00 DT= 1.4524E-04 ERR= -0.0% DM/M= 0.0000E+00
 ELAPSED TIME=         35.58 s  REMAINING TIME=         24.41 s
 NC=   24600 T= 3.5730E+00 DT= 1.4524E-04 ERR= -0.0% DM/M= 0.0000E+00
 ELAPSED TIME=         35.73 s  REMAINING TIME=         24.27 s
 NC=   24700 T= 3.5875E+00 DT= 1.4524E-04 ERR= -0.0% DM/M= 0.0000E+00
 ELAPSED TIME=         35.88 s  REMAINING TIME=         24.13 s
 NC=   24800 T= 3.6021E+00 DT= 1.4524E-04 ERR= -0.0% DM/M= 0.0000E+00
 ELAPSED TIME=         36.03 s  REMAINING TIME=         23.98 s
 NC=   24900 T= 3.6166E+00 DT= 1.4524E-04 ERR= -0.0% DM/M= 0.0000E+00
 ELAPSED TIME=         36.18 s  REMAINING TIME=         23.84 s
 NC=   25000 T= 3.6311E+00 DT= 1.4524E-04 ERR= -0.0% DM/M= 0.0000E+00
 ELAPSED TIME=         36.37 s  REMAINING TIME=         23.73 s
 NC=   25100 T= 3.6456E+00 DT= 1.4524E-04 ERR= -0.0% DM/M= 0.0000E+00
 ELAPSED TIME=         36.52 s  REMAINING TIME=         23.58 s
 NC=   25200 T= 3.6602E+00 DT= 1.4524E-04 ERR= -0.0% DM/M= 0.0000E+00
 ELAPSED TIME=         36.66 s  REMAINING TIME=         23.44 s
 NC=   25300 T= 3.6747E+00 DT= 1.4524E-04 ERR= -0.0% DM/M= 0.0000E+00
 ELAPSED TIME=         36.80 s  REMAINING TIME=         23.29 s
 NC=   25400 T= 3.6892E+00 DT= 1.4524E-04 ERR= -0.0% DM/M= 0.0000E+00
 ELAPSED TIME=         36.94 s  REMAINING TIME=         23.14 s
 NC=   25500 T= 3.7037E+00 DT= 1.4524E-04 ERR= -0.0% DM/M= 0.0000E+00
 ELAPSED TIME=         37.09 s  REMAINING TIME=         22.99 s
 NC=   25600 T= 3.7183E+00 DT= 1.4524E-04 ERR= -0.0% DM/M= 0.0000E+00
 ELAPSED TIME=         37.23 s  REMAINING TIME=         22.85 s
 NC=   25700 T= 3.7328E+00 DT= 1.4524E-04 ERR= -0.0% DM/M= 0.0000E+00
 ELAPSED TIME=         37.38 s  REMAINING TIME=         22.70 s
 NC=   25800 T= 3.7473E+00 DT= 1.4524E-04 ERR= -0.0% DM/M= 0.0000E+00
 ELAPSED TIME=         37.53 s  REMAINING TIME=         22.56 s
 NC=   25900 T= 3.7618E+00 DT= 1.4524E-04 ERR= -0.0% DM/M= 0.0000E+00
 ELAPSED TIME=         37.68 s  REMAINING TIME=         22.42 s
 NC=   26000 T= 3.7764E+00 DT= 1.4524E-04 ERR= -0.0% DM/M= 0.0000E+00
 ELAPSED TIME=         37.83 s  REMAINING TIME=         22.28 s
 NC=   26100 T= 3.7909E+00 DT= 1.4524E-04 ERR= -0.0% DM/M= 0.0000E+00
 ELAPSED TIME=         37.98 s  REMAINING TIME=         22.13 s
 NC=   26200 T= 3.8054E+00 DT= 1.4524E-04 ERR= -0.0% DM/M= 0.0000E+00
 ELAPSED TIME=         38.12 s  REMAINING TIME=         21.98 s
 NC=   26300 T= 3.8199E+00 DT= 1.4524E-04 ERR= -0.0% DM/M= 0.0000E+00
 ELAPSED TIME=         38.26 s  REMAINING TIME=         21.84 s
 NC=   26400 T= 3.8345E+00 DT= 1.4524E-04 ERR= -0.0% DM/M= 0.0000E+00
 ELAPSED TIME=         38.42 s  REMAINING TIME=         21.70 s
 NC=   26500 T= 3.8490E+00 DT= 1.4524E-04 ERR= -0.0% DM/M= 0.0000E+00
 ELAPSED TIME=         38.57 s  REMAINING TIME=         21.56 s
 NC=   26600 T= 3.8635E+00 DT= 1.4524E-04 ERR= -0.0% DM/M= 0.0000E+00
 ELAPSED TIME=         38.72 s  REMAINING TIME=         21.41 s
 NC=   26700 T= 3.8780E+00 DT= 1.4524E-04 ERR= -0.0% DM/M= 0.0000E+00
 ELAPSED TIME=         38.86 s  REMAINING TIME=         21.27 s
 NC=   26800 T= 3.8926E+00 DT= 1.4524E-04 ERR= -0.0% DM/M= 0.0000E+00
 ELAPSED TIME=         39.02 s  REMAINING TIME=         21.13 s
 NC=   26900 T= 3.9071E+00 DT= 1.4524E-04 ERR= -0.0% DM/M= 0.0000E+00
 ELAPSED TIME=         39.17 s  REMAINING TIME=         20.98 s
 NC=   27000 T= 3.9216E+00 DT= 1.4524E-04 ERR= -0.0% DM/M= 0.0000E+00
 ELAPSED TIME=         39.32 s  REMAINING TIME=         20.84 s
 NC=   27100 T= 3.9361E+00 DT= 1.4524E-04 ERR= -0.0% DM/M= 0.0000E+00
 ELAPSED TIME=         39.46 s  REMAINING TIME=         20.69 s
 NC=   27200 T= 3.9507E+00 DT= 1.4524E-04 ERR= -0.0% DM/M= 0.0000E+00
 ELAPSED TIME=         39.61 s  REMAINING TIME=         20.55 s
 NC=   27300 T= 3.9652E+00 DT= 1.4524E-04 ERR= -0.0% DM/M= 0.0000E+00
 ELAPSED TIME=         39.75 s  REMAINING TIME=         20.40 s
 NC=   27400 T= 3.9797E+00 DT= 1.4524E-04 ERR= -0.0% DM/M= 0.0000E+00
 ELAPSED TIME=         39.90 s  REMAINING TIME=         20.26 s
 NC=   27500 T= 3.9942E+00 DT= 1.4524E-04 ERR= -0.0% DM/M= 0.0000E+00
 ELAPSED TIME=         40.05 s  REMAINING TIME=         20.11 s
 NC=   27600 T= 4.0088E+00 DT= 1.4524E-04 ERR= -0.0% DM/M= 0.0000E+00
 ELAPSED TIME=         40.19 s  REMAINING TIME=         19.96 s
 NC=   27700 T= 4.0233E+00 DT= 1.4524E-04 ERR= -0.0% DM/M= 0.0000E+00
 ELAPSED TIME=         40.35 s  REMAINING TIME=         19.82 s
 NC=   27800 T= 4.0378E+00 DT= 1.4524E-04 ERR= -0.0% DM/M= 0.0000E+00
 ELAPSED TIME=         40.49 s  REMAINING TIME=         19.68 s
 NC=   27900 T= 4.0523E+00 DT= 1.4524E-04 ERR= -0.0% DM/M= 0.0000E+00
 ELAPSED TIME=         40.64 s  REMAINING TIME=         19.53 s
 NC=   28000 T= 4.0669E+00 DT= 1.4524E-04 ERR= -0.0% DM/M= 0.0000E+00
 ELAPSED TIME=         40.78 s  REMAINING TIME=         19.38 s
 NC=   28100 T= 4.0814E+00 DT= 1.4524E-04 ERR= -0.0% DM/M= 0.0000E+00
 ELAPSED TIME=         40.92 s  REMAINING TIME=         19.24 s
 NC=   28200 T= 4.0959E+00 DT= 1.4524E-04 ERR= -0.0% DM/M= 0.0000E+00
 ELAPSED TIME=         41.07 s  REMAINING TIME=         19.09 s
 NC=   28300 T= 4.1104E+00 DT= 1.4524E-04 ERR= -0.0% DM/M= 0.0000E+00
 ELAPSED TIME=         41.21 s  REMAINING TIME=         18.94 s
 NC=   28400 T= 4.1250E+00 DT= 1.4524E-04 ERR=  0.0% DM/M= 0.0000E+00
 ELAPSED TIME=         41.35 s  REMAINING TIME=         18.80 s
 NC=   28500 T= 4.1395E+00 DT= 1.4524E-04 ERR= -0.0% DM/M= 0.0000E+00
 ELAPSED TIME=         41.49 s  REMAINING TIME=         18.65 s
 NC=   28600 T= 4.1540E+00 DT= 1.4524E-04 ERR= -0.0% DM/M= 0.0000E+00
 ELAPSED TIME=         41.63 s  REMAINING TIME=         18.50 s
 NC=   28700 T= 4.1685E+00 DT= 1.4524E-04 ERR= -0.0% DM/M= 0.0000E+00
 ELAPSED TIME=         41.78 s  REMAINING TIME=         18.36 s
 NC=   28800 T= 4.1830E+00 DT= 1.4524E-04 ERR= -0.0% DM/M= 0.0000E+00
 ELAPSED TIME=         41.92 s  REMAINING TIME=         18.21 s
 NC=   28900 T= 4.1976E+00 DT= 1.4524E-04 ERR= -0.0% DM/M= 0.0000E+00
 ELAPSED TIME=         42.06 s  REMAINING TIME=         18.06 s
 NC=   29000 T= 4.2121E+00 DT= 1.4524E-04 ERR= -0.0% DM/M= 0.0000E+00
 ELAPSED TIME=         42.21 s  REMAINING TIME=         17.91 s
 NC=   29100 T= 4.2266E+00 DT= 1.4524E-04 ERR= -0.0% DM/M= 0.0000E+00
 ELAPSED TIME=         42.35 s  REMAINING TIME=         17.77 s
 NC=   29200 T= 4.2411E+00 DT= 1.4524E-04 ERR= -0.0% DM/M= 0.0000E+00
 ELAPSED TIME=         42.49 s  REMAINING TIME=         17.62 s
 NC=   29300 T= 4.2557E+00 DT= 1.4524E-04 ERR= -0.0% DM/M= 0.0000E+00
 ELAPSED TIME=         42.63 s  REMAINING TIME=         17.47 s
 NC=   29400 T= 4.2702E+00 DT= 1.4524E-04 ERR= -0.0% DM/M= 0.0000E+00
 ELAPSED TIME=         42.77 s  REMAINING TIME=         17.33 s
 NC=   29500 T= 4.2847E+00 DT= 1.4524E-04 ERR= -0.0% DM/M= 0.0000E+00
 ELAPSED TIME=         42.91 s  REMAINING TIME=         17.18 s
 NC=   29600 T= 4.2992E+00 DT= 1.4524E-04 ERR= -0.0% DM/M= 0.0000E+00
 ELAPSED TIME=         43.07 s  REMAINING TIME=         17.04 s
 NC=   29700 T= 4.3138E+00 DT= 1.4524E-04 ERR= -0.0% DM/M= 0.0000E+00
 ELAPSED TIME=         43.22 s  REMAINING TIME=         16.89 s
 NC=   29800 T= 4.3283E+00 DT= 1.4524E-04 ERR= -0.0% DM/M= 0.0000E+00
 ELAPSED TIME=         43.36 s  REMAINING TIME=         16.75 s
 NC=   29900 T= 4.3428E+00 DT= 1.4524E-04 ERR= -0.0% DM/M= 0.0000E+00
 ELAPSED TIME=         43.50 s  REMAINING TIME=         16.60 s
 NC=   30000 T= 4.3573E+00 DT= 1.4524E-04 ERR= -0.0% DM/M= 0.0000E+00
 ELAPSED TIME=         43.65 s  REMAINING TIME=         16.46 s
 NC=   30100 T= 4.3719E+00 DT= 1.4524E-04 ERR= -0.0% DM/M= 0.0000E+00
 ELAPSED TIME=         43.79 s  REMAINING TIME=         16.31 s
 NC=   30200 T= 4.3864E+00 DT= 1.4524E-04 ERR= -0.0% DM/M= 0.0000E+00
 ELAPSED TIME=         43.93 s  REMAINING TIME=         16.16 s
 NC=   30300 T= 4.4009E+00 DT= 1.4524E-04 ERR= -0.0% DM/M= 0.0000E+00
 ELAPSED TIME=         44.08 s  REMAINING TIME=         16.02 s
 NC=   30400 T= 4.4154E+00 DT= 1.4524E-04 ERR= -0.0% DM/M= 0.0000E+00
 ELAPSED TIME=         44.23 s  REMAINING TIME=         15.87 s
 NC=   30500 T= 4.4300E+00 DT= 1.4524E-04 ERR= -0.0% DM/M= 0.0000E+00
 ELAPSED TIME=         44.37 s  REMAINING TIME=         15.73 s
 NC=   30600 T= 4.4445E+00 DT= 1.4524E-04 ERR= -0.0% DM/M= 0.0000E+00
 ELAPSED TIME=         44.52 s  REMAINING TIME=         15.58 s
 NC=   30700 T= 4.4590E+00 DT= 1.4524E-04 ERR= -0.0% DM/M= 0.0000E+00
 ELAPSED TIME=         44.66 s  REMAINING TIME=         15.43 s
 NC=   30800 T= 4.4735E+00 DT= 1.4524E-04 ERR= -0.0% DM/M= 0.0000E+00
 ELAPSED TIME=         44.80 s  REMAINING TIME=         15.29 s
 NC=   30900 T= 4.4881E+00 DT= 1.4524E-04 ERR= -0.0% DM/M= 0.0000E+00
 ELAPSED TIME=         44.94 s  REMAINING TIME=         15.14 s
 NC=   31000 T= 4.5026E+00 DT= 1.4524E-04 ERR= -0.0% DM/M= 0.0000E+00
 ELAPSED TIME=         45.08 s  REMAINING TIME=         14.99 s
 NC=   31100 T= 4.5171E+00 DT= 1.4524E-04 ERR= -0.0% DM/M= 0.0000E+00
 ELAPSED TIME=         45.23 s  REMAINING TIME=         14.85 s
 NC=   31200 T= 4.5316E+00 DT= 1.4524E-04 ERR= -0.0% DM/M= 0.0000E+00
 ELAPSED TIME=         45.37 s  REMAINING TIME=         14.70 s
 NC=   31300 T= 4.5462E+00 DT= 1.4524E-04 ERR= -0.0% DM/M= 0.0000E+00
 ELAPSED TIME=         45.51 s  REMAINING TIME=         14.55 s
 NC=   31400 T= 4.5607E+00 DT= 1.4524E-04 ERR= -0.0% DM/M= 0.0000E+00
 ELAPSED TIME=         45.65 s  REMAINING TIME=         14.41 s
 NC=   31500 T= 4.5752E+00 DT= 1.4524E-04 ERR= -0.0% DM/M= 0.0000E+00
 ELAPSED TIME=         45.80 s  REMAINING TIME=         14.26 s
 NC=   31600 T= 4.5897E+00 DT= 1.4524E-04 ERR= -0.0% DM/M= 0.0000E+00
 ELAPSED TIME=         45.94 s  REMAINING TIME=         14.12 s
 NC=   31700 T= 4.6043E+00 DT= 1.4524E-04 ERR= -0.0% DM/M= 0.0000E+00
 ELAPSED TIME=         46.08 s  REMAINING TIME=         13.97 s
 NC=   31800 T= 4.6188E+00 DT= 1.4524E-04 ERR= -0.0% DM/M= 0.0000E+00
 ELAPSED TIME=         46.22 s  REMAINING TIME=         13.82 s
 NC=   31900 T= 4.6333E+00 DT= 1.4524E-04 ERR= -0.0% DM/M= 0.0000E+00
 ELAPSED TIME=         46.37 s  REMAINING TIME=         13.68 s
 NC=   32000 T= 4.6478E+00 DT= 1.4524E-04 ERR= -0.0% DM/M= 0.0000E+00
 ELAPSED TIME=         46.51 s  REMAINING TIME=         13.53 s
 NC=   32100 T= 4.6624E+00 DT= 1.4524E-04 ERR= -0.0% DM/M= 0.0000E+00
 ELAPSED TIME=         46.65 s  REMAINING TIME=         13.38 s
 NC=   32200 T= 4.6769E+00 DT= 1.4524E-04 ERR= -0.0% DM/M= 0.0000E+00
 ELAPSED TIME=         46.79 s  REMAINING TIME=         13.24 s
 NC=   32300 T= 4.6914E+00 DT= 1.4524E-04 ERR= -0.0% DM/M= 0.0000E+00
 ELAPSED TIME=         46.93 s  REMAINING TIME=         13.09 s
 NC=   32400 T= 4.7059E+00 DT= 1.4524E-04 ERR= -0.0% DM/M= 0.0000E+00
 ELAPSED TIME=         47.07 s  REMAINING TIME=         12.94 s
 NC=   32500 T= 4.7205E+00 DT= 1.4524E-04 ERR= -0.0% DM/M= 0.0000E+00
 ELAPSED TIME=         47.21 s  REMAINING TIME=         12.80 s
 NC=   32600 T= 4.7350E+00 DT= 1.4524E-04 ERR= -0.0% DM/M= 0.0000E+00
 ELAPSED TIME=         47.35 s  REMAINING TIME=         12.65 s
 NC=   32700 T= 4.7495E+00 DT= 1.4524E-04 ERR= -0.0% DM/M= 0.0000E+00
 ELAPSED TIME=         47.50 s  REMAINING TIME=         12.51 s
 NC=   32800 T= 4.7640E+00 DT= 1.4524E-04 ERR= -0.0% DM/M= 0.0000E+00
 ELAPSED TIME=         47.64 s  REMAINING TIME=         12.36 s
 NC=   32900 T= 4.7786E+00 DT= 1.4524E-04 ERR= -0.0% DM/M= 0.0000E+00
 ELAPSED TIME=         47.78 s  REMAINING TIME=         12.21 s
 NC=   33000 T= 4.7931E+00 DT= 1.4524E-04 ERR= -0.0% DM/M= 0.0000E+00
 ELAPSED TIME=         47.92 s  REMAINING TIME=         12.07 s
 NC=   33100 T= 4.8076E+00 DT= 1.4524E-04 ERR=  0.0% DM/M= 0.0000E+00
 ELAPSED TIME=         48.06 s  REMAINING TIME=         11.92 s
 NC=   33200 T= 4.8221E+00 DT= 1.4524E-04 ERR= -0.0% DM/M= 0.0000E+00
 ELAPSED TIME=         48.21 s  REMAINING TIME=         11.77 s
 NC=   33300 T= 4.8367E+00 DT= 1.4524E-04 ERR= -0.0% DM/M= 0.0000E+00
 ELAPSED TIME=         48.35 s  REMAINING TIME=         11.63 s
 NC=   33400 T= 4.8512E+00 DT= 1.4524E-04 ERR= -0.0% DM/M= 0.0000E+00
 ELAPSED TIME=         48.49 s  REMAINING TIME=         11.48 s
 NC=   33500 T= 4.8657E+00 DT= 1.4524E-04 ERR= -0.0% DM/M= 0.0000E+00
 ELAPSED TIME=         48.63 s  REMAINING TIME=         11.34 s
 NC=   33600 T= 4.8802E+00 DT= 1.4524E-04 ERR= -0.0% DM/M= 0.0000E+00
 ELAPSED TIME=         48.77 s  REMAINING TIME=         11.19 s
 NC=   33700 T= 4.8947E+00 DT= 1.4524E-04 ERR= -0.0% DM/M= 0.0000E+00
 ELAPSED TIME=         48.92 s  REMAINING TIME=         11.05 s
 NC=   33800 T= 4.9093E+00 DT= 1.4524E-04 ERR= -0.0% DM/M= 0.0000E+00
 ELAPSED TIME=         49.06 s  REMAINING TIME=         10.90 s
 NC=   33900 T= 4.9238E+00 DT= 1.4524E-04 ERR= -0.0% DM/M= 0.0000E+00
 ELAPSED TIME=         49.20 s  REMAINING TIME=         10.75 s
 NC=   34000 T= 4.9383E+00 DT= 1.4524E-04 ERR= -0.0% DM/M= 0.0000E+00
 ELAPSED TIME=         49.34 s  REMAINING TIME=         10.61 s
 NC=   34100 T= 4.9528E+00 DT= 1.4524E-04 ERR= -0.0% DM/M= 0.0000E+00
 ELAPSED TIME=         49.48 s  REMAINING TIME=         10.46 s
 NC=   34200 T= 4.9674E+00 DT= 1.4524E-04 ERR= -0.0% DM/M= 0.0000E+00
 ELAPSED TIME=         49.62 s  REMAINING TIME=         10.32 s
 NC=   34300 T= 4.9819E+00 DT= 1.4524E-04 ERR= -0.0% DM/M= 0.0000E+00
 ELAPSED TIME=         49.76 s  REMAINING TIME=         10.17 s
 NC=   34400 T= 4.9964E+00 DT= 1.4524E-04 ERR= -0.0% DM/M= 0.0000E+00
 ELAPSED TIME=         49.90 s  REMAINING TIME=         10.02 s
 NC=   34500 T= 5.0109E+00 DT= 1.4524E-04 ERR= -0.0% DM/M= 0.0000E+00
 ELAPSED TIME=         50.04 s  REMAINING TIME=          9.88 s
 NC=   34600 T= 5.0255E+00 DT= 1.4524E-04 ERR= -0.0% DM/M= 0.0000E+00
 ELAPSED TIME=         50.19 s  REMAINING TIME=          9.73 s
 NC=   34700 T= 5.0400E+00 DT= 1.4524E-04 ERR=  0.0% DM/M= 0.0000E+00
 ELAPSED TIME=         50.33 s  REMAINING TIME=          9.59 s
 NC=   34800 T= 5.0545E+00 DT= 1.4524E-04 ERR= -0.0% DM/M= 0.0000E+00
 ELAPSED TIME=         50.47 s  REMAINING TIME=          9.44 s
 NC=   34900 T= 5.0690E+00 DT= 1.4524E-04 ERR= -0.0% DM/M= 0.0000E+00
 ELAPSED TIME=         50.61 s  REMAINING TIME=          9.29 s
 NC=   35000 T= 5.0836E+00 DT= 1.4524E-04 ERR= -0.0% DM/M= 0.0000E+00
 ELAPSED TIME=         50.75 s  REMAINING TIME=          9.15 s
 NC=   35100 T= 5.0981E+00 DT= 1.4524E-04 ERR= -0.0% DM/M= 0.0000E+00
 ELAPSED TIME=         50.89 s  REMAINING TIME=          9.00 s
 NC=   35200 T= 5.1126E+00 DT= 1.4524E-04 ERR= -0.0% DM/M= 0.0000E+00
 ELAPSED TIME=         51.03 s  REMAINING TIME=          8.86 s
 NC=   35300 T= 5.1271E+00 DT= 1.4524E-04 ERR= -0.0% DM/M= 0.0000E+00
 ELAPSED TIME=         51.17 s  REMAINING TIME=          8.71 s
 NC=   35400 T= 5.1417E+00 DT= 1.4524E-04 ERR= -0.0% DM/M= 0.0000E+00
 ELAPSED TIME=         51.32 s  REMAINING TIME=          8.57 s
 NC=   35500 T= 5.1562E+00 DT= 1.4524E-04 ERR= -0.0% DM/M= 0.0000E+00
 ELAPSED TIME=         51.47 s  REMAINING TIME=          8.42 s
 NC=   35600 T= 5.1707E+00 DT= 1.4524E-04 ERR= -0.0% DM/M= 0.0000E+00
 ELAPSED TIME=         51.61 s  REMAINING TIME=          8.28 s
 NC=   35700 T= 5.1852E+00 DT= 1.4524E-04 ERR= -0.0% DM/M= 0.0000E+00
 ELAPSED TIME=         51.76 s  REMAINING TIME=          8.13 s
 NC=   35800 T= 5.1998E+00 DT= 1.4524E-04 ERR= -0.0% DM/M= 0.0000E+00
 ELAPSED TIME=         51.92 s  REMAINING TIME=          7.99 s
 NC=   35900 T= 5.2143E+00 DT= 1.4524E-04 ERR= -0.0% DM/M= 0.0000E+00
 ELAPSED TIME=         52.06 s  REMAINING TIME=          7.84 s
 NC=   36000 T= 5.2288E+00 DT= 1.4524E-04 ERR= -0.0% DM/M= 0.0000E+00
 ELAPSED TIME=         52.21 s  REMAINING TIME=          7.70 s
 NC=   36100 T= 5.2433E+00 DT= 1.4524E-04 ERR= -0.0% DM/M= 0.0000E+00
 ELAPSED TIME=         52.37 s  REMAINING TIME=          7.56 s
 NC=   36200 T= 5.2579E+00 DT= 1.4524E-04 ERR= -0.0% DM/M= 0.0000E+00
 ELAPSED TIME=         52.58 s  REMAINING TIME=          7.42 s
 NC=   36300 T= 5.2724E+00 DT= 1.4524E-04 ERR=  0.0% DM/M= 0.0000E+00
 ELAPSED TIME=         52.76 s  REMAINING TIME=          7.28 s
 NC=   36400 T= 5.2869E+00 DT= 1.4524E-04 ERR= -0.0% DM/M= 0.0000E+00
 ELAPSED TIME=         52.90 s  REMAINING TIME=          7.14 s
 NC=   36500 T= 5.3014E+00 DT= 1.4524E-04 ERR= -0.0% DM/M= 0.0000E+00
 ELAPSED TIME=         53.05 s  REMAINING TIME=          6.99 s
 NC=   36600 T= 5.3160E+00 DT= 1.4524E-04 ERR= -0.0% DM/M= 0.0000E+00
 ELAPSED TIME=         53.19 s  REMAINING TIME=          6.84 s
 NC=   36700 T= 5.3305E+00 DT= 1.4524E-04 ERR= -0.0% DM/M= 0.0000E+00
 ELAPSED TIME=         53.33 s  REMAINING TIME=          6.70 s
 NC=   36800 T= 5.3450E+00 DT= 1.4524E-04 ERR= -0.0% DM/M= 0.0000E+00
 ELAPSED TIME=         53.47 s  REMAINING TIME=          6.55 s
 NC=   36900 T= 5.3595E+00 DT= 1.4524E-04 ERR= -0.0% DM/M= 0.0000E+00
 ELAPSED TIME=         53.61 s  REMAINING TIME=          6.41 s
 NC=   37000 T= 5.3741E+00 DT= 1.4524E-04 ERR= -0.0% DM/M= 0.0000E+00
 ELAPSED TIME=         53.76 s  REMAINING TIME=          6.26 s
 NC=   37100 T= 5.3886E+00 DT= 1.4524E-04 ERR= -0.0% DM/M= 0.0000E+00
 ELAPSED TIME=         53.90 s  REMAINING TIME=          6.12 s
 NC=   37200 T= 5.4031E+00 DT= 1.4524E-04 ERR= -0.0% DM/M= 0.0000E+00
 ELAPSED TIME=         54.04 s  REMAINING TIME=          5.97 s
 NC=   37300 T= 5.4176E+00 DT= 1.4524E-04 ERR= -0.0% DM/M= 0.0000E+00
 ELAPSED TIME=         54.18 s  REMAINING TIME=          5.82 s
 NC=   37400 T= 5.4322E+00 DT= 1.4524E-04 ERR= -0.0% DM/M= 0.0000E+00
 ELAPSED TIME=         54.32 s  REMAINING TIME=          5.68 s
 NC=   37500 T= 5.4467E+00 DT= 1.4524E-04 ERR= -0.0% DM/M= 0.0000E+00
 ELAPSED TIME=         54.47 s  REMAINING TIME=          5.53 s
 NC=   37600 T= 5.4612E+00 DT= 1.4524E-04 ERR= -0.0% DM/M= 0.0000E+00
 ELAPSED TIME=         54.61 s  REMAINING TIME=          5.39 s
 NC=   37700 T= 5.4757E+00 DT= 1.4524E-04 ERR= -0.0% DM/M= 0.0000E+00
 ELAPSED TIME=         54.75 s  REMAINING TIME=          5.24 s
 NC=   37800 T= 5.4903E+00 DT= 1.4524E-04 ERR= -0.0% DM/M= 0.0000E+00
 ELAPSED TIME=         54.89 s  REMAINING TIME=          5.10 s
 NC=   37900 T= 5.5048E+00 DT= 1.4524E-04 ERR= -0.0% DM/M= 0.0000E+00
 ELAPSED TIME=         55.03 s  REMAINING TIME=          4.95 s
 NC=   38000 T= 5.5193E+00 DT= 1.4524E-04 ERR= -0.0% DM/M= 0.0000E+00
 ELAPSED TIME=         55.17 s  REMAINING TIME=          4.81 s
 NC=   38100 T= 5.5338E+00 DT= 1.4524E-04 ERR= -0.0% DM/M= 0.0000E+00
 ELAPSED TIME=         55.32 s  REMAINING TIME=          4.66 s
 NC=   38200 T= 5.5483E+00 DT= 1.4524E-04 ERR= -0.0% DM/M= 0.0000E+00
 ELAPSED TIME=         55.46 s  REMAINING TIME=          4.51 s
 NC=   38300 T= 5.5629E+00 DT= 1.4524E-04 ERR= -0.0% DM/M= 0.0000E+00
 ELAPSED TIME=         55.60 s  REMAINING TIME=          4.37 s
 NC=   38400 T= 5.5774E+00 DT= 1.4524E-04 ERR= -0.0% DM/M= 0.0000E+00
 ELAPSED TIME=         55.74 s  REMAINING TIME=          4.22 s
 NC=   38500 T= 5.5919E+00 DT= 1.4524E-04 ERR= -0.0% DM/M= 0.0000E+00
 ELAPSED TIME=         55.88 s  REMAINING TIME=          4.08 s
 NC=   38600 T= 5.6064E+00 DT= 1.4524E-04 ERR= -0.0% DM/M= 0.0000E+00
 ELAPSED TIME=         56.03 s  REMAINING TIME=          3.93 s
 NC=   38700 T= 5.6210E+00 DT= 1.4524E-04 ERR= -0.0% DM/M= 0.0000E+00
 ELAPSED TIME=         56.17 s  REMAINING TIME=          3.79 s
 NC=   38800 T= 5.6355E+00 DT= 1.4524E-04 ERR= -0.0% DM/M= 0.0000E+00
 ELAPSED TIME=         56.31 s  REMAINING TIME=          3.64 s
 NC=   38900 T= 5.6500E+00 DT= 1.4524E-04 ERR= -0.0% DM/M= 0.0000E+00
 ELAPSED TIME=         56.45 s  REMAINING TIME=          3.50 s
 NC=   39000 T= 5.6645E+00 DT= 1.4524E-04 ERR= -0.0% DM/M= 0.0000E+00
 ELAPSED TIME=         56.59 s  REMAINING TIME=          3.35 s
 NC=   39100 T= 5.6791E+00 DT= 1.4524E-04 ERR= -0.0% DM/M= 0.0000E+00
 ELAPSED TIME=         56.73 s  REMAINING TIME=          3.21 s
 NC=   39200 T= 5.6936E+00 DT= 1.4524E-04 ERR= -0.0% DM/M= 0.0000E+00
 ELAPSED TIME=         56.87 s  REMAINING TIME=          3.06 s
 NC=   39300 T= 5.7081E+00 DT= 1.4524E-04 ERR= -0.0% DM/M= 0.0000E+00
 ELAPSED TIME=         57.01 s  REMAINING TIME=          2.92 s
 NC=   39400 T= 5.7226E+00 DT= 1.4524E-04 ERR= -0.0% DM/M= 0.0000E+00
 ELAPSED TIME=         57.16 s  REMAINING TIME=          2.77 s
 NC=   39500 T= 5.7372E+00 DT= 1.4524E-04 ERR= -0.0% DM/M= 0.0000E+00
 ELAPSED TIME=         57.30 s  REMAINING TIME=          2.62 s
 NC=   39600 T= 5.7517E+00 DT= 1.4524E-04 ERR= -0.0% DM/M= 0.0000E+00
 ELAPSED TIME=         57.44 s  REMAINING TIME=          2.48 s
 NC=   39700 T= 5.7662E+00 DT= 1.4524E-04 ERR= -0.0% DM/M= 0.0000E+00
 ELAPSED TIME=         57.58 s  REMAINING TIME=          2.33 s
 NC=   39800 T= 5.7807E+00 DT= 1.4524E-04 ERR= -0.0% DM/M= 0.0000E+00
 ELAPSED TIME=         57.72 s  REMAINING TIME=          2.19 s
 NC=   39900 T= 5.7953E+00 DT= 1.4524E-04 ERR= -0.0% DM/M= 0.0000E+00
 ELAPSED TIME=         57.86 s  REMAINING TIME=          2.04 s
 NC=   40000 T= 5.8098E+00 DT= 1.4524E-04 ERR= -0.0% DM/M= 0.0000E+00
 ELAPSED TIME=         58.00 s  REMAINING TIME=          1.90 s
 NC=   40100 T= 5.8243E+00 DT= 1.4524E-04 ERR= -0.0% DM/M= 0.0000E+00
 ELAPSED TIME=         58.15 s  REMAINING TIME=          1.75 s
 NC=   40200 T= 5.8388E+00 DT= 1.4524E-04 ERR= -0.0% DM/M= 0.0000E+00
 ELAPSED TIME=         58.29 s  REMAINING TIME=          1.61 s
 NC=   40300 T= 5.8534E+00 DT= 1.4524E-04 ERR= -0.0% DM/M= 0.0000E+00
 ELAPSED TIME=         58.43 s  REMAINING TIME=          1.46 s
 NC=   40400 T= 5.8679E+00 DT= 1.4524E-04 ERR= -0.0% DM/M= 0.0000E+00
 ELAPSED TIME=         58.57 s  REMAINING TIME=          1.32 s
 NC=   40500 T= 5.8824E+00 DT= 1.4524E-04 ERR= -0.0% DM/M= 0.0000E+00
 ELAPSED TIME=         58.71 s  REMAINING TIME=          1.17 s
 NC=   40600 T= 5.8969E+00 DT= 1.4524E-04 ERR= -0.0% DM/M= 0.0000E+00
 ELAPSED TIME=         58.85 s  REMAINING TIME=          1.03 s
 NC=   40700 T= 5.9115E+00 DT= 1.4524E-04 ERR= -0.0% DM/M= 0.0000E+00
 ELAPSED TIME=         59.00 s  REMAINING TIME=          0.88 s
 NC=   40800 T= 5.9260E+00 DT= 1.4524E-04 ERR= -0.0% DM/M= 0.0000E+00
 ELAPSED TIME=         59.14 s  REMAINING TIME=          0.74 s
 NC=   40900 T= 5.9405E+00 DT= 1.4524E-04 ERR= -0.0% DM/M= 0.0000E+00
 ELAPSED TIME=         59.28 s  REMAINING TIME=          0.59 s
 NC=   41000 T= 5.9550E+00 DT= 1.4524E-04 ERR=  0.0% DM/M= 0.0000E+00
 ELAPSED TIME=         59.42 s  REMAINING TIME=          0.45 s
 NC=   41100 T= 5.9696E+00 DT= 1.4524E-04 ERR= -0.0% DM/M= 0.0000E+00
 ELAPSED TIME=         59.57 s  REMAINING TIME=          0.30 s
 NC=   41200 T= 5.9841E+00 DT= 1.4524E-04 ERR= -0.0% DM/M= 0.0000E+00
 ELAPSED TIME=         59.71 s  REMAINING TIME=          0.16 s
 NC=   41300 T= 5.9986E+00 DT= 1.4524E-04 ERR= -0.0% DM/M= 0.0000E+00
 ELAPSED TIME=         59.85 s  REMAINING TIME=          0.01 s
     RESTART FILES: I02IB_ELASTIC_R3_0001_[0001-0001].rst WRITTEN
  
                           ** CPU USER TIME **
  
  
                        ** SUMMARY **
  
 #PROC  ELEMENT   KINCOND   INTEG     IO        T0        ASM       RESOL    
   1   .5016E+02 .1016E+01 .1438E+01 .3344E+01 .8594E+00 .1875E+01 .5972E+02
 
                   ** CUMULATIVE CPU TIME SUMMARY **
  
 CONTACT SORTING.............: .0000E+00     0.00 % 
 CONTACT FORCES..............: .4688E-01     0.08 % 
 ELEMENT FORCES..............: .5016E+02    83.99 % 
 KINEMATIC COND..............: .1016E+01     1.70 % 
 INTEGRATION.................: .1438E+01     2.41 % 
 ASSEMBLING..................: .1875E+01     3.14 % 
 OTHERS (including I/O)......: .5188E+01     8.69 % 
 TOTAL.......................: .5972E+02   100.00 % 
  
                   ** MEMORY USAGE STATISTICS **
  
 TOTAL MEMORY USED .........................:       57 MB
 MAXIMUM MEMORY PER PROCESSOR...............:       57 MB
 MINIMUM MEMORY PER PROCESSOR...............:       57 MB
 AVERAGE MEMORY PER PROCESSOR...............:       57 MB
  
                   ** DISK USAGE STATISTICS **
  
 TOTAL DISK SPACE USED .....................:          7 MB
 ANIMATION/H3D/TH/OUTP SIZE ................:          3 MB
 RESTART FILE SIZE .........................:          3 MB
  
 ELAPSED TIME     =         59.88 s
                          0:00:59
  
     NORMAL TERMINATION      
     TOTAL NUMBER OF CYCLES  :   41310
