 A14_AREA_N8_HALF_R0_0001.out
************************************************************************
**                                                                    **
**                                                                    **
**                         OpenRadioss Engine                         **
**                                                                    **
**            Non-linear Finite Element Analysis Software             **
**                                                                    **
**                                                                    **
**                                                                    **
**                  Windows 64 bits, Intel compiler                   **
**                      Double Precision Version                      **
**                                                                    **
**                                                                    **
**                                                                    **
************************************************************************
** OpenRadioss Software                                               **
** COPYRIGHT (C) 2026 Siemens                                         **
** Licensed under GNU Affero General Public License.                  **
** See License file.                                                  **
************************************************************************
 
 NUMBER OF SPMD DOMAINS           1
 NUMBER OF THREADS PER DOMAIN     2
 NUMBER OF HMPP PROCESSES         2
  
 COMPUTATION HARDWARE DESCRIPTION
  
 HOSTNAME     CPU TYPE, FREQUENCY AND MEMORY
 jeux   AMD Ryzen 5 5600 6-Core Processor               (x86_64), 3700 MHz,  10000 MB RAM,  20277 MB swap
  
 STACKSIZE  . . . . . . . . . . . . . . . . . . . . 1430 MB
 THREAD STACKSIZE . . . . . . . . . . . . . . . . . 400 MB
 
************************************************************************


 A14_AREA_N8_HALF_R0D01                                                          


 FINAL TIME . . . . . . . . . . . . . . . . . . .  0.4000000E-01

 TIME INTERVAL FOR TIME HISTORY PLOTS . . . . . .  0.1000000E-05

 TIME STEP SCALE FACTOR . . . . . . . . . . . . .  0.2500000E-01

 MINIMUM TIME STEP  . . . . . . . . . . . . . . .   0.000000    


 BRICK TIME STEP SCALE FACTOR . . . . . . . . . .  0.2500000E-01
 BRICK MINIMUM TIME STEP. . . . . . . . . . . . .   0.000000    
 MIN. TIME STEP FLAG (1:STOP RUN, 2:DELETE BRICK)     1

 QUAD TIME STEP SCALE FACTOR. . . . . . . . . . .  0.2500000E-01
 QUAD MINIMUM TIME STEP . . . . . . . . . . . . .   0.000000    
 MIN. TIME STEP FLAG (1:STOP RUN, 2:DELETE QUAD).     1

 SHELL TIME STEP SCALE FACTOR . . . . . . . . . .  0.2500000E-01
 SHELL MINIMUM TIME STEP. . . . . . . . . . . . .   0.000000    
 MIN. TIME FLAG (1:STOP, 2:DELETE, 3:SMALL STRAIN)    2

 TRUSS TIME STEP SCALE FACTOR . . . . . . . . . .  0.2500000E-01
 TRUSS MINIMUM TIME STEP. . . . . . . . . . . . .   0.000000    
 MIN. TIME FLAG (1:STOP, 2:DELETE). . . . . . . .     0

 BEAM TIME STEP SCALE FACTOR. . . . . . . . . . .  0.2500000E-01
 BEAM MINIMUM TIME STEP . . . . . . . . . . . . .   0.000000    
 MIN. TIME FLAG (1:STOP, 2:DELETE). . . . . . . .     0

 SPRING TIME STEP SCALE FACTOR. . . . . . . . . .  0.2500000E-01
 SPRING MINIMUM TIME STEP . . . . . . . . . . . .   0.000000    
 MIN. TIME FLAG (1:STOP, 2:DELETE). . . . . . . .     0

 AIRBAG TIME STEP SCALE FACTOR. . . . . . . . . .  0.2500000E-01
 AIRBAG MINIMUM TIME STEP . . . . . . . . . . . .   0.000000    
 MIN. TIME FLAG (1:STOP). . . . . . . . . . . . .     0

 CONTACT TIME STEP SCALE FACTOR . . . . . . . . .  0.2500000E-01
 CONTACT MINIMUM TIME STEP. . . . . . . . . . . .   0.000000    
 MIN. TIME FLAG(1:STOP, 2:REMOVE NODE FROM INTERF)    0

 PRINTOUT CYCLE FREQUENCY . . . . . . . . . . . .    10

 RESTART CYCLE FREQUENCY. . . . . . . . . . . . .   10000000

 MAXIMUM RESTART WRITE BEFORE OVERWRITE . . . . .     0

 INVERS: INPUT DECK VERSION . . . . . . . . . . .  2026
 ITTYP : FLAG FOR TYPE OF T-FILE. . . . . . . . .     4

 INITIAL TIME STEP. . . . . . . . . . . . . . . .   0.000000    
 MAXIMUM TIME STEP. . . . . . . . . . . . . . . .  0.1000000E+21

 PARALLEL ARITHMETIC ON
 NUMBER OF INTERFACES TO BE ELIMINATED. . . . . .        0

 NUMBER OF PARTS TO BE ELIMINATED . . . . . . . .        0

 NUMBER OF SOLID  ELEMENT BLOCKS TO BE ELIMINATED        0

 NUMBER OF QUAD   ELEMENT BLOCKS TO BE ELIMINATED        0

 NUMBER OF SHELL  ELEMENT BLOCKS TO BE ELIMINATED        0

 NUMBER OF TRUSS  ELEMENT BLOCKS TO BE ELIMINATED        0

 NUMBER OF BEAM   ELEMENT BLOCKS TO BE ELIMINATED        0

 NUMBER OF SPRING ELEMENT BLOCKS TO BE ELIMINATED        0

 NUMBER OF SH_3N  ELEMENT BLOCKS TO BE ELIMINATED        0

 NUMBER OF  SPH PARTICLES BLOCKS TO BE ELIMINATED        0

 NUMBER OF RIGID LINKS. . . . . . . . . . . . . .        0

 NUMBER OF NEW BOUNDARY CONDITIONS. . . . . . . .        0


 TIME FOR FIRST ANIMATION-FILE PLOT . . . . . . .   0.000000    
 TIME INTERVAL FOR ANIMATION-FILE PLOTS . . . . .  0.2000000E-02
 TIME TO STOP ANIMATION-FILE PLOTS. . . . . . . .  0.1000000E+21
 SENSOR FOR ANIMATION-FILE PLOTS. . . . . . . . .          0
 TIME INTERVAL FOR SENSOR ANIMATION-FILE PLOTS. .   0.000000    

 VARIABLE SAVED ON ANIMATION FILES (1: YES) :
      PLASTIC STRAIN. . . . . .     0
      DENSITY     (SOLID ONLY).     0
      SPECIFIC ENERGY . . . . .     0
      HOURGLASS ENERGY. . . . .     0
      TEMPERATURE (SOLID ONLY).     0
      THICKNESS   (SHELL ONLY).     0
      PRESSURE    (SOLID ONLY).     0
      VON MISES . . . . . . . .     0
      TURBULENT ENERGY (FLUID).     0
      TURBULENT VISCOSITY(FLUID)    0
      VORTICITY (FLUID) . . . .     0
 NODAL VALUES SAVED ON ANIMATION FILES (1: YES) :
      PRESSURE. . . . . . . . .     0
      DENSITY . . . . . . . . .     0
      TEMPERATURE . . . . . . .     0
 VECTOR SAVED ON ANIMATION FILES (1: YES) :
      VELOCITY VECTOR . . . . .     1
      DISPLACEMENT VECTOR . . .     1
      ACCELERATION VECTOR . . .     0
      CONTACT FORCES. . . . . .     0
      INTERNAL FORCES . . . . .     0
      EXTERNAL FORCES . . . . .     0
      SECTION RBY RWALL FORCES.     0
      ROTATIONAL VELOCITY VECTOR    0
      CONTACT PRESSURE (VECTORS)    0
 SHELL TENSOR SAVED ON ANIMATION FILES (1: YES) :
      MEMBRANE STRESS . . . . .     0
      BENDING STRESS(MOMENT/T^2)    0
      UPPER LAYER STRESS. . . .     0
      LOWER LAYER STRESS. . . .     0
      MEMBRANE STRAIN . . . . .     0
      CURVATURE . . . . . . . .     0
      UPPER LAYER STRAIN. . . .     0
      LOWER LAYER STRAIN. . . .     0
 NODAL MASS SAVED ON ANIMATION FILES (1: YES) :    1
 KEEP DELETED ELEMENT (1: YES) :    0


 08/10/2026
   CYCLE    TIME      TIME-STEP  ELEMENT          ERROR  I-ENERGY    K-ENERGY T  K-ENERGY R  EXT-WORK     MAS.ERR     TOTAL MASS  MASS ADDED
       0   0.000      0.1063E-04 NODE          10   0.0%   0.000      0.2224E+05   0.000       0.000       0.000       5.560       0.000    
     ANIMATION FILE: A14_AREA_N8_HALF_R0A001 WRITTEN
      10  0.1063E-03  0.1063E-04 NODE           7   0.0%   0.000      0.2224E+05   0.000       0.000       0.000       5.560       0.000    
      20  0.2126E-03  0.1063E-04 NODE           7   0.0%   0.000      0.2224E+05   0.000       0.000       0.000       5.560       0.000    
      30  0.3189E-03  0.1063E-04 NODE           7   0.0%   0.000      0.2224E+05   0.000       0.000       0.000       5.560       0.000    
      40  0.4251E-03  0.1063E-04 NODE           7   0.0%   0.000      0.2224E+05   0.000       0.000       0.000       5.560       0.000    
      50  0.5314E-03  0.1063E-04 NODE           7   0.0%   0.000      0.2224E+05   0.000       0.000       0.000       5.560       0.000    
      60  0.6377E-03  0.1063E-04 NODE           7   0.0%   0.000      0.2224E+05   0.000       0.000       0.000       5.560       0.000    
      70  0.7440E-03  0.1063E-04 NODE           7   0.0%   0.000      0.2224E+05   0.000       0.000       0.000       5.560       0.000    
      80  0.8503E-03  0.1063E-04 NODE           7   0.0%   0.000      0.2224E+05   0.000       0.000       0.000       5.560       0.000    
      90  0.9566E-03  0.1063E-04 NODE           7   0.0%   0.000      0.2224E+05   0.000       0.000       0.000       5.560       0.000    
     100  0.1063E-02  0.1063E-04 NODE           7   0.0%   0.000      0.2224E+05   0.000       0.000       0.000       5.560       0.000    
     110  0.1169E-02  0.1063E-04 NODE           7   0.0%   0.000      0.2224E+05   0.000       0.000       0.000       5.560       0.000    
     120  0.1275E-02  0.1063E-04 NODE           7   0.0%   0.000      0.2224E+05   0.000       0.000       0.000       5.560       0.000    
     130  0.1382E-02  0.1063E-04 NODE           7   0.0%   0.000      0.2224E+05   0.000       0.000       0.000       5.560       0.000    
     140  0.1488E-02  0.1063E-04 NODE           7   0.0%   0.000      0.2224E+05   0.000       0.000       0.000       5.560       0.000    
     150  0.1594E-02  0.1063E-04 NODE           7   0.0%   0.000      0.2224E+05   0.000       0.000       0.000       5.560       0.000    
     160  0.1701E-02  0.1063E-04 NODE           7   0.0%   0.000      0.2224E+05   0.000       0.000       0.000       5.560       0.000    
     170  0.1807E-02  0.1063E-04 NODE           7   0.0%   0.000      0.2224E+05   0.000       0.000       0.000       5.560       0.000    
     180  0.1913E-02  0.1063E-04 NODE           7   0.0%   0.000      0.2224E+05   0.000       0.000       0.000       5.560       0.000    
     ANIMATION FILE: A14_AREA_N8_HALF_R0A002 WRITTEN
     190  0.2019E-02  0.1063E-04 NODE           7   0.0%   0.000      0.2224E+05   0.000       0.000       0.000       5.560       0.000    
     200  0.2126E-02  0.1063E-04 NODE           7   0.0%   0.000      0.2224E+05   0.000       0.000       0.000       5.560       0.000    
     210  0.2232E-02  0.1063E-04 NODE           7   0.0%   0.000      0.2224E+05   0.000       0.000       0.000       5.560       0.000    
     220  0.2338E-02  0.1063E-04 NODE           7   0.0%   0.000      0.2224E+05   0.000       0.000       0.000       5.560       0.000    
     230  0.2445E-02  0.1063E-04 NODE           7   0.0%   0.000      0.2224E+05   0.000       0.000       0.000       5.560       0.000    
     240  0.2551E-02  0.1063E-04 NODE           7   0.0%   0.000      0.2224E+05   0.000       0.000       0.000       5.560       0.000    
     250  0.2657E-02  0.1063E-04 NODE           7   0.0%   0.000      0.2224E+05   0.000       0.000       0.000       5.560       0.000    
     260  0.2763E-02  0.1063E-04 NODE           7   0.0%   0.000      0.2224E+05   0.000       0.000       0.000       5.560       0.000    
     270  0.2870E-02  0.1063E-04 NODE           7   0.0%   0.000      0.2224E+05   0.000       0.000       0.000       5.560       0.000    
     280  0.2976E-02  0.1063E-04 NODE           7   0.0%   0.000      0.2224E+05   0.000       0.000       0.000       5.560       0.000    
     290  0.3082E-02  0.1063E-04 NODE           7   0.0%   0.000      0.2224E+05   0.000       0.000       0.000       5.560       0.000    
     300  0.3189E-02  0.1063E-04 NODE           7   0.0%   0.000      0.2224E+05   0.000       0.000       0.000       5.560       0.000    
     310  0.3295E-02  0.1063E-04 NODE           7   0.0%   0.000      0.2224E+05   0.000       0.000       0.000       5.560       0.000    
     320  0.3401E-02  0.1063E-04 NODE           7   0.0%   0.000      0.2224E+05   0.000       0.000       0.000       5.560       0.000    
     330  0.3507E-02  0.1063E-04 NODE           7   0.0%   0.000      0.2224E+05   0.000       0.000       0.000       5.560       0.000    
     340  0.3614E-02  0.1063E-04 NODE           7   0.0%   0.000      0.2224E+05   0.000       0.000       0.000       5.560       0.000    
     350  0.3720E-02  0.1063E-04 NODE           7   0.0%   0.000      0.2224E+05   0.000       0.000       0.000       5.560       0.000    
     360  0.3826E-02  0.1063E-04 NODE           7   0.0%   0.000      0.2224E+05   0.000       0.000       0.000       5.560       0.000    
     370  0.3932E-02  0.1063E-04 NODE           7   0.0%   0.000      0.2224E+05   0.000       0.000       0.000       5.560       0.000    
     ANIMATION FILE: A14_AREA_N8_HALF_R0A003 WRITTEN
     380  0.4039E-02  0.1063E-04 NODE           7   0.0%   0.000      0.2224E+05   0.000       0.000       0.000       5.560       0.000    
     390  0.4145E-02  0.1063E-04 NODE           7   0.0%   0.000      0.2224E+05   0.000       0.000       0.000       5.560       0.000    
     400  0.4251E-02  0.1063E-04 NODE           7   0.0%   0.000      0.2224E+05   0.000       0.000       0.000       5.560       0.000    
     410  0.4358E-02  0.1063E-04 NODE           7   0.0%   0.000      0.2224E+05   0.000       0.000       0.000       5.560       0.000    
     420  0.4464E-02  0.1063E-04 NODE           7   0.0%   0.000      0.2224E+05   0.000       0.000       0.000       5.560       0.000    
     430  0.4570E-02  0.1063E-04 NODE           7   0.0%   0.000      0.2224E+05   0.000       0.000       0.000       5.560       0.000    
     440  0.4676E-02  0.1063E-04 NODE           7   0.0%   0.000      0.2224E+05   0.000       0.000       0.000       5.560       0.000    
     450  0.4783E-02  0.1063E-04 NODE           7   0.0%   0.000      0.2224E+05   0.000       0.000       0.000       5.560       0.000    
     460  0.4889E-02  0.1063E-04 NODE           7   0.0%   0.000      0.2224E+05   0.000       0.000       0.000       5.560       0.000    
     470  0.4995E-02  0.1063E-04 NODE           7   0.0%   0.000      0.2224E+05   0.000       0.000       0.000       5.560       0.000    
     480  0.5102E-02  0.1063E-04 NODE           7   0.0%   0.000      0.2224E+05   0.000       0.000       0.000       5.560       0.000    
     490  0.5208E-02  0.1063E-04 NODE           7   0.0%   0.000      0.2224E+05   0.000       0.000       0.000       5.560       0.000    
     500  0.5314E-02  0.1063E-04 NODE           7   0.0%   0.000      0.2224E+05   0.000       0.000       0.000       5.560       0.000    
     510  0.5420E-02  0.1063E-04 NODE           7   0.0%   0.000      0.2224E+05   0.000       0.000       0.000       5.560       0.000    
     520  0.5527E-02  0.1063E-04 NODE           7   0.0%   0.000      0.2224E+05   0.000       0.000       0.000       5.560       0.000    
     530  0.5633E-02  0.1063E-04 NODE           7   0.0%   0.000      0.2224E+05   0.000       0.000       0.000       5.560       0.000    
     540  0.5739E-02  0.1063E-04 NODE           7   0.0%   0.000      0.2224E+05   0.000       0.000       0.000       5.560       0.000    
     550  0.5846E-02  0.1063E-04 NODE           7   0.0%   0.000      0.2224E+05   0.000       0.000       0.000       5.560       0.000    
     560  0.5952E-02  0.1063E-04 NODE           7   0.0%   0.000      0.2224E+05   0.000       0.000       0.000       5.560       0.000    
     ANIMATION FILE: A14_AREA_N8_HALF_R0A004 WRITTEN
     570  0.6058E-02  0.1063E-04 NODE           7   0.0%   0.000      0.2224E+05   0.000       0.000       0.000       5.560       0.000    
     580  0.6164E-02  0.1063E-04 NODE           7   0.0%   0.000      0.2224E+05   0.000       0.000       0.000       5.560       0.000    
     590  0.6271E-02  0.1063E-04 NODE           7   0.0%   0.000      0.2224E+05   0.000       0.000       0.000       5.560       0.000    
     600  0.6377E-02  0.1063E-04 NODE           7   0.0%   0.000      0.2224E+05   0.000       0.000       0.000       5.560       0.000    
     610  0.6483E-02  0.1063E-04 NODE           7   0.0%   0.000      0.2224E+05   0.000       0.000       0.000       5.560       0.000    
     620  0.6590E-02  0.1063E-04 NODE           7   0.0%   0.000      0.2224E+05   0.000       0.000       0.000       5.560       0.000    
     630  0.6696E-02  0.1063E-04 NODE           7   0.0%   0.000      0.2224E+05   0.000       0.000       0.000       5.560       0.000    
     640  0.6802E-02  0.1063E-04 NODE           7   0.0%   0.000      0.2224E+05   0.000       0.000       0.000       5.560       0.000    
     650  0.6908E-02  0.1063E-04 NODE          10   0.0%   0.000      0.2224E+05   0.000       0.000       0.000       5.560       0.000    
     660  0.7015E-02  0.1063E-04 NODE           7   0.0%   0.000      0.2224E+05   0.000       0.000       0.000       5.560       0.000    
     670  0.7121E-02  0.1063E-04 NODE           7   0.0%   0.000      0.2224E+05   0.000       0.000       0.000       5.560       0.000    
     680  0.7227E-02  0.1063E-04 NODE           7   0.0%   0.000      0.2224E+05   0.000       0.000       0.000       5.560       0.000    
     690  0.7334E-02  0.1063E-04 NODE           7   0.0%   0.000      0.2224E+05   0.000       0.000       0.000       5.560       0.000    
     700  0.7440E-02  0.1063E-04 NODE           7   0.0%   0.000      0.2224E+05   0.000       0.000       0.000       5.560       0.000    
     710  0.7546E-02  0.1063E-04 NODE           7   0.0%   0.000      0.2224E+05   0.000       0.000       0.000       5.560       0.000    
     720  0.7652E-02  0.1063E-04 NODE           7   0.0%   0.000      0.2224E+05   0.000       0.000       0.000       5.560       0.000    
     730  0.7759E-02  0.1063E-04 NODE           7   0.0%   0.000      0.2224E+05   0.000       0.000       0.000       5.560       0.000    
     740  0.7865E-02  0.1063E-04 NODE           7   0.0%   0.000      0.2224E+05   0.000       0.000       0.000       5.560       0.000    
     750  0.7971E-02  0.1063E-04 NODE           7   0.0%   0.000      0.2224E+05   0.000       0.000       0.000       5.560       0.000    
     ANIMATION FILE: A14_AREA_N8_HALF_R0A005 WRITTEN
     760  0.8078E-02  0.1063E-04 NODE           7   0.0%   0.000      0.2224E+05   0.000       0.000       0.000       5.560       0.000    
     770  0.8184E-02  0.1063E-04 NODE           7   0.0%   0.000      0.2224E+05   0.000       0.000       0.000       5.560       0.000    
     780  0.8290E-02  0.1063E-04 NODE           7   0.0%   0.000      0.2224E+05   0.000       0.000       0.000       5.560       0.000    
     790  0.8396E-02  0.1063E-04 NODE           7   0.0%   0.000      0.2224E+05   0.000       0.000       0.000       5.560       0.000    
     800  0.8503E-02  0.1063E-04 NODE           7   0.0%   0.000      0.2224E+05   0.000       0.000       0.000       5.560       0.000    
     810  0.8609E-02  0.1063E-04 NODE           7   0.0%   0.000      0.2224E+05   0.000       0.000       0.000       5.560       0.000    
     820  0.8715E-02  0.1063E-04 NODE           7   0.0%   0.000      0.2224E+05   0.000       0.000       0.000       5.560       0.000    
     830  0.8822E-02  0.1063E-04 NODE           7   0.0%   0.000      0.2224E+05   0.000       0.000       0.000       5.560       0.000    
     840  0.8928E-02  0.1063E-04 NODE           7   0.0%   0.000      0.2224E+05   0.000       0.000       0.000       5.560       0.000    
     850  0.9034E-02  0.1063E-04 NODE           7   0.0%   0.000      0.2224E+05   0.000       0.000       0.000       5.560       0.000    
     860  0.9140E-02  0.1063E-04 NODE           7   0.0%   0.000      0.2224E+05   0.000       0.000       0.000       5.560       0.000    
     870  0.9247E-02  0.1063E-04 NODE           7   0.0%   0.000      0.2224E+05   0.000       0.000       0.000       5.560       0.000    
     880  0.9353E-02  0.1063E-04 NODE           7   0.0%   0.000      0.2224E+05   0.000       0.000       0.000       5.560       0.000    
     890  0.9459E-02  0.1063E-04 NODE           7   0.0%   0.000      0.2224E+05   0.000       0.000       0.000       5.560       0.000    
     900  0.9566E-02  0.1063E-04 NODE           7   0.0%   0.000      0.2224E+05   0.000       0.000       0.000       5.560       0.000    
     910  0.9672E-02  0.1063E-04 NODE           7   0.0%   0.000      0.2224E+05   0.000       0.000       0.000       5.560       0.000    
     920  0.9778E-02  0.1063E-04 NODE           7   0.0%   0.000      0.2224E+05   0.000       0.000       0.000       5.560       0.000    
     930  0.9884E-02  0.1063E-04 NODE           7   0.0%   0.000      0.2224E+05   0.000       0.000       0.000       5.560       0.000    
     940  0.9991E-02  0.1063E-04 NODE           7   0.0%   0.000      0.2224E+05   0.000       0.000       0.000       5.560       0.000    
     ANIMATION FILE: A14_AREA_N8_HALF_R0A006 WRITTEN
     950  0.1010E-01  0.1063E-04 NODE           7   0.0%   0.000      0.2224E+05   0.000       0.000       0.000       5.560       0.000    
     960  0.1020E-01  0.1063E-04 NODE           7   0.0%   0.000      0.2224E+05   0.000       0.000       0.000       5.560       0.000    
     970  0.1031E-01  0.1063E-04 NODE           7   0.0%   0.000      0.2224E+05   0.000       0.000       0.000       5.560       0.000    
     980  0.1042E-01  0.1063E-04 NODE           7   0.0%   0.000      0.2224E+05   0.000       0.000       0.000       5.560       0.000    
     990  0.1052E-01  0.1063E-04 NODE           7   0.0%   0.000      0.2224E+05   0.000       0.000       0.000       5.560       0.000    
   CYCLE    TIME      TIME-STEP  ELEMENT          ERROR  I-ENERGY    K-ENERGY T  K-ENERGY R  EXT-WORK     MAS.ERR     TOTAL MASS  MASS ADDED
    1000  0.1063E-01  0.1063E-04 NODE           7   0.0%   0.000      0.2224E+05   0.000       0.000       0.000       5.560       0.000    
    1010  0.1073E-01  0.1063E-04 NODE           7   0.0%   0.000      0.2224E+05   0.000       0.000       0.000       5.560       0.000    
    1020  0.1084E-01  0.1063E-04 NODE           7   0.0%   0.000      0.2224E+05   0.000       0.000       0.000       5.560       0.000    
    1030  0.1095E-01  0.1063E-04 NODE           7   0.0%   0.000      0.2224E+05   0.000       0.000       0.000       5.560       0.000    
    1040  0.1105E-01  0.1063E-04 NODE           7   0.0%   0.000      0.2224E+05   0.000       0.000       0.000       5.560       0.000    
    1050  0.1116E-01  0.1063E-04 NODE           7   0.0%   0.000      0.2224E+05   0.000       0.000       0.000       5.560       0.000    
    1060  0.1127E-01  0.1063E-04 NODE           7   0.0%   0.000      0.2224E+05   0.000       0.000       0.000       5.560       0.000    
    1070  0.1137E-01  0.1063E-04 NODE           7   0.0%   0.000      0.2224E+05   0.000       0.000       0.000       5.560       0.000    
    1080  0.1148E-01  0.1063E-04 NODE           7   0.0%   0.000      0.2224E+05   0.000       0.000       0.000       5.560       0.000    
    1090  0.1158E-01  0.1063E-04 NODE           7   0.0%   0.000      0.2224E+05   0.000       0.000       0.000       5.560       0.000    
    1100  0.1169E-01  0.1063E-04 NODE           7   0.0%   0.000      0.2224E+05   0.000       0.000       0.000       5.560       0.000    
    1110  0.1180E-01  0.1063E-04 NODE           7   0.0%   0.000      0.2224E+05   0.000       0.000       0.000       5.560       0.000    
    1120  0.1190E-01  0.1063E-04 NODE           7   0.0%   0.000      0.2224E+05   0.000       0.000       0.000       5.560       0.000    
    1130  0.1201E-01  0.1063E-04 NODE           7   0.0%   0.000      0.2224E+05   0.000       0.000       0.000       5.560       0.000    
     ANIMATION FILE: A14_AREA_N8_HALF_R0A007 WRITTEN
    1140  0.1212E-01  0.1063E-04 NODE           7   0.0%   0.000      0.2224E+05   0.000       0.000       0.000       5.560       0.000    
    1150  0.1222E-01  0.1063E-04 NODE           7   0.0%   0.000      0.2224E+05   0.000       0.000       0.000       5.560       0.000    
    1160  0.1233E-01  0.1063E-04 NODE           7   0.0%   0.000      0.2224E+05   0.000       0.000       0.000       5.560       0.000    
    1170  0.1244E-01  0.1063E-04 NODE           7   0.0%   0.000      0.2224E+05   0.000       0.000       0.000       5.560       0.000    
    1180  0.1254E-01  0.1063E-04 NODE           7   0.0%   0.000      0.2224E+05   0.000       0.000       0.000       5.560       0.000    
    1190  0.1265E-01  0.1063E-04 NODE           7   0.0%   0.000      0.2224E+05   0.000       0.000       0.000       5.560       0.000    
    1200  0.1275E-01  0.1063E-04 NODE           7   0.0%   0.000      0.2224E+05   0.000       0.000       0.000       5.560       0.000    
    1210  0.1286E-01  0.1063E-04 NODE           7   0.0%   0.000      0.2224E+05   0.000       0.000       0.000       5.560       0.000    
    1220  0.1297E-01  0.1063E-04 NODE           7   0.0%   0.000      0.2224E+05   0.000       0.000       0.000       5.560       0.000    
    1230  0.1307E-01  0.1063E-04 NODE           7   0.0%   0.000      0.2224E+05   0.000       0.000       0.000       5.560       0.000    
    1240  0.1318E-01  0.1063E-04 NODE           7   0.0%   0.000      0.2224E+05   0.000       0.000       0.000       5.560       0.000    
    1250  0.1329E-01  0.1063E-04 NODE           7   0.0%   0.000      0.2224E+05   0.000       0.000       0.000       5.560       0.000    
    1260  0.1339E-01  0.1063E-04 NODE           7   0.0%   0.000      0.2224E+05   0.000       0.000       0.000       5.560       0.000    
    1270  0.1350E-01  0.1063E-04 NODE           7   0.0%   0.000      0.2224E+05   0.000       0.000       0.000       5.560       0.000    
    1280  0.1360E-01  0.1063E-04 NODE           7   0.0%   0.000      0.2224E+05   0.000       0.000       0.000       5.560       0.000    
    1290  0.1371E-01  0.1063E-04 NODE           7   0.0%   0.000      0.2224E+05   0.000       0.000       0.000       5.560       0.000    
    1300  0.1382E-01  0.1063E-04 NODE           7   0.0%   0.000      0.2224E+05   0.000       0.000       0.000       5.560       0.000    
    1310  0.1392E-01  0.1063E-04 NODE           7   0.0%   0.000      0.2224E+05   0.000       0.000       0.000       5.560       0.000    
     ANIMATION FILE: A14_AREA_N8_HALF_R0A008 WRITTEN
    1320  0.1403E-01  0.1063E-04 NODE           7   0.0%   0.000      0.2224E+05   0.000       0.000       0.000       5.560       0.000    
    1330  0.1414E-01  0.1063E-04 NODE           7   0.0%   0.000      0.2224E+05   0.000       0.000       0.000       5.560       0.000    
    1340  0.1424E-01  0.1063E-04 NODE           7   0.0%   0.000      0.2224E+05   0.000       0.000       0.000       5.560       0.000    
    1350  0.1435E-01  0.1063E-04 NODE           7   0.0%   0.000      0.2224E+05   0.000       0.000       0.000       5.560       0.000    
    1360  0.1445E-01  0.1063E-04 NODE           7   0.0%   0.000      0.2224E+05   0.000       0.000       0.000       5.560       0.000    
    1370  0.1456E-01  0.1063E-04 NODE           7   0.0%   0.000      0.2224E+05   0.000       0.000       0.000       5.560       0.000    
    1380  0.1467E-01  0.1063E-04 NODE           7   0.0%   0.000      0.2224E+05   0.000       0.000       0.000       5.560       0.000    
    1390  0.1477E-01  0.1063E-04 NODE           7   0.0%   0.000      0.2224E+05   0.000       0.000       0.000       5.560       0.000    
    1400  0.1488E-01  0.1063E-04 NODE           7   0.0%   0.000      0.2224E+05   0.000       0.000       0.000       5.560       0.000    
    1410  0.1499E-01  0.1063E-04 NODE           7   0.0%   0.000      0.2224E+05   0.000       0.000       0.000       5.560       0.000    
    1420  0.1509E-01  0.1063E-04 NODE          10   0.0%   0.000      0.2224E+05   0.000       0.000       0.000       5.560       0.000    
    1430  0.1520E-01  0.1063E-04 NODE           7   0.0%   0.000      0.2224E+05   0.000       0.000       0.000       5.560       0.000    
    1440  0.1530E-01  0.1063E-04 NODE           7   0.0%   0.000      0.2224E+05   0.000       0.000       0.000       5.560       0.000    
    1450  0.1541E-01  0.1063E-04 NODE           7   0.0%   0.000      0.2224E+05   0.000       0.000       0.000       5.560       0.000    
    1460  0.1552E-01  0.1063E-04 NODE           7   0.0%   0.000      0.2224E+05   0.000       0.000       0.000       5.560       0.000    
    1470  0.1562E-01  0.1063E-04 NODE           7   0.0%   0.000      0.2224E+05   0.000       0.000       0.000       5.560       0.000    
    1480  0.1573E-01  0.1063E-04 NODE           7   0.0%   0.000      0.2224E+05   0.000       0.000       0.000       5.560       0.000    
    1490  0.1584E-01  0.1063E-04 NODE           7   0.0%   0.000      0.2224E+05   0.000       0.000       0.000       5.560       0.000    
    1500  0.1594E-01  0.1063E-04 NODE           7   0.0%   0.000      0.2224E+05   0.000       0.000       0.000       5.560       0.000    
     ANIMATION FILE: A14_AREA_N8_HALF_R0A009 WRITTEN
    1510  0.1605E-01  0.1063E-04 NODE           7   0.0%   0.000      0.2224E+05   0.000       0.000       0.000       5.560       0.000    
    1520  0.1616E-01  0.1063E-04 NODE           7   0.0%   0.000      0.2224E+05   0.000       0.000       0.000       5.560       0.000    
    1530  0.1626E-01  0.1063E-04 NODE           7   0.0%   0.000      0.2224E+05   0.000       0.000       0.000       5.560       0.000    
    1540  0.1637E-01  0.1063E-04 NODE           7   0.0%   0.000      0.2224E+05   0.000       0.000       0.000       5.560       0.000    
    1550  0.1647E-01  0.1063E-04 NODE           7   0.0%   0.000      0.2224E+05   0.000       0.000       0.000       5.560       0.000    
    1560  0.1658E-01  0.1063E-04 NODE           7   0.0%   0.000      0.2224E+05   0.000       0.000       0.000       5.560       0.000    
    1570  0.1669E-01  0.1063E-04 NODE           7   0.0%   0.000      0.2224E+05   0.000       0.000       0.000       5.560       0.000    
    1580  0.1679E-01  0.1063E-04 NODE           7   0.0%   0.000      0.2224E+05   0.000       0.000       0.000       5.560       0.000    
    1590  0.1690E-01  0.1063E-04 NODE           7   0.0%   0.000      0.2224E+05   0.000       0.000       0.000       5.560       0.000    
    1600  0.1701E-01  0.1063E-04 NODE           7   0.0%   0.000      0.2224E+05   0.000       0.000       0.000       5.560       0.000    
    1610  0.1711E-01  0.1063E-04 NODE           7   0.0%   0.000      0.2224E+05   0.000       0.000       0.000       5.560       0.000    
    1620  0.1722E-01  0.1063E-04 NODE           7   0.0%   0.000      0.2224E+05   0.000       0.000       0.000       5.560       0.000    
    1630  0.1732E-01  0.1063E-04 NODE           7   0.0%   0.000      0.2224E+05   0.000       0.000       0.000       5.560       0.000    
    1640  0.1743E-01  0.1063E-04 NODE           7   0.0%   0.000      0.2224E+05   0.000       0.000       0.000       5.560       0.000    
    1650  0.1754E-01  0.1063E-04 NODE           7   0.0%   0.000      0.2224E+05   0.000       0.000       0.000       5.560       0.000    
    1660  0.1764E-01  0.1063E-04 NODE           7   0.0%   0.000      0.2224E+05   0.000       0.000       0.000       5.560       0.000    
    1670  0.1775E-01  0.1063E-04 NODE           7   0.0%   0.000      0.2224E+05   0.000       0.000       0.000       5.560       0.000    
    1680  0.1786E-01  0.1063E-04 NODE           7   0.0%   0.000      0.2224E+05   0.000       0.000       0.000       5.560       0.000    
    1690  0.1796E-01  0.1063E-04 NODE           7   0.0%   0.000      0.2224E+05   0.000       0.000       0.000       5.560       0.000    
     ANIMATION FILE: A14_AREA_N8_HALF_R0A010 WRITTEN
    1700  0.1807E-01  0.1063E-04 NODE           7   0.0%   0.000      0.2224E+05   0.000       0.000       0.000       5.560       0.000    
    1710  0.1817E-01  0.1063E-04 NODE           7   0.0%   0.000      0.2224E+05   0.000       0.000       0.000       5.560       0.000    
    1720  0.1828E-01  0.1063E-04 NODE           7   0.0%   0.000      0.2224E+05   0.000       0.000       0.000       5.560       0.000    
    1730  0.1839E-01  0.1063E-04 NODE           7   0.0%   0.000      0.2224E+05   0.000       0.000       0.000       5.560       0.000    
    1740  0.1849E-01  0.1063E-04 NODE           7   0.0%   0.000      0.2224E+05   0.000       0.000       0.000       5.560       0.000    
    1750  0.1860E-01  0.1063E-04 NODE           7   0.0%   0.000      0.2224E+05   0.000       0.000       0.000       5.560       0.000    
    1760  0.1871E-01  0.1063E-04 NODE           7   0.0%   0.000      0.2224E+05   0.000       0.000       0.000       5.560       0.000    
    1770  0.1881E-01  0.1063E-04 NODE           7   0.0%   0.000      0.2224E+05   0.000       0.000       0.000       5.560       0.000    
    1780  0.1892E-01  0.1063E-04 NODE           7   0.0%   0.000      0.2224E+05   0.000       0.000       0.000       5.560       0.000    
    1790  0.1902E-01  0.1063E-04 NODE           7   0.0%   0.000      0.2224E+05   0.000       0.000       0.000       5.560       0.000    
    1800  0.1913E-01  0.1063E-04 NODE           7   0.0%   0.000      0.2224E+05   0.000       0.000       0.000       5.560       0.000    
    1810  0.1924E-01  0.1063E-04 NODE           7   0.0%   0.000      0.2224E+05   0.000       0.000       0.000       5.560       0.000    
    1820  0.1934E-01  0.1063E-04 NODE           7   0.0%   0.000      0.2224E+05   0.000       0.000       0.000       5.560       0.000    
    1830  0.1945E-01  0.1063E-04 NODE           7   0.0%   0.000      0.2224E+05   0.000       0.000       0.000       5.560       0.000    
    1840  0.1956E-01  0.1063E-04 NODE           7   0.0%   0.000      0.2224E+05   0.000       0.000       0.000       5.560       0.000    
    1850  0.1966E-01  0.1063E-04 NODE           7   0.0%   0.000      0.2224E+05   0.000       0.000       0.000       5.560       0.000    
    1860  0.1977E-01  0.1063E-04 NODE           7   0.0%   0.000      0.2224E+05   0.000       0.000       0.000       5.560       0.000    
    1870  0.1988E-01  0.1063E-04 NODE           7   0.0%   0.000      0.2224E+05   0.000       0.000       0.000       5.560       0.000    
    1880  0.1998E-01  0.1063E-04 NODE           7   0.0%   0.000      0.2224E+05   0.000       0.000       0.000       5.560       0.000    
     ANIMATION FILE: A14_AREA_N8_HALF_R0A011 WRITTEN
    1890  0.2009E-01  0.1051E-04 NODE           7  -0.1%   0.000      0.2222E+05   0.000       0.000       0.000       5.560       0.000    
    1900  0.2019E-01  0.1051E-04 NODE           7  -0.5%   0.000      0.2214E+05   0.000       0.000       0.000       5.560       0.000    
    1910  0.2030E-01  0.1051E-04 NODE           7  -1.1%   0.000      0.2200E+05   0.000       0.000       0.000       5.560       0.000    
    1920  0.2040E-01  0.1051E-04 NODE           7  -2.0%   0.000      0.2180E+05   0.000       0.000       0.000       5.560       0.000    
    1930  0.2051E-01  0.1051E-04 NODE           7  -3.2%   0.000      0.2153E+05   0.000       0.000       0.000       5.560       0.000    
    1940  0.2061E-01  0.1051E-04 NODE           7  -4.6%   0.000      0.2122E+05   0.000       0.000       0.000       5.560       0.000    
    1950  0.2072E-01  0.1051E-04 NODE           7  -6.3%   0.000      0.2084E+05   0.000       0.000       0.000       5.560       0.000    
    1960  0.2082E-01  0.1051E-04 NODE           7  -8.2%   0.000      0.2041E+05   0.000       0.000       0.000       5.560       0.000    
    1970  0.2093E-01  0.1051E-04 NODE           7 -10.4%   0.000      0.1993E+05   0.000       0.000       0.000       5.560       0.000    
    1980  0.2103E-01  0.1051E-04 NODE           7 -12.8%   0.000      0.1940E+05   0.000       0.000       0.000       5.560       0.000    
    1990  0.2114E-01  0.1051E-04 NODE           7 -15.4%   0.000      0.1882E+05   0.000       0.000       0.000       5.560       0.000    
   CYCLE    TIME      TIME-STEP  ELEMENT          ERROR  I-ENERGY    K-ENERGY T  K-ENERGY R  EXT-WORK     MAS.ERR     TOTAL MASS  MASS ADDED
    2000  0.2124E-01  0.1051E-04 NODE           7 -18.1%   0.000      0.1820E+05   0.000       0.000       0.000       5.560       0.000    
    2010  0.2135E-01  0.1051E-04 NODE           7 -21.1%   0.000      0.1755E+05   0.000       0.000       0.000       5.560       0.000    
    2020  0.2145E-01  0.1051E-04 NODE          10 -24.2%   0.000      0.1685E+05   0.000       0.000       0.000       5.560       0.000    
    2030  0.2156E-01  0.1051E-04 NODE           7 -27.5%   0.000      0.1613E+05   0.000       0.000       0.000       5.560       0.000    
    2040  0.2166E-01  0.1051E-04 NODE          10 -30.9%   0.000      0.1537E+05   0.000       0.000       0.000       5.560       0.000    
    2050  0.2177E-01  0.1051E-04 NODE           7 -34.4%   0.000      0.1459E+05   0.000       0.000       0.000       5.560       0.000    
    2060  0.2187E-01  0.1051E-04 NODE           7 -38.0%   0.000      0.1380E+05   0.000       0.000       0.000       5.560       0.000    
    2070  0.2198E-01  0.1051E-04 NODE           7 -41.6%   0.000      0.1299E+05   0.000       0.000       0.000       5.560       0.000    
     ANIMATION FILE: A14_AREA_N8_HALF_R0A012 WRITTEN
    2080  0.2208E-01  0.1051E-04 NODE           7 -45.3%   0.000      0.1216E+05   0.000       0.000       0.000       5.560       0.000    
    2090  0.2219E-01  0.1051E-04 NODE           7 -49.0%   0.000      0.1134E+05   0.000       0.000       0.000       5.560       0.000    
    2100  0.2229E-01  0.1051E-04 NODE           7 -52.8%   0.000      0.1051E+05   0.000       0.000       0.000       5.560       0.000    
    2110  0.2240E-01  0.1051E-04 NODE           7 -56.5%   0.000       9682.       0.000       0.000       0.000       5.560       0.000    
    2120  0.2250E-01  0.1051E-04 NODE           7 -60.1%   0.000       8864.       0.000       0.000       0.000       5.560       0.000    
    2130  0.2261E-01  0.1051E-04 NODE           7 -63.8%   0.000       8059.       0.000       0.000       0.000       5.560       0.000    
    2140  0.2271E-01  0.1051E-04 NODE           7 -67.3%   0.000       7271.       0.000       0.000       0.000       5.560       0.000    
    2150  0.2282E-01  0.1051E-04 NODE           7 -70.8%   0.000       6504.       0.000       0.000       0.000       5.560       0.000    
    2160  0.2292E-01  0.1051E-04 NODE           7 -74.1%   0.000       5763.       0.000       0.000       0.000       5.560       0.000    
    2170  0.2303E-01  0.1051E-04 NODE           7 -77.3%   0.000       5052.       0.000       0.000       0.000       5.560       0.000    
    2180  0.2313E-01  0.1051E-04 NODE           7 -80.3%   0.000       4375.       0.000       0.000       0.000       5.560       0.000    
    2190  0.2324E-01  0.1051E-04 NODE           7 -83.2%   0.000       3735.       0.000       0.000       0.000       5.560       0.000    
    2200  0.2334E-01  0.1051E-04 NODE           7 -85.9%   0.000       3136.       0.000       0.000       0.000       5.560       0.000    
    2210  0.2345E-01  0.1051E-04 NODE           7 -88.4%   0.000       2581.       0.000       0.000       0.000       5.560       0.000    
    2220  0.2355E-01  0.1051E-04 NODE           7 -90.7%   0.000       2074.       0.000       0.000       0.000       5.560       0.000    
    2230  0.2366E-01  0.1051E-04 NODE           7 -92.7%   0.000       1617.       0.000       0.000       0.000       5.560       0.000    
    2240  0.2377E-01  0.1051E-04 NODE           7 -94.5%   0.000       1214.       0.000       0.000       0.000       5.560       0.000    
    2250  0.2387E-01  0.1051E-04 NODE           7 -96.1%   0.000       864.7       0.000       0.000       0.000       5.560       0.000    
    2260  0.2398E-01  0.1051E-04 NODE           7 -97.4%   0.000       572.9       0.000       0.000       0.000       5.560       0.000    
     ANIMATION FILE: A14_AREA_N8_HALF_R0A013 WRITTEN
    2270  0.2408E-01  0.1051E-04 NODE           7 -98.5%   0.000       339.7       0.000       0.000       0.000       5.560       0.000    
    2280  0.2419E-01  0.1051E-04 NODE           7 -99.3%   0.000       166.4       0.000       0.000       0.000       5.560       0.000    
    2290  0.2429E-01  0.1051E-04 NODE          10 -99.8%   0.000       54.06       0.000       0.000       0.000       5.560       0.000    
    2300  0.2440E-01  0.1051E-04 NODE           7 -99.9%   0.000       3.219       0.000       0.000       0.000       5.560       0.000    
    2310  0.2450E-01  0.1051E-04 NODE           7 -99.9%   0.000       14.19       0.000       0.000       0.000       5.560       0.000    
    2320  0.2461E-01  0.1051E-04 NODE           7 -99.6%   0.000       86.90       0.000       0.000       0.000       5.560       0.000    
    2330  0.2471E-01  0.1051E-04 NODE           7 -99.0%   0.000       221.0       0.000       0.000       0.000       5.560       0.000    
    2340  0.2482E-01  0.1051E-04 NODE           7 -98.1%   0.000       415.6       0.000       0.000       0.000       5.560       0.000    
    2350  0.2492E-01  0.1051E-04 NODE           7 -97.0%   0.000       669.8       0.000       0.000       0.000       5.560       0.000    
    2360  0.2503E-01  0.1051E-04 NODE           7 -95.6%   0.000       982.0       0.000       0.000       0.000       5.560       0.000    
    2370  0.2513E-01  0.1051E-04 NODE           7 -93.9%   0.000       1351.       0.000       0.000       0.000       5.560       0.000    
    2380  0.2524E-01  0.1051E-04 NODE           7 -92.0%   0.000       1774.       0.000       0.000       0.000       5.560       0.000    
    2390  0.2534E-01  0.1051E-04 NODE           7 -89.9%   0.000       2248.       0.000       0.000       0.000       5.560       0.000    
    2400  0.2545E-01  0.1051E-04 NODE           7 -87.5%   0.000       2773.       0.000       0.000       0.000       5.560       0.000    
    2410  0.2555E-01  0.1051E-04 NODE           7 -85.0%   0.000       3343.       0.000       0.000       0.000       5.560       0.000    
    2420  0.2566E-01  0.1051E-04 NODE           7 -82.2%   0.000       3957.       0.000       0.000       0.000       5.560       0.000    
    2430  0.2576E-01  0.1051E-04 NODE           7 -79.3%   0.000       4611.       0.000       0.000       0.000       5.560       0.000    
    2440  0.2587E-01  0.1051E-04 NODE           7 -76.2%   0.000       5301.       0.000       0.000       0.000       5.560       0.000    
    2450  0.2597E-01  0.1051E-04 NODE           7 -72.9%   0.000       6023.       0.000       0.000       0.000       5.560       0.000    
     ANIMATION FILE: A14_AREA_N8_HALF_R0A014 WRITTEN
    2460  0.2608E-01  0.1051E-04 NODE           7 -69.5%   0.000       6774.       0.000       0.000       0.000       5.560       0.000    
    2470  0.2618E-01  0.1051E-04 NODE           7 -66.1%   0.000       7548.       0.000       0.000       0.000       5.560       0.000    
    2480  0.2629E-01  0.1051E-04 NODE           7 -62.5%   0.000       8343.       0.000       0.000       0.000       5.560       0.000    
    2490  0.2639E-01  0.1051E-04 NODE           7 -58.8%   0.000       9153.       0.000       0.000       0.000       5.560       0.000    
    2500  0.2650E-01  0.1051E-04 NODE           7 -55.2%   0.000       9974.       0.000       0.000       0.000       5.560       0.000    
    2510  0.2660E-01  0.1051E-04 NODE           7 -51.4%   0.000      0.1080E+05   0.000       0.000       0.000       5.560       0.000    
    2520  0.2671E-01  0.1051E-04 NODE           7 -47.7%   0.000      0.1163E+05   0.000       0.000       0.000       5.560       0.000    
    2530  0.2681E-01  0.1051E-04 NODE           7 -44.0%   0.000      0.1246E+05   0.000       0.000       0.000       5.560       0.000    
    2540  0.2692E-01  0.1051E-04 NODE           7 -40.3%   0.000      0.1328E+05   0.000       0.000       0.000       5.560       0.000    
    2550  0.2702E-01  0.1051E-04 NODE           7 -36.7%   0.000      0.1408E+05   0.000       0.000       0.000       5.560       0.000    
    2560  0.2713E-01  0.1051E-04 NODE           7 -33.1%   0.000      0.1487E+05   0.000       0.000       0.000       5.560       0.000    
    2570  0.2723E-01  0.1051E-04 NODE           7 -29.7%   0.000      0.1564E+05   0.000       0.000       0.000       5.560       0.000    
    2580  0.2734E-01  0.1051E-04 NODE           7 -26.3%   0.000      0.1639E+05   0.000       0.000       0.000       5.560       0.000    
    2590  0.2744E-01  0.1051E-04 NODE           7 -23.1%   0.000      0.1710E+05   0.000       0.000       0.000       5.560       0.000    
    2600  0.2755E-01  0.1051E-04 NODE           7 -20.0%   0.000      0.1778E+05   0.000       0.000       0.000       5.560       0.000    
    2610  0.2765E-01  0.1051E-04 NODE           7 -17.1%   0.000      0.1843E+05   0.000       0.000       0.000       5.560       0.000    
    2620  0.2776E-01  0.1051E-04 NODE           7 -14.4%   0.000      0.1903E+05   0.000       0.000       0.000       5.560       0.000    
    2630  0.2786E-01  0.1051E-04 NODE           7 -11.9%   0.000      0.1959E+05   0.000       0.000       0.000       5.560       0.000    
    2640  0.2797E-01  0.1051E-04 NODE           7  -9.6%   0.000      0.2011E+05   0.000       0.000       0.000       5.560       0.000    
     ANIMATION FILE: A14_AREA_N8_HALF_R0A015 WRITTEN
    2650  0.2807E-01  0.1051E-04 NODE           7  -7.5%   0.000      0.2057E+05   0.000       0.000       0.000       5.560       0.000    
    2660  0.2818E-01  0.1051E-04 NODE           7  -5.7%   0.000      0.2098E+05   0.000       0.000       0.000       5.560       0.000    
    2670  0.2828E-01  0.1051E-04 NODE           7  -4.1%   0.000      0.2134E+05   0.000       0.000       0.000       5.560       0.000    
    2680  0.2839E-01  0.1051E-04 NODE           7  -2.7%   0.000      0.2163E+05   0.000       0.000       0.000       5.560       0.000    
    2690  0.2849E-01  0.1051E-04 NODE           7  -1.6%   0.000      0.2187E+05   0.000       0.000       0.000       5.560       0.000    
    2700  0.2860E-01  0.1051E-04 NODE           7  -0.8%   0.000      0.2206E+05   0.000       0.000       0.000       5.560       0.000    
    2710  0.2870E-01  0.1051E-04 NODE           7  -0.3%   0.000      0.2218E+05   0.000       0.000       0.000       5.560       0.000    
    2720  0.2881E-01  0.1051E-04 NODE           7  -0.0%   0.000      0.2223E+05   0.000       0.000       0.000       5.560       0.000    
    2730  0.2892E-01  0.1063E-04 NODE           7   0.0%   0.000      0.2224E+05   0.000       0.000       0.000       5.560       0.000    
    2740  0.2902E-01  0.1063E-04 NODE           7   0.0%   0.000      0.2224E+05   0.000       0.000       0.000       5.560       0.000    
    2750  0.2913E-01  0.1063E-04 NODE           7   0.0%   0.000      0.2224E+05   0.000       0.000       0.000       5.560       0.000    
    2760  0.2923E-01  0.1063E-04 NODE           7   0.0%   0.000      0.2224E+05   0.000       0.000       0.000       5.560       0.000    
    2770  0.2934E-01  0.1063E-04 NODE           7   0.0%   0.000      0.2224E+05   0.000       0.000       0.000       5.560       0.000    
    2780  0.2945E-01  0.1063E-04 NODE           7   0.0%   0.000      0.2224E+05   0.000       0.000       0.000       5.560       0.000    
    2790  0.2955E-01  0.1063E-04 NODE           7   0.0%   0.000      0.2224E+05   0.000       0.000       0.000       5.560       0.000    
    2800  0.2966E-01  0.1063E-04 NODE           7   0.0%   0.000      0.2224E+05   0.000       0.000       0.000       5.560       0.000    
    2810  0.2977E-01  0.1063E-04 NODE           7   0.0%   0.000      0.2224E+05   0.000       0.000       0.000       5.560       0.000    
    2820  0.2987E-01  0.1063E-04 NODE           7   0.0%   0.000      0.2224E+05   0.000       0.000       0.000       5.560       0.000    
    2830  0.2998E-01  0.1063E-04 NODE           7   0.0%   0.000      0.2224E+05   0.000       0.000       0.000       5.560       0.000    
     ANIMATION FILE: A14_AREA_N8_HALF_R0A016 WRITTEN
    2840  0.3008E-01  0.1063E-04 NODE           7   0.0%   0.000      0.2224E+05   0.000       0.000       0.000       5.560       0.000    
    2850  0.3019E-01  0.1063E-04 NODE           7   0.0%   0.000      0.2224E+05   0.000       0.000       0.000       5.560       0.000    
    2860  0.3030E-01  0.1063E-04 NODE           7   0.0%   0.000      0.2224E+05   0.000       0.000       0.000       5.560       0.000    
    2870  0.3040E-01  0.1063E-04 NODE           7   0.0%   0.000      0.2224E+05   0.000       0.000       0.000       5.560       0.000    
    2880  0.3051E-01  0.1063E-04 NODE           7   0.0%   0.000      0.2224E+05   0.000       0.000       0.000       5.560       0.000    
    2890  0.3062E-01  0.1063E-04 NODE           7   0.0%   0.000      0.2224E+05   0.000       0.000       0.000       5.560       0.000    
    2900  0.3072E-01  0.1063E-04 NODE           7   0.0%   0.000      0.2224E+05   0.000       0.000       0.000       5.560       0.000    
    2910  0.3083E-01  0.1063E-04 NODE           7   0.0%   0.000      0.2224E+05   0.000       0.000       0.000       5.560       0.000    
    2920  0.3093E-01  0.1063E-04 NODE           7   0.0%   0.000      0.2224E+05   0.000       0.000       0.000       5.560       0.000    
    2930  0.3104E-01  0.1063E-04 NODE           7   0.0%   0.000      0.2224E+05   0.000       0.000       0.000       5.560       0.000    
    2940  0.3115E-01  0.1063E-04 NODE          10   0.0%   0.000      0.2224E+05   0.000       0.000       0.000       5.560       0.000    
    2950  0.3125E-01  0.1063E-04 NODE           7   0.0%   0.000      0.2224E+05   0.000       0.000       0.000       5.560       0.000    
    2960  0.3136E-01  0.1063E-04 NODE           7   0.0%   0.000      0.2224E+05   0.000       0.000       0.000       5.560       0.000    
    2970  0.3147E-01  0.1063E-04 NODE           7   0.0%   0.000      0.2224E+05   0.000       0.000       0.000       5.560       0.000    
    2980  0.3157E-01  0.1063E-04 NODE           7   0.0%   0.000      0.2224E+05   0.000       0.000       0.000       5.560       0.000    
    2990  0.3168E-01  0.1063E-04 NODE           7   0.0%   0.000      0.2224E+05   0.000       0.000       0.000       5.560       0.000    
   CYCLE    TIME      TIME-STEP  ELEMENT          ERROR  I-ENERGY    K-ENERGY T  K-ENERGY R  EXT-WORK     MAS.ERR     TOTAL MASS  MASS ADDED
    3000  0.3178E-01  0.1063E-04 NODE           7   0.0%   0.000      0.2224E+05   0.000       0.000       0.000       5.560       0.000    
    3010  0.3189E-01  0.1063E-04 NODE           7   0.0%   0.000      0.2224E+05   0.000       0.000       0.000       5.560       0.000    
    3020  0.3200E-01  0.1063E-04 NODE           7   0.0%   0.000      0.2224E+05   0.000       0.000       0.000       5.560       0.000    
     ANIMATION FILE: A14_AREA_N8_HALF_R0A017 WRITTEN
    3030  0.3210E-01  0.1063E-04 NODE           7   0.0%   0.000      0.2224E+05   0.000       0.000       0.000       5.560       0.000    
    3040  0.3221E-01  0.1063E-04 NODE           7   0.0%   0.000      0.2224E+05   0.000       0.000       0.000       5.560       0.000    
    3050  0.3232E-01  0.1063E-04 NODE           7   0.0%   0.000      0.2224E+05   0.000       0.000       0.000       5.560       0.000    
    3060  0.3242E-01  0.1063E-04 NODE           7   0.0%   0.000      0.2224E+05   0.000       0.000       0.000       5.560       0.000    
    3070  0.3253E-01  0.1063E-04 NODE           7   0.0%   0.000      0.2224E+05   0.000       0.000       0.000       5.560       0.000    
    3080  0.3264E-01  0.1063E-04 NODE           7   0.0%   0.000      0.2224E+05   0.000       0.000       0.000       5.560       0.000    
    3090  0.3274E-01  0.1063E-04 NODE           7   0.0%   0.000      0.2224E+05   0.000       0.000       0.000       5.560       0.000    
    3100  0.3285E-01  0.1063E-04 NODE           7   0.0%   0.000      0.2224E+05   0.000       0.000       0.000       5.560       0.000    
    3110  0.3295E-01  0.1063E-04 NODE           7   0.0%   0.000      0.2224E+05   0.000       0.000       0.000       5.560       0.000    
    3120  0.3306E-01  0.1063E-04 NODE           7   0.0%   0.000      0.2224E+05   0.000       0.000       0.000       5.560       0.000    
    3130  0.3317E-01  0.1063E-04 NODE           7   0.0%   0.000      0.2224E+05   0.000       0.000       0.000       5.560       0.000    
    3140  0.3327E-01  0.1063E-04 NODE           7   0.0%   0.000      0.2224E+05   0.000       0.000       0.000       5.560       0.000    
    3150  0.3338E-01  0.1063E-04 NODE           7   0.0%   0.000      0.2224E+05   0.000       0.000       0.000       5.560       0.000    
    3160  0.3349E-01  0.1063E-04 NODE           7   0.0%   0.000      0.2224E+05   0.000       0.000       0.000       5.560       0.000    
    3170  0.3359E-01  0.1063E-04 NODE           7   0.0%   0.000      0.2224E+05   0.000       0.000       0.000       5.560       0.000    
    3180  0.3370E-01  0.1063E-04 NODE           7   0.0%   0.000      0.2224E+05   0.000       0.000       0.000       5.560       0.000    
    3190  0.3380E-01  0.1063E-04 NODE           7   0.0%   0.000      0.2224E+05   0.000       0.000       0.000       5.560       0.000    
    3200  0.3391E-01  0.1063E-04 NODE           7   0.0%   0.000      0.2224E+05   0.000       0.000       0.000       5.560       0.000    
     ANIMATION FILE: A14_AREA_N8_HALF_R0A018 WRITTEN
    3210  0.3402E-01  0.1063E-04 NODE           7   0.0%   0.000      0.2224E+05   0.000       0.000       0.000       5.560       0.000    
    3220  0.3412E-01  0.1063E-04 NODE           7   0.0%   0.000      0.2224E+05   0.000       0.000       0.000       5.560       0.000    
    3230  0.3423E-01  0.1063E-04 NODE           7   0.0%   0.000      0.2224E+05   0.000       0.000       0.000       5.560       0.000    
    3240  0.3434E-01  0.1063E-04 NODE           7   0.0%   0.000      0.2224E+05   0.000       0.000       0.000       5.560       0.000    
    3250  0.3444E-01  0.1063E-04 NODE           7   0.0%   0.000      0.2224E+05   0.000       0.000       0.000       5.560       0.000    
    3260  0.3455E-01  0.1063E-04 NODE           7   0.0%   0.000      0.2224E+05   0.000       0.000       0.000       5.560       0.000    
    3270  0.3465E-01  0.1063E-04 NODE           7   0.0%   0.000      0.2224E+05   0.000       0.000       0.000       5.560       0.000    
    3280  0.3476E-01  0.1063E-04 NODE           7   0.0%   0.000      0.2224E+05   0.000       0.000       0.000       5.560       0.000    
    3290  0.3487E-01  0.1063E-04 NODE           7   0.0%   0.000      0.2224E+05   0.000       0.000       0.000       5.560       0.000    
    3300  0.3497E-01  0.1063E-04 NODE           7   0.0%   0.000      0.2224E+05   0.000       0.000       0.000       5.560       0.000    
    3310  0.3508E-01  0.1063E-04 NODE           7   0.0%   0.000      0.2224E+05   0.000       0.000       0.000       5.560       0.000    
    3320  0.3519E-01  0.1063E-04 NODE           7   0.0%   0.000      0.2224E+05   0.000       0.000       0.000       5.560       0.000    
    3330  0.3529E-01  0.1063E-04 NODE           7   0.0%   0.000      0.2224E+05   0.000       0.000       0.000       5.560       0.000    
    3340  0.3540E-01  0.1063E-04 NODE           7   0.0%   0.000      0.2224E+05   0.000       0.000       0.000       5.560       0.000    
    3350  0.3550E-01  0.1063E-04 NODE           7   0.0%   0.000      0.2224E+05   0.000       0.000       0.000       5.560       0.000    
    3360  0.3561E-01  0.1063E-04 NODE           7   0.0%   0.000      0.2224E+05   0.000       0.000       0.000       5.560       0.000    
    3370  0.3572E-01  0.1063E-04 NODE           7   0.0%   0.000      0.2224E+05   0.000       0.000       0.000       5.560       0.000    
    3380  0.3582E-01  0.1063E-04 NODE           7   0.0%   0.000      0.2224E+05   0.000       0.000       0.000       5.560       0.000    
    3390  0.3593E-01  0.1063E-04 NODE           7   0.0%   0.000      0.2224E+05   0.000       0.000       0.000       5.560       0.000    
     ANIMATION FILE: A14_AREA_N8_HALF_R0A019 WRITTEN
    3400  0.3604E-01  0.1063E-04 NODE           7   0.0%   0.000      0.2224E+05   0.000       0.000       0.000       5.560       0.000    
    3410  0.3614E-01  0.1063E-04 NODE           7   0.0%   0.000      0.2224E+05   0.000       0.000       0.000       5.560       0.000    
    3420  0.3625E-01  0.1063E-04 NODE           7   0.0%   0.000      0.2224E+05   0.000       0.000       0.000       5.560       0.000    
    3430  0.3636E-01  0.1063E-04 NODE           7   0.0%   0.000      0.2224E+05   0.000       0.000       0.000       5.560       0.000    
    3440  0.3646E-01  0.1063E-04 NODE           7   0.0%   0.000      0.2224E+05   0.000       0.000       0.000       5.560       0.000    
    3450  0.3657E-01  0.1063E-04 NODE           7   0.0%   0.000      0.2224E+05   0.000       0.000       0.000       5.560       0.000    
    3460  0.3667E-01  0.1063E-04 NODE           7   0.0%   0.000      0.2224E+05   0.000       0.000       0.000       5.560       0.000    
    3470  0.3678E-01  0.1063E-04 NODE           7   0.0%   0.000      0.2224E+05   0.000       0.000       0.000       5.560       0.000    
    3480  0.3689E-01  0.1063E-04 NODE           7   0.0%   0.000      0.2224E+05   0.000       0.000       0.000       5.560       0.000    
    3490  0.3699E-01  0.1063E-04 NODE           7   0.0%   0.000      0.2224E+05   0.000       0.000       0.000       5.560       0.000    
    3500  0.3710E-01  0.1063E-04 NODE           7   0.0%   0.000      0.2224E+05   0.000       0.000       0.000       5.560       0.000    
    3510  0.3721E-01  0.1063E-04 NODE           7   0.0%   0.000      0.2224E+05   0.000       0.000       0.000       5.560       0.000    
    3520  0.3731E-01  0.1063E-04 NODE           7   0.0%   0.000      0.2224E+05   0.000       0.000       0.000       5.560       0.000    
    3530  0.3742E-01  0.1063E-04 NODE           7   0.0%   0.000      0.2224E+05   0.000       0.000       0.000       5.560       0.000    
    3540  0.3752E-01  0.1063E-04 NODE           7   0.0%   0.000      0.2224E+05   0.000       0.000       0.000       5.560       0.000    
    3550  0.3763E-01  0.1063E-04 NODE           7   0.0%   0.000      0.2224E+05   0.000       0.000       0.000       5.560       0.000    
    3560  0.3774E-01  0.1063E-04 NODE           7   0.0%   0.000      0.2224E+05   0.000       0.000       0.000       5.560       0.000    
    3570  0.3784E-01  0.1063E-04 NODE           7   0.0%   0.000      0.2224E+05   0.000       0.000       0.000       5.560       0.000    
    3580  0.3795E-01  0.1063E-04 NODE           7   0.0%   0.000      0.2224E+05   0.000       0.000       0.000       5.560       0.000    
     ANIMATION FILE: A14_AREA_N8_HALF_R0A020 WRITTEN
    3590  0.3806E-01  0.1063E-04 NODE           7   0.0%   0.000      0.2224E+05   0.000       0.000       0.000       5.560       0.000    
    3600  0.3816E-01  0.1063E-04 NODE           7   0.0%   0.000      0.2224E+05   0.000       0.000       0.000       5.560       0.000    
    3610  0.3827E-01  0.1063E-04 NODE           7   0.0%   0.000      0.2224E+05   0.000       0.000       0.000       5.560       0.000    
    3620  0.3837E-01  0.1063E-04 NODE           7   0.0%   0.000      0.2224E+05   0.000       0.000       0.000       5.560       0.000    
    3630  0.3848E-01  0.1063E-04 NODE           7   0.0%   0.000      0.2224E+05   0.000       0.000       0.000       5.560       0.000    
    3640  0.3859E-01  0.1063E-04 NODE           7   0.0%   0.000      0.2224E+05   0.000       0.000       0.000       5.560       0.000    
    3650  0.3869E-01  0.1063E-04 NODE           7   0.0%   0.000      0.2224E+05   0.000       0.000       0.000       5.560       0.000    
    3660  0.3880E-01  0.1063E-04 NODE           7   0.0%   0.000      0.2224E+05   0.000       0.000       0.000       5.560       0.000    
    3670  0.3891E-01  0.1063E-04 NODE           7   0.0%   0.000      0.2224E+05   0.000       0.000       0.000       5.560       0.000    
    3680  0.3901E-01  0.1063E-04 NODE           7   0.0%   0.000      0.2224E+05   0.000       0.000       0.000       5.560       0.000    
    3690  0.3912E-01  0.1063E-04 NODE           7   0.0%   0.000      0.2224E+05   0.000       0.000       0.000       5.560       0.000    
    3700  0.3922E-01  0.1063E-04 NODE           7   0.0%   0.000      0.2224E+05   0.000       0.000       0.000       5.560       0.000    
    3710  0.3933E-01  0.1063E-04 NODE           7   0.0%   0.000      0.2224E+05   0.000       0.000       0.000       5.560       0.000    
    3720  0.3944E-01  0.1063E-04 NODE           7   0.0%   0.000      0.2224E+05   0.000       0.000       0.000       5.560       0.000    
    3730  0.3954E-01  0.1063E-04 NODE           7   0.0%   0.000      0.2224E+05   0.000       0.000       0.000       5.560       0.000    
    3740  0.3965E-01  0.1063E-04 NODE           7   0.0%   0.000      0.2224E+05   0.000       0.000       0.000       5.560       0.000    
    3750  0.3976E-01  0.1063E-04 NODE           7   0.0%   0.000      0.2224E+05   0.000       0.000       0.000       5.560       0.000    
    3760  0.3986E-01  0.1063E-04 NODE           7   0.0%   0.000      0.2224E+05   0.000       0.000       0.000       5.560       0.000    
    3770  0.3997E-01  0.1063E-04 NODE           7   0.0%   0.000      0.2224E+05   0.000       0.000       0.000       5.560       0.000    

     RESTART FILES: A14_AREA_N8_HALF_R0_0001_[0001-0001].rst WRITTEN
     -------------

     ANIMATION FILE: A14_AREA_N8_HALF_R0A021 WRITTEN
  
                           ** CPU USER TIME **
  
  
                        ** SUMMARY **
  
 #PROC  CONTSORT  CONTFOR   ELEMENT   KINCOND   INTEG     IO        T0        ASM       RESOL    
   1   .2812E+00 .4219E+00 .1875E+00 .1562E-01 .9375E-01 .8438E+00 .7812E-01 .7812E-01 .2203E+01
  
 
                   ** CUMULATIVE CPU TIME SUMMARY **
  
 CONTACT SORTING.............: .2812E+00    12.77 % 
 CONTACT FORCES..............: .4219E+00    19.15 % 
 .. INCLUDING CONTACT NORMALS: .1875E+00     8.51 % 
 ELEMENT FORCES..............: .1875E+00     8.51 % 
 KINEMATIC COND..............: .1562E-01     0.71 % 
 INTEGRATION.................: .9375E-01     4.26 % 
 ASSEMBLING..................: .7812E-01     3.55 % 
 OTHERS (including I/O)......: .1125E+01    51.06 % 
 TOTAL.......................: .2203E+01   100.00 % 
  
  
                           ** ELAPSED TIME **
  
  
                        ** SUMMARY **
  
 #PROC  CONTSORT  CONTFOR   ELEMENT   KINCOND   INTEG     IO        T0        ASM       RESOL    
   1   .1156E+00 .1659E+00 .9512E-01 .2014E-01 .4026E-01 .4557E+00 .4499E-01 .4565E-01 .1102E+01
  
                   ** MEMORY USAGE STATISTICS **
  
 TOTAL MEMORY USED .........................:       49 MB
 MAXIMUM MEMORY PER PROCESSOR...............:       49 MB
 MINIMUM MEMORY PER PROCESSOR...............:       49 MB
 AVERAGE MEMORY PER PROCESSOR...............:       49 MB
  
                   ** DISK USAGE STATISTICS **
  
 TOTAL DISK SPACE USED .....................:         20 MB
 ANIMATION/H3D/TH/OUTP SIZE ................:         19 MB
 RESTART FILE SIZE .........................:          0 MB
  
                   ** COMPUTE TIME INFORMATION **
                        ** CURRENT ENGINE **
  
 EXECUTION STARTED .........................:      2026/10/08  11:03:08
 EXECUTION COMPLETED .......................:      2026/10/08  11:03:09
  
 ELAPSED TIME     =          1.13 s
                          0:00:01



     NORMAL TERMINATION      



     TOTAL NUMBER OF CYCLES  :    3774

  
                   ** COMPUTE RUNTIME INFORMATION SUMMARY **
  
        STARTER RUNTIME =          0.61s (00:00:00)
 # 001   ENGINE RUNTIME =          1.13s (00:00:01)
 ------------------------------ 
 STARTER+ENGINE RUNTIME =          1.75s (00:00:01)
  
