************************************************************************
**                                                                    **
**                                                                    **
**                         OpenRadioss Engine                         **
**                                                                    **
**            Non-linear Finite Element Analysis Software             **
**                                                                    **
**                                                                    **
**                                                                    **
**                  Windows 64 bits, Intel compiler                   **
**                      Double Precision Version                      **
**                                                                    **
**                                                                    **
**                                                                    **
************************************************************************
** OpenRadioss Software                                               **
** COPYRIGHT (C) 2026 Siemens                                         **
** Licensed under GNU Affero General Public License.                  **
** See License file.                                                  **
************************************************************************
 
 ROOT: A14_AREA_N8_HALF_R0  RESTART: 0001
 NUMBER OF HMPP PROCESSES     2
 08/10/2026
     ANIMATION FILE: A14_AREA_N8_HALF_R0A001 WRITTEN
     ANIMATION FILE: A14_AREA_N8_HALF_R0A002 WRITTEN
     ANIMATION FILE: A14_AREA_N8_HALF_R0A003 WRITTEN
     ANIMATION FILE: A14_AREA_N8_HALF_R0A004 WRITTEN
     ANIMATION FILE: A14_AREA_N8_HALF_R0A005 WRITTEN
     ANIMATION FILE: A14_AREA_N8_HALF_R0A006 WRITTEN
     ANIMATION FILE: A14_AREA_N8_HALF_R0A007 WRITTEN
     ANIMATION FILE: A14_AREA_N8_HALF_R0A008 WRITTEN
     ANIMATION FILE: A14_AREA_N8_HALF_R0A009 WRITTEN
     ANIMATION FILE: A14_AREA_N8_HALF_R0A010 WRITTEN
     ANIMATION FILE: A14_AREA_N8_HALF_R0A011 WRITTEN
     ANIMATION FILE: A14_AREA_N8_HALF_R0A012 WRITTEN
     ANIMATION FILE: A14_AREA_N8_HALF_R0A013 WRITTEN
     ANIMATION FILE: A14_AREA_N8_HALF_R0A014 WRITTEN
     ANIMATION FILE: A14_AREA_N8_HALF_R0A015 WRITTEN
     ANIMATION FILE: A14_AREA_N8_HALF_R0A016 WRITTEN
     ANIMATION FILE: A14_AREA_N8_HALF_R0A017 WRITTEN
     ANIMATION FILE: A14_AREA_N8_HALF_R0A018 WRITTEN
     ANIMATION FILE: A14_AREA_N8_HALF_R0A019 WRITTEN
     ANIMATION FILE: A14_AREA_N8_HALF_R0A020 WRITTEN
     RESTART FILES: A14_AREA_N8_HALF_R0_0001_[0001-0001].rst WRITTEN
     ANIMATION FILE: A14_AREA_N8_HALF_R0A021 WRITTEN
  
                           ** CPU USER TIME **
  
  
                        ** SUMMARY **
  
 #PROC  CONTSORT  CONTFOR   ELEMENT   KINCOND   INTEG     IO        T0        ASM       RESOL    
   1   .2812E+00 .4219E+00 .1875E+00 .1562E-01 .9375E-01 .8438E+00 .7812E-01 .7812E-01 .2203E+01
 
                   ** CUMULATIVE CPU TIME SUMMARY **
  
 CONTACT SORTING.............: .2812E+00    12.77 % 
 CONTACT FORCES..............: .4219E+00    19.15 % 
 ..INCLUDING CONTACT NORMALS: .1875E+00     8.51 % 
 ELEMENT FORCES..............: .1875E+00     8.51 % 
 KINEMATIC COND..............: .1562E-01     0.71 % 
 INTEGRATION.................: .9375E-01     4.26 % 
 ASSEMBLING..................: .7812E-01     3.55 % 
 OTHERS (including I/O)......: .1125E+01    51.06 % 
 TOTAL.......................: .2203E+01   100.00 % 
  
                   ** MEMORY USAGE STATISTICS **
  
 TOTAL MEMORY USED .........................:       49 MB
 MAXIMUM MEMORY PER PROCESSOR...............:       49 MB
 MINIMUM MEMORY PER PROCESSOR...............:       49 MB
 AVERAGE MEMORY PER PROCESSOR...............:       49 MB
  
                   ** DISK USAGE STATISTICS **
  
 TOTAL DISK SPACE USED .....................:         20 MB
 ANIMATION/H3D/TH/OUTP SIZE ................:         19 MB
 RESTART FILE SIZE .........................:          0 MB
  
 ELAPSED TIME     =          1.13 s
                          0:00:01
  
     NORMAL TERMINATION      
     TOTAL NUMBER OF CYCLES  :    3774
