 A26_HA8_FREE_ROTATION_Y_N12_HALF_0000.out
************************************************************************
**                                                                    **
**                                                                    **
**                        OpenRadioss Starter                         **
**                                                                    **
**            Non-linear Finite Element Analysis Software             **
**                                                                    **
**                                                                    **
**                                                                    **
**                  Windows 64 bits, Intel compiler                   **
**                      Double Precision Version                      **
**                                                                    **
**                                                                    **
**                                                                    **
************************************************************************
** OpenRadioss Software                                               **
** COPYRIGHT (C) 2026 Siemens                                         **
** Licensed under GNU Affero General Public License.                  **
** See License file.                                                  **
************************************************************************
 
  
 COMPUTATION HARDWARE DESCRIPTION
  
 HOSTNAME     CPU TYPE, FREQUENCY AND MEMORY
 jeux   AMD Ryzen 5 5600 6-Core Processor               (x86_64), 3700 MHz,   5988 MB RAM,  19241 MB swap
  
 STACKSIZE  . . . . . . . . . . . . . . . . . . . . 1430 MB
 THREAD STACKSIZE . . . . . . . . . . . . . . . . . 400 MB
 
************************************************************************


************************************************************************
* INPUT READING PROCESS
************************************************************************

 -NO SYNTAX ERROR DETECTED DURING INPUT READING PROCESS




************************************************************************



    UNIT SYSTEMS DEFINITION     
    -----------------------     

                                                          MASS                LENGTH              TIME
    WORK UNIT SYSTEM . . . . . . ( g  , mm , ms  ) 1.0000000000000E-03 1.0000000000000E-03 1.0000000000000E-03
    INPUT UNIT SYSTEM  . . . . . ( g  , mm , ms  ) 1.0000000000000E-03 1.0000000000000E-03 1.0000000000000E-03
A26_HA8_FREE_ROTATION_Y_N12_HALF


    CONTROL  PARAMETERS                                                                  
    -------------------                                                                  

    IPRI  : PRINTOUT FLAG . . . . . . . . . . . . . . . .         0
    INVERS: MANUAL VERSION OF THIS INPUT DECK . . . . . .      2026
    NSUBS:   NUMBER OF SUBSETS. . . . . . . . . . . . . .         1
    NPART:   NUMBER OF PARTS. . . . . . . . . . . . . . .         1
    NUMMAT: NUMBER OF MATERIALS . . . . . . . . . . . . .         1
    NUMGEO: NUMBER OF PROPERTY SETS . . . . . . . . . . .         1
    NUMNOD: NUMBER OF NODAL POINTS. . . . . . . . . . . .       338
    NUMSKW: NUMBER OF SKEW REFERENCE FRAMES . . . . . . .         0
    NUMBCS: NUMBER OF BOUNDARY CONDITIONS . . . . . . . .         0
    NUMFRAM: NUMBER OF REFERENCE FRAMES . . . . . . . . .         0
    NUMELQ: NUMBER OF 2D QUAD ELEMENTS. . . . . . . . . .         0
    NUMELT3 : NUMBER OF 2D TRIA ELEMENTS. . . . . . . . .         0
    NUMELS: NUMBER OF 3D SOLID ELEMENTS . . . . . . . . .       144
    NUMELC: NUMBER OF 3D SHELL ELEMENTS (4-NODES) . . . .         0
    NUMELT: NUMBER OF 3D TRUSS ELEMENTS . . . . . . . . .         0
    NUMELP: NUMBER OF 3D BEAM  ELEMENTS . . . . . . . . .         0
    NUMELR: NUMBER OF 3D SPRING ELEMENTS. . . . . . . . .         0
    NUMELTG: NUMBER OF 3D SHELL ELEMENTS (3-NODES). . . .         0
    NUMELX: NUMBER OF MULTIPURPOSE ELEMENTS . . . . . . .         0
    NUMELIG3D: NUMBER OF ISO-GEOMETRIC ELEMENTS . . . . .         0
    NUMSPH : NUMBER OF SMOOTH PARTICLES (SPH CELLS) . . .         0
    NSPHBCS: NUMBER OF SPH SYMMETRY CONDITIONS. . . . . .         0
    NSPHIO : NUMBER OF SPH INLET/OUTLET CONDITIONS. . . .         0

    NFUNCT: NUMBER OF USER'S FUNCTIONS . . . . . . . . .          0
    NGRAV:  NUMBER OF GRAVITY LOADS . . . . . . . . . . .         0
    NFUNC2D:  NUMBER OF USER 2D FUNCTIONS . . . . . . . .         0
    NINIGRV:NUMBER OF INITIAL GRAVITY LOADS . . . . . . .         0
    NCONLD: NUMBER OF CONCENTRATED LOADS. . . . . . . . .         0
    NINVEL: NUMBER OF INITIAL VELOCITIES. . . . . . . . .       338
    NPRELD: NUMBER OF PRESSURE LOADS. . . . . . . . . . .         0
    NINIMAP1D: NUMBER OF INITIAL 1D MAPPING.. . . . . . .         0
    NINIMAP2D: NUMBER OF INITIAL 2D MAPPING.. . . . . . .         0
    NUMBER OF ACCELEROMETERS. . . . . . . . . . . . . . .         0
    NUMBER OF SENSORS . . . . . . . . . . . . . . . . . .         0
    NUMBER OF GAUGES. . . . . . . . . . . . . . . . . . .         0
    NINTER: NUMBER OF INTERFACES. . . . . . . . . . . . .         0
    NRWALL: NUMBER OF RIGID WALLS . . . . . . . . . . . .         0
    NRBODY: NUMBER OF RIGID BODIES. . . . . . . . . . . .         0
    NFXBODY: NUMBER OF FLEXIBLE BODIES. . . . . . . . . .         0
    NCONX : NUMBER OF RIGID LINKS TO MADYMO BODIES. . . .         0
    NODMAS: NUMBER OF ADDED NODAL MASSES. . . . . . . . .         0
    NIMPDISP: NUMBER OF IMPOSED DISPLACEMENTS . . . . . .         0
    NIMPVEL: NUMBER OF IMPOSED VELOCITIES . . . . . . . .         0
    NIMPACC: NUMBER OF IMPOSED ACCELERATIONS . . . . . .          0
    NRIVET: NUMBER OF RIVETS OR SPOT WELDS. . . . . . . .         0
    NSECT : NUMBER OF SECTIONS SAVED (TIME HISTORY PLOTS)         0
    NJOINT: NUMBER OF JOINTS. . . . . . . . . . . . . . .         0
    NACTIV: NUMBER OF ELEMENT DEACTIVATION GROUPS . . . .         0
    NDAMP:  NUMBER OF RAYLEIGH DAMPING GROUPS . . . . . .         0
    NGJOINT: NUMBER OF GEAR TYPE JOINTS . . . . . . . . .         0
    NUMMPC: NUMBER OF MULTI-POINT CONSTRAINTS . . . . . .         0
    NR2RLNK: NUMBER OF EXTERNAL COUPLING LINKS . . . . .          0
    NSUBDOM: NUMBER OF SUBDOMAINS . . . . . .. . . . . .          0
    NVOLU:  NUMBER OF MONITORED VOLUMES . . . . . . . . .         0
    NEIG:   NUMBER OF EIGEN AND STATIC MODES PROBLEMS . .         0
    NBEM:   NUMBER OF BEM SOLVED PROBLEMS . . . . . . . .         0
    NRBE2:  NUMBER OF RBE2 RIGID ELEMENTS . . . . . . . .         0
    NRBE3:  NUMBER OF RBE3 CONSTRAINT ELEMENTS  . . . . .         0
    INITIAL STRESS FILE =
                                          FLAG ISIGI. . .         0


    N2D3D : ANALYSIS TYPE: 0=3D,1=AXISYM,2=PLANE STRAIN .         0


    ANALYSIS OPTIONS
    ----------------

    INTEG8 : 8 GAUSS POINT CONDENSED INTEGRATION . . . . .         0
    IPARITH: PARALLEL ARITHMETIC FLAG (2 OFF, 1 0N). . . .         1
    IUSERW : GENERAL USER WINDOW FLAG. . . . . . . . . . .         0
    ISOLID : DEFAULT BRICK FORMULATION FLAG. . . . . . . .         1
    ITET4  : DEFAULT TETRA4 FORMULATION FLAG . . . . . . .         0
    ITET10 : DEFAULT TETRA10 FORMULATION FLAG. . . . . . .      1000
    ISMSTR : DEFAULT BRICK SMALL STRAIN FLAG . . . . . . .         0
    ICPRE  : DEFAULT SOLID CONSTANT PRESSURE FLAG. . . . .         0
    ISHELL : DEFAULT SHELL FORMULATION FLAG. . . . . . . .         1
    ISST   : DEFAULT SHELL SMALL STRAIN FLAG . . . . . . .         0
    ITHK   : DEFAULT SHELL THICKNESS VARIATION FLAG. . . .         0
    IPLA   : DEFAULT PLANE STRESS PLASTICITY FLAG. . . . .         0
    ISTR   : DEFAULT SHELL STRAIN COMPUTATION FLAG . . . .         1
    ISHEA  : DEFAULT SHELL SHEAR COMPUTATION FLAG. . . . .         0
    INSH   : SHELL INERTIA FLAG. . . . . . . . . . . . . .         0
    ISH3N  : DEFAULT 3 NODE SHELL FORMULATION FLAG . . . .         2
    NPTS   : SHELL PROPERTIES DEFAULT NUMBER OF           
             INTEGRATION POINTS OR LAYERS. . . . . . . . .        -1
    IFRAME : DEFAULT SOLID FRAME FORMULATION FLAG . . . .          1
    IOFFSET: DEFAULT SHELL OFFSET FLAG. . . . . . . . . .          0
    ICONTROL:DEFAULT SOLID DISTORTION CONTROL FLAG. . . .          0
    ISHFRAM: LOCAL SHELL FRAME DEFINITION. . . . . . . . .         0


    LAGRANGE MULTIPLIER OPTIONS
    ---------------------------
    LAGM_TOL:CONVERGENCE CRITERION. . . . . . . . . . . . 1.0000000000000E-11


    NODAL MASS DISTRIBUTION FLAG . . . . . . . . .         0


    SPEED PARAMETERS  
    ----------------  

    STARTER RUNNING ON. . . . . . . . . . . . . . . . . .         1 THREAD              
    NUMBER OF SPMD DOMAINS. . . . . . . . . . . . . . . .         1
    NUMBER OF THREADS PER DOMAIN. . . . . . . . . . . . .         1
    ARCHITECTURE OPTIMIZATION . . . . . . . . . . . . . .        22, win64               
    SIZE OF ELEMENT BUFFER. . . . . . . . . . . . . . . .       128
 
     INFO : OMP_NUM_THREADS SET, DEFAULT SETTING IGNORED
  


    MATERIAL LAWS
    -------------
    NUMBER OF MATERIALS. . . . . . . . . =         1




     hypothetical_2024_skin_reference
     MATERIAL NUMBER . . . . . . . . . . . .=         1
     MATERIAL LAW  . . . . . . . . . . . . . .= PLAS_JOHNS

       ELASTIC PLASTIC LAW                   
       -------------------                   


     INITIAL DENSITY . . . . . . . . . . . .= 2.7800000000000E-03

     YOUNG MODULUS . . . . . . . . . . . . .=  73100.00000000    
     POISSON  RATIO. . . . . . . . . . . . .= 0.3300000000000    
     SHEAR MODULUS . . . . . . . . . . . . .=  27481.20300752    


     JOHNSON COOK MODEL :
     YIELD COEFFICIENT A . . . . . . . . . .=  324.0000000000    
     YIELD COEFFICIENT B . . . . . . . . . .=  0.000000000000    
     YIELD COEFFICIENT N . . . . . . . . . .=  1.000000000000    
     EPS-MAX . . . . . . . . . . . . . . . .= 1.0000000000000E+30
     SIG-MAX . . . . . . . . . . . . . . . .= 1.0000000000000E+30
     ISO-KINEMATIC HARDENING FACTOR. . . . .=  0.000000000000    


     FLAG FOR STRAIN RATE DEPENDENCY TYPE. .=         2
        VP=1  EQUIVALENT PLASTIC STRAIN RATE
        VP=2  TOTAL STRAIN RATE (DEFAULT)
        VP=3  DEVIATORIC STRAIN RATE
     STRAIN RATE COEFFICIENT CC. . . . . . .=  0.000000000000    
     REFERENCE STRAIN RATE . . . . . . . . .=  1.000000000000    
     FLAG FOR STRAIN RATE ON SIG-MAX . . . .=         1
     SMOOTH STRAIN RATE OPTION . . . . . . .=         0
     STRAIN RATE CUTTING FREQUENCY . . . . .= 1.0000000000000E+20
     TEMPERATURE EXPONENT. . . . . . . . . .=  1.000000000000    
     MELTING TEMPERATURE K . . . . . . . . .= 1.0000000000000E+30
     SPECIFIC HEAT Rho*Cp. . . . . . . . . .=  0.000000000000    
     INITIAL TEMPERATURE K . . . . . . . . .=  293.1500000000    
     MAXIMAL TEMPERATURE K . . . . . . . . .= 1.0000000000000E+30
     PRESSURE CUTOFF IN TENSION. . . . . . .=-1.0000000000000E+30




         PROPERTY SETS
         -------------


HALF_MM_HA8_SOLID_SHELL_TRANSLATIONS    
     STANDARD THICK SHELL PROPERTY SET
     PROPERTY SET NUMBER . . . . . . . . . .=         1
     FORMULATION FLAG. . . . . . . . . . . .=        14
     SMALL STRAIN FLAG . . . . . . . . . . .=         4
     INTEGRATION FORMULATION FLAG. . . .  . =         1
     CONSTANT STRESS FLAG. . . . . . . . . .=        10
     HOURGLASS NUMERICAL DAMPING . . . . . .=  0.000000000000    
     DEFAULT VALUE FOR QUADRATIC BULK. . . . 
          VISCOSITY (QA) WILL BE USED. . . .=  1.100000000000    
     EXCEPT IN CASE LAW 70 WHERE QA = 0.     
     DEFAULT VALUE FOR LINEAR BULK . . . . . 
          VISCOSITY (QB) WILL BE USED . . . = 5.0000000000000E-02
     EXCEPT IN CASE LAW 70 WHERE QB = 0.     
     BRICK MINIMUM TIME STEP................=  0.000000000000    
     POST PROCESSING STRAIN FLAG . . . . . .=         1
     SOLID DISTORTION CONTROL FLAG . . . . .=         0

     NUMBER OF INTEGRATION POINTS. .  . .  .=  8 (222)



       PARTS
       -----



PART:         1,METAL_FULL_VOLUME
----
     PROPERTY    :         1 (TYPE 20),HALF_MM_HA8_SOLID_SHELL_TRANSLATIONS
     MATERIAL    :         1 (LAW  02),hypothetical_2024_skin_reference
     SUBSET      :         0
     FRAMEWORK   :         LAGRANGE


       HIERARCHICAL SUBSET ORGANIZATION
       --------------------------------


  
  
 SUBSET:         0,GLOBAL MODEL                                                                                                     
 ~~~~~~
  |
  |________Part(s):         1,METAL_FULL_VOLUME                       
  
 SPMD IS CHECKING FOR ELEMENT DELETION IN : 
 A26_HA8_FREE_ROTATION_Y_N12_HALF_0001.rad                                                                    
 
 DOMAIN DECOMPOSITION USING MULTILEVEL KWAY
 ------------------------------------------
 DOMAIN DECOMPOSITION OPTIMIZED FOR PARALLEL ARITHMETIC ON
 DOMAIN DECOMPOSITION : OPTIMIZED FOR BROADWELL PROCESSOR
** INFO: SIMPLIFIED DOMAIN DECOMPOSITION

MESSAGE ID :   1741
** INFO IN PROPERTY DEFINITION
DESCRIPTION :  
   ICPRE IS AUTOMATICALLY DETERMINED IN PROPERTY.
   CONCERNING 1 PROPERTY(S)
   PROPERTY ID=1         ,  PROPERTY TITLE: HALF_MM_HA8_SOLID_SHELL_TRANSLATIONS,  ICPRE=2         



 BRICK GROUP         1 VECTORIZATION CODE =    0
 BRICK GROUP         2 VECTORIZATION CODE =    0


PART MASS & INERTIA
-------------------


PART :          1, METAL_FULL_VOLUME
            Mass             Ixx             Iyy             Izz             Ixy             Iyz             Izx
  1.39000000E-01  1.18310880E+00  1.18310880E+00  2.34884259E+00  2.08166817E-17 -8.03755210E-20 -8.03755211E-20
               X               Y               Z     Kin. Energy              Vx              Vy              Vz
 -3.12000625E-17  4.99201000E-17  0.00000000E+00  5.91554398E+01  0.00000000E+00  0.00000000E+00 -1.19808240E-15


PART ELEMENT/MATERIAL PARAMETER REVIEW:
-----------------------

Part id,name:         1 METAL_FULL_VOLUME      Mat type:   2 Elm type: THICK-SHELL HEXA       
----
  Isolid  Ismstr   Icpre     NPT ICONTROL
      14       4       2       0       0
--      qa        qb   lamda_v      mu_v         h        dn
    1.1000    0.0500    0.0000    0.0000    0.0000    0.0000



     TOTAL MASS AND MASS CENTER
     --------------------------
                     MASS                    X                    Y                    Z

      0.1390000000000      1.8720037510541E-17 -5.7720115657502E-17 -1.1943773932507E-17


     TOTAL INERTIA
     -------------
                      IXX                  IYY                  IZZ                  IXY                  IYZ                  IZX
       1.183108796296       1.183108796296       2.348842592593      1.2143064331838E-17 -1.4636729328554E-18 -2.1684043449710E-19



      ADDED NODAL NON-STRUCTURAL MASSES 
     -----------------------------------

      TOTAL ADDED MASS =   0.000000000000    




     TOTAL ADDED NON-STRUCTURAL INERTIA
     ------------------

      TOTAL ADDED INERTIA =   0.000000000000    




         SOLID ELEMENTS TIME STEP
         ------------------------

      TIME STEP       ELEMENT NUMBER
  7.6200163819743E-05            122
  7.6200163819743E-05             85
  7.6200163819743E-05             39
  7.6200163819743E-05             38
  7.6200163819743E-05             71
  7.6200163819743E-05            101
  7.6200163819743E-05             41
  7.6200163819743E-05             57
  7.6200163819743E-05             96
  7.6200163819743E-05             40
  7.6200163819743E-05            104
  7.6200163819743E-05            107
  7.6200163819743E-05             88
  7.6200163819743E-05             60
  7.6200163819743E-05             52
  7.6200163819743E-05             46
  7.6200163819743E-05             49
  7.6200163819743E-05             24
  7.6200163819743E-05             45
  7.6200163819743E-05             44


         NODAL TIME STEP (estimation)
         ---------------

      TIME STEP       NODE NUMBER
  7.6200163819743E-05            273
  7.6200163819743E-05            246
  7.6200163819743E-05            160
  7.6200163819743E-05            159
  7.6200163819743E-05            272
  7.6200163819743E-05            155
  7.6200163819743E-05            274
  7.6200163819743E-05            162
  7.6200163819743E-05            152
  7.6200163819743E-05            277
  7.6200163819743E-05            150
  7.6200163819743E-05            161
  7.6200163819743E-05            164
  7.6200163819743E-05            271
  7.6200163819743E-05            173
  7.6200163819743E-05            165
  7.6200163819743E-05            177
  7.6200163819743E-05            175
  7.6200163819743E-05            174
  7.6200163819743E-05            269
  7.6200163819743E-05            172
  7.6200163819743E-05            279
  7.6200163819743E-05            270
  7.6200163819743E-05            167
  7.6200163819743E-05            166
  7.6200163819743E-05            278
  7.6200163819743E-05            281
  7.6200163819743E-05            117
  7.6200163819743E-05            145
  7.6200163819743E-05            245
  7.6200163819743E-05            297
  7.6200163819743E-05            118
  7.6200163819743E-05            115
  7.6200163819743E-05            116
  7.6200163819743E-05            128
  7.6200163819743E-05            299
  7.6200163819743E-05            113
  7.6200163819743E-05            112
  7.6200163819743E-05            291
  7.6200163819743E-05            131
  7.6200163819743E-05            130
  7.6200163819743E-05            140
  7.6200163819743E-05            134
  7.6200163819743E-05            282
  7.6200163819743E-05            143
  7.6200163819743E-05            284
  7.6200163819743E-05            138
  7.6200163819743E-05            285
  7.6200163819743E-05            179
  7.6200163819743E-05            286
  7.6200163819743E-05            136
  7.6200163819743E-05            287
  7.6200163819743E-05            178
  7.6200163819743E-05            265
  7.6200163819743E-05            180
  7.6200163819743E-05            222
  7.6200163819743E-05            264
  7.6200163819743E-05            225
  7.6200163819743E-05            224
  7.6200163819743E-05            223
  7.6200163819743E-05            219
  7.6200163819743E-05            221
  7.6200163819743E-05            227
  7.6200163819743E-05            218
  7.6200163819743E-05            217
  7.6200163819743E-05            216
  7.6200163819743E-05            226
  7.6200163819743E-05            230
  7.6200163819743E-05            229
  7.6200163819743E-05            238
  7.6200163819743E-05            231
  7.6200163819743E-05            243
  7.6200163819743E-05            247
  7.6200163819743E-05            239
  7.6200163819743E-05            235
  7.6200163819743E-05            251
  7.6200163819743E-05            214
  7.6200163819743E-05            234
  7.6200163819743E-05            233
  7.6200163819743E-05            232
  7.6200163819743E-05            215
  7.6200163819743E-05            213
  7.6200163819743E-05            189
  7.6200163819743E-05            212
  7.6200163819743E-05            261
  7.6200163819743E-05            191
  7.6200163819743E-05            190
  7.6200163819743E-05            187
  7.6200163819743E-05            188
  7.6200163819743E-05            194
  7.6200163819743E-05            262
  7.6200163819743E-05            185
  7.6200163819743E-05            184
  7.6200163819743E-05            193
  7.6200163819743E-05            197
  7.6200163819743E-05            196
  7.6200163819743E-05            204
  7.6200163819743E-05            198
  7.6200163819743E-05            211
  7.6200163819743E-05            209


         NODAL TIME STEP DISTRIBUTION 
         ----------------------------


            % OF NODES
                   ^
                   |                                                            
          57.988 --|                            #                               
                   |                            #                               
                   |                            #                               
                   |                            #                               
                   |                            #                               
                   |                            #                               
                   |                            #                               
                   |                            #                               
                   |                            #                               
                   |                            #                               
                   |                            #                               
                   |                            #                               
                   |                            #                               
                   |                            #                               
                   |                            #                               
                   |                            #                               
                   |                            #                               
                   |                            #                               
                   |                            #                               
                   |                            #                               
                   |                            #                               
                   |                            #                               
           0.000 --|#                           #                            #  
                    -------------------------------------------------------------> NODAL TIME STEP
                    |                                                          |
                7.620E-05                                                  7.620E-05
  
  


     INITIAL ADDED MASS ESTIMATION for /DT/NODA/CST
     ----------------------------------------------


            DM/M - at first cycle - scaling factor = 0.9
                   ^
                   |                                                            
           0.100 --|                                                          * 
                   |                                                            
                   |                                                      *     
                   |                                                   *        
                   |                                                *           
                   |                                             *              
                   |                                                            
                   |                                          *                 
                   |                                       *                    
                   |                                    *                       
                   |                                 *                          
                   |                              *                             
                   |                                                            
                   |                           *                                
                   |                        *                                   
                   |                     *                                      
                   |                 *                                          
                   |              *                                             
                   |                                                            
                   |           *                                                
                   |        *                                                   
                   |     *                                                      
           0.005 --|* *                                                         
                    -------------------------------------------------------------> TARGET TIME STEP
                    |                                                          |
                6.875E-05                                                  7.193E-05
  
  
              DM/M at first cycle          |  Target time step - scaling factor = 0.9  |  Target time step - scaling factor = 0.67
    -------------------------------------  |  ---------------------------------------  |  ---------------------------------------
                 1.000E-02                 |                 6.892E-05                 |                 5.131E-05
                 2.000E-02                 |                 6.926E-05                 |                 5.156E-05
                 3.000E-02                 |                 6.960E-05                 |                 5.181E-05
                 4.000E-02                 |                 6.994E-05                 |                 5.207E-05
                 5.000E-02                 |                 7.027E-05                 |                 5.231E-05


    WARNING : These added mass estimations are valid at first cycle only.
    Because of element deformation or contacts the added mass can increase during the run


 SUMMARY OF POSSIBLE INCOMPATIBLE KINEMATIC CONDITIONS :
 -----------------------------------------------------
                                  
 NO TRUE INCOMPATIBLE KINEMATIC CONDITION

 
    STARTER STORAGE 
    --------------- 
 
    STARTER MEMORY USAGE        166 MB


     LOCAL ENGINE STORAGE EVALUATION FOR SPMD PROCESSOR     1
     --------------------------------------------------------
        RESTART FILE SIZE         0 MB
 

     RESTART FILES A26_HA8_FREE_ROTATION_Y_N12_HALF_0000 WRITTEN
     -------------

  
------------------------------------------------------------------------
  
                   ** COMPUTE TIME INFORMATION **
  
 EXECUTION STARTED      :      2026/10/10  12:09:29
 EXECUTION COMPLETED    :      2026/10/10  12:09:30
  
 ELAPSED TIME...........=          0.64 s
                               00:00:00
  
------------------------------------------------------------------------



     NORMAL TERMINATION                                                                  
     ------------------                                                                  
              0 ERROR(S)            
              0 WARNING(S)          


