 I02E_FREE_RUPTURABLE_H127_R1_0001.out
************************************************************************
**                                                                    **
**                                                                    **
**                         OpenRadioss Engine                         **
**                                                                    **
**            Non-linear Finite Element Analysis Software             **
**                                                                    **
**                                                                    **
**                                                                    **
**                  Windows 64 bits, Intel compiler                   **
**                      Double Precision Version                      **
**                                                                    **
**                                                                    **
**                                                                    **
************************************************************************
** OpenRadioss Software                                               **
** COPYRIGHT (C) 2026 Siemens                                         **
** Licensed under GNU Affero General Public License.                  **
** See License file.                                                  **
************************************************************************
 
 NUMBER OF SPMD DOMAINS           1
 NUMBER OF THREADS PER DOMAIN     1
 NUMBER OF HMPP PROCESSES         1
  
 COMPUTATION HARDWARE DESCRIPTION
  
 HOSTNAME     CPU TYPE, FREQUENCY AND MEMORY
 jeux   AMD Ryzen 5 5600 6-Core Processor               (x86_64), 3700 MHz,   7112 MB RAM,  18090 MB swap
  
 STACKSIZE  . . . . . . . . . . . . . . . . . . . . 1430 MB
 THREAD STACKSIZE . . . . . . . . . . . . . . . . . 400 MB
 
************************************************************************


 I02E_FREE_RUPTURABLE_H127_R1D01                                                 


 FINAL TIME . . . . . . . . . . . . . . . . . . .  0.5000000    

 TIME INTERVAL FOR TIME HISTORY PLOTS . . . . . .  0.2000000E-02

 TIME STEP SCALE FACTOR . . . . . . . . . . . . .  0.4000000    

 MINIMUM TIME STEP  . . . . . . . . . . . . . . .   0.000000    


 BRICK TIME STEP SCALE FACTOR . . . . . . . . . .  0.4000000    
 BRICK MINIMUM TIME STEP. . . . . . . . . . . . .   0.000000    
 MIN. TIME STEP FLAG (1:STOP RUN, 2:DELETE BRICK)     1

 QUAD TIME STEP SCALE FACTOR. . . . . . . . . . .  0.4000000    
 QUAD MINIMUM TIME STEP . . . . . . . . . . . . .   0.000000    
 MIN. TIME STEP FLAG (1:STOP RUN, 2:DELETE QUAD).     1

 SHELL TIME STEP SCALE FACTOR . . . . . . . . . .  0.4000000    
 SHELL MINIMUM TIME STEP. . . . . . . . . . . . .   0.000000    
 MIN. TIME FLAG (1:STOP, 2:DELETE, 3:SMALL STRAIN)    2

 TRUSS TIME STEP SCALE FACTOR . . . . . . . . . .  0.4000000    
 TRUSS MINIMUM TIME STEP. . . . . . . . . . . . .   0.000000    
 MIN. TIME FLAG (1:STOP, 2:DELETE). . . . . . . .     0

 BEAM TIME STEP SCALE FACTOR. . . . . . . . . . .  0.4000000    
 BEAM MINIMUM TIME STEP . . . . . . . . . . . . .   0.000000    
 MIN. TIME FLAG (1:STOP, 2:DELETE). . . . . . . .     0

 SPRING TIME STEP SCALE FACTOR. . . . . . . . . .  0.4000000    
 SPRING MINIMUM TIME STEP . . . . . . . . . . . .   0.000000    
 MIN. TIME FLAG (1:STOP, 2:DELETE). . . . . . . .     0

 AIRBAG TIME STEP SCALE FACTOR. . . . . . . . . .  0.4000000    
 AIRBAG MINIMUM TIME STEP . . . . . . . . . . . .   0.000000    
 MIN. TIME FLAG (1:STOP). . . . . . . . . . . . .     0

 CONTACT TIME STEP SCALE FACTOR . . . . . . . . .  0.4000000    
 CONTACT MINIMUM TIME STEP. . . . . . . . . . . .   0.000000    
 MIN. TIME FLAG(1:STOP, 2:REMOVE NODE FROM INTERF)    0

 PRINTOUT CYCLE FREQUENCY . . . . . . . . . . . .  -100

 RESTART CYCLE FREQUENCY. . . . . . . . . . . . .   10000000

 MAXIMUM RESTART WRITE BEFORE OVERWRITE . . . . .     0

 INVERS: INPUT DECK VERSION . . . . . . . . . . .  2026
 ITTYP : FLAG FOR TYPE OF T-FILE. . . . . . . . .     4

 INITIAL TIME STEP. . . . . . . . . . . . . . . .   0.000000    
 MAXIMUM TIME STEP. . . . . . . . . . . . . . . .  0.1000000E+21

 PARALLEL ARITHMETIC ON
 NUMBER OF INTERFACES TO BE ELIMINATED. . . . . .        0

 NUMBER OF PARTS TO BE ELIMINATED . . . . . . . .        0

 NUMBER OF SOLID  ELEMENT BLOCKS TO BE ELIMINATED        0

 NUMBER OF QUAD   ELEMENT BLOCKS TO BE ELIMINATED        0

 NUMBER OF SHELL  ELEMENT BLOCKS TO BE ELIMINATED        0

 NUMBER OF TRUSS  ELEMENT BLOCKS TO BE ELIMINATED        0

 NUMBER OF BEAM   ELEMENT BLOCKS TO BE ELIMINATED        0

 NUMBER OF SPRING ELEMENT BLOCKS TO BE ELIMINATED        0

 NUMBER OF SH_3N  ELEMENT BLOCKS TO BE ELIMINATED        0

 NUMBER OF  SPH PARTICLES BLOCKS TO BE ELIMINATED        0

 NUMBER OF RIGID LINKS. . . . . . . . . . . . . .        0

 NUMBER OF NEW BOUNDARY CONDITIONS. . . . . . . .        0


 TIME FOR FIRST ANIMATION-FILE PLOT . . . . . . .   0.000000    
 TIME INTERVAL FOR ANIMATION-FILE PLOTS . . . . .  0.1666667E-01
 TIME TO STOP ANIMATION-FILE PLOTS. . . . . . . .  0.1000000E+21
 SENSOR FOR ANIMATION-FILE PLOTS. . . . . . . . .          0
 TIME INTERVAL FOR SENSOR ANIMATION-FILE PLOTS. .   0.000000    

 VARIABLE SAVED ON ANIMATION FILES (1: YES) :
      PLASTIC STRAIN. . . . . .     0
      DENSITY     (SOLID ONLY).     0
      SPECIFIC ENERGY . . . . .     1
      HOURGLASS ENERGY. . . . .     0
      TEMPERATURE (SOLID ONLY).     0
      THICKNESS   (SHELL ONLY).     0
      PRESSURE    (SOLID ONLY).     0
      VON MISES . . . . . . . .     0
      TURBULENT ENERGY (FLUID).     0
      TURBULENT VISCOSITY(FLUID)    0
      VORTICITY (FLUID) . . . .     0
 NODAL VALUES SAVED ON ANIMATION FILES (1: YES) :
      PRESSURE. . . . . . . . .     0
      DENSITY . . . . . . . . .     0
      TEMPERATURE . . . . . . .     0
 VECTOR SAVED ON ANIMATION FILES (1: YES) :
      VELOCITY VECTOR . . . . .     1
      DISPLACEMENT VECTOR . . .     1
      ACCELERATION VECTOR . . .     0
      CONTACT FORCES. . . . . .     0
      INTERNAL FORCES . . . . .     0
      EXTERNAL FORCES . . . . .     0
      SECTION RBY RWALL FORCES.     0
      ROTATIONAL VELOCITY VECTOR    0
      CONTACT PRESSURE (VECTORS)    0
 SHELL TENSOR SAVED ON ANIMATION FILES (1: YES) :
      MEMBRANE STRESS . . . . .     0
      BENDING STRESS(MOMENT/T^2)    0
      UPPER LAYER STRESS. . . .     0
      LOWER LAYER STRESS. . . .     0
      MEMBRANE STRAIN . . . . .     0
      CURVATURE . . . . . . . .     0
      UPPER LAYER STRAIN. . . .     0
      LOWER LAYER STRAIN. . . .     0
 NODAL MASS SAVED ON ANIMATION FILES (1: YES) :    0
 KEEP DELETED ELEMENT (1: YES) :    0


 14/09/2026
   CYCLE    TIME      TIME-STEP  ELEMENT          ERROR  I-ENERGY    K-ENERGY T  K-ENERGY R  EXT-WORK     MAS.ERR     TOTAL MASS  MASS ADDED
       0   0.000      0.3367E-08 NODE       35399   0.0%   0.000      0.3882E+08   0.000       0.000       0.000      0.3266E+06   0.000    
     ANIMATION FILE: I02E_FREE_RUPTURABLE_H127_R1A001 WRITTEN
     100  0.3367E-06  0.3367E-08 NODE       35399   0.0%  0.1318E-04  0.3882E+08  0.4238E-29   0.000       0.000      0.3266E+06   0.000    
     200  0.6735E-06  0.3367E-08 NODE       35416   0.0%  0.2064E-04  0.3882E+08  0.1305E-28   0.000       0.000      0.3266E+06   0.000    
     300  0.1010E-05  0.3367E-08 NODE       35409   0.0%  0.3205E-04  0.3882E+08  0.3256E-28   0.000       0.000      0.3266E+06   0.000    
     400  0.1347E-05  0.3367E-08 NODE       35415   0.0%  0.2432E-04  0.3882E+08  0.6357E-28   0.000       0.000      0.3266E+06   0.000    
     500  0.1684E-05  0.3367E-08 NODE       35399   0.0%  0.1067E-04  0.3882E+08  0.1071E-27   0.000       0.000      0.3266E+06   0.000    
     600  0.2020E-05  0.3367E-08 NODE       35399   0.0%  0.5545E-05  0.3882E+08  0.1584E-27   0.000       0.000      0.3266E+06   0.000    
     700  0.2357E-05  0.3367E-08 NODE       35419   0.0%  0.5661E-05  0.3882E+08  0.2367E-27   0.000       0.000      0.3266E+06   0.000    
     800  0.2694E-05  0.3367E-08 NODE       35401   0.0%  0.2497E-04  0.3882E+08  0.3463E-27   0.000       0.000      0.3266E+06   0.000    
     900  0.3031E-05  0.3367E-08 NODE       35415   0.0%  0.2682E-04  0.3882E+08  0.4634E-27   0.000       0.000      0.3266E+06   0.000    
    1000  0.3367E-05  0.3367E-08 NODE       35398   0.0%  0.2912E-04  0.3882E+08  0.6252E-27   0.000       0.000      0.3266E+06   0.000    
    1100  0.3704E-05  0.3367E-08 NODE       35415   0.0%  0.1092E-04  0.3882E+08  0.8326E-27   0.000       0.000      0.3266E+06   0.000    
    1200  0.4041E-05  0.3367E-08 NODE       35415   0.0%  0.5070E-05  0.3882E+08  0.1086E-26   0.000       0.000      0.3266E+06   0.000    
    1300  0.4378E-05  0.3367E-08 NODE       35404   0.0%  0.7285E-05  0.3882E+08  0.1376E-26   0.000       0.000      0.3266E+06   0.000    
    1400  0.4714E-05  0.3367E-08 NODE       35415   0.0%  0.1864E-04  0.3882E+08  0.1737E-26   0.000       0.000      0.3266E+06   0.000    
    1500  0.5051E-05  0.3367E-08 NODE       35404   0.0%  0.3213E-04  0.3882E+08  0.2194E-26   0.000       0.000      0.3266E+06   0.000    
    1600  0.5388E-05  0.3367E-08 NODE       35415   0.0%  0.2422E-04  0.3882E+08  0.2690E-26   0.000       0.000      0.3266E+06   0.000    
    1700  0.5725E-05  0.3367E-08 NODE       35404   0.0%  0.1831E-04  0.3882E+08  0.3287E-26   0.000       0.000      0.3266E+06   0.000    
    1800  0.6061E-05  0.3367E-08 NODE       35415   0.0%  0.1136E-05  0.3882E+08  0.4000E-26   0.000       0.000      0.3266E+06   0.000    
    1900  0.6398E-05  0.3367E-08 NODE       35415   0.0%  0.8874E-05  0.3882E+08  0.4822E-26   0.000       0.000      0.3266E+06   0.000    
    2000  0.6735E-05  0.3367E-08 NODE       35403   0.0%  0.1631E-04  0.3882E+08  0.5744E-26   0.000       0.000      0.3266E+06   0.000    
    2100  0.7072E-05  0.3367E-08 NODE       35415   0.0%  0.2984E-04  0.3882E+08  0.6800E-26   0.000       0.000      0.3266E+06   0.000    
    2200  0.7408E-05  0.3367E-08 NODE       35404   0.0%  0.2887E-04  0.3882E+08  0.8055E-26   0.000       0.000      0.3266E+06   0.000    
    2300  0.7745E-05  0.3367E-08 NODE       35415   0.0%  0.1492E-04  0.3882E+08  0.9416E-26   0.000       0.000      0.3266E+06   0.000    
    2400  0.8082E-05  0.3367E-08 NODE       35404   0.0%  0.7890E-05  0.3882E+08  0.1095E-25   0.000       0.000      0.3266E+06   0.000    
    2500  0.8418E-05  0.3367E-08 NODE       35403   0.0%  0.1876E-05  0.3882E+08  0.1271E-25   0.000       0.000      0.3266E+06   0.000    
    2600  0.8755E-05  0.3367E-08 NODE       35415   0.0%  0.1988E-04  0.3882E+08  0.1467E-25   0.000       0.000      0.3266E+06   0.000    
    2700  0.9092E-05  0.3367E-08 NODE       35398   0.0%  0.2507E-04  0.3882E+08  0.1683E-25   0.000       0.000      0.3266E+06   0.000    
    2800  0.9429E-05  0.3367E-08 NODE       35415   0.0%  0.3169E-04  0.3882E+08  0.1921E-25   0.000       0.000      0.3266E+06   0.000    
    2900  0.9765E-05  0.3367E-08 NODE       35398   0.0%  0.1690E-04  0.3882E+08  0.2192E-25   0.000       0.000      0.3266E+06   0.000    
    3000  0.1010E-04  0.3367E-08 NODE       35415   0.0%  0.6473E-05  0.3882E+08  0.2485E-25   0.000       0.000      0.3266E+06   0.000    
    3100  0.1044E-04  0.3367E-08 NODE       35415   0.0%  0.5363E-05  0.3882E+08  0.2804E-25   0.000       0.000      0.3266E+06   0.000    
    3200  0.1078E-04  0.3367E-08 NODE       35403   0.0%  0.1261E-04  0.3882E+08  0.3160E-25   0.000       0.000      0.3266E+06   0.000    
    3300  0.1111E-04  0.3367E-08 NODE       35415   0.0%  0.3011E-04  0.3882E+08  0.3549E-25   0.000       0.000      0.3266E+06   0.000    
    3400  0.1145E-04  0.3367E-08 NODE       35403   0.0%  0.2646E-04  0.3882E+08  0.3970E-25   0.000       0.000      0.3266E+06   0.000    
    3500  0.1179E-04  0.3367E-08 NODE       35415   0.0%  0.2351E-04  0.3882E+08  0.4424E-25   0.000       0.000      0.3266E+06   0.000    
    3600  0.1212E-04  0.3367E-08 NODE       35398   0.0%  0.4385E-05  0.3882E+08  0.4927E-25   0.000       0.000      0.3266E+06   0.000    
    3700  0.1246E-04  0.3367E-08 NODE       35415   0.0%  0.6004E-05  0.3882E+08  0.5468E-25   0.000       0.000      0.3266E+06   0.000    
    3800  0.1280E-04  0.3367E-08 NODE       35415   0.0%  0.1194E-04  0.3882E+08  0.6047E-25   0.000       0.000      0.3266E+06   0.000    
    3900  0.1313E-04  0.3367E-08 NODE       35403   0.0%  0.2576E-04  0.3882E+08  0.6678E-25   0.000       0.000      0.3266E+06   0.000    
    4000  0.1347E-04  0.3367E-08 NODE       35415   0.0%  0.3167E-04  0.3882E+08  0.7358E-25   0.000       0.000      0.3266E+06   0.000    
    4100  0.1381E-04  0.3367E-08 NODE       35398   0.0%  0.1936E-04  0.3882E+08  0.8088E-25   0.000       0.000      0.3266E+06   0.000    
    4200  0.1414E-04  0.3367E-08 NODE       35415   0.0%  0.1181E-04  0.3882E+08  0.8864E-25   0.000       0.000      0.3266E+06   0.000    
    4300  0.1448E-04  0.3367E-08 NODE       35415   0.0%  0.9721E-07  0.3882E+08  0.9707E-25   0.000       0.000      0.3266E+06   0.000    
    4400  0.1482E-04  0.3367E-08 NODE       35403   0.0%  0.1463E-04  0.3882E+08  0.1061E-24   0.000       0.000      0.3266E+06   0.000    
    4500  0.1515E-04  0.3367E-08 NODE       35415   0.0%  0.2186E-04  0.3882E+08  0.1156E-24   0.000       0.000      0.3266E+06   0.000    
    4600  0.1549E-04  0.3367E-08 NODE       35403   0.0%  0.3225E-04  0.3882E+08  0.1258E-24   0.000       0.000      0.3266E+06   0.000    
    4700  0.1583E-04  0.3367E-08 NODE       35415   0.0%  0.2278E-04  0.3882E+08  0.1368E-24   0.000       0.000      0.3266E+06   0.000    
    4800  0.1616E-04  0.3367E-08 NODE       35403   0.0%  0.9472E-05  0.3882E+08  0.1484E-24   0.000       0.000      0.3266E+06   0.000    
    4900  0.1650E-04  0.3367E-08 NODE       35404   0.0%  0.5259E-05  0.3882E+08  0.1606E-24   0.000       0.000      0.3266E+06   0.000    
    5000  0.1684E-04  0.3367E-08 NODE       35423   0.0%  0.7062E-05  0.3882E+08  0.1737E-24   0.000       0.000      0.3266E+06   0.000    
    5100  0.1717E-04  0.3367E-08 NODE       35403   0.0%  0.2635E-04  0.3882E+08  0.1877E-24   0.000       0.000      0.3266E+06   0.000    
    5200  0.1751E-04  0.3367E-08 NODE       35415   0.0%  0.2701E-04  0.3882E+08  0.2023E-24   0.000       0.000      0.3266E+06   0.000    
    5300  0.1785E-04  0.3367E-08 NODE       35404   0.0%  0.2800E-04  0.3882E+08  0.2179E-24   0.000       0.000      0.3266E+06   0.000    
    5400  0.1818E-04  0.3367E-08 NODE       35415   0.0%  0.9287E-05  0.3882E+08  0.2343E-24   0.000       0.000      0.3266E+06   0.000    
    5500  0.1852E-04  0.3367E-08 NODE       35415   0.0%  0.4948E-05  0.3882E+08  0.2517E-24   0.000       0.000      0.3266E+06   0.000    
    5600  0.1886E-04  0.3367E-08 NODE       35403   0.0%  0.8229E-05  0.3882E+08  0.2700E-24   0.000       0.000      0.3266E+06   0.000    
    5700  0.1919E-04  0.3367E-08 NODE       35424   0.0%  0.2034E-04  0.3882E+08  0.2892E-24   0.000       0.000      0.3266E+06   0.000    
    5800  0.1953E-04  0.3367E-08 NODE       35403   0.0%  0.3238E-04  0.3882E+08  0.3097E-24   0.000       0.000      0.3266E+06   0.000    
    5900  0.1987E-04  0.3367E-08 NODE       35431   0.0%  0.2324E-04  0.3882E+08  0.3309E-24   0.000       0.000      0.3266E+06   0.000    
    6000  0.2020E-04  0.3367E-08 NODE       35403   0.0%  0.1675E-04  0.3882E+08  0.3534E-24   0.000       0.000      0.3266E+06   0.000    
    6100  0.2054E-04  0.3367E-08 NODE       35424   0.0%  0.5769E-06  0.3882E+08  0.3770E-24   0.000       0.000      0.3266E+06   0.000    
    6200  0.2088E-04  0.3367E-08 NODE       35424   0.0%  0.9994E-05  0.3882E+08  0.4018E-24   0.000       0.000      0.3266E+06   0.000    
    6300  0.2121E-04  0.3367E-08 NODE       35402   0.0%  0.1770E-04  0.3882E+08  0.4277E-24   0.000       0.000      0.3266E+06   0.000    
    6400  0.2155E-04  0.3367E-08 NODE       35415   0.0%  0.3065E-04  0.3882E+08  0.4549E-24   0.000       0.000      0.3266E+06   0.000    
