 A03_FREE_F200_DT080_0001.out
************************************************************************
**                                                                    **
**                                                                    **
**                         OpenRadioss Engine                         **
**                                                                    **
**            Non-linear Finite Element Analysis Software             **
**                                                                    **
**                                                                    **
**                                                                    **
**                  Windows 64 bits, Intel compiler                   **
**                      Double Precision Version                      **
**                                                                    **
**                                                                    **
**                                                                    **
************************************************************************
** OpenRadioss Software                                               **
** COPYRIGHT (C) 2026 Siemens                                         **
** Licensed under GNU Affero General Public License.                  **
** See License file.                                                  **
************************************************************************
 
 NUMBER OF SPMD DOMAINS           1
 NUMBER OF THREADS PER DOMAIN     2
 NUMBER OF HMPP PROCESSES         2
  
 COMPUTATION HARDWARE DESCRIPTION
  
 HOSTNAME     CPU TYPE, FREQUENCY AND MEMORY
 jeux   AMD Ryzen 5 5600 6-Core Processor               (x86_64), 3700 MHz,   5757 MB RAM,  18217 MB swap
  
 STACKSIZE  . . . . . . . . . . . . . . . . . . . . 1430 MB
 THREAD STACKSIZE . . . . . . . . . . . . . . . . . 400 MB
 
************************************************************************


 A03_FREE_F200_DT080D01                                                          


 FINAL TIME . . . . . . . . . . . . . . . . . . .  0.5000000    

 TIME INTERVAL FOR TIME HISTORY PLOTS . . . . . .  0.5000000E-02

 TIME STEP SCALE FACTOR . . . . . . . . . . . . .  0.8000000    

 MINIMUM TIME STEP  . . . . . . . . . . . . . . .   0.000000    


 BRICK TIME STEP SCALE FACTOR . . . . . . . . . .  0.8000000    
 BRICK MINIMUM TIME STEP. . . . . . . . . . . . .   0.000000    
 MIN. TIME STEP FLAG (1:STOP RUN, 2:DELETE BRICK)     1

 QUAD TIME STEP SCALE FACTOR. . . . . . . . . . .  0.8000000    
 QUAD MINIMUM TIME STEP . . . . . . . . . . . . .   0.000000    
 MIN. TIME STEP FLAG (1:STOP RUN, 2:DELETE QUAD).     1

 SHELL TIME STEP SCALE FACTOR . . . . . . . . . .  0.8000000    
 SHELL MINIMUM TIME STEP. . . . . . . . . . . . .   0.000000    
 MIN. TIME FLAG (1:STOP, 2:DELETE, 3:SMALL STRAIN)    2

 TRUSS TIME STEP SCALE FACTOR . . . . . . . . . .  0.8000000    
 TRUSS MINIMUM TIME STEP. . . . . . . . . . . . .   0.000000    
 MIN. TIME FLAG (1:STOP, 2:DELETE). . . . . . . .     0

 BEAM TIME STEP SCALE FACTOR. . . . . . . . . . .  0.8000000    
 BEAM MINIMUM TIME STEP . . . . . . . . . . . . .   0.000000    
 MIN. TIME FLAG (1:STOP, 2:DELETE). . . . . . . .     0

 SPRING TIME STEP SCALE FACTOR. . . . . . . . . .  0.8000000    
 SPRING MINIMUM TIME STEP . . . . . . . . . . . .   0.000000    
 MIN. TIME FLAG (1:STOP, 2:DELETE). . . . . . . .     0

 AIRBAG TIME STEP SCALE FACTOR. . . . . . . . . .  0.8000000    
 AIRBAG MINIMUM TIME STEP . . . . . . . . . . . .   0.000000    
 MIN. TIME FLAG (1:STOP). . . . . . . . . . . . .     0

 CONTACT TIME STEP SCALE FACTOR . . . . . . . . .  0.8000000    
 CONTACT MINIMUM TIME STEP. . . . . . . . . . . .   0.000000    
 MIN. TIME FLAG(1:STOP, 2:REMOVE NODE FROM INTERF)    0

 PRINTOUT CYCLE FREQUENCY . . . . . . . . . . . .  -100

 RESTART CYCLE FREQUENCY. . . . . . . . . . . . .   10000000

 MAXIMUM RESTART WRITE BEFORE OVERWRITE . . . . .     0

 INVERS: INPUT DECK VERSION . . . . . . . . . . .  2026
 ITTYP : FLAG FOR TYPE OF T-FILE. . . . . . . . .     4

 INITIAL TIME STEP. . . . . . . . . . . . . . . .   0.000000    
 MAXIMUM TIME STEP. . . . . . . . . . . . . . . .  0.1000000E+21

 PARALLEL ARITHMETIC ON
 NUMBER OF INTERFACES TO BE ELIMINATED. . . . . .        0

 NUMBER OF PARTS TO BE ELIMINATED . . . . . . . .        0

 NUMBER OF SOLID  ELEMENT BLOCKS TO BE ELIMINATED        0

 NUMBER OF QUAD   ELEMENT BLOCKS TO BE ELIMINATED        0

 NUMBER OF SHELL  ELEMENT BLOCKS TO BE ELIMINATED        0

 NUMBER OF TRUSS  ELEMENT BLOCKS TO BE ELIMINATED        0

 NUMBER OF BEAM   ELEMENT BLOCKS TO BE ELIMINATED        0

 NUMBER OF SPRING ELEMENT BLOCKS TO BE ELIMINATED        0

 NUMBER OF SH_3N  ELEMENT BLOCKS TO BE ELIMINATED        0

 NUMBER OF  SPH PARTICLES BLOCKS TO BE ELIMINATED        0

 NUMBER OF RIGID LINKS. . . . . . . . . . . . . .        0

 NUMBER OF NEW BOUNDARY CONDITIONS. . . . . . . .        0


 TIME FOR FIRST ANIMATION-FILE PLOT . . . . . . .   0.000000    
 TIME INTERVAL FOR ANIMATION-FILE PLOTS . . . . .  0.2500000E-01
 TIME TO STOP ANIMATION-FILE PLOTS. . . . . . . .  0.1000000E+21
 SENSOR FOR ANIMATION-FILE PLOTS. . . . . . . . .          0
 TIME INTERVAL FOR SENSOR ANIMATION-FILE PLOTS. .   0.000000    

 VARIABLE SAVED ON ANIMATION FILES (1: YES) :
      PLASTIC STRAIN. . . . . .     0
      DENSITY     (SOLID ONLY).     0
      SPECIFIC ENERGY . . . . .     1
      HOURGLASS ENERGY. . . . .     0
      TEMPERATURE (SOLID ONLY).     0
      THICKNESS   (SHELL ONLY).     0
      PRESSURE    (SOLID ONLY).     0
      VON MISES . . . . . . . .     0
      TURBULENT ENERGY (FLUID).     0
      TURBULENT VISCOSITY(FLUID)    0
      VORTICITY (FLUID) . . . .     0
 NODAL VALUES SAVED ON ANIMATION FILES (1: YES) :
      PRESSURE. . . . . . . . .     0
      DENSITY . . . . . . . . .     0
      TEMPERATURE . . . . . . .     0
 VECTOR SAVED ON ANIMATION FILES (1: YES) :
      VELOCITY VECTOR . . . . .     1
      DISPLACEMENT VECTOR . . .     1
      ACCELERATION VECTOR . . .     0
      CONTACT FORCES. . . . . .     0
      INTERNAL FORCES . . . . .     0
      EXTERNAL FORCES . . . . .     0
      SECTION RBY RWALL FORCES.     0
      ROTATIONAL VELOCITY VECTOR    0
      CONTACT PRESSURE (VECTORS)    0
 SHELL TENSOR SAVED ON ANIMATION FILES (1: YES) :
      MEMBRANE STRESS . . . . .     0
      BENDING STRESS(MOMENT/T^2)    0
      UPPER LAYER STRESS. . . .     0
      LOWER LAYER STRESS. . . .     0
      MEMBRANE STRAIN . . . . .     0
      CURVATURE . . . . . . . .     0
      UPPER LAYER STRAIN. . . .     0
      LOWER LAYER STRAIN. . . .     0
 NODAL MASS SAVED ON ANIMATION FILES (1: YES) :    0
 KEEP DELETED ELEMENT (1: YES) :    0


 05/10/2026
   CYCLE    TIME      TIME-STEP  ELEMENT          ERROR  I-ENERGY    K-ENERGY T  K-ENERGY R  EXT-WORK     MAS.ERR     TOTAL MASS  MASS ADDED
       0   0.000      0.7349E-03 NODE        2041   0.0%   0.000      0.2445E+13   0.000       0.000       0.000      0.1915E+09   0.000    
     ANIMATION FILE: A03_FREE_F200_DT080A001 WRITTEN
     ANIMATION FILE: A03_FREE_F200_DT080A002 WRITTEN
     ANIMATION FILE: A03_FREE_F200_DT080A003 WRITTEN
     100  0.7349E-01  0.7349E-03 NODE        2041   0.0%   0.000      0.2445E+13   0.000       0.000       0.000      0.1915E+09   0.000    
     ANIMATION FILE: A03_FREE_F200_DT080A004 WRITTEN
     ANIMATION FILE: A03_FREE_F200_DT080A005 WRITTEN
     ANIMATION FILE: A03_FREE_F200_DT080A006 WRITTEN
     200  0.1470      0.7349E-03 NODE        2041   0.0%   0.000      0.2445E+13   0.000       0.000       0.000      0.1915E+09   0.000    
     ANIMATION FILE: A03_FREE_F200_DT080A007 WRITTEN
     ANIMATION FILE: A03_FREE_F200_DT080A008 WRITTEN
     ANIMATION FILE: A03_FREE_F200_DT080A009 WRITTEN
     300  0.2205      0.7349E-03 NODE        2041   0.0%   0.000      0.2445E+13   0.000       0.000       0.000      0.1915E+09   0.000    
     ANIMATION FILE: A03_FREE_F200_DT080A010 WRITTEN
     ANIMATION FILE: A03_FREE_F200_DT080A011 WRITTEN
     ANIMATION FILE: A03_FREE_F200_DT080A012 WRITTEN
     400  0.2940      0.7349E-03 NODE        2041   0.0%   0.000      0.2445E+13   0.000       0.000       0.000      0.1915E+09   0.000    
     ANIMATION FILE: A03_FREE_F200_DT080A013 WRITTEN
     ANIMATION FILE: A03_FREE_F200_DT080A014 WRITTEN
     ANIMATION FILE: A03_FREE_F200_DT080A015 WRITTEN
     500  0.3675      0.7349E-03 NODE        2041   0.0%   0.000      0.2445E+13   0.000       0.000       0.000      0.1915E+09   0.000    
     ANIMATION FILE: A03_FREE_F200_DT080A016 WRITTEN
     ANIMATION FILE: A03_FREE_F200_DT080A017 WRITTEN
     ANIMATION FILE: A03_FREE_F200_DT080A018 WRITTEN
     600  0.4410      0.7349E-03 NODE        2041   0.0%   0.000      0.2445E+13   0.000       0.000       0.000      0.1915E+09   0.000    
     ANIMATION FILE: A03_FREE_F200_DT080A019 WRITTEN
     ANIMATION FILE: A03_FREE_F200_DT080A020 WRITTEN

     RESTART FILES: A03_FREE_F200_DT080_0001_[0001-0001].rst WRITTEN
     -------------

  
                           ** CPU USER TIME **
  
  
                        ** SUMMARY **
  
 #PROC  ELEMENT   KINCOND   INTEG     IO        T0        ASM       RESOL    
   1   .9922E+01 .1016E+01 .3281E+00 .3328E+01 .4688E-01 .5156E+00 .1598E+02
  
 
                   ** CUMULATIVE CPU TIME SUMMARY **
  
 CONTACT SORTING.............: .0000E+00     0.00 % 
 CONTACT FORCES..............: .0000E+00     0.00 % 
 ELEMENT FORCES..............: .9922E+01    62.07 % 
 KINEMATIC COND..............: .1016E+01     6.35 % 
 INTEGRATION.................: .3281E+00     2.05 % 
 ASSEMBLING..................: .5156E+00     3.23 % 
 OTHERS (including I/O)......: .4203E+01    26.30 % 
 TOTAL.......................: .1598E+02   100.00 % 
  
  
                           ** ELAPSED TIME **
  
  
                        ** SUMMARY **
  
 #PROC  ELEMENT   KINCOND   INTEG     IO        T0        ASM       RESOL    
   1   .4734E+01 .5422E+00 .1728E+00 .1771E+01 .1329E-01 .3105E+00 .8018E+01
  
                   ** MEMORY USAGE STATISTICS **
  
 TOTAL MEMORY USED .........................:      124 MB
 MAXIMUM MEMORY PER PROCESSOR...............:      124 MB
 MINIMUM MEMORY PER PROCESSOR...............:      124 MB
 AVERAGE MEMORY PER PROCESSOR...............:      124 MB
  
                   ** DISK USAGE STATISTICS **
  
 TOTAL DISK SPACE USED .....................:         84 MB
 ANIMATION/H3D/TH/OUTP SIZE ................:         57 MB
 RESTART FILE SIZE .........................:         26 MB
  
                   ** COMPUTE TIME INFORMATION **
                        ** CURRENT ENGINE **
  
 EXECUTION STARTED .........................:      2026/10/05  10:53:40
 EXECUTION COMPLETED .......................:      2026/10/05  10:53:48
  
 ELAPSED TIME     =          8.14 s
                          0:00:08



     NORMAL TERMINATION      



     TOTAL NUMBER OF CYCLES  :     681

  
                   ** COMPUTE RUNTIME INFORMATION SUMMARY **
  
        STARTER RUNTIME =          1.26s (00:00:01)
 # 001   ENGINE RUNTIME =          8.14s (00:00:08)
 ------------------------------ 
 STARTER+ENGINE RUNTIME =          9.40s (00:00:09)
  
