************************************************************************
**                                                                    **
**                                                                    **
**                         OpenRadioss Engine                         **
**                                                                    **
**            Non-linear Finite Element Analysis Software             **
**                                                                    **
**                                                                    **
**                                                                    **
**                  Windows 64 bits, Intel compiler                   **
**                      Double Precision Version                      **
**                                                                    **
**                                                                    **
**                                                                    **
************************************************************************
** OpenRadioss Software                                               **
** COPYRIGHT (C) 2026 Siemens                                         **
** Licensed under GNU Affero General Public License.                  **
** See License file.                                                  **
************************************************************************
 
 ROOT: A11_NOSE_04_DT05  RESTART: 0001
 NUMBER OF HMPP PROCESSES     2
 07/10/2026
     ANIMATION FILE: A11_NOSE_04_DT05A001 WRITTEN
     ANIMATION FILE: A11_NOSE_04_DT05A002 WRITTEN
     ANIMATION FILE: A11_NOSE_04_DT05A003 WRITTEN
     ANIMATION FILE: A11_NOSE_04_DT05A004 WRITTEN
     ANIMATION FILE: A11_NOSE_04_DT05A005 WRITTEN
     ANIMATION FILE: A11_NOSE_04_DT05A006 WRITTEN
     ANIMATION FILE: A11_NOSE_04_DT05A007 WRITTEN
     ANIMATION FILE: A11_NOSE_04_DT05A008 WRITTEN
     RESTART FILES: A11_NOSE_04_DT05_0001_[0001-0001].rst WRITTEN
     ANIMATION FILE: A11_NOSE_04_DT05A009 WRITTEN
  
                           ** CPU USER TIME **
  
  
                        ** SUMMARY **
  
 #PROC  CONTSORT  CONTFOR   ELEMENT   KINCOND   INTEG     IO        T0        ASM       RESOL    
   1   .4109E+01 .1719E+00 .1750E+03 .1138E+02 .3656E+01 .1391E+02 .4375E+00 .6359E+01 .2249E+03
 
                   ** CUMULATIVE CPU TIME SUMMARY **
  
 CONTACT SORTING.............: .4109E+01     1.83 % 
 CONTACT FORCES..............: .1719E+00     0.08 % 
 ELEMENT FORCES..............: .1750E+03    77.80 % 
 KINEMATIC COND..............: .1138E+02     5.06 % 
 INTEGRATION.................: .3656E+01     1.63 % 
 ASSEMBLING..................: .6359E+01     2.83 % 
 OTHERS (including I/O)......: .2425E+02    10.78 % 
 TOTAL.......................: .2249E+03   100.00 % 
  
                   ** MEMORY USAGE STATISTICS **
  
 TOTAL MEMORY USED .........................:      252 MB
 MAXIMUM MEMORY PER PROCESSOR...............:      252 MB
 MINIMUM MEMORY PER PROCESSOR...............:      252 MB
 AVERAGE MEMORY PER PROCESSOR...............:      252 MB
  
                   ** DISK USAGE STATISTICS **
  
 TOTAL DISK SPACE USED .....................:        258 MB
 ANIMATION/H3D/TH/OUTP SIZE ................:        192 MB
 RESTART FILE SIZE .........................:         66 MB
  
 ELAPSED TIME     =        112.90 s
                          0:01:52
  
     NORMAL TERMINATION      
     TOTAL NUMBER OF CYCLES  :    8793
