 A24_CONNECTED_FREE_ROTATION_S100_Y_0001.out
************************************************************************
**                                                                    **
**                                                                    **
**                         OpenRadioss Engine                         **
**                                                                    **
**            Non-linear Finite Element Analysis Software             **
**                                                                    **
**                                                                    **
**                                                                    **
**                  Windows 64 bits, Intel compiler                   **
**                      Double Precision Version                      **
**                                                                    **
**                                                                    **
**                                                                    **
************************************************************************
** OpenRadioss Software                                               **
** COPYRIGHT (C) 2026 Siemens                                         **
** Licensed under GNU Affero General Public License.                  **
** See License file.                                                  **
************************************************************************
 
 NUMBER OF SPMD DOMAINS           1
 NUMBER OF THREADS PER DOMAIN     1
 NUMBER OF HMPP PROCESSES         1
  
 COMPUTATION HARDWARE DESCRIPTION
  
 HOSTNAME     CPU TYPE, FREQUENCY AND MEMORY
 jeux   AMD Ryzen 5 5600 6-Core Processor               (x86_64), 3700 MHz,   6926 MB RAM,  19241 MB swap
  
 STACKSIZE  . . . . . . . . . . . . . . . . . . . . 1430 MB
 THREAD STACKSIZE . . . . . . . . . . . . . . . . . 400 MB
 
************************************************************************


 A24_CONNECTED_FREE_ROTATION_S100_YD01                                           


 FINAL TIME . . . . . . . . . . . . . . . . . . .  0.5000000E-01

 TIME INTERVAL FOR TIME HISTORY PLOTS . . . . . .  0.1000000E-02

 TIME STEP SCALE FACTOR . . . . . . . . . . . . .  0.4000000    

 MINIMUM TIME STEP  . . . . . . . . . . . . . . .   0.000000    


 BRICK TIME STEP SCALE FACTOR . . . . . . . . . .  0.4000000    
 BRICK MINIMUM TIME STEP. . . . . . . . . . . . .   0.000000    
 MIN. TIME STEP FLAG (1:STOP RUN, 2:DELETE BRICK)     1

 QUAD TIME STEP SCALE FACTOR. . . . . . . . . . .  0.4000000    
 QUAD MINIMUM TIME STEP . . . . . . . . . . . . .   0.000000    
 MIN. TIME STEP FLAG (1:STOP RUN, 2:DELETE QUAD).     1

 SHELL TIME STEP SCALE FACTOR . . . . . . . . . .  0.4000000    
 SHELL MINIMUM TIME STEP. . . . . . . . . . . . .   0.000000    
 MIN. TIME FLAG (1:STOP, 2:DELETE, 3:SMALL STRAIN)    2

 TRUSS TIME STEP SCALE FACTOR . . . . . . . . . .  0.4000000    
 TRUSS MINIMUM TIME STEP. . . . . . . . . . . . .   0.000000    
 MIN. TIME FLAG (1:STOP, 2:DELETE). . . . . . . .     0

 BEAM TIME STEP SCALE FACTOR. . . . . . . . . . .  0.4000000    
 BEAM MINIMUM TIME STEP . . . . . . . . . . . . .   0.000000    
 MIN. TIME FLAG (1:STOP, 2:DELETE). . . . . . . .     0

 SPRING TIME STEP SCALE FACTOR. . . . . . . . . .  0.4000000    
 SPRING MINIMUM TIME STEP . . . . . . . . . . . .   0.000000    
 MIN. TIME FLAG (1:STOP, 2:DELETE). . . . . . . .     0

 AIRBAG TIME STEP SCALE FACTOR. . . . . . . . . .  0.4000000    
 AIRBAG MINIMUM TIME STEP . . . . . . . . . . . .   0.000000    
 MIN. TIME FLAG (1:STOP). . . . . . . . . . . . .     0

 CONTACT TIME STEP SCALE FACTOR . . . . . . . . .  0.4000000    
 CONTACT MINIMUM TIME STEP. . . . . . . . . . . .   0.000000    
 MIN. TIME FLAG(1:STOP, 2:REMOVE NODE FROM INTERF)    0

 PRINTOUT CYCLE FREQUENCY . . . . . . . . . . . .  -100

 RESTART CYCLE FREQUENCY. . . . . . . . . . . . .   10000000

 MAXIMUM RESTART WRITE BEFORE OVERWRITE . . . . .     0

 INVERS: INPUT DECK VERSION . . . . . . . . . . .  2026
 ITTYP : FLAG FOR TYPE OF T-FILE. . . . . . . . .     4

 INITIAL TIME STEP. . . . . . . . . . . . . . . .  0.2500000E-04
 MAXIMUM TIME STEP. . . . . . . . . . . . . . . .  0.2500000E-04

 PARALLEL ARITHMETIC ON
 NUMBER OF INTERFACES TO BE ELIMINATED. . . . . .        0

 NUMBER OF PARTS TO BE ELIMINATED . . . . . . . .        0

 NUMBER OF SOLID  ELEMENT BLOCKS TO BE ELIMINATED        0

 NUMBER OF QUAD   ELEMENT BLOCKS TO BE ELIMINATED        0

 NUMBER OF SHELL  ELEMENT BLOCKS TO BE ELIMINATED        0

 NUMBER OF TRUSS  ELEMENT BLOCKS TO BE ELIMINATED        0

 NUMBER OF BEAM   ELEMENT BLOCKS TO BE ELIMINATED        0

 NUMBER OF SPRING ELEMENT BLOCKS TO BE ELIMINATED        0

 NUMBER OF SH_3N  ELEMENT BLOCKS TO BE ELIMINATED        0

 NUMBER OF  SPH PARTICLES BLOCKS TO BE ELIMINATED        0

 NUMBER OF RIGID LINKS. . . . . . . . . . . . . .        0

 NUMBER OF NEW BOUNDARY CONDITIONS. . . . . . . .        0


 TIME FOR FIRST ANIMATION-FILE PLOT . . . . . . .   0.000000    
 TIME INTERVAL FOR ANIMATION-FILE PLOTS . . . . .  0.2500000E-01
 TIME TO STOP ANIMATION-FILE PLOTS. . . . . . . .  0.1000000E+21
 SENSOR FOR ANIMATION-FILE PLOTS. . . . . . . . .          0
 TIME INTERVAL FOR SENSOR ANIMATION-FILE PLOTS. .   0.000000    

 VARIABLE SAVED ON ANIMATION FILES (1: YES) :
      PLASTIC STRAIN. . . . . .     0
      DENSITY     (SOLID ONLY).     0
      SPECIFIC ENERGY . . . . .     1
      HOURGLASS ENERGY. . . . .     0
      TEMPERATURE (SOLID ONLY).     0
      THICKNESS   (SHELL ONLY).     0
      PRESSURE    (SOLID ONLY).     0
      VON MISES . . . . . . . .     0
      TURBULENT ENERGY (FLUID).     0
      TURBULENT VISCOSITY(FLUID)    0
      VORTICITY (FLUID) . . . .     0
 NODAL VALUES SAVED ON ANIMATION FILES (1: YES) :
      PRESSURE. . . . . . . . .     0
      DENSITY . . . . . . . . .     0
      TEMPERATURE . . . . . . .     0
 VECTOR SAVED ON ANIMATION FILES (1: YES) :
      VELOCITY VECTOR . . . . .     1
      DISPLACEMENT VECTOR . . .     1
      ACCELERATION VECTOR . . .     0
      CONTACT FORCES. . . . . .     0
      INTERNAL FORCES . . . . .     0
      EXTERNAL FORCES . . . . .     0
      SECTION RBY RWALL FORCES.     0
      ROTATIONAL VELOCITY VECTOR    0
      CONTACT PRESSURE (VECTORS)    0
 SHELL TENSOR SAVED ON ANIMATION FILES (1: YES) :
      MEMBRANE STRESS . . . . .     0
      BENDING STRESS(MOMENT/T^2)    0
      UPPER LAYER STRESS. . . .     0
      LOWER LAYER STRESS. . . .     0
      MEMBRANE STRAIN . . . . .     0
      CURVATURE . . . . . . . .     0
      UPPER LAYER STRAIN. . . .     0
      LOWER LAYER STRAIN. . . .     0
 NODAL MASS SAVED ON ANIMATION FILES (1: YES) :    1
 KEEP DELETED ELEMENT (1: YES) :    0


 10/10/2026
   CYCLE    TIME      TIME-STEP  ELEMENT          ERROR  I-ENERGY    K-ENERGY T  K-ENERGY R  EXT-WORK     MAS.ERR     TOTAL MASS  MASS ADDED
       0   0.000      0.2072E-05 NODE          21   0.0%   0.000       1233.       134.6       0.000       0.000      0.3660       0.000    
     ANIMATION FILE: A24_CONNECTED_FREE_ROTATION_S100_YA001 WRITTEN
     100  0.2072E-03  0.2072E-05 NODE          31  -0.0%  0.1541E-04   1233.       134.6       0.000       0.000      0.3660       0.000    
     200  0.4144E-03  0.2072E-05 NODE          31  -0.0%  0.2418E-03   1233.       134.6       0.000       0.000      0.3660       0.000    
     300  0.6216E-03  0.2072E-05 NODE          31  -0.0%  0.1185E-02   1233.       134.6       0.000       0.000      0.3660       0.000    
     400  0.8288E-03  0.2072E-05 NODE          31  -0.0%  0.3583E-02   1233.       134.6       0.000       0.000      0.3660       0.000    
     500  0.1036E-02  0.2072E-05 NODE          31  -0.0%  0.8272E-02   1233.       134.6       0.000       0.000      0.3660       0.000    
     600  0.1243E-02  0.2072E-05 NODE          31  -0.0%  0.1604E-01   1233.       134.6       0.000       0.000      0.3660       0.000    
     700  0.1450E-02  0.2072E-05 NODE          31  -0.0%  0.2751E-01   1233.       134.6       0.000       0.000      0.3660       0.000    
     800  0.1658E-02  0.2072E-05 NODE          31  -0.0%  0.4304E-01   1233.       134.6       0.000       0.000      0.3660       0.000    
     900  0.1865E-02  0.2072E-05 NODE          31  -0.0%  0.6276E-01   1233.       134.6       0.000       0.000      0.3660       0.000    
    1000  0.2072E-02  0.2072E-05 NODE          31  -0.0%  0.8652E-01   1233.       134.6       0.000       0.000      0.3660       0.000    
    1100  0.2279E-02  0.2072E-05 NODE          31  -0.0%  0.1141       1233.       134.6       0.000       0.000      0.3660       0.000    
    1200  0.2486E-02  0.2072E-05 NODE          31  -0.0%  0.1451       1233.       134.6       0.000       0.000      0.3660       0.000    
    1300  0.2694E-02  0.2072E-05 NODE          31  -0.0%  0.1792       1233.       134.6       0.000       0.000      0.3660       0.000    
    1400  0.2901E-02  0.2072E-05 NODE          31  -0.0%  0.2163       1233.       134.6       0.000       0.000      0.3660       0.000    
    1500  0.3108E-02  0.2072E-05 NODE          31  -0.0%  0.2563       1233.       134.6       0.000       0.000      0.3660       0.000    
    1600  0.3315E-02  0.2072E-05 NODE          31  -0.0%  0.2992       1233.       134.5       0.000       0.000      0.3660       0.000    
    1700  0.3522E-02  0.2072E-05 NODE          31  -0.0%  0.3450       1233.       134.5       0.000       0.000      0.3660       0.000    
    1800  0.3730E-02  0.2072E-05 NODE          31  -0.0%  0.3938       1233.       134.5       0.000       0.000      0.3660       0.000    
    1900  0.3937E-02  0.2072E-05 NODE          31  -0.0%  0.4455       1233.       134.5       0.000       0.000      0.3660       0.000    
    2000  0.4144E-02  0.2072E-05 NODE          31  -0.0%  0.5000       1233.       134.5       0.000       0.000      0.3660       0.000    
    2100  0.4351E-02  0.2072E-05 NODE          31  -0.0%  0.5570       1233.       134.5       0.000       0.000      0.3660       0.000    
    2200  0.4558E-02  0.2072E-05 NODE          31  -0.0%  0.6163       1233.       134.4       0.000       0.000      0.3660       0.000    
    2300  0.4766E-02  0.2072E-05 NODE          31  -0.0%  0.6776       1233.       134.4       0.000       0.000      0.3660       0.000    
    2400  0.4973E-02  0.2072E-05 NODE          31  -0.0%  0.7408       1233.       134.4       0.000       0.000      0.3660       0.000    
    2500  0.5180E-02  0.2072E-05 NODE          31  -0.0%  0.8056       1233.       134.4       0.000       0.000      0.3660       0.000    
    2600  0.5387E-02  0.2072E-05 NODE          31  -0.0%  0.8721       1233.       134.4       0.000       0.000      0.3660       0.000    
    2700  0.5594E-02  0.2072E-05 NODE          31  -0.0%  0.9404       1233.       134.4       0.000       0.000      0.3660       0.000    
    2800  0.5802E-02  0.2072E-05 NODE          31  -0.0%   1.010       1232.       134.3       0.000       0.000      0.3660       0.000    
    2900  0.6009E-02  0.2072E-05 NODE          31  -0.0%   1.082       1232.       134.3       0.000       0.000      0.3660       0.000    
    3000  0.6216E-02  0.2072E-05 NODE          31  -0.0%   1.155       1232.       134.3       0.000       0.000      0.3660       0.000    
    3100  0.6423E-02  0.2072E-05 NODE          31  -0.0%   1.230       1232.       134.3       0.000       0.000      0.3660       0.000    
    3200  0.6630E-02  0.2072E-05 NODE          31  -0.0%   1.304       1232.       134.3       0.000       0.000      0.3660       0.000    
    3300  0.6838E-02  0.2072E-05 NODE          31  -0.0%   1.378       1232.       134.2       0.000       0.000      0.3660       0.000    
    3400  0.7045E-02  0.2072E-05 NODE          31  -0.0%   1.450       1232.       134.2       0.000       0.000      0.3660       0.000    
    3500  0.7252E-02  0.2072E-05 NODE          31  -0.0%   1.519       1232.       134.2       0.000       0.000      0.3660       0.000    
    3600  0.7459E-02  0.2072E-05 NODE          31  -0.0%   1.586       1232.       134.2       0.000       0.000      0.3660       0.000    
    3700  0.7666E-02  0.2072E-05 NODE          31  -0.0%   1.648       1232.       134.2       0.000       0.000      0.3660       0.000    
    3800  0.7873E-02  0.2072E-05 NODE          31  -0.0%   1.707       1232.       134.2       0.000       0.000      0.3660       0.000    
    3900  0.8081E-02  0.2072E-05 NODE          31  -0.0%   1.761       1232.       134.2       0.000       0.000      0.3660       0.000    
    4000  0.8288E-02  0.2072E-05 NODE          31  -0.0%   1.813       1232.       134.2       0.000       0.000      0.3660       0.000    
    4100  0.8495E-02  0.2072E-05 NODE          31  -0.0%   1.861       1232.       134.2       0.000       0.000      0.3660       0.000    
    4200  0.8702E-02  0.2072E-05 NODE          31  -0.0%   1.907       1232.       134.2       0.000       0.000      0.3660       0.000    
    4300  0.8909E-02  0.2072E-05 NODE          31  -0.0%   1.951       1232.       134.2       0.000       0.000      0.3660       0.000    
    4400  0.9117E-02  0.2072E-05 NODE          31  -0.0%   1.992       1232.       134.2       0.000       0.000      0.3660       0.000    
    4500  0.9324E-02  0.2072E-05 NODE          31  -0.0%   2.032       1232.       134.2       0.000       0.000      0.3660       0.000    
    4600  0.9531E-02  0.2072E-05 NODE          31  -0.0%   2.069       1232.       134.2       0.000       0.000      0.3660       0.000    
    4700  0.9738E-02  0.2072E-05 NODE          31  -0.0%   2.105       1231.       134.3       0.000       0.000      0.3660       0.000    
    4800  0.9945E-02  0.2072E-05 NODE          31  -0.0%   2.138       1231.       134.3       0.000       0.000      0.3660       0.000    
    4900  0.1015E-01  0.2072E-05 NODE          31  -0.0%   2.169       1231.       134.4       0.000       0.000      0.3660       0.000    
    5000  0.1036E-01  0.2072E-05 NODE          31  -0.0%   2.198       1231.       134.4       0.000       0.000      0.3660       0.000    
    5100  0.1057E-01  0.2072E-05 NODE          31  -0.0%   2.226       1231.       134.5       0.000       0.000      0.3660       0.000    
    5200  0.1077E-01  0.2072E-05 NODE          31  -0.0%   2.254       1231.       134.5       0.000       0.000      0.3660       0.000    
    5300  0.1098E-01  0.2072E-05 NODE          31  -0.0%   2.283       1231.       134.6       0.000       0.000      0.3660       0.000    
    5400  0.1119E-01  0.2072E-05 NODE          31  -0.0%   2.313       1231.       134.7       0.000       0.000      0.3660       0.000    
    5500  0.1140E-01  0.2072E-05 NODE          31  -0.0%   2.344       1231.       134.7       0.000       0.000      0.3660       0.000    
    5600  0.1160E-01  0.2072E-05 NODE          31  -0.0%   2.378       1231.       134.8       0.000       0.000      0.3660       0.000    
    5700  0.1181E-01  0.2072E-05 NODE          31  -0.0%   2.413       1231.       134.9       0.000       0.000      0.3660       0.000    
    5800  0.1202E-01  0.2072E-05 NODE          31  -0.0%   2.452       1230.       135.0       0.000       0.000      0.3660       0.000    
    5900  0.1222E-01  0.2072E-05 NODE          31  -0.0%   2.492       1230.       135.0       0.000       0.000      0.3660       0.000    
    6000  0.1243E-01  0.2072E-05 NODE          31  -0.0%   2.534       1230.       135.1       0.000       0.000      0.3660       0.000    
    6100  0.1264E-01  0.2072E-05 NODE          31  -0.0%   2.579       1230.       135.2       0.000       0.000      0.3660       0.000    
    6200  0.1285E-01  0.2072E-05 NODE          31  -0.0%   2.626       1230.       135.2       0.000       0.000      0.3660       0.000    
    6300  0.1305E-01  0.2072E-05 NODE          31  -0.0%   2.676       1230.       135.3       0.000       0.000      0.3660       0.000    
    6400  0.1326E-01  0.2072E-05 NODE          31  -0.0%   2.729       1230.       135.4       0.000       0.000      0.3660       0.000    
    6500  0.1347E-01  0.2072E-05 NODE          31  -0.0%   2.785       1230.       135.4       0.000       0.000      0.3660       0.000    
    6600  0.1367E-01  0.2072E-05 NODE          31  -0.0%   2.845       1229.       135.5       0.000       0.000      0.3660       0.000    
    6700  0.1388E-01  0.2072E-05 NODE          31  -0.0%   2.909       1229.       135.6       0.000       0.000      0.3660       0.000    
    6800  0.1409E-01  0.2072E-05 NODE          31  -0.0%   2.978       1229.       135.6       0.000       0.000      0.3660       0.000    
    6900  0.1430E-01  0.2072E-05 NODE          31  -0.0%   3.050       1229.       135.7       0.000       0.000      0.3660       0.000    
    7000  0.1450E-01  0.2072E-05 NODE          31  -0.0%   3.127       1229.       135.7       0.000       0.000      0.3660       0.000    
    7100  0.1471E-01  0.2072E-05 NODE          31  -0.0%   3.206       1229.       135.8       0.000       0.000      0.3660       0.000    
    7200  0.1492E-01  0.2072E-05 NODE          31  -0.0%   3.289       1229.       135.9       0.000       0.000      0.3660       0.000    
    7300  0.1513E-01  0.2072E-05 NODE          31  -0.0%   3.374       1229.       135.9       0.000       0.000      0.3660       0.000    
    7400  0.1533E-01  0.2072E-05 NODE          31  -0.0%   3.461       1228.       136.0       0.000       0.000      0.3660       0.000    
    7500  0.1554E-01  0.2072E-05 NODE          31  -0.0%   3.549       1228.       136.0       0.000       0.000      0.3660       0.000    
    7600  0.1575E-01  0.2072E-05 NODE          31  -0.0%   3.638       1228.       136.1       0.000       0.000      0.3660       0.000    
    7700  0.1595E-01  0.2072E-05 NODE          31  -0.0%   3.728       1228.       136.1       0.000       0.000      0.3660       0.000    
    7800  0.1616E-01  0.2072E-05 NODE          31  -0.0%   3.817       1228.       136.2       0.000       0.000      0.3660       0.000    
    7900  0.1637E-01  0.2072E-05 NODE          31  -0.0%   3.905       1228.       136.2       0.000       0.000      0.3660       0.000    
    8000  0.1658E-01  0.2072E-05 NODE          31  -0.0%   3.990       1228.       136.3       0.000       0.000      0.3660       0.000    
    8100  0.1678E-01  0.2072E-05 NODE          31  -0.0%   4.071       1227.       136.3       0.000       0.000      0.3660       0.000    
    8200  0.1699E-01  0.2072E-05 NODE          31  -0.0%   4.147       1227.       136.3       0.000       0.000      0.3660       0.000    
    8300  0.1720E-01  0.2072E-05 NODE          31  -0.0%   4.218       1227.       136.4       0.000       0.000      0.3660       0.000    
    8400  0.1740E-01  0.2072E-05 NODE          31  -0.0%   4.282       1227.       136.4       0.000       0.000      0.3660       0.000    
    8500  0.1761E-01  0.2072E-05 NODE          31  -0.0%   4.339       1227.       136.5       0.000       0.000      0.3660       0.000    
    8600  0.1782E-01  0.2072E-05 NODE          31  -0.0%   4.390       1227.       136.5       0.000       0.000      0.3660       0.000    
    8700  0.1803E-01  0.2072E-05 NODE          31  -0.0%   4.436       1227.       136.5       0.000       0.000      0.3660       0.000    
    8800  0.1823E-01  0.2072E-05 NODE          31  -0.0%   4.478       1227.       136.6       0.000       0.000      0.3660       0.000    
    8900  0.1844E-01  0.2072E-05 NODE          31  -0.0%   4.516       1227.       136.6       0.000       0.000      0.3660       0.000    
    9000  0.1865E-01  0.2072E-05 NODE          31  -0.0%   4.554       1227.       136.7       0.000       0.000      0.3660       0.000    
    9100  0.1885E-01  0.2072E-05 NODE          31  -0.0%   4.591       1227.       136.7       0.000       0.000      0.3660       0.000    
    9200  0.1906E-01  0.2072E-05 NODE          31  -0.0%   4.629       1226.       136.8       0.000       0.000      0.3660       0.000    
    9300  0.1927E-01  0.2072E-05 NODE          31  -0.0%   4.668       1226.       136.8       0.000       0.000      0.3660       0.000    
    9400  0.1948E-01  0.2072E-05 NODE          31  -0.0%   4.710       1226.       136.9       0.000       0.000      0.3660       0.000    
    9500  0.1968E-01  0.2072E-05 NODE          31  -0.0%   4.754       1226.       136.9       0.000       0.000      0.3660       0.000    
    9600  0.1989E-01  0.2072E-05 NODE          31  -0.0%   4.800       1226.       137.0       0.000       0.000      0.3660       0.000    
    9700  0.2010E-01  0.2072E-05 NODE          31  -0.0%   4.847       1226.       137.1       0.000       0.000      0.3660       0.000    
    9800  0.2031E-01  0.2072E-05 NODE          31  -0.0%   4.895       1226.       137.1       0.000       0.000      0.3660       0.000    
    9900  0.2051E-01  0.2072E-05 NODE          31  -0.0%   4.944       1226.       137.2       0.000       0.000      0.3660       0.000    
   CYCLE    TIME      TIME-STEP  ELEMENT          ERROR  I-ENERGY    K-ENERGY T  K-ENERGY R  EXT-WORK     MAS.ERR     TOTAL MASS  MASS ADDED
   10000  0.2072E-01  0.2072E-05 NODE          31  -0.0%   4.994       1226.       137.3       0.000       0.000      0.3660       0.000    
   10100  0.2093E-01  0.2072E-05 NODE          31  -0.0%   5.044       1225.       137.4       0.000       0.000      0.3660       0.000    
   10200  0.2113E-01  0.2072E-05 NODE          31  -0.0%   5.095       1225.       137.5       0.000       0.000      0.3660       0.000    
   10300  0.2134E-01  0.2072E-05 NODE          31  -0.0%   5.146       1225.       137.5       0.000       0.000      0.3660       0.000    
   10400  0.2155E-01  0.2072E-05 NODE          31  -0.0%   5.195       1225.       137.6       0.000       0.000      0.3660       0.000    
   10500  0.2176E-01  0.2072E-05 NODE          31  -0.0%   5.244       1225.       137.7       0.000       0.000      0.3660       0.000    
   10600  0.2196E-01  0.2072E-05 NODE          31  -0.0%   5.291       1225.       137.8       0.000       0.000      0.3660       0.000    
   10700  0.2217E-01  0.2072E-05 NODE          31  -0.0%   5.336       1225.       137.9       0.000       0.000      0.3660       0.000    
   10800  0.2238E-01  0.2072E-05 NODE          31  -0.0%   5.379       1224.       137.9       0.000       0.000      0.3660       0.000    
   10900  0.2258E-01  0.2072E-05 NODE          31  -0.0%   5.419       1224.       138.0       0.000       0.000      0.3660       0.000    
   11000  0.2279E-01  0.2072E-05 NODE          31  -0.0%   5.456       1224.       138.1       0.000       0.000      0.3660       0.000    
   11100  0.2300E-01  0.2072E-05 NODE          31  -0.0%   5.490       1224.       138.2       0.000       0.000      0.3660       0.000    
   11200  0.2321E-01  0.2072E-05 NODE          31  -0.0%   5.523       1224.       138.2       0.000       0.000      0.3660       0.000    
   11300  0.2341E-01  0.2072E-05 NODE          31  -0.0%   5.553       1224.       138.3       0.000       0.000      0.3660       0.000    
   11400  0.2362E-01  0.2072E-05 NODE          31  -0.0%   5.582       1224.       138.4       0.000       0.000      0.3660       0.000    
   11500  0.2383E-01  0.2072E-05 NODE          31  -0.0%   5.609       1224.       138.5       0.000       0.000      0.3660       0.000    
   11600  0.2403E-01  0.2072E-05 NODE          31  -0.0%   5.635       1224.       138.6       0.000       0.000      0.3660       0.000    
   11700  0.2424E-01  0.2072E-05 NODE          31  -0.0%   5.660       1223.       138.7       0.000       0.000      0.3660       0.000    
   11800  0.2445E-01  0.2072E-05 NODE          31  -0.0%   5.683       1223.       138.8       0.000       0.000      0.3660       0.000    
   11900  0.2466E-01  0.2072E-05 NODE          31  -0.0%   5.704       1223.       138.9       0.000       0.000      0.3660       0.000    
   12000  0.2486E-01  0.2072E-05 NODE          31  -0.0%   5.723       1223.       139.0       0.000       0.000      0.3660       0.000    
     ANIMATION FILE: A24_CONNECTED_FREE_ROTATION_S100_YA002 WRITTEN
   12100  0.2507E-01  0.2072E-05 NODE          31  -0.0%   5.739       1223.       139.1       0.000       0.000      0.3660       0.000    
   12200  0.2528E-01  0.2072E-05 NODE          31  -0.0%   5.753       1223.       139.2       0.000       0.000      0.3660       0.000    
   12300  0.2548E-01  0.2072E-05 NODE          31  -0.0%   5.765       1223.       139.3       0.000       0.000      0.3660       0.000    
   12400  0.2569E-01  0.2072E-05 NODE          31  -0.0%   5.776       1223.       139.4       0.000       0.000      0.3660       0.000    
   12500  0.2590E-01  0.2072E-05 NODE          31  -0.0%   5.786       1222.       139.5       0.000       0.000      0.3660       0.000    
   12600  0.2611E-01  0.2072E-05 NODE          31  -0.0%   5.796       1222.       139.6       0.000       0.000      0.3660       0.000    
   12700  0.2631E-01  0.2072E-05 NODE          31  -0.0%   5.806       1222.       139.7       0.000       0.000      0.3660       0.000    
   12800  0.2652E-01  0.2072E-05 NODE          31  -0.0%   5.816       1222.       139.8       0.000       0.000      0.3660       0.000    
   12900  0.2673E-01  0.2072E-05 NODE          31  -0.0%   5.826       1222.       139.9       0.000       0.000      0.3660       0.000    
   13000  0.2694E-01  0.2072E-05 NODE          31  -0.0%   5.836       1222.       140.0       0.000       0.000      0.3660       0.000    
   13100  0.2714E-01  0.2072E-05 NODE          31  -0.0%   5.844       1222.       140.1       0.000       0.000      0.3660       0.000    
   13200  0.2735E-01  0.2072E-05 NODE          31  -0.0%   5.851       1222.       140.1       0.000       0.000      0.3660       0.000    
   13300  0.2756E-01  0.2072E-05 NODE          31  -0.0%   5.856       1222.       140.2       0.000       0.000      0.3660       0.000    
   13400  0.2776E-01  0.2072E-05 NODE          31  -0.0%   5.860       1222.       140.2       0.000       0.000      0.3660       0.000    
   13500  0.2797E-01  0.2072E-05 NODE          31  -0.0%   5.863       1222.       140.3       0.000       0.000      0.3660       0.000    
   13600  0.2818E-01  0.2072E-05 NODE          31  -0.0%   5.865       1222.       140.3       0.000       0.000      0.3660       0.000    
   13700  0.2839E-01  0.2072E-05 NODE          31  -0.0%   5.867       1222.       140.4       0.000       0.000      0.3660       0.000    
   13800  0.2859E-01  0.2072E-05 NODE          31  -0.0%   5.869       1222.       140.4       0.000       0.000      0.3660       0.000    
   13900  0.2880E-01  0.2072E-05 NODE          31  -0.0%   5.873       1222.       140.4       0.000       0.000      0.3660       0.000    
   14000  0.2901E-01  0.2072E-05 NODE          31  -0.0%   5.879       1221.       140.4       0.000       0.000      0.3660       0.000    
   14100  0.2921E-01  0.2072E-05 NODE          31  -0.0%   5.886       1221.       140.5       0.000       0.000      0.3660       0.000    
   14200  0.2942E-01  0.2072E-05 NODE          31  -0.0%   5.895       1221.       140.5       0.000       0.000      0.3660       0.000    
   14300  0.2963E-01  0.2072E-05 NODE          31  -0.0%   5.905       1221.       140.6       0.000       0.000      0.3660       0.000    
   14400  0.2984E-01  0.2072E-05 NODE          31  -0.0%   5.916       1221.       140.6       0.000       0.000      0.3660       0.000    
   14500  0.3004E-01  0.2072E-05 NODE          31  -0.0%   5.928       1221.       140.6       0.000       0.000      0.3660       0.000    
   14600  0.3025E-01  0.2072E-05 NODE          31  -0.0%   5.941       1221.       140.7       0.000       0.000      0.3660       0.000    
   14700  0.3046E-01  0.2072E-05 NODE          31  -0.0%   5.953       1221.       140.8       0.000       0.000      0.3660       0.000    
   14800  0.3066E-01  0.2072E-05 NODE          31  -0.0%   5.966       1221.       140.8       0.000       0.000      0.3660       0.000    
   14900  0.3087E-01  0.2072E-05 NODE          31  -0.0%   5.979       1221.       140.9       0.000       0.000      0.3660       0.000    
   15000  0.3108E-01  0.2072E-05 NODE          31  -0.0%   5.993       1221.       141.0       0.000       0.000      0.3660       0.000    
   15100  0.3129E-01  0.2072E-05 NODE          31  -0.0%   6.007       1221.       141.0       0.000       0.000      0.3660       0.000    
   15200  0.3149E-01  0.2072E-05 NODE          31  -0.0%   6.023       1221.       141.1       0.000       0.000      0.3660       0.000    
   15300  0.3170E-01  0.2072E-05 NODE          31  -0.0%   6.039       1221.       141.2       0.000       0.000      0.3660       0.000    
   15400  0.3191E-01  0.2072E-05 NODE          31  -0.0%   6.057       1220.       141.2       0.000       0.000      0.3660       0.000    
   15500  0.3211E-01  0.2072E-05 NODE          31  -0.0%   6.076       1220.       141.3       0.000       0.000      0.3660       0.000    
   15600  0.3232E-01  0.2072E-05 NODE          31  -0.0%   6.095       1220.       141.4       0.000       0.000      0.3660       0.000    
   15700  0.3253E-01  0.2072E-05 NODE          31  -0.0%   6.116       1220.       141.5       0.000       0.000      0.3660       0.000    
   15800  0.3274E-01  0.2072E-05 NODE          31  -0.0%   6.139       1220.       141.5       0.000       0.000      0.3660       0.000    
   15900  0.3294E-01  0.2072E-05 NODE          31  -0.0%   6.164       1220.       141.6       0.000       0.000      0.3660       0.000    
   16000  0.3315E-01  0.2072E-05 NODE          31  -0.0%   6.191       1220.       141.7       0.000       0.000      0.3660       0.000    
   16100  0.3336E-01  0.2072E-05 NODE          31  -0.0%   6.220       1220.       141.7       0.000       0.000      0.3660       0.000    
   16200  0.3356E-01  0.2072E-05 NODE          31  -0.0%   6.254       1220.       141.8       0.000       0.000      0.3660       0.000    
   16300  0.3377E-01  0.2072E-05 NODE          31  -0.0%   6.290       1220.       141.9       0.000       0.000      0.3660       0.000    
   16400  0.3398E-01  0.2072E-05 NODE          31  -0.0%   6.330       1220.       142.0       0.000       0.000      0.3660       0.000    
   16500  0.3419E-01  0.2072E-05 NODE          31  -0.0%   6.374       1219.       142.0       0.000       0.000      0.3660       0.000    
   16600  0.3439E-01  0.2072E-05 NODE          31  -0.0%   6.420       1219.       142.1       0.000       0.000      0.3660       0.000    
   16700  0.3460E-01  0.2072E-05 NODE          31  -0.0%   6.468       1219.       142.2       0.000       0.000      0.3660       0.000    
   16800  0.3481E-01  0.2072E-05 NODE          31  -0.0%   6.518       1219.       142.3       0.000       0.000      0.3660       0.000    
   16900  0.3502E-01  0.2072E-05 NODE          31  -0.0%   6.570       1219.       142.4       0.000       0.000      0.3660       0.000    
   17000  0.3522E-01  0.2072E-05 NODE          31  -0.0%   6.623       1219.       142.5       0.000       0.000      0.3660       0.000    
   17100  0.3543E-01  0.2072E-05 NODE          31  -0.0%   6.678       1219.       142.6       0.000       0.000      0.3660       0.000    
   17200  0.3564E-01  0.2072E-05 NODE          31  -0.0%   6.734       1218.       142.7       0.000       0.000      0.3660       0.000    
   17300  0.3584E-01  0.2072E-05 NODE          31  -0.0%   6.793       1218.       142.8       0.000       0.000      0.3660       0.000    
   17400  0.3605E-01  0.2072E-05 NODE          31  -0.0%   6.856       1218.       142.9       0.000       0.000      0.3660       0.000    
   17500  0.3626E-01  0.2072E-05 NODE          31  -0.0%   6.921       1218.       143.0       0.000       0.000      0.3660       0.000    
   17600  0.3647E-01  0.2072E-05 NODE          31  -0.0%   6.989       1218.       143.1       0.000       0.000      0.3660       0.000    
   17700  0.3667E-01  0.2072E-05 NODE          31  -0.0%   7.060       1218.       143.2       0.000       0.000      0.3660       0.000    
   17800  0.3688E-01  0.2072E-05 NODE          31  -0.0%   7.134       1217.       143.3       0.000       0.000      0.3660       0.000    
   17900  0.3709E-01  0.2072E-05 NODE          31  -0.0%   7.208       1217.       143.4       0.000       0.000      0.3660       0.000    
   18000  0.3729E-01  0.2072E-05 NODE          31  -0.0%   7.282       1217.       143.4       0.000       0.000      0.3660       0.000    
   18100  0.3750E-01  0.2072E-05 NODE          31  -0.0%   7.356       1217.       143.5       0.000       0.000      0.3660       0.000    
   18200  0.3771E-01  0.2072E-05 NODE          31  -0.0%   7.427       1217.       143.6       0.000       0.000      0.3660       0.000    
   18300  0.3792E-01  0.2072E-05 NODE          31  -0.0%   7.495       1217.       143.6       0.000       0.000      0.3660       0.000    
   18400  0.3812E-01  0.2072E-05 NODE          31  -0.0%   7.560       1217.       143.7       0.000       0.000      0.3660       0.000    
   18500  0.3833E-01  0.2072E-05 NODE          31  -0.0%   7.622       1216.       143.7       0.000       0.000      0.3660       0.000    
   18600  0.3854E-01  0.2072E-05 NODE          31  -0.0%   7.680       1216.       143.7       0.000       0.000      0.3660       0.000    
   18700  0.3874E-01  0.2072E-05 NODE          31  -0.0%   7.736       1216.       143.7       0.000       0.000      0.3660       0.000    
   18800  0.3895E-01  0.2072E-05 NODE          31  -0.0%   7.789       1216.       143.7       0.000       0.000      0.3660       0.000    
   18900  0.3916E-01  0.2072E-05 NODE          31  -0.0%   7.841       1216.       143.7       0.000       0.000      0.3660       0.000    
   19000  0.3937E-01  0.2072E-05 NODE          31  -0.0%   7.890       1216.       143.8       0.000       0.000      0.3660       0.000    
   19100  0.3957E-01  0.2072E-05 NODE          31  -0.0%   7.939       1216.       143.8       0.000       0.000      0.3660       0.000    
   19200  0.3978E-01  0.2072E-05 NODE          31  -0.0%   7.988       1216.       143.8       0.000       0.000      0.3660       0.000    
   19300  0.3999E-01  0.2072E-05 NODE          31  -0.0%   8.037       1216.       143.8       0.000       0.000      0.3660       0.000    
   19400  0.4019E-01  0.2072E-05 NODE          31  -0.0%   8.087       1216.       143.8       0.000       0.000      0.3660       0.000    
   19500  0.4040E-01  0.2072E-05 NODE          31  -0.0%   8.138       1216.       143.8       0.000       0.000      0.3660       0.000    
   19600  0.4061E-01  0.2072E-05 NODE          31  -0.0%   8.193       1216.       143.8       0.000       0.000      0.3660       0.000    
   19700  0.4082E-01  0.2072E-05 NODE          31  -0.0%   8.250       1216.       143.8       0.000       0.000      0.3660       0.000    
   19800  0.4102E-01  0.2072E-05 NODE          31  -0.0%   8.312       1216.       143.8       0.000       0.000      0.3660       0.000    
   19900  0.4123E-01  0.2072E-05 NODE          31  -0.0%   8.379       1216.       143.8       0.000       0.000      0.3660       0.000    
   CYCLE    TIME      TIME-STEP  ELEMENT          ERROR  I-ENERGY    K-ENERGY T  K-ENERGY R  EXT-WORK     MAS.ERR     TOTAL MASS  MASS ADDED
   20000  0.4144E-01  0.2072E-05 NODE          31  -0.0%   8.450       1216.       143.8       0.000       0.000      0.3660       0.000    
   20100  0.4164E-01  0.2072E-05 NODE          31  -0.0%   8.525       1215.       143.9       0.000       0.000      0.3660       0.000    
   20200  0.4185E-01  0.2072E-05 NODE          31  -0.0%   8.605       1215.       143.9       0.000       0.000      0.3660       0.000    
   20300  0.4206E-01  0.2072E-05 NODE          31  -0.0%   8.688       1215.       143.9       0.000       0.000      0.3660       0.000    
   20400  0.4227E-01  0.2072E-05 NODE          31  -0.0%   8.775       1215.       143.9       0.000       0.000      0.3660       0.000    
   20500  0.4247E-01  0.2072E-05 NODE          31  -0.0%   8.865       1215.       143.9       0.000       0.000      0.3660       0.000    
   20600  0.4268E-01  0.2072E-05 NODE          31  -0.0%   8.958       1215.       143.9       0.000       0.000      0.3660       0.000    
   20700  0.4289E-01  0.2072E-05 NODE          31  -0.0%   9.053       1215.       143.9       0.000       0.000      0.3660       0.000    
   20800  0.4309E-01  0.2072E-05 NODE          31  -0.0%   9.152       1215.       143.9       0.000       0.000      0.3660       0.000    
   20900  0.4330E-01  0.2072E-05 NODE          31  -0.0%   9.255       1215.       143.9       0.000       0.000      0.3660       0.000    
   21000  0.4351E-01  0.2072E-05 NODE          31  -0.0%   9.362       1215.       143.9       0.000       0.000      0.3660       0.000    
   21100  0.4372E-01  0.2072E-05 NODE          31  -0.0%   9.475       1214.       143.9       0.000       0.000      0.3660       0.000    
   21200  0.4392E-01  0.2072E-05 NODE          31  -0.0%   9.592       1214.       143.9       0.000       0.000      0.3660       0.000    
   21300  0.4413E-01  0.2072E-05 NODE          31  -0.0%   9.715       1214.       143.8       0.000       0.000      0.3660       0.000    
   21400  0.4434E-01  0.2072E-05 NODE          31  -0.0%   9.843       1214.       143.8       0.000       0.000      0.3660       0.000    
   21500  0.4454E-01  0.2072E-05 NODE          31  -0.0%   9.976       1214.       143.8       0.000       0.000      0.3660       0.000    
   21600  0.4475E-01  0.2072E-05 NODE          31  -0.0%   10.11       1214.       143.8       0.000       0.000      0.3660       0.000    
   21700  0.4496E-01  0.2072E-05 NODE          31  -0.0%   10.25       1214.       143.8       0.000       0.000      0.3660       0.000    
   21800  0.4517E-01  0.2072E-05 NODE          31  -0.0%   10.39       1214.       143.8       0.000       0.000      0.3660       0.000    
   21900  0.4537E-01  0.2072E-05 NODE          31  -0.0%   10.54       1213.       143.8       0.000       0.000      0.3660       0.000    
   22000  0.4558E-01  0.2072E-05 NODE          31  -0.0%   10.69       1213.       143.8       0.000       0.000      0.3660       0.000    
   22100  0.4579E-01  0.2072E-05 NODE          31  -0.0%   10.83       1213.       143.8       0.000       0.000      0.3660       0.000    
   22200  0.4599E-01  0.2072E-05 NODE          31  -0.0%   10.98       1213.       143.9       0.000       0.000      0.3660       0.000    
   22300  0.4620E-01  0.2072E-05 NODE          31  -0.0%   11.13       1213.       143.9       0.000       0.000      0.3660       0.000    
   22400  0.4641E-01  0.2072E-05 NODE          31  -0.0%   11.29       1213.       143.9       0.000       0.000      0.3660       0.000    
   22500  0.4662E-01  0.2072E-05 NODE          31  -0.0%   11.44       1212.       143.9       0.000       0.000      0.3660       0.000    
   22600  0.4682E-01  0.2071E-05 NODE          31  -0.0%   11.60       1212.       143.9       0.000       0.000      0.3660       0.000    
   22700  0.4703E-01  0.2071E-05 NODE          31  -0.0%   11.75       1212.       143.9       0.000       0.000      0.3660       0.000    
   22800  0.4724E-01  0.2071E-05 NODE          31  -0.0%   11.90       1212.       143.9       0.000       0.000      0.3660       0.000    
   22900  0.4744E-01  0.2071E-05 NODE          31  -0.0%   12.06       1212.       143.9       0.000       0.000      0.3660       0.000    
   23000  0.4765E-01  0.2071E-05 NODE          31  -0.0%   12.21       1212.       143.9       0.000       0.000      0.3660       0.000    
   23100  0.4786E-01  0.2071E-05 NODE          31  -0.0%   12.35       1212.       143.9       0.000       0.000      0.3660       0.000    
   23200  0.4807E-01  0.2071E-05 NODE          31  -0.0%   12.50       1211.       143.9       0.000       0.000      0.3660       0.000    
   23300  0.4827E-01  0.2071E-05 NODE          31  -0.0%   12.65       1211.       143.8       0.000       0.000      0.3660       0.000    
   23400  0.4848E-01  0.2071E-05 NODE          31  -0.0%   12.79       1211.       143.8       0.000       0.000      0.3660       0.000    
   23500  0.4869E-01  0.2071E-05 NODE          31  -0.0%   12.93       1211.       143.7       0.000       0.000      0.3660       0.000    
   23600  0.4889E-01  0.2071E-05 NODE          31  -0.0%   13.07       1211.       143.7       0.000       0.000      0.3660       0.000    
   23700  0.4910E-01  0.2071E-05 NODE          31  -0.0%   13.21       1211.       143.6       0.000       0.000      0.3660       0.000    
   23800  0.4931E-01  0.2071E-05 NODE          31  -0.0%   13.35       1211.       143.5       0.000       0.000      0.3660       0.000    
   23900  0.4952E-01  0.2071E-05 NODE          31  -0.0%   13.48       1211.       143.4       0.000       0.000      0.3660       0.000    
   24000  0.4972E-01  0.2071E-05 NODE          31  -0.0%   13.62       1211.       143.3       0.000       0.000      0.3660       0.000    
   24100  0.4993E-01  0.2071E-05 NODE          31  -0.0%   13.75       1211.       143.2       0.000       0.000      0.3660       0.000    

     RESTART FILES: A24_CONNECTED_FREE_ROTATION_S100_Y_0001_[0001-0001].rst WRITTEN
     -------------

     ANIMATION FILE: A24_CONNECTED_FREE_ROTATION_S100_YA003 WRITTEN
  
                           ** CPU USER TIME **
  
  
                        ** SUMMARY **
  
 #PROC  CONTSORT  CONTFOR   ELEMENT   KINCOND   INTEG     IO        T0        ASM       RESOL    
   1   .2969E+00 .7812E-01 .2656E+01 .6250E-01 .1250E+00 .1406E+00 .4844E+00 .1562E+00 .4469E+01
  
 
                   ** CUMULATIVE CPU TIME SUMMARY **
  
 CONTACT SORTING.............: .2969E+00     6.64 % 
 CONTACT FORCES..............: .7812E-01     1.75 % 
 ELEMENT FORCES..............: .2656E+01    59.44 % 
 KINEMATIC COND..............: .6250E-01     1.40 % 
 INTEGRATION.................: .1250E+00     2.80 % 
 ASSEMBLING..................: .1562E+00     3.50 % 
 OTHERS (including I/O)......: .1094E+01    24.48 % 
 TOTAL.......................: .4469E+01   100.00 % 
  
  
                           ** ELAPSED TIME **
  
  
                        ** SUMMARY **
  
 #PROC  CONTSORT  CONTFOR   ELEMENT   KINCOND   INTEG     IO        T0        ASM       RESOL    
   1   .3374E+00 .4552E-01 .2741E+01 .7356E-01 .9551E-01 .2153E+00 .4576E+00 .7418E-01 .4463E+01
  
                   ** MEMORY USAGE STATISTICS **
  
 TOTAL MEMORY USED .........................:       60 MB
 MAXIMUM MEMORY PER PROCESSOR...............:       60 MB
 MINIMUM MEMORY PER PROCESSOR...............:       60 MB
 AVERAGE MEMORY PER PROCESSOR...............:       60 MB
  
                   ** DISK USAGE STATISTICS **
  
 TOTAL DISK SPACE USED .....................:          0 MB
 ANIMATION/H3D/TH/OUTP SIZE ................:          0 MB
 RESTART FILE SIZE .........................:          0 MB
  
                   ** COMPUTE TIME INFORMATION **
                        ** CURRENT ENGINE **
  
 EXECUTION STARTED .........................:      2026/10/10  11:32:23
 EXECUTION COMPLETED .......................:      2026/10/10  11:32:27
  
 ELAPSED TIME     =          4.50 s
                          0:00:04



     NORMAL TERMINATION      



     TOTAL NUMBER OF CYCLES  :   24135

  
                   ** COMPUTE RUNTIME INFORMATION SUMMARY **
  
        STARTER RUNTIME =          0.64s (00:00:00)
 # 001   ENGINE RUNTIME =          4.50s (00:00:04)
 ------------------------------ 
 STARTER+ENGINE RUNTIME =          5.14s (00:00:05)
  
