************************************************************************
**                                                                    **
**                                                                    **
**                         OpenRadioss Engine                         **
**                                                                    **
**            Non-linear Finite Element Analysis Software             **
**                                                                    **
**                                                                    **
**                                                                    **
**                  Windows 64 bits, Intel compiler                   **
**                      Double Precision Version                      **
**                                                                    **
**                                                                    **
**                                                                    **
************************************************************************
** OpenRadioss Software                                               **
** COPYRIGHT (C) 2026 Siemens                                         **
** Licensed under GNU Affero General Public License.                  **
** See License file.                                                  **
************************************************************************
 
 ROOT: A24_CONNECTED_FREE_ROTATION_S100_Y  RESTART: 0001
 NUMBER OF HMPP PROCESSES     1
 10/10/2026
 NC=       0 T= 0.0000E+00 DT= 2.0720E-06 ERR=  0.0% DM/M= 0.0000E+00
     ANIMATION FILE: A24_CONNECTED_FREE_ROTATION_S100_YA001 WRITTEN
 NC=     100 T= 2.0720E-04 DT= 2.0720E-06 ERR= -0.0% DM/M= 0.0000E+00
 ELAPSED TIME=          0.05 s  REMAINING TIME=         13.18 s
 NC=     200 T= 4.1440E-04 DT= 2.0720E-06 ERR= -0.0% DM/M= 0.0000E+00
 ELAPSED TIME=          0.07 s  REMAINING TIME=          8.79 s
 NC=     300 T= 6.2160E-04 DT= 2.0720E-06 ERR= -0.0% DM/M= 0.0000E+00
 ELAPSED TIME=          0.09 s  REMAINING TIME=          7.31 s
 NC=     400 T= 8.2879E-04 DT= 2.0720E-06 ERR= -0.0% DM/M= 0.0000E+00
 ELAPSED TIME=          0.11 s  REMAINING TIME=          6.55 s
 NC=     500 T= 1.0360E-03 DT= 2.0720E-06 ERR= -0.0% DM/M= 0.0000E+00
 ELAPSED TIME=          0.13 s  REMAINING TIME=          6.13 s
 NC=     600 T= 1.2432E-03 DT= 2.0720E-06 ERR= -0.0% DM/M= 0.0000E+00
 ELAPSED TIME=          0.15 s  REMAINING TIME=          5.83 s
 NC=     700 T= 1.4504E-03 DT= 2.0720E-06 ERR= -0.0% DM/M= 0.0000E+00
 ELAPSED TIME=          0.17 s  REMAINING TIME=          5.59 s
 NC=     800 T= 1.6576E-03 DT= 2.0720E-06 ERR= -0.0% DM/M= 0.0000E+00
 ELAPSED TIME=          0.19 s  REMAINING TIME=          5.41 s
 NC=     900 T= 1.8648E-03 DT= 2.0720E-06 ERR= -0.0% DM/M= 0.0000E+00
 ELAPSED TIME=          0.20 s  REMAINING TIME=          5.26 s
 NC=    1000 T= 2.0720E-03 DT= 2.0720E-06 ERR= -0.0% DM/M= 0.0000E+00
 ELAPSED TIME=          0.22 s  REMAINING TIME=          5.14 s
 NC=    1100 T= 2.2792E-03 DT= 2.0720E-06 ERR= -0.0% DM/M= 0.0000E+00
 ELAPSED TIME=          0.24 s  REMAINING TIME=          5.04 s
 NC=    1200 T= 2.4864E-03 DT= 2.0720E-06 ERR= -0.0% DM/M= 0.0000E+00
 ELAPSED TIME=          0.26 s  REMAINING TIME=          4.95 s
 NC=    1300 T= 2.6936E-03 DT= 2.0720E-06 ERR= -0.0% DM/M= 0.0000E+00
 ELAPSED TIME=          0.28 s  REMAINING TIME=          4.87 s
 NC=    1400 T= 2.9008E-03 DT= 2.0720E-06 ERR= -0.0% DM/M= 0.0000E+00
 ELAPSED TIME=          0.30 s  REMAINING TIME=          4.80 s
 NC=    1500 T= 3.1080E-03 DT= 2.0720E-06 ERR= -0.0% DM/M= 0.0000E+00
 ELAPSED TIME=          0.31 s  REMAINING TIME=          4.74 s
 NC=    1600 T= 3.3152E-03 DT= 2.0720E-06 ERR= -0.0% DM/M= 0.0000E+00
 ELAPSED TIME=          0.33 s  REMAINING TIME=          4.68 s
 NC=    1700 T= 3.5224E-03 DT= 2.0720E-06 ERR= -0.0% DM/M= 0.0000E+00
 ELAPSED TIME=          0.35 s  REMAINING TIME=          4.63 s
 NC=    1800 T= 3.7296E-03 DT= 2.0720E-06 ERR= -0.0% DM/M= 0.0000E+00
 ELAPSED TIME=          0.37 s  REMAINING TIME=          4.58 s
 NC=    1900 T= 3.9368E-03 DT= 2.0720E-06 ERR= -0.0% DM/M= 0.0000E+00
 ELAPSED TIME=          0.39 s  REMAINING TIME=          4.54 s
 NC=    2000 T= 4.1440E-03 DT= 2.0720E-06 ERR= -0.0% DM/M= 0.0000E+00
 ELAPSED TIME=          0.41 s  REMAINING TIME=          4.49 s
 NC=    2100 T= 4.3512E-03 DT= 2.0720E-06 ERR= -0.0% DM/M= 0.0000E+00
 ELAPSED TIME=          0.42 s  REMAINING TIME=          4.45 s
 NC=    2200 T= 4.5584E-03 DT= 2.0720E-06 ERR= -0.0% DM/M= 0.0000E+00
 ELAPSED TIME=          0.44 s  REMAINING TIME=          4.42 s
 NC=    2300 T= 4.7655E-03 DT= 2.0720E-06 ERR= -0.0% DM/M= 0.0000E+00
 ELAPSED TIME=          0.46 s  REMAINING TIME=          4.39 s
 NC=    2400 T= 4.9727E-03 DT= 2.0720E-06 ERR= -0.0% DM/M= 0.0000E+00
 ELAPSED TIME=          0.48 s  REMAINING TIME=          4.35 s
 NC=    2500 T= 5.1799E-03 DT= 2.0720E-06 ERR= -0.0% DM/M= 0.0000E+00
 ELAPSED TIME=          0.50 s  REMAINING TIME=          4.32 s
 NC=    2600 T= 5.3871E-03 DT= 2.0720E-06 ERR= -0.0% DM/M= 0.0000E+00
 ELAPSED TIME=          0.52 s  REMAINING TIME=          4.28 s
 NC=    2700 T= 5.5943E-03 DT= 2.0720E-06 ERR= -0.0% DM/M= 0.0000E+00
 ELAPSED TIME=          0.54 s  REMAINING TIME=          4.25 s
 NC=    2800 T= 5.8015E-03 DT= 2.0720E-06 ERR= -0.0% DM/M= 0.0000E+00
 ELAPSED TIME=          0.55 s  REMAINING TIME=          4.22 s
 NC=    2900 T= 6.0087E-03 DT= 2.0720E-06 ERR= -0.0% DM/M= 0.0000E+00
 ELAPSED TIME=          0.57 s  REMAINING TIME=          4.19 s
 NC=    3000 T= 6.2159E-03 DT= 2.0720E-06 ERR= -0.0% DM/M= 0.0000E+00
 ELAPSED TIME=          0.59 s  REMAINING TIME=          4.16 s
 NC=    3100 T= 6.4231E-03 DT= 2.0720E-06 ERR= -0.0% DM/M= 0.0000E+00
 ELAPSED TIME=          0.61 s  REMAINING TIME=          4.13 s
 NC=    3200 T= 6.6303E-03 DT= 2.0720E-06 ERR= -0.0% DM/M= 0.0000E+00
 ELAPSED TIME=          0.63 s  REMAINING TIME=          4.11 s
 NC=    3300 T= 6.8375E-03 DT= 2.0720E-06 ERR= -0.0% DM/M= 0.0000E+00
 ELAPSED TIME=          0.65 s  REMAINING TIME=          4.08 s
 NC=    3400 T= 7.0447E-03 DT= 2.0720E-06 ERR= -0.0% DM/M= 0.0000E+00
 ELAPSED TIME=          0.66 s  REMAINING TIME=          4.05 s
 NC=    3500 T= 7.2519E-03 DT= 2.0720E-06 ERR= -0.0% DM/M= 0.0000E+00
 ELAPSED TIME=          0.68 s  REMAINING TIME=          4.03 s
 NC=    3600 T= 7.4591E-03 DT= 2.0720E-06 ERR= -0.0% DM/M= 0.0000E+00
 ELAPSED TIME=          0.70 s  REMAINING TIME=          4.00 s
 NC=    3700 T= 7.6663E-03 DT= 2.0720E-06 ERR= -0.0% DM/M= 0.0000E+00
 ELAPSED TIME=          0.72 s  REMAINING TIME=          3.98 s
 NC=    3800 T= 7.8735E-03 DT= 2.0720E-06 ERR= -0.0% DM/M= 0.0000E+00
 ELAPSED TIME=          0.74 s  REMAINING TIME=          3.95 s
 NC=    3900 T= 8.0807E-03 DT= 2.0720E-06 ERR= -0.0% DM/M= 0.0000E+00
 ELAPSED TIME=          0.76 s  REMAINING TIME=          3.93 s
 NC=    4000 T= 8.2879E-03 DT= 2.0719E-06 ERR= -0.0% DM/M= 0.0000E+00
 ELAPSED TIME=          0.78 s  REMAINING TIME=          3.90 s
 NC=    4100 T= 8.4951E-03 DT= 2.0719E-06 ERR= -0.0% DM/M= 0.0000E+00
 ELAPSED TIME=          0.79 s  REMAINING TIME=          3.88 s
 NC=    4200 T= 8.7023E-03 DT= 2.0719E-06 ERR= -0.0% DM/M= 0.0000E+00
 ELAPSED TIME=          0.81 s  REMAINING TIME=          3.86 s
 NC=    4300 T= 8.9095E-03 DT= 2.0719E-06 ERR= -0.0% DM/M= 0.0000E+00
 ELAPSED TIME=          0.83 s  REMAINING TIME=          3.83 s
 NC=    4400 T= 9.1167E-03 DT= 2.0719E-06 ERR= -0.0% DM/M= 0.0000E+00
 ELAPSED TIME=          0.85 s  REMAINING TIME=          3.81 s
 NC=    4500 T= 9.3238E-03 DT= 2.0719E-06 ERR= -0.0% DM/M= 0.0000E+00
 ELAPSED TIME=          0.87 s  REMAINING TIME=          3.79 s
 NC=    4600 T= 9.5310E-03 DT= 2.0719E-06 ERR= -0.0% DM/M= 0.0000E+00
 ELAPSED TIME=          0.89 s  REMAINING TIME=          3.76 s
 NC=    4700 T= 9.7382E-03 DT= 2.0719E-06 ERR= -0.0% DM/M= 0.0000E+00
 ELAPSED TIME=          0.90 s  REMAINING TIME=          3.74 s
 NC=    4800 T= 9.9454E-03 DT= 2.0719E-06 ERR= -0.0% DM/M= 0.0000E+00
 ELAPSED TIME=          0.92 s  REMAINING TIME=          3.72 s
 NC=    4900 T= 1.0153E-02 DT= 2.0719E-06 ERR= -0.0% DM/M= 0.0000E+00
 ELAPSED TIME=          0.94 s  REMAINING TIME=          3.70 s
 NC=    5000 T= 1.0360E-02 DT= 2.0719E-06 ERR= -0.0% DM/M= 0.0000E+00
 ELAPSED TIME=          0.96 s  REMAINING TIME=          3.67 s
 NC=    5100 T= 1.0567E-02 DT= 2.0719E-06 ERR= -0.0% DM/M= 0.0000E+00
 ELAPSED TIME=          0.98 s  REMAINING TIME=          3.65 s
 NC=    5200 T= 1.0774E-02 DT= 2.0719E-06 ERR= -0.0% DM/M= 0.0000E+00
 ELAPSED TIME=          1.00 s  REMAINING TIME=          3.64 s
 NC=    5300 T= 1.0981E-02 DT= 2.0719E-06 ERR= -0.0% DM/M= 0.0000E+00
 ELAPSED TIME=          1.02 s  REMAINING TIME=          3.62 s
 NC=    5400 T= 1.1189E-02 DT= 2.0719E-06 ERR= -0.0% DM/M= 0.0000E+00
 ELAPSED TIME=          1.04 s  REMAINING TIME=          3.60 s
 NC=    5500 T= 1.1396E-02 DT= 2.0720E-06 ERR= -0.0% DM/M= 0.0000E+00
 ELAPSED TIME=          1.06 s  REMAINING TIME=          3.57 s
 NC=    5600 T= 1.1603E-02 DT= 2.0720E-06 ERR= -0.0% DM/M= 0.0000E+00
 ELAPSED TIME=          1.07 s  REMAINING TIME=          3.55 s
 NC=    5700 T= 1.1810E-02 DT= 2.0720E-06 ERR= -0.0% DM/M= 0.0000E+00
 ELAPSED TIME=          1.09 s  REMAINING TIME=          3.53 s
 NC=    5800 T= 1.2017E-02 DT= 2.0720E-06 ERR= -0.0% DM/M= 0.0000E+00
 ELAPSED TIME=          1.11 s  REMAINING TIME=          3.51 s
 NC=    5900 T= 1.2225E-02 DT= 2.0720E-06 ERR= -0.0% DM/M= 0.0000E+00
 ELAPSED TIME=          1.13 s  REMAINING TIME=          3.49 s
 NC=    6000 T= 1.2432E-02 DT= 2.0720E-06 ERR= -0.0% DM/M= 0.0000E+00
 ELAPSED TIME=          1.15 s  REMAINING TIME=          3.47 s
 NC=    6100 T= 1.2639E-02 DT= 2.0720E-06 ERR= -0.0% DM/M= 0.0000E+00
 ELAPSED TIME=          1.17 s  REMAINING TIME=          3.45 s
 NC=    6200 T= 1.2846E-02 DT= 2.0720E-06 ERR= -0.0% DM/M= 0.0000E+00
 ELAPSED TIME=          1.19 s  REMAINING TIME=          3.43 s
 NC=    6300 T= 1.3053E-02 DT= 2.0720E-06 ERR= -0.0% DM/M= 0.0000E+00
 ELAPSED TIME=          1.20 s  REMAINING TIME=          3.41 s
 NC=    6400 T= 1.3261E-02 DT= 2.0720E-06 ERR= -0.0% DM/M= 0.0000E+00
 ELAPSED TIME=          1.22 s  REMAINING TIME=          3.39 s
 NC=    6500 T= 1.3468E-02 DT= 2.0720E-06 ERR= -0.0% DM/M= 0.0000E+00
 ELAPSED TIME=          1.24 s  REMAINING TIME=          3.37 s
 NC=    6600 T= 1.3675E-02 DT= 2.0720E-06 ERR= -0.0% DM/M= 0.0000E+00
 ELAPSED TIME=          1.26 s  REMAINING TIME=          3.35 s
 NC=    6700 T= 1.3882E-02 DT= 2.0720E-06 ERR= -0.0% DM/M= 0.0000E+00
 ELAPSED TIME=          1.28 s  REMAINING TIME=          3.33 s
 NC=    6800 T= 1.4089E-02 DT= 2.0720E-06 ERR= -0.0% DM/M= 0.0000E+00
 ELAPSED TIME=          1.30 s  REMAINING TIME=          3.30 s
 NC=    6900 T= 1.4297E-02 DT= 2.0720E-06 ERR= -0.0% DM/M= 0.0000E+00
 ELAPSED TIME=          1.31 s  REMAINING TIME=          3.28 s
 NC=    7000 T= 1.4504E-02 DT= 2.0720E-06 ERR= -0.0% DM/M= 0.0000E+00
 ELAPSED TIME=          1.33 s  REMAINING TIME=          3.26 s
 NC=    7100 T= 1.4711E-02 DT= 2.0720E-06 ERR= -0.0% DM/M= 0.0000E+00
 ELAPSED TIME=          1.35 s  REMAINING TIME=          3.24 s
 NC=    7200 T= 1.4918E-02 DT= 2.0720E-06 ERR= -0.0% DM/M= 0.0000E+00
 ELAPSED TIME=          1.37 s  REMAINING TIME=          3.22 s
 NC=    7300 T= 1.5125E-02 DT= 2.0720E-06 ERR= -0.0% DM/M= 0.0000E+00
 ELAPSED TIME=          1.39 s  REMAINING TIME=          3.20 s
 NC=    7400 T= 1.5333E-02 DT= 2.0720E-06 ERR= -0.0% DM/M= 0.0000E+00
 ELAPSED TIME=          1.41 s  REMAINING TIME=          3.18 s
 NC=    7500 T= 1.5540E-02 DT= 2.0720E-06 ERR= -0.0% DM/M= 0.0000E+00
 ELAPSED TIME=          1.43 s  REMAINING TIME=          3.16 s
 NC=    7600 T= 1.5747E-02 DT= 2.0720E-06 ERR= -0.0% DM/M= 0.0000E+00
 ELAPSED TIME=          1.44 s  REMAINING TIME=          3.14 s
 NC=    7700 T= 1.5954E-02 DT= 2.0720E-06 ERR= -0.0% DM/M= 0.0000E+00
 ELAPSED TIME=          1.46 s  REMAINING TIME=          3.12 s
 NC=    7800 T= 1.6161E-02 DT= 2.0720E-06 ERR= -0.0% DM/M= 0.0000E+00
 ELAPSED TIME=          1.48 s  REMAINING TIME=          3.10 s
 NC=    7900 T= 1.6369E-02 DT= 2.0720E-06 ERR= -0.0% DM/M= 0.0000E+00
 ELAPSED TIME=          1.50 s  REMAINING TIME=          3.08 s
 NC=    8000 T= 1.6576E-02 DT= 2.0720E-06 ERR= -0.0% DM/M= 0.0000E+00
 ELAPSED TIME=          1.52 s  REMAINING TIME=          3.06 s
 NC=    8100 T= 1.6783E-02 DT= 2.0720E-06 ERR= -0.0% DM/M= 0.0000E+00
 ELAPSED TIME=          1.54 s  REMAINING TIME=          3.04 s
 NC=    8200 T= 1.6990E-02 DT= 2.0720E-06 ERR= -0.0% DM/M= 0.0000E+00
 ELAPSED TIME=          1.55 s  REMAINING TIME=          3.02 s
 NC=    8300 T= 1.7197E-02 DT= 2.0720E-06 ERR= -0.0% DM/M= 0.0000E+00
 ELAPSED TIME=          1.57 s  REMAINING TIME=          3.00 s
 NC=    8400 T= 1.7404E-02 DT= 2.0720E-06 ERR= -0.0% DM/M= 0.0000E+00
 ELAPSED TIME=          1.59 s  REMAINING TIME=          2.98 s
 NC=    8500 T= 1.7612E-02 DT= 2.0720E-06 ERR= -0.0% DM/M= 0.0000E+00
 ELAPSED TIME=          1.61 s  REMAINING TIME=          2.96 s
 NC=    8600 T= 1.7819E-02 DT= 2.0720E-06 ERR= -0.0% DM/M= 0.0000E+00
 ELAPSED TIME=          1.63 s  REMAINING TIME=          2.94 s
 NC=    8700 T= 1.8026E-02 DT= 2.0720E-06 ERR= -0.0% DM/M= 0.0000E+00
 ELAPSED TIME=          1.65 s  REMAINING TIME=          2.92 s
 NC=    8800 T= 1.8233E-02 DT= 2.0719E-06 ERR= -0.0% DM/M= 0.0000E+00
 ELAPSED TIME=          1.66 s  REMAINING TIME=          2.90 s
 NC=    8900 T= 1.8440E-02 DT= 2.0719E-06 ERR= -0.0% DM/M= 0.0000E+00
 ELAPSED TIME=          1.68 s  REMAINING TIME=          2.88 s
 NC=    9000 T= 1.8648E-02 DT= 2.0719E-06 ERR= -0.0% DM/M= 0.0000E+00
 ELAPSED TIME=          1.70 s  REMAINING TIME=          2.86 s
 NC=    9100 T= 1.8855E-02 DT= 2.0719E-06 ERR= -0.0% DM/M= 0.0000E+00
 ELAPSED TIME=          1.72 s  REMAINING TIME=          2.84 s
 NC=    9200 T= 1.9062E-02 DT= 2.0719E-06 ERR= -0.0% DM/M= 0.0000E+00
 ELAPSED TIME=          1.74 s  REMAINING TIME=          2.82 s
 NC=    9300 T= 1.9269E-02 DT= 2.0719E-06 ERR= -0.0% DM/M= 0.0000E+00
 ELAPSED TIME=          1.76 s  REMAINING TIME=          2.80 s
 NC=    9400 T= 1.9476E-02 DT= 2.0719E-06 ERR= -0.0% DM/M= 0.0000E+00
 ELAPSED TIME=          1.77 s  REMAINING TIME=          2.78 s
 NC=    9500 T= 1.9684E-02 DT= 2.0719E-06 ERR= -0.0% DM/M= 0.0000E+00
 ELAPSED TIME=          1.79 s  REMAINING TIME=          2.76 s
 NC=    9600 T= 1.9891E-02 DT= 2.0719E-06 ERR= -0.0% DM/M= 0.0000E+00
 ELAPSED TIME=          1.81 s  REMAINING TIME=          2.74 s
 NC=    9700 T= 2.0098E-02 DT= 2.0719E-06 ERR= -0.0% DM/M= 0.0000E+00
 ELAPSED TIME=          1.83 s  REMAINING TIME=          2.72 s
 NC=    9800 T= 2.0305E-02 DT= 2.0719E-06 ERR= -0.0% DM/M= 0.0000E+00
 ELAPSED TIME=          1.85 s  REMAINING TIME=          2.70 s
 NC=    9900 T= 2.0512E-02 DT= 2.0719E-06 ERR= -0.0% DM/M= 0.0000E+00
 ELAPSED TIME=          1.87 s  REMAINING TIME=          2.68 s
 NC=   10000 T= 2.0720E-02 DT= 2.0719E-06 ERR= -0.0% DM/M= 0.0000E+00
 ELAPSED TIME=          1.88 s  REMAINING TIME=          2.66 s
 NC=   10100 T= 2.0927E-02 DT= 2.0719E-06 ERR= -0.0% DM/M= 0.0000E+00
 ELAPSED TIME=          1.90 s  REMAINING TIME=          2.64 s
 NC=   10200 T= 2.1134E-02 DT= 2.0719E-06 ERR= -0.0% DM/M= 0.0000E+00
 ELAPSED TIME=          1.92 s  REMAINING TIME=          2.62 s
 NC=   10300 T= 2.1341E-02 DT= 2.0719E-06 ERR= -0.0% DM/M= 0.0000E+00
 ELAPSED TIME=          1.94 s  REMAINING TIME=          2.60 s
 NC=   10400 T= 2.1548E-02 DT= 2.0719E-06 ERR= -0.0% DM/M= 0.0000E+00
 ELAPSED TIME=          1.96 s  REMAINING TIME=          2.58 s
 NC=   10500 T= 2.1756E-02 DT= 2.0719E-06 ERR= -0.0% DM/M= 0.0000E+00
 ELAPSED TIME=          1.98 s  REMAINING TIME=          2.57 s
 NC=   10600 T= 2.1963E-02 DT= 2.0719E-06 ERR= -0.0% DM/M= 0.0000E+00
 ELAPSED TIME=          1.99 s  REMAINING TIME=          2.55 s
 NC=   10700 T= 2.2170E-02 DT= 2.0719E-06 ERR= -0.0% DM/M= 0.0000E+00
 ELAPSED TIME=          2.01 s  REMAINING TIME=          2.53 s
 NC=   10800 T= 2.2377E-02 DT= 2.0719E-06 ERR= -0.0% DM/M= 0.0000E+00
 ELAPSED TIME=          2.03 s  REMAINING TIME=          2.51 s
 NC=   10900 T= 2.2584E-02 DT= 2.0719E-06 ERR= -0.0% DM/M= 0.0000E+00
 ELAPSED TIME=          2.05 s  REMAINING TIME=          2.49 s
 NC=   11000 T= 2.2792E-02 DT= 2.0719E-06 ERR= -0.0% DM/M= 0.0000E+00
 ELAPSED TIME=          2.07 s  REMAINING TIME=          2.47 s
 NC=   11100 T= 2.2999E-02 DT= 2.0719E-06 ERR= -0.0% DM/M= 0.0000E+00
 ELAPSED TIME=          2.09 s  REMAINING TIME=          2.45 s
 NC=   11200 T= 2.3206E-02 DT= 2.0719E-06 ERR= -0.0% DM/M= 0.0000E+00
 ELAPSED TIME=          2.10 s  REMAINING TIME=          2.43 s
 NC=   11300 T= 2.3413E-02 DT= 2.0719E-06 ERR= -0.0% DM/M= 0.0000E+00
 ELAPSED TIME=          2.12 s  REMAINING TIME=          2.41 s
 NC=   11400 T= 2.3620E-02 DT= 2.0719E-06 ERR= -0.0% DM/M= 0.0000E+00
 ELAPSED TIME=          2.14 s  REMAINING TIME=          2.39 s
 NC=   11500 T= 2.3827E-02 DT= 2.0719E-06 ERR= -0.0% DM/M= 0.0000E+00
 ELAPSED TIME=          2.16 s  REMAINING TIME=          2.37 s
 NC=   11600 T= 2.4035E-02 DT= 2.0719E-06 ERR= -0.0% DM/M= 0.0000E+00
 ELAPSED TIME=          2.18 s  REMAINING TIME=          2.35 s
 NC=   11700 T= 2.4242E-02 DT= 2.0719E-06 ERR= -0.0% DM/M= 0.0000E+00
 ELAPSED TIME=          2.20 s  REMAINING TIME=          2.33 s
 NC=   11800 T= 2.4449E-02 DT= 2.0719E-06 ERR= -0.0% DM/M= 0.0000E+00
 ELAPSED TIME=          2.21 s  REMAINING TIME=          2.31 s
 NC=   11900 T= 2.4656E-02 DT= 2.0718E-06 ERR= -0.0% DM/M= 0.0000E+00
 ELAPSED TIME=          2.23 s  REMAINING TIME=          2.30 s
 NC=   12000 T= 2.4863E-02 DT= 2.0718E-06 ERR= -0.0% DM/M= 0.0000E+00
 ELAPSED TIME=          2.25 s  REMAINING TIME=          2.28 s
     ANIMATION FILE: A24_CONNECTED_FREE_ROTATION_S100_YA002 WRITTEN
 NC=   12100 T= 2.5071E-02 DT= 2.0718E-06 ERR= -0.0% DM/M= 0.0000E+00
 ELAPSED TIME=          2.27 s  REMAINING TIME=          2.26 s
 NC=   12200 T= 2.5278E-02 DT= 2.0718E-06 ERR= -0.0% DM/M= 0.0000E+00
 ELAPSED TIME=          2.29 s  REMAINING TIME=          2.24 s
 NC=   12300 T= 2.5485E-02 DT= 2.0718E-06 ERR= -0.0% DM/M= 0.0000E+00
 ELAPSED TIME=          2.31 s  REMAINING TIME=          2.22 s
 NC=   12400 T= 2.5692E-02 DT= 2.0718E-06 ERR= -0.0% DM/M= 0.0000E+00
 ELAPSED TIME=          2.33 s  REMAINING TIME=          2.20 s
 NC=   12500 T= 2.5899E-02 DT= 2.0718E-06 ERR= -0.0% DM/M= 0.0000E+00
 ELAPSED TIME=          2.34 s  REMAINING TIME=          2.18 s
 NC=   12600 T= 2.6106E-02 DT= 2.0718E-06 ERR= -0.0% DM/M= 0.0000E+00
 ELAPSED TIME=          2.36 s  REMAINING TIME=          2.16 s
 NC=   12700 T= 2.6314E-02 DT= 2.0718E-06 ERR= -0.0% DM/M= 0.0000E+00
 ELAPSED TIME=          2.38 s  REMAINING TIME=          2.14 s
 NC=   12800 T= 2.6521E-02 DT= 2.0718E-06 ERR= -0.0% DM/M= 0.0000E+00
 ELAPSED TIME=          2.40 s  REMAINING TIME=          2.12 s
 NC=   12900 T= 2.6728E-02 DT= 2.0718E-06 ERR= -0.0% DM/M= 0.0000E+00
 ELAPSED TIME=          2.42 s  REMAINING TIME=          2.11 s
 NC=   13000 T= 2.6935E-02 DT= 2.0718E-06 ERR= -0.0% DM/M= 0.0000E+00
 ELAPSED TIME=          2.44 s  REMAINING TIME=          2.09 s
 NC=   13100 T= 2.7142E-02 DT= 2.0718E-06 ERR= -0.0% DM/M= 0.0000E+00
 ELAPSED TIME=          2.45 s  REMAINING TIME=          2.07 s
 NC=   13200 T= 2.7350E-02 DT= 2.0718E-06 ERR= -0.0% DM/M= 0.0000E+00
 ELAPSED TIME=          2.47 s  REMAINING TIME=          2.05 s
 NC=   13300 T= 2.7557E-02 DT= 2.0718E-06 ERR= -0.0% DM/M= 0.0000E+00
 ELAPSED TIME=          2.49 s  REMAINING TIME=          2.03 s
 NC=   13400 T= 2.7764E-02 DT= 2.0718E-06 ERR= -0.0% DM/M= 0.0000E+00
 ELAPSED TIME=          2.51 s  REMAINING TIME=          2.01 s
 NC=   13500 T= 2.7971E-02 DT= 2.0718E-06 ERR= -0.0% DM/M= 0.0000E+00
 ELAPSED TIME=          2.53 s  REMAINING TIME=          1.99 s
 NC=   13600 T= 2.8178E-02 DT= 2.0718E-06 ERR= -0.0% DM/M= 0.0000E+00
 ELAPSED TIME=          2.55 s  REMAINING TIME=          1.97 s
 NC=   13700 T= 2.8385E-02 DT= 2.0718E-06 ERR= -0.0% DM/M= 0.0000E+00
 ELAPSED TIME=          2.56 s  REMAINING TIME=          1.95 s
 NC=   13800 T= 2.8593E-02 DT= 2.0718E-06 ERR= -0.0% DM/M= 0.0000E+00
 ELAPSED TIME=          2.58 s  REMAINING TIME=          1.93 s
 NC=   13900 T= 2.8800E-02 DT= 2.0718E-06 ERR= -0.0% DM/M= 0.0000E+00
 ELAPSED TIME=          2.60 s  REMAINING TIME=          1.91 s
 NC=   14000 T= 2.9007E-02 DT= 2.0718E-06 ERR= -0.0% DM/M= 0.0000E+00
 ELAPSED TIME=          2.62 s  REMAINING TIME=          1.90 s
 NC=   14100 T= 2.9214E-02 DT= 2.0718E-06 ERR= -0.0% DM/M= 0.0000E+00
 ELAPSED TIME=          2.64 s  REMAINING TIME=          1.88 s
 NC=   14200 T= 2.9421E-02 DT= 2.0718E-06 ERR= -0.0% DM/M= 0.0000E+00
 ELAPSED TIME=          2.66 s  REMAINING TIME=          1.86 s
 NC=   14300 T= 2.9629E-02 DT= 2.0718E-06 ERR= -0.0% DM/M= 0.0000E+00
 ELAPSED TIME=          2.67 s  REMAINING TIME=          1.84 s
 NC=   14400 T= 2.9836E-02 DT= 2.0718E-06 ERR= -0.0% DM/M= 0.0000E+00
 ELAPSED TIME=          2.69 s  REMAINING TIME=          1.82 s
 NC=   14500 T= 3.0043E-02 DT= 2.0718E-06 ERR= -0.0% DM/M= 0.0000E+00
 ELAPSED TIME=          2.71 s  REMAINING TIME=          1.80 s
 NC=   14600 T= 3.0250E-02 DT= 2.0718E-06 ERR= -0.0% DM/M= 0.0000E+00
 ELAPSED TIME=          2.73 s  REMAINING TIME=          1.78 s
 NC=   14700 T= 3.0457E-02 DT= 2.0718E-06 ERR= -0.0% DM/M= 0.0000E+00
 ELAPSED TIME=          2.75 s  REMAINING TIME=          1.76 s
 NC=   14800 T= 3.0664E-02 DT= 2.0718E-06 ERR= -0.0% DM/M= 0.0000E+00
 ELAPSED TIME=          2.77 s  REMAINING TIME=          1.74 s
 NC=   14900 T= 3.0872E-02 DT= 2.0717E-06 ERR= -0.0% DM/M= 0.0000E+00
 ELAPSED TIME=          2.78 s  REMAINING TIME=          1.73 s
 NC=   15000 T= 3.1079E-02 DT= 2.0717E-06 ERR= -0.0% DM/M= 0.0000E+00
 ELAPSED TIME=          2.80 s  REMAINING TIME=          1.71 s
 NC=   15100 T= 3.1286E-02 DT= 2.0717E-06 ERR= -0.0% DM/M= 0.0000E+00
 ELAPSED TIME=          2.82 s  REMAINING TIME=          1.69 s
 NC=   15200 T= 3.1493E-02 DT= 2.0717E-06 ERR= -0.0% DM/M= 0.0000E+00
 ELAPSED TIME=          2.84 s  REMAINING TIME=          1.67 s
 NC=   15300 T= 3.1700E-02 DT= 2.0717E-06 ERR= -0.0% DM/M= 0.0000E+00
 ELAPSED TIME=          2.86 s  REMAINING TIME=          1.65 s
 NC=   15400 T= 3.1907E-02 DT= 2.0717E-06 ERR= -0.0% DM/M= 0.0000E+00
 ELAPSED TIME=          2.88 s  REMAINING TIME=          1.63 s
 NC=   15500 T= 3.2115E-02 DT= 2.0717E-06 ERR= -0.0% DM/M= 0.0000E+00
 ELAPSED TIME=          2.89 s  REMAINING TIME=          1.61 s
 NC=   15600 T= 3.2322E-02 DT= 2.0717E-06 ERR= -0.0% DM/M= 0.0000E+00
 ELAPSED TIME=          2.91 s  REMAINING TIME=          1.59 s
 NC=   15700 T= 3.2529E-02 DT= 2.0717E-06 ERR= -0.0% DM/M= 0.0000E+00
 ELAPSED TIME=          2.93 s  REMAINING TIME=          1.57 s
 NC=   15800 T= 3.2736E-02 DT= 2.0717E-06 ERR= -0.0% DM/M= 0.0000E+00
 ELAPSED TIME=          2.95 s  REMAINING TIME=          1.56 s
 NC=   15900 T= 3.2943E-02 DT= 2.0717E-06 ERR= -0.0% DM/M= 0.0000E+00
 ELAPSED TIME=          2.97 s  REMAINING TIME=          1.54 s
 NC=   16000 T= 3.3150E-02 DT= 2.0717E-06 ERR= -0.0% DM/M= 0.0000E+00
 ELAPSED TIME=          2.99 s  REMAINING TIME=          1.52 s
 NC=   16100 T= 3.3358E-02 DT= 2.0717E-06 ERR= -0.0% DM/M= 0.0000E+00
 ELAPSED TIME=          3.00 s  REMAINING TIME=          1.50 s
 NC=   16200 T= 3.3565E-02 DT= 2.0717E-06 ERR= -0.0% DM/M= 0.0000E+00
 ELAPSED TIME=          3.02 s  REMAINING TIME=          1.48 s
 NC=   16300 T= 3.3772E-02 DT= 2.0717E-06 ERR= -0.0% DM/M= 0.0000E+00
 ELAPSED TIME=          3.04 s  REMAINING TIME=          1.46 s
 NC=   16400 T= 3.3979E-02 DT= 2.0717E-06 ERR= -0.0% DM/M= 0.0000E+00
 ELAPSED TIME=          3.06 s  REMAINING TIME=          1.44 s
 NC=   16500 T= 3.4186E-02 DT= 2.0717E-06 ERR= -0.0% DM/M= 0.0000E+00
 ELAPSED TIME=          3.08 s  REMAINING TIME=          1.42 s
 NC=   16600 T= 3.4394E-02 DT= 2.0717E-06 ERR= -0.0% DM/M= 0.0000E+00
 ELAPSED TIME=          3.10 s  REMAINING TIME=          1.41 s
 NC=   16700 T= 3.4601E-02 DT= 2.0717E-06 ERR= -0.0% DM/M= 0.0000E+00
 ELAPSED TIME=          3.12 s  REMAINING TIME=          1.39 s
 NC=   16800 T= 3.4808E-02 DT= 2.0717E-06 ERR= -0.0% DM/M= 0.0000E+00
 ELAPSED TIME=          3.13 s  REMAINING TIME=          1.37 s
 NC=   16900 T= 3.5015E-02 DT= 2.0717E-06 ERR= -0.0% DM/M= 0.0000E+00
 ELAPSED TIME=          3.15 s  REMAINING TIME=          1.35 s
 NC=   17000 T= 3.5222E-02 DT= 2.0717E-06 ERR= -0.0% DM/M= 0.0000E+00
 ELAPSED TIME=          3.17 s  REMAINING TIME=          1.33 s
 NC=   17100 T= 3.5429E-02 DT= 2.0717E-06 ERR= -0.0% DM/M= 0.0000E+00
 ELAPSED TIME=          3.19 s  REMAINING TIME=          1.31 s
 NC=   17200 T= 3.5637E-02 DT= 2.0717E-06 ERR= -0.0% DM/M= 0.0000E+00
 ELAPSED TIME=          3.21 s  REMAINING TIME=          1.29 s
 NC=   17300 T= 3.5844E-02 DT= 2.0717E-06 ERR= -0.0% DM/M= 0.0000E+00
 ELAPSED TIME=          3.23 s  REMAINING TIME=          1.27 s
 NC=   17400 T= 3.6051E-02 DT= 2.0717E-06 ERR= -0.0% DM/M= 0.0000E+00
 ELAPSED TIME=          3.25 s  REMAINING TIME=          1.26 s
 NC=   17500 T= 3.6258E-02 DT= 2.0717E-06 ERR= -0.0% DM/M= 0.0000E+00
 ELAPSED TIME=          3.27 s  REMAINING TIME=          1.24 s
 NC=   17600 T= 3.6465E-02 DT= 2.0717E-06 ERR= -0.0% DM/M= 0.0000E+00
 ELAPSED TIME=          3.28 s  REMAINING TIME=          1.22 s
 NC=   17700 T= 3.6672E-02 DT= 2.0717E-06 ERR= -0.0% DM/M= 0.0000E+00
 ELAPSED TIME=          3.30 s  REMAINING TIME=          1.20 s
 NC=   17800 T= 3.6880E-02 DT= 2.0717E-06 ERR= -0.0% DM/M= 0.0000E+00
 ELAPSED TIME=          3.32 s  REMAINING TIME=          1.18 s
 NC=   17900 T= 3.7087E-02 DT= 2.0717E-06 ERR= -0.0% DM/M= 0.0000E+00
 ELAPSED TIME=          3.34 s  REMAINING TIME=          1.16 s
 NC=   18000 T= 3.7294E-02 DT= 2.0717E-06 ERR= -0.0% DM/M= 0.0000E+00
 ELAPSED TIME=          3.36 s  REMAINING TIME=          1.14 s
 NC=   18100 T= 3.7501E-02 DT= 2.0717E-06 ERR= -0.0% DM/M= 0.0000E+00
 ELAPSED TIME=          3.38 s  REMAINING TIME=          1.13 s
 NC=   18200 T= 3.7708E-02 DT= 2.0717E-06 ERR= -0.0% DM/M= 0.0000E+00
 ELAPSED TIME=          3.39 s  REMAINING TIME=          1.11 s
 NC=   18300 T= 3.7915E-02 DT= 2.0717E-06 ERR= -0.0% DM/M= 0.0000E+00
 ELAPSED TIME=          3.41 s  REMAINING TIME=          1.09 s
 NC=   18400 T= 3.8123E-02 DT= 2.0717E-06 ERR= -0.0% DM/M= 0.0000E+00
 ELAPSED TIME=          3.43 s  REMAINING TIME=          1.07 s
 NC=   18500 T= 3.8330E-02 DT= 2.0717E-06 ERR= -0.0% DM/M= 0.0000E+00
 ELAPSED TIME=          3.45 s  REMAINING TIME=          1.05 s
 NC=   18600 T= 3.8537E-02 DT= 2.0717E-06 ERR= -0.0% DM/M= 0.0000E+00
 ELAPSED TIME=          3.47 s  REMAINING TIME=          1.03 s
 NC=   18700 T= 3.8744E-02 DT= 2.0717E-06 ERR= -0.0% DM/M= 0.0000E+00
 ELAPSED TIME=          3.49 s  REMAINING TIME=          1.01 s
 NC=   18800 T= 3.8951E-02 DT= 2.0717E-06 ERR= -0.0% DM/M= 0.0000E+00
 ELAPSED TIME=          3.50 s  REMAINING TIME=          0.99 s
 NC=   18900 T= 3.9158E-02 DT= 2.0717E-06 ERR= -0.0% DM/M= 0.0000E+00
 ELAPSED TIME=          3.52 s  REMAINING TIME=          0.98 s
 NC=   19000 T= 3.9366E-02 DT= 2.0716E-06 ERR= -0.0% DM/M= 0.0000E+00
 ELAPSED TIME=          3.54 s  REMAINING TIME=          0.96 s
 NC=   19100 T= 3.9573E-02 DT= 2.0716E-06 ERR= -0.0% DM/M= 0.0000E+00
 ELAPSED TIME=          3.56 s  REMAINING TIME=          0.94 s
 NC=   19200 T= 3.9780E-02 DT= 2.0716E-06 ERR= -0.0% DM/M= 0.0000E+00
 ELAPSED TIME=          3.58 s  REMAINING TIME=          0.92 s
 NC=   19300 T= 3.9987E-02 DT= 2.0716E-06 ERR= -0.0% DM/M= 0.0000E+00
 ELAPSED TIME=          3.60 s  REMAINING TIME=          0.90 s
 NC=   19400 T= 4.0194E-02 DT= 2.0716E-06 ERR= -0.0% DM/M= 0.0000E+00
 ELAPSED TIME=          3.62 s  REMAINING TIME=          0.88 s
 NC=   19500 T= 4.0401E-02 DT= 2.0716E-06 ERR= -0.0% DM/M= 0.0000E+00
 ELAPSED TIME=          3.64 s  REMAINING TIME=          0.86 s
 NC=   19600 T= 4.0609E-02 DT= 2.0716E-06 ERR= -0.0% DM/M= 0.0000E+00
 ELAPSED TIME=          3.65 s  REMAINING TIME=          0.85 s
 NC=   19700 T= 4.0816E-02 DT= 2.0716E-06 ERR= -0.0% DM/M= 0.0000E+00
 ELAPSED TIME=          3.67 s  REMAINING TIME=          0.83 s
 NC=   19800 T= 4.1023E-02 DT= 2.0716E-06 ERR= -0.0% DM/M= 0.0000E+00
 ELAPSED TIME=          3.69 s  REMAINING TIME=          0.81 s
 NC=   19900 T= 4.1230E-02 DT= 2.0716E-06 ERR= -0.0% DM/M= 0.0000E+00
 ELAPSED TIME=          3.71 s  REMAINING TIME=          0.79 s
 NC=   20000 T= 4.1437E-02 DT= 2.0716E-06 ERR= -0.0% DM/M= 0.0000E+00
 ELAPSED TIME=          3.73 s  REMAINING TIME=          0.77 s
 NC=   20100 T= 4.1644E-02 DT= 2.0716E-06 ERR= -0.0% DM/M= 0.0000E+00
 ELAPSED TIME=          3.75 s  REMAINING TIME=          0.75 s
 NC=   20200 T= 4.1852E-02 DT= 2.0716E-06 ERR= -0.0% DM/M= 0.0000E+00
 ELAPSED TIME=          3.76 s  REMAINING TIME=          0.73 s
 NC=   20300 T= 4.2059E-02 DT= 2.0716E-06 ERR= -0.0% DM/M= 0.0000E+00
 ELAPSED TIME=          3.78 s  REMAINING TIME=          0.71 s
 NC=   20400 T= 4.2266E-02 DT= 2.0716E-06 ERR= -0.0% DM/M= 0.0000E+00
 ELAPSED TIME=          3.80 s  REMAINING TIME=          0.70 s
 NC=   20500 T= 4.2473E-02 DT= 2.0716E-06 ERR= -0.0% DM/M= 0.0000E+00
 ELAPSED TIME=          3.82 s  REMAINING TIME=          0.68 s
 NC=   20600 T= 4.2680E-02 DT= 2.0716E-06 ERR= -0.0% DM/M= 0.0000E+00
 ELAPSED TIME=          3.84 s  REMAINING TIME=          0.66 s
 NC=   20700 T= 4.2887E-02 DT= 2.0716E-06 ERR= -0.0% DM/M= 0.0000E+00
 ELAPSED TIME=          3.86 s  REMAINING TIME=          0.64 s
 NC=   20800 T= 4.3094E-02 DT= 2.0716E-06 ERR= -0.0% DM/M= 0.0000E+00
 ELAPSED TIME=          3.88 s  REMAINING TIME=          0.62 s
 NC=   20900 T= 4.3302E-02 DT= 2.0716E-06 ERR= -0.0% DM/M= 0.0000E+00
 ELAPSED TIME=          3.89 s  REMAINING TIME=          0.60 s
 NC=   21000 T= 4.3509E-02 DT= 2.0716E-06 ERR= -0.0% DM/M= 0.0000E+00
 ELAPSED TIME=          3.91 s  REMAINING TIME=          0.58 s
 NC=   21100 T= 4.3716E-02 DT= 2.0716E-06 ERR= -0.0% DM/M= 0.0000E+00
 ELAPSED TIME=          3.93 s  REMAINING TIME=          0.56 s
 NC=   21200 T= 4.3923E-02 DT= 2.0716E-06 ERR= -0.0% DM/M= 0.0000E+00
 ELAPSED TIME=          3.95 s  REMAINING TIME=          0.55 s
 NC=   21300 T= 4.4130E-02 DT= 2.0715E-06 ERR= -0.0% DM/M= 0.0000E+00
 ELAPSED TIME=          3.97 s  REMAINING TIME=          0.53 s
 NC=   21400 T= 4.4337E-02 DT= 2.0715E-06 ERR= -0.0% DM/M= 0.0000E+00
 ELAPSED TIME=          3.99 s  REMAINING TIME=          0.51 s
 NC=   21500 T= 4.4545E-02 DT= 2.0715E-06 ERR= -0.0% DM/M= 0.0000E+00
 ELAPSED TIME=          4.00 s  REMAINING TIME=          0.49 s
 NC=   21600 T= 4.4752E-02 DT= 2.0715E-06 ERR= -0.0% DM/M= 0.0000E+00
 ELAPSED TIME=          4.02 s  REMAINING TIME=          0.47 s
 NC=   21700 T= 4.4959E-02 DT= 2.0715E-06 ERR= -0.0% DM/M= 0.0000E+00
 ELAPSED TIME=          4.04 s  REMAINING TIME=          0.45 s
 NC=   21800 T= 4.5166E-02 DT= 2.0715E-06 ERR= -0.0% DM/M= 0.0000E+00
 ELAPSED TIME=          4.06 s  REMAINING TIME=          0.43 s
 NC=   21900 T= 4.5373E-02 DT= 2.0715E-06 ERR= -0.0% DM/M= 0.0000E+00
 ELAPSED TIME=          4.08 s  REMAINING TIME=          0.42 s
 NC=   22000 T= 4.5580E-02 DT= 2.0715E-06 ERR= -0.0% DM/M= 0.0000E+00
 ELAPSED TIME=          4.10 s  REMAINING TIME=          0.40 s
 NC=   22100 T= 4.5787E-02 DT= 2.0715E-06 ERR= -0.0% DM/M= 0.0000E+00
 ELAPSED TIME=          4.12 s  REMAINING TIME=          0.38 s
 NC=   22200 T= 4.5995E-02 DT= 2.0715E-06 ERR= -0.0% DM/M= 0.0000E+00
 ELAPSED TIME=          4.13 s  REMAINING TIME=          0.36 s
 NC=   22300 T= 4.6202E-02 DT= 2.0715E-06 ERR= -0.0% DM/M= 0.0000E+00
 ELAPSED TIME=          4.15 s  REMAINING TIME=          0.34 s
 NC=   22400 T= 4.6409E-02 DT= 2.0715E-06 ERR= -0.0% DM/M= 0.0000E+00
 ELAPSED TIME=          4.17 s  REMAINING TIME=          0.32 s
 NC=   22500 T= 4.6616E-02 DT= 2.0715E-06 ERR= -0.0% DM/M= 0.0000E+00
 ELAPSED TIME=          4.19 s  REMAINING TIME=          0.30 s
 NC=   22600 T= 4.6823E-02 DT= 2.0715E-06 ERR= -0.0% DM/M= 0.0000E+00
 ELAPSED TIME=          4.21 s  REMAINING TIME=          0.29 s
 NC=   22700 T= 4.7030E-02 DT= 2.0715E-06 ERR= -0.0% DM/M= 0.0000E+00
 ELAPSED TIME=          4.23 s  REMAINING TIME=          0.27 s
 NC=   22800 T= 4.7238E-02 DT= 2.0715E-06 ERR= -0.0% DM/M= 0.0000E+00
 ELAPSED TIME=          4.25 s  REMAINING TIME=          0.25 s
 NC=   22900 T= 4.7445E-02 DT= 2.0715E-06 ERR= -0.0% DM/M= 0.0000E+00
 ELAPSED TIME=          4.26 s  REMAINING TIME=          0.23 s
 NC=   23000 T= 4.7652E-02 DT= 2.0715E-06 ERR= -0.0% DM/M= 0.0000E+00
 ELAPSED TIME=          4.28 s  REMAINING TIME=          0.21 s
 NC=   23100 T= 4.7859E-02 DT= 2.0715E-06 ERR= -0.0% DM/M= 0.0000E+00
 ELAPSED TIME=          4.30 s  REMAINING TIME=          0.19 s
 NC=   23200 T= 4.8066E-02 DT= 2.0715E-06 ERR= -0.0% DM/M= 0.0000E+00
 ELAPSED TIME=          4.32 s  REMAINING TIME=          0.17 s
 NC=   23300 T= 4.8273E-02 DT= 2.0715E-06 ERR= -0.0% DM/M= 0.0000E+00
 ELAPSED TIME=          4.34 s  REMAINING TIME=          0.16 s
 NC=   23400 T= 4.8480E-02 DT= 2.0715E-06 ERR= -0.0% DM/M= 0.0000E+00
 ELAPSED TIME=          4.36 s  REMAINING TIME=          0.14 s
 NC=   23500 T= 4.8688E-02 DT= 2.0715E-06 ERR= -0.0% DM/M= 0.0000E+00
 ELAPSED TIME=          4.37 s  REMAINING TIME=          0.12 s
 NC=   23600 T= 4.8895E-02 DT= 2.0715E-06 ERR= -0.0% DM/M= 0.0000E+00
 ELAPSED TIME=          4.39 s  REMAINING TIME=          0.10 s
 NC=   23700 T= 4.9102E-02 DT= 2.0715E-06 ERR= -0.0% DM/M= 0.0000E+00
 ELAPSED TIME=          4.41 s  REMAINING TIME=          0.08 s
 NC=   23800 T= 4.9309E-02 DT= 2.0715E-06 ERR= -0.0% DM/M= 0.0000E+00
 ELAPSED TIME=          4.43 s  REMAINING TIME=          0.06 s
 NC=   23900 T= 4.9516E-02 DT= 2.0714E-06 ERR= -0.0% DM/M= 0.0000E+00
 ELAPSED TIME=          4.45 s  REMAINING TIME=          0.04 s
 NC=   24000 T= 4.9723E-02 DT= 2.0714E-06 ERR= -0.0% DM/M= 0.0000E+00
 ELAPSED TIME=          4.47 s  REMAINING TIME=          0.02 s
 NC=   24100 T= 4.9930E-02 DT= 2.0714E-06 ERR= -0.0% DM/M= 0.0000E+00
 ELAPSED TIME=          4.49 s  REMAINING TIME=          0.01 s
     RESTART FILES: A24_CONNECTED_FREE_ROTATION_S100_Y_0001_[0001-0001].rst WRITTEN
     ANIMATION FILE: A24_CONNECTED_FREE_ROTATION_S100_YA003 WRITTEN
  
                           ** CPU USER TIME **
  
  
                        ** SUMMARY **
  
 #PROC  CONTSORT  CONTFOR   ELEMENT   KINCOND   INTEG     IO        T0        ASM       RESOL    
   1   .2969E+00 .7812E-01 .2656E+01 .6250E-01 .1250E+00 .1406E+00 .4844E+00 .1562E+00 .4469E+01
 
                   ** CUMULATIVE CPU TIME SUMMARY **
  
 CONTACT SORTING.............: .2969E+00     6.64 % 
 CONTACT FORCES..............: .7812E-01     1.75 % 
 ELEMENT FORCES..............: .2656E+01    59.44 % 
 KINEMATIC COND..............: .6250E-01     1.40 % 
 INTEGRATION.................: .1250E+00     2.80 % 
 ASSEMBLING..................: .1562E+00     3.50 % 
 OTHERS (including I/O)......: .1094E+01    24.48 % 
 TOTAL.......................: .4469E+01   100.00 % 
  
                   ** MEMORY USAGE STATISTICS **
  
 TOTAL MEMORY USED .........................:       60 MB
 MAXIMUM MEMORY PER PROCESSOR...............:       60 MB
 MINIMUM MEMORY PER PROCESSOR...............:       60 MB
 AVERAGE MEMORY PER PROCESSOR...............:       60 MB
  
                   ** DISK USAGE STATISTICS **
  
 TOTAL DISK SPACE USED .....................:          0 MB
 ANIMATION/H3D/TH/OUTP SIZE ................:          0 MB
 RESTART FILE SIZE .........................:          0 MB
  
 ELAPSED TIME     =          4.50 s
                          0:00:04
  
     NORMAL TERMINATION      
     TOTAL NUMBER OF CYCLES  :   24135
