 I02B_NORMAL_HIGH_MONO_R1_0001.out
************************************************************************
**                                                                    **
**                                                                    **
**                         OpenRadioss Engine                         **
**                                                                    **
**            Non-linear Finite Element Analysis Software             **
**                                                                    **
**                                                                    **
**                                                                    **
**                  Windows 64 bits, Intel compiler                   **
**                      Double Precision Version                      **
**                                                                    **
**                                                                    **
**                                                                    **
************************************************************************
** OpenRadioss Software                                               **
** COPYRIGHT (C) 2026 Siemens                                         **
** Licensed under GNU Affero General Public License.                  **
** See License file.                                                  **
************************************************************************
 
 NUMBER OF SPMD DOMAINS           1
 NUMBER OF THREADS PER DOMAIN     1
 NUMBER OF HMPP PROCESSES         1
  
 COMPUTATION HARDWARE DESCRIPTION
  
 HOSTNAME     CPU TYPE, FREQUENCY AND MEMORY
 jeux   AMD Ryzen 5 5600 6-Core Processor               (x86_64), 3700 MHz,   6856 MB RAM,  18090 MB swap
  
 STACKSIZE  . . . . . . . . . . . . . . . . . . . . 1430 MB
 THREAD STACKSIZE . . . . . . . . . . . . . . . . . 400 MB
 
************************************************************************


 I02B_NORMAL_HIGH_MONO_R1D01                                                     


 FINAL TIME . . . . . . . . . . . . . . . . . . .   1.100000    

 TIME INTERVAL FOR TIME HISTORY PLOTS . . . . . .  0.2000000E-03

 TIME STEP SCALE FACTOR . . . . . . . . . . . . .  0.5000000E-01

 MINIMUM TIME STEP  . . . . . . . . . . . . . . .   0.000000    


 BRICK TIME STEP SCALE FACTOR . . . . . . . . . .  0.5000000E-01
 BRICK MINIMUM TIME STEP. . . . . . . . . . . . .   0.000000    
 MIN. TIME STEP FLAG (1:STOP RUN, 2:DELETE BRICK)     1

 QUAD TIME STEP SCALE FACTOR. . . . . . . . . . .  0.5000000E-01
 QUAD MINIMUM TIME STEP . . . . . . . . . . . . .   0.000000    
 MIN. TIME STEP FLAG (1:STOP RUN, 2:DELETE QUAD).     1

 SHELL TIME STEP SCALE FACTOR . . . . . . . . . .  0.5000000E-01
 SHELL MINIMUM TIME STEP. . . . . . . . . . . . .   0.000000    
 MIN. TIME FLAG (1:STOP, 2:DELETE, 3:SMALL STRAIN)    2

 TRUSS TIME STEP SCALE FACTOR . . . . . . . . . .  0.5000000E-01
 TRUSS MINIMUM TIME STEP. . . . . . . . . . . . .   0.000000    
 MIN. TIME FLAG (1:STOP, 2:DELETE). . . . . . . .     0

 BEAM TIME STEP SCALE FACTOR. . . . . . . . . . .  0.5000000E-01
 BEAM MINIMUM TIME STEP . . . . . . . . . . . . .   0.000000    
 MIN. TIME FLAG (1:STOP, 2:DELETE). . . . . . . .     0

 SPRING TIME STEP SCALE FACTOR. . . . . . . . . .  0.5000000E-01
 SPRING MINIMUM TIME STEP . . . . . . . . . . . .   0.000000    
 MIN. TIME FLAG (1:STOP, 2:DELETE). . . . . . . .     0

 AIRBAG TIME STEP SCALE FACTOR. . . . . . . . . .  0.5000000E-01
 AIRBAG MINIMUM TIME STEP . . . . . . . . . . . .   0.000000    
 MIN. TIME FLAG (1:STOP). . . . . . . . . . . . .     0

 CONTACT TIME STEP SCALE FACTOR . . . . . . . . .  0.5000000E-01
 CONTACT MINIMUM TIME STEP. . . . . . . . . . . .   0.000000    
 MIN. TIME FLAG(1:STOP, 2:REMOVE NODE FROM INTERF)    0

 PRINTOUT CYCLE FREQUENCY . . . . . . . . . . . .  -100

 RESTART CYCLE FREQUENCY. . . . . . . . . . . . .   10000000

 MAXIMUM RESTART WRITE BEFORE OVERWRITE . . . . .     0

 INVERS: INPUT DECK VERSION . . . . . . . . . . .  2026
 ITTYP : FLAG FOR TYPE OF T-FILE. . . . . . . . .     4

 INITIAL TIME STEP. . . . . . . . . . . . . . . .  0.1000000E-03
 MAXIMUM TIME STEP. . . . . . . . . . . . . . . .  0.1000000E-03

 PARALLEL ARITHMETIC ON
 NUMBER OF INTERFACES TO BE ELIMINATED. . . . . .        0

 NUMBER OF PARTS TO BE ELIMINATED . . . . . . . .        0

 NUMBER OF SOLID  ELEMENT BLOCKS TO BE ELIMINATED        0

 NUMBER OF QUAD   ELEMENT BLOCKS TO BE ELIMINATED        0

 NUMBER OF SHELL  ELEMENT BLOCKS TO BE ELIMINATED        0

 NUMBER OF TRUSS  ELEMENT BLOCKS TO BE ELIMINATED        0

 NUMBER OF BEAM   ELEMENT BLOCKS TO BE ELIMINATED        0

 NUMBER OF SPRING ELEMENT BLOCKS TO BE ELIMINATED        0

 NUMBER OF SH_3N  ELEMENT BLOCKS TO BE ELIMINATED        0

 NUMBER OF  SPH PARTICLES BLOCKS TO BE ELIMINATED        0

 NUMBER OF RIGID LINKS. . . . . . . . . . . . . .        0

 NUMBER OF NEW BOUNDARY CONDITIONS. . . . . . . .        0


 TIME FOR FIRST ANIMATION-FILE PLOT . . . . . . .  0.1000000E+31
 TIME INTERVAL FOR ANIMATION-FILE PLOTS . . . . .   0.000000    
 TIME TO STOP ANIMATION-FILE PLOTS. . . . . . . .  0.1000000E+21
 SENSOR FOR ANIMATION-FILE PLOTS. . . . . . . . .          0
 TIME INTERVAL FOR SENSOR ANIMATION-FILE PLOTS. .   0.000000    

 VARIABLE SAVED ON ANIMATION FILES (1: YES) :
      PLASTIC STRAIN. . . . . .     0
      DENSITY     (SOLID ONLY).     0
      SPECIFIC ENERGY . . . . .     0
      HOURGLASS ENERGY. . . . .     0
      TEMPERATURE (SOLID ONLY).     0
      THICKNESS   (SHELL ONLY).     0
      PRESSURE    (SOLID ONLY).     0
      VON MISES . . . . . . . .     0
      TURBULENT ENERGY (FLUID).     0
      TURBULENT VISCOSITY(FLUID)    0
      VORTICITY (FLUID) . . . .     0
 NODAL VALUES SAVED ON ANIMATION FILES (1: YES) :
      PRESSURE. . . . . . . . .     0
      DENSITY . . . . . . . . .     0
      TEMPERATURE . . . . . . .     0
 VECTOR SAVED ON ANIMATION FILES (1: YES) :
      VELOCITY VECTOR . . . . .     0
      DISPLACEMENT VECTOR . . .     0
      ACCELERATION VECTOR . . .     0
      CONTACT FORCES. . . . . .     0
      INTERNAL FORCES . . . . .     0
      EXTERNAL FORCES . . . . .     0
      SECTION RBY RWALL FORCES.     0
      ROTATIONAL VELOCITY VECTOR    0
      CONTACT PRESSURE (VECTORS)    0
 SHELL TENSOR SAVED ON ANIMATION FILES (1: YES) :
      MEMBRANE STRESS . . . . .     0
      BENDING STRESS(MOMENT/T^2)    0
      UPPER LAYER STRESS. . . .     0
      LOWER LAYER STRESS. . . .     0
      MEMBRANE STRAIN . . . . .     0
      CURVATURE . . . . . . . .     0
      UPPER LAYER STRAIN. . . .     0
      LOWER LAYER STRAIN. . . .     0
 NODAL MASS SAVED ON ANIMATION FILES (1: YES) :    0
 KEEP DELETED ELEMENT (1: YES) :    0


 12/09/2026
   CYCLE    TIME      TIME-STEP  ELEMENT          ERROR  I-ENERGY    K-ENERGY T  K-ENERGY R  EXT-WORK     MAS.ERR     TOTAL MASS  MASS ADDED
       0   0.000      0.1000E-03 SPRIN          1   0.0%   0.000       0.000       0.000       0.000       0.000       200.0       0.000    
     100  0.1000E-01  0.1000E-03 SPRIN          1  -0.0%   34.46       60.50       0.000       94.96       0.000       200.0       0.000    
     200  0.2000E-01  0.1000E-03 SPRIN          1  -0.0%   136.7       60.50       0.000       197.2       0.000       200.0       0.000    
     300  0.3000E-01  0.1000E-03 SPRIN          1  -0.0%   261.0       60.50       0.000       321.5       0.000       200.0       0.000    
     400  0.4000E-01  0.1000E-03 SPRIN          1  -0.0%   384.0       60.50       0.000       444.5       0.000       200.0       0.000    
     500  0.5000E-01  0.1000E-03 SPRIN          1  -0.0%   505.5       60.50       0.000       566.0       0.000       200.0       0.000    
     600  0.6000E-01  0.1000E-03 SPRIN          1  -0.0%   625.7       60.50       0.000       686.2       0.000       200.0       0.000    
     700  0.7000E-01  0.1000E-03 SPRIN          1  -0.0%   744.4       60.50       0.000       804.9       0.000       200.0       0.000    
     800  0.8000E-01  0.1000E-03 SPRIN          1  -0.0%   861.7       60.50       0.000       922.2       0.000       200.0       0.000    
     900  0.9000E-01  0.1000E-03 SPRIN          1  -0.0%   977.6       60.50       0.000       1038.       0.000       200.0       0.000    
    1000  0.1000      0.1000E-03 SPRIN          1  -0.0%   1092.       60.50       0.000       1153.       0.000       200.0       0.000    
    1100  0.1100      0.1000E-03 SPRIN          1  -0.0%   1205.       60.50       0.000       1266.       0.000       200.0       0.000    
    1200  0.1200      0.1000E-03 SPRIN          1  -0.0%   1317.       60.50       0.000       1377.       0.000       200.0       0.000    
    1300  0.1300      0.1000E-03 SPRIN          1  -0.0%   1427.       60.50       0.000       1488.       0.000       200.0       0.000    
    1400  0.1400      0.1000E-03 SPRIN          1  -0.0%   1536.       60.50       0.000       1597.       0.000       200.0       0.000    
    1500  0.1500      0.1000E-03 SPRIN          1  -0.0%   1644.       60.50       0.000       1704.       0.000       200.0       0.000    
    1600  0.1600      0.1000E-03 SPRIN          1  -0.0%   1750.       60.50       0.000       1810.       0.000       200.0       0.000    
    1700  0.1700      0.1000E-03 SPRIN          1  -0.0%   1854.       60.50       0.000       1915.       0.000       200.0       0.000    
    1800  0.1800      0.1000E-03 SPRIN          1  -0.0%   1958.       60.50       0.000       2018.       0.000       200.0       0.000    
    1900  0.1900      0.1000E-03 SPRIN          1  -0.0%   2059.       60.50       0.000       2120.       0.000       200.0       0.000    
    2000  0.2000      0.1000E-03 SPRIN          1  -0.0%   2160.       60.50       0.000       2220.       0.000       200.0       0.000    
    2100  0.2100      0.1000E-03 SPRIN          1  -0.0%   2259.       60.50       0.000       2319.       0.000       200.0       0.000    
    2200  0.2200      0.1000E-03 SPRIN          1  -0.0%   2356.       60.50       0.000       2417.       0.000       200.0       0.000    
    2300  0.2300      0.1000E-03 SPRIN          1  -0.0%   2453.       60.50       0.000       2513.       0.000       200.0       0.000    
    2400  0.2400      0.1000E-03 SPRIN          1  -0.0%   2548.       60.50       0.000       2608.       0.000       200.0       0.000    
    2500  0.2500      0.1000E-03 SPRIN          1  -0.0%   2641.       60.50       0.000       2701.       0.000       200.0       0.000    
    2600  0.2600      0.1000E-03 SPRIN          1  -0.0%   2733.       60.50       0.000       2793.       0.000       200.0       0.000    
    2700  0.2700      0.1000E-03 SPRIN          1  -0.0%   2824.       60.50       0.000       2884.       0.000       200.0       0.000    
    2800  0.2800      0.1000E-03 SPRIN          1  -0.0%   2913.       60.50       0.000       2973.       0.000       200.0       0.000    
    2900  0.2900      0.1000E-03 SPRIN          1  -0.0%   3001.       60.50       0.000       3061.       0.000       200.0       0.000    
    3000  0.3000      0.1000E-03 SPRIN          1  -0.0%   3087.       60.50       0.000       3147.       0.000       200.0       0.000    
    3100  0.3100      0.1000E-03 SPRIN          1  -0.0%   3172.       60.50       0.000       3232.       0.000       200.0       0.000    
    3200  0.3200      0.1000E-03 SPRIN          1  -0.0%   3255.       60.50       0.000       3316.       0.000       200.0       0.000    
    3300  0.3300      0.1000E-03 SPRIN          1  -0.0%   3338.       60.50       0.000       3398.       0.000       200.0       0.000    
    3400  0.3400      0.1000E-03 SPRIN          1  -0.0%   3418.       60.50       0.000       3479.       0.000       200.0       0.000    
    3500  0.3500      0.1000E-03 SPRIN          1  -0.0%   3498.       60.50       0.000       3558.       0.000       200.0       0.000    
    3600  0.3600      0.1000E-03 SPRIN          1  -0.0%   3576.       60.50       0.000       3636.       0.000       200.0       0.000    
    3700  0.3700      0.1000E-03 SPRIN          1  -0.0%   3652.       60.50       0.000       3713.       0.000       200.0       0.000    
    3800  0.3800      0.1000E-03 SPRIN          1  -0.0%   3727.       60.50       0.000       3788.       0.000       200.0       0.000    
    3900  0.3900      0.1000E-03 SPRIN          1  -0.0%   3801.       60.50       0.000       3861.       0.000       200.0       0.000    
    4000  0.4000      0.1000E-03 SPRIN          1  -0.0%   3873.       60.50       0.000       3934.       0.000       200.0       0.000    
    4100  0.4100      0.1000E-03 SPRIN          1  -0.0%   3944.       60.50       0.000       4005.       0.000       200.0       0.000    
    4200  0.4200      0.1000E-03 SPRIN          1  -0.0%   4014.       60.50       0.000       4074.       0.000       200.0       0.000    
    4300  0.4300      0.1000E-03 SPRIN          1  -0.0%   4082.       60.50       0.000       4142.       0.000       200.0       0.000    
    4400  0.4400      0.1000E-03 SPRIN          1  -0.0%   4148.       60.50       0.000       4209.       0.000       200.0       0.000    
    4500  0.4500      0.1000E-03 SPRIN          1  -0.0%   4214.       60.50       0.000       4274.       0.000       200.0       0.000    
    4600  0.4600      0.1000E-03 SPRIN          1  -0.0%   4278.       60.50       0.000       4338.       0.000       200.0       0.000    
    4700  0.4700      0.1000E-03 SPRIN          1  -0.0%   4340.       60.50       0.000       4401.       0.000       200.0       0.000    
    4800  0.4800      0.1000E-03 SPRIN          1  -0.0%   4401.       60.50       0.000       4462.       0.000       200.0       0.000    
    4900  0.4900      0.1000E-03 SPRIN          1  -0.0%   4461.       60.50       0.000       4521.       0.000       200.0       0.000    
    5000  0.5000      0.1000E-03 SPRIN          1  -0.0%   4519.       60.50       0.000       4580.       0.000       200.0       0.000    
    5100  0.5100      0.1000E-03 SPRIN          1  -0.0%   4576.       60.50       0.000       4636.       0.000       200.0       0.000    
    5200  0.5200      0.1000E-03 SPRIN          1  -0.0%   4631.       60.50       0.000       4692.       0.000       200.0       0.000    
    5300  0.5300      0.1000E-03 SPRIN          1  -0.0%   4685.       60.50       0.000       4746.       0.000       200.0       0.000    
    5400  0.5400      0.1000E-03 SPRIN          1  -0.0%   4738.       60.50       0.000       4798.       0.000       200.0       0.000    
    5500  0.5500      0.1000E-03 SPRIN          1  -0.0%   4789.       60.50       0.000       4850.       0.000       200.0       0.000    
    5600  0.5600      0.1000E-03 SPRIN          1  -0.0%   4839.       60.50       0.000       4899.       0.000       200.0       0.000    
    5700  0.5700      0.1000E-03 SPRIN          1  -0.0%   4887.       60.50       0.000       4948.       0.000       200.0       0.000    
    5800  0.5800      0.1000E-03 SPRIN          1  -0.0%   4934.       60.50       0.000       4995.       0.000       200.0       0.000    
    5900  0.5900      0.1000E-03 SPRIN          1  -0.0%   4980.       60.50       0.000       5040.       0.000       200.0       0.000    
    6000  0.6000      0.1000E-03 SPRIN          1  -0.0%   5024.       60.50       0.000       5085.       0.000       200.0       0.000    
    6100  0.6100      0.1000E-03 SPRIN          1  -0.0%   5067.       60.50       0.000       5127.       0.000       200.0       0.000    
    6200  0.6200      0.1000E-03 SPRIN          1  -0.0%   5108.       60.50       0.000       5169.       0.000       200.0       0.000    
    6300  0.6300      0.1000E-03 SPRIN          1  -0.0%   5148.       60.50       0.000       5209.       0.000       200.0       0.000    
    6400  0.6400      0.1000E-03 SPRIN          1  -0.0%   5187.       60.50       0.000       5247.       0.000       200.0       0.000    
    6500  0.6500      0.1000E-03 SPRIN          1  -0.0%   5224.       60.50       0.000       5284.       0.000       200.0       0.000    
    6600  0.6600      0.1000E-03 SPRIN          1  -0.0%   5260.       60.50       0.000       5320.       0.000       200.0       0.000    
    6700  0.6700      0.1000E-03 SPRIN          1  -0.0%   5294.       60.50       0.000       5354.       0.000       200.0       0.000    
    6800  0.6800      0.1000E-03 SPRIN          1  -0.0%   5327.       60.50       0.000       5387.       0.000       200.0       0.000    
    6900  0.6900      0.1000E-03 SPRIN          1  -0.0%   5358.       60.50       0.000       5419.       0.000       200.0       0.000    
    7000  0.7000      0.1000E-03 SPRIN          1  -0.0%   5389.       60.50       0.000       5449.       0.000       200.0       0.000    
    7100  0.7100      0.1000E-03 SPRIN          1  -0.0%   5417.       60.50       0.000       5478.       0.000       200.0       0.000    
    7200  0.7200      0.1000E-03 SPRIN          1  -0.0%   5445.       60.50       0.000       5505.       0.000       200.0       0.000    
    7300  0.7300      0.1000E-03 SPRIN          1  -0.0%   5470.       60.50       0.000       5531.       0.000       200.0       0.000    
    7400  0.7400      0.1000E-03 SPRIN          1  -0.0%   5495.       60.50       0.000       5555.       0.000       200.0       0.000    
    7500  0.7500      0.1000E-03 SPRIN          1  -0.0%   5518.       60.50       0.000       5578.       0.000       200.0       0.000    
    7600  0.7600      0.1000E-03 SPRIN          1  -0.0%   5540.       60.50       0.000       5600.       0.000       200.0       0.000    
    7700  0.7700      0.1000E-03 SPRIN          1  -0.0%   5560.       60.50       0.000       5620.       0.000       200.0       0.000    
    7800  0.7800      0.1000E-03 SPRIN          1  -0.0%   5579.       60.50       0.000       5639.       0.000       200.0       0.000    
    7900  0.7900      0.1000E-03 SPRIN          1  -0.0%   5596.       60.50       0.000       5657.       0.000       200.0       0.000    
    8000  0.8000      0.1000E-03 SPRIN          1  -0.0%   5612.       60.50       0.000       5673.       0.000       200.0       0.000    
    8100  0.8100      0.1000E-03 SPRIN          1  -0.0%   5627.       60.50       0.000       5687.       0.000       200.0       0.000    
    8200  0.8200      0.1000E-03 SPRIN          1  -0.0%   5640.       60.50       0.000       5701.       0.000       200.0       0.000    
    8300  0.8300      0.1000E-03 SPRIN          1  -0.0%   5652.       60.50       0.000       5713.       0.000       200.0       0.000    
    8400  0.8400      0.1000E-03 SPRIN          1  -0.0%   5662.       60.50       0.000       5723.       0.000       200.0       0.000    
    8500  0.8500      0.1000E-03 SPRIN          1  -0.0%   5671.       60.50       0.000       5732.       0.000       200.0       0.000    
    8600  0.8600      0.1000E-03 SPRIN          1  -0.0%   5679.       60.50       0.000       5740.       0.000       200.0       0.000    
    8700  0.8700      0.1000E-03 SPRIN          1  -0.0%   5685.       60.50       0.000       5746.       0.000       200.0       0.000    
    8800  0.8800      0.1000E-03 SPRIN          1  -0.0%   5690.       60.50       0.000       5751.       0.000       200.0       0.000    
    8900  0.8900      0.1000E-03 SPRIN          1  -0.0%   5693.       60.50       0.000       5754.       0.000       200.0       0.000    
    9000  0.9000      0.1000E-03 SPRIN          1  -0.0%   5695.       60.50       0.000       5756.       0.000       200.0       0.000    
 -- RUPTURE OF SPRING ELEMENT NUMBER          1
    9100  0.9100      0.1000E-03 SHELL          0  -0.0%   5696.       60.50       0.000       5756.       0.000       200.0       0.000    
    9200  0.9200      0.1000E-03 SHELL          0  -0.0%   5696.       60.50       0.000       5756.       0.000       200.0       0.000    
    9300  0.9300      0.1000E-03 SHELL          0  -0.0%   5696.       60.50       0.000       5756.       0.000       200.0       0.000    
    9400  0.9400      0.1000E-03 SHELL          0  -0.0%   5696.       60.50       0.000       5756.       0.000       200.0       0.000    
    9500  0.9500      0.1000E-03 SHELL          0  -0.0%   5696.       60.50       0.000       5756.       0.000       200.0       0.000    
    9600  0.9600      0.1000E-03 SHELL          0  -0.0%   5696.       60.50       0.000       5756.       0.000       200.0       0.000    
    9700  0.9700      0.1000E-03 SHELL          0  -0.0%   5696.       60.50       0.000       5756.       0.000       200.0       0.000    
    9800  0.9800      0.1000E-03 SHELL          0  -0.0%   5696.       60.50       0.000       5756.       0.000       200.0       0.000    
    9900  0.9900      0.1000E-03 SHELL          0  -0.0%   5696.       60.50       0.000       5756.       0.000       200.0       0.000    
   CYCLE    TIME      TIME-STEP  ELEMENT          ERROR  I-ENERGY    K-ENERGY T  K-ENERGY R  EXT-WORK     MAS.ERR     TOTAL MASS  MASS ADDED
   10000   1.000      0.1000E-03 SHELL          0  -0.3%   5696.       15.13       0.000       5726.       0.000       200.0       0.000    
   10100   1.010      0.1000E-03 SHELL          0  -0.0%   5696.       0.000       0.000       5696.       0.000       200.0       0.000    
   10200   1.020      0.1000E-03 SHELL          0  -0.0%   5696.       0.000       0.000       5696.       0.000       200.0       0.000    
   10300   1.030      0.1000E-03 SHELL          0  -0.0%   5696.       0.000       0.000       5696.       0.000       200.0       0.000    
   10400   1.040      0.1000E-03 SHELL          0  -0.0%   5696.       0.000       0.000       5696.       0.000       200.0       0.000    
   10500   1.050      0.1000E-03 SHELL          0  -0.0%   5696.       0.000       0.000       5696.       0.000       200.0       0.000    
   10600   1.060      0.1000E-03 SHELL          0  -0.0%   5696.       0.000       0.000       5696.       0.000       200.0       0.000    
   10700   1.070      0.1000E-03 SHELL          0  -0.0%   5696.       0.000       0.000       5696.       0.000       200.0       0.000    
   10800   1.080      0.1000E-03 SHELL          0  -0.0%   5696.       0.000       0.000       5696.       0.000       200.0       0.000    
   10900   1.090      0.1000E-03 SHELL          0  -0.0%   5696.       0.000       0.000       5696.       0.000       200.0       0.000    
   11000   1.100      0.1000E-03 SHELL          0  -0.0%   5696.       0.000       0.000       5696.       0.000       200.0       0.000    

     RESTART FILES: I02B_NORMAL_HIGH_MONO_R1_0001_[0001-0001].rst WRITTEN
     -------------

  
                           ** CPU USER TIME **
  
  
                        ** SUMMARY **
  
 #PROC  ELEMENT   KINCOND   INTEG     IO        T0        ASM       RESOL    
   1   .6250E-01 .1562E-01 .1562E-01 .1250E+00 .1719E+00 .1562E-01 .6250E+00
  
 
                   ** CUMULATIVE CPU TIME SUMMARY **
  
 CONTACT SORTING.............: .0000E+00     0.00 % 
 CONTACT FORCES..............: .1562E-01     2.50 % 
 ELEMENT FORCES..............: .6250E-01    10.00 % 
 KINEMATIC COND..............: .1562E-01     2.50 % 
 INTEGRATION.................: .1562E-01     2.50 % 
 ASSEMBLING..................: .1562E-01     2.50 % 
 OTHERS (including I/O)......: .5000E+00    80.00 % 
 TOTAL.......................: .6250E+00   100.00 % 
  
  
                           ** ELAPSED TIME **
  
  
                        ** SUMMARY **
  
 #PROC  ELEMENT   KINCOND   INTEG     IO        T0        ASM       RESOL    
   1   .5612E-01 .4561E-01 .3426E-01 .1652E+00 .1153E+00 .2108E-01 .6213E+00
  
                   ** MEMORY USAGE STATISTICS **
  
 TOTAL MEMORY USED .........................:       46 MB
 MAXIMUM MEMORY PER PROCESSOR...............:       46 MB
 MINIMUM MEMORY PER PROCESSOR...............:       46 MB
 AVERAGE MEMORY PER PROCESSOR...............:       46 MB
  
                   ** DISK USAGE STATISTICS **
  
 TOTAL DISK SPACE USED .....................:          1 MB
 ANIMATION/H3D/TH/OUTP SIZE ................:          1 MB
 RESTART FILE SIZE .........................:          0 MB
  
                   ** COMPUTE TIME INFORMATION **
                        ** CURRENT ENGINE **
  
 EXECUTION STARTED .........................:      2026/09/12  17:35:55
 EXECUTION COMPLETED .......................:      2026/09/12  17:35:55
  
 ELAPSED TIME     =          0.65 s
                          0:00:00



     NORMAL TERMINATION      



     TOTAL NUMBER OF CYCLES  :   11001

  
                   ** COMPUTE RUNTIME INFORMATION SUMMARY **
  
        STARTER RUNTIME =          0.55s (00:00:00)
 # 001   ENGINE RUNTIME =          0.65s (00:00:00)
 ------------------------------ 
 STARTER+ENGINE RUNTIME =          1.20s (00:00:01)
  
