 A24_CONNECTED_FREE_TRANSLATION_0001.out
************************************************************************
**                                                                    **
**                                                                    **
**                         OpenRadioss Engine                         **
**                                                                    **
**            Non-linear Finite Element Analysis Software             **
**                                                                    **
**                                                                    **
**                                                                    **
**                  Windows 64 bits, Intel compiler                   **
**                      Double Precision Version                      **
**                                                                    **
**                                                                    **
**                                                                    **
************************************************************************
** OpenRadioss Software                                               **
** COPYRIGHT (C) 2026 Siemens                                         **
** Licensed under GNU Affero General Public License.                  **
** See License file.                                                  **
************************************************************************
 
 NUMBER OF SPMD DOMAINS           1
 NUMBER OF THREADS PER DOMAIN     1
 NUMBER OF HMPP PROCESSES         1
  
 COMPUTATION HARDWARE DESCRIPTION
  
 HOSTNAME     CPU TYPE, FREQUENCY AND MEMORY
 jeux   AMD Ryzen 5 5600 6-Core Processor               (x86_64), 3700 MHz,   5624 MB RAM,  19241 MB swap
  
 STACKSIZE  . . . . . . . . . . . . . . . . . . . . 1430 MB
 THREAD STACKSIZE . . . . . . . . . . . . . . . . . 400 MB
 
************************************************************************


 A24_CONNECTED_FREE_TRANSLATIOND01                                               


 FINAL TIME . . . . . . . . . . . . . . . . . . .  0.5000000E-01

 TIME INTERVAL FOR TIME HISTORY PLOTS . . . . . .  0.1000000E-02

 TIME STEP SCALE FACTOR . . . . . . . . . . . . .  0.4000000    

 MINIMUM TIME STEP  . . . . . . . . . . . . . . .   0.000000    


 BRICK TIME STEP SCALE FACTOR . . . . . . . . . .  0.4000000    
 BRICK MINIMUM TIME STEP. . . . . . . . . . . . .   0.000000    
 MIN. TIME STEP FLAG (1:STOP RUN, 2:DELETE BRICK)     1

 QUAD TIME STEP SCALE FACTOR. . . . . . . . . . .  0.4000000    
 QUAD MINIMUM TIME STEP . . . . . . . . . . . . .   0.000000    
 MIN. TIME STEP FLAG (1:STOP RUN, 2:DELETE QUAD).     1

 SHELL TIME STEP SCALE FACTOR . . . . . . . . . .  0.4000000    
 SHELL MINIMUM TIME STEP. . . . . . . . . . . . .   0.000000    
 MIN. TIME FLAG (1:STOP, 2:DELETE, 3:SMALL STRAIN)    2

 TRUSS TIME STEP SCALE FACTOR . . . . . . . . . .  0.4000000    
 TRUSS MINIMUM TIME STEP. . . . . . . . . . . . .   0.000000    
 MIN. TIME FLAG (1:STOP, 2:DELETE). . . . . . . .     0

 BEAM TIME STEP SCALE FACTOR. . . . . . . . . . .  0.4000000    
 BEAM MINIMUM TIME STEP . . . . . . . . . . . . .   0.000000    
 MIN. TIME FLAG (1:STOP, 2:DELETE). . . . . . . .     0

 SPRING TIME STEP SCALE FACTOR. . . . . . . . . .  0.4000000    
 SPRING MINIMUM TIME STEP . . . . . . . . . . . .   0.000000    
 MIN. TIME FLAG (1:STOP, 2:DELETE). . . . . . . .     0

 AIRBAG TIME STEP SCALE FACTOR. . . . . . . . . .  0.4000000    
 AIRBAG MINIMUM TIME STEP . . . . . . . . . . . .   0.000000    
 MIN. TIME FLAG (1:STOP). . . . . . . . . . . . .     0

 CONTACT TIME STEP SCALE FACTOR . . . . . . . . .  0.4000000    
 CONTACT MINIMUM TIME STEP. . . . . . . . . . . .   0.000000    
 MIN. TIME FLAG(1:STOP, 2:REMOVE NODE FROM INTERF)    0

 PRINTOUT CYCLE FREQUENCY . . . . . . . . . . . .  -100

 RESTART CYCLE FREQUENCY. . . . . . . . . . . . .   10000000

 MAXIMUM RESTART WRITE BEFORE OVERWRITE . . . . .     0

 INVERS: INPUT DECK VERSION . . . . . . . . . . .  2026
 ITTYP : FLAG FOR TYPE OF T-FILE. . . . . . . . .     4

 INITIAL TIME STEP. . . . . . . . . . . . . . . .  0.2500000E-04
 MAXIMUM TIME STEP. . . . . . . . . . . . . . . .  0.2500000E-04

 PARALLEL ARITHMETIC ON
 NUMBER OF INTERFACES TO BE ELIMINATED. . . . . .        0

 NUMBER OF PARTS TO BE ELIMINATED . . . . . . . .        0

 NUMBER OF SOLID  ELEMENT BLOCKS TO BE ELIMINATED        0

 NUMBER OF QUAD   ELEMENT BLOCKS TO BE ELIMINATED        0

 NUMBER OF SHELL  ELEMENT BLOCKS TO BE ELIMINATED        0

 NUMBER OF TRUSS  ELEMENT BLOCKS TO BE ELIMINATED        0

 NUMBER OF BEAM   ELEMENT BLOCKS TO BE ELIMINATED        0

 NUMBER OF SPRING ELEMENT BLOCKS TO BE ELIMINATED        0

 NUMBER OF SH_3N  ELEMENT BLOCKS TO BE ELIMINATED        0

 NUMBER OF  SPH PARTICLES BLOCKS TO BE ELIMINATED        0

 NUMBER OF RIGID LINKS. . . . . . . . . . . . . .        0

 NUMBER OF NEW BOUNDARY CONDITIONS. . . . . . . .        0


 TIME FOR FIRST ANIMATION-FILE PLOT . . . . . . .   0.000000    
 TIME INTERVAL FOR ANIMATION-FILE PLOTS . . . . .  0.2500000E-01
 TIME TO STOP ANIMATION-FILE PLOTS. . . . . . . .  0.1000000E+21
 SENSOR FOR ANIMATION-FILE PLOTS. . . . . . . . .          0
 TIME INTERVAL FOR SENSOR ANIMATION-FILE PLOTS. .   0.000000    

 VARIABLE SAVED ON ANIMATION FILES (1: YES) :
      PLASTIC STRAIN. . . . . .     0
      DENSITY     (SOLID ONLY).     0
      SPECIFIC ENERGY . . . . .     1
      HOURGLASS ENERGY. . . . .     0
      TEMPERATURE (SOLID ONLY).     0
      THICKNESS   (SHELL ONLY).     0
      PRESSURE    (SOLID ONLY).     0
      VON MISES . . . . . . . .     0
      TURBULENT ENERGY (FLUID).     0
      TURBULENT VISCOSITY(FLUID)    0
      VORTICITY (FLUID) . . . .     0
 NODAL VALUES SAVED ON ANIMATION FILES (1: YES) :
      PRESSURE. . . . . . . . .     0
      DENSITY . . . . . . . . .     0
      TEMPERATURE . . . . . . .     0
 VECTOR SAVED ON ANIMATION FILES (1: YES) :
      VELOCITY VECTOR . . . . .     1
      DISPLACEMENT VECTOR . . .     1
      ACCELERATION VECTOR . . .     0
      CONTACT FORCES. . . . . .     0
      INTERNAL FORCES . . . . .     0
      EXTERNAL FORCES . . . . .     0
      SECTION RBY RWALL FORCES.     0
      ROTATIONAL VELOCITY VECTOR    0
      CONTACT PRESSURE (VECTORS)    0
 SHELL TENSOR SAVED ON ANIMATION FILES (1: YES) :
      MEMBRANE STRESS . . . . .     0
      BENDING STRESS(MOMENT/T^2)    0
      UPPER LAYER STRESS. . . .     0
      LOWER LAYER STRESS. . . .     0
      MEMBRANE STRAIN . . . . .     0
      CURVATURE . . . . . . . .     0
      UPPER LAYER STRAIN. . . .     0
      LOWER LAYER STRAIN. . . .     0
 NODAL MASS SAVED ON ANIMATION FILES (1: YES) :    1
 KEEP DELETED ELEMENT (1: YES) :    0


 10/10/2026
   CYCLE    TIME      TIME-STEP  ELEMENT          ERROR  I-ENERGY    K-ENERGY T  K-ENERGY R  EXT-WORK     MAS.ERR     TOTAL MASS  MASS ADDED
       0   0.000      0.1232E-04 NODE          21   0.0%   0.000       7325.       0.000       0.000       0.000      0.3660       0.000    
     ANIMATION FILE: A24_CONNECTED_FREE_TRANSLATIONA001 WRITTEN
     100  0.1232E-02  0.1232E-04 NODE          31  -0.0% -0.1363E-23   7325.      0.5302E-29   0.000       0.000      0.3660       0.000    
     200  0.2463E-02  0.1232E-04 NODE          31  -0.0% -0.8368E-23   7325.      0.4991E-27   0.000       0.000      0.3660       0.000    
     300  0.3695E-02  0.1232E-04 NODE          31  -0.0% -0.2079E-22   7325.      0.5012E-26   0.000       0.000      0.3660       0.000    
     400  0.4927E-02  0.1232E-04 NODE          31  -0.0% -0.3023E-22   7325.      0.1525E-25   0.000       0.000      0.3660       0.000    
     500  0.6159E-02  0.1232E-04 NODE          31  -0.0% -0.4525E-22   7325.      0.3140E-25   0.000       0.000      0.3660       0.000    
     600  0.7390E-02  0.1232E-04 NODE          31  -0.0% -0.5224E-22   7325.      0.7564E-25   0.000       0.000      0.3660       0.000    
     700  0.8622E-02  0.1232E-04 NODE          31  -0.0% -0.4473E-22   7325.      0.1518E-24   0.000       0.000      0.3660       0.000    
     800  0.9854E-02  0.1232E-04 NODE          31  -0.0% -0.5167E-22   7325.      0.2145E-24   0.000       0.000      0.3660       0.000    
     900  0.1109E-01  0.1232E-04 NODE          31  -0.0% -0.5400E-22   7325.      0.2392E-24   0.000       0.000      0.3660       0.000    
    1000  0.1232E-01  0.1232E-04 NODE          31  -0.0% -0.6487E-22   7325.      0.2419E-24   0.000       0.000      0.3660       0.000    
    1100  0.1355E-01  0.1232E-04 NODE          31  -0.0% -0.6019E-22   7325.      0.2470E-24   0.000       0.000      0.3660       0.000    
    1200  0.1478E-01  0.1232E-04 NODE          31  -0.0% -0.5902E-22   7325.      0.2378E-24   0.000       0.000      0.3660       0.000    
    1300  0.1601E-01  0.1232E-04 NODE          31  -0.0% -0.6251E-22   7325.      0.2606E-24   0.000       0.000      0.3660       0.000    
    1400  0.1724E-01  0.1232E-04 NODE          31  -0.0% -0.7565E-22   7325.      0.3127E-24   0.000       0.000      0.3660       0.000    
    1500  0.1848E-01  0.1232E-04 NODE          31  -0.0% -0.6942E-22   7325.      0.4454E-24   0.000       0.000      0.3660       0.000    
    1600  0.1971E-01  0.1232E-04 NODE          31  -0.0% -0.7425E-22   7325.      0.7119E-24   0.000       0.000      0.3660       0.000    
    1700  0.2094E-01  0.1232E-04 NODE          31  -0.0% -0.8220E-22   7325.      0.8969E-24   0.000       0.000      0.3660       0.000    
    1800  0.2217E-01  0.1232E-04 NODE          31  -0.0% -0.9699E-22   7325.      0.1065E-23   0.000       0.000      0.3660       0.000    
    1900  0.2340E-01  0.1232E-04 NODE          31  -0.0% -0.1039E-21   7325.      0.1112E-23   0.000       0.000      0.3660       0.000    
    2000  0.2463E-01  0.1232E-04 NODE          31  -0.0% -0.9618E-22   7325.      0.1105E-23   0.000       0.000      0.3660       0.000    
     ANIMATION FILE: A24_CONNECTED_FREE_TRANSLATIONA002 WRITTEN
    2100  0.2587E-01  0.1232E-04 NODE          31   0.0% -0.1174E-21   7325.      0.9352E-24   0.000       0.000      0.3660       0.000    
    2200  0.2710E-01  0.1232E-04 NODE          31   0.0% -0.1093E-21   7325.      0.6727E-24   0.000       0.000      0.3660       0.000    
    2300  0.2833E-01  0.1232E-04 NODE          31   0.0% -0.1136E-21   7325.      0.5610E-24   0.000       0.000      0.3660       0.000    
    2400  0.2956E-01  0.1232E-04 NODE          31   0.0% -0.1271E-21   7325.      0.4857E-24   0.000       0.000      0.3660       0.000    
    2500  0.3079E-01  0.1232E-04 NODE          31   0.0% -0.1398E-21   7325.      0.4892E-24   0.000       0.000      0.3660       0.000    
    2600  0.3202E-01  0.1232E-04 NODE          31   0.0% -0.1413E-21   7325.      0.4692E-24   0.000       0.000      0.3660       0.000    
    2700  0.3326E-01  0.1232E-04 NODE          31   0.0% -0.1318E-21   7325.      0.4912E-24   0.000       0.000      0.3660       0.000    
    2800  0.3449E-01  0.1232E-04 NODE          31   0.0% -0.1358E-21   7325.      0.4911E-24   0.000       0.000      0.3660       0.000    
    2900  0.3572E-01  0.1232E-04 NODE          31   0.0% -0.1438E-21   7325.      0.4532E-24   0.000       0.000      0.3660       0.000    
    3000  0.3695E-01  0.1232E-04 NODE          31   0.0% -0.1400E-21   7325.      0.4416E-24   0.000       0.000      0.3660       0.000    
    3100  0.3818E-01  0.1232E-04 NODE          31   0.0% -0.1453E-21   7325.      0.3837E-24   0.000       0.000      0.3660       0.000    
    3200  0.3941E-01  0.1232E-04 NODE          31   0.0% -0.1531E-21   7325.      0.3294E-24   0.000       0.000      0.3660       0.000    
    3300  0.4065E-01  0.1232E-04 NODE          31   0.0% -0.1837E-21   7325.      0.2957E-24   0.000       0.000      0.3660       0.000    
    3400  0.4188E-01  0.1232E-04 NODE          31   0.0% -0.1771E-21   7325.      0.2692E-24   0.000       0.000      0.3660       0.000    
    3500  0.4311E-01  0.1232E-04 NODE          31   0.0% -0.1790E-21   7325.      0.2390E-24   0.000       0.000      0.3660       0.000    
    3600  0.4434E-01  0.1232E-04 NODE          31   0.0% -0.1694E-21   7325.      0.1880E-24   0.000       0.000      0.3660       0.000    
    3700  0.4557E-01  0.1232E-04 NODE          31   0.0% -0.1685E-21   7325.      0.1568E-24   0.000       0.000      0.3660       0.000    
    3800  0.4681E-01  0.1232E-04 NODE          31   0.0% -0.1808E-21   7325.      0.1670E-24   0.000       0.000      0.3660       0.000    
    3900  0.4804E-01  0.1232E-04 NODE          31   0.0% -0.1859E-21   7325.      0.2235E-24   0.000       0.000      0.3660       0.000    
    4000  0.4927E-01  0.1232E-04 NODE          31   0.0% -0.2096E-21   7325.      0.3057E-24   0.000       0.000      0.3660       0.000    

     RESTART FILES: A24_CONNECTED_FREE_TRANSLATION_0001_[0001-0001].rst WRITTEN
     -------------

     ANIMATION FILE: A24_CONNECTED_FREE_TRANSLATIONA003 WRITTEN
  
                           ** CPU USER TIME **
  
  
                        ** SUMMARY **
  
 #PROC  CONTSORT  CONTFOR   ELEMENT   KINCOND   INTEG     IO        T0        ASM       RESOL    
   1   .4688E-01 .0000E+00 .5469E+00 .1562E-01 .1562E-01 .4688E-01 .3125E-01 .0000E+00 .8125E+00
  
 
                   ** CUMULATIVE CPU TIME SUMMARY **
  
 CONTACT SORTING.............: .4688E-01     5.77 % 
 CONTACT FORCES..............: .0000E+00     0.00 % 
 ELEMENT FORCES..............: .5469E+00    67.31 % 
 KINEMATIC COND..............: .1562E-01     1.92 % 
 INTEGRATION.................: .1562E-01     1.92 % 
 ASSEMBLING..................: .0000E+00     0.00 % 
 OTHERS (including I/O)......: .1875E+00    23.08 % 
 TOTAL.......................: .8125E+00   100.00 % 
  
  
                           ** ELAPSED TIME **
  
  
                        ** SUMMARY **
  
 #PROC  CONTSORT  CONTFOR   ELEMENT   KINCOND   INTEG     IO        T0        ASM       RESOL    
   1   .5994E-01 .8024E-02 .4945E+00 .1316E-01 .1713E-01 .4641E-01 .8230E-01 .1306E-01 .8095E+00
  
                   ** MEMORY USAGE STATISTICS **
  
 TOTAL MEMORY USED .........................:       60 MB
 MAXIMUM MEMORY PER PROCESSOR...............:       60 MB
 MINIMUM MEMORY PER PROCESSOR...............:       60 MB
 AVERAGE MEMORY PER PROCESSOR...............:       60 MB
  
                   ** DISK USAGE STATISTICS **
  
 TOTAL DISK SPACE USED .....................:          0 MB
 ANIMATION/H3D/TH/OUTP SIZE ................:          0 MB
 RESTART FILE SIZE .........................:          0 MB
  
                   ** COMPUTE TIME INFORMATION **
                        ** CURRENT ENGINE **
  
 EXECUTION STARTED .........................:      2026/10/10  11:24:16
 EXECUTION COMPLETED .......................:      2026/10/10  11:24:17
  
 ELAPSED TIME     =          0.84 s
                          0:00:00



     NORMAL TERMINATION      



     TOTAL NUMBER OF CYCLES  :    4061

  
                   ** COMPUTE RUNTIME INFORMATION SUMMARY **
  
        STARTER RUNTIME =          0.73s (00:00:00)
 # 001   ENGINE RUNTIME =          0.84s (00:00:00)
 ------------------------------ 
 STARTER+ENGINE RUNTIME =          1.56s (00:00:01)
  
