************************************************************************
**                                                                    **
**                                                                    **
**                         OpenRadioss Engine                         **
**                                                                    **
**            Non-linear Finite Element Analysis Software             **
**                                                                    **
**                                                                    **
**                                                                    **
**                  Windows 64 bits, Intel compiler                   **
**                      Double Precision Version                      **
**                                                                    **
**                                                                    **
**                                                                    **
************************************************************************
** OpenRadioss Software                                               **
** COPYRIGHT (C) 2026 Siemens                                         **
** Licensed under GNU Affero General Public License.                  **
** See License file.                                                  **
************************************************************************
 
 ROOT: I02F_AA2024_G60_H4_R3  RESTART: 0001
 NUMBER OF HMPP PROCESSES     1
 14/09/2026
 NC=       0 T= 0.0000E+00 DT= 6.1865E-04 ERR=  0.0% DM/M= 0.0000E+00
     ANIMATION FILE: I02F_AA2024_G60_H4_R3A001 WRITTEN
 NC=     100 T= 6.1865E-02 DT= 6.1865E-04 ERR= -0.0% DM/M= 0.0000E+00
 ELAPSED TIME=          0.04 s  REMAINING TIME=          4.95 s
 NC=     200 T= 1.2373E-01 DT= 6.1865E-04 ERR= -0.0% DM/M= 0.0000E+00
 ELAPSED TIME=          0.05 s  REMAINING TIME=          2.91 s
 NC=     300 T= 1.8560E-01 DT= 6.1866E-04 ERR=  0.0% DM/M= 0.0000E+00
 ELAPSED TIME=          0.05 s  REMAINING TIME=          2.21 s
 NC=     400 T= 2.4746E-01 DT= 6.1867E-04 ERR= -0.0% DM/M= 0.0000E+00
 ELAPSED TIME=          0.06 s  REMAINING TIME=          1.87 s
 NC=     500 T= 3.0933E-01 DT= 6.1868E-04 ERR= -0.0% DM/M= 0.0000E+00
 ELAPSED TIME=          0.07 s  REMAINING TIME=          1.65 s
 NC=     600 T= 3.7120E-01 DT= 6.1869E-04 ERR= -0.0% DM/M= 0.0000E+00
 ELAPSED TIME=          0.07 s  REMAINING TIME=          1.51 s
     ANIMATION FILE: I02F_AA2024_G60_H4_R3A002 WRITTEN
 NC=     700 T= 4.3307E-01 DT= 6.1870E-04 ERR= -0.0% DM/M= 0.0000E+00
 ELAPSED TIME=          0.08 s  REMAINING TIME=          1.42 s
 NC=     800 T= 4.9494E-01 DT= 6.1872E-04 ERR= -0.0% DM/M= 0.0000E+00
 ELAPSED TIME=          0.09 s  REMAINING TIME=          1.33 s
 NC=     900 T= 5.5681E-01 DT= 6.1873E-04 ERR= -0.0% DM/M= 0.0000E+00
 ELAPSED TIME=          0.09 s  REMAINING TIME=          1.27 s
 NC=    1000 T= 6.1868E-01 DT= 6.1875E-04 ERR= -0.0% DM/M= 0.0000E+00
 ELAPSED TIME=          0.10 s  REMAINING TIME=          1.21 s
 NC=    1100 T= 6.8056E-01 DT= 6.1877E-04 ERR= -0.0% DM/M= 0.0000E+00
 ELAPSED TIME=          0.11 s  REMAINING TIME=          1.17 s
 NC=    1200 T= 7.4244E-01 DT= 6.1880E-04 ERR= -0.0% DM/M= 0.0000E+00
 ELAPSED TIME=          0.12 s  REMAINING TIME=          1.13 s
     ANIMATION FILE: I02F_AA2024_G60_H4_R3A003 WRITTEN
 NC=    1300 T= 8.0432E-01 DT= 6.1882E-04 ERR= -0.0% DM/M= 0.0000E+00
 ELAPSED TIME=          0.12 s  REMAINING TIME=          1.10 s
 NC=    1400 T= 8.6620E-01 DT= 6.1885E-04 ERR= -0.0% DM/M= 0.0000E+00
 ELAPSED TIME=          0.13 s  REMAINING TIME=          1.07 s
 NC=    1500 T= 9.2809E-01 DT= 6.1887E-04 ERR= -0.0% DM/M= 0.0000E+00
 ELAPSED TIME=          0.14 s  REMAINING TIME=          1.04 s
 NC=    1600 T= 9.8998E-01 DT= 6.1890E-04 ERR= -0.0% DM/M= 0.0000E+00
 ELAPSED TIME=          0.14 s  REMAINING TIME=          1.02 s
 NC=    1700 T= 1.0519E+00 DT= 6.1893E-04 ERR= -0.0% DM/M= 0.0000E+00
 ELAPSED TIME=          0.15 s  REMAINING TIME=          0.99 s
 NC=    1800 T= 1.1138E+00 DT= 6.1897E-04 ERR= -0.0% DM/M= 0.0000E+00
 ELAPSED TIME=          0.16 s  REMAINING TIME=          0.98 s
 NC=    1900 T= 1.1757E+00 DT= 6.1900E-04 ERR= -0.0% DM/M= 0.0000E+00
 ELAPSED TIME=          0.17 s  REMAINING TIME=          0.96 s
     ANIMATION FILE: I02F_AA2024_G60_H4_R3A004 WRITTEN
 NC=    2000 T= 1.2376E+00 DT= 6.1904E-04 ERR= -0.0% DM/M= 0.0000E+00
 ELAPSED TIME=          0.17 s  REMAINING TIME=          0.95 s
 NC=    2100 T= 1.2995E+00 DT= 6.1907E-04 ERR= -0.0% DM/M= 0.0000E+00
 ELAPSED TIME=          0.18 s  REMAINING TIME=          0.93 s
 NC=    2200 T= 1.3614E+00 DT= 6.1911E-04 ERR= -0.0% DM/M= 0.0000E+00
 ELAPSED TIME=          0.19 s  REMAINING TIME=          0.91 s
 NC=    2300 T= 1.4233E+00 DT= 6.1915E-04 ERR= -0.0% DM/M= 0.0000E+00
 ELAPSED TIME=          0.19 s  REMAINING TIME=          0.90 s
 NC=    2400 T= 1.4852E+00 DT= 6.1919E-04 ERR= -0.0% DM/M= 0.0000E+00
 ELAPSED TIME=          0.20 s  REMAINING TIME=          0.88 s
 NC=    2500 T= 1.5471E+00 DT= 6.1923E-04 ERR= -0.0% DM/M= 0.0000E+00
 ELAPSED TIME=          0.21 s  REMAINING TIME=          0.87 s
     ANIMATION FILE: I02F_AA2024_G60_H4_R3A005 WRITTEN
 NC=    2600 T= 1.6091E+00 DT= 6.1927E-04 ERR= -0.0% DM/M= 0.0000E+00
 ELAPSED TIME=          0.22 s  REMAINING TIME=          0.85 s
 NC=    2700 T= 1.6710E+00 DT= 6.1932E-04 ERR= -0.0% DM/M= 0.0000E+00
 ELAPSED TIME=          0.22 s  REMAINING TIME=          0.84 s
 NC=    2800 T= 1.7329E+00 DT= 6.1936E-04 ERR= -0.0% DM/M= 0.0000E+00
 ELAPSED TIME=          0.23 s  REMAINING TIME=          0.83 s
 NC=    2900 T= 1.7949E+00 DT= 6.1941E-04 ERR= -0.0% DM/M= 0.0000E+00
 ELAPSED TIME=          0.24 s  REMAINING TIME=          0.82 s
 NC=    3000 T= 1.8568E+00 DT= 6.1946E-04 ERR= -0.0% DM/M= 0.0000E+00
 ELAPSED TIME=          0.24 s  REMAINING TIME=          0.80 s
 NC=    3100 T= 1.9187E+00 DT= 6.1950E-04 ERR= -0.0% DM/M= 0.0000E+00
 ELAPSED TIME=          0.25 s  REMAINING TIME=          0.79 s
 NC=    3200 T= 1.9807E+00 DT= 6.1955E-04 ERR= -0.0% DM/M= 0.0000E+00
 ELAPSED TIME=          0.26 s  REMAINING TIME=          0.78 s
     ANIMATION FILE: I02F_AA2024_G60_H4_R3A006 WRITTEN
 NC=    3300 T= 2.0427E+00 DT= 6.1960E-04 ERR= -0.0% DM/M= 0.0000E+00
 ELAPSED TIME=          0.26 s  REMAINING TIME=          0.77 s
 NC=    3400 T= 2.1046E+00 DT= 6.1965E-04 ERR= -0.0% DM/M= 0.0000E+00
 ELAPSED TIME=          0.27 s  REMAINING TIME=          0.76 s
 NC=    3500 T= 2.1666E+00 DT= 6.1970E-04 ERR= -0.0% DM/M= 0.0000E+00
 ELAPSED TIME=          0.28 s  REMAINING TIME=          0.75 s
 NC=    3600 T= 2.2286E+00 DT= 6.1976E-04 ERR= -0.0% DM/M= 0.0000E+00
 ELAPSED TIME=          0.28 s  REMAINING TIME=          0.74 s
 NC=    3700 T= 2.2905E+00 DT= 6.1981E-04 ERR= -0.0% DM/M= 0.0000E+00
 ELAPSED TIME=          0.29 s  REMAINING TIME=          0.73 s
 NC=    3800 T= 2.3525E+00 DT= 6.1986E-04 ERR= -0.0% DM/M= 0.0000E+00
 ELAPSED TIME=          0.30 s  REMAINING TIME=          0.72 s
     ANIMATION FILE: I02F_AA2024_G60_H4_R3A007 WRITTEN
 NC=    3900 T= 2.4145E+00 DT= 6.1992E-04 ERR= -0.0% DM/M= 0.0000E+00
 ELAPSED TIME=          0.31 s  REMAINING TIME=          0.71 s
 NC=    4000 T= 2.4765E+00 DT= 6.1997E-04 ERR= -0.0% DM/M= 0.0000E+00
 ELAPSED TIME=          0.31 s  REMAINING TIME=          0.70 s
 NC=    4100 T= 2.5385E+00 DT= 6.2003E-04 ERR= -0.0% DM/M= 0.0000E+00
 ELAPSED TIME=          0.32 s  REMAINING TIME=          0.69 s
 NC=    4200 T= 2.6005E+00 DT= 6.2008E-04 ERR= -0.0% DM/M= 0.0000E+00
 ELAPSED TIME=          0.33 s  REMAINING TIME=          0.68 s
 NC=    4300 T= 2.6625E+00 DT= 6.2014E-04 ERR= -0.0% DM/M= 0.0000E+00
 ELAPSED TIME=          0.33 s  REMAINING TIME=          0.67 s
 NC=    4400 T= 2.7245E+00 DT= 6.2019E-04 ERR= -0.0% DM/M= 0.0000E+00
 ELAPSED TIME=          0.34 s  REMAINING TIME=          0.66 s
 NC=    4500 T= 2.7866E+00 DT= 6.2025E-04 ERR= -0.0% DM/M= 0.0000E+00
 ELAPSED TIME=          0.35 s  REMAINING TIME=          0.65 s
     ANIMATION FILE: I02F_AA2024_G60_H4_R3A008 WRITTEN
 NC=    4600 T= 2.8486E+00 DT= 6.2031E-04 ERR= -0.0% DM/M= 0.0000E+00
 ELAPSED TIME=          0.35 s  REMAINING TIME=          0.64 s
 NC=    4700 T= 2.9106E+00 DT= 6.2037E-04 ERR= -0.0% DM/M= 0.0000E+00
 ELAPSED TIME=          0.36 s  REMAINING TIME=          0.63 s
 NC=    4800 T= 2.9727E+00 DT= 6.2042E-04 ERR= -0.0% DM/M= 0.0000E+00
 ELAPSED TIME=          0.37 s  REMAINING TIME=          0.62 s
 NC=    4900 T= 3.0347E+00 DT= 6.2048E-04 ERR= -0.0% DM/M= 0.0000E+00
 ELAPSED TIME=          0.38 s  REMAINING TIME=          0.61 s
 NC=    5000 T= 3.0968E+00 DT= 6.2054E-04 ERR= -0.0% DM/M= 0.0000E+00
 ELAPSED TIME=          0.38 s  REMAINING TIME=          0.61 s
 NC=    5100 T= 3.1588E+00 DT= 6.2060E-04 ERR= -0.0% DM/M= 0.0000E+00
 ELAPSED TIME=          0.39 s  REMAINING TIME=          0.60 s
     ANIMATION FILE: I02F_AA2024_G60_H4_R3A009 WRITTEN
 NC=    5200 T= 3.2209E+00 DT= 6.2066E-04 ERR= -0.0% DM/M= 0.0000E+00
 ELAPSED TIME=          0.40 s  REMAINING TIME=          0.59 s
 NC=    5300 T= 3.2830E+00 DT= 6.2071E-04 ERR= -0.0% DM/M= 0.0000E+00
 ELAPSED TIME=          0.40 s  REMAINING TIME=          0.58 s
 NC=    5400 T= 3.3450E+00 DT= 6.2077E-04 ERR= -0.0% DM/M= 0.0000E+00
 ELAPSED TIME=          0.41 s  REMAINING TIME=          0.57 s
 NC=    5500 T= 3.4071E+00 DT= 6.2083E-04 ERR= -0.0% DM/M= 0.0000E+00
 ELAPSED TIME=          0.42 s  REMAINING TIME=          0.56 s
 NC=    5600 T= 3.4692E+00 DT= 6.2089E-04 ERR= -0.0% DM/M= 0.0000E+00
 ELAPSED TIME=          0.42 s  REMAINING TIME=          0.55 s
 NC=    5700 T= 3.5313E+00 DT= 6.2095E-04 ERR= -0.0% DM/M= 0.0000E+00
 ELAPSED TIME=          0.43 s  REMAINING TIME=          0.55 s
 NC=    5800 T= 3.5934E+00 DT= 6.2101E-04 ERR= -0.0% DM/M= 0.0000E+00
 ELAPSED TIME=          0.44 s  REMAINING TIME=          0.54 s
     ANIMATION FILE: I02F_AA2024_G60_H4_R3A010 WRITTEN
 NC=    5900 T= 3.6555E+00 DT= 6.2106E-04 ERR= -0.0% DM/M= 0.0000E+00
 ELAPSED TIME=          0.45 s  REMAINING TIME=          0.53 s
 NC=    6000 T= 3.7176E+00 DT= 6.2112E-04 ERR= -0.0% DM/M= 0.0000E+00
 ELAPSED TIME=          0.45 s  REMAINING TIME=          0.52 s
 NC=    6100 T= 3.7797E+00 DT= 6.2118E-04 ERR= -0.0% DM/M= 0.0000E+00
 ELAPSED TIME=          0.46 s  REMAINING TIME=          0.51 s
 NC=    6200 T= 3.8418E+00 DT= 6.2124E-04 ERR= -0.0% DM/M= 0.0000E+00
 ELAPSED TIME=          0.47 s  REMAINING TIME=          0.50 s
 NC=    6300 T= 3.9040E+00 DT= 6.2130E-04 ERR= -0.0% DM/M= 0.0000E+00
 ELAPSED TIME=          0.47 s  REMAINING TIME=          0.50 s
 NC=    6400 T= 3.9661E+00 DT= 6.2135E-04 ERR= -0.0% DM/M= 0.0000E+00
 ELAPSED TIME=          0.48 s  REMAINING TIME=          0.49 s
     ANIMATION FILE: I02F_AA2024_G60_H4_R3A011 WRITTEN
 NC=    6500 T= 4.0282E+00 DT= 6.2141E-04 ERR= -0.0% DM/M= 0.0000E+00
 ELAPSED TIME=          0.49 s  REMAINING TIME=          0.48 s
 NC=    6600 T= 4.0904E+00 DT= 6.2147E-04 ERR= -0.0% DM/M= 0.0000E+00
 ELAPSED TIME=          0.49 s  REMAINING TIME=          0.47 s
 NC=    6700 T= 4.1525E+00 DT= 6.2152E-04 ERR= -0.0% DM/M= 0.0000E+00
 ELAPSED TIME=          0.50 s  REMAINING TIME=          0.46 s
 NC=    6800 T= 4.2147E+00 DT= 6.2158E-04 ERR= -0.0% DM/M= 0.0000E+00
 ELAPSED TIME=          0.51 s  REMAINING TIME=          0.46 s
 NC=    6900 T= 4.2768E+00 DT= 6.2163E-04 ERR= -0.0% DM/M= 0.0000E+00
 ELAPSED TIME=          0.52 s  REMAINING TIME=          0.45 s
 NC=    7000 T= 4.3390E+00 DT= 6.2169E-04 ERR= -0.0% DM/M= 0.0000E+00
 ELAPSED TIME=          0.52 s  REMAINING TIME=          0.44 s
     ANIMATION FILE: I02F_AA2024_G60_H4_R3A012 WRITTEN
 NC=    7100 T= 4.4012E+00 DT= 6.2174E-04 ERR= -0.0% DM/M= 0.0000E+00
 ELAPSED TIME=          0.53 s  REMAINING TIME=          0.43 s
 NC=    7200 T= 4.4633E+00 DT= 6.2180E-04 ERR= -0.0% DM/M= 0.0000E+00
 ELAPSED TIME=          0.54 s  REMAINING TIME=          0.43 s
 NC=    7300 T= 4.5255E+00 DT= 6.2185E-04 ERR= -0.0% DM/M= 0.0000E+00
 ELAPSED TIME=          0.54 s  REMAINING TIME=          0.42 s
 NC=    7400 T= 4.5877E+00 DT= 6.2190E-04 ERR= -0.0% DM/M= 0.0000E+00
 ELAPSED TIME=          0.55 s  REMAINING TIME=          0.41 s
 NC=    7500 T= 4.6499E+00 DT= 6.2196E-04 ERR= -0.0% DM/M= 0.0000E+00
 ELAPSED TIME=          0.56 s  REMAINING TIME=          0.40 s
 NC=    7600 T= 4.7121E+00 DT= 6.2201E-04 ERR= -0.0% DM/M= 0.0000E+00
 ELAPSED TIME=          0.56 s  REMAINING TIME=          0.39 s
 NC=    7700 T= 4.7743E+00 DT= 6.2206E-04 ERR= -0.0% DM/M= 0.0000E+00
 ELAPSED TIME=          0.57 s  REMAINING TIME=          0.39 s
     ANIMATION FILE: I02F_AA2024_G60_H4_R3A013 WRITTEN
 NC=    7800 T= 4.8365E+00 DT= 6.2211E-04 ERR= -0.0% DM/M= 0.0000E+00
 ELAPSED TIME=          0.58 s  REMAINING TIME=          0.38 s
 NC=    7900 T= 4.8987E+00 DT= 6.2216E-04 ERR= -0.0% DM/M= 0.0000E+00
 ELAPSED TIME=          0.59 s  REMAINING TIME=          0.37 s
 NC=    8000 T= 4.9610E+00 DT= 6.2221E-04 ERR= -0.0% DM/M= 0.0000E+00
 ELAPSED TIME=          0.59 s  REMAINING TIME=          0.36 s
 NC=    8100 T= 5.0232E+00 DT= 6.2226E-04 ERR= -0.0% DM/M= 0.0000E+00
 ELAPSED TIME=          0.60 s  REMAINING TIME=          0.35 s
 NC=    8200 T= 5.0854E+00 DT= 6.2231E-04 ERR= -0.0% DM/M= 0.0000E+00
 ELAPSED TIME=          0.61 s  REMAINING TIME=          0.35 s
 NC=    8300 T= 5.1476E+00 DT= 6.2235E-04 ERR= -0.0% DM/M= 0.0000E+00
 ELAPSED TIME=          0.61 s  REMAINING TIME=          0.34 s
     ANIMATION FILE: I02F_AA2024_G60_H4_R3A014 WRITTEN
 NC=    8400 T= 5.2099E+00 DT= 6.2240E-04 ERR= -0.0% DM/M= 0.0000E+00
 ELAPSED TIME=          0.62 s  REMAINING TIME=          0.33 s
 NC=    8500 T= 5.2721E+00 DT= 6.2245E-04 ERR= -0.0% DM/M= 0.0000E+00
 ELAPSED TIME=          0.63 s  REMAINING TIME=          0.32 s
 NC=    8600 T= 5.3344E+00 DT= 6.2249E-04 ERR= -0.0% DM/M= 0.0000E+00
 ELAPSED TIME=          0.63 s  REMAINING TIME=          0.32 s
 NC=    8700 T= 5.3966E+00 DT= 6.2254E-04 ERR= -0.0% DM/M= 0.0000E+00
 ELAPSED TIME=          0.64 s  REMAINING TIME=          0.31 s
 NC=    8800 T= 5.4589E+00 DT= 6.2258E-04 ERR= -0.0% DM/M= 0.0000E+00
 ELAPSED TIME=          0.65 s  REMAINING TIME=          0.30 s
 NC=    8900 T= 5.5211E+00 DT= 6.2262E-04 ERR= -0.0% DM/M= 0.0000E+00
 ELAPSED TIME=          0.65 s  REMAINING TIME=          0.29 s
 NC=    9000 T= 5.5834E+00 DT= 6.2266E-04 ERR= -0.0% DM/M= 0.0000E+00
 ELAPSED TIME=          0.66 s  REMAINING TIME=          0.29 s
     ANIMATION FILE: I02F_AA2024_G60_H4_R3A015 WRITTEN
 NC=    9100 T= 5.6457E+00 DT= 6.2271E-04 ERR= -0.0% DM/M= 0.0000E+00
 ELAPSED TIME=          0.67 s  REMAINING TIME=          0.28 s
 NC=    9200 T= 5.7079E+00 DT= 6.2275E-04 ERR= -0.0% DM/M= 0.0000E+00
 ELAPSED TIME=          0.68 s  REMAINING TIME=          0.27 s
 NC=    9300 T= 5.7702E+00 DT= 6.2278E-04 ERR= -0.0% DM/M= 0.0000E+00
 ELAPSED TIME=          0.68 s  REMAINING TIME=          0.26 s
 FAILURE (FTAB) OF SHELL ELEMENT          1 ,GAUSS PT 1 ,LAYER  1 ,INTEGRATION PT  1 AT TIME :  5.8288E+00
 FAILURE (FTAB) OF SHELL ELEMENT          2 ,GAUSS PT 1 ,LAYER  1 ,INTEGRATION PT  1 AT TIME :  5.8288E+00
 FAILURE (FTAB) OF SHELL ELEMENT          1 ,GAUSS PT 1 ,LAYER  1 ,INTEGRATION PT  2 AT TIME :  5.8288E+00
 FAILURE (FTAB) OF SHELL ELEMENT          2 ,GAUSS PT 1 ,LAYER  1 ,INTEGRATION PT  2 AT TIME :  5.8288E+00
 FAILURE (FTAB) OF SHELL ELEMENT          1 ,GAUSS PT 1 ,LAYER  1 ,INTEGRATION PT  3 AT TIME :  5.8288E+00
 FAILURE (FTAB) OF SHELL ELEMENT          2 ,GAUSS PT 1 ,LAYER  1 ,INTEGRATION PT  3 AT TIME :  5.8288E+00
 FAILURE (FTAB) OF SHELL ELEMENT          1 ,GAUSS PT 1 ,LAYER  1 ,INTEGRATION PT  4 AT TIME :  5.8288E+00
 FAILURE (FTAB) OF SHELL ELEMENT          2 ,GAUSS PT 1 ,LAYER  1 ,INTEGRATION PT  4 AT TIME :  5.8288E+00
 FAILURE (FTAB) OF SHELL ELEMENT          1 ,GAUSS PT 1 ,LAYER  1 ,INTEGRATION PT  5 AT TIME :  5.8288E+00
 FAILURE (FTAB) OF SHELL ELEMENT          2 ,GAUSS PT 1 ,LAYER  1 ,INTEGRATION PT  5 AT TIME :  5.8288E+00
 -- RUPTURE (TAB1) OF SHELL ELEMENT :         1 AT TIME :  5.829    
 -- RUPTURE (TAB1) OF SHELL ELEMENT :         2 AT TIME :  5.829    
 NC=    9400 T= 5.8340E+00 DT= 1.2137E-03 ERR= -0.0% DM/M= 0.0000E+00
 ELAPSED TIME=          0.69 s  REMAINING TIME=          0.26 s
     ANIMATION FILE: I02F_AA2024_G60_H4_R3A016 WRITTEN
     ANIMATION FILE: I02F_AA2024_G60_H4_R3A017 WRITTEN
     ANIMATION FILE: I02F_AA2024_G60_H4_R3A018 WRITTEN
     ANIMATION FILE: I02F_AA2024_G60_H4_R3A019 WRITTEN
     ANIMATION FILE: I02F_AA2024_G60_H4_R3A020 WRITTEN
     RESTART FILES: I02F_AA2024_G60_H4_R3_0001_[0001-0001].rst WRITTEN
  
                           ** CPU USER TIME **
  
  
                        ** SUMMARY **
  
 #PROC  ELEMENT   KINCOND   INTEG     IO        T0        ASM       RESOL    
   1   .1406E+00 .6250E-01 .1562E-01 .2031E+00 .1250E+00 .0000E+00 .6719E+00
 
                   ** CUMULATIVE CPU TIME SUMMARY **
  
 CONTACT SORTING.............: .0000E+00     0.00 % 
 CONTACT FORCES..............: .0000E+00     0.00 % 
 ELEMENT FORCES..............: .1406E+00    20.93 % 
 KINEMATIC COND..............: .6250E-01     9.30 % 
 INTEGRATION.................: .1562E-01     2.33 % 
 ASSEMBLING..................: .0000E+00     0.00 % 
 OTHERS (including I/O)......: .4531E+00    67.44 % 
 TOTAL.......................: .6719E+00   100.00 % 
  
                   ** MEMORY USAGE STATISTICS **
  
 TOTAL MEMORY USED .........................:       48 MB
 MAXIMUM MEMORY PER PROCESSOR...............:       48 MB
 MINIMUM MEMORY PER PROCESSOR...............:       48 MB
 AVERAGE MEMORY PER PROCESSOR...............:       48 MB
  
                   ** DISK USAGE STATISTICS **
  
 TOTAL DISK SPACE USED .....................:          1 MB
 ANIMATION/H3D/TH/OUTP SIZE ................:          0 MB
 RESTART FILE SIZE .........................:          0 MB
  
 ELAPSED TIME     =          0.70 s
                          0:00:00
  
     NORMAL TERMINATION      
     TOTAL NUMBER OF CYCLES  :    9455
