{'case': 'FREE_N8', 'failed': [], 'duration_ms': None, 'K_total': 0.0, 'residual_J': 0.0}
{'case': 'RAW_N1', 'failed': ['momentum_contact', 'analytic_peak_penetration', 'contact_energy_law'], 'duration_ms': 0.0087887936, 'K_total': 140000.0, 'residual_J': 0.008284161000002399}
{'case': 'RAW_N2', 'failed': ['momentum_contact', 'complete_rebound_impulse', 'rebound_velocity'], 'duration_ms': 0.006681221764999999, 'K_total': 315000.0, 'residual_J': 0.018283999999997746}
{'case': 'RAW_N4', 'failed': ['momentum_contact', 'complete_rebound_impulse', 'rebound_velocity'], 'duration_ms': 0.004106445900000001, 'K_total': 875000.0, 'residual_J': 0.006439999999997781}
{'case': 'RAW_N8', 'failed': ['momentum_contact', 'complete_rebound_impulse', 'rebound_velocity'], 'duration_ms': 0.002192732950000001, 'K_total': 2835000.0, 'residual_J': 0.00298739999999853}
{'case': 'AREA_N1', 'failed': ['momentum_contact', 'analytic_peak_penetration', 'contact_energy_law'], 'duration_ms': 0.0087887936, 'K_total': 140000.0, 'residual_J': 0.008284161000002399}
{'case': 'AREA_N2', 'failed': ['momentum_contact', 'analytic_peak_penetration', 'contact_energy_law'], 'duration_ms': 0.008808910899999998, 'K_total': 140000.0, 'residual_J': 0.003715137000000368}
{'case': 'AREA_N4', 'failed': ['contact_energy_law'], 'duration_ms': 0.008832231490000002, 'K_total': 140000.0, 'residual_J': 0.0011599999999987176}
{'case': 'AREA_N8', 'failed': [], 'duration_ms': 0.00884897894, 'K_total': 140000.0, 'residual_J': 0.0003148769999974377}
{'case': 'AREA_N8_HALF', 'failed': [], 'duration_ms': 0.008848979469999997, 'K_total': 140000.0, 'residual_J': 8.169999999907418e-05}
{'case': 'AREA_N4_MAIN3', 'failed': ['contact_energy_law'], 'duration_ms': 0.008832231490000002, 'K_total': 140000.0, 'residual_J': 0.0011599999999987176}
{'case': 'AREA_N4_MAIN4', 'failed': ['contact_energy_law'], 'duration_ms': 0.008832231490000002, 'K_total': 140000.0, 'residual_J': 0.0011599999999987176}
{'case': 'AREA_SOFT_N4', 'failed': [], 'duration_ms': 0.017697947890000003, 'K_total': 35000.0, 'residual_J': 0.0003148769999974377}
{'case': 'AREA_SOFT_N8', 'failed': [], 'duration_ms': 0.017699106540000002, 'K_total': 35000.0, 'residual_J': 8.346899999978064e-05}
{'case': 'AREA_STIFF_N4', 'failed': ['momentum_contact', 'contact_energy_law'], 'duration_ms': 0.00440446045, 'K_total': 560000.0, 'residual_J': 0.003715137000000368}
{'case': 'AREA_STIFF_N8', 'failed': [], 'duration_ms': 0.004416110750000002, 'K_total': 560000.0, 'residual_J': 0.0011599999999987176}
{'case': 'LEGACY_N1', 'failed': ['momentum_contact'], 'duration_ms': 0.00878879581, 'K_total': 140000.0, 'residual_J': 0.002067005999997207}
{'iteration': 'AIRCRAFT-A14', 'created_utc': '2026-10-08T09:07:24.622451+00:00', 'rejected_cases': [], 'integrity_only_pass': True, 'area_weighted_core_and_mesh_plate_pass': False, 'all_declared_case_checks_pass': False, 'conditional_radome_diagnostic_allowed': False, 'whole_aircraft_extension_allowed': False, 'physical_impact_qualified': False, 'no_stiffness_fitted_to_historical_result': True, 'old_solver_reruns': 0}
[
  {
    "cases": [
      "RAW_N1",
      "RAW_N2"
    ],
    "kind": "secondary_mesh",
    "time_ms": 0.03993845,
    "impulse_difference_fraction": 0.05566464730868326,
    "contact_duration_difference_fraction": 0.2398021766036241,
    "contact_energy_curve_difference_fraction_initial": 0.7278167565159249,
    "impulse_pass": false,
    "duration_pass": false,
    "energy_curve_pass": false
  },
  {
    "cases": [
      "RAW_N2",
      "RAW_N4"
    ],
    "kind": "secondary_mesh",
    "time_ms": 0.03993845,
    "impulse_difference_fraction": 0.010845613420816264,
    "contact_duration_difference_fraction": 0.38537500408804326,
    "contact_energy_curve_difference_fraction_initial": 0.7505246070765645,
    "impulse_pass": false,
    "duration_pass": false,
    "energy_curve_pass": false
  },
  {
    "cases": [
      "RAW_N4",
      "RAW_N8"
    ],
    "kind": "secondary_mesh",
    "time_ms": 0.03998904,
    "impulse_difference_fraction": 0.020923398683951697,
    "contact_duration_difference_fraction": 0.4660265827439732,
    "contact_energy_curve_difference_fraction_initial": 0.8430720280259317,
    "impulse_pass": false,
    "duration_pass": false,
    "energy_curve_pass": false
  },
  {
    "cases": [
      "AREA_N1",
      "AREA_N2"
    ],
    "kind": "secondary_mesh",
    "time_ms": 0.03992383,
    "impulse_difference_fraction": 0.0007435011040204546,
    "contact_duration_difference_fraction": 0.0022889717196222605,
    "contact_energy_curve_difference_fraction_initial": 0.0003633439402324367,
    "impulse_pass": true,
    "duration_pass": true,
    "energy_curve_pass": true
  },
  {
    "cases": [
      "AREA_N2",
      "AREA_N4"
    ],
    "kind": "secondary_mesh",
    "time_ms": 0.03992383,
    "impulse_difference_fraction": 0.00011473272490222135,
    "contact_duration_difference_fraction": 0.002647386296074808,
    "contact_energy_curve_difference_fraction_initial": 0.015093224462199583,
    "impulse_pass": true,
    "duration_pass": true,
    "energy_curve_pass": true
  },
  {
    "cases": [
      "AREA_N4",
      "AREA_N8"
    ],
    "kind": "secondary_mesh",
    "time_ms": 0.0399901,
    "impulse_difference_fraction": 1.7198394564771562e-05,
    "contact_duration_difference_fraction": 0.0018961742589016215,
    "contact_energy_curve_difference_fraction_initial": 0.007543809338826836,
    "impulse_pass": true,
    "duration_pass": true,
    "energy_curve_pass": true
  },
  {
    "cases": [
      "AREA_N8",
      "AREA_N8_HALF"
    ],
    "kind": "half_dt",
    "time_ms": 0.0399901,
    "impulse_difference_fraction": 2.0526018685664237e-06,
    "contact_duration_difference_fraction": 5.989391551369912e-08,
    "contact_energy_curve_difference_fraction_initial": 1.3029300632330514e-05,
    "impulse_pass": true,
    "duration_pass": true,
    "energy_curve_pass": true
  },
  {
    "cases": [
      "AREA_N4",
      "AREA_N4_MAIN3"
    ],
    "kind": "main_mesh",
    "time_ms": 0.0399946,
    "impulse_difference_fraction": 0.0,
    "contact_duration_difference_fraction": 0.0,
    "contact_energy_curve_difference_fraction_initial": 0.0,
    "impulse_pass": true,
    "duration_pass": true,
    "energy_curve_pass": true
  },
  {
    "cases": [
      "AREA_N4",
      "AREA_N4_MAIN4"
    ],
    "kind": "main_mesh",
    "time_ms": 0.0399946,
    "impulse_difference_fraction": 0.0,
    "contact_duration_difference_fraction": 0.0,
    "contact_energy_curve_difference_fraction_initial": 0.0,
    "impulse_pass": true,
    "duration_pass": true,
    "energy_curve_pass": true
  },
  {
    "cases": [
      "AREA_SOFT_N4",
      "AREA_SOFT_N8"
    ],
    "kind": "secondary_mesh_sensitivity",
    "time_ms": 0.03997501,
    "impulse_difference_fraction": 1.987404352870346e-06,
    "contact_duration_difference_fraction": 6.546804223861756e-05,
    "contact_energy_curve_difference_fraction_initial": 0.0037724366261704394,
    "impulse_pass": true,
    "duration_pass": true,
    "energy_curve_pass": true
  },
  {
    "cases": [
      "AREA_STIFF_N4",
      "AREA_STIFF_N8"
    ],
    "kind": "secondary_mesh_sensitivity",
    "time_ms": 0.03998576,
    "impulse_difference_fraction": 0.00011453042693572454,
    "contact_duration_difference_fraction": 0.00264511400028634,
    "contact_energy_curve_difference_fraction_initial": 0.015093224462198466,
    "impulse_pass": true,
    "duration_pass": true,
    "energy_curve_pass": true
  }
]
