************************************************************************
**                                                                    **
**                                                                    **
**                         OpenRadioss Engine                         **
**                                                                    **
**            Non-linear Finite Element Analysis Software             **
**                                                                    **
**                                                                    **
**                                                                    **
**                  Windows 64 bits, Intel compiler                   **
**                      Double Precision Version                      **
**                                                                    **
**                                                                    **
**                                                                    **
************************************************************************
** OpenRadioss Software                                               **
** COPYRIGHT (C) 2026 Siemens                                         **
** Licensed under GNU Affero General Public License.                  **
** See License file.                                                  **
************************************************************************
 
 ROOT: A08_DENSE  RESTART: 0001
 NUMBER OF HMPP PROCESSES     2
 06/10/2026
     ANIMATION FILE: A08_DENSEA001 WRITTEN
     ANIMATION FILE: A08_DENSEA002 WRITTEN
     ANIMATION FILE: A08_DENSEA003 WRITTEN
     ANIMATION FILE: A08_DENSEA004 WRITTEN
     ANIMATION FILE: A08_DENSEA005 WRITTEN
     ANIMATION FILE: A08_DENSEA006 WRITTEN
     ANIMATION FILE: A08_DENSEA007 WRITTEN
     ANIMATION FILE: A08_DENSEA008 WRITTEN
     RESTART FILES: A08_DENSE_0001_[0001-0001].rst WRITTEN
     ANIMATION FILE: A08_DENSEA009 WRITTEN
  
                           ** CPU USER TIME **
  
  
                        ** SUMMARY **
  
 #PROC  CONTSORT  CONTFOR   ELEMENT   KINCOND   INTEG     IO        T0        ASM       RESOL    
   1   .3281E+00 .6250E-01 .2719E+02 .1750E+01 .8594E+00 .5484E+01 .6250E-01 .1297E+01 .3897E+02
 
                   ** CUMULATIVE CPU TIME SUMMARY **
  
 CONTACT SORTING.............: .3281E+00     0.84 % 
 CONTACT FORCES..............: .6250E-01     0.16 % 
 ELEMENT FORCES..............: .2719E+02    69.77 % 
 KINEMATIC COND..............: .1750E+01     4.49 % 
 INTEGRATION.................: .8594E+00     2.21 % 
 ASSEMBLING..................: .1297E+01     3.33 % 
 OTHERS (including I/O)......: .7484E+01    19.21 % 
 TOTAL.......................: .3897E+02   100.00 % 
  
                   ** MEMORY USAGE STATISTICS **
  
 TOTAL MEMORY USED .........................:      236 MB
 MAXIMUM MEMORY PER PROCESSOR...............:      236 MB
 MINIMUM MEMORY PER PROCESSOR...............:      236 MB
 AVERAGE MEMORY PER PROCESSOR...............:      236 MB
  
                   ** DISK USAGE STATISTICS **
  
 TOTAL DISK SPACE USED .....................:        132 MB
 ANIMATION/H3D/TH/OUTP SIZE ................:         75 MB
 RESTART FILE SIZE .........................:         57 MB
  
 ELAPSED TIME     =         19.70 s
                          0:00:19
  
     NORMAL TERMINATION      
     TOTAL NUMBER OF CYCLES  :    1074
