 I02B_NORMAL_BASE_MONO_R1_0001.out
************************************************************************
**                                                                    **
**                                                                    **
**                         OpenRadioss Engine                         **
**                                                                    **
**            Non-linear Finite Element Analysis Software             **
**                                                                    **
**                                                                    **
**                                                                    **
**                  Windows 64 bits, Intel compiler                   **
**                      Double Precision Version                      **
**                                                                    **
**                                                                    **
**                                                                    **
************************************************************************
** OpenRadioss Software                                               **
** COPYRIGHT (C) 2026 Siemens                                         **
** Licensed under GNU Affero General Public License.                  **
** See License file.                                                  **
************************************************************************
 
 NUMBER OF SPMD DOMAINS           1
 NUMBER OF THREADS PER DOMAIN     1
 NUMBER OF HMPP PROCESSES         1
  
 COMPUTATION HARDWARE DESCRIPTION
  
 HOSTNAME     CPU TYPE, FREQUENCY AND MEMORY
 jeux   AMD Ryzen 5 5600 6-Core Processor               (x86_64), 3700 MHz,   6823 MB RAM,  18090 MB swap
  
 STACKSIZE  . . . . . . . . . . . . . . . . . . . . 1430 MB
 THREAD STACKSIZE . . . . . . . . . . . . . . . . . 400 MB
 
************************************************************************


 I02B_NORMAL_BASE_MONO_R1D01                                                     


 FINAL TIME . . . . . . . . . . . . . . . . . . .   1.100000    

 TIME INTERVAL FOR TIME HISTORY PLOTS . . . . . .  0.2000000E-03

 TIME STEP SCALE FACTOR . . . . . . . . . . . . .  0.5000000E-01

 MINIMUM TIME STEP  . . . . . . . . . . . . . . .   0.000000    


 BRICK TIME STEP SCALE FACTOR . . . . . . . . . .  0.5000000E-01
 BRICK MINIMUM TIME STEP. . . . . . . . . . . . .   0.000000    
 MIN. TIME STEP FLAG (1:STOP RUN, 2:DELETE BRICK)     1

 QUAD TIME STEP SCALE FACTOR. . . . . . . . . . .  0.5000000E-01
 QUAD MINIMUM TIME STEP . . . . . . . . . . . . .   0.000000    
 MIN. TIME STEP FLAG (1:STOP RUN, 2:DELETE QUAD).     1

 SHELL TIME STEP SCALE FACTOR . . . . . . . . . .  0.5000000E-01
 SHELL MINIMUM TIME STEP. . . . . . . . . . . . .   0.000000    
 MIN. TIME FLAG (1:STOP, 2:DELETE, 3:SMALL STRAIN)    2

 TRUSS TIME STEP SCALE FACTOR . . . . . . . . . .  0.5000000E-01
 TRUSS MINIMUM TIME STEP. . . . . . . . . . . . .   0.000000    
 MIN. TIME FLAG (1:STOP, 2:DELETE). . . . . . . .     0

 BEAM TIME STEP SCALE FACTOR. . . . . . . . . . .  0.5000000E-01
 BEAM MINIMUM TIME STEP . . . . . . . . . . . . .   0.000000    
 MIN. TIME FLAG (1:STOP, 2:DELETE). . . . . . . .     0

 SPRING TIME STEP SCALE FACTOR. . . . . . . . . .  0.5000000E-01
 SPRING MINIMUM TIME STEP . . . . . . . . . . . .   0.000000    
 MIN. TIME FLAG (1:STOP, 2:DELETE). . . . . . . .     0

 AIRBAG TIME STEP SCALE FACTOR. . . . . . . . . .  0.5000000E-01
 AIRBAG MINIMUM TIME STEP . . . . . . . . . . . .   0.000000    
 MIN. TIME FLAG (1:STOP). . . . . . . . . . . . .     0

 CONTACT TIME STEP SCALE FACTOR . . . . . . . . .  0.5000000E-01
 CONTACT MINIMUM TIME STEP. . . . . . . . . . . .   0.000000    
 MIN. TIME FLAG(1:STOP, 2:REMOVE NODE FROM INTERF)    0

 PRINTOUT CYCLE FREQUENCY . . . . . . . . . . . .  -100

 RESTART CYCLE FREQUENCY. . . . . . . . . . . . .   10000000

 MAXIMUM RESTART WRITE BEFORE OVERWRITE . . . . .     0

 INVERS: INPUT DECK VERSION . . . . . . . . . . .  2026
 ITTYP : FLAG FOR TYPE OF T-FILE. . . . . . . . .     4

 INITIAL TIME STEP. . . . . . . . . . . . . . . .  0.1000000E-03
 MAXIMUM TIME STEP. . . . . . . . . . . . . . . .  0.1000000E-03

 PARALLEL ARITHMETIC ON
 NUMBER OF INTERFACES TO BE ELIMINATED. . . . . .        0

 NUMBER OF PARTS TO BE ELIMINATED . . . . . . . .        0

 NUMBER OF SOLID  ELEMENT BLOCKS TO BE ELIMINATED        0

 NUMBER OF QUAD   ELEMENT BLOCKS TO BE ELIMINATED        0

 NUMBER OF SHELL  ELEMENT BLOCKS TO BE ELIMINATED        0

 NUMBER OF TRUSS  ELEMENT BLOCKS TO BE ELIMINATED        0

 NUMBER OF BEAM   ELEMENT BLOCKS TO BE ELIMINATED        0

 NUMBER OF SPRING ELEMENT BLOCKS TO BE ELIMINATED        0

 NUMBER OF SH_3N  ELEMENT BLOCKS TO BE ELIMINATED        0

 NUMBER OF  SPH PARTICLES BLOCKS TO BE ELIMINATED        0

 NUMBER OF RIGID LINKS. . . . . . . . . . . . . .        0

 NUMBER OF NEW BOUNDARY CONDITIONS. . . . . . . .        0


 TIME FOR FIRST ANIMATION-FILE PLOT . . . . . . .  0.1000000E+31
 TIME INTERVAL FOR ANIMATION-FILE PLOTS . . . . .   0.000000    
 TIME TO STOP ANIMATION-FILE PLOTS. . . . . . . .  0.1000000E+21
 SENSOR FOR ANIMATION-FILE PLOTS. . . . . . . . .          0
 TIME INTERVAL FOR SENSOR ANIMATION-FILE PLOTS. .   0.000000    

 VARIABLE SAVED ON ANIMATION FILES (1: YES) :
      PLASTIC STRAIN. . . . . .     0
      DENSITY     (SOLID ONLY).     0
      SPECIFIC ENERGY . . . . .     0
      HOURGLASS ENERGY. . . . .     0
      TEMPERATURE (SOLID ONLY).     0
      THICKNESS   (SHELL ONLY).     0
      PRESSURE    (SOLID ONLY).     0
      VON MISES . . . . . . . .     0
      TURBULENT ENERGY (FLUID).     0
      TURBULENT VISCOSITY(FLUID)    0
      VORTICITY (FLUID) . . . .     0
 NODAL VALUES SAVED ON ANIMATION FILES (1: YES) :
      PRESSURE. . . . . . . . .     0
      DENSITY . . . . . . . . .     0
      TEMPERATURE . . . . . . .     0
 VECTOR SAVED ON ANIMATION FILES (1: YES) :
      VELOCITY VECTOR . . . . .     0
      DISPLACEMENT VECTOR . . .     0
      ACCELERATION VECTOR . . .     0
      CONTACT FORCES. . . . . .     0
      INTERNAL FORCES . . . . .     0
      EXTERNAL FORCES . . . . .     0
      SECTION RBY RWALL FORCES.     0
      ROTATIONAL VELOCITY VECTOR    0
      CONTACT PRESSURE (VECTORS)    0
 SHELL TENSOR SAVED ON ANIMATION FILES (1: YES) :
      MEMBRANE STRESS . . . . .     0
      BENDING STRESS(MOMENT/T^2)    0
      UPPER LAYER STRESS. . . .     0
      LOWER LAYER STRESS. . . .     0
      MEMBRANE STRAIN . . . . .     0
      CURVATURE . . . . . . . .     0
      UPPER LAYER STRAIN. . . .     0
      LOWER LAYER STRAIN. . . .     0
 NODAL MASS SAVED ON ANIMATION FILES (1: YES) :    0
 KEEP DELETED ELEMENT (1: YES) :    0


 12/09/2026
   CYCLE    TIME      TIME-STEP  ELEMENT          ERROR  I-ENERGY    K-ENERGY T  K-ENERGY R  EXT-WORK     MAS.ERR     TOTAL MASS  MASS ADDED
       0   0.000      0.1000E-03 SPRIN          1   0.0%   0.000       0.000       0.000       0.000       0.000       200.0       0.000    
     100  0.1000E-01  0.1000E-03 SPRIN          1  -0.0%   8.615       15.12       0.000       23.74       0.000       200.0       0.000    
     200  0.2000E-01  0.1000E-03 SPRIN          1  -0.0%   34.46       15.12       0.000       49.59       0.000       200.0       0.000    
     300  0.3000E-01  0.1000E-03 SPRIN          1  -0.0%   77.54       15.12       0.000       92.66       0.000       200.0       0.000    
     400  0.4000E-01  0.1000E-03 SPRIN          1  -0.0%   136.7       15.13       0.000       151.8       0.000       200.0       0.000    
     500  0.5000E-01  0.1000E-03 SPRIN          1  -0.0%   198.7       15.13       0.000       213.8       0.000       200.0       0.000    
     600  0.6000E-01  0.1000E-03 SPRIN          1  -0.0%   260.0       15.12       0.000       275.1       0.000       200.0       0.000    
     700  0.7000E-01  0.1000E-03 SPRIN          1  -0.0%   320.6       15.12       0.000       335.7       0.000       200.0       0.000    
     800  0.8000E-01  0.1000E-03 SPRIN          1  -0.0%   380.5       15.12       0.000       395.6       0.000       200.0       0.000    
     900  0.9000E-01  0.1000E-03 SPRIN          1  -0.0%   439.7       15.12       0.000       454.8       0.000       200.0       0.000    
    1000  0.1000      0.1000E-03 SPRIN          1  -0.0%   498.1       15.13       0.000       513.2       0.000       200.0       0.000    
    1100  0.1100      0.1000E-03 SPRIN          1  -0.0%   555.8       15.13       0.000       571.0       0.000       200.0       0.000    
    1200  0.1200      0.1000E-03 SPRIN          1  -0.0%   612.8       15.12       0.000       628.0       0.000       200.0       0.000    
    1300  0.1300      0.1000E-03 SPRIN          1  -0.0%   669.1       15.12       0.000       684.3       0.000       200.0       0.000    
    1400  0.1400      0.1000E-03 SPRIN          1  -0.0%   724.7       15.12       0.000       739.8       0.000       200.0       0.000    
    1500  0.1500      0.1000E-03 SPRIN          1  -0.0%   779.6       15.12       0.000       794.7       0.000       200.0       0.000    
    1600  0.1600      0.1000E-03 SPRIN          1  -0.0%   833.7       15.12       0.000       848.8       0.000       200.0       0.000    
    1700  0.1700      0.1000E-03 SPRIN          1  -0.0%   887.1       15.12       0.000       902.3       0.000       200.0       0.000    
    1800  0.1800      0.1000E-03 SPRIN          1  -0.0%   939.8       15.12       0.000       955.0       0.000       200.0       0.000    
    1900  0.1900      0.1000E-03 SPRIN          1  -0.0%   991.8       15.12       0.000       1007.       0.000       200.0       0.000    
    2000  0.2000      0.1000E-03 SPRIN          1  -0.0%   1043.       15.12       0.000       1058.       0.000       200.0       0.000    
    2100  0.2100      0.1000E-03 SPRIN          1  -0.0%   1094.       15.12       0.000       1109.       0.000       200.0       0.000    
    2200  0.2200      0.1000E-03 SPRIN          1  -0.0%   1143.       15.12       0.000       1159.       0.000       200.0       0.000    
    2300  0.2300      0.1000E-03 SPRIN          1  -0.0%   1193.       15.12       0.000       1208.       0.000       200.0       0.000    
    2400  0.2400      0.1000E-03 SPRIN          1  -0.0%   1241.       15.12       0.000       1256.       0.000       200.0       0.000    
    2500  0.2500      0.1000E-03 SPRIN          1  -0.0%   1289.       15.12       0.000       1304.       0.000       200.0       0.000    
    2600  0.2600      0.1000E-03 SPRIN          1  -0.0%   1336.       15.12       0.000       1351.       0.000       200.0       0.000    
    2700  0.2700      0.1000E-03 SPRIN          1  -0.0%   1382.       15.12       0.000       1397.       0.000       200.0       0.000    
    2800  0.2800      0.1000E-03 SPRIN          1  -0.0%   1427.       15.12       0.000       1442.       0.000       200.0       0.000    
    2900  0.2900      0.1000E-03 SPRIN          1  -0.0%   1472.       15.12       0.000       1487.       0.000       200.0       0.000    
    3000  0.3000      0.1000E-03 SPRIN          1  -0.0%   1516.       15.12       0.000       1531.       0.000       200.0       0.000    
    3100  0.3100      0.1000E-03 SPRIN          1  -0.0%   1560.       15.12       0.000       1575.       0.000       200.0       0.000    
    3200  0.3200      0.1000E-03 SPRIN          1  -0.0%   1602.       15.12       0.000       1617.       0.000       200.0       0.000    
    3300  0.3300      0.1000E-03 SPRIN          1  -0.0%   1644.       15.12       0.000       1659.       0.000       200.0       0.000    
    3400  0.3400      0.1000E-03 SPRIN          1  -0.0%   1685.       15.12       0.000       1701.       0.000       200.0       0.000    
    3500  0.3500      0.1000E-03 SPRIN          1  -0.0%   1726.       15.12       0.000       1741.       0.000       200.0       0.000    
    3600  0.3600      0.1000E-03 SPRIN          1  -0.0%   1766.       15.12       0.000       1781.       0.000       200.0       0.000    
    3700  0.3700      0.1000E-03 SPRIN          1  -0.0%   1805.       15.12       0.000       1820.       0.000       200.0       0.000    
    3800  0.3800      0.1000E-03 SPRIN          1  -0.0%   1843.       15.12       0.000       1858.       0.000       200.0       0.000    
    3900  0.3900      0.1000E-03 SPRIN          1  -0.0%   1881.       15.12       0.000       1896.       0.000       200.0       0.000    
    4000  0.4000      0.1000E-03 SPRIN          1  -0.0%   1918.       15.12       0.000       1933.       0.000       200.0       0.000    
    4100  0.4100      0.1000E-03 SPRIN          1  -0.0%   1954.       15.12       0.000       1969.       0.000       200.0       0.000    
    4200  0.4200      0.1000E-03 SPRIN          1  -0.0%   1989.       15.12       0.000       2004.       0.000       200.0       0.000    
    4300  0.4300      0.1000E-03 SPRIN          1  -0.0%   2024.       15.12       0.000       2039.       0.000       200.0       0.000    
    4400  0.4400      0.1000E-03 SPRIN          1  -0.0%   2058.       15.12       0.000       2073.       0.000       200.0       0.000    
    4500  0.4500      0.1000E-03 SPRIN          1  -0.0%   2091.       15.12       0.000       2107.       0.000       200.0       0.000    
    4600  0.4600      0.1000E-03 SPRIN          1  -0.0%   2124.       15.12       0.000       2139.       0.000       200.0       0.000    
    4700  0.4700      0.1000E-03 SPRIN          1  -0.0%   2156.       15.12       0.000       2171.       0.000       200.0       0.000    
    4800  0.4800      0.1000E-03 SPRIN          1  -0.0%   2187.       15.12       0.000       2202.       0.000       200.0       0.000    
    4900  0.4900      0.1000E-03 SPRIN          1  -0.0%   2218.       15.12       0.000       2233.       0.000       200.0       0.000    
    5000  0.5000      0.1000E-03 SPRIN          1  -0.0%   2247.       15.12       0.000       2262.       0.000       200.0       0.000    
    5100  0.5100      0.1000E-03 SPRIN          1  -0.0%   2276.       15.12       0.000       2291.       0.000       200.0       0.000    
    5200  0.5200      0.1000E-03 SPRIN          1  -0.0%   2305.       15.12       0.000       2320.       0.000       200.0       0.000    
    5300  0.5300      0.1000E-03 SPRIN          1  -0.0%   2332.       15.12       0.000       2347.       0.000       200.0       0.000    
    5400  0.5400      0.1000E-03 SPRIN          1  -0.0%   2359.       15.12       0.000       2374.       0.000       200.0       0.000    
    5500  0.5500      0.1000E-03 SPRIN          1  -0.0%   2385.       15.12       0.000       2400.       0.000       200.0       0.000    
    5600  0.5600      0.1000E-03 SPRIN          1  -0.0%   2411.       15.12       0.000       2426.       0.000       200.0       0.000    
    5700  0.5700      0.1000E-03 SPRIN          1  -0.0%   2435.       15.12       0.000       2450.       0.000       200.0       0.000    
    5800  0.5800      0.1000E-03 SPRIN          1  -0.0%   2459.       15.12       0.000       2474.       0.000       200.0       0.000    
    5900  0.5900      0.1000E-03 SPRIN          1  -0.0%   2483.       15.12       0.000       2498.       0.000       200.0       0.000    
    6000  0.6000      0.1000E-03 SPRIN          1  -0.0%   2505.       15.12       0.000       2520.       0.000       200.0       0.000    
    6100  0.6100      0.1000E-03 SPRIN          1  -0.0%   2527.       15.12       0.000       2542.       0.000       200.0       0.000    
    6200  0.6200      0.1000E-03 SPRIN          1  -0.0%   2548.       15.12       0.000       2563.       0.000       200.0       0.000    
    6300  0.6300      0.1000E-03 SPRIN          1  -0.0%   2568.       15.12       0.000       2584.       0.000       200.0       0.000    
    6400  0.6400      0.1000E-03 SPRIN          1  -0.0%   2588.       15.12       0.000       2603.       0.000       200.0       0.000    
    6500  0.6500      0.1000E-03 SPRIN          1  -0.0%   2607.       15.12       0.000       2622.       0.000       200.0       0.000    
    6600  0.6600      0.1000E-03 SPRIN          1  -0.0%   2625.       15.12       0.000       2640.       0.000       200.0       0.000    
    6700  0.6700      0.1000E-03 SPRIN          1  -0.0%   2643.       15.12       0.000       2658.       0.000       200.0       0.000    
    6800  0.6800      0.1000E-03 SPRIN          1  -0.0%   2660.       15.12       0.000       2675.       0.000       200.0       0.000    
    6900  0.6900      0.1000E-03 SPRIN          1  -0.0%   2676.       15.12       0.000       2691.       0.000       200.0       0.000    
    7000  0.7000      0.1000E-03 SPRIN          1  -0.0%   2691.       15.12       0.000       2706.       0.000       200.0       0.000    
    7100  0.7100      0.1000E-03 SPRIN          1  -0.0%   2706.       15.12       0.000       2721.       0.000       200.0       0.000    
    7200  0.7200      0.1000E-03 SPRIN          1  -0.0%   2720.       15.12       0.000       2735.       0.000       200.0       0.000    
    7300  0.7300      0.1000E-03 SPRIN          1  -0.0%   2733.       15.12       0.000       2748.       0.000       200.0       0.000    
    7400  0.7400      0.1000E-03 SPRIN          1  -0.0%   2745.       15.12       0.000       2760.       0.000       200.0       0.000    
    7500  0.7500      0.1000E-03 SPRIN          1  -0.0%   2757.       15.12       0.000       2772.       0.000       200.0       0.000    
    7600  0.7600      0.1000E-03 SPRIN          1  -0.0%   2768.       15.12       0.000       2783.       0.000       200.0       0.000    
    7700  0.7700      0.1000E-03 SPRIN          1  -0.0%   2779.       15.12       0.000       2794.       0.000       200.0       0.000    
    7800  0.7800      0.1000E-03 SPRIN          1  -0.0%   2788.       15.12       0.000       2803.       0.000       200.0       0.000    
    7900  0.7900      0.1000E-03 SPRIN          1  -0.0%   2797.       15.12       0.000       2812.       0.000       200.0       0.000    
    8000  0.8000      0.1000E-03 SPRIN          1  -0.0%   2805.       15.12       0.000       2820.       0.000       200.0       0.000    
    8100  0.8100      0.1000E-03 SPRIN          1  -0.0%   2813.       15.12       0.000       2828.       0.000       200.0       0.000    
    8200  0.8200      0.1000E-03 SPRIN          1  -0.0%   2820.       15.12       0.000       2835.       0.000       200.0       0.000    
    8300  0.8300      0.1000E-03 SPRIN          1  -0.0%   2826.       15.12       0.000       2841.       0.000       200.0       0.000    
    8400  0.8400      0.1000E-03 SPRIN          1  -0.0%   2831.       15.12       0.000       2846.       0.000       200.0       0.000    
    8500  0.8500      0.1000E-03 SPRIN          1  -0.0%   2835.       15.12       0.000       2851.       0.000       200.0       0.000    
    8600  0.8600      0.1000E-03 SPRIN          1  -0.0%   2839.       15.12       0.000       2854.       0.000       200.0       0.000    
    8700  0.8700      0.1000E-03 SPRIN          1  -0.0%   2843.       15.12       0.000       2858.       0.000       200.0       0.000    
    8800  0.8800      0.1000E-03 SPRIN          1  -0.0%   2845.       15.12       0.000       2860.       0.000       200.0       0.000    
    8900  0.8900      0.1000E-03 SPRIN          1  -0.0%   2847.       15.12       0.000       2862.       0.000       200.0       0.000    
    9000  0.9000      0.1000E-03 SPRIN          1  -0.0%   2848.       15.12       0.000       2863.       0.000       200.0       0.000    
 -- RUPTURE OF SPRING ELEMENT NUMBER          1
    9100  0.9100      0.1000E-03 SHELL          0  -0.0%   2848.       15.12       0.000       2863.       0.000       200.0       0.000    
    9200  0.9200      0.1000E-03 SHELL          0  -0.0%   2848.       15.12       0.000       2863.       0.000       200.0       0.000    
    9300  0.9300      0.1000E-03 SHELL          0  -0.0%   2848.       15.12       0.000       2863.       0.000       200.0       0.000    
    9400  0.9400      0.1000E-03 SHELL          0  -0.0%   2848.       15.12       0.000       2863.       0.000       200.0       0.000    
    9500  0.9500      0.1000E-03 SHELL          0  -0.0%   2848.       15.12       0.000       2863.       0.000       200.0       0.000    
    9600  0.9600      0.1000E-03 SHELL          0  -0.0%   2848.       15.12       0.000       2863.       0.000       200.0       0.000    
    9700  0.9700      0.1000E-03 SHELL          0  -0.0%   2848.       15.12       0.000       2863.       0.000       200.0       0.000    
    9800  0.9800      0.1000E-03 SHELL          0  -0.0%   2848.       15.12       0.000       2863.       0.000       200.0       0.000    
    9900  0.9900      0.1000E-03 SHELL          0  -0.0%   2848.       15.12       0.000       2863.       0.000       200.0       0.000    
   CYCLE    TIME      TIME-STEP  ELEMENT          ERROR  I-ENERGY    K-ENERGY T  K-ENERGY R  EXT-WORK     MAS.ERR     TOTAL MASS  MASS ADDED
   10000   1.000      0.1000E-03 SHELL          0  -0.1%   2848.       3.781       0.000       2856.       0.000       200.0       0.000    
   10100   1.010      0.1000E-03 SHELL          0  -0.0%   2848.       0.000       0.000       2848.       0.000       200.0       0.000    
   10200   1.020      0.1000E-03 SHELL          0  -0.0%   2848.       0.000       0.000       2848.       0.000       200.0       0.000    
   10300   1.030      0.1000E-03 SHELL          0  -0.0%   2848.       0.000       0.000       2848.       0.000       200.0       0.000    
   10400   1.040      0.1000E-03 SHELL          0  -0.0%   2848.       0.000       0.000       2848.       0.000       200.0       0.000    
   10500   1.050      0.1000E-03 SHELL          0  -0.0%   2848.       0.000       0.000       2848.       0.000       200.0       0.000    
   10600   1.060      0.1000E-03 SHELL          0  -0.0%   2848.       0.000       0.000       2848.       0.000       200.0       0.000    
   10700   1.070      0.1000E-03 SHELL          0  -0.0%   2848.       0.000       0.000       2848.       0.000       200.0       0.000    
   10800   1.080      0.1000E-03 SHELL          0  -0.0%   2848.       0.000       0.000       2848.       0.000       200.0       0.000    
   10900   1.090      0.1000E-03 SHELL          0  -0.0%   2848.       0.000       0.000       2848.       0.000       200.0       0.000    
   11000   1.100      0.1000E-03 SHELL          0  -0.0%   2848.       0.000       0.000       2848.       0.000       200.0       0.000    

     RESTART FILES: I02B_NORMAL_BASE_MONO_R1_0001_[0001-0001].rst WRITTEN
     -------------

  
                           ** CPU USER TIME **
  
  
                        ** SUMMARY **
  
 #PROC  ELEMENT   KINCOND   INTEG     IO        T0        ASM       RESOL    
   1   .4688E-01 .4688E-01 .7812E-01 .1250E+00 .7812E-01 .4688E-01 .6250E+00
  
 
                   ** CUMULATIVE CPU TIME SUMMARY **
  
 CONTACT SORTING.............: .0000E+00     0.00 % 
 CONTACT FORCES..............: .0000E+00     0.00 % 
 ELEMENT FORCES..............: .4688E-01     7.50 % 
 KINEMATIC COND..............: .4688E-01     7.50 % 
 INTEGRATION.................: .7812E-01    12.50 % 
 ASSEMBLING..................: .4688E-01     7.50 % 
 OTHERS (including I/O)......: .4062E+00    65.00 % 
 TOTAL.......................: .6250E+00   100.00 % 
  
  
                           ** ELAPSED TIME **
  
  
                        ** SUMMARY **
  
 #PROC  ELEMENT   KINCOND   INTEG     IO        T0        ASM       RESOL    
   1   .5558E-01 .4560E-01 .3423E-01 .1635E+00 .1143E+00 .2108E-01 .6174E+00
  
                   ** MEMORY USAGE STATISTICS **
  
 TOTAL MEMORY USED .........................:       46 MB
 MAXIMUM MEMORY PER PROCESSOR...............:       46 MB
 MINIMUM MEMORY PER PROCESSOR...............:       46 MB
 AVERAGE MEMORY PER PROCESSOR...............:       46 MB
  
                   ** DISK USAGE STATISTICS **
  
 TOTAL DISK SPACE USED .....................:          1 MB
 ANIMATION/H3D/TH/OUTP SIZE ................:          1 MB
 RESTART FILE SIZE .........................:          0 MB
  
                   ** COMPUTE TIME INFORMATION **
                        ** CURRENT ENGINE **
  
 EXECUTION STARTED .........................:      2026/09/12  17:35:26
 EXECUTION COMPLETED .......................:      2026/09/12  17:35:27
  
 ELAPSED TIME     =          0.65 s
                          0:00:00



     NORMAL TERMINATION      



     TOTAL NUMBER OF CYCLES  :   11001

  
                   ** COMPUTE RUNTIME INFORMATION SUMMARY **
  
        STARTER RUNTIME =          0.55s (00:00:00)
 # 001   ENGINE RUNTIME =          0.65s (00:00:00)
 ------------------------------ 
 STARTER+ENGINE RUNTIME =          1.19s (00:00:01)
  
