************************************************************************
**                                                                    **
**                                                                    **
**                         OpenRadioss Engine                         **
**                                                                    **
**            Non-linear Finite Element Analysis Software             **
**                                                                    **
**                                                                    **
**                                                                    **
**                  Windows 64 bits, Intel compiler                   **
**                      Double Precision Version                      **
**                                                                    **
**                                                                    **
**                                                                    **
************************************************************************
** OpenRadioss Software                                               **
** COPYRIGHT (C) 2026 Siemens                                         **
** Licensed under GNU Affero General Public License.                  **
** See License file.                                                  **
************************************************************************
 
 ROOT: I01_M025  RESTART: 0001
 NUMBER OF HMPP PROCESSES     1
 10/09/2026
 NC=       0 T= 0.0000E+00 DT= 3.6170E-03 ERR=  0.0% DM/M= 0.0000E+00
     ANIMATION FILE: I01_M025A001 WRITTEN
     ANIMATION FILE: I01_M025A002 WRITTEN
     ANIMATION FILE: I01_M025A003 WRITTEN
     ANIMATION FILE: I01_M025A004 WRITTEN
     ANIMATION FILE: I01_M025A005 WRITTEN
     ANIMATION FILE: I01_M025A006 WRITTEN
     ANIMATION FILE: I01_M025A007 WRITTEN
 NC=     100 T= 3.2946E-01 DT= 2.3820E-03 ERR= -0.9% DM/M= 0.0000E+00
 ELAPSED TIME=          4.62 s  REMAINING TIME=         12.21 s
     ANIMATION FILE: I01_M025A008 WRITTEN
     ANIMATION FILE: I01_M025A009 WRITTEN
     ANIMATION FILE: I01_M025A010 WRITTEN
     ANIMATION FILE: I01_M025A011 WRITTEN
 NC=     200 T= 5.0815E-01 DT= 1.6958E-03 ERR= -0.9% DM/M= 0.0000E+00
 ELAPSED TIME=          8.57 s  REMAINING TIME=         11.67 s
     ANIMATION FILE: I01_M025A012 WRITTEN
     ANIMATION FILE: I01_M025A013 WRITTEN
     ANIMATION FILE: I01_M025A014 WRITTEN
 NC=     300 T= 6.7468E-01 DT= 1.6351E-03 ERR= -1.0% DM/M= 0.0000E+00
 ELAPSED TIME=         12.52 s  REMAINING TIME=          9.75 s
     ANIMATION FILE: I01_M025A015 WRITTEN
     ANIMATION FILE: I01_M025A016 WRITTEN
     ANIMATION FILE: I01_M025A017 WRITTEN
 NC=     400 T= 8.3629E-01 DT= 1.6124E-03 ERR= -1.0% DM/M= 0.0000E+00
 ELAPSED TIME=         16.59 s  REMAINING TIME=          7.21 s
     ANIMATION FILE: I01_M025A018 WRITTEN
     ANIMATION FILE: I01_M025A019 WRITTEN
     ANIMATION FILE: I01_M025A020 WRITTEN
 NC=     500 T= 9.9776E-01 DT= 1.6129E-03 ERR= -1.0% DM/M= 0.0000E+00
 ELAPSED TIME=         21.02 s  REMAINING TIME=          4.26 s
     ANIMATION FILE: I01_M025A021 WRITTEN
     ANIMATION FILE: I01_M025A022 WRITTEN
     ANIMATION FILE: I01_M025A023 WRITTEN
     ANIMATION FILE: I01_M025A024 WRITTEN
 NC=     600 T= 1.1609E+00 DT= 1.6510E-03 ERR= -1.0% DM/M= 0.0000E+00
 ELAPSED TIME=         25.41 s  REMAINING TIME=          0.86 s
     RESTART FILES: I01_M025_0001_[0001-0001].rst WRITTEN
  
                           ** CPU USER TIME **
  
  
                        ** SUMMARY **
  
 #PROC  CONTSORT  CONTFOR   ELEMENT   KINCOND   INTEG     IO        T0        ASM       RESOL    
   1   .6562E+00 .7812E-01 .2170E+02 .1562E-01 .3438E+00 .2672E+01 .1562E-01 .6250E+00 .2633E+02
 
                   ** CUMULATIVE CPU TIME SUMMARY **
  
 CONTACT SORTING.............: .6562E+00     2.49 % 
 CONTACT FORCES..............: .7812E-01     0.30 % 
 ELEMENT FORCES..............: .2170E+02    82.43 % 
 KINEMATIC COND..............: .1562E-01     0.06 % 
 INTEGRATION.................: .3438E+00     1.31 % 
 ASSEMBLING..................: .6250E+00     2.37 % 
 OTHERS (including I/O)......: .2906E+01    11.04 % 
 TOTAL.......................: .2633E+02   100.00 % 
  
                   ** MEMORY USAGE STATISTICS **
  
 TOTAL MEMORY USED .........................:      433 MB
 MAXIMUM MEMORY PER PROCESSOR...............:      433 MB
 MINIMUM MEMORY PER PROCESSOR...............:      433 MB
 AVERAGE MEMORY PER PROCESSOR...............:      433 MB
  
                   ** DISK USAGE STATISTICS **
  
 TOTAL DISK SPACE USED .....................:        219 MB
 ANIMATION/H3D/TH/OUTP SIZE ................:        132 MB
 RESTART FILE SIZE .........................:         86 MB
  
 ELAPSED TIME     =         26.61 s
                          0:00:26
  
     NORMAL TERMINATION      
     TOTAL NUMBER OF CYCLES  :     624
