************************************************************************
**                                                                    **
**                                                                    **
**                         OpenRadioss Engine                         **
**                                                                    **
**            Non-linear Finite Element Analysis Software             **
**                                                                    **
**                                                                    **
**                                                                    **
**                  Windows 64 bits, Intel compiler                   **
**                      Double Precision Version                      **
**                                                                    **
**                                                                    **
**                                                                    **
************************************************************************
** OpenRadioss Software                                               **
** COPYRIGHT (C) 2026 Siemens                                         **
** Licensed under GNU Affero General Public License.                  **
** See License file.                                                  **
************************************************************************
 
 ROOT: A15_IMPACT_10_DT50  RESTART: 0001
 NUMBER OF HMPP PROCESSES     2
 08/10/2026
     ANIMATION FILE: A15_IMPACT_10_DT50A001 WRITTEN
     ANIMATION FILE: A15_IMPACT_10_DT50A002 WRITTEN
     ANIMATION FILE: A15_IMPACT_10_DT50A003 WRITTEN
     ANIMATION FILE: A15_IMPACT_10_DT50A004 WRITTEN
     ANIMATION FILE: A15_IMPACT_10_DT50A005 WRITTEN
     ANIMATION FILE: A15_IMPACT_10_DT50A006 WRITTEN
     ANIMATION FILE: A15_IMPACT_10_DT50A007 WRITTEN
     ANIMATION FILE: A15_IMPACT_10_DT50A008 WRITTEN
     ANIMATION FILE: A15_IMPACT_10_DT50A009 WRITTEN
     ANIMATION FILE: A15_IMPACT_10_DT50A010 WRITTEN
     ANIMATION FILE: A15_IMPACT_10_DT50A011 WRITTEN
     ANIMATION FILE: A15_IMPACT_10_DT50A012 WRITTEN
     ANIMATION FILE: A15_IMPACT_10_DT50A013 WRITTEN
     ANIMATION FILE: A15_IMPACT_10_DT50A014 WRITTEN
     ANIMATION FILE: A15_IMPACT_10_DT50A015 WRITTEN
     ANIMATION FILE: A15_IMPACT_10_DT50A016 WRITTEN
     ANIMATION FILE: A15_IMPACT_10_DT50A017 WRITTEN
     ANIMATION FILE: A15_IMPACT_10_DT50A018 WRITTEN
     ANIMATION FILE: A15_IMPACT_10_DT50A019 WRITTEN
     ANIMATION FILE: A15_IMPACT_10_DT50A020 WRITTEN
     ANIMATION FILE: A15_IMPACT_10_DT50A021 WRITTEN
     ANIMATION FILE: A15_IMPACT_10_DT50A022 WRITTEN
     ANIMATION FILE: A15_IMPACT_10_DT50A023 WRITTEN
     ANIMATION FILE: A15_IMPACT_10_DT50A024 WRITTEN
     ANIMATION FILE: A15_IMPACT_10_DT50A025 WRITTEN
     ANIMATION FILE: A15_IMPACT_10_DT50A026 WRITTEN
     ANIMATION FILE: A15_IMPACT_10_DT50A027 WRITTEN
     ANIMATION FILE: A15_IMPACT_10_DT50A028 WRITTEN
     ANIMATION FILE: A15_IMPACT_10_DT50A029 WRITTEN
     ANIMATION FILE: A15_IMPACT_10_DT50A030 WRITTEN
     ANIMATION FILE: A15_IMPACT_10_DT50A031 WRITTEN
     ANIMATION FILE: A15_IMPACT_10_DT50A032 WRITTEN
     ANIMATION FILE: A15_IMPACT_10_DT50A033 WRITTEN
     ANIMATION FILE: A15_IMPACT_10_DT50A034 WRITTEN
     ANIMATION FILE: A15_IMPACT_10_DT50A035 WRITTEN
     ANIMATION FILE: A15_IMPACT_10_DT50A036 WRITTEN
     ANIMATION FILE: A15_IMPACT_10_DT50A037 WRITTEN
     ANIMATION FILE: A15_IMPACT_10_DT50A038 WRITTEN
     ANIMATION FILE: A15_IMPACT_10_DT50A039 WRITTEN
     ANIMATION FILE: A15_IMPACT_10_DT50A040 WRITTEN
     ANIMATION FILE: A15_IMPACT_10_DT50A041 WRITTEN
     ANIMATION FILE: A15_IMPACT_10_DT50A042 WRITTEN
     ANIMATION FILE: A15_IMPACT_10_DT50A043 WRITTEN
     ANIMATION FILE: A15_IMPACT_10_DT50A044 WRITTEN
     ANIMATION FILE: A15_IMPACT_10_DT50A045 WRITTEN
     ANIMATION FILE: A15_IMPACT_10_DT50A046 WRITTEN
     ANIMATION FILE: A15_IMPACT_10_DT50A047 WRITTEN
     ANIMATION FILE: A15_IMPACT_10_DT50A048 WRITTEN
     ANIMATION FILE: A15_IMPACT_10_DT50A049 WRITTEN
     ANIMATION FILE: A15_IMPACT_10_DT50A050 WRITTEN
     ANIMATION FILE: A15_IMPACT_10_DT50A051 WRITTEN
     ANIMATION FILE: A15_IMPACT_10_DT50A052 WRITTEN
     ANIMATION FILE: A15_IMPACT_10_DT50A053 WRITTEN
     ANIMATION FILE: A15_IMPACT_10_DT50A054 WRITTEN
     ANIMATION FILE: A15_IMPACT_10_DT50A055 WRITTEN
     ANIMATION FILE: A15_IMPACT_10_DT50A056 WRITTEN
     ANIMATION FILE: A15_IMPACT_10_DT50A057 WRITTEN
     ANIMATION FILE: A15_IMPACT_10_DT50A058 WRITTEN
     ANIMATION FILE: A15_IMPACT_10_DT50A059 WRITTEN
     ANIMATION FILE: A15_IMPACT_10_DT50A060 WRITTEN
     ANIMATION FILE: A15_IMPACT_10_DT50A061 WRITTEN
     ANIMATION FILE: A15_IMPACT_10_DT50A062 WRITTEN
     ANIMATION FILE: A15_IMPACT_10_DT50A063 WRITTEN
     ANIMATION FILE: A15_IMPACT_10_DT50A064 WRITTEN
     ANIMATION FILE: A15_IMPACT_10_DT50A065 WRITTEN
     ANIMATION FILE: A15_IMPACT_10_DT50A066 WRITTEN
     ANIMATION FILE: A15_IMPACT_10_DT50A067 WRITTEN
     ANIMATION FILE: A15_IMPACT_10_DT50A068 WRITTEN
     ANIMATION FILE: A15_IMPACT_10_DT50A069 WRITTEN
     ANIMATION FILE: A15_IMPACT_10_DT50A070 WRITTEN
     ANIMATION FILE: A15_IMPACT_10_DT50A071 WRITTEN
     ANIMATION FILE: A15_IMPACT_10_DT50A072 WRITTEN
     ANIMATION FILE: A15_IMPACT_10_DT50A073 WRITTEN
     ANIMATION FILE: A15_IMPACT_10_DT50A074 WRITTEN
     ANIMATION FILE: A15_IMPACT_10_DT50A075 WRITTEN
     ANIMATION FILE: A15_IMPACT_10_DT50A076 WRITTEN
     ANIMATION FILE: A15_IMPACT_10_DT50A077 WRITTEN
     ANIMATION FILE: A15_IMPACT_10_DT50A078 WRITTEN
     ANIMATION FILE: A15_IMPACT_10_DT50A079 WRITTEN
     ANIMATION FILE: A15_IMPACT_10_DT50A080 WRITTEN
     ANIMATION FILE: A15_IMPACT_10_DT50A081 WRITTEN
     ANIMATION FILE: A15_IMPACT_10_DT50A082 WRITTEN
     ANIMATION FILE: A15_IMPACT_10_DT50A083 WRITTEN
     ANIMATION FILE: A15_IMPACT_10_DT50A084 WRITTEN
     ANIMATION FILE: A15_IMPACT_10_DT50A085 WRITTEN
     ANIMATION FILE: A15_IMPACT_10_DT50A086 WRITTEN
     ANIMATION FILE: A15_IMPACT_10_DT50A087 WRITTEN
     ANIMATION FILE: A15_IMPACT_10_DT50A088 WRITTEN
     ANIMATION FILE: A15_IMPACT_10_DT50A089 WRITTEN
     ANIMATION FILE: A15_IMPACT_10_DT50A090 WRITTEN
     ANIMATION FILE: A15_IMPACT_10_DT50A091 WRITTEN
     ANIMATION FILE: A15_IMPACT_10_DT50A092 WRITTEN
     ANIMATION FILE: A15_IMPACT_10_DT50A093 WRITTEN
     ANIMATION FILE: A15_IMPACT_10_DT50A094 WRITTEN
     ANIMATION FILE: A15_IMPACT_10_DT50A095 WRITTEN
     ANIMATION FILE: A15_IMPACT_10_DT50A096 WRITTEN
     ANIMATION FILE: A15_IMPACT_10_DT50A097 WRITTEN
     ANIMATION FILE: A15_IMPACT_10_DT50A098 WRITTEN
     ANIMATION FILE: A15_IMPACT_10_DT50A099 WRITTEN
     ANIMATION FILE: A15_IMPACT_10_DT50A100 WRITTEN
     RESTART FILES: A15_IMPACT_10_DT50_0001_[0001-0001].rst WRITTEN
     ANIMATION FILE: A15_IMPACT_10_DT50A101 WRITTEN
  
                           ** CPU USER TIME **
  
  
                        ** SUMMARY **
  
 #PROC  CONTSORT  CONTFOR   ELEMENT   KINCOND   INTEG     IO        T0        ASM       RESOL    
   1   .1723E+02 .1625E+03 .6467E+03 .3822E+02 .1169E+02 .6050E+02 .1375E+01 .2888E+02 .1001E+04
 
                   ** CUMULATIVE CPU TIME SUMMARY **
  
 CONTACT SORTING.............: .1723E+02     1.72 % 
 CONTACT FORCES..............: .1625E+03    16.23 % 
 ..INCLUDING CONTACT NORMALS: .1545E+03    15.43 % 
 ELEMENT FORCES..............: .6467E+03    64.58 % 
 KINEMATIC COND..............: .3822E+02     3.82 % 
 INTEGRATION.................: .1169E+02     1.17 % 
 ASSEMBLING..................: .2888E+02     2.88 % 
 OTHERS (including I/O)......: .9619E+02     9.61 % 
 TOTAL.......................: .1001E+04   100.00 % 
  
                   ** MEMORY USAGE STATISTICS **
  
 TOTAL MEMORY USED .........................:      328 MB
 MAXIMUM MEMORY PER PROCESSOR...............:      328 MB
 MINIMUM MEMORY PER PROCESSOR...............:      328 MB
 AVERAGE MEMORY PER PROCESSOR...............:      328 MB
  
                   ** DISK USAGE STATISTICS **
  
 TOTAL DISK SPACE USED .....................:        900 MB
 ANIMATION/H3D/TH/OUTP SIZE ................:        782 MB
 RESTART FILE SIZE .........................:        118 MB
  
 ELAPSED TIME     =        502.02 s
                          0:08:22
  
     NORMAL TERMINATION      
     TOTAL NUMBER OF CYCLES  :   21448
