************************************************************************
**                                                                    **
**                                                                    **
**                         OpenRadioss Engine                         **
**                                                                    **
**            Non-linear Finite Element Analysis Software             **
**                                                                    **
**                                                                    **
**                                                                    **
**                  Windows 64 bits, Intel compiler                   **
**                      Double Precision Version                      **
**                                                                    **
**                                                                    **
**                                                                    **
************************************************************************
** OpenRadioss Software                                               **
** COPYRIGHT (C) 2026 Siemens                                         **
** Licensed under GNU Affero General Public License.                  **
** See License file.                                                  **
************************************************************************
 
 ROOT: A24_CONNECTED_FREE_ROTATION_Y  RESTART: 0001
 NUMBER OF HMPP PROCESSES     1
 10/10/2026
 NC=       0 T= 0.0000E+00 DT= 1.2106E-05 ERR=  0.0% DM/M= 0.0000E+00
     ANIMATION FILE: A24_CONNECTED_FREE_ROTATION_YA001 WRITTEN
 NC=     100 T= 1.2106E-03 DT= 1.2106E-05 ERR= -0.0% DM/M= 0.0000E+00
 ELAPSED TIME=          0.06 s  REMAINING TIME=          2.43 s
 NC=     200 T= 2.4212E-03 DT= 1.2106E-05 ERR= -0.0% DM/M= 0.0000E+00
 ELAPSED TIME=          0.08 s  REMAINING TIME=          1.57 s
 NC=     300 T= 3.6317E-03 DT= 1.2104E-05 ERR= -0.0% DM/M= 0.0000E+00
 ELAPSED TIME=          0.10 s  REMAINING TIME=          1.26 s
 NC=     400 T= 4.8420E-03 DT= 1.2102E-05 ERR= -0.0% DM/M= 0.0000E+00
 ELAPSED TIME=          0.12 s  REMAINING TIME=          1.09 s
 NC=     500 T= 6.0521E-03 DT= 1.2100E-05 ERR= -0.0% DM/M= 0.0000E+00
 ELAPSED TIME=          0.14 s  REMAINING TIME=          0.98 s
 NC=     600 T= 7.2620E-03 DT= 1.2098E-05 ERR= -0.0% DM/M= 0.0000E+00
 ELAPSED TIME=          0.15 s  REMAINING TIME=          0.91 s
 NC=     700 T= 8.4717E-03 DT= 1.2097E-05 ERR= -0.0% DM/M= 0.0000E+00
 ELAPSED TIME=          0.17 s  REMAINING TIME=          0.85 s
 NC=     800 T= 9.6814E-03 DT= 1.2097E-05 ERR= -0.0% DM/M= 0.0000E+00
 ELAPSED TIME=          0.19 s  REMAINING TIME=          0.80 s
 NC=     900 T= 1.0891E-02 DT= 1.2097E-05 ERR= -0.0% DM/M= 0.0000E+00
 ELAPSED TIME=          0.21 s  REMAINING TIME=          0.76 s
 NC=    1000 T= 1.2101E-02 DT= 1.2098E-05 ERR= -0.0% DM/M= 0.0000E+00
 ELAPSED TIME=          0.23 s  REMAINING TIME=          0.72 s
 NC=    1100 T= 1.3311E-02 DT= 1.2100E-05 ERR= -0.0% DM/M= 0.0000E+00
 ELAPSED TIME=          0.25 s  REMAINING TIME=          0.69 s
 NC=    1200 T= 1.4521E-02 DT= 1.2100E-05 ERR= -0.0% DM/M= 0.0000E+00
 ELAPSED TIME=          0.27 s  REMAINING TIME=          0.66 s
 NC=    1300 T= 1.5731E-02 DT= 1.2101E-05 ERR= -0.0% DM/M= 0.0000E+00
 ELAPSED TIME=          0.29 s  REMAINING TIME=          0.63 s
 NC=    1400 T= 1.6941E-02 DT= 1.2100E-05 ERR= -0.0% DM/M= 0.0000E+00
 ELAPSED TIME=          0.31 s  REMAINING TIME=          0.60 s
 NC=    1500 T= 1.8151E-02 DT= 1.2099E-05 ERR= -0.0% DM/M= 0.0000E+00
 ELAPSED TIME=          0.33 s  REMAINING TIME=          0.57 s
 NC=    1600 T= 1.9361E-02 DT= 1.2097E-05 ERR= -0.0% DM/M= 0.0000E+00
 ELAPSED TIME=          0.34 s  REMAINING TIME=          0.55 s
 NC=    1700 T= 2.0570E-02 DT= 1.2093E-05 ERR= -0.0% DM/M= 0.0000E+00
 ELAPSED TIME=          0.36 s  REMAINING TIME=          0.52 s
 NC=    1800 T= 2.1779E-02 DT= 1.2089E-05 ERR= -0.0% DM/M= 0.0000E+00
 ELAPSED TIME=          0.38 s  REMAINING TIME=          0.50 s
 NC=    1900 T= 2.2988E-02 DT= 1.2082E-05 ERR= -0.0% DM/M= 0.0000E+00
 ELAPSED TIME=          0.40 s  REMAINING TIME=          0.47 s
 NC=    2000 T= 2.4196E-02 DT= 1.2077E-05 ERR= -0.0% DM/M= 0.0000E+00
 ELAPSED TIME=          0.42 s  REMAINING TIME=          0.45 s
     ANIMATION FILE: A24_CONNECTED_FREE_ROTATION_YA002 WRITTEN
 NC=    2100 T= 2.5403E-02 DT= 1.2071E-05 ERR= -0.0% DM/M= 0.0000E+00
 ELAPSED TIME=          0.44 s  REMAINING TIME=          0.43 s
 NC=    2200 T= 2.6610E-02 DT= 1.2066E-05 ERR= -0.0% DM/M= 0.0000E+00
 ELAPSED TIME=          0.46 s  REMAINING TIME=          0.40 s
 NC=    2300 T= 2.7816E-02 DT= 1.2061E-05 ERR= -0.0% DM/M= 0.0000E+00
 ELAPSED TIME=          0.48 s  REMAINING TIME=          0.38 s
 NC=    2400 T= 2.9022E-02 DT= 1.2056E-05 ERR= -0.0% DM/M= 0.0000E+00
 ELAPSED TIME=          0.50 s  REMAINING TIME=          0.36 s
 NC=    2500 T= 3.0228E-02 DT= 1.2051E-05 ERR= -0.0% DM/M= 0.0000E+00
 ELAPSED TIME=          0.52 s  REMAINING TIME=          0.34 s
 NC=    2600 T= 3.1433E-02 DT= 1.2046E-05 ERR= -0.0% DM/M= 0.0000E+00
 ELAPSED TIME=          0.53 s  REMAINING TIME=          0.32 s
 NC=    2700 T= 3.2637E-02 DT= 1.2042E-05 ERR= -0.0% DM/M= 0.0000E+00
 ELAPSED TIME=          0.55 s  REMAINING TIME=          0.29 s
 NC=    2800 T= 3.3841E-02 DT= 1.2039E-05 ERR= -0.0% DM/M= 0.0000E+00
 ELAPSED TIME=          0.57 s  REMAINING TIME=          0.27 s
 NC=    2900 T= 3.5045E-02 DT= 1.2035E-05 ERR= -0.0% DM/M= 0.0000E+00
 ELAPSED TIME=          0.59 s  REMAINING TIME=          0.25 s
 NC=    3000 T= 3.6248E-02 DT= 1.2031E-05 ERR= -0.0% DM/M= 0.0000E+00
 ELAPSED TIME=          0.61 s  REMAINING TIME=          0.23 s
 NC=    3100 T= 3.7451E-02 DT= 1.2027E-05 ERR= -0.0% DM/M= 0.0000E+00
 ELAPSED TIME=          0.63 s  REMAINING TIME=          0.21 s
 NC=    3200 T= 3.8653E-02 DT= 1.2021E-05 ERR= -0.0% DM/M= 0.0000E+00
 ELAPSED TIME=          0.65 s  REMAINING TIME=          0.19 s
 NC=    3300 T= 3.9855E-02 DT= 1.2016E-05 ERR= -0.0% DM/M= 0.0000E+00
 ELAPSED TIME=          0.67 s  REMAINING TIME=          0.17 s
 NC=    3400 T= 4.1057E-02 DT= 1.2011E-05 ERR= -0.0% DM/M= 0.0000E+00
 ELAPSED TIME=          0.69 s  REMAINING TIME=          0.15 s
 NC=    3500 T= 4.2257E-02 DT= 1.2007E-05 ERR= -0.0% DM/M= 0.0000E+00
 ELAPSED TIME=          0.70 s  REMAINING TIME=          0.13 s
 NC=    3600 T= 4.3458E-02 DT= 1.2002E-05 ERR= -0.0% DM/M= 0.0000E+00
 ELAPSED TIME=          0.72 s  REMAINING TIME=          0.11 s
 NC=    3700 T= 4.4658E-02 DT= 1.1997E-05 ERR= -0.0% DM/M= 0.0000E+00
 ELAPSED TIME=          0.74 s  REMAINING TIME=          0.09 s
 NC=    3800 T= 4.5857E-02 DT= 1.1991E-05 ERR= -0.0% DM/M= 0.0000E+00
 ELAPSED TIME=          0.76 s  REMAINING TIME=          0.07 s
 NC=    3900 T= 4.7056E-02 DT= 1.1985E-05 ERR= -0.0% DM/M= 0.0000E+00
 ELAPSED TIME=          0.78 s  REMAINING TIME=          0.05 s
 NC=    4000 T= 4.8254E-02 DT= 1.1980E-05 ERR= -0.0% DM/M= 0.0000E+00
 ELAPSED TIME=          0.80 s  REMAINING TIME=          0.03 s
 NC=    4100 T= 4.9452E-02 DT= 1.1974E-05 ERR= -0.0% DM/M= 0.0000E+00
 ELAPSED TIME=          0.82 s  REMAINING TIME=          0.01 s
     RESTART FILES: A24_CONNECTED_FREE_ROTATION_Y_0001_[0001-0001].rst WRITTEN
     ANIMATION FILE: A24_CONNECTED_FREE_ROTATION_YA003 WRITTEN
  
                           ** CPU USER TIME **
  
  
                        ** SUMMARY **
  
 #PROC  CONTSORT  CONTFOR   ELEMENT   KINCOND   INTEG     IO        T0        ASM       RESOL    
   1   .6250E-01 .1562E-01 .5000E+00 .0000E+00 .1562E-01 .1562E-01 .1250E+00 .3125E-01 .7969E+00
 
                   ** CUMULATIVE CPU TIME SUMMARY **
  
 CONTACT SORTING.............: .6250E-01     7.84 % 
 CONTACT FORCES..............: .1562E-01     1.96 % 
 ELEMENT FORCES..............: .5000E+00    62.75 % 
 KINEMATIC COND..............: .0000E+00     0.00 % 
 INTEGRATION.................: .1562E-01     1.96 % 
 ASSEMBLING..................: .3125E-01     3.92 % 
 OTHERS (including I/O)......: .1719E+00    21.57 % 
 TOTAL.......................: .7969E+00   100.00 % 
  
                   ** MEMORY USAGE STATISTICS **
  
 TOTAL MEMORY USED .........................:       60 MB
 MAXIMUM MEMORY PER PROCESSOR...............:       60 MB
 MINIMUM MEMORY PER PROCESSOR...............:       60 MB
 AVERAGE MEMORY PER PROCESSOR...............:       60 MB
  
                   ** DISK USAGE STATISTICS **
  
 TOTAL DISK SPACE USED .....................:          0 MB
 ANIMATION/H3D/TH/OUTP SIZE ................:          0 MB
 RESTART FILE SIZE .........................:          0 MB
  
 ELAPSED TIME     =          0.83 s
                          0:00:00
  
     NORMAL TERMINATION      
     TOTAL NUMBER OF CYCLES  :    4147
