 V8U_M100_E020_T1_0000.out
************************************************************************
**                                                                    **
**                                                                    **
**                        OpenRadioss Starter                         **
**                                                                    **
**            Non-linear Finite Element Analysis Software             **
**                                                                    **
**                                                                    **
**                                                                    **
**                  Windows 64 bits, Intel compiler                   **
**                      Double Precision Version                      **
**                                                                    **
**                                                                    **
**                                                                    **
************************************************************************
** OpenRadioss Software                                               **
** COPYRIGHT (C) 2026 Siemens                                         **
** Licensed under GNU Affero General Public License.                  **
** See License file.                                                  **
************************************************************************
 
  
 COMPUTATION HARDWARE DESCRIPTION
  
 HOSTNAME     CPU TYPE, FREQUENCY AND MEMORY
 jeux   AMD Ryzen 5 5600 6-Core Processor               (x86_64), 3700 MHz,   4724 MB RAM,  22954 MB swap
  
 STACKSIZE  . . . . . . . . . . . . . . . . . . . . 1430 MB
 THREAD STACKSIZE . . . . . . . . . . . . . . . . . 400 MB
 
************************************************************************


************************************************************************
* INPUT READING PROCESS
************************************************************************

WARNING ID : 100214
** WARNING IN INPUT OPTIONS
DESCRIPTION :  
-- BLOCK: /PROP/SHELL/1
-- LINE: 5         0              7.9375                   0         1
unsupported field exists
SOLUTION :     
    Please check input format and fields description defined in the Reference Guide.

WARNING ID : 100214
** WARNING IN INPUT OPTIONS
DESCRIPTION :  
-- BLOCK: /PROP/SHELL/2
-- LINE: 5         0               9.525                   0         1
unsupported field exists
SOLUTION :     
    Please check input format and fields description defined in the Reference Guide.

 -NO SYNTAX ERROR DETECTED DURING INPUT READING PROCESS




************************************************************************



    UNIT SYSTEMS DEFINITION     
    -----------------------     

                                                          MASS                LENGTH              TIME
    WORK UNIT SYSTEM . . . . . . ( g  , mm , ms  ) 1.0000000000000E-03 1.0000000000000E-03 1.0000000000000E-03
    INPUT UNIT SYSTEM  . . . . . ( g  , mm , ms  ) 1.0000000000000E-03 1.0000000000000E-03 1.0000000000000E-03
V8U_M100_E020_T1 rigid-sphere facade-surrogate qualification


    CONTROL  PARAMETERS                                                                  
    -------------------                                                                  

    IPRI  : PRINTOUT FLAG . . . . . . . . . . . . . . . .         0
    INVERS: MANUAL VERSION OF THIS INPUT DECK . . . . . .      2019
    NSUBS:   NUMBER OF SUBSETS. . . . . . . . . . . . . .         1
    NPART:   NUMBER OF PARTS. . . . . . . . . . . . . . .         2
    NUMMAT: NUMBER OF MATERIALS . . . . . . . . . . . . .         1
    NUMGEO: NUMBER OF PROPERTY SETS . . . . . . . . . . .         2
    NUMNOD: NUMBER OF NODAL POINTS. . . . . . . . . . . .      2323
    NUMSKW: NUMBER OF SKEW REFERENCE FRAMES . . . . . . .         0
    NUMBCS: NUMBER OF BOUNDARY CONDITIONS . . . . . . . .         1
    NUMFRAM: NUMBER OF REFERENCE FRAMES . . . . . . . . .         0
    NUMELQ: NUMBER OF 2D QUAD ELEMENTS. . . . . . . . . .         0
    NUMELT3 : NUMBER OF 2D TRIA ELEMENTS. . . . . . . . .         0
    NUMELS: NUMBER OF 3D SOLID ELEMENTS . . . . . . . . .         0
    NUMELC: NUMBER OF 3D SHELL ELEMENTS (4-NODES) . . . .      2272
    NUMELT: NUMBER OF 3D TRUSS ELEMENTS . . . . . . . . .         0
    NUMELP: NUMBER OF 3D BEAM  ELEMENTS . . . . . . . . .         0
    NUMELR: NUMBER OF 3D SPRING ELEMENTS. . . . . . . . .         0
    NUMELTG: NUMBER OF 3D SHELL ELEMENTS (3-NODES). . . .         0
    NUMELX: NUMBER OF MULTIPURPOSE ELEMENTS . . . . . . .         0
    NUMELIG3D: NUMBER OF ISO-GEOMETRIC ELEMENTS . . . . .         0
    NUMSPH : NUMBER OF SMOOTH PARTICLES (SPH CELLS) . . .         0
    NSPHBCS: NUMBER OF SPH SYMMETRY CONDITIONS. . . . . .         0
    NSPHIO : NUMBER OF SPH INLET/OUTLET CONDITIONS. . . .         0

    NFUNCT: NUMBER OF USER'S FUNCTIONS . . . . . . . . .          0
    NGRAV:  NUMBER OF GRAVITY LOADS . . . . . . . . . . .         0
    NFUNC2D:  NUMBER OF USER 2D FUNCTIONS . . . . . . . .         0
    NINIGRV:NUMBER OF INITIAL GRAVITY LOADS . . . . . . .         0
    NCONLD: NUMBER OF CONCENTRATED LOADS. . . . . . . . .         0
    NINVEL: NUMBER OF INITIAL VELOCITIES. . . . . . . . .         0
    NPRELD: NUMBER OF PRESSURE LOADS. . . . . . . . . . .         0
    NINIMAP1D: NUMBER OF INITIAL 1D MAPPING.. . . . . . .         0
    NINIMAP2D: NUMBER OF INITIAL 2D MAPPING.. . . . . . .         0
    NUMBER OF ACCELEROMETERS. . . . . . . . . . . . . . .         0
    NUMBER OF SENSORS . . . . . . . . . . . . . . . . . .         0
    NUMBER OF GAUGES. . . . . . . . . . . . . . . . . . .         0
    NINTER: NUMBER OF INTERFACES. . . . . . . . . . . . .         0
    NRWALL: NUMBER OF RIGID WALLS . . . . . . . . . . . .         1
    NRBODY: NUMBER OF RIGID BODIES. . . . . . . . . . . .         0
    NFXBODY: NUMBER OF FLEXIBLE BODIES. . . . . . . . . .         0
    NCONX : NUMBER OF RIGID LINKS TO MADYMO BODIES. . . .         0
    NODMAS: NUMBER OF ADDED NODAL MASSES. . . . . . . . .         0
    NIMPDISP: NUMBER OF IMPOSED DISPLACEMENTS . . . . . .         0
    NIMPVEL: NUMBER OF IMPOSED VELOCITIES . . . . . . . .         0
    NIMPACC: NUMBER OF IMPOSED ACCELERATIONS . . . . . .          0
    NRIVET: NUMBER OF RIVETS OR SPOT WELDS. . . . . . . .         0
    NSECT : NUMBER OF SECTIONS SAVED (TIME HISTORY PLOTS)         0
    NJOINT: NUMBER OF JOINTS. . . . . . . . . . . . . . .         0
    NACTIV: NUMBER OF ELEMENT DEACTIVATION GROUPS . . . .         0
    NDAMP:  NUMBER OF RAYLEIGH DAMPING GROUPS . . . . . .         0
    NGJOINT: NUMBER OF GEAR TYPE JOINTS . . . . . . . . .         0
    NUMMPC: NUMBER OF MULTI-POINT CONSTRAINTS . . . . . .         0
    NR2RLNK: NUMBER OF EXTERNAL COUPLING LINKS . . . . .          0
    NSUBDOM: NUMBER OF SUBDOMAINS . . . . . .. . . . . .          0
    NVOLU:  NUMBER OF MONITORED VOLUMES . . . . . . . . .         0
    NEIG:   NUMBER OF EIGEN AND STATIC MODES PROBLEMS . .         0
    NBEM:   NUMBER OF BEM SOLVED PROBLEMS . . . . . . . .         0
    NRBE2:  NUMBER OF RBE2 RIGID ELEMENTS . . . . . . . .         0
    NRBE3:  NUMBER OF RBE3 CONSTRAINT ELEMENTS  . . . . .         0
    INITIAL STRESS FILE =
                                          FLAG ISIGI. . .         0


    N2D3D : ANALYSIS TYPE: 0=3D,1=AXISYM,2=PLANE STRAIN .         0


    ANALYSIS OPTIONS
    ----------------

    INTEG8 : 8 GAUSS POINT CONDENSED INTEGRATION . . . . .         0
    IPARITH: PARALLEL ARITHMETIC FLAG (2 OFF, 1 0N). . . .         1
    IUSERW : GENERAL USER WINDOW FLAG. . . . . . . . . . .         0
    ISOLID : DEFAULT BRICK FORMULATION FLAG. . . . . . . .         1
    ITET4  : DEFAULT TETRA4 FORMULATION FLAG . . . . . . .         0
    ITET10 : DEFAULT TETRA10 FORMULATION FLAG. . . . . . .      1000
    ISMSTR : DEFAULT BRICK SMALL STRAIN FLAG . . . . . . .         0
    ICPRE  : DEFAULT SOLID CONSTANT PRESSURE FLAG. . . . .         0
    ISHELL : DEFAULT SHELL FORMULATION FLAG. . . . . . . .         1
    ISST   : DEFAULT SHELL SMALL STRAIN FLAG . . . . . . .         0
    ITHK   : DEFAULT SHELL THICKNESS VARIATION FLAG. . . .         0
    IPLA   : DEFAULT PLANE STRESS PLASTICITY FLAG. . . . .         0
    ISTR   : DEFAULT SHELL STRAIN COMPUTATION FLAG . . . .         1
    ISHEA  : DEFAULT SHELL SHEAR COMPUTATION FLAG. . . . .         0
    INSH   : SHELL INERTIA FLAG. . . . . . . . . . . . . .         0
    ISH3N  : DEFAULT 3 NODE SHELL FORMULATION FLAG . . . .         2
    NPTS   : SHELL PROPERTIES DEFAULT NUMBER OF           
             INTEGRATION POINTS OR LAYERS. . . . . . . . .        -1
    IFRAME : DEFAULT SOLID FRAME FORMULATION FLAG . . . .          1
    IOFFSET: DEFAULT SHELL OFFSET FLAG. . . . . . . . . .          0
    ICONTROL:DEFAULT SOLID DISTORTION CONTROL FLAG. . . .          0
    ISHFRAM: LOCAL SHELL FRAME DEFINITION. . . . . . . . .         0


    LAGRANGE MULTIPLIER OPTIONS
    ---------------------------
    LAGM_TOL:CONVERGENCE CRITERION. . . . . . . . . . . . 1.0000000000000E-11


    NODAL MASS DISTRIBUTION FLAG . . . . . . . . .         0


    SPEED PARAMETERS  
    ----------------  

    STARTER RUNNING ON. . . . . . . . . . . . . . . . . .         1 THREAD              
    NUMBER OF SPMD DOMAINS. . . . . . . . . . . . . . . .         1
    NUMBER OF THREADS PER DOMAIN. . . . . . . . . . . . .         1
    ARCHITECTURE OPTIMIZATION . . . . . . . . . . . . . .        22, win64               
    SIZE OF ELEMENT BUFFER. . . . . . . . . . . . . . . .       128
 
     INFO : OMP_NUM_THREADS SET, DEFAULT SETTING IGNORED
  


    MATERIAL LAWS
    -------------
    NUMBER OF MATERIALS. . . . . . . . . =         1




     NIST-adjacent 60 ksi perimeter-column steel; V8U surrogate
     MATERIAL NUMBER . . . . . . . . . . . .=         1
     MATERIAL LAW  . . . . . . . . . . . . . .= PLAS_JOHNS

       ELASTIC PLASTIC LAW                   
       -------------------                   


     INITIAL DENSITY . . . . . . . . . . . .= 7.8600000000000E-03

     YOUNG MODULUS . . . . . . . . . . . . .=  200000.0000000    
     POISSON  RATIO. . . . . . . . . . . . .= 0.3000000000000    
     SHEAR MODULUS . . . . . . . . . . . . .=  76923.07692308    


     JOHNSON COOK MODEL :
     YIELD STRESS  . . . . . . . . . . . . .=  427.6560000000    
     ULTIMATE STRESS (UTS) . . . . . . . . .=  601.5660000000    
     STRAIN AT UTS (Ag). . . . . . . . . . .= 0.1500000000000    
     YIELD COEFFICIENT A . . . . . . . . . .=  427.6560000000    
     YIELD COEFFICIENT B . . . . . . . . . .=  542.8296280306    
     YIELD COEFFICIENT N . . . . . . . . . .= 0.3660393879302    
     EPS-MAX . . . . . . . . . . . . . . . .= 0.2000000000000    
     SIG-MAX . . . . . . . . . . . . . . . .= 1.0000000000000E+20
     ISO-KINEMATIC HARDENING FACTOR. . . . .=  0.000000000000    


     FLAG FOR STRAIN RATE DEPENDENCY TYPE. .=         2
        VP=1  EQUIVALENT PLASTIC STRAIN RATE
        VP=2  TOTAL STRAIN RATE (DEFAULT)
        VP=3  DEVIATORIC STRAIN RATE
     STRAIN RATE COEFFICIENT CC. . . . . . .= 1.6000000000000E-02
     REFERENCE STRAIN RATE . . . . . . . . .= 1.0000000000000E-03
     FLAG FOR STRAIN RATE ON SIG-MAX . . . .=         1
     SMOOTH STRAIN RATE OPTION . . . . . . .=         1
     STRAIN RATE CUTTING FREQUENCY . . . . .=  1.000000000000    
     TEMPERATURE EXPONENT. . . . . . . . . .=  1.000000000000    
     MELTING TEMPERATURE K . . . . . . . . .= 1.0000000000000E+20
     SPECIFIC HEAT Rho*Cp. . . . . . . . . .=  0.000000000000    
     INITIAL TEMPERATURE K . . . . . . . . .=  300.0000000000    
     MAXIMAL TEMPERATURE K . . . . . . . . .= 1.0000000000000E+20
     PRESSURE CUTOFF IN TENSION. . . . . . .=-1.0000000000000E+20




         PROPERTY SETS
         -------------


COLUMN_5_16_IN_QEPH                     
     ISOTROPIC SHELL PROPERTY SET
     PROPERTY SET NUMBER . . . . . . . . . .=         1
     NUMBER OF INTEGRATION POINTS. . . . . .=         5
     POST PROCESSING STRAIN FLAG . . . . . .=         1
     SHELL THICKNESS . . . . . . . . . . . .=  7.937500000000    
     SMALL STRAIN FLAG . . . . . . . . . . .=         2
     SHELL FORMULATION FLAG. . . . . . . . .=        24
     3NODE SHELL FORMULATION FLAG. . . . . .=         2
     DRILLING D.O.F. FLAG  . . . . . . . . .=         0
     PINCHING D.O.F. FLAG  . . . . . . . . .=         0
     SHELL MEMBRANE DAMPING. . . . . . . . .=  0.000000000000    
     SHELL NUMERICAL DAMPING . . . . . . . .= 1.5000000000000E-02
     SHEAR AREA REDUCTION FACTOR . . . . . .= 0.8333333333333    
     ELEMENT DELETION PARAMETER. . . . . . .= 0.9999990000000    
      > 0.0 : FRACTION OF FAILED THICKNESS   
      < 0.0 : FRACTION OF FAILED INTG. POINTS
     SHEAR FORMULATION FLAG. . . . . . . . .=         0
     THICKNESS VARIATION FLAG. . . . . . . .=         0
     PLASTICITY FORMULATION FLAG . . . . . .=         0
     SHELL OFFSET POSITION FLAG . . . . . . =         0


SPANDREL_3_8_IN_QEPH                    
     ISOTROPIC SHELL PROPERTY SET
     PROPERTY SET NUMBER . . . . . . . . . .=         2
     NUMBER OF INTEGRATION POINTS. . . . . .=         5
     POST PROCESSING STRAIN FLAG . . . . . .=         1
     SHELL THICKNESS . . . . . . . . . . . .=  9.525000000000    
     SMALL STRAIN FLAG . . . . . . . . . . .=         2
     SHELL FORMULATION FLAG. . . . . . . . .=        24
     3NODE SHELL FORMULATION FLAG. . . . . .=         2
     DRILLING D.O.F. FLAG  . . . . . . . . .=         0
     PINCHING D.O.F. FLAG  . . . . . . . . .=         0
     SHELL MEMBRANE DAMPING. . . . . . . . .=  0.000000000000    
     SHELL NUMERICAL DAMPING . . . . . . . .= 1.5000000000000E-02
     SHEAR AREA REDUCTION FACTOR . . . . . .= 0.8333333333333    
     ELEMENT DELETION PARAMETER. . . . . . .= 0.9999990000000    
      > 0.0 : FRACTION OF FAILED THICKNESS   
      < 0.0 : FRACTION OF FAILED INTG. POINTS
     SHEAR FORMULATION FLAG. . . . . . . . .=         0
     THICKNESS VARIATION FLAG. . . . . . . .=         0
     PLASTICITY FORMULATION FLAG . . . . . .=         0
     SHELL OFFSET POSITION FLAG . . . . . . =         0




       PARTS
       -----



PART:         1,COLUMN_SHELLS
----
     PROPERTY    :         1 (TYPE 01),COLUMN_5_16_IN_QEPH
     MATERIAL    :         1 (LAW  02),NIST-adjacent 60 ksi perimeter-column steel; V8U surrogate
     SUBSET      :         0
     FRAMEWORK   :         LAGRANGE
     VIRT. THICKN:         0.000000000000    

PART:         2,SPANDREL_SHELLS
----
     PROPERTY    :         2 (TYPE 01),SPANDREL_3_8_IN_QEPH
     MATERIAL    :         1 (LAW  02),NIST-adjacent 60 ksi perimeter-column steel; V8U surrogate
     SUBSET      :         0
     FRAMEWORK   :         LAGRANGE
     VIRT. THICKN:         0.000000000000    


       HIERARCHICAL SUBSET ORGANIZATION
       --------------------------------


  
  
 SUBSET:         0,GLOBAL MODEL                                                                                                     
 ~~~~~~
  |
  |________Part(s):         1,COLUMN_SHELLS                           
                            2,SPANDREL_SHELLS                         

     BOUNDARY CONDITIONS                                                                 
     -------------------                                                                 
       NODE  TRANS. ROTAT.         SKEW

  
 SPMD IS CHECKING FOR ELEMENT DELETION IN : 
 V8U_M100_E020_T1_0001.rad                                                                                    
 
 DOMAIN DECOMPOSITION USING MULTILEVEL KWAY
 ------------------------------------------
 DOMAIN DECOMPOSITION OPTIMIZED FOR PARALLEL ARITHMETIC ON
 DOMAIN DECOMPOSITION : OPTIMIZED FOR BROADWELL PROCESSOR
      RIGID WALL DEFINITIONS 
      ---------------------- 


     RIGID WALL NUMBER. . . . .         1
          RIGID WALL TYPE . . . . .         3
          TYPE SLIDE/TIED/FRICTION.         0
          NUMBER OF NODES . . . . .      2226
          WALL NODE NUMBER. . . . .      2323
          WALL MASS . . . . . . . .    4.5586E+06
          WALL X-VELOCITY . . . . .     0.000    
          WALL Y-VELOCITY . . . . .     0.000    
          WALL Z-VELOCITY . . . . .    -198.0    

     SPHERICAL WALL CHARACTERISTICS
          POINT M . . . . . . . . .  0.000000000000      0.000000000000      500.0000000000    
          SPHERE DIAMETER . . . . .     1000.    



 SHELL GROUP         1 VECTORIZATION CODE =    0
 SHELL GROUP         2 VECTORIZATION CODE =    0
 SHELL GROUP         3 VECTORIZATION CODE =    0
 SHELL GROUP         4 VECTORIZATION CODE =    0
 SHELL GROUP         5 VECTORIZATION CODE =    0
 SHELL GROUP         6 VECTORIZATION CODE =    0
 SHELL GROUP         7 VECTORIZATION CODE =    0
 SHELL GROUP         8 VECTORIZATION CODE =    0
 SHELL GROUP         9 VECTORIZATION CODE =    0
 SHELL GROUP        10 VECTORIZATION CODE =    0
 SHELL GROUP        11 VECTORIZATION CODE =    0
 SHELL GROUP        12 VECTORIZATION CODE =    0
 SHELL GROUP        13 VECTORIZATION CODE =    0
 SHELL GROUP        14 VECTORIZATION CODE =    0
 SHELL GROUP        15 VECTORIZATION CODE =    0
 SHELL GROUP        16 VECTORIZATION CODE =    0
 SHELL GROUP        17 VECTORIZATION CODE =    0
 SHELL GROUP        18 VECTORIZATION CODE =    0
 SHELL GROUP        19 VECTORIZATION CODE =    0


PART MASS & INERTIA
-------------------


PART :          1, COLUMN_SHELLS
            Mass             Ixx             Iyy             Izz             Ixy             Iyz             Izx
  9.73745562E+05  1.10893450E+12  7.13129191E+11  1.77903764E+12  3.09944153E-06  4.82116593E-05  1.95452711E-05
               X               Y               Z     Kin. Energy              Vx              Vy              Vz
  4.16885317E-13  1.04609880E-13  1.77800000E+02  0.00000000E+00  0.00000000E+00  0.00000000E+00  0.00000000E+00

PART :          2, SPANDREL_SHELLS
            Mass             Ixx             Iyy             Izz             Ixy             Iyz             Izx
  2.96374145E+05  4.37458430E+10  4.80048764E+11  5.23574117E+11 -5.12599945E-06  0.00000000E+00  0.00000000E+00
               X               Y               Z     Kin. Energy              Vx              Vy              Vz
  4.32078358E-14 -1.96399254E-15  0.00000000E+00  0.00000000E+00  0.00000000E+00  0.00000000E+00  0.00000000E+00


PART ELEMENT/MATERIAL PARAMETER REVIEW:
-----------------------

Part id,name:         1 COLUMN_SHELLS          Mat type:   2 Elm type: SHELL-4nodes           
----
  Ishell  Ismstr   Idril     NPT    ITHK   IPLAS    IPOS
      24       2       2       5       0       0       0
--      hm        hf        hr        dm        dn
    0.0000    0.0000    0.0000    0.0150    0.0150

Part id,name:         2 SPANDREL_SHELLS        Mat type:   2 Elm type: SHELL-4nodes           
----
  Ishell  Ismstr   Idril     NPT    ITHK   IPLAS    IPOS
      24       2       2       5       0       0       0
--      hm        hf        hr        dm        dn
    0.0000    0.0000    0.0000    0.0150    0.0150



     TOTAL MASS AND MASS CENTER
     --------------------------
                     MASS                    X                    Y                    Z

       5828723.025997      1.2764550974158E-13  2.5310400910659E-14   420.7497267013    


     TOTAL INERTIA
     -------------
                      IXX                  IYY                  IZZ                  IXY                  IYZ                  IZX
       1291253263602.       1331750871489.       2302611753635.     -4.4733285903931E-05  1.7447153701939E-04  3.4428987458209E-04



      ADDED NODAL NON-STRUCTURAL MASSES 
     -----------------------------------

      TOTAL ADDED MASS =   0.000000000000    




     TOTAL ADDED NON-STRUCTURAL INERTIA
     ------------------

      TOTAL ADDED INERTIA =   0.000000000000    



         SHELL ELEMENTS TIME STEP
         ------------------------

      TIME STEP       ELEMENT NUMBER
  1.5863478533629E-02            241
  1.5863478533629E-02            193
  1.5863478533629E-02            252
  1.5863478533629E-02            245
  1.5863478533629E-02           1465
  1.5863478533629E-02           1469
  1.5863478533629E-02           1489
  1.5863478533629E-02           1464
  1.5863478533629E-02            225
  1.5863478533629E-02            256
  1.5863478533629E-02            272
  1.5863478533629E-02           1493
  1.5863478533629E-02            284
  1.5863478533629E-02           1497
  1.5863478533629E-02            304
  1.5863478533629E-02            300
  1.5863478533629E-02           1517
  1.5863478533629E-02            280
  1.5863478533629E-02            221
  1.5863478533629E-02           1513
  1.5863478533629E-02            276
  1.5863478533629E-02           1460
  1.5863478533629E-02           1485
  1.5863478533629E-02           1444
  1.5863478533629E-02            213
  1.5863478533629E-02           1440
  1.5863478533629E-02           1436
  1.5863478533629E-02           1432
  1.5863478533629E-02           1416
  1.5863478533629E-02            197
  1.5863478533629E-02            217
  1.5863478533629E-02           1412
  1.5863478533629E-02            296
  1.5863478533629E-02           1481
  1.5863478533629E-02            268
  1.5863478533629E-02            209
  1.5863478533629E-02           1420
  1.5863478533629E-02            288
  1.5863478533629E-02            201
  1.5863478533629E-02            237
  1.5863478533629E-02           1473
  1.5863478533629E-02           1448
  1.5863478533629E-02            229
  1.5863478533629E-02           1456
  1.5863478533629E-02           1509


         NODAL TIME STEP (estimation)
         ---------------

      TIME STEP       NODE NUMBER
  1.5132794044065E-02           1527
  1.5132794044065E-02            283
  1.5132794044065E-02            343
  1.5132794044065E-02           1587
  1.5132794044065E-02            338
  1.5132794044065E-02           1582
  1.5132794044065E-02           1460
  1.5132794044065E-02            212
  1.5132794044065E-02           1530
  1.5132794044065E-02           1567
  1.5132794044065E-02            342
  1.5132794044065E-02            340
  1.5132794044065E-02           1532
  1.5132794044065E-02           1588
  1.5132794044065E-02            323
  1.5132794044065E-02           1458
  1.5132794044065E-02            210
  1.5132794044065E-02            303
  1.5132794044065E-02            288
  1.5132794044065E-02           1590
  1.5132794044065E-02            282
  1.5132794044065E-02            280
  1.5132794044065E-02            272
  1.5132794044065E-02           1547
  1.5132794044065E-02           1528
  1.5132794044065E-02            270
  1.5132794044065E-02           1518
  1.5132794044065E-02           1520
  1.5132794044065E-02            232
  1.5132794044065E-02            392
  1.5132794044065E-02           1654
  1.5132794044065E-02            217
  1.5132794044065E-02           1010
  1.5132794044065E-02            230
  1.5132794044065E-02            237
  1.5132794044065E-02            865
  1.5132794044065E-02            929
  1.5132794044065E-02            242
  1.5132794044065E-02            247
  1.5132794044065E-02            252
  1.5132794044065E-02            996
  1.5132794044065E-02            993
  1.5132794044065E-02            864
  1.5132794044065E-02           1030
  1.5132794044065E-02           1016
  1.5132794044065E-02           1660
  1.5132794044065E-02           1033
  1.5132794044065E-02            871
  1.5132794044065E-02           1640
  1.5132794044065E-02            866
  1.5132794044065E-02           1634
  1.5132794044065E-02           1591
  1.5132794044065E-02           1614
  1.5132794044065E-02           1598
  1.5132794044065E-02            869
  1.5132794044065E-02           1617
  1.5132794044065E-02           1620
  1.5132794044065E-02           1657
  1.5132794044065E-02           1052
  1.5132794044065E-02           1036
  1.5132794044065E-02            990
  1.5132794044065E-02            279
  1.5132794044065E-02            428
  1.5132794044065E-02            406
  1.5132794044065E-02            861
  1.5132794044065E-02            860
  1.5132794044065E-02            339
  1.5132794044065E-02            974
  1.5132794044065E-02            859
  1.5132794044065E-02            366
  1.5132794044065E-02            350
  1.5132794044065E-02            320
  1.5132794044065E-02            369
  1.5132794044065E-02            372
  1.5132794044065E-02            412
  1.5132794044065E-02            409
  1.5132794044065E-02            386
  1.5132794044065E-02            941
  1.5132794044065E-02            318
  1.5132794044065E-02            300
  1.5132794044065E-02            315
  1.5132794044065E-02            931
  1.5132794044065E-02            934
  1.5132794044065E-02            935
  1.5132794044065E-02            285
  1.5132794044065E-02            936
  1.5132794044065E-02            939
  1.5132794044065E-02            302
  1.5132794044065E-02            930
  1.5132794044065E-02            305
  1.5132794044065E-02            308
  1.5132794044065E-02            310
  1.5132794044065E-02           1570
  1.5132794044065E-02            940
  1.5132794044065E-02            313
  1.5132794044065E-02            870
  1.5132794044065E-02           1488
  1.5132794044065E-02           1560
  1.5132794044065E-02           1478
  1.5132794044065E-02           1463


         NODAL TIME STEP DISTRIBUTION 
         ----------------------------


            % OF NODES
                   ^
                   |                                                            
          49.591 --|                                       #                    
                   |                                       #                    
                   |                                       #                    
                   |                                       #                    
                   |                                       #                    
                   |                                       #                    
                   |                                       #                    
                   |                                       #                    
                   |                                       #                    
                   |                                       #                    
                   |                                       #                    
                   |                                       #                    
                   |                                       #                    
                   |#                                      #                    
                   |#                                      #                    
                   |#                                      #                    
                   |#                                      #                    
                   |#                                      #                    
                   |#                                      #                    
                   |#                                      #                    
                   |#                                      #                    
                   |#                                      #                    
           0.000 --|#  #   #  #  #   #  #  #  #   #  #  #  #   #  #  #   #  # # 
                    -------------------------------------------------------------> NODAL TIME STEP
                    |                                                          |
                1.513E-02                                                  1.535E-02
  
  


     INITIAL ADDED MASS ESTIMATION for /DT/NODA/CST
     ----------------------------------------------


            DM/M - at first cycle - scaling factor = 0.9
                   ^
                   |                                                            
           0.100 --|                                                          * 
                   |                                                            
                   |                                                       *    
                   |                                                    *       
                   |                                                 *          
                   |                                              *             
                   |                                                            
                   |                                           *                
                   |                                        *                   
                   |                                     *                      
                   |                                  *                         
                   |                               *                            
                   |                                                            
                   |                            *                               
                   |                         *                                  
                   |                      *                                     
                   |                   *                                        
                   |                *                                           
                   |                                                            
                   |            *                                               
                   |         *                                                  
                   |      *                                                     
           0.005 --|* *                                                         
                    -------------------------------------------------------------> TARGET TIME STEP
                    |                                                          |
                1.392E-02                                                  1.666E-02
  
  
              DM/M at first cycle          |  Target time step - scaling factor = 0.9  |  Target time step - scaling factor = 0.67
    -------------------------------------  |  ---------------------------------------  |  ---------------------------------------
                 1.000E-02                 |                 1.410E-02                 |                 1.050E-02
                 2.000E-02                 |                 1.441E-02                 |                 1.073E-02
                 3.000E-02                 |                 1.471E-02                 |                 1.095E-02
                 4.000E-02                 |                 1.501E-02                 |                 1.117E-02
                 5.000E-02                 |                 1.530E-02                 |                 1.139E-02


    WARNING : These added mass estimations are valid at first cycle only.
    Because of element deformation or contacts the added mass can increase during the run


 SUMMARY OF POSSIBLE INCOMPATIBLE KINEMATIC CONDITIONS :
 -----------------------------------------------------
                                  
 NO TRUE INCOMPATIBLE KINEMATIC CONDITION

 
    STARTER STORAGE 
    --------------- 
 
    STARTER MEMORY USAGE        170 MB


     LOCAL ENGINE STORAGE EVALUATION FOR SPMD PROCESSOR     1
     --------------------------------------------------------
        RESTART FILE SIZE         3 MB
 

     RESTART FILES V8U_M100_E020_T1_0000 WRITTEN
     -------------

  
------------------------------------------------------------------------
  
                   ** COMPUTE TIME INFORMATION **
  
 EXECUTION STARTED      :      2026/08/24  17:08:18
 EXECUTION COMPLETED    :      2026/08/24  17:08:18
  
 ELAPSED TIME...........=          0.55 s
                               00:00:00
  
------------------------------------------------------------------------



     TERMINATION WITH WARNING           
     ------------------                                                                  


------------------------------------------------------------------------------------------------------------------------
|            ERROR(S) SUMMARY                               |             WARNING(S) SUMMARY                           |
------------------------------------------------------------------------------------------------------------------------
|                                                           |                                                          |
|                                                           |  --- GLOBAL UNITS                           2 WARNING(S) |
|                                                           |       |                                                  |
|                                                           |       |                                                  |
|                                                           |       |---     2 WARNING ID :       100214               |
|                                                           |       | ** WARNING IN INPUT OPTIONS                      |
|                                                           |       |                                                  |
|                                                           |                                                          |
|                                                           |                                                          |
------------------------------------------------------------------------------------------------------------------------




              0 ERROR(S)            
              2 WARNING(S)          


