 A12_SIMPLE_FINE_R1_0001.out
************************************************************************
**                                                                    **
**                                                                    **
**                         OpenRadioss Engine                         **
**                                                                    **
**            Non-linear Finite Element Analysis Software             **
**                                                                    **
**                                                                    **
**                                                                    **
**                  Windows 64 bits, Intel compiler                   **
**                      Double Precision Version                      **
**                                                                    **
**                                                                    **
**                                                                    **
************************************************************************
** OpenRadioss Software                                               **
** COPYRIGHT (C) 2026 Siemens                                         **
** Licensed under GNU Affero General Public License.                  **
** See License file.                                                  **
************************************************************************
 
 NUMBER OF SPMD DOMAINS           1
 NUMBER OF THREADS PER DOMAIN     2
 NUMBER OF HMPP PROCESSES         2
  
 COMPUTATION HARDWARE DESCRIPTION
  
 HOSTNAME     CPU TYPE, FREQUENCY AND MEMORY
 jeux   AMD Ryzen 5 5600 6-Core Processor               (x86_64), 3700 MHz,   6619 MB RAM,  18473 MB swap
  
 STACKSIZE  . . . . . . . . . . . . . . . . . . . . 1430 MB
 THREAD STACKSIZE . . . . . . . . . . . . . . . . . 400 MB
 
************************************************************************


 A12_SIMPLE_FINE_R1D01                                                           


 FINAL TIME . . . . . . . . . . . . . . . . . . .  0.4000000    

 TIME INTERVAL FOR TIME HISTORY PLOTS . . . . . .  0.5000000E-03

 TIME STEP SCALE FACTOR . . . . . . . . . . . . .  0.5000000E-01

 MINIMUM TIME STEP  . . . . . . . . . . . . . . .   0.000000    


 BRICK TIME STEP SCALE FACTOR . . . . . . . . . .  0.5000000E-01
 BRICK MINIMUM TIME STEP. . . . . . . . . . . . .   0.000000    
 MIN. TIME STEP FLAG (1:STOP RUN, 2:DELETE BRICK)     1

 QUAD TIME STEP SCALE FACTOR. . . . . . . . . . .  0.5000000E-01
 QUAD MINIMUM TIME STEP . . . . . . . . . . . . .   0.000000    
 MIN. TIME STEP FLAG (1:STOP RUN, 2:DELETE QUAD).     1

 SHELL TIME STEP SCALE FACTOR . . . . . . . . . .  0.5000000E-01
 SHELL MINIMUM TIME STEP. . . . . . . . . . . . .   0.000000    
 MIN. TIME FLAG (1:STOP, 2:DELETE, 3:SMALL STRAIN)    2

 TRUSS TIME STEP SCALE FACTOR . . . . . . . . . .  0.5000000E-01
 TRUSS MINIMUM TIME STEP. . . . . . . . . . . . .   0.000000    
 MIN. TIME FLAG (1:STOP, 2:DELETE). . . . . . . .     0

 BEAM TIME STEP SCALE FACTOR. . . . . . . . . . .  0.5000000E-01
 BEAM MINIMUM TIME STEP . . . . . . . . . . . . .   0.000000    
 MIN. TIME FLAG (1:STOP, 2:DELETE). . . . . . . .     0

 SPRING TIME STEP SCALE FACTOR. . . . . . . . . .  0.5000000E-01
 SPRING MINIMUM TIME STEP . . . . . . . . . . . .   0.000000    
 MIN. TIME FLAG (1:STOP, 2:DELETE). . . . . . . .     0

 AIRBAG TIME STEP SCALE FACTOR. . . . . . . . . .  0.5000000E-01
 AIRBAG MINIMUM TIME STEP . . . . . . . . . . . .   0.000000    
 MIN. TIME FLAG (1:STOP). . . . . . . . . . . . .     0

 CONTACT TIME STEP SCALE FACTOR . . . . . . . . .  0.5000000E-01
 CONTACT MINIMUM TIME STEP. . . . . . . . . . . .   0.000000    
 MIN. TIME FLAG(1:STOP, 2:REMOVE NODE FROM INTERF)    0

 PRINTOUT CYCLE FREQUENCY . . . . . . . . . . . .    10

 RESTART CYCLE FREQUENCY. . . . . . . . . . . . .   10000000

 MAXIMUM RESTART WRITE BEFORE OVERWRITE . . . . .     0

 INVERS: INPUT DECK VERSION . . . . . . . . . . .  2026
 ITTYP : FLAG FOR TYPE OF T-FILE. . . . . . . . .     4

 INITIAL TIME STEP. . . . . . . . . . . . . . . .   0.000000    
 MAXIMUM TIME STEP. . . . . . . . . . . . . . . .  0.1000000E+21

 PARALLEL ARITHMETIC ON
 NUMBER OF INTERFACES TO BE ELIMINATED. . . . . .        0

 NUMBER OF PARTS TO BE ELIMINATED . . . . . . . .        0

 NUMBER OF SOLID  ELEMENT BLOCKS TO BE ELIMINATED        0

 NUMBER OF QUAD   ELEMENT BLOCKS TO BE ELIMINATED        0

 NUMBER OF SHELL  ELEMENT BLOCKS TO BE ELIMINATED        0

 NUMBER OF TRUSS  ELEMENT BLOCKS TO BE ELIMINATED        0

 NUMBER OF BEAM   ELEMENT BLOCKS TO BE ELIMINATED        0

 NUMBER OF SPRING ELEMENT BLOCKS TO BE ELIMINATED        0

 NUMBER OF SH_3N  ELEMENT BLOCKS TO BE ELIMINATED        0

 NUMBER OF  SPH PARTICLES BLOCKS TO BE ELIMINATED        0

 NUMBER OF RIGID LINKS. . . . . . . . . . . . . .        0

 NUMBER OF NEW BOUNDARY CONDITIONS. . . . . . . .        0


 TIME FOR FIRST ANIMATION-FILE PLOT . . . . . . .   0.000000    
 TIME INTERVAL FOR ANIMATION-FILE PLOTS . . . . .  0.2500000E-01
 TIME TO STOP ANIMATION-FILE PLOTS. . . . . . . .  0.1000000E+21
 SENSOR FOR ANIMATION-FILE PLOTS. . . . . . . . .          0
 TIME INTERVAL FOR SENSOR ANIMATION-FILE PLOTS. .   0.000000    

 VARIABLE SAVED ON ANIMATION FILES (1: YES) :
      PLASTIC STRAIN. . . . . .     0
      DENSITY     (SOLID ONLY).     0
      SPECIFIC ENERGY . . . . .     1
      HOURGLASS ENERGY. . . . .     0
      TEMPERATURE (SOLID ONLY).     0
      THICKNESS   (SHELL ONLY).     0
      PRESSURE    (SOLID ONLY).     0
      VON MISES . . . . . . . .     0
      TURBULENT ENERGY (FLUID).     0
      TURBULENT VISCOSITY(FLUID)    0
      VORTICITY (FLUID) . . . .     0
 NODAL VALUES SAVED ON ANIMATION FILES (1: YES) :
      PRESSURE. . . . . . . . .     0
      DENSITY . . . . . . . . .     0
      TEMPERATURE . . . . . . .     0
 VECTOR SAVED ON ANIMATION FILES (1: YES) :
      VELOCITY VECTOR . . . . .     1
      DISPLACEMENT VECTOR . . .     1
      ACCELERATION VECTOR . . .     0
      CONTACT FORCES. . . . . .     0
      INTERNAL FORCES . . . . .     0
      EXTERNAL FORCES . . . . .     0
      SECTION RBY RWALL FORCES.     0
      ROTATIONAL VELOCITY VECTOR    0
      CONTACT PRESSURE (VECTORS)    0
 SHELL TENSOR SAVED ON ANIMATION FILES (1: YES) :
      MEMBRANE STRESS . . . . .     0
      BENDING STRESS(MOMENT/T^2)    0
      UPPER LAYER STRESS. . . .     0
      LOWER LAYER STRESS. . . .     0
      MEMBRANE STRAIN . . . . .     0
      CURVATURE . . . . . . . .     0
      UPPER LAYER STRAIN. . . .     0
      LOWER LAYER STRAIN. . . .     0
 NODAL MASS SAVED ON ANIMATION FILES (1: YES) :    1
 KEEP DELETED ELEMENT (1: YES) :    0


 08/10/2026
   CYCLE    TIME      TIME-STEP  ELEMENT          ERROR  I-ENERGY    K-ENERGY T  K-ENERGY R  EXT-WORK     MAS.ERR     TOTAL MASS  MASS ADDED
       0   0.000      0.2515E-03 NODE         121   0.0%   0.000      0.8218E+09   0.000       0.000       0.000      0.1231E+07   0.000    
     ANIMATION FILE: A12_SIMPLE_FINE_R1A001 WRITTEN
      10  0.2515E-02  0.2515E-03 NODE         121   0.0%   0.000      0.8218E+09   0.000       0.000       0.000      0.1231E+07   0.000    
      20  0.5030E-02  0.2515E-03 NODE         121   0.0%   0.000      0.8218E+09   0.000       0.000       0.000      0.1231E+07   0.000    
      30  0.7545E-02  0.2515E-03 NODE         121   0.0%   0.000      0.8218E+09   0.000       0.000       0.000      0.1231E+07   0.000    
      40  0.1006E-01  0.2515E-03 NODE         121   0.0%   0.000      0.8218E+09   0.000       0.000       0.000      0.1231E+07   0.000    
      50  0.1257E-01  0.2515E-03 NODE         121   0.0%   0.000      0.8218E+09   0.000       0.000       0.000      0.1231E+07   0.000    
      60  0.1509E-01  0.2515E-03 NODE         121   0.0%   0.000      0.8218E+09   0.000       0.000       0.000      0.1231E+07   0.000    
      70  0.1760E-01  0.2515E-03 NODE         121   0.0%   0.000      0.8218E+09   0.000       0.000       0.000      0.1231E+07   0.000    
      80  0.2012E-01  0.2515E-03 NODE         121   0.0%   0.000      0.8218E+09   0.000       0.000       0.000      0.1231E+07   0.000    
      90  0.2263E-01  0.2515E-03 NODE         121   0.0%   0.000      0.8218E+09   0.000       0.000       0.000      0.1231E+07   0.000    
     100  0.2515E-01  0.2515E-03 NODE         121   0.0%   0.000      0.8218E+09   0.000       0.000       0.000      0.1231E+07   0.000    
     ANIMATION FILE: A12_SIMPLE_FINE_R1A002 WRITTEN
     110  0.2766E-01  0.2515E-03 NODE         121   0.0%   0.000      0.8218E+09   0.000       0.000       0.000      0.1231E+07   0.000    
     120  0.3018E-01  0.2515E-03 NODE         121   0.0%   0.000      0.8218E+09   0.000       0.000       0.000      0.1231E+07   0.000    
     130  0.3269E-01  0.2515E-03 NODE         121   0.0%   0.000      0.8218E+09   0.000       0.000       0.000      0.1231E+07   0.000    
     140  0.3521E-01  0.2515E-03 NODE         121   0.0%   0.000      0.8218E+09   0.000       0.000       0.000      0.1231E+07   0.000    
     150  0.3772E-01  0.2515E-03 NODE         121   0.0%   0.000      0.8218E+09   0.000       0.000       0.000      0.1231E+07   0.000    
     160  0.4024E-01  0.2515E-03 NODE         121   0.0%   0.000      0.8218E+09   0.000       0.000       0.000      0.1231E+07   0.000    
     170  0.4275E-01  0.2515E-03 NODE         121   0.0%   0.000      0.8218E+09   0.000       0.000       0.000      0.1231E+07   0.000    
     180  0.4527E-01  0.2515E-03 NODE         121   0.0%   0.000      0.8218E+09   0.000       0.000       0.000      0.1231E+07   0.000    
     190  0.4778E-01  0.2515E-03 NODE         121   0.0%   0.000      0.8218E+09   0.000       0.000       0.000      0.1231E+07   0.000    
     ANIMATION FILE: A12_SIMPLE_FINE_R1A003 WRITTEN
     200  0.5030E-01  0.2515E-03 NODE         121   0.0%   0.000      0.8218E+09   0.000       0.000       0.000      0.1231E+07   0.000    
     210  0.5281E-01  0.2515E-03 NODE         121   0.0%   0.000      0.8218E+09   0.000       0.000       0.000      0.1231E+07   0.000    
     220  0.5533E-01  0.2515E-03 NODE         121   0.0%   0.000      0.8218E+09   0.000       0.000       0.000      0.1231E+07   0.000    
     230  0.5784E-01  0.2515E-03 NODE         121   0.0%   0.000      0.8218E+09   0.000       0.000       0.000      0.1231E+07   0.000    
     240  0.6036E-01  0.2515E-03 NODE         121   0.0%   0.000      0.8218E+09   0.000       0.000       0.000      0.1231E+07   0.000    
     250  0.6287E-01  0.2515E-03 NODE         121   0.0%   0.000      0.8218E+09   0.000       0.000       0.000      0.1231E+07   0.000    
     260  0.6539E-01  0.2515E-03 NODE         121   0.0%   0.000      0.8218E+09   0.000       0.000       0.000      0.1231E+07   0.000    
     270  0.6790E-01  0.2515E-03 NODE         121   0.0%   0.000      0.8218E+09   0.000       0.000       0.000      0.1231E+07   0.000    
     280  0.7042E-01  0.2515E-03 NODE         121   0.0%   0.000      0.8218E+09   0.000       0.000       0.000      0.1231E+07   0.000    
     290  0.7293E-01  0.2515E-03 NODE         121   0.0%   0.000      0.8218E+09   0.000       0.000       0.000      0.1231E+07   0.000    
     ANIMATION FILE: A12_SIMPLE_FINE_R1A004 WRITTEN
     300  0.7545E-01  0.2515E-03 NODE         121   0.0%   0.000      0.8218E+09   0.000       0.000       0.000      0.1231E+07   0.000    
     310  0.7796E-01  0.2515E-03 NODE         121   0.0%   0.000      0.8218E+09   0.000       0.000       0.000      0.1231E+07   0.000    
     320  0.8048E-01  0.2515E-03 NODE         121   0.0%   0.000      0.8218E+09   0.000       0.000       0.000      0.1231E+07   0.000    
     330  0.8299E-01  0.2515E-03 NODE         121   0.0%   0.000      0.8218E+09   0.000       0.000       0.000      0.1231E+07   0.000    
     340  0.8551E-01  0.2515E-03 NODE         121   0.0%   0.000      0.8218E+09   0.000       0.000       0.000      0.1231E+07   0.000    
     350  0.8802E-01  0.2515E-03 NODE         121   0.0%   0.000      0.8218E+09   0.000       0.000       0.000      0.1231E+07   0.000    
     360  0.9054E-01  0.2515E-03 NODE         121   0.0%   0.000      0.8218E+09   0.000       0.000       0.000      0.1231E+07   0.000    
     370  0.9305E-01  0.2515E-03 NODE         121   0.0%   0.000      0.8218E+09   0.000       0.000       0.000      0.1231E+07   0.000    
     380  0.9557E-01  0.2515E-03 NODE         121   0.0%   0.000      0.8218E+09   0.000       0.000       0.000      0.1231E+07   0.000    
     390  0.9808E-01  0.2515E-03 NODE         121   0.0%   0.000      0.8218E+09   0.000       0.000       0.000      0.1231E+07   0.000    
     ANIMATION FILE: A12_SIMPLE_FINE_R1A005 WRITTEN
     400  0.1006      0.2515E-03 NODE         121   0.0%   0.000      0.8218E+09   0.000       0.000       0.000      0.1231E+07   0.000    
     410  0.1031      0.2515E-03 NODE         121   0.0%   0.000      0.8218E+09   0.000       0.000       0.000      0.1231E+07   0.000    
     420  0.1056      0.2515E-03 NODE         121   0.0%   0.000      0.8218E+09   0.000       0.000       0.000      0.1231E+07   0.000    
     430  0.1081      0.2515E-03 NODE         121   0.0%   0.000      0.8218E+09   0.000       0.000       0.000      0.1231E+07   0.000    
     440  0.1107      0.2515E-03 NODE         121   0.0%   0.000      0.8218E+09   0.000       0.000       0.000      0.1231E+07   0.000    
     450  0.1132      0.2515E-03 NODE         121   0.0%   0.000      0.8218E+09   0.000       0.000       0.000      0.1231E+07   0.000    
     460  0.1157      0.2515E-03 NODE         121   0.0%   0.000      0.8218E+09   0.000       0.000       0.000      0.1231E+07   0.000    
     470  0.1182      0.2515E-03 NODE         121   0.0%   0.000      0.8218E+09   0.000       0.000       0.000      0.1231E+07   0.000    
     480  0.1207      0.2515E-03 NODE         121   0.0%   0.000      0.8218E+09   0.000       0.000       0.000      0.1231E+07   0.000    
     490  0.1232      0.2515E-03 NODE         121   0.0%   0.000      0.8218E+09   0.000       0.000       0.000      0.1231E+07   0.000    
     ANIMATION FILE: A12_SIMPLE_FINE_R1A006 WRITTEN
     500  0.1257      0.2515E-03 NODE         121   0.0%   0.000      0.8218E+09   0.000       0.000       0.000      0.1231E+07   0.000    
     510  0.1283      0.2515E-03 NODE         121   0.0%   0.000      0.8218E+09   0.000       0.000       0.000      0.1231E+07   0.000    
     520  0.1308      0.2515E-03 NODE         121   0.0%   0.000      0.8218E+09   0.000       0.000       0.000      0.1231E+07   0.000    
     530  0.1333      0.2515E-03 NODE         121   0.0%   0.000      0.8218E+09   0.000       0.000       0.000      0.1231E+07   0.000    
     540  0.1358      0.2515E-03 NODE         121   0.0%   0.000      0.8218E+09   0.000       0.000       0.000      0.1231E+07   0.000    
     550  0.1383      0.2515E-03 NODE         121   0.0%   0.000      0.8218E+09   0.000       0.000       0.000      0.1231E+07   0.000    
     560  0.1408      0.2515E-03 NODE         121   0.0%   0.000      0.8218E+09   0.000       0.000       0.000      0.1231E+07   0.000    
     570  0.1433      0.2515E-03 NODE         121   0.0%   0.000      0.8218E+09   0.000       0.000       0.000      0.1231E+07   0.000    
     580  0.1459      0.2515E-03 NODE         121   0.0%   0.000      0.8218E+09   0.000       0.000       0.000      0.1231E+07   0.000    
     590  0.1484      0.2515E-03 NODE         121   0.0%   0.000      0.8218E+09   0.000       0.000       0.000      0.1231E+07   0.000    
     ANIMATION FILE: A12_SIMPLE_FINE_R1A007 WRITTEN
     600  0.1509      0.2515E-03 NODE         121   0.0%   0.000      0.8218E+09   0.000       0.000       0.000      0.1231E+07   0.000    
     610  0.1534      0.2515E-03 NODE         121   0.0%   0.000      0.8218E+09   0.000       0.000       0.000      0.1231E+07   0.000    
     620  0.1559      0.2515E-03 NODE         121   0.0%   0.000      0.8218E+09   0.000       0.000       0.000      0.1231E+07   0.000    
     630  0.1584      0.2515E-03 NODE         121   0.0%   0.000      0.8218E+09   0.000       0.000       0.000      0.1231E+07   0.000    
     640  0.1610      0.2515E-03 NODE         121   0.0%   0.000      0.8218E+09   0.000       0.000       0.000      0.1231E+07   0.000    
     650  0.1635      0.2515E-03 NODE         121   0.0%   0.000      0.8218E+09   0.000       0.000       0.000      0.1231E+07   0.000    
     660  0.1660      0.2515E-03 NODE         121   0.0%   0.000      0.8218E+09   0.000       0.000       0.000      0.1231E+07   0.000    
     670  0.1685      0.2515E-03 NODE         121   0.0%   0.000      0.8218E+09   0.000       0.000       0.000      0.1231E+07   0.000    
     680  0.1710      0.2515E-03 NODE         121   0.0%   0.000      0.8218E+09   0.000       0.000       0.000      0.1231E+07   0.000    
     690  0.1735      0.2515E-03 NODE         121   0.0%   0.000      0.8218E+09   0.000       0.000       0.000      0.1231E+07   0.000    
     ANIMATION FILE: A12_SIMPLE_FINE_R1A008 WRITTEN
     700  0.1760      0.2515E-03 NODE         121   0.0%   0.000      0.8218E+09   0.000       0.000       0.000      0.1231E+07   0.000    
     710  0.1786      0.2515E-03 NODE         121   0.0%   0.000      0.8218E+09   0.000       0.000       0.000      0.1231E+07   0.000    
     720  0.1811      0.2515E-03 NODE         121   0.0%   0.000      0.8218E+09   0.000       0.000       0.000      0.1231E+07   0.000    
     730  0.1836      0.2515E-03 NODE         121   0.0%   0.000      0.8218E+09   0.000       0.000       0.000      0.1231E+07   0.000    
     740  0.1861      0.2515E-03 NODE         121   0.0%   0.000      0.8218E+09   0.000       0.000       0.000      0.1231E+07   0.000    
     750  0.1886      0.2515E-03 NODE         121   0.0%   0.000      0.8218E+09   0.000       0.000       0.000      0.1231E+07   0.000    
     760  0.1911      0.2515E-03 NODE         121   0.0%   0.000      0.8218E+09   0.000       0.000       0.000      0.1231E+07   0.000    
     770  0.1936      0.2515E-03 NODE         121   0.0%   0.000      0.8218E+09   0.000       0.000       0.000      0.1231E+07   0.000    
     780  0.1962      0.2515E-03 NODE         121   0.0%   0.000      0.8218E+09   0.000       0.000       0.000      0.1231E+07   0.000    
     790  0.1987      0.2515E-03 NODE         121   0.0%   0.000      0.8218E+09   0.000       0.000       0.000      0.1231E+07   0.000    
     ANIMATION FILE: A12_SIMPLE_FINE_R1A009 WRITTEN
     800  0.2012      0.2515E-03 NODE         121   0.0%   0.000      0.8218E+09   0.000       0.000       0.000      0.1231E+07   0.000    
     810  0.2037      0.2515E-03 NODE         121   0.0%   0.000      0.8218E+09   0.000       0.000       0.000      0.1231E+07   0.000    
     820  0.2062      0.2515E-03 NODE         121   0.0%   0.000      0.8218E+09   0.000       0.000       0.000      0.1231E+07   0.000    
     830  0.2087      0.2515E-03 NODE         121   0.0%   0.000      0.8218E+09   0.000       0.000       0.000      0.1231E+07   0.000    
     840  0.2112      0.2515E-03 NODE         121   0.0%   0.000      0.8218E+09   0.000       0.000       0.000      0.1231E+07   0.000    
     850  0.2138      0.2515E-03 NODE         121   0.0%   0.000      0.8218E+09   0.000       0.000       0.000      0.1231E+07   0.000    
     860  0.2163      0.2515E-03 NODE         121   0.0%   0.000      0.8218E+09   0.000       0.000       0.000      0.1231E+07   0.000    
     870  0.2188      0.2515E-03 NODE         121   0.0%   0.000      0.8218E+09   0.000       0.000       0.000      0.1231E+07   0.000    
     880  0.2213      0.2515E-03 NODE         121   0.0%   0.000      0.8218E+09   0.000       0.000       0.000      0.1231E+07   0.000    
     890  0.2238      0.2515E-03 NODE         121   0.0%   0.000      0.8218E+09   0.000       0.000       0.000      0.1231E+07   0.000    
     ANIMATION FILE: A12_SIMPLE_FINE_R1A010 WRITTEN
     900  0.2260      0.1411E-03 NODE         121  -0.0%  0.2403      0.8218E+09  0.1544E-04   0.000       0.000      0.1231E+07   0.000    
     910  0.2273      0.1355E-03 NODE         121  -0.0%   14.50      0.8217E+09  0.4482E-02   0.000       0.000      0.1231E+07   0.000    
     920  0.2287      0.1347E-03 NODE         121  -0.0%   115.1      0.8215E+09  0.8979E-01   0.000       0.000      0.1231E+07   0.000    
     930  0.2300      0.1343E-03 NODE         121  -0.1%   462.0      0.8214E+09  0.6785       0.000       0.000      0.1231E+07   0.000    
     940  0.2314      0.1344E-03 NODE         121  -0.1%   1322.      0.8213E+09   3.128       0.000       0.000      0.1231E+07   0.000    
     950  0.2327      0.1349E-03 NODE         121  -0.1%   3092.      0.8211E+09   10.72       0.000       0.000      0.1231E+07   0.000    
     960  0.2341      0.1361E-03 NODE         121  -0.1%   6328.      0.8210E+09   30.22       0.000       0.000      0.1231E+07   0.000    
     970  0.2355      0.1380E-03 NODE         121  -0.1%  0.1180E+05  0.8209E+09   74.22       0.000       0.000      0.1231E+07   0.000    
     980  0.2368      0.1407E-03 NODE         121  -0.1%  0.2053E+05  0.8207E+09   164.9       0.000       0.000      0.1231E+07   0.000    
     990  0.2383      0.1445E-03 NODE         121  -0.2%  0.3392E+05  0.8206E+09   339.5       0.000       0.000      0.1231E+07   0.000    
   CYCLE    TIME      TIME-STEP  ELEMENT          ERROR  I-ENERGY    K-ENERGY T  K-ENERGY R  EXT-WORK     MAS.ERR     TOTAL MASS  MASS ADDED
    1000  0.2397      0.1496E-03 NODE         121  -0.2%  0.5388E+05  0.8204E+09   660.5       0.000       0.000      0.1231E+07   0.000    
    1010  0.2413      0.1562E-03 NODE         121  -0.2%  0.8308E+05  0.8203E+09   1230.       0.000       0.000      0.1231E+07   0.000    
    1020  0.2429      0.1649E-03 NODE         121  -0.2%  0.1252E+06  0.8201E+09   2220.       0.000       0.000      0.1231E+07   0.000    
    1030  0.2446      0.1759E-03 NODE         121  -0.2%  0.1857E+06  0.8200E+09   3914.       0.000       0.000      0.1231E+07   0.000    
    1040  0.2464      0.1898E-03 NODE         121  -0.2%  0.2719E+06  0.8198E+09   6796.       0.000       0.000      0.1231E+07   0.000    
    1050  0.2483      0.2066E-03 NODE         121  -0.2%  0.3948E+06  0.8196E+09  0.1168E+05   0.000       0.000      0.1231E+07   0.000    
     ANIMATION FILE: A12_SIMPLE_FINE_R1A011 WRITTEN
    1060  0.2505      0.2212E-03 NODE         121  -0.2%  0.5677E+06  0.8194E+09  0.1988E+05   0.000       0.000      0.1231E+07   0.000    
    1070  0.2527      0.2313E-03 NODE         121  -0.2%  0.7986E+06  0.8191E+09  0.3298E+05   0.000       0.000      0.1231E+07   0.000    
    1080  0.2551      0.2366E-03 NODE         121  -0.2%  0.1094E+07  0.8188E+09  0.5300E+05   0.000       0.000      0.1231E+07   0.000    
    1090  0.2575      0.2371E-03 NODE         121  -0.2%  0.1446E+07  0.8185E+09  0.8162E+05   0.000       0.000      0.1231E+07   0.000    
    1100  0.2598      0.2377E-03 NODE         121  -0.2%  0.1847E+07  0.8181E+09  0.1206E+06   0.000       0.000      0.1231E+07   0.000    
    1110  0.2622      0.2382E-03 NODE         121  -0.2%  0.2285E+07  0.8177E+09  0.1718E+06   0.000       0.000      0.1231E+07   0.000    
    1120  0.2646      0.2387E-03 NODE         121  -0.2%  0.2745E+07  0.8172E+09  0.2367E+06   0.000       0.000      0.1231E+07   0.000    
    1130  0.2670      0.2376E-03 NODE         121  -0.2%  0.3208E+07  0.8167E+09  0.3160E+06   0.000       0.000      0.1231E+07   0.000    
    1140  0.2693      0.2289E-03 NODE         121  -0.2%  0.3646E+07  0.8161E+09  0.4078E+06   0.000       0.000      0.1231E+07   0.000    
    1150  0.2716      0.2191E-03 NODE         121  -0.2%  0.4037E+07  0.8156E+09  0.5088E+06   0.000       0.000      0.1231E+07   0.000    
    1160  0.2737      0.2057E-03 NODE         121  -0.2%  0.4372E+07  0.8151E+09  0.6156E+06   0.000       0.000      0.1231E+07   0.000    
     ANIMATION FILE: A12_SIMPLE_FINE_R1A012 WRITTEN
    1170  0.2757      0.1917E-03 NODE         121  -0.2%  0.4647E+07  0.8147E+09  0.7236E+06   0.000       0.000      0.1231E+07   0.000    
    1180  0.2776      0.1795E-03 NODE         121  -0.2%  0.4869E+07  0.8143E+09  0.8308E+06   0.000       0.000      0.1231E+07   0.000    
    1190  0.2793      0.1690E-03 NODE         121  -0.2%  0.5047E+07  0.8139E+09  0.9361E+06   0.000       0.000      0.1231E+07   0.000    
    1200  0.2810      0.1603E-03 NODE         121  -0.3%  0.5192E+07  0.8135E+09  0.1039E+07   0.000       0.000      0.1231E+07   0.000    
    1210  0.2825      0.1531E-03 NODE         121  -0.3%  0.5313E+07  0.8131E+09  0.1139E+07   0.000       0.000      0.1231E+07   0.000    
    1220  0.2840      0.1476E-03 NODE         121  -0.3%  0.5417E+07  0.8128E+09  0.1238E+07   0.000       0.000      0.1231E+07   0.000    
    1230  0.2855      0.1436E-03 NODE         121  -0.3%  0.5511E+07  0.8124E+09  0.1334E+07   0.000       0.000      0.1231E+07   0.000    
    1240  0.2869      0.1414E-03 NODE         121  -0.3%  0.5602E+07  0.8121E+09  0.1430E+07   0.000       0.000      0.1231E+07   0.000    
    1250  0.2883      0.1413E-03 NODE         121  -0.4%  0.5696E+07  0.8117E+09  0.1527E+07   0.000       0.000      0.1231E+07   0.000    
    1260  0.2897      0.1437E-03 NODE         121  -0.4%  0.5799E+07  0.8113E+09  0.1626E+07   0.000       0.000      0.1231E+07   0.000    
    1270  0.2912      0.1498E-03 NODE         121  -0.4%  0.5919E+07  0.8109E+09  0.1730E+07   0.000       0.000      0.1231E+07   0.000    
    1280  0.2927      0.1613E-03 NODE         121  -0.4%  0.6068E+07  0.8105E+09  0.1842E+07   0.000       0.000      0.1231E+07   0.000    
    1290  0.2944      0.1813E-03 NODE         121  -0.4%  0.6263E+07  0.8101E+09  0.1970E+07   0.000       0.000      0.1231E+07   0.000    
    1300  0.2964      0.2043E-03 NODE         121  -0.4%  0.6532E+07  0.8097E+09  0.2122E+07   0.000       0.000      0.1231E+07   0.000    
    1310  0.2984      0.2065E-03 NODE         121  -0.4%  0.6871E+07  0.8093E+09  0.2294E+07   0.000       0.000      0.1231E+07   0.000    
     ANIMATION FILE: A12_SIMPLE_FINE_R1A013 WRITTEN
    1320  0.3005      0.2109E-03 NODE         121  -0.4%  0.7265E+07  0.8088E+09  0.2482E+07   0.000       0.000      0.1231E+07   0.000    
    1330  0.3026      0.2161E-03 NODE         121  -0.4%  0.7703E+07  0.8084E+09  0.2689E+07   0.000       0.000      0.1231E+07   0.000    
    1340  0.3048      0.2210E-03 NODE         121  -0.3%  0.8164E+07  0.8079E+09  0.2918E+07   0.000       0.000      0.1231E+07   0.000    
    1350  0.3071      0.2251E-03 NODE         121  -0.3%  0.8619E+07  0.8074E+09  0.3172E+07   0.000       0.000      0.1231E+07   0.000    
    1360  0.3093      0.2280E-03 NODE         121  -0.3%  0.9037E+07  0.8069E+09  0.3450E+07   0.000       0.000      0.1231E+07   0.000    
    1370  0.3116      0.2300E-03 NODE         121  -0.3%  0.9390E+07  0.8063E+09  0.3750E+07   0.000       0.000      0.1231E+07   0.000    
    1380  0.3139      0.2310E-03 NODE         121  -0.3%  0.9656E+07  0.8058E+09  0.4070E+07   0.000       0.000      0.1231E+07   0.000    
    1390  0.3162      0.2248E-03 NODE         121  -0.3%  0.9821E+07  0.8053E+09  0.4405E+07   0.000       0.000      0.1231E+07   0.000    
    1400  0.3184      0.2069E-03 NODE         121  -0.3%  0.9881E+07  0.8049E+09  0.4732E+07   0.000       0.000      0.1231E+07   0.000    
    1410  0.3204      0.1894E-03 NODE         121  -0.3%  0.9861E+07  0.8045E+09  0.5038E+07   0.000       0.000      0.1231E+07   0.000    
    1420  0.3222      0.1757E-03 NODE         121  -0.3%  0.9787E+07  0.8042E+09  0.5324E+07   0.000       0.000      0.1231E+07   0.000    
    1430  0.3239      0.1653E-03 NODE         121  -0.3%  0.9680E+07  0.8039E+09  0.5592E+07   0.000       0.000      0.1231E+07   0.000    
     ANIMATION FILE: A12_SIMPLE_FINE_R1A014 WRITTEN
    1440  0.3255      0.1580E-03 NODE         121  -0.3%  0.9557E+07  0.8037E+09  0.5847E+07   0.000       0.000      0.1231E+07   0.000    
    1450  0.3271      0.1536E-03 NODE         121  -0.4%  0.9428E+07  0.8034E+09  0.6091E+07   0.000       0.000      0.1231E+07   0.000    
    1460  0.3286      0.1524E-03 NODE         121  -0.4%  0.9302E+07  0.8031E+09  0.6330E+07   0.000       0.000      0.1231E+07   0.000    
    1470  0.3301      0.1552E-03 NODE         121  -0.4%  0.9186E+07  0.8029E+09  0.6568E+07   0.000       0.000      0.1231E+07   0.000    
    1480  0.3317      0.1633E-03 NODE         121  -0.4%  0.9086E+07  0.8026E+09  0.6812E+07   0.000       0.000      0.1231E+07   0.000    
    1490  0.3334      0.1779E-03 NODE         121  -0.4%  0.9012E+07  0.8023E+09  0.7072E+07   0.000       0.000      0.1231E+07   0.000    
    1500  0.3353      0.2026E-03 NODE         121  -0.4%  0.8976E+07  0.8020E+09  0.7361E+07   0.000       0.000      0.1231E+07   0.000    
    1510  0.3373      0.2045E-03 NODE         121  -0.4%  0.8996E+07  0.8018E+09  0.7676E+07   0.000       0.000      0.1231E+07   0.000    
    1520  0.3394      0.2089E-03 NODE         121  -0.4%  0.9073E+07  0.8015E+09  0.7999E+07   0.000       0.000      0.1231E+07   0.000    
    1530  0.3415      0.2147E-03 NODE         121  -0.4%  0.9198E+07  0.8012E+09  0.8337E+07   0.000       0.000      0.1231E+07   0.000    
    1540  0.3437      0.2204E-03 NODE         121  -0.3%  0.9353E+07  0.8010E+09  0.8692E+07   0.000       0.000      0.1231E+07   0.000    
    1550  0.3459      0.2252E-03 NODE         121  -0.3%  0.9519E+07  0.8006E+09  0.9065E+07   0.000       0.000      0.1231E+07   0.000    
    1560  0.3482      0.2290E-03 NODE         121  -0.3%  0.9677E+07  0.8003E+09  0.9454E+07   0.000       0.000      0.1231E+07   0.000    
     ANIMATION FILE: A12_SIMPLE_FINE_R1A015 WRITTEN
    1570  0.3505      0.2317E-03 NODE         121  -0.3%  0.9811E+07  0.7999E+09  0.9855E+07   0.000       0.000      0.1231E+07   0.000    
    1580  0.3528      0.2336E-03 NODE         121  -0.3%  0.9911E+07  0.7995E+09  0.1026E+08   0.000       0.000      0.1231E+07   0.000    
    1590  0.3551      0.2348E-03 NODE         121  -0.3%  0.9972E+07  0.7991E+09  0.1067E+08   0.000       0.000      0.1231E+07   0.000    
    1600  0.3575      0.2355E-03 NODE         121  -0.3%  0.9997E+07  0.7987E+09  0.1106E+08   0.000       0.000      0.1231E+07   0.000    
    1610  0.3598      0.2315E-03 NODE         121  -0.2%  0.9994E+07  0.7984E+09  0.1144E+08   0.000       0.000      0.1231E+07   0.000    
    1620  0.3621      0.2189E-03 NODE         121  -0.3%  0.9976E+07  0.7980E+09  0.1178E+08   0.000       0.000      0.1231E+07   0.000    
    1630  0.3642      0.2097E-03 NODE         121  -0.3%  0.9958E+07  0.7977E+09  0.1208E+08   0.000       0.000      0.1231E+07   0.000    
    1640  0.3663      0.2037E-03 NODE         121  -0.3%  0.9950E+07  0.7974E+09  0.1234E+08   0.000       0.000      0.1231E+07   0.000    
    1650  0.3683      0.2008E-03 NODE         121  -0.3%  0.9963E+07  0.7971E+09  0.1257E+08   0.000       0.000      0.1231E+07   0.000    
    1660  0.3703      0.2010E-03 NODE         121  -0.3%  0.1000E+08  0.7968E+09  0.1277E+08   0.000       0.000      0.1231E+07   0.000    
    1670  0.3724      0.2048E-03 NODE         121  -0.3%  0.1008E+08  0.7965E+09  0.1293E+08   0.000       0.000      0.1231E+07   0.000    
    1680  0.3744      0.2126E-03 NODE         121  -0.3%  0.1020E+08  0.7962E+09  0.1307E+08   0.000       0.000      0.1231E+07   0.000    
     ANIMATION FILE: A12_SIMPLE_FINE_R1A016 WRITTEN
    1690  0.3766      0.2252E-03 NODE         121  -0.3%  0.1038E+08  0.7959E+09  0.1318E+08   0.000       0.000      0.1231E+07   0.000    
    1700  0.3789      0.2307E-03 NODE         121  -0.3%  0.1062E+08  0.7956E+09  0.1325E+08   0.000       0.000      0.1231E+07   0.000    
    1710  0.3812      0.2318E-03 NODE         121  -0.3%  0.1092E+08  0.7953E+09  0.1329E+08   0.000       0.000      0.1231E+07   0.000    
    1720  0.3835      0.2332E-03 NODE         121  -0.3%  0.1127E+08  0.7950E+09  0.1329E+08   0.000       0.000      0.1231E+07   0.000    
    1730  0.3859      0.2350E-03 NODE         121  -0.3%  0.1168E+08  0.7948E+09  0.1326E+08   0.000       0.000      0.1231E+07   0.000    
    1740  0.3882      0.2370E-03 NODE         121  -0.2%  0.1212E+08  0.7945E+09  0.1321E+08   0.000       0.000      0.1231E+07   0.000    
    1750  0.3906      0.2389E-03 NODE         121  -0.2%  0.1261E+08  0.7943E+09  0.1312E+08   0.000       0.000      0.1231E+07   0.000    
    1760  0.3930      0.2407E-03 NODE         121  -0.2%  0.1313E+08  0.7940E+09  0.1302E+08   0.000       0.000      0.1231E+07   0.000    
    1770  0.3954      0.2423E-03 NODE         121  -0.2%  0.1369E+08  0.7937E+09  0.1289E+08   0.000       0.000      0.1231E+07   0.000    
    1780  0.3979      0.2437E-03 NODE         121  -0.2%  0.1426E+08  0.7934E+09  0.1275E+08   0.000       0.000      0.1231E+07   0.000    

     RESTART FILES: A12_SIMPLE_FINE_R1_0001_[0001-0001].rst WRITTEN
     -------------

     ANIMATION FILE: A12_SIMPLE_FINE_R1A017 WRITTEN
  
                           ** CPU USER TIME **
  
  
                        ** SUMMARY **
  
 #PROC  CONTSORT  CONTFOR   ELEMENT   KINCOND   INTEG     IO        T0        ASM       RESOL    
   1   .9375E-01 .0000E+00 .6406E+00 .7812E-01 .4688E-01 .1719E+01 .7812E-01 .6250E-01 .2750E+01
  
 
                   ** CUMULATIVE CPU TIME SUMMARY **
  
 CONTACT SORTING.............: .9375E-01     3.41 % 
 CONTACT FORCES..............: .0000E+00     0.00 % 
 ELEMENT FORCES..............: .6406E+00    23.30 % 
 KINEMATIC COND..............: .7812E-01     2.84 % 
 INTEGRATION.................: .4688E-01     1.70 % 
 ASSEMBLING..................: .6250E-01     2.27 % 
 OTHERS (including I/O)......: .1828E+01    66.48 % 
 TOTAL.......................: .2750E+01   100.00 % 
  
  
                           ** ELAPSED TIME **
  
  
                        ** SUMMARY **
  
 #PROC  CONTSORT  CONTFOR   ELEMENT   KINCOND   INTEG     IO        T0        ASM       RESOL    
   1   .2843E-01 .8863E-02 .3556E+00 .2567E-01 .3432E-01 .8016E+00 .4047E-01 .3254E-01 .1385E+01
  
                   ** MEMORY USAGE STATISTICS **
  
 TOTAL MEMORY USED .........................:       52 MB
 MAXIMUM MEMORY PER PROCESSOR...............:       52 MB
 MINIMUM MEMORY PER PROCESSOR...............:       52 MB
 AVERAGE MEMORY PER PROCESSOR...............:       52 MB
  
                   ** DISK USAGE STATISTICS **
  
 TOTAL DISK SPACE USED .....................:         44 MB
 ANIMATION/H3D/TH/OUTP SIZE ................:         42 MB
 RESTART FILE SIZE .........................:          1 MB
  
                   ** COMPUTE TIME INFORMATION **
                        ** CURRENT ENGINE **
  
 EXECUTION STARTED .........................:      2026/10/08  09:34:57
 EXECUTION COMPLETED .......................:      2026/10/08  09:34:58
  
 ELAPSED TIME     =          1.43 s
                          0:00:01



     NORMAL TERMINATION      



     TOTAL NUMBER OF CYCLES  :    1790

  
                   ** COMPUTE RUNTIME INFORMATION SUMMARY **
  
        STARTER RUNTIME =          1.18s (00:00:01)
 # 001   ENGINE RUNTIME =          1.43s (00:00:01)
 ------------------------------ 
 STARTER+ENGINE RUNTIME =          2.61s (00:00:02)
  
