 A14_RAW_N8_R0_0001.out
************************************************************************
**                                                                    **
**                                                                    **
**                         OpenRadioss Engine                         **
**                                                                    **
**            Non-linear Finite Element Analysis Software             **
**                                                                    **
**                                                                    **
**                                                                    **
**                  Windows 64 bits, Intel compiler                   **
**                      Double Precision Version                      **
**                                                                    **
**                                                                    **
**                                                                    **
************************************************************************
** OpenRadioss Software                                               **
** COPYRIGHT (C) 2026 Siemens                                         **
** Licensed under GNU Affero General Public License.                  **
** See License file.                                                  **
************************************************************************
 
 NUMBER OF SPMD DOMAINS           1
 NUMBER OF THREADS PER DOMAIN     2
 NUMBER OF HMPP PROCESSES         2
  
 COMPUTATION HARDWARE DESCRIPTION
  
 HOSTNAME     CPU TYPE, FREQUENCY AND MEMORY
 jeux   AMD Ryzen 5 5600 6-Core Processor               (x86_64), 3700 MHz,  10066 MB RAM,  20277 MB swap
  
 STACKSIZE  . . . . . . . . . . . . . . . . . . . . 1430 MB
 THREAD STACKSIZE . . . . . . . . . . . . . . . . . 400 MB
 
************************************************************************


 A14_RAW_N8_R0D01                                                                


 FINAL TIME . . . . . . . . . . . . . . . . . . .  0.4000000E-01

 TIME INTERVAL FOR TIME HISTORY PLOTS . . . . . .  0.1000000E-05

 TIME STEP SCALE FACTOR . . . . . . . . . . . . .  0.5000000E-01

 MINIMUM TIME STEP  . . . . . . . . . . . . . . .   0.000000    


 BRICK TIME STEP SCALE FACTOR . . . . . . . . . .  0.5000000E-01
 BRICK MINIMUM TIME STEP. . . . . . . . . . . . .   0.000000    
 MIN. TIME STEP FLAG (1:STOP RUN, 2:DELETE BRICK)     1

 QUAD TIME STEP SCALE FACTOR. . . . . . . . . . .  0.5000000E-01
 QUAD MINIMUM TIME STEP . . . . . . . . . . . . .   0.000000    
 MIN. TIME STEP FLAG (1:STOP RUN, 2:DELETE QUAD).     1

 SHELL TIME STEP SCALE FACTOR . . . . . . . . . .  0.5000000E-01
 SHELL MINIMUM TIME STEP. . . . . . . . . . . . .   0.000000    
 MIN. TIME FLAG (1:STOP, 2:DELETE, 3:SMALL STRAIN)    2

 TRUSS TIME STEP SCALE FACTOR . . . . . . . . . .  0.5000000E-01
 TRUSS MINIMUM TIME STEP. . . . . . . . . . . . .   0.000000    
 MIN. TIME FLAG (1:STOP, 2:DELETE). . . . . . . .     0

 BEAM TIME STEP SCALE FACTOR. . . . . . . . . . .  0.5000000E-01
 BEAM MINIMUM TIME STEP . . . . . . . . . . . . .   0.000000    
 MIN. TIME FLAG (1:STOP, 2:DELETE). . . . . . . .     0

 SPRING TIME STEP SCALE FACTOR. . . . . . . . . .  0.5000000E-01
 SPRING MINIMUM TIME STEP . . . . . . . . . . . .   0.000000    
 MIN. TIME FLAG (1:STOP, 2:DELETE). . . . . . . .     0

 AIRBAG TIME STEP SCALE FACTOR. . . . . . . . . .  0.5000000E-01
 AIRBAG MINIMUM TIME STEP . . . . . . . . . . . .   0.000000    
 MIN. TIME FLAG (1:STOP). . . . . . . . . . . . .     0

 CONTACT TIME STEP SCALE FACTOR . . . . . . . . .  0.5000000E-01
 CONTACT MINIMUM TIME STEP. . . . . . . . . . . .   0.000000    
 MIN. TIME FLAG(1:STOP, 2:REMOVE NODE FROM INTERF)    0

 PRINTOUT CYCLE FREQUENCY . . . . . . . . . . . .    10

 RESTART CYCLE FREQUENCY. . . . . . . . . . . . .   10000000

 MAXIMUM RESTART WRITE BEFORE OVERWRITE . . . . .     0

 INVERS: INPUT DECK VERSION . . . . . . . . . . .  2026
 ITTYP : FLAG FOR TYPE OF T-FILE. . . . . . . . .     4

 INITIAL TIME STEP. . . . . . . . . . . . . . . .   0.000000    
 MAXIMUM TIME STEP. . . . . . . . . . . . . . . .  0.1000000E+21

 PARALLEL ARITHMETIC ON
 NUMBER OF INTERFACES TO BE ELIMINATED. . . . . .        0

 NUMBER OF PARTS TO BE ELIMINATED . . . . . . . .        0

 NUMBER OF SOLID  ELEMENT BLOCKS TO BE ELIMINATED        0

 NUMBER OF QUAD   ELEMENT BLOCKS TO BE ELIMINATED        0

 NUMBER OF SHELL  ELEMENT BLOCKS TO BE ELIMINATED        0

 NUMBER OF TRUSS  ELEMENT BLOCKS TO BE ELIMINATED        0

 NUMBER OF BEAM   ELEMENT BLOCKS TO BE ELIMINATED        0

 NUMBER OF SPRING ELEMENT BLOCKS TO BE ELIMINATED        0

 NUMBER OF SH_3N  ELEMENT BLOCKS TO BE ELIMINATED        0

 NUMBER OF  SPH PARTICLES BLOCKS TO BE ELIMINATED        0

 NUMBER OF RIGID LINKS. . . . . . . . . . . . . .        0

 NUMBER OF NEW BOUNDARY CONDITIONS. . . . . . . .        0


 TIME FOR FIRST ANIMATION-FILE PLOT . . . . . . .   0.000000    
 TIME INTERVAL FOR ANIMATION-FILE PLOTS . . . . .  0.2000000E-02
 TIME TO STOP ANIMATION-FILE PLOTS. . . . . . . .  0.1000000E+21
 SENSOR FOR ANIMATION-FILE PLOTS. . . . . . . . .          0
 TIME INTERVAL FOR SENSOR ANIMATION-FILE PLOTS. .   0.000000    

 VARIABLE SAVED ON ANIMATION FILES (1: YES) :
      PLASTIC STRAIN. . . . . .     0
      DENSITY     (SOLID ONLY).     0
      SPECIFIC ENERGY . . . . .     0
      HOURGLASS ENERGY. . . . .     0
      TEMPERATURE (SOLID ONLY).     0
      THICKNESS   (SHELL ONLY).     0
      PRESSURE    (SOLID ONLY).     0
      VON MISES . . . . . . . .     0
      TURBULENT ENERGY (FLUID).     0
      TURBULENT VISCOSITY(FLUID)    0
      VORTICITY (FLUID) . . . .     0
 NODAL VALUES SAVED ON ANIMATION FILES (1: YES) :
      PRESSURE. . . . . . . . .     0
      DENSITY . . . . . . . . .     0
      TEMPERATURE . . . . . . .     0
 VECTOR SAVED ON ANIMATION FILES (1: YES) :
      VELOCITY VECTOR . . . . .     1
      DISPLACEMENT VECTOR . . .     1
      ACCELERATION VECTOR . . .     0
      CONTACT FORCES. . . . . .     0
      INTERNAL FORCES . . . . .     0
      EXTERNAL FORCES . . . . .     0
      SECTION RBY RWALL FORCES.     0
      ROTATIONAL VELOCITY VECTOR    0
      CONTACT PRESSURE (VECTORS)    0
 SHELL TENSOR SAVED ON ANIMATION FILES (1: YES) :
      MEMBRANE STRESS . . . . .     0
      BENDING STRESS(MOMENT/T^2)    0
      UPPER LAYER STRESS. . . .     0
      LOWER LAYER STRESS. . . .     0
      MEMBRANE STRAIN . . . . .     0
      CURVATURE . . . . . . . .     0
      UPPER LAYER STRAIN. . . .     0
      LOWER LAYER STRAIN. . . .     0
 NODAL MASS SAVED ON ANIMATION FILES (1: YES) :    1
 KEEP DELETED ELEMENT (1: YES) :    0


 08/10/2026
   CYCLE    TIME      TIME-STEP  ELEMENT          ERROR  I-ENERGY    K-ENERGY T  K-ENERGY R  EXT-WORK     MAS.ERR     TOTAL MASS  MASS ADDED
       0   0.000      0.2126E-04 NODE           7   0.0%   0.000      0.2224E+05   0.000       0.000       0.000       5.560       0.000    
     ANIMATION FILE: A14_RAW_N8_R0A001 WRITTEN
      10  0.2126E-03  0.2126E-04 NODE           7   0.0%   0.000      0.2224E+05   0.000       0.000       0.000       5.560       0.000    
      20  0.4251E-03  0.2126E-04 NODE           7   0.0%   0.000      0.2224E+05   0.000       0.000       0.000       5.560       0.000    
      30  0.6377E-03  0.2126E-04 NODE           7   0.0%   0.000      0.2224E+05   0.000       0.000       0.000       5.560       0.000    
      40  0.8503E-03  0.2126E-04 NODE           7   0.0%   0.000      0.2224E+05   0.000       0.000       0.000       5.560       0.000    
      50  0.1063E-02  0.2126E-04 NODE           7   0.0%   0.000      0.2224E+05   0.000       0.000       0.000       5.560       0.000    
      60  0.1275E-02  0.2126E-04 NODE           7   0.0%   0.000      0.2224E+05   0.000       0.000       0.000       5.560       0.000    
      70  0.1488E-02  0.2126E-04 NODE           7   0.0%   0.000      0.2224E+05   0.000       0.000       0.000       5.560       0.000    
      80  0.1701E-02  0.2126E-04 NODE           7   0.0%   0.000      0.2224E+05   0.000       0.000       0.000       5.560       0.000    
      90  0.1913E-02  0.2126E-04 NODE           7   0.0%   0.000      0.2224E+05   0.000       0.000       0.000       5.560       0.000    
     ANIMATION FILE: A14_RAW_N8_R0A002 WRITTEN
     100  0.2126E-02  0.2126E-04 NODE           7   0.0%   0.000      0.2224E+05   0.000       0.000       0.000       5.560       0.000    
     110  0.2338E-02  0.2126E-04 NODE           7   0.0%   0.000      0.2224E+05   0.000       0.000       0.000       5.560       0.000    
     120  0.2551E-02  0.2126E-04 NODE           7   0.0%   0.000      0.2224E+05   0.000       0.000       0.000       5.560       0.000    
     130  0.2763E-02  0.2126E-04 NODE           7   0.0%   0.000      0.2224E+05   0.000       0.000       0.000       5.560       0.000    
     140  0.2976E-02  0.2126E-04 NODE           7   0.0%   0.000      0.2224E+05   0.000       0.000       0.000       5.560       0.000    
     150  0.3189E-02  0.2126E-04 NODE           7   0.0%   0.000      0.2224E+05   0.000       0.000       0.000       5.560       0.000    
     160  0.3401E-02  0.2126E-04 NODE           7   0.0%   0.000      0.2224E+05   0.000       0.000       0.000       5.560       0.000    
     170  0.3614E-02  0.2126E-04 NODE           7   0.0%   0.000      0.2224E+05   0.000       0.000       0.000       5.560       0.000    
     180  0.3826E-02  0.2126E-04 NODE           7   0.0%   0.000      0.2224E+05   0.000       0.000       0.000       5.560       0.000    
     ANIMATION FILE: A14_RAW_N8_R0A003 WRITTEN
     190  0.4039E-02  0.2126E-04 NODE           7   0.0%   0.000      0.2224E+05   0.000       0.000       0.000       5.560       0.000    
     200  0.4251E-02  0.2126E-04 NODE           7   0.0%   0.000      0.2224E+05   0.000       0.000       0.000       5.560       0.000    
     210  0.4464E-02  0.2126E-04 NODE           7   0.0%   0.000      0.2224E+05   0.000       0.000       0.000       5.560       0.000    
     220  0.4676E-02  0.2126E-04 NODE           7   0.0%   0.000      0.2224E+05   0.000       0.000       0.000       5.560       0.000    
     230  0.4889E-02  0.2126E-04 NODE           7   0.0%   0.000      0.2224E+05   0.000       0.000       0.000       5.560       0.000    
     240  0.5102E-02  0.2126E-04 NODE           7   0.0%   0.000      0.2224E+05   0.000       0.000       0.000       5.560       0.000    
     250  0.5314E-02  0.2126E-04 NODE           7   0.0%   0.000      0.2224E+05   0.000       0.000       0.000       5.560       0.000    
     260  0.5527E-02  0.2126E-04 NODE           7   0.0%   0.000      0.2224E+05   0.000       0.000       0.000       5.560       0.000    
     270  0.5739E-02  0.2126E-04 NODE           7   0.0%   0.000      0.2224E+05   0.000       0.000       0.000       5.560       0.000    
     280  0.5952E-02  0.2126E-04 NODE           7   0.0%   0.000      0.2224E+05   0.000       0.000       0.000       5.560       0.000    
     ANIMATION FILE: A14_RAW_N8_R0A004 WRITTEN
     290  0.6164E-02  0.2126E-04 NODE           7   0.0%   0.000      0.2224E+05   0.000       0.000       0.000       5.560       0.000    
     300  0.6377E-02  0.2126E-04 NODE           7   0.0%   0.000      0.2224E+05   0.000       0.000       0.000       5.560       0.000    
     310  0.6590E-02  0.2126E-04 NODE          10   0.0%   0.000      0.2224E+05   0.000       0.000       0.000       5.560       0.000    
     320  0.6802E-02  0.2126E-04 NODE           7   0.0%   0.000      0.2224E+05   0.000       0.000       0.000       5.560       0.000    
     330  0.7015E-02  0.2126E-04 NODE           7   0.0%   0.000      0.2224E+05   0.000       0.000       0.000       5.560       0.000    
     340  0.7227E-02  0.2126E-04 NODE           7   0.0%   0.000      0.2224E+05   0.000       0.000       0.000       5.560       0.000    
     350  0.7440E-02  0.2126E-04 NODE           7   0.0%   0.000      0.2224E+05   0.000       0.000       0.000       5.560       0.000    
     360  0.7652E-02  0.2126E-04 NODE           7   0.0%   0.000      0.2224E+05   0.000       0.000       0.000       5.560       0.000    
     370  0.7865E-02  0.2126E-04 NODE           7   0.0%   0.000      0.2224E+05   0.000       0.000       0.000       5.560       0.000    
     ANIMATION FILE: A14_RAW_N8_R0A005 WRITTEN
     380  0.8078E-02  0.2126E-04 NODE           7   0.0%   0.000      0.2224E+05   0.000       0.000       0.000       5.560       0.000    
     390  0.8290E-02  0.2126E-04 NODE           7   0.0%   0.000      0.2224E+05   0.000       0.000       0.000       5.560       0.000    
     400  0.8503E-02  0.2126E-04 NODE           7   0.0%   0.000      0.2224E+05   0.000       0.000       0.000       5.560       0.000    
     410  0.8715E-02  0.2126E-04 NODE           7   0.0%   0.000      0.2224E+05   0.000       0.000       0.000       5.560       0.000    
     420  0.8928E-02  0.2126E-04 NODE           7   0.0%   0.000      0.2224E+05   0.000       0.000       0.000       5.560       0.000    
     430  0.9140E-02  0.2126E-04 NODE           7   0.0%   0.000      0.2224E+05   0.000       0.000       0.000       5.560       0.000    
     440  0.9353E-02  0.2126E-04 NODE           7   0.0%   0.000      0.2224E+05   0.000       0.000       0.000       5.560       0.000    
     450  0.9566E-02  0.2126E-04 NODE           7   0.0%   0.000      0.2224E+05   0.000       0.000       0.000       5.560       0.000    
     460  0.9778E-02  0.2126E-04 NODE           7   0.0%   0.000      0.2224E+05   0.000       0.000       0.000       5.560       0.000    
     470  0.9991E-02  0.2126E-04 NODE           7   0.0%   0.000      0.2224E+05   0.000       0.000       0.000       5.560       0.000    
     ANIMATION FILE: A14_RAW_N8_R0A006 WRITTEN
     480  0.1020E-01  0.2126E-04 NODE           7   0.0%   0.000      0.2224E+05   0.000       0.000       0.000       5.560       0.000    
     490  0.1042E-01  0.2126E-04 NODE           7   0.0%   0.000      0.2224E+05   0.000       0.000       0.000       5.560       0.000    
     500  0.1063E-01  0.2126E-04 NODE           7   0.0%   0.000      0.2224E+05   0.000       0.000       0.000       5.560       0.000    
     510  0.1084E-01  0.2126E-04 NODE           7   0.0%   0.000      0.2224E+05   0.000       0.000       0.000       5.560       0.000    
     520  0.1105E-01  0.2126E-04 NODE           7   0.0%   0.000      0.2224E+05   0.000       0.000       0.000       5.560       0.000    
     530  0.1127E-01  0.2126E-04 NODE           7   0.0%   0.000      0.2224E+05   0.000       0.000       0.000       5.560       0.000    
     540  0.1148E-01  0.2126E-04 NODE          10   0.0%   0.000      0.2224E+05   0.000       0.000       0.000       5.560       0.000    
     550  0.1169E-01  0.2126E-04 NODE           7   0.0%   0.000      0.2224E+05   0.000       0.000       0.000       5.560       0.000    
     560  0.1190E-01  0.2126E-04 NODE           7   0.0%   0.000      0.2224E+05   0.000       0.000       0.000       5.560       0.000    
     ANIMATION FILE: A14_RAW_N8_R0A007 WRITTEN
     570  0.1212E-01  0.2126E-04 NODE           7   0.0%   0.000      0.2224E+05   0.000       0.000       0.000       5.560       0.000    
     580  0.1233E-01  0.2126E-04 NODE           7   0.0%   0.000      0.2224E+05   0.000       0.000       0.000       5.560       0.000    
     590  0.1254E-01  0.2126E-04 NODE           7   0.0%   0.000      0.2224E+05   0.000       0.000       0.000       5.560       0.000    
     600  0.1275E-01  0.2126E-04 NODE           7   0.0%   0.000      0.2224E+05   0.000       0.000       0.000       5.560       0.000    
     610  0.1297E-01  0.2126E-04 NODE           7   0.0%   0.000      0.2224E+05   0.000       0.000       0.000       5.560       0.000    
     620  0.1318E-01  0.2126E-04 NODE           7   0.0%   0.000      0.2224E+05   0.000       0.000       0.000       5.560       0.000    
     630  0.1339E-01  0.2126E-04 NODE           7   0.0%   0.000      0.2224E+05   0.000       0.000       0.000       5.560       0.000    
     640  0.1360E-01  0.2126E-04 NODE           7   0.0%   0.000      0.2224E+05   0.000       0.000       0.000       5.560       0.000    
     650  0.1382E-01  0.2126E-04 NODE           7   0.0%   0.000      0.2224E+05   0.000       0.000       0.000       5.560       0.000    
     ANIMATION FILE: A14_RAW_N8_R0A008 WRITTEN
     660  0.1403E-01  0.2126E-04 NODE           7   0.0%   0.000      0.2224E+05   0.000       0.000       0.000       5.560       0.000    
     670  0.1424E-01  0.2126E-04 NODE           7   0.0%   0.000      0.2224E+05   0.000       0.000       0.000       5.560       0.000    
     680  0.1445E-01  0.2126E-04 NODE           7   0.0%   0.000      0.2224E+05   0.000       0.000       0.000       5.560       0.000    
     690  0.1467E-01  0.2126E-04 NODE           7   0.0%   0.000      0.2224E+05   0.000       0.000       0.000       5.560       0.000    
     700  0.1488E-01  0.2126E-04 NODE           7   0.0%   0.000      0.2224E+05   0.000       0.000       0.000       5.560       0.000    
     710  0.1509E-01  0.2126E-04 NODE           7   0.0%   0.000      0.2224E+05   0.000       0.000       0.000       5.560       0.000    
     720  0.1530E-01  0.2126E-04 NODE           7   0.0%   0.000      0.2224E+05   0.000       0.000       0.000       5.560       0.000    
     730  0.1552E-01  0.2126E-04 NODE           7   0.0%   0.000      0.2224E+05   0.000       0.000       0.000       5.560       0.000    
     740  0.1573E-01  0.2126E-04 NODE           7   0.0%   0.000      0.2224E+05   0.000       0.000       0.000       5.560       0.000    
     750  0.1594E-01  0.2126E-04 NODE           7   0.0%   0.000      0.2224E+05   0.000       0.000       0.000       5.560       0.000    
     ANIMATION FILE: A14_RAW_N8_R0A009 WRITTEN
     760  0.1616E-01  0.2126E-04 NODE           7   0.0%   0.000      0.2224E+05   0.000       0.000       0.000       5.560       0.000    
     770  0.1637E-01  0.2126E-04 NODE           7   0.0%   0.000      0.2224E+05   0.000       0.000       0.000       5.560       0.000    
     780  0.1658E-01  0.2126E-04 NODE           7   0.0%   0.000      0.2224E+05   0.000       0.000       0.000       5.560       0.000    
     790  0.1679E-01  0.2126E-04 NODE           7   0.0%   0.000      0.2224E+05   0.000       0.000       0.000       5.560       0.000    
     800  0.1701E-01  0.2126E-04 NODE           7   0.0%   0.000      0.2224E+05   0.000       0.000       0.000       5.560       0.000    
     810  0.1722E-01  0.2126E-04 NODE           7   0.0%   0.000      0.2224E+05   0.000       0.000       0.000       5.560       0.000    
     820  0.1743E-01  0.2126E-04 NODE           7   0.0%   0.000      0.2224E+05   0.000       0.000       0.000       5.560       0.000    
     830  0.1764E-01  0.2126E-04 NODE           7   0.0%   0.000      0.2224E+05   0.000       0.000       0.000       5.560       0.000    
     840  0.1786E-01  0.2126E-04 NODE           7   0.0%   0.000      0.2224E+05   0.000       0.000       0.000       5.560       0.000    
     ANIMATION FILE: A14_RAW_N8_R0A010 WRITTEN
     850  0.1807E-01  0.2126E-04 NODE           7   0.0%   0.000      0.2224E+05   0.000       0.000       0.000       5.560       0.000    
     860  0.1828E-01  0.2126E-04 NODE           7   0.0%   0.000      0.2224E+05   0.000       0.000       0.000       5.560       0.000    
     870  0.1849E-01  0.2126E-04 NODE           7   0.0%   0.000      0.2224E+05   0.000       0.000       0.000       5.560       0.000    
     880  0.1871E-01  0.2126E-04 NODE           7   0.0%   0.000      0.2224E+05   0.000       0.000       0.000       5.560       0.000    
     890  0.1892E-01  0.2126E-04 NODE           7   0.0%   0.000      0.2224E+05   0.000       0.000       0.000       5.560       0.000    
     900  0.1913E-01  0.2126E-04 NODE           7   0.0%   0.000      0.2224E+05   0.000       0.000       0.000       5.560       0.000    
     910  0.1934E-01  0.2126E-04 NODE          10   0.0%   0.000      0.2224E+05   0.000       0.000       0.000       5.560       0.000    
     920  0.1956E-01  0.2126E-04 NODE           7   0.0%   0.000      0.2224E+05   0.000       0.000       0.000       5.560       0.000    
     930  0.1977E-01  0.2126E-04 NODE           7   0.0%   0.000      0.2224E+05   0.000       0.000       0.000       5.560       0.000    
     940  0.1998E-01  0.2126E-04 NODE           7   0.0%   0.000      0.2224E+05   0.000       0.000       0.000       5.560       0.000    
     ANIMATION FILE: A14_RAW_N8_R0A011 WRITTEN
     950  0.2013E-01  0.1356E-04 NODE          73  -4.2%  0.9766E-02  0.2130E+05   0.000       0.000       0.000       5.560       0.000    
     960  0.2027E-01  0.1356E-04 NODE          81 -16.7%  0.6878      0.1852E+05   0.000       0.000       0.000       5.560       0.000    
     970  0.2040E-01  0.1356E-04 NODE          73 -34.9%   7.388      0.1447E+05   0.000       0.000       0.000       5.560       0.000    
     980  0.2054E-01  0.1356E-04 NODE          73 -55.1%   36.49       9956.       0.000       0.000       0.000       5.560       0.000    
     990  0.2067E-01  0.1356E-04 NODE          73 -73.4%   115.7       5803.       0.000       0.000       0.000       5.560       0.000    
   CYCLE    TIME      TIME-STEP  ELEMENT          ERROR  I-ENERGY    K-ENERGY T  K-ENERGY R  EXT-WORK     MAS.ERR     TOTAL MASS  MASS ADDED
    1000  0.2081E-01  0.1356E-04 NODE          81 -86.7%   272.3       2689.       0.000       0.000       0.000       5.560       0.000    
    1010  0.2095E-01  0.1356E-04 NODE          73 -92.9%   513.0       1056.       0.000       0.000       0.000       5.560       0.000    
    1020  0.2108E-01  0.1356E-04 NODE           1 -91.5%   807.5       1082.       0.000       0.000       0.000       5.560       0.000    
    1030  0.2122E-01  0.1356E-04 NODE          73 -83.0%   1089.       2700.       0.000       0.000       0.000       5.560       0.000    
    1040  0.2135E-01  0.1617E-04 NODE          10 -68.8%   1276.       5661.       0.000       0.000       0.000       5.560       0.000    
    1050  0.2152E-01  0.1617E-04 NODE          72 -48.3%   1293.      0.1021E+05   0.000       0.000       0.000       5.560       0.000    
    1060  0.2168E-01  0.1617E-04 NODE          79 -28.0%   1084.      0.1492E+05   0.000       0.000       0.000       5.560       0.000    
    1070  0.2184E-01  0.1779E-04 NODE          65 -12.1%   748.8      0.1880E+05   0.000       0.000       0.000       5.560       0.000    
     ANIMATION FILE: A14_RAW_N8_R0A012 WRITTEN
    1080  0.2202E-01  0.1820E-04 NODE          21  -2.2%   438.1      0.2131E+05   0.000       0.000       0.000       5.560       0.000    
    1090  0.2220E-01  0.1820E-04 NODE          31   0.0%   377.1      0.2186E+05   0.000       0.000       0.000       5.560       0.000    
    1100  0.2241E-01  0.2125E-04 NODE          64   0.0%   608.8      0.2163E+05   0.000       0.000       0.000       5.560       0.000    
    1110  0.2262E-01  0.2125E-04 NODE          18   0.0%   956.7      0.2129E+05   0.000       0.000       0.000       5.560       0.000    
    1120  0.2284E-01  0.2125E-04 NODE          64   0.0%   1159.      0.2108E+05   0.000       0.000       0.000       5.560       0.000    
    1130  0.2305E-01  0.2125E-04 NODE           8   0.0%   1112.      0.2113E+05   0.000       0.000       0.000       5.560       0.000    
    1140  0.2326E-01  0.2125E-04 NODE           7   0.0%   919.1      0.2132E+05   0.000       0.000       0.000       5.560       0.000    
    1150  0.2347E-01  0.2126E-04 NODE          75   0.0%   776.0      0.2147E+05   0.000       0.000       0.000       5.560       0.000    
    1160  0.2369E-01  0.2126E-04 NODE          20   0.0%   802.5      0.2144E+05   0.000       0.000       0.000       5.560       0.000    
    1170  0.2390E-01  0.2126E-04 NODE           8   0.0%   958.0      0.2128E+05   0.000       0.000       0.000       5.560       0.000    
     ANIMATION FILE: A14_RAW_N8_R0A013 WRITTEN
    1180  0.2411E-01  0.2125E-04 NODE          72   0.0%   1099.      0.2114E+05   0.000       0.000       0.000       5.560       0.000    
    1190  0.2432E-01  0.2125E-04 NODE          72   0.0%   1120.      0.2112E+05   0.000       0.000       0.000       5.560       0.000    
    1200  0.2454E-01  0.2126E-04 NODE          25   0.0%   1047.      0.2119E+05   0.000       0.000       0.000       5.560       0.000    
    1210  0.2475E-01  0.2126E-04 NODE          52   0.0%   1010.      0.2123E+05   0.000       0.000       0.000       5.560       0.000    
    1220  0.2496E-01  0.2126E-04 NODE          34   0.0%   1115.      0.2113E+05   0.000       0.000       0.000       5.560       0.000    
    1230  0.2517E-01  0.2125E-04 NODE          43   0.0%   1330.      0.2091E+05   0.000       0.000       0.000       5.560       0.000    
    1240  0.2539E-01  0.2125E-04 NODE          43   0.0%   1488.      0.2075E+05   0.000       0.000       0.000       5.560       0.000    
    1250  0.2560E-01  0.2125E-04 NODE          43   0.0%   1413.      0.2083E+05   0.000       0.000       0.000       5.560       0.000    
    1260  0.2581E-01  0.2126E-04 NODE          39   0.0%   1065.      0.2118E+05   0.000       0.000       0.000       5.560       0.000    
     ANIMATION FILE: A14_RAW_N8_R0A014 WRITTEN
    1270  0.2602E-01  0.2126E-04 NODE          77   0.0%   600.7      0.2164E+05   0.000       0.000       0.000       5.560       0.000    
    1280  0.2624E-01  0.2126E-04 NODE          32   0.0%   278.0      0.2196E+05   0.000       0.000       0.000       5.560       0.000    
    1290  0.2645E-01  0.2126E-04 NODE           7   0.0%   287.9      0.2195E+05   0.000       0.000       0.000       5.560       0.000    
    1300  0.2666E-01  0.2126E-04 NODE          26   0.0%   623.3      0.2162E+05   0.000       0.000       0.000       5.560       0.000    
    1310  0.2687E-01  0.2126E-04 NODE          39   0.0%   1083.      0.2116E+05   0.000       0.000       0.000       5.560       0.000    
    1320  0.2709E-01  0.2125E-04 NODE          43   0.0%   1405.      0.2084E+05   0.000       0.000       0.000       5.560       0.000    
    1330  0.2730E-01  0.2125E-04 NODE          43   0.0%   1432.      0.2081E+05   0.000       0.000       0.000       5.560       0.000    
    1340  0.2751E-01  0.2125E-04 NODE          50   0.0%   1197.      0.2105E+05   0.000       0.000       0.000       5.560       0.000    
    1350  0.2773E-01  0.2125E-04 NODE          40   0.0%   885.2      0.2136E+05   0.000       0.000       0.000       5.560       0.000    
    1360  0.2794E-01  0.2126E-04 NODE          32   0.0%   704.4      0.2154E+05   0.000       0.000       0.000       5.560       0.000    
     ANIMATION FILE: A14_RAW_N8_R0A015 WRITTEN
    1370  0.2815E-01  0.2126E-04 NODE          80   0.0%   758.1      0.2148E+05   0.000       0.000       0.000       5.560       0.000    
    1380  0.2836E-01  0.2126E-04 NODE          16   0.0%   1001.      0.2124E+05   0.000       0.000       0.000       5.560       0.000    
    1390  0.2858E-01  0.2126E-04 NODE          70   0.0%   1285.      0.2096E+05   0.000       0.000       0.000       5.560       0.000    
    1400  0.2879E-01  0.2125E-04 NODE          23   0.0%   1459.      0.2078E+05   0.000       0.000       0.000       5.560       0.000    
    1410  0.2900E-01  0.2125E-04 NODE          43   0.0%   1442.      0.2080E+05   0.000       0.000       0.000       5.560       0.000    
    1420  0.2921E-01  0.2125E-04 NODE          40   0.0%   1253.      0.2099E+05   0.000       0.000       0.000       5.560       0.000    
    1430  0.2943E-01  0.2126E-04 NODE          72   0.0%   980.1      0.2126E+05   0.000       0.000       0.000       5.560       0.000    
    1440  0.2964E-01  0.2125E-04 NODE          18   0.0%   729.3      0.2151E+05   0.000       0.000       0.000       5.560       0.000    
    1450  0.2985E-01  0.2125E-04 NODE          80   0.0%   578.3      0.2166E+05   0.000       0.000       0.000       5.560       0.000    
     ANIMATION FILE: A14_RAW_N8_R0A016 WRITTEN
    1460  0.3006E-01  0.2125E-04 NODE          10   0.0%   555.1      0.2169E+05   0.000       0.000       0.000       5.560       0.000    
    1470  0.3028E-01  0.2126E-04 NODE          77   0.0%   640.8      0.2160E+05   0.000       0.000       0.000       5.560       0.000    
    1480  0.3049E-01  0.2125E-04 NODE          32   0.0%   788.9      0.2145E+05   0.000       0.000       0.000       5.560       0.000    
    1490  0.3070E-01  0.2125E-04 NODE          40   0.0%   949.7      0.2129E+05   0.000       0.000       0.000       5.560       0.000    
    1500  0.3091E-01  0.2126E-04 NODE          40   0.0%   1089.      0.2115E+05   0.000       0.000       0.000       5.560       0.000    
    1510  0.3113E-01  0.2125E-04 NODE          64   0.0%   1190.      0.2105E+05   0.000       0.000       0.000       5.560       0.000    
    1520  0.3134E-01  0.2125E-04 NODE          64   0.0%   1245.      0.2100E+05   0.000       0.000       0.000       5.560       0.000    
    1530  0.3155E-01  0.2125E-04 NODE          10   0.0%   1243.      0.2100E+05   0.000       0.000       0.000       5.560       0.000    
    1540  0.3176E-01  0.2125E-04 NODE          77   0.0%   1174.      0.2107E+05   0.000       0.000       0.000       5.560       0.000    
    1550  0.3198E-01  0.2125E-04 NODE          77   0.0%   1051.      0.2119E+05   0.000       0.000       0.000       5.560       0.000    
     ANIMATION FILE: A14_RAW_N8_R0A017 WRITTEN
    1560  0.3219E-01  0.2126E-04 NODE          42   0.0%   925.9      0.2132E+05   0.000       0.000       0.000       5.560       0.000    
    1570  0.3240E-01  0.2126E-04 NODE          40   0.0%   874.5      0.2137E+05   0.000       0.000       0.000       5.560       0.000    
    1580  0.3261E-01  0.2126E-04 NODE          64   0.0%   953.2      0.2129E+05   0.000       0.000       0.000       5.560       0.000    
    1590  0.3283E-01  0.2125E-04 NODE          80   0.0%   1140.      0.2110E+05   0.000       0.000       0.000       5.560       0.000    
    1600  0.3304E-01  0.2125E-04 NODE           7   0.0%   1319.      0.2092E+05   0.000       0.000       0.000       5.560       0.000    
    1610  0.3325E-01  0.2125E-04 NODE          19   0.0%   1336.      0.2091E+05   0.000       0.000       0.000       5.560       0.000    
    1620  0.3346E-01  0.2125E-04 NODE           7   0.0%   1104.      0.2114E+05   0.000       0.000       0.000       5.560       0.000    
    1630  0.3368E-01  0.2126E-04 NODE          34   0.0%   692.3      0.2155E+05   0.000       0.000       0.000       5.560       0.000    
    1640  0.3389E-01  0.2126E-04 NODE          50   0.0%   314.7      0.2193E+05   0.000       0.000       0.000       5.560       0.000    
     ANIMATION FILE: A14_RAW_N8_R0A018 WRITTEN
    1650  0.3410E-01  0.2126E-04 NODE          10   0.0%   209.5      0.2203E+05   0.000       0.000       0.000       5.560       0.000    
    1660  0.3431E-01  0.2126E-04 NODE          64   0.0%   480.1      0.2176E+05   0.000       0.000       0.000       5.560       0.000    
    1670  0.3453E-01  0.2126E-04 NODE          79   0.0%   1007.      0.2124E+05   0.000       0.000       0.000       5.560       0.000    
    1680  0.3474E-01  0.2125E-04 NODE          79   0.0%   1505.      0.2074E+05   0.000       0.000       0.000       5.560       0.000    
    1690  0.3495E-01  0.2125E-04 NODE           3   0.0%   1703.      0.2054E+05   0.000       0.000       0.000       5.560       0.000    
    1700  0.3516E-01  0.2125E-04 NODE          48   0.0%   1522.      0.2072E+05   0.000       0.000       0.000       5.560       0.000    
    1710  0.3538E-01  0.2126E-04 NODE          30   0.0%   1120.      0.2112E+05   0.000       0.000       0.000       5.560       0.000    
    1720  0.3559E-01  0.2126E-04 NODE          43   0.0%   781.9      0.2146E+05   0.000       0.000       0.000       5.560       0.000    
    1730  0.3580E-01  0.2126E-04 NODE          37   0.0%   714.3      0.2153E+05   0.000       0.000       0.000       5.560       0.000    
    1740  0.3601E-01  0.2125E-04 NODE          77   0.0%   911.2      0.2133E+05   0.000       0.000       0.000       5.560       0.000    
     ANIMATION FILE: A14_RAW_N8_R0A019 WRITTEN
    1750  0.3623E-01  0.2125E-04 NODE          77   0.0%   1178.      0.2106E+05   0.000       0.000       0.000       5.560       0.000    
    1760  0.3644E-01  0.2125E-04 NODE           5   0.0%   1294.      0.2095E+05   0.000       0.000       0.000       5.560       0.000    
    1770  0.3665E-01  0.2125E-04 NODE           7   0.0%   1178.      0.2106E+05   0.000       0.000       0.000       5.560       0.000    
    1780  0.3686E-01  0.2126E-04 NODE          27   0.0%   935.3      0.2131E+05   0.000       0.000       0.000       5.560       0.000    
    1790  0.3708E-01  0.2126E-04 NODE          39   0.0%   754.9      0.2149E+05   0.000       0.000       0.000       5.560       0.000    
    1800  0.3729E-01  0.2126E-04 NODE          39   0.0%   743.6      0.2150E+05   0.000       0.000       0.000       5.560       0.000    
    1810  0.3750E-01  0.2125E-04 NODE          40   0.0%   844.9      0.2140E+05   0.000       0.000       0.000       5.560       0.000    
    1820  0.3771E-01  0.2125E-04 NODE          40   0.0%   905.3      0.2134E+05   0.000       0.000       0.000       5.560       0.000    
    1830  0.3793E-01  0.2125E-04 NODE          42   0.0%   828.6      0.2141E+05   0.000       0.000       0.000       5.560       0.000    
     ANIMATION FILE: A14_RAW_N8_R0A020 WRITTEN
    1840  0.3814E-01  0.2126E-04 NODE          77   0.0%   681.4      0.2156E+05   0.000       0.000       0.000       5.560       0.000    
    1850  0.3835E-01  0.2126E-04 NODE          65   0.0%   651.1      0.2159E+05   0.000       0.000       0.000       5.560       0.000    
    1860  0.3856E-01  0.2126E-04 NODE          16   0.0%   881.2      0.2136E+05   0.000       0.000       0.000       5.560       0.000    
    1870  0.3878E-01  0.2125E-04 NODE          43   0.0%   1320.      0.2092E+05   0.000       0.000       0.000       5.560       0.000    
    1880  0.3899E-01  0.2125E-04 NODE          40   0.0%   1717.      0.2052E+05   0.000       0.000       0.000       5.560       0.000    
    1890  0.3920E-01  0.2125E-04 NODE          40   0.0%   1792.      0.2045E+05   0.000       0.000       0.000       5.560       0.000    
    1900  0.3942E-01  0.2125E-04 NODE          40   0.0%   1449.      0.2079E+05   0.000       0.000       0.000       5.560       0.000    
    1910  0.3963E-01  0.2126E-04 NODE          32   0.0%   871.0      0.2137E+05   0.000       0.000       0.000       5.560       0.000    
    1920  0.3984E-01  0.2126E-04 NODE          25   0.0%   415.0      0.2183E+05   0.000       0.000       0.000       5.560       0.000    

     RESTART FILES: A14_RAW_N8_R0_0001_[0001-0001].rst WRITTEN
     -------------

  
                           ** CPU USER TIME **
  
  
                        ** SUMMARY **
  
 #PROC  CONTSORT  CONTFOR   ELEMENT   KINCOND   INTEG     IO        T0        ASM       RESOL    
   1   .1250E+00 .9375E-01 .6250E-01 .1562E-01 .6250E-01 .4688E+00 .4688E-01 .1562E-01 .1031E+01
  
 
                   ** CUMULATIVE CPU TIME SUMMARY **
  
 CONTACT SORTING.............: .1250E+00    12.12 % 
 CONTACT FORCES..............: .9375E-01     9.09 % 
 .. INCLUDING CONTACT NORMALS: .6250E-01     6.06 % 
 ELEMENT FORCES..............: .6250E-01     6.06 % 
 KINEMATIC COND..............: .1562E-01     1.52 % 
 INTEGRATION.................: .6250E-01     6.06 % 
 ASSEMBLING..................: .1562E-01     1.52 % 
 OTHERS (including I/O)......: .6562E+00    63.64 % 
 TOTAL.......................: .1031E+01   100.00 % 
  
  
                           ** ELAPSED TIME **
  
  
                        ** SUMMARY **
  
 #PROC  CONTSORT  CONTFOR   ELEMENT   KINCOND   INTEG     IO        T0        ASM       RESOL    
   1   .4001E-01 .4465E-01 .5485E-01 .1039E-01 .2067E-01 .2461E+00 .2295E-01 .1781E-01 .5196E+00
  
                   ** MEMORY USAGE STATISTICS **
  
 TOTAL MEMORY USED .........................:       48 MB
 MAXIMUM MEMORY PER PROCESSOR...............:       48 MB
 MINIMUM MEMORY PER PROCESSOR...............:       48 MB
 AVERAGE MEMORY PER PROCESSOR...............:       48 MB
  
                   ** DISK USAGE STATISTICS **
  
 TOTAL DISK SPACE USED .....................:         10 MB
 ANIMATION/H3D/TH/OUTP SIZE ................:         10 MB
 RESTART FILE SIZE .........................:          0 MB
  
                   ** COMPUTE TIME INFORMATION **
                        ** CURRENT ENGINE **
  
 EXECUTION STARTED .........................:      2026/10/08  11:02:56
 EXECUTION COMPLETED .......................:      2026/10/08  11:02:56
  
 ELAPSED TIME     =          0.55 s
                          0:00:00



     NORMAL TERMINATION      



     TOTAL NUMBER OF CYCLES  :    1928

  
                   ** COMPUTE RUNTIME INFORMATION SUMMARY **
  
        STARTER RUNTIME =          0.60s (00:00:00)
 # 001   ENGINE RUNTIME =          0.55s (00:00:00)
 ------------------------------ 
 STARTER+ENGINE RUNTIME =          1.15s (00:00:01)
  
