************************************************************************
**                                                                    **
**                                                                    **
**                         OpenRadioss Engine                         **
**                                                                    **
**            Non-linear Finite Element Analysis Software             **
**                                                                    **
**                                                                    **
**                                                                    **
**                  Windows 64 bits, Intel compiler                   **
**                      Double Precision Version                      **
**                                                                    **
**                                                                    **
**                                                                    **
************************************************************************
** OpenRadioss Software                                               **
** COPYRIGHT (C) 2026 Siemens                                         **
** Licensed under GNU Affero General Public License.                  **
** See License file.                                                  **
************************************************************************
 
 ROOT: I02E_FREE_RUPTURABLE_H254_R6  RESTART: 0001
 NUMBER OF HMPP PROCESSES     1
 14/09/2026
 NC=       0 T= 0.0000E+00 DT= 3.3674E-05 ERR=  0.0% DM/M= 0.0000E+00
     ANIMATION FILE: I02E_FREE_RUPTURABLE_H254_R6A001 WRITTEN
 NC=     100 T= 3.3674E-03 DT= 3.3674E-05 ERR=  0.0% DM/M= 0.0000E+00
 ELAPSED TIME=          0.14 s  REMAINING TIME=         14.53 s
 NC=     200 T= 6.7348E-03 DT= 3.3674E-05 ERR=  0.0% DM/M= 0.0000E+00
 ELAPSED TIME=          0.23 s  REMAINING TIME=         11.92 s
 NC=     300 T= 1.0102E-02 DT= 3.3673E-05 ERR=  0.0% DM/M= 0.0000E+00
 ELAPSED TIME=          0.33 s  REMAINING TIME=         11.05 s
     ANIMATION FILE: I02E_FREE_RUPTURABLE_H254_R6A002 WRITTEN
 NC=     400 T= 1.3469E-02 DT= 3.3674E-05 ERR=  0.0% DM/M= 0.0000E+00
 ELAPSED TIME=          0.43 s  REMAINING TIME=         10.67 s
 NC=     500 T= 1.6837E-02 DT= 3.3674E-05 ERR=  0.0% DM/M= 0.0000E+00
 ELAPSED TIME=          0.52 s  REMAINING TIME=         10.28 s
 NC=     600 T= 2.0204E-02 DT= 3.3674E-05 ERR=  0.0% DM/M= 0.0000E+00
 ELAPSED TIME=          0.61 s  REMAINING TIME=         10.03 s
     ANIMATION FILE: I02E_FREE_RUPTURABLE_H254_R6A003 WRITTEN
 NC=     700 T= 2.3572E-02 DT= 3.3674E-05 ERR= -0.0% DM/M= 0.0000E+00
 ELAPSED TIME=          0.71 s  REMAINING TIME=          9.88 s
 NC=     800 T= 2.6939E-02 DT= 3.3674E-05 ERR= -0.0% DM/M= 0.0000E+00
 ELAPSED TIME=          0.81 s  REMAINING TIME=          9.67 s
 NC=     900 T= 3.0306E-02 DT= 3.3674E-05 ERR= -0.0% DM/M= 0.0000E+00
 ELAPSED TIME=          0.90 s  REMAINING TIME=          9.51 s
 NC=    1000 T= 3.3674E-02 DT= 3.3674E-05 ERR= -0.0% DM/M= 0.0000E+00
 ELAPSED TIME=          0.99 s  REMAINING TIME=          9.34 s
     ANIMATION FILE: I02E_FREE_RUPTURABLE_H254_R6A004 WRITTEN
 NC=    1100 T= 3.7041E-02 DT= 3.3674E-05 ERR= -0.0% DM/M= 0.0000E+00
 ELAPSED TIME=          1.09 s  REMAINING TIME=          9.23 s
 NC=    1200 T= 4.0409E-02 DT= 3.3674E-05 ERR= -0.0% DM/M= 0.0000E+00
 ELAPSED TIME=          1.18 s  REMAINING TIME=          9.08 s
 NC=    1300 T= 4.3776E-02 DT= 3.3674E-05 ERR= -0.0% DM/M= 0.0000E+00
 ELAPSED TIME=          1.28 s  REMAINING TIME=          8.94 s
     ANIMATION FILE: I02E_FREE_RUPTURABLE_H254_R6A005 WRITTEN
 NC=    1400 T= 4.7143E-02 DT= 3.3674E-05 ERR= -0.0% DM/M= 0.0000E+00
 ELAPSED TIME=          1.38 s  REMAINING TIME=          8.87 s
 NC=    1500 T= 5.0511E-02 DT= 3.3674E-05 ERR= -0.0% DM/M= 0.0000E+00
 ELAPSED TIME=          1.47 s  REMAINING TIME=          8.73 s
 NC=    1600 T= 5.3878E-02 DT= 3.3674E-05 ERR= -0.0% DM/M= 0.0000E+00
 ELAPSED TIME=          1.56 s  REMAINING TIME=          8.60 s
 NC=    1700 T= 5.7245E-02 DT= 3.3674E-05 ERR= -0.0% DM/M= 0.0000E+00
 ELAPSED TIME=          1.66 s  REMAINING TIME=          8.48 s
     ANIMATION FILE: I02E_FREE_RUPTURABLE_H254_R6A006 WRITTEN
 NC=    1800 T= 6.0613E-02 DT= 3.3674E-05 ERR= -0.0% DM/M= 0.0000E+00
 ELAPSED TIME=          1.75 s  REMAINING TIME=          8.38 s
 NC=    1900 T= 6.3980E-02 DT= 3.3674E-05 ERR= -0.0% DM/M= 0.0000E+00
 ELAPSED TIME=          1.85 s  REMAINING TIME=          8.26 s
 NC=    2000 T= 6.7348E-02 DT= 3.3674E-05 ERR= -0.0% DM/M= 0.0000E+00
 ELAPSED TIME=          1.94 s  REMAINING TIME=          8.15 s
     ANIMATION FILE: I02E_FREE_RUPTURABLE_H254_R6A007 WRITTEN
 NC=    2100 T= 7.0715E-02 DT= 3.3674E-05 ERR= -0.0% DM/M= 0.0000E+00
 ELAPSED TIME=          2.04 s  REMAINING TIME=          8.05 s
 NC=    2200 T= 7.4082E-02 DT= 3.3674E-05 ERR= -0.0% DM/M= 0.0000E+00
 ELAPSED TIME=          2.13 s  REMAINING TIME=          7.94 s
 NC=    2300 T= 7.7450E-02 DT= 3.3674E-05 ERR= -0.0% DM/M= 0.0000E+00
 ELAPSED TIME=          2.22 s  REMAINING TIME=          7.83 s
 NC=    2400 T= 8.0817E-02 DT= 3.3673E-05 ERR= -0.0% DM/M= 0.0000E+00
 ELAPSED TIME=          2.32 s  REMAINING TIME=          7.71 s
     ANIMATION FILE: I02E_FREE_RUPTURABLE_H254_R6A008 WRITTEN
 NC=    2500 T= 8.4184E-02 DT= 3.3674E-05 ERR= -0.0% DM/M= 0.0000E+00
 ELAPSED TIME=          2.41 s  REMAINING TIME=          7.62 s
 NC=    2600 T= 8.7552E-02 DT= 3.3674E-05 ERR=  0.0% DM/M= 0.0000E+00
 ELAPSED TIME=          2.51 s  REMAINING TIME=          7.51 s
 NC=    2700 T= 9.0919E-02 DT= 3.3674E-05 ERR=  0.0% DM/M= 0.0000E+00
 ELAPSED TIME=          2.60 s  REMAINING TIME=          7.41 s
     ANIMATION FILE: I02E_FREE_RUPTURABLE_H254_R6A009 WRITTEN
 NC=    2800 T= 9.4287E-02 DT= 3.3674E-05 ERR=  0.0% DM/M= 0.0000E+00
 ELAPSED TIME=          2.70 s  REMAINING TIME=          7.32 s
 NC=    2900 T= 9.7654E-02 DT= 3.3674E-05 ERR=  0.0% DM/M= 0.0000E+00
 ELAPSED TIME=          2.79 s  REMAINING TIME=          7.21 s
 NC=    3000 T= 1.0102E-01 DT= 3.3674E-05 ERR=  0.0% DM/M= 0.0000E+00
 ELAPSED TIME=          2.88 s  REMAINING TIME=          7.10 s
 NC=    3100 T= 1.0439E-01 DT= 3.3674E-05 ERR=  0.0% DM/M= 0.0000E+00
 ELAPSED TIME=          2.98 s  REMAINING TIME=          7.01 s
     ANIMATION FILE: I02E_FREE_RUPTURABLE_H254_R6A010 WRITTEN
 NC=    3200 T= 1.0776E-01 DT= 3.3674E-05 ERR=  0.0% DM/M= 0.0000E+00
 ELAPSED TIME=          3.07 s  REMAINING TIME=          6.91 s
 NC=    3300 T= 1.1112E-01 DT= 3.3674E-05 ERR=  0.0% DM/M= 0.0000E+00
 ELAPSED TIME=          3.17 s  REMAINING TIME=          6.81 s
 NC=    3400 T= 1.1449E-01 DT= 3.3674E-05 ERR=  0.0% DM/M= 0.0000E+00
 ELAPSED TIME=          3.26 s  REMAINING TIME=          6.71 s
     ANIMATION FILE: I02E_FREE_RUPTURABLE_H254_R6A011 WRITTEN
 NC=    3500 T= 1.1786E-01 DT= 3.3674E-05 ERR=  0.0% DM/M= 0.0000E+00
 ELAPSED TIME=          3.36 s  REMAINING TIME=          6.61 s
 NC=    3600 T= 1.2123E-01 DT= 3.3674E-05 ERR=  0.0% DM/M= 0.0000E+00
 ELAPSED TIME=          3.45 s  REMAINING TIME=          6.51 s
 NC=    3700 T= 1.2459E-01 DT= 3.3674E-05 ERR=  0.0% DM/M= 0.0000E+00
 ELAPSED TIME=          3.54 s  REMAINING TIME=          6.41 s
 NC=    3800 T= 1.2796E-01 DT= 3.3674E-05 ERR=  0.0% DM/M= 0.0000E+00
 ELAPSED TIME=          3.64 s  REMAINING TIME=          6.31 s
     ANIMATION FILE: I02E_FREE_RUPTURABLE_H254_R6A012 WRITTEN
 NC=    3900 T= 1.3133E-01 DT= 3.3674E-05 ERR=  0.0% DM/M= 0.0000E+00
 ELAPSED TIME=          3.73 s  REMAINING TIME=          6.22 s
 NC=    4000 T= 1.3470E-01 DT= 3.3674E-05 ERR=  0.0% DM/M= 0.0000E+00
 ELAPSED TIME=          3.83 s  REMAINING TIME=          6.11 s
 NC=    4100 T= 1.3806E-01 DT= 3.3674E-05 ERR=  0.0% DM/M= 0.0000E+00
 ELAPSED TIME=          3.92 s  REMAINING TIME=          6.02 s
     ANIMATION FILE: I02E_FREE_RUPTURABLE_H254_R6A013 WRITTEN
 NC=    4200 T= 1.4143E-01 DT= 3.3674E-05 ERR=  0.0% DM/M= 0.0000E+00
 ELAPSED TIME=          4.02 s  REMAINING TIME=          5.92 s
 NC=    4300 T= 1.4480E-01 DT= 3.3674E-05 ERR=  0.0% DM/M= 0.0000E+00
 ELAPSED TIME=          4.11 s  REMAINING TIME=          5.82 s
 NC=    4400 T= 1.4816E-01 DT= 3.3674E-05 ERR=  0.0% DM/M= 0.0000E+00
 ELAPSED TIME=          4.20 s  REMAINING TIME=          5.72 s
 NC=    4500 T= 1.5153E-01 DT= 3.3674E-05 ERR=  0.0% DM/M= 0.0000E+00
 ELAPSED TIME=          4.29 s  REMAINING TIME=          5.63 s
     ANIMATION FILE: I02E_FREE_RUPTURABLE_H254_R6A014 WRITTEN
 NC=    4600 T= 1.5490E-01 DT= 3.3674E-05 ERR=  0.0% DM/M= 0.0000E+00
 ELAPSED TIME=          4.39 s  REMAINING TIME=          5.53 s
 NC=    4700 T= 1.5827E-01 DT= 3.3674E-05 ERR=  0.0% DM/M= 0.0000E+00
 ELAPSED TIME=          4.49 s  REMAINING TIME=          5.43 s
 NC=    4800 T= 1.6163E-01 DT= 3.3674E-05 ERR=  0.0% DM/M= 0.0000E+00
 ELAPSED TIME=          4.58 s  REMAINING TIME=          5.33 s
     ANIMATION FILE: I02E_FREE_RUPTURABLE_H254_R6A015 WRITTEN
 NC=    4900 T= 1.6500E-01 DT= 3.3674E-05 ERR=  0.0% DM/M= 0.0000E+00
 ELAPSED TIME=          4.67 s  REMAINING TIME=          5.24 s
 NC=    5000 T= 1.6837E-01 DT= 3.3674E-05 ERR=  0.0% DM/M= 0.0000E+00
 ELAPSED TIME=          4.77 s  REMAINING TIME=          5.14 s
 NC=    5100 T= 1.7174E-01 DT= 3.3674E-05 ERR=  0.0% DM/M= 0.0000E+00
 ELAPSED TIME=          4.86 s  REMAINING TIME=          5.05 s
     ANIMATION FILE: I02E_FREE_RUPTURABLE_H254_R6A016 WRITTEN
 NC=    5200 T= 1.7510E-01 DT= 3.3674E-05 ERR=  0.0% DM/M= 0.0000E+00
 ELAPSED TIME=          4.96 s  REMAINING TIME=          4.95 s
 NC=    5300 T= 1.7847E-01 DT= 3.3674E-05 ERR=  0.0% DM/M= 0.0000E+00
 ELAPSED TIME=          5.05 s  REMAINING TIME=          4.86 s
 NC=    5400 T= 1.8184E-01 DT= 3.3674E-05 ERR=  0.0% DM/M= 0.0000E+00
 ELAPSED TIME=          5.14 s  REMAINING TIME=          4.76 s
 NC=    5500 T= 1.8521E-01 DT= 3.3674E-05 ERR=  0.0% DM/M= 0.0000E+00
 ELAPSED TIME=          5.24 s  REMAINING TIME=          4.66 s
     ANIMATION FILE: I02E_FREE_RUPTURABLE_H254_R6A017 WRITTEN
 NC=    5600 T= 1.8857E-01 DT= 3.3674E-05 ERR=  0.0% DM/M= 0.0000E+00
 ELAPSED TIME=          5.34 s  REMAINING TIME=          4.57 s
 NC=    5700 T= 1.9194E-01 DT= 3.3674E-05 ERR=  0.0% DM/M= 0.0000E+00
 ELAPSED TIME=          5.43 s  REMAINING TIME=          4.47 s
 NC=    5800 T= 1.9531E-01 DT= 3.3674E-05 ERR=  0.0% DM/M= 0.0000E+00
 ELAPSED TIME=          5.52 s  REMAINING TIME=          4.37 s
     ANIMATION FILE: I02E_FREE_RUPTURABLE_H254_R6A018 WRITTEN
 NC=    5900 T= 1.9868E-01 DT= 3.3674E-05 ERR=  0.0% DM/M= 0.0000E+00
 ELAPSED TIME=          5.62 s  REMAINING TIME=          4.28 s
 NC=    6000 T= 2.0204E-01 DT= 3.3674E-05 ERR=  0.0% DM/M= 0.0000E+00
 ELAPSED TIME=          5.71 s  REMAINING TIME=          4.18 s
 NC=    6100 T= 2.0541E-01 DT= 3.3674E-05 ERR=  0.0% DM/M= 0.0000E+00
 ELAPSED TIME=          5.81 s  REMAINING TIME=          4.09 s
 NC=    6200 T= 2.0878E-01 DT= 3.3674E-05 ERR=  0.0% DM/M= 0.0000E+00
 ELAPSED TIME=          5.90 s  REMAINING TIME=          3.99 s
     ANIMATION FILE: I02E_FREE_RUPTURABLE_H254_R6A019 WRITTEN
 NC=    6300 T= 2.1214E-01 DT= 3.3674E-05 ERR=  0.0% DM/M= 0.0000E+00
 ELAPSED TIME=          6.00 s  REMAINING TIME=          3.90 s
 NC=    6400 T= 2.1551E-01 DT= 3.3674E-05 ERR=  0.0% DM/M= 0.0000E+00
 ELAPSED TIME=          6.09 s  REMAINING TIME=          3.80 s
 NC=    6500 T= 2.1888E-01 DT= 3.3674E-05 ERR=  0.0% DM/M= 0.0000E+00
 ELAPSED TIME=          6.18 s  REMAINING TIME=          3.70 s
     ANIMATION FILE: I02E_FREE_RUPTURABLE_H254_R6A020 WRITTEN
 NC=    6600 T= 2.2225E-01 DT= 3.3674E-05 ERR=  0.0% DM/M= 0.0000E+00
 ELAPSED TIME=          6.28 s  REMAINING TIME=          3.61 s
 NC=    6700 T= 2.2561E-01 DT= 3.3674E-05 ERR=  0.0% DM/M= 0.0000E+00
 ELAPSED TIME=          6.37 s  REMAINING TIME=          3.51 s
 NC=    6800 T= 2.2898E-01 DT= 3.3674E-05 ERR=  0.0% DM/M= 0.0000E+00
 ELAPSED TIME=          6.47 s  REMAINING TIME=          3.42 s
 NC=    6900 T= 2.3235E-01 DT= 3.3674E-05 ERR=  0.0% DM/M= 0.0000E+00
 ELAPSED TIME=          6.56 s  REMAINING TIME=          3.32 s
     ANIMATION FILE: I02E_FREE_RUPTURABLE_H254_R6A021 WRITTEN
 NC=    7000 T= 2.3572E-01 DT= 3.3674E-05 ERR=  0.0% DM/M= 0.0000E+00
 ELAPSED TIME=          6.66 s  REMAINING TIME=          3.23 s
 NC=    7100 T= 2.3908E-01 DT= 3.3674E-05 ERR=  0.0% DM/M= 0.0000E+00
 ELAPSED TIME=          6.75 s  REMAINING TIME=          3.13 s
 NC=    7200 T= 2.4245E-01 DT= 3.3674E-05 ERR=  0.0% DM/M= 0.0000E+00
 ELAPSED TIME=          6.85 s  REMAINING TIME=          3.04 s
     ANIMATION FILE: I02E_FREE_RUPTURABLE_H254_R6A022 WRITTEN
 NC=    7300 T= 2.4582E-01 DT= 3.3674E-05 ERR=  0.0% DM/M= 0.0000E+00
 ELAPSED TIME=          6.94 s  REMAINING TIME=          2.94 s
 NC=    7400 T= 2.4919E-01 DT= 3.3674E-05 ERR=  0.0% DM/M= 0.0000E+00
 ELAPSED TIME=          7.04 s  REMAINING TIME=          2.85 s
 NC=    7500 T= 2.5255E-01 DT= 3.3674E-05 ERR=  0.0% DM/M= 0.0000E+00
 ELAPSED TIME=          7.13 s  REMAINING TIME=          2.75 s
 NC=    7600 T= 2.5592E-01 DT= 3.3674E-05 ERR=  0.0% DM/M= 0.0000E+00
 ELAPSED TIME=          7.22 s  REMAINING TIME=          2.65 s
     ANIMATION FILE: I02E_FREE_RUPTURABLE_H254_R6A023 WRITTEN
 NC=    7700 T= 2.5929E-01 DT= 3.3674E-05 ERR=  0.0% DM/M= 0.0000E+00
 ELAPSED TIME=          7.32 s  REMAINING TIME=          2.56 s
 NC=    7800 T= 2.6266E-01 DT= 3.3674E-05 ERR=  0.0% DM/M= 0.0000E+00
 ELAPSED TIME=          7.41 s  REMAINING TIME=          2.47 s
 NC=    7900 T= 2.6602E-01 DT= 3.3674E-05 ERR=  0.0% DM/M= 0.0000E+00
 ELAPSED TIME=          7.51 s  REMAINING TIME=          2.37 s
     ANIMATION FILE: I02E_FREE_RUPTURABLE_H254_R6A024 WRITTEN
 NC=    8000 T= 2.6939E-01 DT= 3.3674E-05 ERR=  0.0% DM/M= 0.0000E+00
 ELAPSED TIME=          7.60 s  REMAINING TIME=          2.28 s
 NC=    8100 T= 2.7276E-01 DT= 3.3674E-05 ERR=  0.0% DM/M= 0.0000E+00
 ELAPSED TIME=          7.70 s  REMAINING TIME=          2.18 s
 NC=    8200 T= 2.7613E-01 DT= 3.3674E-05 ERR=  0.0% DM/M= 0.0000E+00
 ELAPSED TIME=          7.79 s  REMAINING TIME=          2.08 s
 NC=    8300 T= 2.7949E-01 DT= 3.3674E-05 ERR=  0.0% DM/M= 0.0000E+00
 ELAPSED TIME=          7.88 s  REMAINING TIME=          1.99 s
     ANIMATION FILE: I02E_FREE_RUPTURABLE_H254_R6A025 WRITTEN
 NC=    8400 T= 2.8286E-01 DT= 3.3674E-05 ERR=  0.0% DM/M= 0.0000E+00
 ELAPSED TIME=          7.98 s  REMAINING TIME=          1.89 s
 NC=    8500 T= 2.8623E-01 DT= 3.3674E-05 ERR=  0.0% DM/M= 0.0000E+00
 ELAPSED TIME=          8.07 s  REMAINING TIME=          1.80 s
 NC=    8600 T= 2.8959E-01 DT= 3.3674E-05 ERR=  0.0% DM/M= 0.0000E+00
 ELAPSED TIME=          8.17 s  REMAINING TIME=          1.70 s
     ANIMATION FILE: I02E_FREE_RUPTURABLE_H254_R6A026 WRITTEN
 NC=    8700 T= 2.9296E-01 DT= 3.3674E-05 ERR= -0.0% DM/M= 0.0000E+00
 ELAPSED TIME=          8.26 s  REMAINING TIME=          1.61 s
 NC=    8800 T= 2.9633E-01 DT= 3.3674E-05 ERR= -0.0% DM/M= 0.0000E+00
 ELAPSED TIME=          8.36 s  REMAINING TIME=          1.51 s
 NC=    8900 T= 2.9970E-01 DT= 3.3674E-05 ERR= -0.0% DM/M= 0.0000E+00
 ELAPSED TIME=          8.45 s  REMAINING TIME=          1.42 s
 NC=    9000 T= 3.0306E-01 DT= 3.3674E-05 ERR= -0.0% DM/M= 0.0000E+00
 ELAPSED TIME=          8.54 s  REMAINING TIME=          1.32 s
     ANIMATION FILE: I02E_FREE_RUPTURABLE_H254_R6A027 WRITTEN
 NC=    9100 T= 3.0643E-01 DT= 3.3674E-05 ERR= -0.0% DM/M= 0.0000E+00
 ELAPSED TIME=          8.64 s  REMAINING TIME=          1.23 s
 NC=    9200 T= 3.0980E-01 DT= 3.3674E-05 ERR= -0.0% DM/M= 0.0000E+00
 ELAPSED TIME=          8.73 s  REMAINING TIME=          1.13 s
 NC=    9300 T= 3.1317E-01 DT= 3.3674E-05 ERR= -0.0% DM/M= 0.0000E+00
 ELAPSED TIME=          8.83 s  REMAINING TIME=          1.04 s
     ANIMATION FILE: I02E_FREE_RUPTURABLE_H254_R6A028 WRITTEN
 NC=    9400 T= 3.1653E-01 DT= 3.3674E-05 ERR= -0.0% DM/M= 0.0000E+00
 ELAPSED TIME=          8.92 s  REMAINING TIME=          0.94 s
 NC=    9500 T= 3.1990E-01 DT= 3.3674E-05 ERR= -0.0% DM/M= 0.0000E+00
 ELAPSED TIME=          9.02 s  REMAINING TIME=          0.85 s
 NC=    9600 T= 3.2327E-01 DT= 3.3674E-05 ERR= -0.0% DM/M= 0.0000E+00
 ELAPSED TIME=          9.11 s  REMAINING TIME=          0.75 s
 NC=    9700 T= 3.2664E-01 DT= 3.3674E-05 ERR= -0.0% DM/M= 0.0000E+00
 ELAPSED TIME=          9.20 s  REMAINING TIME=          0.66 s
     ANIMATION FILE: I02E_FREE_RUPTURABLE_H254_R6A029 WRITTEN
 NC=    9800 T= 3.3000E-01 DT= 3.3674E-05 ERR= -0.0% DM/M= 0.0000E+00
 ELAPSED TIME=          9.30 s  REMAINING TIME=          0.56 s
 NC=    9900 T= 3.3337E-01 DT= 3.3674E-05 ERR= -0.0% DM/M= 0.0000E+00
 ELAPSED TIME=          9.39 s  REMAINING TIME=          0.47 s
 NC=   10000 T= 3.3674E-01 DT= 3.3674E-05 ERR= -0.0% DM/M= 0.0000E+00
 ELAPSED TIME=          9.49 s  REMAINING TIME=          0.37 s
     ANIMATION FILE: I02E_FREE_RUPTURABLE_H254_R6A030 WRITTEN
 NC=   10100 T= 3.4011E-01 DT= 3.3674E-05 ERR= -0.0% DM/M= 0.0000E+00
 ELAPSED TIME=          9.58 s  REMAINING TIME=          0.28 s
 NC=   10200 T= 3.4347E-01 DT= 3.3674E-05 ERR= -0.0% DM/M= 0.0000E+00
 ELAPSED TIME=          9.68 s  REMAINING TIME=          0.18 s
 NC=   10300 T= 3.4684E-01 DT= 3.3674E-05 ERR= -0.0% DM/M= 0.0000E+00
 ELAPSED TIME=          9.77 s  REMAINING TIME=          0.09 s
     RESTART FILES: I02E_FREE_RUPTURABLE_H254_R6_0001_[0001-0001].rst WRITTEN
     ANIMATION FILE: I02E_FREE_RUPTURABLE_H254_R6A031 WRITTEN
  
                           ** CPU USER TIME **
  
  
                        ** SUMMARY **
  
 #PROC  ELEMENT   KINCOND   INTEG     IO        T0        ASM       RESOL    
   1   .7609E+01 .9375E-01 .1562E+00 .1297E+01 .4688E-01 .2188E+00 .9828E+01
 
                   ** CUMULATIVE CPU TIME SUMMARY **
  
 CONTACT SORTING.............: .0000E+00     0.00 % 
 CONTACT FORCES..............: .0000E+00     0.00 % 
 ELEMENT FORCES..............: .7609E+01    77.42 % 
 KINEMATIC COND..............: .9375E-01     0.95 % 
 INTEGRATION.................: .1562E+00     1.59 % 
 ASSEMBLING..................: .2188E+00     2.23 % 
 OTHERS (including I/O)......: .1750E+01    17.81 % 
 TOTAL.......................: .9828E+01   100.00 % 
  
                   ** MEMORY USAGE STATISTICS **
  
 TOTAL MEMORY USED .........................:       57 MB
 MAXIMUM MEMORY PER PROCESSOR...............:       57 MB
 MINIMUM MEMORY PER PROCESSOR...............:       57 MB
 AVERAGE MEMORY PER PROCESSOR...............:       57 MB
  
                   ** DISK USAGE STATISTICS **
  
 TOTAL DISK SPACE USED .....................:          9 MB
 ANIMATION/H3D/TH/OUTP SIZE ................:          6 MB
 RESTART FILE SIZE .........................:          2 MB
  
 ELAPSED TIME     =          9.87 s
                          0:00:09
  
     NORMAL TERMINATION      
     TOTAL NUMBER OF CYCLES  :   10395
