 I02E_FREE_RUPTURABLE_H254_R6_0001.out
************************************************************************
**                                                                    **
**                                                                    **
**                         OpenRadioss Engine                         **
**                                                                    **
**            Non-linear Finite Element Analysis Software             **
**                                                                    **
**                                                                    **
**                                                                    **
**                  Windows 64 bits, Intel compiler                   **
**                      Double Precision Version                      **
**                                                                    **
**                                                                    **
**                                                                    **
************************************************************************
** OpenRadioss Software                                               **
** COPYRIGHT (C) 2026 Siemens                                         **
** Licensed under GNU Affero General Public License.                  **
** See License file.                                                  **
************************************************************************
 
 NUMBER OF SPMD DOMAINS           1
 NUMBER OF THREADS PER DOMAIN     1
 NUMBER OF HMPP PROCESSES         1
  
 COMPUTATION HARDWARE DESCRIPTION
  
 HOSTNAME     CPU TYPE, FREQUENCY AND MEMORY
 jeux   AMD Ryzen 5 5600 6-Core Processor               (x86_64), 3700 MHz,   7057 MB RAM,  18090 MB swap
  
 STACKSIZE  . . . . . . . . . . . . . . . . . . . . 1430 MB
 THREAD STACKSIZE . . . . . . . . . . . . . . . . . 400 MB
 
************************************************************************


 I02E_FREE_RUPTURABLE_H254_R6D01                                                 


 FINAL TIME . . . . . . . . . . . . . . . . . . .  0.3500000    

 TIME INTERVAL FOR TIME HISTORY PLOTS . . . . . .  0.1000000E-02

 TIME STEP SCALE FACTOR . . . . . . . . . . . . .  0.4000000    

 MINIMUM TIME STEP  . . . . . . . . . . . . . . .   0.000000    


 BRICK TIME STEP SCALE FACTOR . . . . . . . . . .  0.4000000    
 BRICK MINIMUM TIME STEP. . . . . . . . . . . . .   0.000000    
 MIN. TIME STEP FLAG (1:STOP RUN, 2:DELETE BRICK)     1

 QUAD TIME STEP SCALE FACTOR. . . . . . . . . . .  0.4000000    
 QUAD MINIMUM TIME STEP . . . . . . . . . . . . .   0.000000    
 MIN. TIME STEP FLAG (1:STOP RUN, 2:DELETE QUAD).     1

 SHELL TIME STEP SCALE FACTOR . . . . . . . . . .  0.4000000    
 SHELL MINIMUM TIME STEP. . . . . . . . . . . . .   0.000000    
 MIN. TIME FLAG (1:STOP, 2:DELETE, 3:SMALL STRAIN)    2

 TRUSS TIME STEP SCALE FACTOR . . . . . . . . . .  0.4000000    
 TRUSS MINIMUM TIME STEP. . . . . . . . . . . . .   0.000000    
 MIN. TIME FLAG (1:STOP, 2:DELETE). . . . . . . .     0

 BEAM TIME STEP SCALE FACTOR. . . . . . . . . . .  0.4000000    
 BEAM MINIMUM TIME STEP . . . . . . . . . . . . .   0.000000    
 MIN. TIME FLAG (1:STOP, 2:DELETE). . . . . . . .     0

 SPRING TIME STEP SCALE FACTOR. . . . . . . . . .  0.4000000    
 SPRING MINIMUM TIME STEP . . . . . . . . . . . .   0.000000    
 MIN. TIME FLAG (1:STOP, 2:DELETE). . . . . . . .     0

 AIRBAG TIME STEP SCALE FACTOR. . . . . . . . . .  0.4000000    
 AIRBAG MINIMUM TIME STEP . . . . . . . . . . . .   0.000000    
 MIN. TIME FLAG (1:STOP). . . . . . . . . . . . .     0

 CONTACT TIME STEP SCALE FACTOR . . . . . . . . .  0.4000000    
 CONTACT MINIMUM TIME STEP. . . . . . . . . . . .   0.000000    
 MIN. TIME FLAG(1:STOP, 2:REMOVE NODE FROM INTERF)    0

 PRINTOUT CYCLE FREQUENCY . . . . . . . . . . . .  -100

 RESTART CYCLE FREQUENCY. . . . . . . . . . . . .   10000000

 MAXIMUM RESTART WRITE BEFORE OVERWRITE . . . . .     0

 INVERS: INPUT DECK VERSION . . . . . . . . . . .  2026
 ITTYP : FLAG FOR TYPE OF T-FILE. . . . . . . . .     4

 INITIAL TIME STEP. . . . . . . . . . . . . . . .   0.000000    
 MAXIMUM TIME STEP. . . . . . . . . . . . . . . .  0.1000000E+21

 PARALLEL ARITHMETIC ON
 NUMBER OF INTERFACES TO BE ELIMINATED. . . . . .        0

 NUMBER OF PARTS TO BE ELIMINATED . . . . . . . .        0

 NUMBER OF SOLID  ELEMENT BLOCKS TO BE ELIMINATED        0

 NUMBER OF QUAD   ELEMENT BLOCKS TO BE ELIMINATED        0

 NUMBER OF SHELL  ELEMENT BLOCKS TO BE ELIMINATED        0

 NUMBER OF TRUSS  ELEMENT BLOCKS TO BE ELIMINATED        0

 NUMBER OF BEAM   ELEMENT BLOCKS TO BE ELIMINATED        0

 NUMBER OF SPRING ELEMENT BLOCKS TO BE ELIMINATED        0

 NUMBER OF SH_3N  ELEMENT BLOCKS TO BE ELIMINATED        0

 NUMBER OF  SPH PARTICLES BLOCKS TO BE ELIMINATED        0

 NUMBER OF RIGID LINKS. . . . . . . . . . . . . .        0

 NUMBER OF NEW BOUNDARY CONDITIONS. . . . . . . .        0


 TIME FOR FIRST ANIMATION-FILE PLOT . . . . . . .   0.000000    
 TIME INTERVAL FOR ANIMATION-FILE PLOTS . . . . .  0.1166667E-01
 TIME TO STOP ANIMATION-FILE PLOTS. . . . . . . .  0.1000000E+21
 SENSOR FOR ANIMATION-FILE PLOTS. . . . . . . . .          0
 TIME INTERVAL FOR SENSOR ANIMATION-FILE PLOTS. .   0.000000    

 VARIABLE SAVED ON ANIMATION FILES (1: YES) :
      PLASTIC STRAIN. . . . . .     0
      DENSITY     (SOLID ONLY).     0
      SPECIFIC ENERGY . . . . .     1
      HOURGLASS ENERGY. . . . .     0
      TEMPERATURE (SOLID ONLY).     0
      THICKNESS   (SHELL ONLY).     0
      PRESSURE    (SOLID ONLY).     0
      VON MISES . . . . . . . .     0
      TURBULENT ENERGY (FLUID).     0
      TURBULENT VISCOSITY(FLUID)    0
      VORTICITY (FLUID) . . . .     0
 NODAL VALUES SAVED ON ANIMATION FILES (1: YES) :
      PRESSURE. . . . . . . . .     0
      DENSITY . . . . . . . . .     0
      TEMPERATURE . . . . . . .     0
 VECTOR SAVED ON ANIMATION FILES (1: YES) :
      VELOCITY VECTOR . . . . .     1
      DISPLACEMENT VECTOR . . .     1
      ACCELERATION VECTOR . . .     0
      CONTACT FORCES. . . . . .     0
      INTERNAL FORCES . . . . .     0
      EXTERNAL FORCES . . . . .     0
      SECTION RBY RWALL FORCES.     0
      ROTATIONAL VELOCITY VECTOR    0
      CONTACT PRESSURE (VECTORS)    0
 SHELL TENSOR SAVED ON ANIMATION FILES (1: YES) :
      MEMBRANE STRESS . . . . .     0
      BENDING STRESS(MOMENT/T^2)    0
      UPPER LAYER STRESS. . . .     0
      LOWER LAYER STRESS. . . .     0
      MEMBRANE STRAIN . . . . .     0
      CURVATURE . . . . . . . .     0
      UPPER LAYER STRAIN. . . .     0
      LOWER LAYER STRAIN. . . .     0
 NODAL MASS SAVED ON ANIMATION FILES (1: YES) :    0
 KEEP DELETED ELEMENT (1: YES) :    0


 14/09/2026
   CYCLE    TIME      TIME-STEP  ELEMENT          ERROR  I-ENERGY    K-ENERGY T  K-ENERGY R  EXT-WORK     MAS.ERR     TOTAL MASS  MASS ADDED
       0   0.000      0.3367E-04 NODE        1818   0.0%   0.000      0.3883E+08   0.000       0.000       0.000      0.4706E+05   0.000    
     ANIMATION FILE: I02E_FREE_RUPTURABLE_H254_R6A001 WRITTEN
     100  0.3367E-02  0.3367E-04 NODE        1818   0.0%   965.0      0.3883E+08  0.2142       0.000       0.000      0.4706E+05   0.000    
     200  0.6735E-02  0.3367E-04 NODE        1818   0.0%   980.1      0.3883E+08   1.289       0.000       0.000      0.4706E+05   0.000    
     300  0.1010E-01  0.3367E-04 NODE        1824   0.0%   976.4      0.3883E+08   1.947       0.000       0.000      0.4706E+05   0.000    
     ANIMATION FILE: I02E_FREE_RUPTURABLE_H254_R6A002 WRITTEN
     400  0.1347E-01  0.3367E-04 NODE        1824   0.0%   961.6      0.3883E+08  0.4400       0.000       0.000      0.4706E+05   0.000    
     500  0.1684E-01  0.3367E-04 NODE        1821   0.0%   948.7      0.3883E+08   2.291       0.000       0.000      0.4706E+05   0.000    
     600  0.2020E-01  0.3367E-04 NODE        1826   0.0%   938.0      0.3883E+08   2.265       0.000       0.000      0.4706E+05   0.000    
     ANIMATION FILE: I02E_FREE_RUPTURABLE_H254_R6A003 WRITTEN
     700  0.2357E-01  0.3367E-04 NODE        1826  -0.0%   931.3      0.3883E+08   1.279       0.000       0.000      0.4706E+05   0.000    
     800  0.2694E-01  0.3367E-04 NODE        1822  -0.0%   927.0      0.3883E+08  0.6811       0.000       0.000      0.4706E+05   0.000    
     900  0.3031E-01  0.3367E-04 NODE        1819  -0.0%   924.7      0.3883E+08  0.6908       0.000       0.000      0.4706E+05   0.000    
    1000  0.3367E-01  0.3367E-04 NODE        1818  -0.0%   922.6      0.3883E+08   1.217       0.000       0.000      0.4706E+05   0.000    
     ANIMATION FILE: I02E_FREE_RUPTURABLE_H254_R6A004 WRITTEN
    1100  0.3704E-01  0.3367E-04 NODE        1820  -0.0%   923.9      0.3883E+08   1.126       0.000       0.000      0.4706E+05   0.000    
    1200  0.4041E-01  0.3367E-04 NODE        1822  -0.0%   925.9      0.3883E+08   1.393       0.000       0.000      0.4706E+05   0.000    
    1300  0.4378E-01  0.3367E-04 NODE        1825  -0.0%   930.9      0.3883E+08   2.260       0.000       0.000      0.4706E+05   0.000    
     ANIMATION FILE: I02E_FREE_RUPTURABLE_H254_R6A005 WRITTEN
    1400  0.4714E-01  0.3367E-04 NODE        1818  -0.0%   939.3      0.3883E+08   2.542       0.000       0.000      0.4706E+05   0.000    
    1500  0.5051E-01  0.3367E-04 NODE        1821  -0.0%   952.3      0.3883E+08   1.054       0.000       0.000      0.4706E+05   0.000    
    1600  0.5388E-01  0.3367E-04 NODE        1820  -0.0%   961.7      0.3883E+08   2.500       0.000       0.000      0.4706E+05   0.000    
    1700  0.5725E-01  0.3367E-04 NODE        1824  -0.0%   974.7      0.3883E+08   1.959       0.000       0.000      0.4706E+05   0.000    
     ANIMATION FILE: I02E_FREE_RUPTURABLE_H254_R6A006 WRITTEN
    1800  0.6061E-01  0.3367E-04 NODE        1818  -0.0%   988.2      0.3883E+08   3.005       0.000       0.000      0.4706E+05   0.000    
    1900  0.6398E-01  0.3367E-04 NODE        1818  -0.0%   1007.      0.3883E+08   1.868       0.000       0.000      0.4706E+05   0.000    
    2000  0.6735E-01  0.3367E-04 NODE        1822  -0.0%   1027.      0.3883E+08   2.081       0.000       0.000      0.4706E+05   0.000    
     ANIMATION FILE: I02E_FREE_RUPTURABLE_H254_R6A007 WRITTEN
    2100  0.7071E-01  0.3367E-04 NODE        1819  -0.0%   1049.      0.3883E+08   1.453       0.000       0.000      0.4706E+05   0.000    
    2200  0.7408E-01  0.3367E-04 NODE        1819  -0.0%   1073.      0.3883E+08   1.298       0.000       0.000      0.4706E+05   0.000    
    2300  0.7745E-01  0.3367E-04 NODE        1818  -0.0%   1097.      0.3883E+08   1.737       0.000       0.000      0.4706E+05   0.000    
    2400  0.8082E-01  0.3367E-04 NODE        1821  -0.0%   1123.      0.3883E+08   2.227       0.000       0.000      0.4706E+05   0.000    
     ANIMATION FILE: I02E_FREE_RUPTURABLE_H254_R6A008 WRITTEN
    2500  0.8418E-01  0.3367E-04 NODE        1820  -0.0%   1152.      0.3883E+08   1.659       0.000       0.000      0.4706E+05   0.000    
    2600  0.8755E-01  0.3367E-04 NODE        1822   0.0%   1181.      0.3883E+08   1.033       0.000       0.000      0.4706E+05   0.000    
    2700  0.9092E-01  0.3367E-04 NODE        1818   0.0%   1211.      0.3883E+08   1.529       0.000       0.000      0.4706E+05   0.000    
     ANIMATION FILE: I02E_FREE_RUPTURABLE_H254_R6A009 WRITTEN
    2800  0.9429E-01  0.3367E-04 NODE        1821   0.0%   1244.      0.3883E+08   1.333       0.000       0.000      0.4706E+05   0.000    
    2900  0.9765E-01  0.3367E-04 NODE        1821   0.0%   1279.      0.3883E+08   1.374       0.000       0.000      0.4706E+05   0.000    
    3000  0.1010      0.3367E-04 NODE        1818   0.0%   1313.      0.3883E+08   1.295       0.000       0.000      0.4706E+05   0.000    
    3100  0.1044      0.3367E-04 NODE        1826   0.0%   1349.      0.3883E+08   1.473       0.000       0.000      0.4706E+05   0.000    
     ANIMATION FILE: I02E_FREE_RUPTURABLE_H254_R6A010 WRITTEN
    3200  0.1078      0.3367E-04 NODE        1826   0.0%   1386.      0.3883E+08   1.705       0.000       0.000      0.4706E+05   0.000    
    3300  0.1111      0.3367E-04 NODE        1824   0.0%   1424.      0.3883E+08   1.497       0.000       0.000      0.4706E+05   0.000    
    3400  0.1145      0.3367E-04 NODE        1826   0.0%   1463.      0.3883E+08   1.640       0.000       0.000      0.4706E+05   0.000    
     ANIMATION FILE: I02E_FREE_RUPTURABLE_H254_R6A011 WRITTEN
    3500  0.1179      0.3367E-04 NODE        1826   0.0%   1503.      0.3883E+08   1.579       0.000       0.000      0.4706E+05   0.000    
    3600  0.1212      0.3367E-04 NODE        1822   0.0%   1543.      0.3883E+08   1.114       0.000       0.000      0.4706E+05   0.000    
    3700  0.1246      0.3367E-04 NODE        1822   0.0%   1582.      0.3883E+08   2.080       0.000       0.000      0.4706E+05   0.000    
    3800  0.1280      0.3367E-04 NODE        1822   0.0%   1622.      0.3883E+08   1.953       0.000       0.000      0.4706E+05   0.000    
     ANIMATION FILE: I02E_FREE_RUPTURABLE_H254_R6A012 WRITTEN
    3900  0.1313      0.3367E-04 NODE        1818   0.0%   1664.      0.3883E+08   1.742       0.000       0.000      0.4706E+05   0.000    
    4000  0.1347      0.3367E-04 NODE        1824   0.0%   1705.      0.3883E+08   1.647       0.000       0.000      0.4706E+05   0.000    
    4100  0.1381      0.3367E-04 NODE        1822   0.0%   1746.      0.3883E+08   1.926       0.000       0.000      0.4706E+05   0.000    
     ANIMATION FILE: I02E_FREE_RUPTURABLE_H254_R6A013 WRITTEN
    4200  0.1414      0.3367E-04 NODE        1818   0.0%   1788.      0.3883E+08   1.576       0.000       0.000      0.4706E+05   0.000    
    4300  0.1448      0.3367E-04 NODE        1818   0.0%   1830.      0.3883E+08   1.667       0.000       0.000      0.4706E+05   0.000    
    4400  0.1482      0.3367E-04 NODE        1821   0.0%   1870.      0.3883E+08   1.743       0.000       0.000      0.4706E+05   0.000    
    4500  0.1515      0.3367E-04 NODE        1824   0.0%   1910.      0.3883E+08   1.600       0.000       0.000      0.4706E+05   0.000    
     ANIMATION FILE: I02E_FREE_RUPTURABLE_H254_R6A014 WRITTEN
    4600  0.1549      0.3367E-04 NODE        1824   0.0%   1949.      0.3883E+08   1.586       0.000       0.000      0.4706E+05   0.000    
    4700  0.1583      0.3367E-04 NODE        1822   0.0%   1989.      0.3883E+08   1.552       0.000       0.000      0.4706E+05   0.000    
    4800  0.1616      0.3367E-04 NODE        1822   0.0%   2028.      0.3883E+08   1.825       0.000       0.000      0.4706E+05   0.000    
     ANIMATION FILE: I02E_FREE_RUPTURABLE_H254_R6A015 WRITTEN
    4900  0.1650      0.3367E-04 NODE        1821   0.0%   2066.      0.3883E+08   1.907       0.000       0.000      0.4706E+05   0.000    
    5000  0.1684      0.3367E-04 NODE        1823   0.0%   2102.      0.3883E+08   1.630       0.000       0.000      0.4706E+05   0.000    
    5100  0.1717      0.3367E-04 NODE        1818   0.0%   2136.      0.3883E+08   1.804       0.000       0.000      0.4706E+05   0.000    
     ANIMATION FILE: I02E_FREE_RUPTURABLE_H254_R6A016 WRITTEN
    5200  0.1751      0.3367E-04 NODE        1819   0.0%   2172.      0.3883E+08   1.475       0.000       0.000      0.4706E+05   0.000    
    5300  0.1785      0.3367E-04 NODE        1820   0.0%   2207.      0.3883E+08   1.069       0.000       0.000      0.4706E+05   0.000    
    5400  0.1818      0.3367E-04 NODE        1824   0.0%   2238.      0.3883E+08   1.802       0.000       0.000      0.4706E+05   0.000    
    5500  0.1852      0.3367E-04 NODE        1818   0.0%   2270.      0.3883E+08   1.313       0.000       0.000      0.4706E+05   0.000    
     ANIMATION FILE: I02E_FREE_RUPTURABLE_H254_R6A017 WRITTEN
    5600  0.1886      0.3367E-04 NODE        1818   0.0%   2299.      0.3883E+08   1.685       0.000       0.000      0.4706E+05   0.000    
    5700  0.1919      0.3367E-04 NODE        1818   0.0%   2326.      0.3883E+08   1.625       0.000       0.000      0.4706E+05   0.000    
    5800  0.1953      0.3367E-04 NODE        1819   0.0%   2352.      0.3883E+08   1.639       0.000       0.000      0.4706E+05   0.000    
     ANIMATION FILE: I02E_FREE_RUPTURABLE_H254_R6A018 WRITTEN
    5900  0.1987      0.3367E-04 NODE        1822   0.0%   2377.      0.3883E+08   1.549       0.000       0.000      0.4706E+05   0.000    
    6000  0.2020      0.3367E-04 NODE        1822   0.0%   2401.      0.3883E+08   1.304       0.000       0.000      0.4706E+05   0.000    
    6100  0.2054      0.3367E-04 NODE        1821   0.0%   2422.      0.3883E+08   1.664       0.000       0.000      0.4706E+05   0.000    
    6200  0.2088      0.3367E-04 NODE        1822   0.0%   2442.      0.3883E+08   1.491       0.000       0.000      0.4706E+05   0.000    
     ANIMATION FILE: I02E_FREE_RUPTURABLE_H254_R6A019 WRITTEN
    6300  0.2121      0.3367E-04 NODE        1818   0.0%   2459.      0.3883E+08   1.425       0.000       0.000      0.4706E+05   0.000    
    6400  0.2155      0.3367E-04 NODE        1822   0.0%   2473.      0.3883E+08   1.664       0.000       0.000      0.4706E+05   0.000    
    6500  0.2189      0.3367E-04 NODE        1824   0.0%   2487.      0.3883E+08   1.583       0.000       0.000      0.4706E+05   0.000    
     ANIMATION FILE: I02E_FREE_RUPTURABLE_H254_R6A020 WRITTEN
    6600  0.2222      0.3367E-04 NODE        1824   0.0%   2500.      0.3883E+08   1.158       0.000       0.000      0.4706E+05   0.000    
    6700  0.2256      0.3367E-04 NODE        1818   0.0%   2509.      0.3883E+08   1.421       0.000       0.000      0.4706E+05   0.000    
    6800  0.2290      0.3367E-04 NODE        1818   0.0%   2516.      0.3883E+08   1.802       0.000       0.000      0.4706E+05   0.000    
    6900  0.2323      0.3367E-04 NODE        1820   0.0%   2521.      0.3883E+08   1.380       0.000       0.000      0.4706E+05   0.000    
     ANIMATION FILE: I02E_FREE_RUPTURABLE_H254_R6A021 WRITTEN
    7000  0.2357      0.3367E-04 NODE        1821   0.0%   2524.      0.3883E+08   1.442       0.000       0.000      0.4706E+05   0.000    
    7100  0.2391      0.3367E-04 NODE        1824   0.0%   2526.      0.3883E+08   1.350       0.000       0.000      0.4706E+05   0.000    
    7200  0.2425      0.3367E-04 NODE        1824   0.0%   2525.      0.3883E+08   1.464       0.000       0.000      0.4706E+05   0.000    
     ANIMATION FILE: I02E_FREE_RUPTURABLE_H254_R6A022 WRITTEN
    7300  0.2458      0.3367E-04 NODE        1822   0.0%   2523.      0.3883E+08   1.270       0.000       0.000      0.4706E+05   0.000    
    7400  0.2492      0.3367E-04 NODE        1822   0.0%   2518.      0.3883E+08   1.210       0.000       0.000      0.4706E+05   0.000    
    7500  0.2526      0.3367E-04 NODE        1818   0.0%   2510.      0.3883E+08   1.387       0.000       0.000      0.4706E+05   0.000    
    7600  0.2559      0.3367E-04 NODE        1818   0.0%   2501.      0.3883E+08   1.241       0.000       0.000      0.4706E+05   0.000    
     ANIMATION FILE: I02E_FREE_RUPTURABLE_H254_R6A023 WRITTEN
    7700  0.2593      0.3367E-04 NODE        1819   0.0%   2490.      0.3883E+08   1.264       0.000       0.000      0.4706E+05   0.000    
    7800  0.2627      0.3367E-04 NODE        1819   0.0%   2476.      0.3883E+08   1.513       0.000       0.000      0.4706E+05   0.000    
    7900  0.2660      0.3367E-04 NODE        1818   0.0%   2462.      0.3883E+08   1.382       0.000       0.000      0.4706E+05   0.000    
     ANIMATION FILE: I02E_FREE_RUPTURABLE_H254_R6A024 WRITTEN
    8000  0.2694      0.3367E-04 NODE        1818   0.0%   2446.      0.3883E+08  0.8389       0.000       0.000      0.4706E+05   0.000    
    8100  0.2728      0.3367E-04 NODE        1824   0.0%   2427.      0.3883E+08   1.035       0.000       0.000      0.4706E+05   0.000    
    8200  0.2761      0.3367E-04 NODE        1822   0.0%   2405.      0.3883E+08   1.205       0.000       0.000      0.4706E+05   0.000    
    8300  0.2795      0.3367E-04 NODE        1822   0.0%   2383.      0.3883E+08   1.348       0.000       0.000      0.4706E+05   0.000    
     ANIMATION FILE: I02E_FREE_RUPTURABLE_H254_R6A025 WRITTEN
    8400  0.2829      0.3367E-04 NODE        1818   0.0%   2359.      0.3883E+08   1.295       0.000       0.000      0.4706E+05   0.000    
    8500  0.2862      0.3367E-04 NODE        1822   0.0%   2334.      0.3883E+08   1.328       0.000       0.000      0.4706E+05   0.000    
    8600  0.2896      0.3367E-04 NODE        1820   0.0%   2307.      0.3883E+08   1.241       0.000       0.000      0.4706E+05   0.000    
     ANIMATION FILE: I02E_FREE_RUPTURABLE_H254_R6A026 WRITTEN
    8700  0.2930      0.3367E-04 NODE        1824  -0.0%   2279.      0.3883E+08  0.9816       0.000       0.000      0.4706E+05   0.000    
    8800  0.2963      0.3367E-04 NODE        1826  -0.0%   2247.      0.3883E+08   1.419       0.000       0.000      0.4706E+05   0.000    
    8900  0.2997      0.3367E-04 NODE        1818  -0.0%   2216.      0.3883E+08   1.285       0.000       0.000      0.4706E+05   0.000    
    9000  0.3031      0.3367E-04 NODE        1822  -0.0%   2183.      0.3883E+08   1.331       0.000       0.000      0.4706E+05   0.000    
     ANIMATION FILE: I02E_FREE_RUPTURABLE_H254_R6A027 WRITTEN
    9100  0.3064      0.3367E-04 NODE        1822  -0.0%   2150.      0.3883E+08   1.179       0.000       0.000      0.4706E+05   0.000    
    9200  0.3098      0.3367E-04 NODE        1824  -0.0%   2115.      0.3883E+08   1.313       0.000       0.000      0.4706E+05   0.000    
    9300  0.3132      0.3367E-04 NODE        1824  -0.0%   2080.      0.3883E+08   1.265       0.000       0.000      0.4706E+05   0.000    
     ANIMATION FILE: I02E_FREE_RUPTURABLE_H254_R6A028 WRITTEN
    9400  0.3165      0.3367E-04 NODE        1818  -0.0%   2043.      0.3883E+08   1.196       0.000       0.000      0.4706E+05   0.000    
    9500  0.3199      0.3367E-04 NODE        1818  -0.0%   2005.      0.3883E+08   1.452       0.000       0.000      0.4706E+05   0.000    
    9600  0.3233      0.3367E-04 NODE        1818  -0.0%   1968.      0.3883E+08   1.439       0.000       0.000      0.4706E+05   0.000    
    9700  0.3266      0.3367E-04 NODE        1822  -0.0%   1929.      0.3883E+08   1.219       0.000       0.000      0.4706E+05   0.000    
     ANIMATION FILE: I02E_FREE_RUPTURABLE_H254_R6A029 WRITTEN
    9800  0.3300      0.3367E-04 NODE        1822  -0.0%   1891.      0.3883E+08   1.139       0.000       0.000      0.4706E+05   0.000    
    9900  0.3334      0.3367E-04 NODE        1822  -0.0%   1852.      0.3883E+08   1.183       0.000       0.000      0.4706E+05   0.000    
   CYCLE    TIME      TIME-STEP  ELEMENT          ERROR  I-ENERGY    K-ENERGY T  K-ENERGY R  EXT-WORK     MAS.ERR     TOTAL MASS  MASS ADDED
   10000  0.3367      0.3367E-04 NODE        1823  -0.0%   1812.      0.3883E+08   1.162       0.000       0.000      0.4706E+05   0.000    
     ANIMATION FILE: I02E_FREE_RUPTURABLE_H254_R6A030 WRITTEN
   10100  0.3401      0.3367E-04 NODE        1822  -0.0%   1773.      0.3883E+08  0.8448       0.000       0.000      0.4706E+05   0.000    
   10200  0.3435      0.3367E-04 NODE        1822  -0.0%   1732.      0.3883E+08   1.189       0.000       0.000      0.4706E+05   0.000    
   10300  0.3468      0.3367E-04 NODE        1818  -0.0%   1692.      0.3883E+08   1.209       0.000       0.000      0.4706E+05   0.000    

     RESTART FILES: I02E_FREE_RUPTURABLE_H254_R6_0001_[0001-0001].rst WRITTEN
     -------------

     ANIMATION FILE: I02E_FREE_RUPTURABLE_H254_R6A031 WRITTEN
  
                           ** CPU USER TIME **
  
  
                        ** SUMMARY **
  
 #PROC  ELEMENT   KINCOND   INTEG     IO        T0        ASM       RESOL    
   1   .7609E+01 .9375E-01 .1562E+00 .1297E+01 .4688E-01 .2188E+00 .9828E+01
  
 
                   ** CUMULATIVE CPU TIME SUMMARY **
  
 CONTACT SORTING.............: .0000E+00     0.00 % 
 CONTACT FORCES..............: .0000E+00     0.00 % 
 ELEMENT FORCES..............: .7609E+01    77.42 % 
 KINEMATIC COND..............: .9375E-01     0.95 % 
 INTEGRATION.................: .1562E+00     1.59 % 
 ASSEMBLING..................: .2188E+00     2.23 % 
 OTHERS (including I/O)......: .1750E+01    17.81 % 
 TOTAL.......................: .9828E+01   100.00 % 
  
  
                           ** ELAPSED TIME **
  
  
                        ** SUMMARY **
  
 #PROC  ELEMENT   KINCOND   INTEG     IO        T0        ASM       RESOL    
   1   .7746E+01 .8412E-01 .1773E+00 .1231E+01 .7558E-01 .2265E+00 .9829E+01
  
                   ** MEMORY USAGE STATISTICS **
  
 TOTAL MEMORY USED .........................:       57 MB
 MAXIMUM MEMORY PER PROCESSOR...............:       57 MB
 MINIMUM MEMORY PER PROCESSOR...............:       57 MB
 AVERAGE MEMORY PER PROCESSOR...............:       57 MB
  
                   ** DISK USAGE STATISTICS **
  
 TOTAL DISK SPACE USED .....................:          9 MB
 ANIMATION/H3D/TH/OUTP SIZE ................:          6 MB
 RESTART FILE SIZE .........................:          2 MB
  
                   ** COMPUTE TIME INFORMATION **
                        ** CURRENT ENGINE **
  
 EXECUTION STARTED .........................:      2026/09/14  09:27:05
 EXECUTION COMPLETED .......................:      2026/09/14  09:27:15
  
 ELAPSED TIME     =          9.87 s
                          0:00:09



     NORMAL TERMINATION      



     TOTAL NUMBER OF CYCLES  :   10395

  
                   ** COMPUTE RUNTIME INFORMATION SUMMARY **
  
        STARTER RUNTIME =          0.61s (00:00:00)
 # 001   ENGINE RUNTIME =          9.87s (00:00:09)
 ------------------------------ 
 STARTER+ENGINE RUNTIME =         10.47s (00:00:10)
  
