 I02I_ELASTIC_FINITE_R3_0001.out
************************************************************************
**                                                                    **
**                                                                    **
**                         OpenRadioss Engine                         **
**                                                                    **
**            Non-linear Finite Element Analysis Software             **
**                                                                    **
**                                                                    **
**                                                                    **
**                  Windows 64 bits, Intel compiler                   **
**                      Double Precision Version                      **
**                                                                    **
**                                                                    **
**                                                                    **
************************************************************************
** OpenRadioss Software                                               **
** COPYRIGHT (C) 2026 Siemens                                         **
** Licensed under GNU Affero General Public License.                  **
** See License file.                                                  **
************************************************************************
 
 NUMBER OF SPMD DOMAINS           1
 NUMBER OF THREADS PER DOMAIN     1
 NUMBER OF HMPP PROCESSES         1
  
 COMPUTATION HARDWARE DESCRIPTION
  
 HOSTNAME     CPU TYPE, FREQUENCY AND MEMORY
 jeux   AMD Ryzen 5 5600 6-Core Processor               (x86_64), 3700 MHz,   4174 MB RAM,  18959 MB swap
  
 STACKSIZE  . . . . . . . . . . . . . . . . . . . . 1430 MB
 THREAD STACKSIZE . . . . . . . . . . . . . . . . . 400 MB
 
************************************************************************


 I02I_ELASTIC_FINITE_R3D01                                                       


 FINAL TIME . . . . . . . . . . . . . . . . . . .   4.400000    

 TIME INTERVAL FOR TIME HISTORY PLOTS . . . . . .  0.2000000E-02

 TIME STEP SCALE FACTOR . . . . . . . . . . . . .  0.9000000    

 MINIMUM TIME STEP  . . . . . . . . . . . . . . .   0.000000    


 BRICK TIME STEP SCALE FACTOR . . . . . . . . . .  0.9000000    
 BRICK MINIMUM TIME STEP. . . . . . . . . . . . .   0.000000    
 MIN. TIME STEP FLAG (1:STOP RUN, 2:DELETE BRICK)     1

 QUAD TIME STEP SCALE FACTOR. . . . . . . . . . .  0.9000000    
 QUAD MINIMUM TIME STEP . . . . . . . . . . . . .   0.000000    
 MIN. TIME STEP FLAG (1:STOP RUN, 2:DELETE QUAD).     1

 SHELL TIME STEP SCALE FACTOR . . . . . . . . . .  0.9000000    
 SHELL MINIMUM TIME STEP. . . . . . . . . . . . .   0.000000    
 MIN. TIME FLAG (1:STOP, 2:DELETE, 3:SMALL STRAIN)    2

 TRUSS TIME STEP SCALE FACTOR . . . . . . . . . .  0.9000000    
 TRUSS MINIMUM TIME STEP. . . . . . . . . . . . .   0.000000    
 MIN. TIME FLAG (1:STOP, 2:DELETE). . . . . . . .     0

 BEAM TIME STEP SCALE FACTOR. . . . . . . . . . .  0.9000000    
 BEAM MINIMUM TIME STEP . . . . . . . . . . . . .   0.000000    
 MIN. TIME FLAG (1:STOP, 2:DELETE). . . . . . . .     0

 SPRING TIME STEP SCALE FACTOR. . . . . . . . . .  0.9000000    
 SPRING MINIMUM TIME STEP . . . . . . . . . . . .   0.000000    
 MIN. TIME FLAG (1:STOP, 2:DELETE). . . . . . . .     0

 AIRBAG TIME STEP SCALE FACTOR. . . . . . . . . .  0.9000000    
 AIRBAG MINIMUM TIME STEP . . . . . . . . . . . .   0.000000    
 MIN. TIME FLAG (1:STOP). . . . . . . . . . . . .     0

 CONTACT TIME STEP SCALE FACTOR . . . . . . . . .  0.9000000    
 CONTACT MINIMUM TIME STEP. . . . . . . . . . . .   0.000000    
 MIN. TIME FLAG(1:STOP, 2:REMOVE NODE FROM INTERF)    0

 PRINTOUT CYCLE FREQUENCY . . . . . . . . . . . .  -100

 RESTART CYCLE FREQUENCY. . . . . . . . . . . . .   10000000

 MAXIMUM RESTART WRITE BEFORE OVERWRITE . . . . .     0

 INVERS: INPUT DECK VERSION . . . . . . . . . . .  2026
 ITTYP : FLAG FOR TYPE OF T-FILE. . . . . . . . .     4

 INITIAL TIME STEP. . . . . . . . . . . . . . . .   0.000000    
 MAXIMUM TIME STEP. . . . . . . . . . . . . . . .  0.1000000E+21

 PARALLEL ARITHMETIC ON
 NUMBER OF INTERFACES TO BE ELIMINATED. . . . . .        0

 NUMBER OF PARTS TO BE ELIMINATED . . . . . . . .        0

 NUMBER OF SOLID  ELEMENT BLOCKS TO BE ELIMINATED        0

 NUMBER OF QUAD   ELEMENT BLOCKS TO BE ELIMINATED        0

 NUMBER OF SHELL  ELEMENT BLOCKS TO BE ELIMINATED        0

 NUMBER OF TRUSS  ELEMENT BLOCKS TO BE ELIMINATED        0

 NUMBER OF BEAM   ELEMENT BLOCKS TO BE ELIMINATED        0

 NUMBER OF SPRING ELEMENT BLOCKS TO BE ELIMINATED        0

 NUMBER OF SH_3N  ELEMENT BLOCKS TO BE ELIMINATED        0

 NUMBER OF  SPH PARTICLES BLOCKS TO BE ELIMINATED        0

 NUMBER OF RIGID LINKS. . . . . . . . . . . . . .        0

 NUMBER OF NEW BOUNDARY CONDITIONS. . . . . . . .        0


 TIME FOR FIRST ANIMATION-FILE PLOT . . . . . . .  0.1000000E+31
 TIME INTERVAL FOR ANIMATION-FILE PLOTS . . . . .   0.000000    
 TIME TO STOP ANIMATION-FILE PLOTS. . . . . . . .  0.1000000E+21
 SENSOR FOR ANIMATION-FILE PLOTS. . . . . . . . .          0
 TIME INTERVAL FOR SENSOR ANIMATION-FILE PLOTS. .   0.000000    

 VARIABLE SAVED ON ANIMATION FILES (1: YES) :
      PLASTIC STRAIN. . . . . .     0
      DENSITY     (SOLID ONLY).     0
      SPECIFIC ENERGY . . . . .     0
      HOURGLASS ENERGY. . . . .     0
      TEMPERATURE (SOLID ONLY).     0
      THICKNESS   (SHELL ONLY).     0
      PRESSURE    (SOLID ONLY).     0
      VON MISES . . . . . . . .     0
      TURBULENT ENERGY (FLUID).     0
      TURBULENT VISCOSITY(FLUID)    0
      VORTICITY (FLUID) . . . .     0
 NODAL VALUES SAVED ON ANIMATION FILES (1: YES) :
      PRESSURE. . . . . . . . .     0
      DENSITY . . . . . . . . .     0
      TEMPERATURE . . . . . . .     0
 VECTOR SAVED ON ANIMATION FILES (1: YES) :
      VELOCITY VECTOR . . . . .     0
      DISPLACEMENT VECTOR . . .     0
      ACCELERATION VECTOR . . .     0
      CONTACT FORCES. . . . . .     0
      INTERNAL FORCES . . . . .     0
      EXTERNAL FORCES . . . . .     0
      SECTION RBY RWALL FORCES.     0
      ROTATIONAL VELOCITY VECTOR    0
      CONTACT PRESSURE (VECTORS)    0
 SHELL TENSOR SAVED ON ANIMATION FILES (1: YES) :
      MEMBRANE STRESS . . . . .     0
      BENDING STRESS(MOMENT/T^2)    0
      UPPER LAYER STRESS. . . .     0
      LOWER LAYER STRESS. . . .     0
      MEMBRANE STRAIN . . . . .     0
      CURVATURE . . . . . . . .     0
      UPPER LAYER STRAIN. . . .     0
      LOWER LAYER STRAIN. . . .     0
 NODAL MASS SAVED ON ANIMATION FILES (1: YES) :    0
 KEEP DELETED ELEMENT (1: YES) :    0


 01/10/2026
   CYCLE    TIME      TIME-STEP  ELEMENT          ERROR  I-ENERGY    K-ENERGY T  K-ENERGY R  EXT-WORK     MAS.ERR     TOTAL MASS  MASS ADDED
       0   0.000      0.1493E-02 SHELL          1   0.0%   0.000       0.000       0.000       0.000       0.000      0.6394       0.000    
     100  0.1493      0.1493E-02 SHELL          1  -0.1%  0.4524E-03  0.3457E-06   0.000      0.4532E-03   0.000      0.6394       0.000    
     200  0.2986      0.1493E-02 SHELL          1  -0.0%  0.2268E-01  0.3940E-05   0.000      0.2268E-01   0.000      0.6394       0.000    
     300  0.4479      0.1493E-02 SHELL          1  -0.0%  0.1997      0.1406E-04   0.000      0.1997       0.000      0.6394       0.000    
     400  0.5971      0.1493E-02 SHELL          1  -0.0%  0.8535      0.2992E-04   0.000      0.8536       0.000      0.6394       0.000    
     500  0.7464      0.1493E-02 SHELL          1  -0.0%   2.435      0.4677E-04   0.000       2.435       0.000      0.6394       0.000    
     600  0.8957      0.1493E-02 SHELL          1  -0.0%   5.331      0.5858E-04   0.000       5.331       0.000      0.6394       0.000    
     700   1.045      0.1493E-02 SHELL          1  -0.0%   9.648      0.6074E-04   0.000       9.648       0.000      0.6394       0.000    
     800   1.194      0.1493E-02 SHELL          1  -0.0%   15.07      0.5244E-04   0.000       15.07       0.000      0.6394       0.000    
     900   1.344      0.1493E-02 SHELL          1  -0.0%   20.88      0.3686E-04   0.000       20.88       0.000      0.6394       0.000    
    1000   1.493      0.1493E-02 SHELL          1  -0.0%   26.14      0.1987E-04   0.000       26.14       0.000      0.6394       0.000    
    1100   1.642      0.1493E-02 SHELL          1  -0.0%   30.04      0.7135E-05   0.000       30.04       0.000      0.6394       0.000    
    1200   1.792      0.1493E-02 SHELL          1  -0.0%   32.17      0.1127E-05   0.000       32.17       0.000      0.6394       0.000    
    1300   1.941      0.1493E-02 SHELL          1   0.0%   32.78      0.9121E-08   0.000       32.78       0.000      0.6394       0.000    
    1400   2.090      0.1493E-02 SHELL          1  -0.0%   32.80      0.6318E-13   0.000       32.80       0.000      0.6394       0.000    
    1500   2.240      0.1493E-02 SHELL          1   0.0%   32.79      0.2194E-08   0.000       32.79       0.000      0.6394       0.000    
    1600   2.389      0.1493E-02 SHELL          1   0.0%   32.32      0.8134E-06   0.000       32.32       0.000      0.6394       0.000    
    1700   2.538      0.1493E-02 SHELL          1  -0.0%   30.42      0.5937E-05   0.000       30.42       0.000      0.6394       0.000    
    1800   2.688      0.1493E-02 SHELL          1  -0.0%   26.74      0.1787E-04   0.000       26.74       0.000      0.6394       0.000    
    1900   2.837      0.1493E-02 SHELL          1  -0.0%   21.61      0.3457E-04   0.000       21.61       0.000      0.6394       0.000    
    2000   2.986      0.1493E-02 SHELL          1  -0.0%   15.82      0.5064E-04   0.000       15.82       0.000      0.6394       0.000    
    2100   3.136      0.1493E-02 SHELL          1  -0.0%   10.30      0.6021E-04   0.000       10.30       0.000      0.6394       0.000    
    2200   3.285      0.1493E-02 SHELL          1  -0.0%   5.811      0.5949E-04   0.000       5.811       0.000      0.6394       0.000    
    2300   3.434      0.1493E-02 SHELL          1  -0.0%   2.730      0.4880E-04   0.000       2.730       0.000      0.6394       0.000    
    2400   3.584      0.1493E-02 SHELL          1  -0.0%  0.9982      0.3221E-04   0.000      0.9983       0.000      0.6394       0.000    
    2500   3.733      0.1493E-02 SHELL          1  -0.0%  0.2514      0.1588E-04   0.000      0.2515       0.000      0.6394       0.000    
    2600   3.882      0.1493E-02 SHELL          1  -0.1%  0.3522E-01  0.4875E-05   0.000      0.3526E-01   0.000      0.6394       0.000    
    2700   4.032      0.1493E-02 SHELL          1  -1.0%  0.4223E-02  0.5170E-06   0.000      0.4266E-02   0.000      0.6394       0.000    
    2800   4.181      0.1493E-02 SHELL          1  -1.2%  0.3318E-02  0.1121E-09   0.000      0.3360E-02   0.000      0.6394       0.000    
    2900   4.330      0.1493E-02 SHELL          1  -1.2%  0.3318E-02  0.2529E-13   0.000      0.3360E-02   0.000      0.6394       0.000    

     RESTART FILES: I02I_ELASTIC_FINITE_R3_0001_[0001-0001].rst WRITTEN
     -------------

  
                           ** CPU USER TIME **
  
  
                        ** SUMMARY **
  
 #PROC  ELEMENT   KINCOND   INTEG     IO        T0        ASM       RESOL    
   1   .6250E-01 .0000E+00 .1562E-01 .7812E-01 .1562E-01 .0000E+00 .2344E+00
  
 
                   ** CUMULATIVE CPU TIME SUMMARY **
  
 CONTACT SORTING.............: .0000E+00     0.00 % 
 CONTACT FORCES..............: .0000E+00     0.00 % 
 ELEMENT FORCES..............: .6250E-01    26.67 % 
 KINEMATIC COND..............: .0000E+00     0.00 % 
 INTEGRATION.................: .1562E-01     6.67 % 
 ASSEMBLING..................: .0000E+00     0.00 % 
 OTHERS (including I/O)......: .1562E+00    66.67 % 
 TOTAL.......................: .2344E+00   100.00 % 
  
  
                           ** ELAPSED TIME **
  
  
                        ** SUMMARY **
  
 #PROC  ELEMENT   KINCOND   INTEG     IO        T0        ASM       RESOL    
   1   .3615E-01 .1383E-01 .1023E-01 .7978E-01 .3656E-01 .6391E-02 .2370E+00
  
                   ** MEMORY USAGE STATISTICS **
  
 TOTAL MEMORY USED .........................:       48 MB
 MAXIMUM MEMORY PER PROCESSOR...............:       48 MB
 MINIMUM MEMORY PER PROCESSOR...............:       48 MB
 AVERAGE MEMORY PER PROCESSOR...............:       48 MB
  
                   ** DISK USAGE STATISTICS **
  
 TOTAL DISK SPACE USED .....................:          0 MB
 ANIMATION/H3D/TH/OUTP SIZE ................:          0 MB
 RESTART FILE SIZE .........................:          0 MB
  
                   ** COMPUTE TIME INFORMATION **
                        ** CURRENT ENGINE **
  
 EXECUTION STARTED .........................:      2026/10/01  09:31:56
 EXECUTION COMPLETED .......................:      2026/10/01  09:31:56
  
 ELAPSED TIME     =          0.27 s
                          0:00:00



     NORMAL TERMINATION      



     TOTAL NUMBER OF CYCLES  :    2947

  
                   ** COMPUTE RUNTIME INFORMATION SUMMARY **
  
        STARTER RUNTIME =          0.60s (00:00:00)
 # 001   ENGINE RUNTIME =          0.27s (00:00:00)
 ------------------------------ 
 STARTER+ENGINE RUNTIME =          0.87s (00:00:00)
  
