************************************************************************
**                                                                    **
**                                                                    **
**                         OpenRadioss Engine                         **
**                                                                    **
**            Non-linear Finite Element Analysis Software             **
**                                                                    **
**                                                                    **
**                                                                    **
**                  Windows 64 bits, Intel compiler                   **
**                      Double Precision Version                      **
**                                                                    **
**                                                                    **
**                                                                    **
************************************************************************
** OpenRadioss Software                                               **
** COPYRIGHT (C) 2026 Siemens                                         **
** Licensed under GNU Affero General Public License.                  **
** See License file.                                                  **
************************************************************************
 
 ROOT: I02F_AA2024_NOFAIL_H4_R3  RESTART: 0001
 NUMBER OF HMPP PROCESSES     1
 14/09/2026
 NC=       0 T= 0.0000E+00 DT= 6.1865E-04 ERR=  0.0% DM/M= 0.0000E+00
     ANIMATION FILE: I02F_AA2024_NOFAIL_H4_R3A001 WRITTEN
 NC=     100 T= 6.1865E-02 DT= 6.1865E-04 ERR= -0.0% DM/M= 0.0000E+00
 ELAPSED TIME=          0.04 s  REMAINING TIME=          4.84 s
 NC=     200 T= 1.2373E-01 DT= 6.1866E-04 ERR= -0.0% DM/M= 0.0000E+00
 ELAPSED TIME=          0.04 s  REMAINING TIME=          2.83 s
 NC=     300 T= 1.8560E-01 DT= 6.1867E-04 ERR=  0.0% DM/M= 0.0000E+00
 ELAPSED TIME=          0.05 s  REMAINING TIME=          2.15 s
 NC=     400 T= 2.4746E-01 DT= 6.1868E-04 ERR= -0.0% DM/M= 0.0000E+00
 ELAPSED TIME=          0.06 s  REMAINING TIME=          1.81 s
 NC=     500 T= 3.0933E-01 DT= 6.1870E-04 ERR= -0.0% DM/M= 0.0000E+00
 ELAPSED TIME=          0.06 s  REMAINING TIME=          1.60 s
 NC=     600 T= 3.7120E-01 DT= 6.1872E-04 ERR= -0.0% DM/M= 0.0000E+00
 ELAPSED TIME=          0.07 s  REMAINING TIME=          1.46 s
     ANIMATION FILE: I02F_AA2024_NOFAIL_H4_R3A002 WRITTEN
 NC=     700 T= 4.3308E-01 DT= 6.1874E-04 ERR= -0.0% DM/M= 0.0000E+00
 ELAPSED TIME=          0.08 s  REMAINING TIME=          1.37 s
 NC=     800 T= 4.9495E-01 DT= 6.1877E-04 ERR= -0.0% DM/M= 0.0000E+00
 ELAPSED TIME=          0.09 s  REMAINING TIME=          1.30 s
 NC=     900 T= 5.5683E-01 DT= 6.1880E-04 ERR= -0.0% DM/M= 0.0000E+00
 ELAPSED TIME=          0.09 s  REMAINING TIME=          1.24 s
 NC=    1000 T= 6.1871E-01 DT= 6.1884E-04 ERR= -0.0% DM/M= 0.0000E+00
 ELAPSED TIME=          0.10 s  REMAINING TIME=          1.19 s
 NC=    1100 T= 6.8060E-01 DT= 6.1887E-04 ERR= -0.0% DM/M= 0.0000E+00
 ELAPSED TIME=          0.11 s  REMAINING TIME=          1.14 s
 NC=    1200 T= 7.4249E-01 DT= 6.1891E-04 ERR= -0.0% DM/M= 0.0000E+00
 ELAPSED TIME=          0.11 s  REMAINING TIME=          1.10 s
     ANIMATION FILE: I02F_AA2024_NOFAIL_H4_R3A003 WRITTEN
 NC=    1300 T= 8.0438E-01 DT= 6.1896E-04 ERR= -0.0% DM/M= 0.0000E+00
 ELAPSED TIME=          0.12 s  REMAINING TIME=          1.08 s
 NC=    1400 T= 8.6628E-01 DT= 6.1900E-04 ERR= -0.0% DM/M= 0.0000E+00
 ELAPSED TIME=          0.13 s  REMAINING TIME=          1.04 s
 NC=    1500 T= 9.2818E-01 DT= 6.1905E-04 ERR= -0.0% DM/M= 0.0000E+00
 ELAPSED TIME=          0.13 s  REMAINING TIME=          1.02 s
 NC=    1600 T= 9.9009E-01 DT= 6.1910E-04 ERR= -0.0% DM/M= 0.0000E+00
 ELAPSED TIME=          0.14 s  REMAINING TIME=          0.99 s
 NC=    1700 T= 1.0520E+00 DT= 6.1916E-04 ERR= -0.0% DM/M= 0.0000E+00
 ELAPSED TIME=          0.15 s  REMAINING TIME=          0.97 s
 NC=    1800 T= 1.1139E+00 DT= 6.1922E-04 ERR= -0.0% DM/M= 0.0000E+00
 ELAPSED TIME=          0.15 s  REMAINING TIME=          0.95 s
 NC=    1900 T= 1.1758E+00 DT= 6.1928E-04 ERR= -0.0% DM/M= 0.0000E+00
 ELAPSED TIME=          0.16 s  REMAINING TIME=          0.93 s
     ANIMATION FILE: I02F_AA2024_NOFAIL_H4_R3A004 WRITTEN
 NC=    2000 T= 1.2378E+00 DT= 6.1934E-04 ERR= -0.0% DM/M= 0.0000E+00
 ELAPSED TIME=          0.17 s  REMAINING TIME=          0.92 s
 NC=    2100 T= 1.2997E+00 DT= 6.1940E-04 ERR= -0.0% DM/M= 0.0000E+00
 ELAPSED TIME=          0.17 s  REMAINING TIME=          0.90 s
 NC=    2200 T= 1.3617E+00 DT= 6.1947E-04 ERR= -0.0% DM/M= 0.0000E+00
 ELAPSED TIME=          0.18 s  REMAINING TIME=          0.88 s
 NC=    2300 T= 1.4236E+00 DT= 6.1954E-04 ERR= -0.0% DM/M= 0.0000E+00
 ELAPSED TIME=          0.19 s  REMAINING TIME=          0.87 s
 NC=    2400 T= 1.4856E+00 DT= 6.1961E-04 ERR= -0.0% DM/M= 0.0000E+00
 ELAPSED TIME=          0.19 s  REMAINING TIME=          0.85 s
 NC=    2500 T= 1.5475E+00 DT= 6.1968E-04 ERR= -0.0% DM/M= 0.0000E+00
 ELAPSED TIME=          0.20 s  REMAINING TIME=          0.84 s
     ANIMATION FILE: I02F_AA2024_NOFAIL_H4_R3A005 WRITTEN
 NC=    2600 T= 1.6095E+00 DT= 6.1976E-04 ERR= -0.0% DM/M= 0.0000E+00
 ELAPSED TIME=          0.21 s  REMAINING TIME=          0.83 s
 NC=    2700 T= 1.6715E+00 DT= 6.1983E-04 ERR= -0.0% DM/M= 0.0000E+00
 ELAPSED TIME=          0.22 s  REMAINING TIME=          0.81 s
 NC=    2800 T= 1.7335E+00 DT= 6.1991E-04 ERR= -0.0% DM/M= 0.0000E+00
 ELAPSED TIME=          0.22 s  REMAINING TIME=          0.80 s
 NC=    2900 T= 1.7955E+00 DT= 6.1999E-04 ERR= -0.0% DM/M= 0.0000E+00
 ELAPSED TIME=          0.23 s  REMAINING TIME=          0.79 s
 NC=    3000 T= 1.8575E+00 DT= 6.2007E-04 ERR= -0.0% DM/M= 0.0000E+00
 ELAPSED TIME=          0.24 s  REMAINING TIME=          0.78 s
 NC=    3100 T= 1.9195E+00 DT= 6.2015E-04 ERR= -0.0% DM/M= 0.0000E+00
 ELAPSED TIME=          0.24 s  REMAINING TIME=          0.77 s
 NC=    3200 T= 1.9815E+00 DT= 6.2024E-04 ERR= -0.0% DM/M= 0.0000E+00
 ELAPSED TIME=          0.25 s  REMAINING TIME=          0.76 s
     ANIMATION FILE: I02F_AA2024_NOFAIL_H4_R3A006 WRITTEN
 NC=    3300 T= 2.0435E+00 DT= 6.2032E-04 ERR= -0.0% DM/M= 0.0000E+00
 ELAPSED TIME=          0.26 s  REMAINING TIME=          0.75 s
 NC=    3400 T= 2.1056E+00 DT= 6.2041E-04 ERR= -0.0% DM/M= 0.0000E+00
 ELAPSED TIME=          0.26 s  REMAINING TIME=          0.74 s
 NC=    3500 T= 2.1676E+00 DT= 6.2049E-04 ERR= -0.0% DM/M= 0.0000E+00
 ELAPSED TIME=          0.27 s  REMAINING TIME=          0.73 s
 NC=    3600 T= 2.2297E+00 DT= 6.2058E-04 ERR= -0.0% DM/M= 0.0000E+00
 ELAPSED TIME=          0.28 s  REMAINING TIME=          0.72 s
 NC=    3700 T= 2.2917E+00 DT= 6.2067E-04 ERR= -0.0% DM/M= 0.0000E+00
 ELAPSED TIME=          0.28 s  REMAINING TIME=          0.71 s
 NC=    3800 T= 2.3538E+00 DT= 6.2076E-04 ERR= -0.0% DM/M= 0.0000E+00
 ELAPSED TIME=          0.29 s  REMAINING TIME=          0.70 s
     ANIMATION FILE: I02F_AA2024_NOFAIL_H4_R3A007 WRITTEN
 NC=    3900 T= 2.4159E+00 DT= 6.2085E-04 ERR= -0.0% DM/M= 0.0000E+00
 ELAPSED TIME=          0.30 s  REMAINING TIME=          0.69 s
 NC=    4000 T= 2.4780E+00 DT= 6.2094E-04 ERR= -0.0% DM/M= 0.0000E+00
 ELAPSED TIME=          0.30 s  REMAINING TIME=          0.68 s
 NC=    4100 T= 2.5401E+00 DT= 6.2103E-04 ERR= -0.0% DM/M= 0.0000E+00
 ELAPSED TIME=          0.31 s  REMAINING TIME=          0.67 s
 NC=    4200 T= 2.6022E+00 DT= 6.2113E-04 ERR= -0.0% DM/M= 0.0000E+00
 ELAPSED TIME=          0.32 s  REMAINING TIME=          0.66 s
 NC=    4300 T= 2.6643E+00 DT= 6.2122E-04 ERR= -0.0% DM/M= 0.0000E+00
 ELAPSED TIME=          0.32 s  REMAINING TIME=          0.65 s
 NC=    4400 T= 2.7264E+00 DT= 6.2131E-04 ERR= -0.0% DM/M= 0.0000E+00
 ELAPSED TIME=          0.33 s  REMAINING TIME=          0.64 s
 NC=    4500 T= 2.7885E+00 DT= 6.2140E-04 ERR= -0.0% DM/M= 0.0000E+00
 ELAPSED TIME=          0.34 s  REMAINING TIME=          0.63 s
     ANIMATION FILE: I02F_AA2024_NOFAIL_H4_R3A008 WRITTEN
 NC=    4600 T= 2.8507E+00 DT= 6.2149E-04 ERR= -0.0% DM/M= 0.0000E+00
 ELAPSED TIME=          0.35 s  REMAINING TIME=          0.62 s
 NC=    4700 T= 2.9128E+00 DT= 6.2159E-04 ERR= -0.0% DM/M= 0.0000E+00
 ELAPSED TIME=          0.35 s  REMAINING TIME=          0.61 s
 NC=    4800 T= 2.9750E+00 DT= 6.2168E-04 ERR= -0.0% DM/M= 0.0000E+00
 ELAPSED TIME=          0.36 s  REMAINING TIME=          0.61 s
 NC=    4900 T= 3.0372E+00 DT= 6.2177E-04 ERR= -0.0% DM/M= 0.0000E+00
 ELAPSED TIME=          0.37 s  REMAINING TIME=          0.60 s
 NC=    5000 T= 3.0994E+00 DT= 6.2187E-04 ERR= -0.0% DM/M= 0.0000E+00
 ELAPSED TIME=          0.37 s  REMAINING TIME=          0.59 s
 NC=    5100 T= 3.1616E+00 DT= 6.2196E-04 ERR= -0.0% DM/M= 0.0000E+00
 ELAPSED TIME=          0.38 s  REMAINING TIME=          0.58 s
     ANIMATION FILE: I02F_AA2024_NOFAIL_H4_R3A009 WRITTEN
 NC=    5200 T= 3.2238E+00 DT= 6.2205E-04 ERR= -0.0% DM/M= 0.0000E+00
 ELAPSED TIME=          0.39 s  REMAINING TIME=          0.57 s
 NC=    5300 T= 3.2860E+00 DT= 6.2214E-04 ERR= -0.0% DM/M= 0.0000E+00
 ELAPSED TIME=          0.39 s  REMAINING TIME=          0.56 s
 NC=    5400 T= 3.3482E+00 DT= 6.2223E-04 ERR= -0.0% DM/M= 0.0000E+00
 ELAPSED TIME=          0.40 s  REMAINING TIME=          0.56 s
 NC=    5500 T= 3.4104E+00 DT= 6.2232E-04 ERR= -0.0% DM/M= 0.0000E+00
 ELAPSED TIME=          0.41 s  REMAINING TIME=          0.55 s
 NC=    5600 T= 3.4727E+00 DT= 6.2241E-04 ERR= -0.0% DM/M= 0.0000E+00
 ELAPSED TIME=          0.41 s  REMAINING TIME=          0.54 s
 NC=    5700 T= 3.5349E+00 DT= 6.2250E-04 ERR= -0.0% DM/M= 0.0000E+00
 ELAPSED TIME=          0.42 s  REMAINING TIME=          0.53 s
 NC=    5800 T= 3.5972E+00 DT= 6.2259E-04 ERR= -0.0% DM/M= 0.0000E+00
 ELAPSED TIME=          0.43 s  REMAINING TIME=          0.52 s
     ANIMATION FILE: I02F_AA2024_NOFAIL_H4_R3A010 WRITTEN
 NC=    5900 T= 3.6594E+00 DT= 6.2268E-04 ERR= -0.0% DM/M= 0.0000E+00
 ELAPSED TIME=          0.43 s  REMAINING TIME=          0.52 s
 NC=    6000 T= 3.7217E+00 DT= 6.2277E-04 ERR= -0.0% DM/M= 0.0000E+00
 ELAPSED TIME=          0.44 s  REMAINING TIME=          0.51 s
 NC=    6100 T= 3.7840E+00 DT= 6.2286E-04 ERR= -0.0% DM/M= 0.0000E+00
 ELAPSED TIME=          0.45 s  REMAINING TIME=          0.50 s
 NC=    6200 T= 3.8463E+00 DT= 6.2294E-04 ERR= -0.0% DM/M= 0.0000E+00
 ELAPSED TIME=          0.45 s  REMAINING TIME=          0.49 s
 NC=    6300 T= 3.9086E+00 DT= 6.2303E-04 ERR= -0.0% DM/M= 0.0000E+00
 ELAPSED TIME=          0.46 s  REMAINING TIME=          0.48 s
 NC=    6400 T= 3.9709E+00 DT= 6.2311E-04 ERR= -0.0% DM/M= 0.0000E+00
 ELAPSED TIME=          0.47 s  REMAINING TIME=          0.48 s
     ANIMATION FILE: I02F_AA2024_NOFAIL_H4_R3A011 WRITTEN
 NC=    6500 T= 4.0332E+00 DT= 6.2320E-04 ERR= -0.0% DM/M= 0.0000E+00
 ELAPSED TIME=          0.48 s  REMAINING TIME=          0.47 s
 NC=    6600 T= 4.0955E+00 DT= 6.2328E-04 ERR= -0.0% DM/M= 0.0000E+00
 ELAPSED TIME=          0.48 s  REMAINING TIME=          0.46 s
 NC=    6700 T= 4.1578E+00 DT= 6.2336E-04 ERR= -0.0% DM/M= 0.0000E+00
 ELAPSED TIME=          0.49 s  REMAINING TIME=          0.45 s
 NC=    6800 T= 4.2202E+00 DT= 6.2344E-04 ERR= -0.0% DM/M= 0.0000E+00
 ELAPSED TIME=          0.50 s  REMAINING TIME=          0.44 s
 NC=    6900 T= 4.2825E+00 DT= 6.2352E-04 ERR= -0.0% DM/M= 0.0000E+00
 ELAPSED TIME=          0.50 s  REMAINING TIME=          0.44 s
 NC=    7000 T= 4.3449E+00 DT= 6.2360E-04 ERR= -0.0% DM/M= 0.0000E+00
 ELAPSED TIME=          0.51 s  REMAINING TIME=          0.43 s
     ANIMATION FILE: I02F_AA2024_NOFAIL_H4_R3A012 WRITTEN
 NC=    7100 T= 4.4072E+00 DT= 6.2367E-04 ERR= -0.0% DM/M= 0.0000E+00
 ELAPSED TIME=          0.52 s  REMAINING TIME=          0.42 s
 NC=    7200 T= 4.4696E+00 DT= 6.2375E-04 ERR= -0.0% DM/M= 0.0000E+00
 ELAPSED TIME=          0.52 s  REMAINING TIME=          0.41 s
 NC=    7300 T= 4.5320E+00 DT= 6.2383E-04 ERR= -0.0% DM/M= 0.0000E+00
 ELAPSED TIME=          0.53 s  REMAINING TIME=          0.41 s
 NC=    7400 T= 4.5944E+00 DT= 6.2390E-04 ERR= -0.0% DM/M= 0.0000E+00
 ELAPSED TIME=          0.54 s  REMAINING TIME=          0.40 s
 NC=    7500 T= 4.6568E+00 DT= 6.2397E-04 ERR= -0.0% DM/M= 0.0000E+00
 ELAPSED TIME=          0.54 s  REMAINING TIME=          0.39 s
 NC=    7600 T= 4.7192E+00 DT= 6.2404E-04 ERR= -0.0% DM/M= 0.0000E+00
 ELAPSED TIME=          0.55 s  REMAINING TIME=          0.38 s
 NC=    7700 T= 4.7816E+00 DT= 6.2411E-04 ERR= -0.0% DM/M= 0.0000E+00
 ELAPSED TIME=          0.56 s  REMAINING TIME=          0.37 s
     ANIMATION FILE: I02F_AA2024_NOFAIL_H4_R3A013 WRITTEN
 NC=    7800 T= 4.8440E+00 DT= 6.2418E-04 ERR= -0.0% DM/M= 0.0000E+00
 ELAPSED TIME=          0.56 s  REMAINING TIME=          0.37 s
 NC=    7900 T= 4.9064E+00 DT= 6.2425E-04 ERR= -0.0% DM/M= 0.0000E+00
 ELAPSED TIME=          0.57 s  REMAINING TIME=          0.36 s
 NC=    8000 T= 4.9688E+00 DT= 6.2431E-04 ERR= -0.0% DM/M= 0.0000E+00
 ELAPSED TIME=          0.58 s  REMAINING TIME=          0.35 s
 NC=    8100 T= 5.0313E+00 DT= 6.2438E-04 ERR= -0.0% DM/M= 0.0000E+00
 ELAPSED TIME=          0.58 s  REMAINING TIME=          0.34 s
 NC=    8200 T= 5.0937E+00 DT= 6.2444E-04 ERR= -0.0% DM/M= 0.0000E+00
 ELAPSED TIME=          0.59 s  REMAINING TIME=          0.34 s
 NC=    8300 T= 5.1562E+00 DT= 6.2450E-04 ERR= -0.0% DM/M= 0.0000E+00
 ELAPSED TIME=          0.60 s  REMAINING TIME=          0.33 s
     ANIMATION FILE: I02F_AA2024_NOFAIL_H4_R3A014 WRITTEN
 NC=    8400 T= 5.2186E+00 DT= 6.2456E-04 ERR= -0.0% DM/M= 0.0000E+00
 ELAPSED TIME=          0.61 s  REMAINING TIME=          0.32 s
 NC=    8500 T= 5.2811E+00 DT= 6.2462E-04 ERR= -0.0% DM/M= 0.0000E+00
 ELAPSED TIME=          0.61 s  REMAINING TIME=          0.31 s
 NC=    8600 T= 5.3435E+00 DT= 6.2468E-04 ERR= -0.0% DM/M= 0.0000E+00
 ELAPSED TIME=          0.62 s  REMAINING TIME=          0.31 s
 NC=    8700 T= 5.4060E+00 DT= 6.2474E-04 ERR= -0.0% DM/M= 0.0000E+00
 ELAPSED TIME=          0.63 s  REMAINING TIME=          0.30 s
 NC=    8800 T= 5.4685E+00 DT= 6.2479E-04 ERR= -0.0% DM/M= 0.0000E+00
 ELAPSED TIME=          0.63 s  REMAINING TIME=          0.29 s
 NC=    8900 T= 5.5310E+00 DT= 6.2484E-04 ERR= -0.0% DM/M= 0.0000E+00
 ELAPSED TIME=          0.64 s  REMAINING TIME=          0.29 s
 NC=    9000 T= 5.5935E+00 DT= 6.2490E-04 ERR= -0.0% DM/M= 0.0000E+00
 ELAPSED TIME=          0.65 s  REMAINING TIME=          0.28 s
     ANIMATION FILE: I02F_AA2024_NOFAIL_H4_R3A015 WRITTEN
 NC=    9100 T= 5.6560E+00 DT= 6.2495E-04 ERR= -0.0% DM/M= 0.0000E+00
 ELAPSED TIME=          0.65 s  REMAINING TIME=          0.27 s
 NC=    9200 T= 5.7184E+00 DT= 6.2499E-04 ERR= -0.0% DM/M= 0.0000E+00
 ELAPSED TIME=          0.66 s  REMAINING TIME=          0.26 s
 NC=    9300 T= 5.7810E+00 DT= 6.2504E-04 ERR= -0.0% DM/M= 0.0000E+00
 ELAPSED TIME=          0.67 s  REMAINING TIME=          0.26 s
 NC=    9400 T= 5.8435E+00 DT= 6.2509E-04 ERR= -0.0% DM/M= 0.0000E+00
 ELAPSED TIME=          0.67 s  REMAINING TIME=          0.25 s
 NC=    9500 T= 5.9060E+00 DT= 6.2513E-04 ERR= -0.0% DM/M= 0.0000E+00
 ELAPSED TIME=          0.68 s  REMAINING TIME=          0.24 s
 NC=    9600 T= 5.9685E+00 DT= 6.2518E-04 ERR= -0.0% DM/M= 0.0000E+00
 ELAPSED TIME=          0.69 s  REMAINING TIME=          0.23 s
     ANIMATION FILE: I02F_AA2024_NOFAIL_H4_R3A016 WRITTEN
 NC=    9700 T= 6.0310E+00 DT= 6.2522E-04 ERR= -0.0% DM/M= 0.0000E+00
 ELAPSED TIME=          0.69 s  REMAINING TIME=          0.23 s
 NC=    9800 T= 6.0935E+00 DT= 6.2526E-04 ERR= -0.0% DM/M= 0.0000E+00
 ELAPSED TIME=          0.70 s  REMAINING TIME=          0.22 s
 NC=    9900 T= 6.1561E+00 DT= 6.2530E-04 ERR= -0.0% DM/M= 0.0000E+00
 ELAPSED TIME=          0.71 s  REMAINING TIME=          0.21 s
 NC=   10000 T= 6.2186E+00 DT= 6.2534E-04 ERR= -0.0% DM/M= 0.0000E+00
 ELAPSED TIME=          0.71 s  REMAINING TIME=          0.20 s
 NC=   10100 T= 6.2811E+00 DT= 6.2537E-04 ERR= -0.0% DM/M= 0.0000E+00
 ELAPSED TIME=          0.72 s  REMAINING TIME=          0.20 s
 NC=   10200 T= 6.3437E+00 DT= 6.2541E-04 ERR= -0.0% DM/M= 0.0000E+00
 ELAPSED TIME=          0.73 s  REMAINING TIME=          0.19 s
     ANIMATION FILE: I02F_AA2024_NOFAIL_H4_R3A017 WRITTEN
 NC=   10300 T= 6.4062E+00 DT= 6.2544E-04 ERR= -0.0% DM/M= 0.0000E+00
 ELAPSED TIME=          0.74 s  REMAINING TIME=          0.18 s
 NC=   10400 T= 6.4687E+00 DT= 6.2547E-04 ERR= -0.0% DM/M= 0.0000E+00
 ELAPSED TIME=          0.74 s  REMAINING TIME=          0.18 s
 NC=   10500 T= 6.5313E+00 DT= 6.2551E-04 ERR= -0.0% DM/M= 0.0000E+00
 ELAPSED TIME=          0.75 s  REMAINING TIME=          0.17 s
 NC=   10600 T= 6.5939E+00 DT= 6.2554E-04 ERR= -0.0% DM/M= 0.0000E+00
 ELAPSED TIME=          0.76 s  REMAINING TIME=          0.16 s
 NC=   10700 T= 6.6564E+00 DT= 6.2556E-04 ERR= -0.0% DM/M= 0.0000E+00
 ELAPSED TIME=          0.76 s  REMAINING TIME=          0.15 s
 NC=   10800 T= 6.7190E+00 DT= 6.2559E-04 ERR= -0.0% DM/M= 0.0000E+00
 ELAPSED TIME=          0.77 s  REMAINING TIME=          0.15 s
 NC=   10900 T= 6.7815E+00 DT= 6.2562E-04 ERR= -0.0% DM/M= 0.0000E+00
 ELAPSED TIME=          0.78 s  REMAINING TIME=          0.14 s
     ANIMATION FILE: I02F_AA2024_NOFAIL_H4_R3A018 WRITTEN
 NC=   11000 T= 6.8441E+00 DT= 6.2564E-04 ERR= -0.0% DM/M= 0.0000E+00
 ELAPSED TIME=          0.78 s  REMAINING TIME=          0.13 s
 NC=   11100 T= 6.9067E+00 DT= 6.2567E-04 ERR= -0.0% DM/M= 0.0000E+00
 ELAPSED TIME=          0.79 s  REMAINING TIME=          0.12 s
 NC=   11200 T= 6.9692E+00 DT= 6.2569E-04 ERR= -0.0% DM/M= 0.0000E+00
 ELAPSED TIME=          0.80 s  REMAINING TIME=          0.12 s
 NC=   11300 T= 7.0318E+00 DT= 6.2571E-04 ERR= -0.0% DM/M= 0.0000E+00
 ELAPSED TIME=          0.80 s  REMAINING TIME=          0.11 s
 NC=   11400 T= 7.0944E+00 DT= 6.2573E-04 ERR= -0.0% DM/M= 0.0000E+00
 ELAPSED TIME=          0.81 s  REMAINING TIME=          0.10 s
 NC=   11500 T= 7.1569E+00 DT= 6.2575E-04 ERR= -0.0% DM/M= 0.0000E+00
 ELAPSED TIME=          0.82 s  REMAINING TIME=          0.10 s
     ANIMATION FILE: I02F_AA2024_NOFAIL_H4_R3A019 WRITTEN
 NC=   11600 T= 7.2195E+00 DT= 6.2576E-04 ERR= -0.0% DM/M= 0.0000E+00
 ELAPSED TIME=          0.82 s  REMAINING TIME=          0.09 s
 NC=   11700 T= 7.2821E+00 DT= 6.2578E-04 ERR= -0.0% DM/M= 0.0000E+00
 ELAPSED TIME=          0.83 s  REMAINING TIME=          0.08 s
 NC=   11800 T= 7.3447E+00 DT= 6.2579E-04 ERR= -0.0% DM/M= 0.0000E+00
 ELAPSED TIME=          0.84 s  REMAINING TIME=          0.07 s
 NC=   11900 T= 7.4072E+00 DT= 6.2580E-04 ERR= -0.0% DM/M= 0.0000E+00
 ELAPSED TIME=          0.84 s  REMAINING TIME=          0.07 s
 NC=   12000 T= 7.4698E+00 DT= 6.2582E-04 ERR= -0.0% DM/M= 0.0000E+00
 ELAPSED TIME=          0.85 s  REMAINING TIME=          0.06 s
 NC=   12100 T= 7.5324E+00 DT= 6.2583E-04 ERR= -0.0% DM/M= 0.0000E+00
 ELAPSED TIME=          0.86 s  REMAINING TIME=          0.05 s
 NC=   12200 T= 7.5950E+00 DT= 6.2584E-04 ERR= -0.0% DM/M= 0.0000E+00
 ELAPSED TIME=          0.86 s  REMAINING TIME=          0.05 s
     ANIMATION FILE: I02F_AA2024_NOFAIL_H4_R3A020 WRITTEN
 NC=   12300 T= 7.6576E+00 DT= 6.2584E-04 ERR= -0.0% DM/M= 0.0000E+00
 ELAPSED TIME=          0.87 s  REMAINING TIME=          0.04 s
 NC=   12400 T= 7.7202E+00 DT= 6.2585E-04 ERR= -0.0% DM/M= 0.0000E+00
 ELAPSED TIME=          0.88 s  REMAINING TIME=          0.03 s
 NC=   12500 T= 7.7827E+00 DT= 6.2586E-04 ERR= -0.0% DM/M= 0.0000E+00
 ELAPSED TIME=          0.88 s  REMAINING TIME=          0.02 s
 NC=   12600 T= 7.8453E+00 DT= 6.2586E-04 ERR= -0.0% DM/M= 0.0000E+00
 ELAPSED TIME=          0.89 s  REMAINING TIME=          0.02 s
 NC=   12700 T= 7.9079E+00 DT= 6.2586E-04 ERR= -0.0% DM/M= 0.0000E+00
 ELAPSED TIME=          0.90 s  REMAINING TIME=          0.01 s
 NC=   12800 T= 7.9705E+00 DT= 6.2586E-04 ERR= -0.0% DM/M= 0.0000E+00
 ELAPSED TIME=          0.90 s  REMAINING TIME=          0.00 s
     RESTART FILES: I02F_AA2024_NOFAIL_H4_R3_0001_[0001-0001].rst WRITTEN
     ANIMATION FILE: I02F_AA2024_NOFAIL_H4_R3A021 WRITTEN
  
                           ** CPU USER TIME **
  
  
                        ** SUMMARY **
  
 #PROC  ELEMENT   KINCOND   INTEG     IO        T0        ASM       RESOL    
   1   .1250E+00 .6250E-01 .0000E+00 .2812E+00 .2031E+00 .0000E+00 .8906E+00
 
                   ** CUMULATIVE CPU TIME SUMMARY **
  
 CONTACT SORTING.............: .0000E+00     0.00 % 
 CONTACT FORCES..............: .3125E-01     3.51 % 
 ELEMENT FORCES..............: .1250E+00    14.04 % 
 KINEMATIC COND..............: .6250E-01     7.02 % 
 INTEGRATION.................: .0000E+00     0.00 % 
 ASSEMBLING..................: .0000E+00     0.00 % 
 OTHERS (including I/O)......: .6719E+00    75.44 % 
 TOTAL.......................: .8906E+00   100.00 % 
  
                   ** MEMORY USAGE STATISTICS **
  
 TOTAL MEMORY USED .........................:       48 MB
 MAXIMUM MEMORY PER PROCESSOR...............:       48 MB
 MINIMUM MEMORY PER PROCESSOR...............:       48 MB
 AVERAGE MEMORY PER PROCESSOR...............:       48 MB
  
                   ** DISK USAGE STATISTICS **
  
 TOTAL DISK SPACE USED .....................:          1 MB
 ANIMATION/H3D/TH/OUTP SIZE ................:          0 MB
 RESTART FILE SIZE .........................:          0 MB
  
 ELAPSED TIME     =          0.91 s
                          0:00:00
  
     NORMAL TERMINATION      
     TOTAL NUMBER OF CYCLES  :   12849
