 I02F_AA2024_NOFAIL_H4_R3_0001.out
************************************************************************
**                                                                    **
**                                                                    **
**                         OpenRadioss Engine                         **
**                                                                    **
**            Non-linear Finite Element Analysis Software             **
**                                                                    **
**                                                                    **
**                                                                    **
**                  Windows 64 bits, Intel compiler                   **
**                      Double Precision Version                      **
**                                                                    **
**                                                                    **
**                                                                    **
************************************************************************
** OpenRadioss Software                                               **
** COPYRIGHT (C) 2026 Siemens                                         **
** Licensed under GNU Affero General Public License.                  **
** See License file.                                                  **
************************************************************************
 
 NUMBER OF SPMD DOMAINS           1
 NUMBER OF THREADS PER DOMAIN     1
 NUMBER OF HMPP PROCESSES         1
  
 COMPUTATION HARDWARE DESCRIPTION
  
 HOSTNAME     CPU TYPE, FREQUENCY AND MEMORY
 jeux   AMD Ryzen 5 5600 6-Core Processor               (x86_64), 3700 MHz,   5271 MB RAM,  18090 MB swap
  
 STACKSIZE  . . . . . . . . . . . . . . . . . . . . 1430 MB
 THREAD STACKSIZE . . . . . . . . . . . . . . . . . 400 MB
 
************************************************************************


 I02F_AA2024_NOFAIL_H4_R3D01                                                     


 FINAL TIME . . . . . . . . . . . . . . . . . . .   8.000000    

 TIME INTERVAL FOR TIME HISTORY PLOTS . . . . . .  0.2000000E-02

 TIME STEP SCALE FACTOR . . . . . . . . . . . . .  0.9000000    

 MINIMUM TIME STEP  . . . . . . . . . . . . . . .   0.000000    


 BRICK TIME STEP SCALE FACTOR . . . . . . . . . .  0.9000000    
 BRICK MINIMUM TIME STEP. . . . . . . . . . . . .   0.000000    
 MIN. TIME STEP FLAG (1:STOP RUN, 2:DELETE BRICK)     1

 QUAD TIME STEP SCALE FACTOR. . . . . . . . . . .  0.9000000    
 QUAD MINIMUM TIME STEP . . . . . . . . . . . . .   0.000000    
 MIN. TIME STEP FLAG (1:STOP RUN, 2:DELETE QUAD).     1

 SHELL TIME STEP SCALE FACTOR . . . . . . . . . .  0.9000000    
 SHELL MINIMUM TIME STEP. . . . . . . . . . . . .   0.000000    
 MIN. TIME FLAG (1:STOP, 2:DELETE, 3:SMALL STRAIN)    2

 TRUSS TIME STEP SCALE FACTOR . . . . . . . . . .  0.9000000    
 TRUSS MINIMUM TIME STEP. . . . . . . . . . . . .   0.000000    
 MIN. TIME FLAG (1:STOP, 2:DELETE). . . . . . . .     0

 BEAM TIME STEP SCALE FACTOR. . . . . . . . . . .  0.9000000    
 BEAM MINIMUM TIME STEP . . . . . . . . . . . . .   0.000000    
 MIN. TIME FLAG (1:STOP, 2:DELETE). . . . . . . .     0

 SPRING TIME STEP SCALE FACTOR. . . . . . . . . .  0.9000000    
 SPRING MINIMUM TIME STEP . . . . . . . . . . . .   0.000000    
 MIN. TIME FLAG (1:STOP, 2:DELETE). . . . . . . .     0

 AIRBAG TIME STEP SCALE FACTOR. . . . . . . . . .  0.9000000    
 AIRBAG MINIMUM TIME STEP . . . . . . . . . . . .   0.000000    
 MIN. TIME FLAG (1:STOP). . . . . . . . . . . . .     0

 CONTACT TIME STEP SCALE FACTOR . . . . . . . . .  0.9000000    
 CONTACT MINIMUM TIME STEP. . . . . . . . . . . .   0.000000    
 MIN. TIME FLAG(1:STOP, 2:REMOVE NODE FROM INTERF)    0

 PRINTOUT CYCLE FREQUENCY . . . . . . . . . . . .  -100

 RESTART CYCLE FREQUENCY. . . . . . . . . . . . .   10000000

 MAXIMUM RESTART WRITE BEFORE OVERWRITE . . . . .     0

 INVERS: INPUT DECK VERSION . . . . . . . . . . .  2026
 ITTYP : FLAG FOR TYPE OF T-FILE. . . . . . . . .     4

 INITIAL TIME STEP. . . . . . . . . . . . . . . .   0.000000    
 MAXIMUM TIME STEP. . . . . . . . . . . . . . . .  0.1000000E+21

 PARALLEL ARITHMETIC ON
 NUMBER OF INTERFACES TO BE ELIMINATED. . . . . .        0

 NUMBER OF PARTS TO BE ELIMINATED . . . . . . . .        0

 NUMBER OF SOLID  ELEMENT BLOCKS TO BE ELIMINATED        0

 NUMBER OF QUAD   ELEMENT BLOCKS TO BE ELIMINATED        0

 NUMBER OF SHELL  ELEMENT BLOCKS TO BE ELIMINATED        0

 NUMBER OF TRUSS  ELEMENT BLOCKS TO BE ELIMINATED        0

 NUMBER OF BEAM   ELEMENT BLOCKS TO BE ELIMINATED        0

 NUMBER OF SPRING ELEMENT BLOCKS TO BE ELIMINATED        0

 NUMBER OF SH_3N  ELEMENT BLOCKS TO BE ELIMINATED        0

 NUMBER OF  SPH PARTICLES BLOCKS TO BE ELIMINATED        0

 NUMBER OF RIGID LINKS. . . . . . . . . . . . . .        0

 NUMBER OF NEW BOUNDARY CONDITIONS. . . . . . . .        0


 TIME FOR FIRST ANIMATION-FILE PLOT . . . . . . .   0.000000    
 TIME INTERVAL FOR ANIMATION-FILE PLOTS . . . . .  0.4000000    
 TIME TO STOP ANIMATION-FILE PLOTS. . . . . . . .  0.1000000E+21
 SENSOR FOR ANIMATION-FILE PLOTS. . . . . . . . .          0
 TIME INTERVAL FOR SENSOR ANIMATION-FILE PLOTS. .   0.000000    

 VARIABLE SAVED ON ANIMATION FILES (1: YES) :
      PLASTIC STRAIN. . . . . .     0
      DENSITY     (SOLID ONLY).     0
      SPECIFIC ENERGY . . . . .     1
      HOURGLASS ENERGY. . . . .     0
      TEMPERATURE (SOLID ONLY).     0
      THICKNESS   (SHELL ONLY).     0
      PRESSURE    (SOLID ONLY).     0
      VON MISES . . . . . . . .     0
      TURBULENT ENERGY (FLUID).     0
      TURBULENT VISCOSITY(FLUID)    0
      VORTICITY (FLUID) . . . .     0
 NODAL VALUES SAVED ON ANIMATION FILES (1: YES) :
      PRESSURE. . . . . . . . .     0
      DENSITY . . . . . . . . .     0
      TEMPERATURE . . . . . . .     0
 VECTOR SAVED ON ANIMATION FILES (1: YES) :
      VELOCITY VECTOR . . . . .     1
      DISPLACEMENT VECTOR . . .     1
      ACCELERATION VECTOR . . .     0
      CONTACT FORCES. . . . . .     0
      INTERNAL FORCES . . . . .     0
      EXTERNAL FORCES . . . . .     0
      SECTION RBY RWALL FORCES.     0
      ROTATIONAL VELOCITY VECTOR    0
      CONTACT PRESSURE (VECTORS)    0
 SHELL TENSOR SAVED ON ANIMATION FILES (1: YES) :
      MEMBRANE STRESS . . . . .     0
      BENDING STRESS(MOMENT/T^2)    0
      UPPER LAYER STRESS. . . .     0
      LOWER LAYER STRESS. . . .     0
      MEMBRANE STRAIN . . . . .     0
      CURVATURE . . . . . . . .     0
      UPPER LAYER STRAIN. . . .     0
      LOWER LAYER STRAIN. . . .     0
 NODAL MASS SAVED ON ANIMATION FILES (1: YES) :    0
 KEEP DELETED ELEMENT (1: YES) :    0


 14/09/2026
   CYCLE    TIME      TIME-STEP  ELEMENT          ERROR  I-ENERGY    K-ENERGY T  K-ENERGY R  EXT-WORK     MAS.ERR     TOTAL MASS  MASS ADDED
       0   0.000      0.6186E-03 SHELL          1   0.0%   0.000       0.000       0.000       0.000       0.000      0.2046       0.000    
     ANIMATION FILE: I02F_AA2024_NOFAIL_H4_R3A001 WRITTEN
     100  0.6187E-01  0.6187E-03 SHELL          1  -0.0%  0.1573E-02  0.1346E-06   0.000      0.1574E-02   0.000      0.2046       0.000    
     200  0.1237      0.6187E-03 SHELL          1  -0.0%  0.1813E-01  0.1529E-05   0.000      0.1813E-01   0.000      0.2046       0.000    
     300  0.1856      0.6187E-03 SHELL          1   0.0%  0.8081E-01  0.4943E-05   0.000      0.8081E-01   0.000      0.2046       0.000    
     400  0.2475      0.6187E-03 SHELL          1  -0.0%  0.2380      0.9102E-05   0.000      0.2380       0.000      0.2046       0.000    
     500  0.3093      0.6187E-03 SHELL          1  -0.0%  0.5738      0.8329E-05   0.000      0.5738       0.000      0.2046       0.000    
     600  0.3712      0.6187E-03 SHELL          1  -0.0%   1.183      0.1167E-04   0.000       1.183       0.000      0.2046       0.000    
     ANIMATION FILE: I02F_AA2024_NOFAIL_H4_R3A002 WRITTEN
     700  0.4331      0.6187E-03 SHELL          1  -0.0%   2.159      0.1697E-04   0.000       2.159       0.000      0.2046       0.000    
     800  0.4950      0.6188E-03 SHELL          1  -0.0%   3.614      0.2537E-04   0.000       3.614       0.000      0.2046       0.000    
     900  0.5568      0.6188E-03 SHELL          1  -0.0%   5.693      0.2556E-04   0.000       5.693       0.000      0.2046       0.000    
    1000  0.6187      0.6188E-03 SHELL          1  -0.0%   8.620      0.3306E-04   0.000       8.620       0.000      0.2046       0.000    
    1100  0.6806      0.6189E-03 SHELL          1  -0.0%   12.49      0.3970E-04   0.000       12.49       0.000      0.2046       0.000    
    1200  0.7425      0.6189E-03 SHELL          1  -0.0%   17.45      0.4755E-04   0.000       17.45       0.000      0.2046       0.000    
     ANIMATION FILE: I02F_AA2024_NOFAIL_H4_R3A003 WRITTEN
    1300  0.8044      0.6190E-03 SHELL          1  -0.0%   23.70      0.6019E-04   0.000       23.70       0.000      0.2046       0.000    
    1400  0.8663      0.6190E-03 SHELL          1  -0.0%   31.55      0.6102E-04   0.000       31.55       0.000      0.2046       0.000    
    1500  0.9282      0.6191E-03 SHELL          1  -0.0%   41.15      0.7146E-04   0.000       41.15       0.000      0.2046       0.000    
    1600  0.9901      0.6191E-03 SHELL          1  -0.0%   52.64      0.7955E-04   0.000       52.64       0.000      0.2046       0.000    
    1700   1.052      0.6192E-03 SHELL          1  -0.0%   66.24      0.8948E-04   0.000       66.24       0.000      0.2046       0.000    
    1800   1.114      0.6192E-03 SHELL          2  -0.0%   81.29      0.9137E-04   0.000       81.29       0.000      0.2046       0.000    
    1900   1.176      0.6193E-03 SHELL          1  -0.0%   97.17      0.1029E-03   0.000       97.17       0.000      0.2046       0.000    
     ANIMATION FILE: I02F_AA2024_NOFAIL_H4_R3A004 WRITTEN
    2000   1.238      0.6193E-03 SHELL          2  -0.0%   113.7      0.1149E-03   0.000       113.7       0.000      0.2046       0.000    
    2100   1.300      0.6194E-03 SHELL          2  -0.0%   130.8      0.1265E-03   0.000       130.8       0.000      0.2046       0.000    
    2200   1.362      0.6195E-03 SHELL          1  -0.0%   148.6      0.1391E-03   0.000       148.6       0.000      0.2046       0.000    
    2300   1.424      0.6195E-03 SHELL          2  -0.0%   167.2      0.1393E-03   0.000       167.2       0.000      0.2046       0.000    
    2400   1.486      0.6196E-03 SHELL          1  -0.0%   186.4      0.1519E-03   0.000       186.4       0.000      0.2046       0.000    
    2500   1.548      0.6197E-03 SHELL          2  -0.0%   206.2      0.1647E-03   0.000       206.2       0.000      0.2046       0.000    
     ANIMATION FILE: I02F_AA2024_NOFAIL_H4_R3A005 WRITTEN
    2600   1.610      0.6198E-03 SHELL          2  -0.0%   226.5      0.1765E-03   0.000       226.5       0.000      0.2046       0.000    
    2700   1.671      0.6198E-03 SHELL          1  -0.0%   247.5      0.1772E-03   0.000       247.5       0.000      0.2046       0.000    
    2800   1.733      0.6199E-03 SHELL          2  -0.0%   269.1      0.1899E-03   0.000       269.1       0.000      0.2046       0.000    
    2900   1.795      0.6200E-03 SHELL          1  -0.0%   291.3      0.2027E-03   0.000       291.3       0.000      0.2046       0.000    
    3000   1.857      0.6201E-03 SHELL          2  -0.0%   313.9      0.2146E-03   0.000       313.9       0.000      0.2046       0.000    
    3100   1.919      0.6202E-03 SHELL          1  -0.0%   337.0      0.2159E-03   0.000       337.0       0.000      0.2046       0.000    
    3200   1.981      0.6202E-03 SHELL          1  -0.0%   360.8      0.2277E-03   0.000       360.8       0.000      0.2046       0.000    
     ANIMATION FILE: I02F_AA2024_NOFAIL_H4_R3A006 WRITTEN
    3300   2.044      0.6203E-03 SHELL          2  -0.0%   385.1      0.2399E-03   0.000       385.1       0.000      0.2046       0.000    
    3400   2.106      0.6204E-03 SHELL          1  -0.0%   409.8      0.2522E-03   0.000       409.8       0.000      0.2046       0.000    
    3500   2.168      0.6205E-03 SHELL          1  -0.0%   434.9      0.2639E-03   0.000       434.9       0.000      0.2046       0.000    
    3600   2.230      0.6206E-03 SHELL          1  -0.0%   460.5      0.2639E-03   0.000       460.5       0.000      0.2046       0.000    
    3700   2.292      0.6207E-03 SHELL          1  -0.0%   486.6      0.2755E-03   0.000       486.6       0.000      0.2046       0.000    
    3800   2.354      0.6208E-03 SHELL          2  -0.0%   513.1      0.2868E-03   0.000       513.1       0.000      0.2046       0.000    
     ANIMATION FILE: I02F_AA2024_NOFAIL_H4_R3A007 WRITTEN
    3900   2.416      0.6209E-03 SHELL          1  -0.0%   539.9      0.2978E-03   0.000       539.9       0.000      0.2046       0.000    
    4000   2.478      0.6209E-03 SHELL          1  -0.0%   567.2      0.2976E-03   0.000       567.2       0.000      0.2046       0.000    
    4100   2.540      0.6210E-03 SHELL          1  -0.0%   594.9      0.3081E-03   0.000       594.9       0.000      0.2046       0.000    
    4200   2.602      0.6211E-03 SHELL          1  -0.0%   622.9      0.3183E-03   0.000       622.9       0.000      0.2046       0.000    
    4300   2.664      0.6212E-03 SHELL          2  -0.0%   651.2      0.3282E-03   0.000       651.2       0.000      0.2046       0.000    
    4400   2.726      0.6213E-03 SHELL          2  -0.0%   679.9      0.3372E-03   0.000       679.9       0.000      0.2046       0.000    
    4500   2.789      0.6214E-03 SHELL          1  -0.0%   708.9      0.3371E-03   0.000       708.9       0.000      0.2046       0.000    
     ANIMATION FILE: I02F_AA2024_NOFAIL_H4_R3A008 WRITTEN
    4600   2.851      0.6215E-03 SHELL          1  -0.0%   738.2      0.3459E-03   0.000       738.2       0.000      0.2046       0.000    
    4700   2.913      0.6216E-03 SHELL          1  -0.0%   767.8      0.3540E-03   0.000       767.8       0.000      0.2046       0.000    
    4800   2.975      0.6217E-03 SHELL          2  -0.0%   797.6      0.3620E-03   0.000       797.6       0.000      0.2046       0.000    
    4900   3.037      0.6218E-03 SHELL          1  -0.0%   827.6      0.3617E-03   0.000       827.6       0.000      0.2046       0.000    
    5000   3.099      0.6219E-03 SHELL          1  -0.0%   858.0      0.3688E-03   0.000       858.0       0.000      0.2046       0.000    
    5100   3.162      0.6220E-03 SHELL          1  -0.0%   888.5      0.3755E-03   0.000       888.5       0.000      0.2046       0.000    
     ANIMATION FILE: I02F_AA2024_NOFAIL_H4_R3A009 WRITTEN
    5200   3.224      0.6220E-03 SHELL          1  -0.0%   919.2      0.3816E-03   0.000       919.2       0.000      0.2046       0.000    
    5300   3.286      0.6221E-03 SHELL          2  -0.0%   950.1      0.3868E-03   0.000       950.1       0.000      0.2046       0.000    
    5400   3.348      0.6222E-03 SHELL          1  -0.0%   981.2      0.3867E-03   0.000       981.2       0.000      0.2046       0.000    
    5500   3.410      0.6223E-03 SHELL          1  -0.0%   1012.      0.3915E-03   0.000       1012.       0.000      0.2046       0.000    
    5600   3.473      0.6224E-03 SHELL          1  -0.0%   1044.      0.3957E-03   0.000       1044.       0.000      0.2046       0.000    
    5700   3.535      0.6225E-03 SHELL          2  -0.0%   1075.      0.3996E-03   0.000       1075.       0.000      0.2046       0.000    
    5800   3.597      0.6226E-03 SHELL          1  -0.0%   1107.      0.3991E-03   0.000       1107.       0.000      0.2046       0.000    
     ANIMATION FILE: I02F_AA2024_NOFAIL_H4_R3A010 WRITTEN
    5900   3.659      0.6227E-03 SHELL          1  -0.0%   1139.      0.4020E-03   0.000       1139.       0.000      0.2046       0.000    
    6000   3.722      0.6228E-03 SHELL          1  -0.0%   1170.      0.4043E-03   0.000       1170.       0.000      0.2046       0.000    
    6100   3.784      0.6229E-03 SHELL          1  -0.0%   1202.      0.4060E-03   0.000       1202.       0.000      0.2046       0.000    
    6200   3.846      0.6229E-03 SHELL          1  -0.0%   1234.      0.4071E-03   0.000       1234.       0.000      0.2046       0.000    
    6300   3.909      0.6230E-03 SHELL          1  -0.0%   1266.      0.4068E-03   0.000       1266.       0.000      0.2046       0.000    
    6400   3.971      0.6231E-03 SHELL          1  -0.0%   1298.      0.4071E-03   0.000       1298.       0.000      0.2046       0.000    
     ANIMATION FILE: I02F_AA2024_NOFAIL_H4_R3A011 WRITTEN
    6500   4.033      0.6232E-03 SHELL          1  -0.0%   1330.      0.4069E-03   0.000       1330.       0.000      0.2046       0.000    
    6600   4.096      0.6233E-03 SHELL          1  -0.0%   1362.      0.4060E-03   0.000       1362.       0.000      0.2046       0.000    
    6700   4.158      0.6234E-03 SHELL          1  -0.0%   1394.      0.4057E-03   0.000       1394.       0.000      0.2046       0.000    
    6800   4.220      0.6234E-03 SHELL          1  -0.0%   1426.      0.4042E-03   0.000       1426.       0.000      0.2046       0.000    
    6900   4.283      0.6235E-03 SHELL          1  -0.0%   1457.      0.4020E-03   0.000       1457.       0.000      0.2046       0.000    
    7000   4.345      0.6236E-03 SHELL          1  -0.0%   1489.      0.3992E-03   0.000       1489.       0.000      0.2046       0.000    
     ANIMATION FILE: I02F_AA2024_NOFAIL_H4_R3A012 WRITTEN
    7100   4.407      0.6237E-03 SHELL          1  -0.0%   1521.      0.3959E-03   0.000       1521.       0.000      0.2046       0.000    
    7200   4.470      0.6238E-03 SHELL          1  -0.0%   1552.      0.3954E-03   0.000       1552.       0.000      0.2046       0.000    
    7300   4.532      0.6238E-03 SHELL          1  -0.0%   1584.      0.3914E-03   0.000       1584.       0.000      0.2046       0.000    
    7400   4.594      0.6239E-03 SHELL          1  -0.0%   1615.      0.3866E-03   0.000       1615.       0.000      0.2046       0.000    
    7500   4.657      0.6240E-03 SHELL          1  -0.0%   1646.      0.3815E-03   0.000       1646.       0.000      0.2046       0.000    
    7600   4.719      0.6240E-03 SHELL          1  -0.0%   1677.      0.3809E-03   0.000       1677.       0.000      0.2046       0.000    
    7700   4.782      0.6241E-03 SHELL          1  -0.0%   1708.      0.3751E-03   0.000       1708.       0.000      0.2046       0.000    
     ANIMATION FILE: I02F_AA2024_NOFAIL_H4_R3A013 WRITTEN
    7800   4.844      0.6242E-03 SHELL          1  -0.0%   1738.      0.3686E-03   0.000       1738.       0.000      0.2046       0.000    
    7900   4.906      0.6242E-03 SHELL          1  -0.0%   1768.      0.3622E-03   0.000       1768.       0.000      0.2046       0.000    
    8000   4.969      0.6243E-03 SHELL          2  -0.0%   1798.      0.3549E-03   0.000       1798.       0.000      0.2046       0.000    
    8100   5.031      0.6244E-03 SHELL          1  -0.0%   1828.      0.3539E-03   0.000       1828.       0.000      0.2046       0.000    
    8200   5.094      0.6244E-03 SHELL          1  -0.0%   1858.      0.3459E-03   0.000       1858.       0.000      0.2046       0.000    
    8300   5.156      0.6245E-03 SHELL          1  -0.0%   1887.      0.3374E-03   0.000       1887.       0.000      0.2046       0.000    
     ANIMATION FILE: I02F_AA2024_NOFAIL_H4_R3A014 WRITTEN
    8400   5.219      0.6246E-03 SHELL          1  -0.0%   1916.      0.3285E-03   0.000       1916.       0.000      0.2046       0.000    
    8500   5.281      0.6246E-03 SHELL          1  -0.0%   1945.      0.3198E-03   0.000       1945.       0.000      0.2046       0.000    
    8600   5.344      0.6247E-03 SHELL          2  -0.0%   1973.      0.3188E-03   0.000       1973.       0.000      0.2046       0.000    
    8700   5.406      0.6247E-03 SHELL          1  -0.0%   2001.      0.3090E-03   0.000       2001.       0.000      0.2046       0.000    
    8800   5.468      0.6248E-03 SHELL          2  -0.0%   2029.      0.2989E-03   0.000       2029.       0.000      0.2046       0.000    
    8900   5.531      0.6248E-03 SHELL          2  -0.0%   2056.      0.2881E-03   0.000       2056.       0.000      0.2046       0.000    
    9000   5.593      0.6249E-03 SHELL          2  -0.0%   2083.      0.2880E-03   0.000       2083.       0.000      0.2046       0.000    
     ANIMATION FILE: I02F_AA2024_NOFAIL_H4_R3A015 WRITTEN
    9100   5.656      0.6249E-03 SHELL          2  -0.0%   2109.      0.2771E-03   0.000       2109.       0.000      0.2046       0.000    
    9200   5.718      0.6250E-03 SHELL          2  -0.0%   2136.      0.2661E-03   0.000       2136.       0.000      0.2046       0.000    
    9300   5.781      0.6250E-03 SHELL          2  -0.0%   2161.      0.2543E-03   0.000       2161.       0.000      0.2046       0.000    
    9400   5.843      0.6251E-03 SHELL          1  -0.0%   2186.      0.2432E-03   0.000       2186.       0.000      0.2046       0.000    
    9500   5.906      0.6251E-03 SHELL          2  -0.0%   2211.      0.2426E-03   0.000       2211.       0.000      0.2046       0.000    
    9600   5.968      0.6252E-03 SHELL          2  -0.0%   2235.      0.2307E-03   0.000       2235.       0.000      0.2046       0.000    
     ANIMATION FILE: I02F_AA2024_NOFAIL_H4_R3A016 WRITTEN
    9700   6.031      0.6252E-03 SHELL          1  -0.0%   2259.      0.2185E-03   0.000       2259.       0.000      0.2046       0.000    
    9800   6.094      0.6253E-03 SHELL          1  -0.0%   2282.      0.2064E-03   0.000       2282.       0.000      0.2046       0.000    
    9900   6.156      0.6253E-03 SHELL          2  -0.0%   2305.      0.2063E-03   0.000       2305.       0.000      0.2046       0.000    
   CYCLE    TIME      TIME-STEP  ELEMENT          ERROR  I-ENERGY    K-ENERGY T  K-ENERGY R  EXT-WORK     MAS.ERR     TOTAL MASS  MASS ADDED
   10000   6.219      0.6253E-03 SHELL          2  -0.0%   2327.      0.1939E-03   0.000       2327.       0.000      0.2046       0.000    
   10100   6.281      0.6254E-03 SHELL          2  -0.0%   2349.      0.1817E-03   0.000       2349.       0.000      0.2046       0.000    
   10200   6.344      0.6254E-03 SHELL          2  -0.0%   2370.      0.1692E-03   0.000       2370.       0.000      0.2046       0.000    
     ANIMATION FILE: I02F_AA2024_NOFAIL_H4_R3A017 WRITTEN
   10300   6.406      0.6254E-03 SHELL          2  -0.0%   2391.      0.1580E-03   0.000       2391.       0.000      0.2046       0.000    
   10400   6.469      0.6255E-03 SHELL          1  -0.0%   2410.      0.1569E-03   0.000       2410.       0.000      0.2046       0.000    
   10500   6.531      0.6255E-03 SHELL          1  -0.0%   2430.      0.1447E-03   0.000       2430.       0.000      0.2046       0.000    
   10600   6.594      0.6255E-03 SHELL          1  -0.0%   2448.      0.1322E-03   0.000       2448.       0.000      0.2046       0.000    
   10700   6.656      0.6256E-03 SHELL          1  -0.0%   2466.      0.1210E-03   0.000       2466.       0.000      0.2046       0.000    
   10800   6.719      0.6256E-03 SHELL          2  -0.0%   2484.      0.1207E-03   0.000       2484.       0.000      0.2046       0.000    
   10900   6.782      0.6256E-03 SHELL          1  -0.0%   2500.      0.1090E-03   0.000       2500.       0.000      0.2046       0.000    
     ANIMATION FILE: I02F_AA2024_NOFAIL_H4_R3A018 WRITTEN
   11000   6.844      0.6256E-03 SHELL          2  -0.0%   2516.      0.9771E-04   0.000       2516.       0.000      0.2046       0.000    
   11100   6.907      0.6257E-03 SHELL          1  -0.0%   2532.      0.8723E-04   0.000       2532.       0.000      0.2046       0.000    
   11200   6.969      0.6257E-03 SHELL          2  -0.0%   2546.      0.7632E-04   0.000       2546.       0.000      0.2046       0.000    
   11300   7.032      0.6257E-03 SHELL          1  -0.0%   2560.      0.7598E-04   0.000       2560.       0.000      0.2046       0.000    
   11400   7.094      0.6257E-03 SHELL          1  -0.0%   2573.      0.6579E-04   0.000       2573.       0.000      0.2046       0.000    
   11500   7.157      0.6257E-03 SHELL          1  -0.0%   2585.      0.5601E-04   0.000       2585.       0.000      0.2046       0.000    
     ANIMATION FILE: I02F_AA2024_NOFAIL_H4_R3A019 WRITTEN
   11600   7.220      0.6258E-03 SHELL          1  -0.0%   2597.      0.4783E-04   0.000       2597.       0.000      0.2046       0.000    
   11700   7.282      0.6258E-03 SHELL          1  -0.0%   2608.      0.3859E-04   0.000       2608.       0.000      0.2046       0.000    
   11800   7.345      0.6258E-03 SHELL          1  -0.0%   2618.      0.3835E-04   0.000       2618.       0.000      0.2046       0.000    
   11900   7.407      0.6258E-03 SHELL          1  -0.0%   2627.      0.3055E-04   0.000       2627.       0.000      0.2046       0.000    
   12000   7.470      0.6258E-03 SHELL          1  -0.0%   2635.      0.2357E-04   0.000       2635.       0.000      0.2046       0.000    
   12100   7.532      0.6258E-03 SHELL          1  -0.0%   2642.      0.1741E-04   0.000       2642.       0.000      0.2046       0.000    
   12200   7.595      0.6258E-03 SHELL          1  -0.0%   2649.      0.1713E-04   0.000       2649.       0.000      0.2046       0.000    
     ANIMATION FILE: I02F_AA2024_NOFAIL_H4_R3A020 WRITTEN
   12300   7.658      0.6258E-03 SHELL          1  -0.0%   2654.      0.1176E-04   0.000       2654.       0.000      0.2046       0.000    
   12400   7.720      0.6258E-03 SHELL          1  -0.0%   2659.      0.7180E-05   0.000       2659.       0.000      0.2046       0.000    
   12500   7.783      0.6259E-03 SHELL          2  -0.0%   2663.      0.3784E-05   0.000       2663.       0.000      0.2046       0.000    
   12600   7.845      0.6259E-03 SHELL          2  -0.0%   2666.      0.1431E-05   0.000       2666.       0.000      0.2046       0.000    
   12700   7.908      0.6259E-03 SHELL          1  -0.0%   2668.      0.1377E-05   0.000       2668.       0.000      0.2046       0.000    
   12800   7.971      0.6259E-03 SHELL          2  -0.0%   2669.      0.1592E-06   0.000       2669.       0.000      0.2046       0.000    

     RESTART FILES: I02F_AA2024_NOFAIL_H4_R3_0001_[0001-0001].rst WRITTEN
     -------------

     ANIMATION FILE: I02F_AA2024_NOFAIL_H4_R3A021 WRITTEN
  
                           ** CPU USER TIME **
  
  
                        ** SUMMARY **
  
 #PROC  ELEMENT   KINCOND   INTEG     IO        T0        ASM       RESOL    
   1   .1250E+00 .6250E-01 .0000E+00 .2812E+00 .2031E+00 .0000E+00 .8906E+00
  
 
                   ** CUMULATIVE CPU TIME SUMMARY **
  
 CONTACT SORTING.............: .0000E+00     0.00 % 
 CONTACT FORCES..............: .3125E-01     3.51 % 
 ELEMENT FORCES..............: .1250E+00    14.04 % 
 KINEMATIC COND..............: .6250E-01     7.02 % 
 INTEGRATION.................: .0000E+00     0.00 % 
 ASSEMBLING..................: .0000E+00     0.00 % 
 OTHERS (including I/O)......: .6719E+00    75.44 % 
 TOTAL.......................: .8906E+00   100.00 % 
  
  
                           ** ELAPSED TIME **
  
  
                        ** SUMMARY **
  
 #PROC  ELEMENT   KINCOND   INTEG     IO        T0        ASM       RESOL    
   1   .1419E+00 .5889E-01 .4336E-01 .2489E+00 .1418E+00 .2596E-01 .8811E+00
  
                   ** MEMORY USAGE STATISTICS **
  
 TOTAL MEMORY USED .........................:       48 MB
 MAXIMUM MEMORY PER PROCESSOR...............:       48 MB
 MINIMUM MEMORY PER PROCESSOR...............:       48 MB
 AVERAGE MEMORY PER PROCESSOR...............:       48 MB
  
                   ** DISK USAGE STATISTICS **
  
 TOTAL DISK SPACE USED .....................:          1 MB
 ANIMATION/H3D/TH/OUTP SIZE ................:          0 MB
 RESTART FILE SIZE .........................:          0 MB
  
                   ** COMPUTE TIME INFORMATION **
                        ** CURRENT ENGINE **
  
 EXECUTION STARTED .........................:      2026/09/14  14:12:04
 EXECUTION COMPLETED .......................:      2026/09/14  14:12:05
  
 ELAPSED TIME     =          0.91 s
                          0:00:00



     NORMAL TERMINATION      



     TOTAL NUMBER OF CYCLES  :   12849

  
                   ** COMPUTE RUNTIME INFORMATION SUMMARY **
  
        STARTER RUNTIME =          0.56s (00:00:00)
 # 001   ENGINE RUNTIME =          0.91s (00:00:00)
 ------------------------------ 
 STARTER+ENGINE RUNTIME =          1.47s (00:00:01)
  
