 I02ID_MIXED_SHEAR_RETURN_0001.out
************************************************************************
**                                                                    **
**                                                                    **
**                         OpenRadioss Engine                         **
**                                                                    **
**            Non-linear Finite Element Analysis Software             **
**                                                                    **
**                                                                    **
**                                                                    **
**                  Windows 64 bits, Intel compiler                   **
**                      Double Precision Version                      **
**                                                                    **
**                                                                    **
**                                                                    **
************************************************************************
** OpenRadioss Software                                               **
** COPYRIGHT (C) 2026 Siemens                                         **
** Licensed under GNU Affero General Public License.                  **
** See License file.                                                  **
************************************************************************
 
 NUMBER OF SPMD DOMAINS           1
 NUMBER OF THREADS PER DOMAIN     1
 NUMBER OF HMPP PROCESSES         1
  
 COMPUTATION HARDWARE DESCRIPTION
  
 HOSTNAME     CPU TYPE, FREQUENCY AND MEMORY
 jeux   AMD Ryzen 5 5600 6-Core Processor               (x86_64), 3700 MHz,   6283 MB RAM,  18153 MB swap
  
 STACKSIZE  . . . . . . . . . . . . . . . . . . . . 1430 MB
 THREAD STACKSIZE . . . . . . . . . . . . . . . . . 400 MB
 
************************************************************************


 I02ID_MIXED_SHEAR_RETURND01                                                     


 FINAL TIME . . . . . . . . . . . . . . . . . . .   2.002000    

 TIME INTERVAL FOR TIME HISTORY PLOTS . . . . . .  0.5000000E-04

 TIME STEP SCALE FACTOR . . . . . . . . . . . . .  0.2000000    

 MINIMUM TIME STEP  . . . . . . . . . . . . . . .   0.000000    


 BRICK TIME STEP SCALE FACTOR . . . . . . . . . .  0.2000000    
 BRICK MINIMUM TIME STEP. . . . . . . . . . . . .   0.000000    
 MIN. TIME STEP FLAG (1:STOP RUN, 2:DELETE BRICK)     1

 QUAD TIME STEP SCALE FACTOR. . . . . . . . . . .  0.2000000    
 QUAD MINIMUM TIME STEP . . . . . . . . . . . . .   0.000000    
 MIN. TIME STEP FLAG (1:STOP RUN, 2:DELETE QUAD).     1

 SHELL TIME STEP SCALE FACTOR . . . . . . . . . .  0.2000000    
 SHELL MINIMUM TIME STEP. . . . . . . . . . . . .   0.000000    
 MIN. TIME FLAG (1:STOP, 2:DELETE, 3:SMALL STRAIN)    2

 TRUSS TIME STEP SCALE FACTOR . . . . . . . . . .  0.2000000    
 TRUSS MINIMUM TIME STEP. . . . . . . . . . . . .   0.000000    
 MIN. TIME FLAG (1:STOP, 2:DELETE). . . . . . . .     0

 BEAM TIME STEP SCALE FACTOR. . . . . . . . . . .  0.2000000    
 BEAM MINIMUM TIME STEP . . . . . . . . . . . . .   0.000000    
 MIN. TIME FLAG (1:STOP, 2:DELETE). . . . . . . .     0

 SPRING TIME STEP SCALE FACTOR. . . . . . . . . .  0.2000000    
 SPRING MINIMUM TIME STEP . . . . . . . . . . . .   0.000000    
 MIN. TIME FLAG (1:STOP, 2:DELETE). . . . . . . .     0

 AIRBAG TIME STEP SCALE FACTOR. . . . . . . . . .  0.2000000    
 AIRBAG MINIMUM TIME STEP . . . . . . . . . . . .   0.000000    
 MIN. TIME FLAG (1:STOP). . . . . . . . . . . . .     0

 CONTACT TIME STEP SCALE FACTOR . . . . . . . . .  0.2000000    
 CONTACT MINIMUM TIME STEP. . . . . . . . . . . .   0.000000    
 MIN. TIME FLAG(1:STOP, 2:REMOVE NODE FROM INTERF)    0

 PRINTOUT CYCLE FREQUENCY . . . . . . . . . . . .  -100

 RESTART CYCLE FREQUENCY. . . . . . . . . . . . .   10000000

 MAXIMUM RESTART WRITE BEFORE OVERWRITE . . . . .     0

 INVERS: INPUT DECK VERSION . . . . . . . . . . .  2026
 ITTYP : FLAG FOR TYPE OF T-FILE. . . . . . . . .     4

 INITIAL TIME STEP. . . . . . . . . . . . . . . .   0.000000    
 MAXIMUM TIME STEP. . . . . . . . . . . . . . . .  0.1000000E+21

 PARALLEL ARITHMETIC ON
 NUMBER OF INTERFACES TO BE ELIMINATED. . . . . .        0

 NUMBER OF PARTS TO BE ELIMINATED . . . . . . . .        0

 NUMBER OF SOLID  ELEMENT BLOCKS TO BE ELIMINATED        0

 NUMBER OF QUAD   ELEMENT BLOCKS TO BE ELIMINATED        0

 NUMBER OF SHELL  ELEMENT BLOCKS TO BE ELIMINATED        0

 NUMBER OF TRUSS  ELEMENT BLOCKS TO BE ELIMINATED        0

 NUMBER OF BEAM   ELEMENT BLOCKS TO BE ELIMINATED        0

 NUMBER OF SPRING ELEMENT BLOCKS TO BE ELIMINATED        0

 NUMBER OF SH_3N  ELEMENT BLOCKS TO BE ELIMINATED        0

 NUMBER OF  SPH PARTICLES BLOCKS TO BE ELIMINATED        0

 NUMBER OF RIGID LINKS. . . . . . . . . . . . . .        0

 NUMBER OF NEW BOUNDARY CONDITIONS. . . . . . . .        0


 TIME FOR FIRST ANIMATION-FILE PLOT . . . . . . .  0.1000000E+31
 TIME INTERVAL FOR ANIMATION-FILE PLOTS . . . . .   0.000000    
 TIME TO STOP ANIMATION-FILE PLOTS. . . . . . . .  0.1000000E+21
 SENSOR FOR ANIMATION-FILE PLOTS. . . . . . . . .          0
 TIME INTERVAL FOR SENSOR ANIMATION-FILE PLOTS. .   0.000000    

 VARIABLE SAVED ON ANIMATION FILES (1: YES) :
      PLASTIC STRAIN. . . . . .     0
      DENSITY     (SOLID ONLY).     0
      SPECIFIC ENERGY . . . . .     0
      HOURGLASS ENERGY. . . . .     0
      TEMPERATURE (SOLID ONLY).     0
      THICKNESS   (SHELL ONLY).     0
      PRESSURE    (SOLID ONLY).     0
      VON MISES . . . . . . . .     0
      TURBULENT ENERGY (FLUID).     0
      TURBULENT VISCOSITY(FLUID)    0
      VORTICITY (FLUID) . . . .     0
 NODAL VALUES SAVED ON ANIMATION FILES (1: YES) :
      PRESSURE. . . . . . . . .     0
      DENSITY . . . . . . . . .     0
      TEMPERATURE . . . . . . .     0
 VECTOR SAVED ON ANIMATION FILES (1: YES) :
      VELOCITY VECTOR . . . . .     0
      DISPLACEMENT VECTOR . . .     0
      ACCELERATION VECTOR . . .     0
      CONTACT FORCES. . . . . .     0
      INTERNAL FORCES . . . . .     0
      EXTERNAL FORCES . . . . .     0
      SECTION RBY RWALL FORCES.     0
      ROTATIONAL VELOCITY VECTOR    0
      CONTACT PRESSURE (VECTORS)    0
 SHELL TENSOR SAVED ON ANIMATION FILES (1: YES) :
      MEMBRANE STRESS . . . . .     0
      BENDING STRESS(MOMENT/T^2)    0
      UPPER LAYER STRESS. . . .     0
      LOWER LAYER STRESS. . . .     0
      MEMBRANE STRAIN . . . . .     0
      CURVATURE . . . . . . . .     0
      UPPER LAYER STRAIN. . . .     0
      LOWER LAYER STRAIN. . . .     0
 NODAL MASS SAVED ON ANIMATION FILES (1: YES) :    0
 KEEP DELETED ELEMENT (1: YES) :    0


 03/10/2026
   CYCLE    TIME      TIME-STEP  ELEMENT          ERROR  I-ENERGY    K-ENERGY T  K-ENERGY R  EXT-WORK     MAS.ERR     TOTAL MASS  MASS ADDED
       0   0.000      0.3780E-03 NODE           2   0.0%   0.000       0.000       0.000       0.000       0.000      0.2000       0.000    
     100  0.3780E-01  0.3780E-03 NODE           2  -0.0%  0.3965E-04  0.4569E-06   0.000      0.4012E-04   0.000      0.2000       0.000    
     200  0.7559E-01  0.3780E-03 NODE           2  -0.0%  0.2253E-02  0.6114E-05   0.000      0.2260E-02   0.000      0.2000       0.000    
     300  0.1134      0.3780E-03 NODE           2  -0.0%  0.2273E-01  0.2596E-04   0.000      0.2275E-01   0.000      0.2000       0.000    
     400  0.1512      0.3780E-03 NODE           2  -0.0%  0.1127      0.6937E-04   0.000      0.1128       0.000      0.2000       0.000    
     500  0.1890      0.3780E-03 NODE           2  -0.0%  0.3781      0.1416E-03   0.000      0.3782       0.000      0.2000       0.000    
     600  0.2268      0.3780E-03 NODE           2  -0.0%  0.9889      0.2423E-03   0.000      0.9892       0.000      0.2000       0.000    
     700  0.2646      0.3780E-03 NODE           2  -0.0%   2.176      0.3662E-03   0.000       2.176       0.000      0.2000       0.000    
     800  0.3024      0.3780E-03 NODE           2  -0.0%   3.892      0.5066E-03   0.000       3.893       0.000      0.2000       0.000    
     900  0.3402      0.3780E-03 NODE           2  -0.0%   5.831      0.6502E-03   0.000       5.832       0.000      0.2000       0.000    
    1000  0.3780      0.3780E-03 NODE           2   0.0%   7.941      0.7827E-03   0.000       7.941       0.000      0.2000       0.000    
    1100  0.4158      0.3780E-03 NODE           2   0.0%   10.16      0.8909E-03   0.000       10.16       0.000      0.2000       0.000    
    1200  0.4536      0.3780E-03 NODE           2  -0.0%   12.44      0.9658E-03   0.000       12.44       0.000      0.2000       0.000    
    1300  0.4914      0.3780E-03 NODE           2  -0.0%   14.71      0.9989E-03   0.000       14.71       0.000      0.2000       0.000    
    1400  0.5292      0.3780E-03 NODE           2  -0.0%   16.91      0.9863E-03   0.000       16.91       0.000      0.2000       0.000    
    1500  0.5669      0.3780E-03 NODE           2   0.0%   19.01      0.9304E-03   0.000       19.01       0.000      0.2000       0.000    
    1600  0.6047      0.3780E-03 NODE           2   0.0%   20.96      0.8362E-03   0.000       20.96       0.000      0.2000       0.000    
    1700  0.6425      0.3780E-03 NODE           2   0.0%   22.72      0.7124E-03   0.000       22.72       0.000      0.2000       0.000    
    1800  0.6803      0.3780E-03 NODE           2   0.0%   24.27      0.5719E-03   0.000       24.27       0.000      0.2000       0.000    
    1900  0.7181      0.3780E-03 NODE           2   0.0%   25.60      0.4298E-03   0.000       25.60       0.000      0.2000       0.000    
    2000  0.7559      0.3780E-03 NODE           2   0.0%   26.70      0.2973E-03   0.000       26.70       0.000      0.2000       0.000    
    2100  0.7937      0.3780E-03 NODE           2   0.0%   27.58      0.1840E-03   0.000       27.58       0.000      0.2000       0.000    
    2200  0.8315      0.3780E-03 SPRIN          1   0.0%   28.23      0.9828E-04   0.000       28.23       0.000      0.2000       0.000    
    2300  0.8693      0.3780E-03 SPRIN          1   0.0%   28.68      0.4258E-04   0.000       28.68       0.000      0.2000       0.000    
    2400  0.9071      0.3780E-03 SPRIN          1   0.0%   28.95      0.1302E-04   0.000       28.95       0.000      0.2000       0.000    
    2500  0.9449      0.3780E-03 SPRIN          1   0.0%   29.09      0.1888E-05   0.000       29.09       0.000      0.2000       0.000    
    2600  0.9827      0.3780E-03 SPRIN          1   0.0%   29.12      0.2075E-07   0.000       29.12       0.000      0.2000       0.000    
    2700   1.021      0.3780E-03 SPRIN          1   0.0%   29.12      0.2998E-08   0.000       29.12       0.000      0.2000       0.000    
    2800   1.058      0.3780E-03 SPRIN          1   0.0%   29.11      0.1617E-06   0.000       29.11       0.000      0.2000       0.000    
    2900   1.096      0.3780E-03 SPRIN          1   0.0%   29.06      0.1021E-05   0.000       29.06       0.000      0.2000       0.000    
    3000   1.134      0.3780E-03 SPRIN          1   0.0%   28.96      0.3263E-05   0.000       28.96       0.000      0.2000       0.000    
    3100   1.172      0.3780E-03 SPRIN          1   0.0%   28.80      0.7388E-05   0.000       28.80       0.000      0.2000       0.000    
    3200   1.209      0.3780E-03 SPRIN          1   0.0%   28.58      0.1352E-04   0.000       28.58       0.000      0.2000       0.000    
    3300   1.247      0.3780E-03 SPRIN          1   0.0%   28.30      0.2157E-04   0.000       28.30       0.000      0.2000       0.000    
    3400   1.285      0.3780E-03 SPRIN          1   0.0%   27.97      0.3107E-04   0.000       27.97       0.000      0.2000       0.000    
    3500   1.323      0.3780E-03 SPRIN          1   0.0%   27.61      0.4119E-04   0.000       27.61       0.000      0.2000       0.000    
    3600   1.361      0.3780E-03 SPRIN          1   0.0%   27.23      0.5088E-04   0.000       27.23       0.000      0.2000       0.000    
    3700   1.398      0.3780E-03 SPRIN          1   0.0%   26.84      0.5938E-04   0.000       26.84       0.000      0.2000       0.000    
    3800   1.436      0.3780E-03 SPRIN          1   0.0%   26.47      0.6585E-04   0.000       26.47       0.000      0.2000       0.000    
    3900   1.474      0.3780E-03 SPRIN          1   0.0%   26.12      0.6957E-04   0.000       26.12       0.000      0.2000       0.000    
    4000   1.512      0.3780E-03 SPRIN          1   0.0%   25.80      0.7015E-04   0.000       25.80       0.000      0.2000       0.000    
    4100   1.550      0.3780E-03 SPRIN          1  -0.0%   25.54      0.6760E-04   0.000       25.54       0.000      0.2000       0.000    
    4200   1.587      0.3780E-03 SPRIN          1  -0.0%   25.32      0.6210E-04   0.000       25.32       0.000      0.2000       0.000    
    4300   1.625      0.3780E-03 SPRIN          1  -0.0%   25.15      0.5422E-04   0.000       25.15       0.000      0.2000       0.000    
    4400   1.663      0.3780E-03 SPRIN          1   0.0%   25.02      0.4483E-04   0.000       25.02       0.000      0.2000       0.000    
    4500   1.701      0.3780E-03 SPRIN          1   0.0%   24.94      0.3484E-04   0.000       24.94       0.000      0.2000       0.000    
    4600   1.739      0.3780E-03 SPRIN          1  -0.0%   24.88      0.2502E-04   0.000       24.88       0.000      0.2000       0.000    
    4700   1.776      0.3780E-03 SPRIN          1  -0.0%   24.85      0.1632E-04   0.000       24.85       0.000      0.2000       0.000    
    4800   1.814      0.3780E-03 SPRIN          1   0.0%   24.83      0.9400E-05   0.000       24.83       0.000      0.2000       0.000    
    4900   1.852      0.3780E-03 SPRIN          1   0.0%   24.83      0.4563E-05   0.000       24.83       0.000      0.2000       0.000    
    5000   1.890      0.3780E-03 SPRIN          1  -0.0%   24.82      0.1669E-05   0.000       24.82       0.000      0.2000       0.000    
    5100   1.928      0.3780E-03 SPRIN          1  -0.0%   24.82      0.3644E-06   0.000       24.82       0.000      0.2000       0.000    
    5200   1.965      0.3780E-03 SPRIN          1   0.0%   24.82      0.2186E-07   0.000       24.82       0.000      0.2000       0.000    

     RESTART FILES: I02ID_MIXED_SHEAR_RETURN_0001_[0001-0001].rst WRITTEN
     -------------

  
                           ** CPU USER TIME **
  
  
                        ** SUMMARY **
  
 #PROC  ELEMENT   KINCOND   INTEG     IO        T0        ASM       RESOL    
   1   .1562E-01 .1562E-01 .4688E-01 .1406E+00 .4688E-01 .1562E-01 .3750E+00
  
 
                   ** CUMULATIVE CPU TIME SUMMARY **
  
 CONTACT SORTING.............: .0000E+00     0.00 % 
 CONTACT FORCES..............: .0000E+00     0.00 % 
 ELEMENT FORCES..............: .1562E-01     4.17 % 
 KINEMATIC COND..............: .1562E-01     4.17 % 
 INTEGRATION.................: .4688E-01    12.50 % 
 ASSEMBLING..................: .1562E-01     4.17 % 
 OTHERS (including I/O)......: .2812E+00    75.00 % 
 TOTAL.......................: .3750E+00   100.00 % 
  
  
                           ** ELAPSED TIME **
  
  
                        ** SUMMARY **
  
 #PROC  ELEMENT   KINCOND   INTEG     IO        T0        ASM       RESOL    
   1   .3533E-01 .2389E-01 .1760E-01 .1127E+00 .7364E-01 .1084E-01 .3677E+00
  
                   ** MEMORY USAGE STATISTICS **
  
 TOTAL MEMORY USED .........................:       46 MB
 MAXIMUM MEMORY PER PROCESSOR...............:       46 MB
 MINIMUM MEMORY PER PROCESSOR...............:       46 MB
 AVERAGE MEMORY PER PROCESSOR...............:       46 MB
  
                   ** DISK USAGE STATISTICS **
  
 TOTAL DISK SPACE USED .....................:          1 MB
 ANIMATION/H3D/TH/OUTP SIZE ................:          0 MB
 RESTART FILE SIZE .........................:          0 MB
  
                   ** COMPUTE TIME INFORMATION **
                        ** CURRENT ENGINE **
  
 EXECUTION STARTED .........................:      2026/10/03  10:03:04
 EXECUTION COMPLETED .......................:      2026/10/03  10:03:04
  
 ELAPSED TIME     =          0.40 s
                          0:00:00



     NORMAL TERMINATION      



     TOTAL NUMBER OF CYCLES  :    5297

  
                   ** COMPUTE RUNTIME INFORMATION SUMMARY **
  
        STARTER RUNTIME =          0.73s (00:00:00)
 # 001   ENGINE RUNTIME =          0.40s (00:00:00)
 ------------------------------ 
 STARTER+ENGINE RUNTIME =          1.13s (00:00:01)
  
