************************************************************************
**                                                                    **
**                                                                    **
**                        OpenRadioss Starter                         **
**                                                                    **
**            Non-linear Finite Element Analysis Software             **
**                                                                    **
**                                                                    **
**                                                                    **
**                  Windows 64 bits, Intel compiler                   **
**                      Double Precision Version                      **
**                                                                    **
**                                                                    **
**                                                                    **
************************************************************************
** OpenRadioss Software                                               **
** COPYRIGHT (C) 2026 Siemens                                         **
** Licensed under GNU Affero General Public License.                  **
** See License file.                                                  **
************************************************************************
 
A13_T25_L1_R0
 .. UNITS SYSTEM                                                                         
 .. CONTROL VARIABLES                                                                    
 .. STARTER RUNNING ON    2 THREADS
 .. MATERIALS                                                                            
 .. NODES                                                                                
 .. PROPERTIES                                                                           
 .. 3D SHELL ELEMENTS                                                                    
 .. 3D TRIANGULAR SHELL ELEMENTS                                                         
 .. SUBSETS
 .. ELEMENT GROUPS
 .. PART GROUPS
 .. SURFACES 
 .. NODE GROUP
 .. BOUNDARY CONDITIONS                                                                  
 .. INITIAL VELOCITIES                                                                   
 .. DOMAIN DECOMPOSITION
 .. ELEMENT GROUPS                                                                       
 .. INTERFACES                                                                           
 .. INTERFACE BUFFER INITIALIZATION                                                      
 .. RETURNS TO DOMAIN DECOMPOSITION FOR OPTIMIZATION
 .. DOMAIN DECOMPOSITION
 .. ELEMENT GROUPS                                                                       
 .. INTERFACES                                                                           
 .. INTERFACE BUFFER INITIALIZATION                                                      
 .. ELEMENT BUFFER INITIALIZATION                                                        
 .. GEOMETRY PLOT FILE                                                                   
 .. PARALLEL RESTART FILES GENERATION                                                    
  
------------------------------------------------------------------------
  
                   ** COMPUTE TIME INFORMATION **
  
 EXECUTION STARTED      :      2026/10/08  10:25:56
 EXECUTION COMPLETED    :      2026/10/08  10:25:57
  
 ELAPSED TIME...........=          1.20 s
                               00:00:01
  
------------------------------------------------------------------------



     NORMAL TERMINATION                                                                  
     ------------------                                                                  
              0 ERROR(S)            
              0 WARNING(S)          




PLEASE CHECK LISTING FILE FOR FURTHER DETAILS


