************************************************************************
**                                                                    **
**                                                                    **
**                         OpenRadioss Engine                         **
**                                                                    **
**            Non-linear Finite Element Analysis Software             **
**                                                                    **
**                                                                    **
**                                                                    **
**                  Windows 64 bits, Intel compiler                   **
**                      Double Precision Version                      **
**                                                                    **
**                                                                    **
**                                                                    **
************************************************************************
** OpenRadioss Software                                               **
** COPYRIGHT (C) 2026 Siemens                                         **
** Licensed under GNU Affero General Public License.                  **
** See License file.                                                  **
************************************************************************
 
 ROOT: A24_CONNECTED_FREE_ROTATION_X  RESTART: 0001
 NUMBER OF HMPP PROCESSES     1
 10/10/2026
 NC=       0 T= 0.0000E+00 DT= 1.2317E-05 ERR=  0.0% DM/M= 0.0000E+00
     ANIMATION FILE: A24_CONNECTED_FREE_ROTATION_XA001 WRITTEN
 NC=     100 T= 1.2317E-03 DT= 1.2317E-05 ERR= -0.0% DM/M= 0.0000E+00
 ELAPSED TIME=          0.05 s  REMAINING TIME=          1.91 s
 NC=     200 T= 2.4634E-03 DT= 1.2317E-05 ERR= -0.0% DM/M= 0.0000E+00
 ELAPSED TIME=          0.07 s  REMAINING TIME=          1.31 s
 NC=     300 T= 3.6951E-03 DT= 1.2317E-05 ERR= -0.0% DM/M= 0.0000E+00
 ELAPSED TIME=          0.09 s  REMAINING TIME=          1.09 s
 NC=     400 T= 4.9268E-03 DT= 1.2317E-05 ERR= -0.0% DM/M= 0.0000E+00
 ELAPSED TIME=          0.11 s  REMAINING TIME=          0.97 s
 NC=     500 T= 6.1585E-03 DT= 1.2317E-05 ERR= -0.0% DM/M= 0.0000E+00
 ELAPSED TIME=          0.13 s  REMAINING TIME=          0.89 s
 NC=     600 T= 7.3902E-03 DT= 1.2317E-05 ERR= -0.0% DM/M= 0.0000E+00
 ELAPSED TIME=          0.14 s  REMAINING TIME=          0.84 s
 NC=     700 T= 8.6219E-03 DT= 1.2317E-05 ERR= -0.0% DM/M= 0.0000E+00
 ELAPSED TIME=          0.16 s  REMAINING TIME=          0.79 s
 NC=     800 T= 9.8536E-03 DT= 1.2317E-05 ERR= -0.0% DM/M= 0.0000E+00
 ELAPSED TIME=          0.18 s  REMAINING TIME=          0.75 s
 NC=     900 T= 1.1085E-02 DT= 1.2317E-05 ERR= -0.0% DM/M= 0.0000E+00
 ELAPSED TIME=          0.20 s  REMAINING TIME=          0.71 s
 NC=    1000 T= 1.2317E-02 DT= 1.2316E-05 ERR= -0.0% DM/M= 0.0000E+00
 ELAPSED TIME=          0.22 s  REMAINING TIME=          0.68 s
 NC=    1100 T= 1.3548E-02 DT= 1.2315E-05 ERR= -0.0% DM/M= 0.0000E+00
 ELAPSED TIME=          0.24 s  REMAINING TIME=          0.65 s
 NC=    1200 T= 1.4780E-02 DT= 1.2314E-05 ERR= -0.0% DM/M= 0.0000E+00
 ELAPSED TIME=          0.26 s  REMAINING TIME=          0.62 s
 NC=    1300 T= 1.6011E-02 DT= 1.2312E-05 ERR= -0.0% DM/M= 0.0000E+00
 ELAPSED TIME=          0.28 s  REMAINING TIME=          0.60 s
 NC=    1400 T= 1.7242E-02 DT= 1.2311E-05 ERR= -0.0% DM/M= 0.0000E+00
 ELAPSED TIME=          0.30 s  REMAINING TIME=          0.57 s
 NC=    1500 T= 1.8473E-02 DT= 1.2309E-05 ERR= -0.0% DM/M= 0.0000E+00
 ELAPSED TIME=          0.32 s  REMAINING TIME=          0.55 s
 NC=    1600 T= 1.9704E-02 DT= 1.2308E-05 ERR= -0.0% DM/M= 0.0000E+00
 ELAPSED TIME=          0.34 s  REMAINING TIME=          0.52 s
 NC=    1700 T= 2.0935E-02 DT= 1.2306E-05 ERR= -0.0% DM/M= 0.0000E+00
 ELAPSED TIME=          0.36 s  REMAINING TIME=          0.50 s
 NC=    1800 T= 2.2165E-02 DT= 1.2304E-05 ERR= -0.0% DM/M= 0.0000E+00
 ELAPSED TIME=          0.38 s  REMAINING TIME=          0.47 s
 NC=    1900 T= 2.3396E-02 DT= 1.2301E-05 ERR= -0.0% DM/M= 0.0000E+00
 ELAPSED TIME=          0.40 s  REMAINING TIME=          0.45 s
 NC=    2000 T= 2.4626E-02 DT= 1.2298E-05 ERR= -0.0% DM/M= 0.0000E+00
 ELAPSED TIME=          0.42 s  REMAINING TIME=          0.43 s
     ANIMATION FILE: A24_CONNECTED_FREE_ROTATION_XA002 WRITTEN
 NC=    2100 T= 2.5855E-02 DT= 1.2293E-05 ERR= -0.0% DM/M= 0.0000E+00
 ELAPSED TIME=          0.44 s  REMAINING TIME=          0.41 s
 NC=    2200 T= 2.7084E-02 DT= 1.2289E-05 ERR= -0.0% DM/M= 0.0000E+00
 ELAPSED TIME=          0.46 s  REMAINING TIME=          0.39 s
 NC=    2300 T= 2.8313E-02 DT= 1.2285E-05 ERR= -0.0% DM/M= 0.0000E+00
 ELAPSED TIME=          0.47 s  REMAINING TIME=          0.36 s
 NC=    2400 T= 2.9541E-02 DT= 1.2281E-05 ERR= -0.0% DM/M= 0.0000E+00
 ELAPSED TIME=          0.49 s  REMAINING TIME=          0.34 s
 NC=    2500 T= 3.0769E-02 DT= 1.2277E-05 ERR= -0.0% DM/M= 0.0000E+00
 ELAPSED TIME=          0.51 s  REMAINING TIME=          0.32 s
 NC=    2600 T= 3.1997E-02 DT= 1.2272E-05 ERR= -0.0% DM/M= 0.0000E+00
 ELAPSED TIME=          0.53 s  REMAINING TIME=          0.30 s
 NC=    2700 T= 3.3224E-02 DT= 1.2268E-05 ERR= -0.0% DM/M= 0.0000E+00
 ELAPSED TIME=          0.55 s  REMAINING TIME=          0.28 s
 NC=    2800 T= 3.4450E-02 DT= 1.2264E-05 ERR= -0.0% DM/M= 0.0000E+00
 ELAPSED TIME=          0.57 s  REMAINING TIME=          0.26 s
 NC=    2900 T= 3.5676E-02 DT= 1.2260E-05 ERR= -0.0% DM/M= 0.0000E+00
 ELAPSED TIME=          0.59 s  REMAINING TIME=          0.24 s
 NC=    3000 T= 3.6902E-02 DT= 1.2256E-05 ERR= -0.0% DM/M= 0.0000E+00
 ELAPSED TIME=          0.61 s  REMAINING TIME=          0.22 s
 NC=    3100 T= 3.8128E-02 DT= 1.2253E-05 ERR= -0.0% DM/M= 0.0000E+00
 ELAPSED TIME=          0.63 s  REMAINING TIME=          0.20 s
 NC=    3200 T= 3.9353E-02 DT= 1.2249E-05 ERR= -0.0% DM/M= 0.0000E+00
 ELAPSED TIME=          0.65 s  REMAINING TIME=          0.18 s
 NC=    3300 T= 4.0578E-02 DT= 1.2247E-05 ERR= -0.0% DM/M= 0.0000E+00
 ELAPSED TIME=          0.67 s  REMAINING TIME=          0.16 s
 NC=    3400 T= 4.1802E-02 DT= 1.2244E-05 ERR= -0.0% DM/M= 0.0000E+00
 ELAPSED TIME=          0.69 s  REMAINING TIME=          0.14 s
 NC=    3500 T= 4.3026E-02 DT= 1.2242E-05 ERR= -0.0% DM/M= 0.0000E+00
 ELAPSED TIME=          0.71 s  REMAINING TIME=          0.12 s
 NC=    3600 T= 4.4250E-02 DT= 1.2239E-05 ERR= -0.0% DM/M= 0.0000E+00
 ELAPSED TIME=          0.73 s  REMAINING TIME=          0.10 s
 NC=    3700 T= 4.5474E-02 DT= 1.2237E-05 ERR= -0.0% DM/M= 0.0000E+00
 ELAPSED TIME=          0.75 s  REMAINING TIME=          0.07 s
 NC=    3800 T= 4.6698E-02 DT= 1.2234E-05 ERR= -0.0% DM/M= 0.0000E+00
 ELAPSED TIME=          0.77 s  REMAINING TIME=          0.05 s
 NC=    3900 T= 4.7921E-02 DT= 1.2231E-05 ERR= -0.0% DM/M= 0.0000E+00
 ELAPSED TIME=          0.79 s  REMAINING TIME=          0.03 s
 NC=    4000 T= 4.9144E-02 DT= 1.2228E-05 ERR= -0.0% DM/M= 0.0000E+00
 ELAPSED TIME=          0.81 s  REMAINING TIME=          0.01 s
     RESTART FILES: A24_CONNECTED_FREE_ROTATION_X_0001_[0001-0001].rst WRITTEN
     ANIMATION FILE: A24_CONNECTED_FREE_ROTATION_XA003 WRITTEN
  
                           ** CPU USER TIME **
  
  
                        ** SUMMARY **
  
 #PROC  CONTSORT  CONTFOR   ELEMENT   KINCOND   INTEG     IO        T0        ASM       RESOL    
   1   .1406E+00 .1562E-01 .4375E+00 .0000E+00 .1562E-01 .0000E+00 .1250E+00 .1562E-01 .7969E+00
 
                   ** CUMULATIVE CPU TIME SUMMARY **
  
 CONTACT SORTING.............: .1406E+00    17.65 % 
 CONTACT FORCES..............: .1562E-01     1.96 % 
 ELEMENT FORCES..............: .4375E+00    54.90 % 
 KINEMATIC COND..............: .0000E+00     0.00 % 
 INTEGRATION.................: .1562E-01     1.96 % 
 ASSEMBLING..................: .1562E-01     1.96 % 
 OTHERS (including I/O)......: .1719E+00    21.57 % 
 TOTAL.......................: .7969E+00   100.00 % 
  
                   ** MEMORY USAGE STATISTICS **
  
 TOTAL MEMORY USED .........................:       60 MB
 MAXIMUM MEMORY PER PROCESSOR...............:       60 MB
 MINIMUM MEMORY PER PROCESSOR...............:       60 MB
 AVERAGE MEMORY PER PROCESSOR...............:       60 MB
  
                   ** DISK USAGE STATISTICS **
  
 TOTAL DISK SPACE USED .....................:          0 MB
 ANIMATION/H3D/TH/OUTP SIZE ................:          0 MB
 RESTART FILE SIZE .........................:          0 MB
  
 ELAPSED TIME     =          0.83 s
                          0:00:00
  
     NORMAL TERMINATION      
     TOTAL NUMBER OF CYCLES  :    4072
