************************************************************************
**                                                                    **
**                                                                    **
**                         OpenRadioss Engine                         **
**                                                                    **
**            Non-linear Finite Element Analysis Software             **
**                                                                    **
**                                                                    **
**                                                                    **
**                  Windows 64 bits, Intel compiler                   **
**                      Double Precision Version                      **
**                                                                    **
**                                                                    **
**                                                                    **
************************************************************************
** OpenRadioss Software                                               **
** COPYRIGHT (C) 2026 Siemens                                         **
** Licensed under GNU Affero General Public License.                  **
** See License file.                                                  **
************************************************************************
 
 ROOT: A05_COMP_NOSC  RESTART: 0001
 NUMBER OF HMPP PROCESSES     2
 05/10/2026
     ANIMATION FILE: A05_COMP_NOSCA001 WRITTEN
     ANIMATION FILE: A05_COMP_NOSCA002 WRITTEN
     ANIMATION FILE: A05_COMP_NOSCA003 WRITTEN
     ANIMATION FILE: A05_COMP_NOSCA004 WRITTEN
     ANIMATION FILE: A05_COMP_NOSCA005 WRITTEN
     ANIMATION FILE: A05_COMP_NOSCA006 WRITTEN
     ANIMATION FILE: A05_COMP_NOSCA007 WRITTEN
     ANIMATION FILE: A05_COMP_NOSCA008 WRITTEN
     ANIMATION FILE: A05_COMP_NOSCA009 WRITTEN
     ANIMATION FILE: A05_COMP_NOSCA010 WRITTEN
     RESTART FILES: A05_COMP_NOSC_0001_[0001-0001].rst WRITTEN
     ANIMATION FILE: A05_COMP_NOSCA011 WRITTEN
  
                           ** CPU USER TIME **
  
  
                        ** SUMMARY **
  
 #PROC  CONTSORT  CONTFOR   ELEMENT   KINCOND   INTEG     IO        T0        ASM       RESOL    
   1   .6875E+00 .6250E-01 .5495E+02 .3188E+01 .1188E+01 .5188E+01 .2031E+00 .2891E+01 .7142E+02
 
                   ** CUMULATIVE CPU TIME SUMMARY **
  
 CONTACT SORTING.............: .6875E+00     0.96 % 
 CONTACT FORCES..............: .6250E-01     0.09 % 
 ELEMENT FORCES..............: .5495E+02    76.94 % 
 KINEMATIC COND..............: .3188E+01     4.46 % 
 INTEGRATION.................: .1188E+01     1.66 % 
 ASSEMBLING..................: .2891E+01     4.05 % 
 OTHERS (including I/O)......: .8453E+01    11.84 % 
 TOTAL.......................: .7142E+02   100.00 % 
  
                   ** MEMORY USAGE STATISTICS **
  
 TOTAL MEMORY USED .........................:      231 MB
 MAXIMUM MEMORY PER PROCESSOR...............:      231 MB
 MINIMUM MEMORY PER PROCESSOR...............:      231 MB
 AVERAGE MEMORY PER PROCESSOR...............:      231 MB
  
                   ** DISK USAGE STATISTICS **
  
 TOTAL DISK SPACE USED .....................:        130 MB
 ANIMATION/H3D/TH/OUTP SIZE ................:         74 MB
 RESTART FILE SIZE .........................:         56 MB
  
 ELAPSED TIME     =         35.93 s
                          0:00:35
  
     NORMAL TERMINATION      
     TOTAL NUMBER OF CYCLES  :    2731
