************************************************************************
**                                                                    **
**                                                                    **
**                         OpenRadioss Engine                         **
**                                                                    **
**            Non-linear Finite Element Analysis Software             **
**                                                                    **
**                                                                    **
**                                                                    **
**                  Windows 64 bits, Intel compiler                   **
**                      Double Precision Version                      **
**                                                                    **
**                                                                    **
**                                                                    **
************************************************************************
** OpenRadioss Software                                               **
** COPYRIGHT (C) 2026 Siemens                                         **
** Licensed under GNU Affero General Public License.                  **
** See License file.                                                  **
************************************************************************
 
 ROOT: I02C_DYN_BASE_H025_R2  RESTART: 0001
 NUMBER OF HMPP PROCESSES     1
 13/09/2026
 NC=       0 T= 0.0000E+00 DT= 5.0000E-05 ERR=  0.0% DM/M= 0.0000E+00
     ANIMATION FILE: I02C_DYN_BASE_H025_R2A001 WRITTEN
 NC=     100 T= 5.0000E-03 DT= 5.0000E-05 ERR=  0.0% DM/M= 0.0000E+00
 ELAPSED TIME=          0.06 s  REMAINING TIME=          4.84 s
 NC=     200 T= 1.0000E-02 DT= 5.0000E-05 ERR=  0.0% DM/M= 0.0000E+00
 ELAPSED TIME=          0.09 s  REMAINING TIME=          3.37 s
     ANIMATION FILE: I02C_DYN_BASE_H025_R2A002 WRITTEN
 NC=     300 T= 1.5000E-02 DT= 5.0000E-05 ERR=  0.0% DM/M= 0.0000E+00
 ELAPSED TIME=          0.11 s  REMAINING TIME=          2.88 s
 NC=     400 T= 2.0000E-02 DT= 5.0000E-05 ERR=  0.0% DM/M= 0.0000E+00
 ELAPSED TIME=          0.14 s  REMAINING TIME=          2.60 s
 NC=     500 T= 2.5000E-02 DT= 5.0000E-05 ERR=  0.0% DM/M= 0.0000E+00
 ELAPSED TIME=          0.16 s  REMAINING TIME=          2.41 s
     ANIMATION FILE: I02C_DYN_BASE_H025_R2A003 WRITTEN
 -- RUPTURE OF SPRING ELEMENT :       353 AT TIME : 0.2765E-01
 -- RUPTURE OF SPRING ELEMENT :       354 AT TIME : 0.2765E-01
 -- RUPTURE OF SPRING ELEMENT :       355 AT TIME : 0.2765E-01
 -- RUPTURE OF SPRING ELEMENT :       356 AT TIME : 0.2765E-01
 -- RUPTURE OF SPRING ELEMENT :       357 AT TIME : 0.2765E-01
 -- RUPTURE OF SPRING ELEMENT :       358 AT TIME : 0.2765E-01
 -- RUPTURE OF SPRING ELEMENT :       359 AT TIME : 0.2765E-01
 -- RUPTURE OF SPRING ELEMENT :       360 AT TIME : 0.2765E-01
 -- RUPTURE OF SPRING ELEMENT :       361 AT TIME : 0.2765E-01
 -- RUPTURE OF SPRING ELEMENT :       362 AT TIME : 0.2765E-01
 -- RUPTURE OF SPRING ELEMENT :       363 AT TIME : 0.2765E-01
 -- RUPTURE OF SPRING ELEMENT :       364 AT TIME : 0.2765E-01
 NC=     600 T= 3.0000E-02 DT= 5.0000E-05 ERR=  0.0% DM/M= 0.0000E+00
 ELAPSED TIME=          0.19 s  REMAINING TIME=          2.30 s
 NC=     700 T= 3.5000E-02 DT= 5.0000E-05 ERR=  0.0% DM/M= 0.0000E+00
 ELAPSED TIME=          0.21 s  REMAINING TIME=          2.20 s
 NC=     800 T= 4.0000E-02 DT= 5.0000E-05 ERR=  0.0% DM/M= 0.0000E+00
 ELAPSED TIME=          0.24 s  REMAINING TIME=          2.12 s
     ANIMATION FILE: I02C_DYN_BASE_H025_R2A004 WRITTEN
 NC=     900 T= 4.5000E-02 DT= 5.0000E-05 ERR=  0.0% DM/M= 0.0000E+00
 ELAPSED TIME=          0.26 s  REMAINING TIME=          2.06 s
 NC=    1000 T= 5.0000E-02 DT= 5.0000E-05 ERR=  0.0% DM/M= 0.0000E+00
 ELAPSED TIME=          0.28 s  REMAINING TIME=          1.99 s
     ANIMATION FILE: I02C_DYN_BASE_H025_R2A005 WRITTEN
 NC=    1100 T= 5.5000E-02 DT= 5.0000E-05 ERR=  0.0% DM/M= 0.0000E+00
 ELAPSED TIME=          0.31 s  REMAINING TIME=          1.95 s
 NC=    1200 T= 6.0000E-02 DT= 5.0000E-05 ERR=  0.0% DM/M= 0.0000E+00
 ELAPSED TIME=          0.34 s  REMAINING TIME=          1.90 s
 NC=    1300 T= 6.5000E-02 DT= 5.0000E-05 ERR=  0.0% DM/M= 0.0000E+00
 ELAPSED TIME=          0.36 s  REMAINING TIME=          1.85 s
     ANIMATION FILE: I02C_DYN_BASE_H025_R2A006 WRITTEN
 NC=    1400 T= 7.0000E-02 DT= 5.0000E-05 ERR=  0.0% DM/M= 0.0000E+00
 ELAPSED TIME=          0.38 s  REMAINING TIME=          1.81 s
 NC=    1500 T= 7.5000E-02 DT= 5.0000E-05 ERR=  0.0% DM/M= 0.0000E+00
 ELAPSED TIME=          0.41 s  REMAINING TIME=          1.77 s
 NC=    1600 T= 8.0000E-02 DT= 5.0000E-05 ERR=  0.0% DM/M= 0.0000E+00
 ELAPSED TIME=          0.43 s  REMAINING TIME=          1.73 s
     ANIMATION FILE: I02C_DYN_BASE_H025_R2A007 WRITTEN
 NC=    1700 T= 8.5000E-02 DT= 5.0000E-05 ERR=  0.0% DM/M= 0.0000E+00
 ELAPSED TIME=          0.46 s  REMAINING TIME=          1.70 s
 NC=    1800 T= 9.0000E-02 DT= 5.0000E-05 ERR=  0.0% DM/M= 0.0000E+00
 ELAPSED TIME=          0.48 s  REMAINING TIME=          1.66 s
     ANIMATION FILE: I02C_DYN_BASE_H025_R2A008 WRITTEN
 NC=    1900 T= 9.5000E-02 DT= 5.0000E-05 ERR=  0.0% DM/M= 0.0000E+00
 ELAPSED TIME=          0.51 s  REMAINING TIME=          1.64 s
 NC=    2000 T= 1.0000E-01 DT= 5.0000E-05 ERR=  0.0% DM/M= 0.0000E+00
 ELAPSED TIME=          0.53 s  REMAINING TIME=          1.60 s
 NC=    2100 T= 1.0500E-01 DT= 5.0000E-05 ERR=  0.0% DM/M= 0.0000E+00
 ELAPSED TIME=          0.56 s  REMAINING TIME=          1.57 s
     ANIMATION FILE: I02C_DYN_BASE_H025_R2A009 WRITTEN
 NC=    2200 T= 1.1000E-01 DT= 5.0000E-05 ERR=  0.0% DM/M= 0.0000E+00
 ELAPSED TIME=          0.58 s  REMAINING TIME=          1.54 s
 NC=    2300 T= 1.1500E-01 DT= 5.0000E-05 ERR=  0.0% DM/M= 0.0000E+00
 ELAPSED TIME=          0.61 s  REMAINING TIME=          1.51 s
 NC=    2400 T= 1.2000E-01 DT= 5.0000E-05 ERR=  0.0% DM/M= 0.0000E+00
 ELAPSED TIME=          0.63 s  REMAINING TIME=          1.47 s
     ANIMATION FILE: I02C_DYN_BASE_H025_R2A010 WRITTEN
 NC=    2500 T= 1.2500E-01 DT= 5.0000E-05 ERR=  0.0% DM/M= 0.0000E+00
 ELAPSED TIME=          0.66 s  REMAINING TIME=          1.45 s
 NC=    2600 T= 1.3000E-01 DT= 5.0000E-05 ERR=  0.0% DM/M= 0.0000E+00
 ELAPSED TIME=          0.68 s  REMAINING TIME=          1.42 s
     ANIMATION FILE: I02C_DYN_BASE_H025_R2A011 WRITTEN
 NC=    2700 T= 1.3500E-01 DT= 5.0000E-05 ERR=  0.0% DM/M= 0.0000E+00
 ELAPSED TIME=          0.71 s  REMAINING TIME=          1.39 s
 NC=    2800 T= 1.4000E-01 DT= 5.0000E-05 ERR=  0.0% DM/M= 0.0000E+00
 ELAPSED TIME=          0.73 s  REMAINING TIME=          1.36 s
 NC=    2900 T= 1.4500E-01 DT= 5.0000E-05 ERR=  0.0% DM/M= 0.0000E+00
 ELAPSED TIME=          0.75 s  REMAINING TIME=          1.33 s
     ANIMATION FILE: I02C_DYN_BASE_H025_R2A012 WRITTEN
 NC=    3000 T= 1.5000E-01 DT= 5.0000E-05 ERR=  0.0% DM/M= 0.0000E+00
 ELAPSED TIME=          0.78 s  REMAINING TIME=          1.30 s
 NC=    3100 T= 1.5500E-01 DT= 5.0000E-05 ERR=  0.0% DM/M= 0.0000E+00
 ELAPSED TIME=          0.80 s  REMAINING TIME=          1.27 s
 NC=    3200 T= 1.6000E-01 DT= 5.0000E-05 ERR=  0.0% DM/M= 0.0000E+00
 ELAPSED TIME=          0.83 s  REMAINING TIME=          1.24 s
     ANIMATION FILE: I02C_DYN_BASE_H025_R2A013 WRITTEN
 NC=    3300 T= 1.6500E-01 DT= 5.0000E-05 ERR=  0.0% DM/M= 0.0000E+00
 ELAPSED TIME=          0.85 s  REMAINING TIME=          1.22 s
 NC=    3400 T= 1.7000E-01 DT= 5.0000E-05 ERR=  0.0% DM/M= 0.0000E+00
 ELAPSED TIME=          0.88 s  REMAINING TIME=          1.19 s
     ANIMATION FILE: I02C_DYN_BASE_H025_R2A014 WRITTEN
 NC=    3500 T= 1.7500E-01 DT= 5.0000E-05 ERR=  0.0% DM/M= 0.0000E+00
 ELAPSED TIME=          0.90 s  REMAINING TIME=          1.16 s
 NC=    3600 T= 1.8000E-01 DT= 5.0000E-05 ERR=  0.0% DM/M= 0.0000E+00
 ELAPSED TIME=          0.93 s  REMAINING TIME=          1.13 s
 NC=    3700 T= 1.8500E-01 DT= 5.0000E-05 ERR=  0.0% DM/M= 0.0000E+00
 ELAPSED TIME=          0.95 s  REMAINING TIME=          1.11 s
     ANIMATION FILE: I02C_DYN_BASE_H025_R2A015 WRITTEN
 NC=    3800 T= 1.9000E-01 DT= 5.0000E-05 ERR=  0.0% DM/M= 0.0000E+00
 ELAPSED TIME=          0.98 s  REMAINING TIME=          1.08 s
 NC=    3900 T= 1.9500E-01 DT= 5.0000E-05 ERR=  0.0% DM/M= 0.0000E+00
 ELAPSED TIME=          1.00 s  REMAINING TIME=          1.05 s
 NC=    4000 T= 2.0000E-01 DT= 5.0000E-05 ERR=  0.0% DM/M= 0.0000E+00
 ELAPSED TIME=          1.02 s  REMAINING TIME=          1.02 s
     ANIMATION FILE: I02C_DYN_BASE_H025_R2A016 WRITTEN
 NC=    4100 T= 2.0500E-01 DT= 5.0000E-05 ERR=  0.0% DM/M= 0.0000E+00
 ELAPSED TIME=          1.05 s  REMAINING TIME=          1.00 s
 NC=    4200 T= 2.1000E-01 DT= 5.0000E-05 ERR=  0.0% DM/M= 0.0000E+00
 ELAPSED TIME=          1.07 s  REMAINING TIME=          0.97 s
     ANIMATION FILE: I02C_DYN_BASE_H025_R2A017 WRITTEN
 NC=    4300 T= 2.1500E-01 DT= 5.0000E-05 ERR=  0.0% DM/M= 0.0000E+00
 ELAPSED TIME=          1.10 s  REMAINING TIME=          0.94 s
 NC=    4400 T= 2.2000E-01 DT= 5.0000E-05 ERR=  0.0% DM/M= 0.0000E+00
 ELAPSED TIME=          1.12 s  REMAINING TIME=          0.92 s
 NC=    4500 T= 2.2500E-01 DT= 5.0000E-05 ERR=  0.0% DM/M= 0.0000E+00
 ELAPSED TIME=          1.14 s  REMAINING TIME=          0.89 s
     ANIMATION FILE: I02C_DYN_BASE_H025_R2A018 WRITTEN
 NC=    4600 T= 2.3000E-01 DT= 5.0000E-05 ERR=  0.0% DM/M= 0.0000E+00
 ELAPSED TIME=          1.17 s  REMAINING TIME=          0.86 s
 NC=    4700 T= 2.3500E-01 DT= 5.0000E-05 ERR=  0.0% DM/M= 0.0000E+00
 ELAPSED TIME=          1.19 s  REMAINING TIME=          0.84 s
 NC=    4800 T= 2.4000E-01 DT= 5.0000E-05 ERR=  0.0% DM/M= 0.0000E+00
 ELAPSED TIME=          1.22 s  REMAINING TIME=          0.81 s
     ANIMATION FILE: I02C_DYN_BASE_H025_R2A019 WRITTEN
 NC=    4900 T= 2.4500E-01 DT= 5.0000E-05 ERR=  0.0% DM/M= 0.0000E+00
 ELAPSED TIME=          1.24 s  REMAINING TIME=          0.79 s
 NC=    5000 T= 2.5000E-01 DT= 5.0000E-05 ERR=  0.0% DM/M= 0.0000E+00
 ELAPSED TIME=          1.27 s  REMAINING TIME=          0.76 s
     ANIMATION FILE: I02C_DYN_BASE_H025_R2A020 WRITTEN
 NC=    5100 T= 2.5500E-01 DT= 5.0000E-05 ERR=  0.0% DM/M= 0.0000E+00
 ELAPSED TIME=          1.29 s  REMAINING TIME=          0.74 s
 NC=    5200 T= 2.6000E-01 DT= 5.0000E-05 ERR=  0.0% DM/M= 0.0000E+00
 ELAPSED TIME=          1.32 s  REMAINING TIME=          0.71 s
 NC=    5300 T= 2.6500E-01 DT= 5.0000E-05 ERR=  0.0% DM/M= 0.0000E+00
 ELAPSED TIME=          1.34 s  REMAINING TIME=          0.68 s
     ANIMATION FILE: I02C_DYN_BASE_H025_R2A021 WRITTEN
 NC=    5400 T= 2.7000E-01 DT= 5.0000E-05 ERR=  0.0% DM/M= 0.0000E+00
 ELAPSED TIME=          1.37 s  REMAINING TIME=          0.66 s
 NC=    5500 T= 2.7500E-01 DT= 5.0000E-05 ERR=  0.0% DM/M= 0.0000E+00
 ELAPSED TIME=          1.39 s  REMAINING TIME=          0.63 s
 NC=    5600 T= 2.8000E-01 DT= 5.0000E-05 ERR=  0.0% DM/M= 0.0000E+00
 ELAPSED TIME=          1.41 s  REMAINING TIME=          0.61 s
     ANIMATION FILE: I02C_DYN_BASE_H025_R2A022 WRITTEN
 NC=    5700 T= 2.8500E-01 DT= 5.0000E-05 ERR=  0.0% DM/M= 0.0000E+00
 ELAPSED TIME=          1.44 s  REMAINING TIME=          0.58 s
 NC=    5800 T= 2.9000E-01 DT= 5.0000E-05 ERR=  0.0% DM/M= 0.0000E+00
 ELAPSED TIME=          1.46 s  REMAINING TIME=          0.56 s
     ANIMATION FILE: I02C_DYN_BASE_H025_R2A023 WRITTEN
 NC=    5900 T= 2.9500E-01 DT= 5.0000E-05 ERR=  0.0% DM/M= 0.0000E+00
 ELAPSED TIME=          1.49 s  REMAINING TIME=          0.53 s
 NC=    6000 T= 3.0000E-01 DT= 5.0000E-05 ERR=  0.0% DM/M= 0.0000E+00
 ELAPSED TIME=          1.51 s  REMAINING TIME=          0.50 s
 NC=    6100 T= 3.0500E-01 DT= 5.0000E-05 ERR=  0.0% DM/M= 0.0000E+00
 ELAPSED TIME=          1.54 s  REMAINING TIME=          0.48 s
     ANIMATION FILE: I02C_DYN_BASE_H025_R2A024 WRITTEN
 NC=    6200 T= 3.1000E-01 DT= 5.0000E-05 ERR=  0.0% DM/M= 0.0000E+00
 ELAPSED TIME=          1.56 s  REMAINING TIME=          0.45 s
 NC=    6300 T= 3.1500E-01 DT= 5.0000E-05 ERR=  0.0% DM/M= 0.0000E+00
 ELAPSED TIME=          1.59 s  REMAINING TIME=          0.43 s
 NC=    6400 T= 3.2000E-01 DT= 5.0000E-05 ERR=  0.0% DM/M= 0.0000E+00
 ELAPSED TIME=          1.61 s  REMAINING TIME=          0.40 s
     ANIMATION FILE: I02C_DYN_BASE_H025_R2A025 WRITTEN
 NC=    6500 T= 3.2500E-01 DT= 5.0000E-05 ERR=  0.0% DM/M= 0.0000E+00
 ELAPSED TIME=          1.63 s  REMAINING TIME=          0.38 s
 NC=    6600 T= 3.3000E-01 DT= 5.0000E-05 ERR=  0.0% DM/M= 0.0000E+00
 ELAPSED TIME=          1.66 s  REMAINING TIME=          0.35 s
     ANIMATION FILE: I02C_DYN_BASE_H025_R2A026 WRITTEN
 NC=    6700 T= 3.3500E-01 DT= 5.0000E-05 ERR=  0.0% DM/M= 0.0000E+00
 ELAPSED TIME=          1.68 s  REMAINING TIME=          0.33 s
 NC=    6800 T= 3.4000E-01 DT= 5.0000E-05 ERR=  0.0% DM/M= 0.0000E+00
 ELAPSED TIME=          1.71 s  REMAINING TIME=          0.30 s
 NC=    6900 T= 3.4500E-01 DT= 5.0000E-05 ERR=  0.0% DM/M= 0.0000E+00
 ELAPSED TIME=          1.73 s  REMAINING TIME=          0.28 s
     ANIMATION FILE: I02C_DYN_BASE_H025_R2A027 WRITTEN
 NC=    7000 T= 3.5000E-01 DT= 5.0000E-05 ERR=  0.0% DM/M= 0.0000E+00
 ELAPSED TIME=          1.76 s  REMAINING TIME=          0.25 s
 NC=    7100 T= 3.5500E-01 DT= 5.0000E-05 ERR=  0.0% DM/M= 0.0000E+00
 ELAPSED TIME=          1.78 s  REMAINING TIME=          0.23 s
 NC=    7200 T= 3.6000E-01 DT= 5.0000E-05 ERR=  0.0% DM/M= 0.0000E+00
 ELAPSED TIME=          1.80 s  REMAINING TIME=          0.20 s
     ANIMATION FILE: I02C_DYN_BASE_H025_R2A028 WRITTEN
 NC=    7300 T= 3.6500E-01 DT= 5.0000E-05 ERR=  0.0% DM/M= 0.0000E+00
 ELAPSED TIME=          1.83 s  REMAINING TIME=          0.18 s
 NC=    7400 T= 3.7000E-01 DT= 5.0000E-05 ERR=  0.0% DM/M= 0.0000E+00
 ELAPSED TIME=          1.85 s  REMAINING TIME=          0.15 s
     ANIMATION FILE: I02C_DYN_BASE_H025_R2A029 WRITTEN
 NC=    7500 T= 3.7500E-01 DT= 5.0000E-05 ERR=  0.0% DM/M= 0.0000E+00
 ELAPSED TIME=          1.88 s  REMAINING TIME=          0.13 s
 NC=    7600 T= 3.8000E-01 DT= 5.0000E-05 ERR=  0.0% DM/M= 0.0000E+00
 ELAPSED TIME=          1.90 s  REMAINING TIME=          0.10 s
 NC=    7700 T= 3.8500E-01 DT= 5.0000E-05 ERR=  0.0% DM/M= 0.0000E+00
 ELAPSED TIME=          1.93 s  REMAINING TIME=          0.08 s
     ANIMATION FILE: I02C_DYN_BASE_H025_R2A030 WRITTEN
 NC=    7800 T= 3.9000E-01 DT= 5.0000E-05 ERR=  0.0% DM/M= 0.0000E+00
 ELAPSED TIME=          1.95 s  REMAINING TIME=          0.05 s
 NC=    7900 T= 3.9500E-01 DT= 5.0000E-05 ERR=  0.0% DM/M= 0.0000E+00
 ELAPSED TIME=          1.98 s  REMAINING TIME=          0.03 s
 NC=    8000 T= 4.0000E-01 DT= 5.0000E-05 ERR=  0.0% DM/M= 0.0000E+00
 ELAPSED TIME=          2.00 s  REMAINING TIME=          0.00 s
     ANIMATION FILE: I02C_DYN_BASE_H025_R2A031 WRITTEN
     RESTART FILES: I02C_DYN_BASE_H025_R2_0001_[0001-0001].rst WRITTEN
  
                           ** CPU USER TIME **
  
  
                        ** SUMMARY **
  
 #PROC  ELEMENT   KINCOND   INTEG     IO        T0        ASM       RESOL    
   1   .8281E+00 .1562E-01 .7812E-01 .7969E+00 .4688E-01 .6250E-01 .1969E+01
 
                   ** CUMULATIVE CPU TIME SUMMARY **
  
 CONTACT SORTING.............: .0000E+00     0.00 % 
 CONTACT FORCES..............: .1562E-01     0.79 % 
 ELEMENT FORCES..............: .8281E+00    42.06 % 
 KINEMATIC COND..............: .1562E-01     0.79 % 
 INTEGRATION.................: .7812E-01     3.97 % 
 ASSEMBLING..................: .6250E-01     3.17 % 
 OTHERS (including I/O)......: .9688E+00    49.21 % 
 TOTAL.......................: .1969E+01   100.00 % 
  
                   ** MEMORY USAGE STATISTICS **
  
 TOTAL MEMORY USED .........................:       49 MB
 MAXIMUM MEMORY PER PROCESSOR...............:       49 MB
 MINIMUM MEMORY PER PROCESSOR...............:       49 MB
 AVERAGE MEMORY PER PROCESSOR...............:       49 MB
  
                   ** DISK USAGE STATISTICS **
  
 TOTAL DISK SPACE USED .....................:         22 MB
 ANIMATION/H3D/TH/OUTP SIZE ................:         21 MB
 RESTART FILE SIZE .........................:          0 MB
  
 ELAPSED TIME     =          2.01 s
                          0:00:02
  
     NORMAL TERMINATION      
     TOTAL NUMBER OF CYCLES  :    8001
