 I02C_DYN_BASE_H025_R2_0001.out
************************************************************************
**                                                                    **
**                                                                    **
**                         OpenRadioss Engine                         **
**                                                                    **
**            Non-linear Finite Element Analysis Software             **
**                                                                    **
**                                                                    **
**                                                                    **
**                  Windows 64 bits, Intel compiler                   **
**                      Double Precision Version                      **
**                                                                    **
**                                                                    **
**                                                                    **
************************************************************************
** OpenRadioss Software                                               **
** COPYRIGHT (C) 2026 Siemens                                         **
** Licensed under GNU Affero General Public License.                  **
** See License file.                                                  **
************************************************************************
 
 NUMBER OF SPMD DOMAINS           1
 NUMBER OF THREADS PER DOMAIN     1
 NUMBER OF HMPP PROCESSES         1
  
 COMPUTATION HARDWARE DESCRIPTION
  
 HOSTNAME     CPU TYPE, FREQUENCY AND MEMORY
 jeux   AMD Ryzen 5 5600 6-Core Processor               (x86_64), 3700 MHz,   7588 MB RAM,  18090 MB swap
  
 STACKSIZE  . . . . . . . . . . . . . . . . . . . . 1430 MB
 THREAD STACKSIZE . . . . . . . . . . . . . . . . . 400 MB
 
************************************************************************


 I02C_DYN_BASE_H025_R2D01                                                        


 FINAL TIME . . . . . . . . . . . . . . . . . . .  0.4000000    

 TIME INTERVAL FOR TIME HISTORY PLOTS . . . . . .  0.1000000E-03

 TIME STEP SCALE FACTOR . . . . . . . . . . . . .  0.2000000    

 MINIMUM TIME STEP  . . . . . . . . . . . . . . .   0.000000    


 BRICK TIME STEP SCALE FACTOR . . . . . . . . . .  0.2000000    
 BRICK MINIMUM TIME STEP. . . . . . . . . . . . .   0.000000    
 MIN. TIME STEP FLAG (1:STOP RUN, 2:DELETE BRICK)     1

 QUAD TIME STEP SCALE FACTOR. . . . . . . . . . .  0.2000000    
 QUAD MINIMUM TIME STEP . . . . . . . . . . . . .   0.000000    
 MIN. TIME STEP FLAG (1:STOP RUN, 2:DELETE QUAD).     1

 SHELL TIME STEP SCALE FACTOR . . . . . . . . . .  0.2000000    
 SHELL MINIMUM TIME STEP. . . . . . . . . . . . .   0.000000    
 MIN. TIME FLAG (1:STOP, 2:DELETE, 3:SMALL STRAIN)    2

 TRUSS TIME STEP SCALE FACTOR . . . . . . . . . .  0.2000000    
 TRUSS MINIMUM TIME STEP. . . . . . . . . . . . .   0.000000    
 MIN. TIME FLAG (1:STOP, 2:DELETE). . . . . . . .     0

 BEAM TIME STEP SCALE FACTOR. . . . . . . . . . .  0.2000000    
 BEAM MINIMUM TIME STEP . . . . . . . . . . . . .   0.000000    
 MIN. TIME FLAG (1:STOP, 2:DELETE). . . . . . . .     0

 SPRING TIME STEP SCALE FACTOR. . . . . . . . . .  0.2000000    
 SPRING MINIMUM TIME STEP . . . . . . . . . . . .   0.000000    
 MIN. TIME FLAG (1:STOP, 2:DELETE). . . . . . . .     0

 AIRBAG TIME STEP SCALE FACTOR. . . . . . . . . .  0.2000000    
 AIRBAG MINIMUM TIME STEP . . . . . . . . . . . .   0.000000    
 MIN. TIME FLAG (1:STOP). . . . . . . . . . . . .     0

 CONTACT TIME STEP SCALE FACTOR . . . . . . . . .  0.2000000    
 CONTACT MINIMUM TIME STEP. . . . . . . . . . . .   0.000000    
 MIN. TIME FLAG(1:STOP, 2:REMOVE NODE FROM INTERF)    0

 PRINTOUT CYCLE FREQUENCY . . . . . . . . . . . .  -100

 RESTART CYCLE FREQUENCY. . . . . . . . . . . . .   10000000

 MAXIMUM RESTART WRITE BEFORE OVERWRITE . . . . .     0

 INVERS: INPUT DECK VERSION . . . . . . . . . . .  2026
 ITTYP : FLAG FOR TYPE OF T-FILE. . . . . . . . .     4

 INITIAL TIME STEP. . . . . . . . . . . . . . . .  0.5000000E-04
 MAXIMUM TIME STEP. . . . . . . . . . . . . . . .  0.5000000E-04

 PARALLEL ARITHMETIC ON
 NUMBER OF INTERFACES TO BE ELIMINATED. . . . . .        0

 NUMBER OF PARTS TO BE ELIMINATED . . . . . . . .        0

 NUMBER OF SOLID  ELEMENT BLOCKS TO BE ELIMINATED        0

 NUMBER OF QUAD   ELEMENT BLOCKS TO BE ELIMINATED        0

 NUMBER OF SHELL  ELEMENT BLOCKS TO BE ELIMINATED        0

 NUMBER OF TRUSS  ELEMENT BLOCKS TO BE ELIMINATED        0

 NUMBER OF BEAM   ELEMENT BLOCKS TO BE ELIMINATED        0

 NUMBER OF SPRING ELEMENT BLOCKS TO BE ELIMINATED        0

 NUMBER OF SH_3N  ELEMENT BLOCKS TO BE ELIMINATED        0

 NUMBER OF  SPH PARTICLES BLOCKS TO BE ELIMINATED        0

 NUMBER OF RIGID LINKS. . . . . . . . . . . . . .        0

 NUMBER OF NEW BOUNDARY CONDITIONS. . . . . . . .        0


 TIME FOR FIRST ANIMATION-FILE PLOT . . . . . . .   0.000000    
 TIME INTERVAL FOR ANIMATION-FILE PLOTS . . . . .  0.1333333E-01
 TIME TO STOP ANIMATION-FILE PLOTS. . . . . . . .  0.1000000E+21
 SENSOR FOR ANIMATION-FILE PLOTS. . . . . . . . .          0
 TIME INTERVAL FOR SENSOR ANIMATION-FILE PLOTS. .   0.000000    

 VARIABLE SAVED ON ANIMATION FILES (1: YES) :
      PLASTIC STRAIN. . . . . .     0
      DENSITY     (SOLID ONLY).     0
      SPECIFIC ENERGY . . . . .     0
      HOURGLASS ENERGY. . . . .     0
      TEMPERATURE (SOLID ONLY).     0
      THICKNESS   (SHELL ONLY).     0
      PRESSURE    (SOLID ONLY).     0
      VON MISES . . . . . . . .     0
      TURBULENT ENERGY (FLUID).     0
      TURBULENT VISCOSITY(FLUID)    0
      VORTICITY (FLUID) . . . .     0
 NODAL VALUES SAVED ON ANIMATION FILES (1: YES) :
      PRESSURE. . . . . . . . .     0
      DENSITY . . . . . . . . .     0
      TEMPERATURE . . . . . . .     0
 VECTOR SAVED ON ANIMATION FILES (1: YES) :
      VELOCITY VECTOR . . . . .     1
      DISPLACEMENT VECTOR . . .     1
      ACCELERATION VECTOR . . .     0
      CONTACT FORCES. . . . . .     0
      INTERNAL FORCES . . . . .     0
      EXTERNAL FORCES . . . . .     0
      SECTION RBY RWALL FORCES.     0
      ROTATIONAL VELOCITY VECTOR    0
      CONTACT PRESSURE (VECTORS)    0
 SHELL TENSOR SAVED ON ANIMATION FILES (1: YES) :
      MEMBRANE STRESS . . . . .     0
      BENDING STRESS(MOMENT/T^2)    0
      UPPER LAYER STRESS. . . .     0
      LOWER LAYER STRESS. . . .     0
      MEMBRANE STRAIN . . . . .     0
      CURVATURE . . . . . . . .     0
      UPPER LAYER STRAIN. . . .     0
      LOWER LAYER STRAIN. . . .     0
 NODAL MASS SAVED ON ANIMATION FILES (1: YES) :    0
 KEEP DELETED ELEMENT (1: YES) :    0


 13/09/2026
   CYCLE    TIME      TIME-STEP  ELEMENT          ERROR  I-ENERGY    K-ENERGY T  K-ENERGY R  EXT-WORK     MAS.ERR     TOTAL MASS  MASS ADDED
       0   0.000      0.5000E-04 NODE         195   0.0%   0.000       2500.       0.000       0.000       0.000       13.72       0.000    
     ANIMATION FILE: I02C_DYN_BASE_H025_R2A001 WRITTEN
     100  0.5000E-02  0.5000E-04 NODE         202   0.0%   506.7       1993.       0.000       0.000       0.000       13.72       0.000    
     200  0.1000E-01  0.5000E-04 NODE         202   0.0%   1058.       1442.       0.000       0.000       0.000       13.72       0.000    
     ANIMATION FILE: I02C_DYN_BASE_H025_R2A002 WRITTEN
     300  0.1500E-01  0.5000E-04 NODE         195   0.0%   1567.       932.9       0.000       0.000       0.000       13.72       0.000    
     400  0.2000E-01  0.5000E-04 NODE         202   0.0%   1584.       915.7       0.000       0.000       0.000       13.72       0.000    
     500  0.2500E-01  0.5000E-04 NODE         195   0.0%   1669.       830.6       0.000       0.000       0.000       13.72       0.000    
     ANIMATION FILE: I02C_DYN_BASE_H025_R2A003 WRITTEN
 -- RUPTURE OF SPRING ELEMENT NUMBER        353
 -- RUPTURE OF SPRING ELEMENT NUMBER        354
 -- RUPTURE OF SPRING ELEMENT NUMBER        355
 -- RUPTURE OF SPRING ELEMENT NUMBER        356
 -- RUPTURE OF SPRING ELEMENT NUMBER        357
 -- RUPTURE OF SPRING ELEMENT NUMBER        358
 -- RUPTURE OF SPRING ELEMENT NUMBER        359
 -- RUPTURE OF SPRING ELEMENT NUMBER        360
 -- RUPTURE OF SPRING ELEMENT NUMBER        361
 -- RUPTURE OF SPRING ELEMENT NUMBER        362
 -- RUPTURE OF SPRING ELEMENT NUMBER        363
 -- RUPTURE OF SPRING ELEMENT NUMBER        364
     600  0.3000E-01  0.5000E-04 SHELL        120   0.0%   1935.       565.0       0.000       0.000       0.000       13.72       0.000    
     700  0.3500E-01  0.5000E-04 SHELL          2   0.0%   1790.       710.3       0.000       0.000       0.000       13.72       0.000    
     800  0.4000E-01  0.5000E-04 SHELL        112   0.0%   1710.       790.4       0.000       0.000       0.000       13.72       0.000    
     ANIMATION FILE: I02C_DYN_BASE_H025_R2A004 WRITTEN
     900  0.4500E-01  0.5000E-04 SHELL        230   0.0%   1940.       559.6       0.000       0.000       0.000       13.72       0.000    
    1000  0.5000E-01  0.5000E-04 SHELL        123   0.0%   1787.       713.1       0.000       0.000       0.000       13.72       0.000    
     ANIMATION FILE: I02C_DYN_BASE_H025_R2A005 WRITTEN
    1100  0.5500E-01  0.5000E-04 SHELL          2   0.0%   1716.       784.1       0.000       0.000       0.000       13.72       0.000    
    1200  0.6000E-01  0.5000E-04 SHELL        101   0.0%   1944.       555.8       0.000       0.000       0.000       13.72       0.000    
    1300  0.6500E-01  0.5000E-04 SHELL          2   0.0%   1783.       717.3       0.000       0.000       0.000       13.72       0.000    
     ANIMATION FILE: I02C_DYN_BASE_H025_R2A006 WRITTEN
    1400  0.7000E-01  0.5000E-04 SHELL        123   0.0%   1723.       777.4       0.000       0.000       0.000       13.72       0.000    
    1500  0.7500E-01  0.5000E-04 SHELL        233   0.0%   1947.       553.1       0.000       0.000       0.000       13.72       0.000    
    1600  0.8000E-01  0.5000E-04 SHELL        343   0.0%   1779.       721.0       0.000       0.000       0.000       13.72       0.000    
     ANIMATION FILE: I02C_DYN_BASE_H025_R2A007 WRITTEN
    1700  0.8500E-01  0.5000E-04 SHELL          2   0.0%   1729.       770.9       0.000       0.000       0.000       13.72       0.000    
    1800  0.9000E-01  0.5000E-04 SHELL        101   0.0%   1948.       551.6       0.000       0.000       0.000       13.72       0.000    
     ANIMATION FILE: I02C_DYN_BASE_H025_R2A008 WRITTEN
    1900  0.9500E-01  0.5000E-04 SHELL          2   0.0%   1775.       725.1       0.000       0.000       0.000       13.72       0.000    
    2000  0.1000      0.5000E-04 SHELL        153   0.0%   1736.       763.8       0.000       0.000       0.000       13.72       0.000    
    2100  0.1050      0.5000E-04 SHELL        233   0.0%   1949.       551.1       0.000       0.000       0.000       13.72       0.000    
     ANIMATION FILE: I02C_DYN_BASE_H025_R2A009 WRITTEN
    2200  0.1100      0.5000E-04 SHELL        153   0.0%   1771.       728.5       0.000       0.000       0.000       13.72       0.000    
    2300  0.1150      0.5000E-04 SHELL          2   0.0%   1743.       756.7       0.000       0.000       0.000       13.72       0.000    
    2400  0.1200      0.5000E-04 SHELL          2   0.0%   1949.       551.5       0.000       0.000       0.000       13.72       0.000    
     ANIMATION FILE: I02C_DYN_BASE_H025_R2A010 WRITTEN
    2500  0.1250      0.5000E-04 SHELL          2   0.0%   1768.       732.4       0.000       0.000       0.000       13.72       0.000    
    2600  0.1300      0.5000E-04 SHELL        329   0.0%   1751.       749.1       0.000       0.000       0.000       13.72       0.000    
     ANIMATION FILE: I02C_DYN_BASE_H025_R2A011 WRITTEN
    2700  0.1350      0.5000E-04 SHELL        233   0.0%   1947.       552.8       0.000       0.000       0.000       13.72       0.000    
    2800  0.1400      0.5000E-04 SHELL        153   0.0%   1764.       735.7       0.000       0.000       0.000       13.72       0.000    
    2900  0.1450      0.5000E-04 SHELL          2   0.0%   1758.       741.6       0.000       0.000       0.000       13.72       0.000    
     ANIMATION FILE: I02C_DYN_BASE_H025_R2A012 WRITTEN
    3000  0.1500      0.5000E-04 SHELL          2   0.0%   1945.       554.8       0.000       0.000       0.000       13.72       0.000    
    3100  0.1550      0.5000E-04 SHELL          2   0.0%   1761.       739.3       0.000       0.000       0.000       13.72       0.000    
    3200  0.1600      0.5000E-04 SHELL        310   0.0%   1766.       733.5       0.000       0.000       0.000       13.72       0.000    
     ANIMATION FILE: I02C_DYN_BASE_H025_R2A013 WRITTEN
    3300  0.1650      0.5000E-04 SHELL        241   0.0%   1943.       557.5       0.000       0.000       0.000       13.72       0.000    
    3400  0.1700      0.5000E-04 SHELL        153   0.0%   1758.       742.3       0.000       0.000       0.000       13.72       0.000    
     ANIMATION FILE: I02C_DYN_BASE_H025_R2A014 WRITTEN
    3500  0.1750      0.5000E-04 SHELL          2   0.0%   1775.       725.5       0.000       0.000       0.000       13.72       0.000    
    3600  0.1800      0.5000E-04 SHELL          2   0.0%   1939.       560.8       0.000       0.000       0.000       13.72       0.000    
    3700  0.1850      0.5000E-04 SHELL          2   0.0%   1754.       745.5       0.000       0.000       0.000       13.72       0.000    
     ANIMATION FILE: I02C_DYN_BASE_H025_R2A015 WRITTEN
    3800  0.1900      0.5000E-04 SHELL        299   0.0%   1783.       716.9       0.000       0.000       0.000       13.72       0.000    
    3900  0.1950      0.5000E-04 SHELL        241   0.0%   1935.       564.5       0.000       0.000       0.000       13.72       0.000    
    4000  0.2000      0.5000E-04 SHELL        153   0.0%   1752.       748.1       0.000       0.000       0.000       13.72       0.000    
     ANIMATION FILE: I02C_DYN_BASE_H025_R2A016 WRITTEN
    4100  0.2050      0.5000E-04 SHELL          2   0.0%   1792.       708.4       0.000       0.000       0.000       13.72       0.000    
    4200  0.2100      0.5000E-04 SHELL          2   0.0%   1931.       568.8       0.000       0.000       0.000       13.72       0.000    
     ANIMATION FILE: I02C_DYN_BASE_H025_R2A017 WRITTEN
    4300  0.2150      0.5000E-04 SHELL          2   0.0%   1749.       750.9       0.000       0.000       0.000       13.72       0.000    
    4400  0.2200      0.5000E-04 SHELL        299   0.0%   1801.       699.4       0.000       0.000       0.000       13.72       0.000    
    4500  0.2250      0.5000E-04 SHELL        241   0.0%   1927.       573.4       0.000       0.000       0.000       13.72       0.000    
     ANIMATION FILE: I02C_DYN_BASE_H025_R2A018 WRITTEN
    4600  0.2300      0.5000E-04 SHELL        153   0.0%   1747.       752.9       0.000       0.000       0.000       13.72       0.000    
    4700  0.2350      0.5000E-04 SHELL          2   0.0%   1809.       690.6       0.000       0.000       0.000       13.72       0.000    
    4800  0.2400      0.5000E-04 SHELL          2   0.0%   1922.       578.4       0.000       0.000       0.000       13.72       0.000    
     ANIMATION FILE: I02C_DYN_BASE_H025_R2A019 WRITTEN
    4900  0.2450      0.5000E-04 SHELL          2   0.0%   1745.       755.1       0.000       0.000       0.000       13.72       0.000    
    5000  0.2500      0.5000E-04 SHELL        307   0.0%   1819.       681.3       0.000       0.000       0.000       13.72       0.000    
     ANIMATION FILE: I02C_DYN_BASE_H025_R2A020 WRITTEN
    5100  0.2550      0.5000E-04 SHELL        241   0.0%   1916.       583.6       0.000       0.000       0.000       13.72       0.000    
    5200  0.2600      0.5000E-04 SHELL        145   0.0%   1743.       756.6       0.000       0.000       0.000       13.72       0.000    
    5300  0.2650      0.5000E-04 SHELL          2   0.0%   1828.       672.4       0.000       0.000       0.000       13.72       0.000    
     ANIMATION FILE: I02C_DYN_BASE_H025_R2A021 WRITTEN
    5400  0.2700      0.5000E-04 SHELL          2   0.0%   1911.       589.1       0.000       0.000       0.000       13.72       0.000    
    5500  0.2750      0.5000E-04 SHELL          2   0.0%   1742.       758.0       0.000       0.000       0.000       13.72       0.000    
    5600  0.2800      0.5000E-04 SHELL        296   0.0%   1837.       663.1       0.000       0.000       0.000       13.72       0.000    
     ANIMATION FILE: I02C_DYN_BASE_H025_R2A022 WRITTEN
    5700  0.2850      0.5000E-04 SHELL        244   0.0%   1905.       594.6       0.000       0.000       0.000       13.72       0.000    
    5800  0.2900      0.5000E-04 SHELL        153   0.0%   1741.       758.9       0.000       0.000       0.000       13.72       0.000    
     ANIMATION FILE: I02C_DYN_BASE_H025_R2A023 WRITTEN
    5900  0.2950      0.5000E-04 SHELL          2   0.0%   1846.       654.1       0.000       0.000       0.000       13.72       0.000    
    6000  0.3000      0.5000E-04 SHELL          2   0.0%   1900.       600.4       0.000       0.000       0.000       13.72       0.000    
    6100  0.3050      0.5000E-04 SHELL          2   0.0%   1740.       759.6       0.000       0.000       0.000       13.72       0.000    
     ANIMATION FILE: I02C_DYN_BASE_H025_R2A024 WRITTEN
    6200  0.3100      0.5000E-04 SHELL        296   0.0%   1855.       645.0       0.000       0.000       0.000       13.72       0.000    
    6300  0.3150      0.5000E-04 SHELL        244   0.0%   1894.       606.1       0.000       0.000       0.000       13.72       0.000    
    6400  0.3200      0.5000E-04 SHELL        145   0.0%   1740.       759.7       0.000       0.000       0.000       13.72       0.000    
     ANIMATION FILE: I02C_DYN_BASE_H025_R2A025 WRITTEN
    6500  0.3250      0.5000E-04 SHELL          2   0.0%   1864.       636.2       0.000       0.000       0.000       13.72       0.000    
    6600  0.3300      0.5000E-04 SHELL          2   0.0%   1888.       612.0       0.000       0.000       0.000       13.72       0.000    
     ANIMATION FILE: I02C_DYN_BASE_H025_R2A026 WRITTEN
    6700  0.3350      0.5000E-04 SHELL          2   0.0%   1740.       759.6       0.000       0.000       0.000       13.72       0.000    
    6800  0.3400      0.5000E-04 SHELL        296   0.0%   1873.       627.4       0.000       0.000       0.000       13.72       0.000    
    6900  0.3450      0.5000E-04 SHELL        244   0.0%   1882.       617.7       0.000       0.000       0.000       13.72       0.000    
     ANIMATION FILE: I02C_DYN_BASE_H025_R2A027 WRITTEN
    7000  0.3500      0.5000E-04 SHELL         90   0.0%   1741.       759.0       0.000       0.000       0.000       13.72       0.000    
    7100  0.3550      0.5000E-04 SHELL          2   0.0%   1881.       619.1       0.000       0.000       0.000       13.72       0.000    
    7200  0.3600      0.5000E-04 SHELL          2   0.0%   1876.       623.7       0.000       0.000       0.000       13.72       0.000    
     ANIMATION FILE: I02C_DYN_BASE_H025_R2A028 WRITTEN
    7300  0.3650      0.5000E-04 SHELL          2   0.0%   1742.       758.0       0.000       0.000       0.000       13.72       0.000    
    7400  0.3700      0.5000E-04 SHELL        277   0.0%   1889.       610.9       0.000       0.000       0.000       13.72       0.000    
     ANIMATION FILE: I02C_DYN_BASE_H025_R2A029 WRITTEN
    7500  0.3750      0.5000E-04 SHELL        244   0.0%   1871.       629.3       0.000       0.000       0.000       13.72       0.000    
    7600  0.3800      0.5000E-04 SHELL         65   0.0%   1743.       756.6       0.000       0.000       0.000       13.72       0.000    
    7700  0.3850      0.5000E-04 SHELL          2   0.0%   1897.       603.2       0.000       0.000       0.000       13.72       0.000    
     ANIMATION FILE: I02C_DYN_BASE_H025_R2A030 WRITTEN
    7800  0.3900      0.5000E-04 SHELL          2   0.0%   1865.       635.2       0.000       0.000       0.000       13.72       0.000    
    7900  0.3950      0.5000E-04 SHELL        156   0.0%   1745.       754.8       0.000       0.000       0.000       13.72       0.000    
    8000  0.4000      0.5000E-04 SHELL        277   0.0%   1904.       595.7       0.000       0.000       0.000       13.72       0.000    
     ANIMATION FILE: I02C_DYN_BASE_H025_R2A031 WRITTEN

     RESTART FILES: I02C_DYN_BASE_H025_R2_0001_[0001-0001].rst WRITTEN
     -------------

  
                           ** CPU USER TIME **
  
  
                        ** SUMMARY **
  
 #PROC  ELEMENT   KINCOND   INTEG     IO        T0        ASM       RESOL    
   1   .8281E+00 .1562E-01 .7812E-01 .7969E+00 .4688E-01 .6250E-01 .1969E+01
  
 
                   ** CUMULATIVE CPU TIME SUMMARY **
  
 CONTACT SORTING.............: .0000E+00     0.00 % 
 CONTACT FORCES..............: .1562E-01     0.79 % 
 ELEMENT FORCES..............: .8281E+00    42.06 % 
 KINEMATIC COND..............: .1562E-01     0.79 % 
 INTEGRATION.................: .7812E-01     3.97 % 
 ASSEMBLING..................: .6250E-01     3.17 % 
 OTHERS (including I/O)......: .9688E+00    49.21 % 
 TOTAL.......................: .1969E+01   100.00 % 
  
  
                           ** ELAPSED TIME **
  
  
                        ** SUMMARY **
  
 #PROC  ELEMENT   KINCOND   INTEG     IO        T0        ASM       RESOL    
   1   .9214E+00 .6788E-01 .5533E-01 .6479E+00 .5702E-01 .5115E-01 .1973E+01
  
                   ** MEMORY USAGE STATISTICS **
  
 TOTAL MEMORY USED .........................:       49 MB
 MAXIMUM MEMORY PER PROCESSOR...............:       49 MB
 MINIMUM MEMORY PER PROCESSOR...............:       49 MB
 AVERAGE MEMORY PER PROCESSOR...............:       49 MB
  
                   ** DISK USAGE STATISTICS **
  
 TOTAL DISK SPACE USED .....................:         22 MB
 ANIMATION/H3D/TH/OUTP SIZE ................:         21 MB
 RESTART FILE SIZE .........................:          0 MB
  
                   ** COMPUTE TIME INFORMATION **
                        ** CURRENT ENGINE **
  
 EXECUTION STARTED .........................:      2026/09/13  09:13:22
 EXECUTION COMPLETED .......................:      2026/09/13  09:13:24
  
 ELAPSED TIME     =          2.01 s
                          0:00:02



     NORMAL TERMINATION      



     TOTAL NUMBER OF CYCLES  :    8001

  
                   ** COMPUTE RUNTIME INFORMATION SUMMARY **
  
        STARTER RUNTIME =          0.62s (00:00:00)
 # 001   ENGINE RUNTIME =          2.01s (00:00:02)
 ------------------------------ 
 STARTER+ENGINE RUNTIME =          2.63s (00:00:02)
  
