************************************************************************
**                                                                    **
**                                                                    **
**                         OpenRadioss Engine                         **
**                                                                    **
**            Non-linear Finite Element Analysis Software             **
**                                                                    **
**                                                                    **
**                                                                    **
**                  Windows 64 bits, Intel compiler                   **
**                      Double Precision Version                      **
**                                                                    **
**                                                                    **
**                                                                    **
************************************************************************
** OpenRadioss Software                                               **
** COPYRIGHT (C) 2026 Siemens                                         **
** Licensed under GNU Affero General Public License.                  **
** See License file.                                                  **
************************************************************************
 
 ROOT: A22_TRANSLATION_X_N8  RESTART: 0001
 NUMBER OF HMPP PROCESSES     1
 10/10/2026
 NC=       0 T= 0.0000E+00 DT= 2.5000E-05 ERR=  0.0% DM/M= 0.0000E+00
     ANIMATION FILE: A22_TRANSLATION_X_N8A001 WRITTEN
 NC=     100 T= 2.5000E-03 DT= 2.5000E-05 ERR= -0.0% DM/M= 0.0000E+00
 ELAPSED TIME=          0.22 s  REMAINING TIME=         86.73 s
 NC=     200 T= 5.0000E-03 DT= 2.5000E-05 ERR= -0.0% DM/M= 0.0000E+00
 ELAPSED TIME=          0.22 s  REMAINING TIME=         44.58 s
 NC=     300 T= 7.5000E-03 DT= 2.5000E-05 ERR= -0.0% DM/M= 0.0000E+00
 ELAPSED TIME=          0.23 s  REMAINING TIME=         30.53 s
 NC=     400 T= 1.0000E-02 DT= 2.5000E-05 ERR= -0.0% DM/M= 0.0000E+00
 ELAPSED TIME=          0.24 s  REMAINING TIME=         23.50 s
 NC=     500 T= 1.2500E-02 DT= 2.5000E-05 ERR= -0.0% DM/M= 0.0000E+00
 ELAPSED TIME=          0.24 s  REMAINING TIME=         19.28 s
 NC=     600 T= 1.5000E-02 DT= 2.5000E-05 ERR= -0.0% DM/M= 0.0000E+00
 ELAPSED TIME=          0.25 s  REMAINING TIME=         16.47 s
 NC=     700 T= 1.7500E-02 DT= 2.5000E-05 ERR= -0.0% DM/M= 0.0000E+00
 ELAPSED TIME=          0.26 s  REMAINING TIME=         14.46 s
 NC=     800 T= 2.0000E-02 DT= 2.5000E-05 ERR= -0.0% DM/M= 0.0000E+00
 ELAPSED TIME=          0.26 s  REMAINING TIME=         12.94 s
 NC=     900 T= 2.2500E-02 DT= 2.5000E-05 ERR= -0.0% DM/M= 0.0000E+00
 ELAPSED TIME=          0.27 s  REMAINING TIME=         11.77 s
 NC=    1000 T= 2.5000E-02 DT= 2.5000E-05 ERR= -0.0% DM/M= 0.0000E+00
 ELAPSED TIME=          0.28 s  REMAINING TIME=         10.82 s
 NC=    1100 T= 2.7500E-02 DT= 2.5000E-05 ERR= -0.0% DM/M= 0.0000E+00
 ELAPSED TIME=          0.28 s  REMAINING TIME=         10.05 s
 NC=    1200 T= 3.0000E-02 DT= 2.5000E-05 ERR= -0.0% DM/M= 0.0000E+00
 ELAPSED TIME=          0.29 s  REMAINING TIME=          9.40 s
 NC=    1300 T= 3.2500E-02 DT= 2.5000E-05 ERR= -0.0% DM/M= 0.0000E+00
 ELAPSED TIME=          0.30 s  REMAINING TIME=          8.86 s
 NC=    1400 T= 3.5000E-02 DT= 2.5000E-05 ERR= -0.0% DM/M= 0.0000E+00
 ELAPSED TIME=          0.30 s  REMAINING TIME=          8.39 s
 NC=    1500 T= 3.7500E-02 DT= 2.5000E-05 ERR= -0.0% DM/M= 0.0000E+00
 ELAPSED TIME=          0.31 s  REMAINING TIME=          7.98 s
 NC=    1600 T= 4.0000E-02 DT= 2.5000E-05 ERR= -0.0% DM/M= 0.0000E+00
 ELAPSED TIME=          0.32 s  REMAINING TIME=          7.62 s
 NC=    1700 T= 4.2500E-02 DT= 2.5000E-05 ERR= -0.0% DM/M= 0.0000E+00
 ELAPSED TIME=          0.32 s  REMAINING TIME=          7.30 s
 NC=    1800 T= 4.5000E-02 DT= 2.5000E-05 ERR= -0.0% DM/M= 0.0000E+00
 ELAPSED TIME=          0.33 s  REMAINING TIME=          7.02 s
 NC=    1900 T= 4.7500E-02 DT= 2.5000E-05 ERR= -0.0% DM/M= 0.0000E+00
 ELAPSED TIME=          0.34 s  REMAINING TIME=          6.76 s
 NC=    2000 T= 5.0000E-02 DT= 2.5000E-05 ERR= -0.0% DM/M= 0.0000E+00
 ELAPSED TIME=          0.34 s  REMAINING TIME=          6.53 s
 NC=    2100 T= 5.2500E-02 DT= 2.5000E-05 ERR= -0.0% DM/M= 0.0000E+00
 ELAPSED TIME=          0.35 s  REMAINING TIME=          6.33 s
 NC=    2200 T= 5.5000E-02 DT= 2.5000E-05 ERR= -0.0% DM/M= 0.0000E+00
 ELAPSED TIME=          0.36 s  REMAINING TIME=          6.13 s
 NC=    2300 T= 5.7500E-02 DT= 2.5000E-05 ERR= -0.0% DM/M= 0.0000E+00
 ELAPSED TIME=          0.36 s  REMAINING TIME=          5.96 s
 NC=    2400 T= 6.0000E-02 DT= 2.5000E-05 ERR= -0.0% DM/M= 0.0000E+00
 ELAPSED TIME=          0.37 s  REMAINING TIME=          5.80 s
 NC=    2500 T= 6.2500E-02 DT= 2.5000E-05 ERR= -0.0% DM/M= 0.0000E+00
 ELAPSED TIME=          0.38 s  REMAINING TIME=          5.65 s
 NC=    2600 T= 6.5000E-02 DT= 2.5000E-05 ERR= -0.0% DM/M= 0.0000E+00
 ELAPSED TIME=          0.38 s  REMAINING TIME=          5.52 s
 NC=    2700 T= 6.7500E-02 DT= 2.5000E-05 ERR= -0.0% DM/M= 0.0000E+00
 ELAPSED TIME=          0.39 s  REMAINING TIME=          5.39 s
 NC=    2800 T= 7.0000E-02 DT= 2.5000E-05 ERR= -0.0% DM/M= 0.0000E+00
 ELAPSED TIME=          0.40 s  REMAINING TIME=          5.27 s
 NC=    2900 T= 7.2500E-02 DT= 2.5000E-05 ERR= -0.0% DM/M= 0.0000E+00
 ELAPSED TIME=          0.40 s  REMAINING TIME=          5.16 s
 NC=    3000 T= 7.5000E-02 DT= 2.5000E-05 ERR= -0.0% DM/M= 0.0000E+00
 ELAPSED TIME=          0.41 s  REMAINING TIME=          5.06 s
 NC=    3100 T= 7.7500E-02 DT= 2.5000E-05 ERR= -0.0% DM/M= 0.0000E+00
 ELAPSED TIME=          0.42 s  REMAINING TIME=          4.96 s
 NC=    3200 T= 8.0000E-02 DT= 2.5000E-05 ERR= -0.0% DM/M= 0.0000E+00
 ELAPSED TIME=          0.42 s  REMAINING TIME=          4.87 s
 NC=    3300 T= 8.2500E-02 DT= 2.5000E-05 ERR= -0.0% DM/M= 0.0000E+00
 ELAPSED TIME=          0.43 s  REMAINING TIME=          4.78 s
 NC=    3400 T= 8.5000E-02 DT= 2.5000E-05 ERR= -0.0% DM/M= 0.0000E+00
 ELAPSED TIME=          0.44 s  REMAINING TIME=          4.70 s
 NC=    3500 T= 8.7500E-02 DT= 2.5000E-05 ERR= -0.0% DM/M= 0.0000E+00
 ELAPSED TIME=          0.44 s  REMAINING TIME=          4.62 s
 NC=    3600 T= 9.0000E-02 DT= 2.5000E-05 ERR= -0.0% DM/M= 0.0000E+00
 ELAPSED TIME=          0.45 s  REMAINING TIME=          4.55 s
 NC=    3700 T= 9.2500E-02 DT= 2.5000E-05 ERR= -0.0% DM/M= 0.0000E+00
 ELAPSED TIME=          0.46 s  REMAINING TIME=          4.48 s
 NC=    3800 T= 9.5000E-02 DT= 2.5000E-05 ERR= -0.0% DM/M= 0.0000E+00
 ELAPSED TIME=          0.46 s  REMAINING TIME=          4.41 s
 NC=    3900 T= 9.7500E-02 DT= 2.5000E-05 ERR= -0.0% DM/M= 0.0000E+00
 ELAPSED TIME=          0.47 s  REMAINING TIME=          4.35 s
 NC=    4000 T= 1.0000E-01 DT= 2.5000E-05 ERR= -0.0% DM/M= 0.0000E+00
 ELAPSED TIME=          0.48 s  REMAINING TIME=          4.29 s
     ANIMATION FILE: A22_TRANSLATION_X_N8A002 WRITTEN
 NC=    4100 T= 1.0250E-01 DT= 2.5000E-05 ERR= -0.0% DM/M= 0.0000E+00
 ELAPSED TIME=          0.48 s  REMAINING TIME=          4.24 s
 NC=    4200 T= 1.0500E-01 DT= 2.5000E-05 ERR= -0.0% DM/M= 0.0000E+00
 ELAPSED TIME=          0.49 s  REMAINING TIME=          4.19 s
 NC=    4300 T= 1.0750E-01 DT= 2.5000E-05 ERR= -0.0% DM/M= 0.0000E+00
 ELAPSED TIME=          0.50 s  REMAINING TIME=          4.13 s
 NC=    4400 T= 1.1000E-01 DT= 2.5000E-05 ERR= -0.0% DM/M= 0.0000E+00
 ELAPSED TIME=          0.50 s  REMAINING TIME=          4.08 s
 NC=    4500 T= 1.1250E-01 DT= 2.5000E-05 ERR= -0.0% DM/M= 0.0000E+00
 ELAPSED TIME=          0.51 s  REMAINING TIME=          4.03 s
 NC=    4600 T= 1.1500E-01 DT= 2.5000E-05 ERR= -0.0% DM/M= 0.0000E+00
 ELAPSED TIME=          0.52 s  REMAINING TIME=          3.98 s
 NC=    4700 T= 1.1750E-01 DT= 2.5000E-05 ERR= -0.0% DM/M= 0.0000E+00
 ELAPSED TIME=          0.52 s  REMAINING TIME=          3.94 s
 NC=    4800 T= 1.2000E-01 DT= 2.5000E-05 ERR= -0.0% DM/M= 0.0000E+00
 ELAPSED TIME=          0.53 s  REMAINING TIME=          3.89 s
 NC=    4900 T= 1.2250E-01 DT= 2.5000E-05 ERR= -0.0% DM/M= 0.0000E+00
 ELAPSED TIME=          0.54 s  REMAINING TIME=          3.85 s
 NC=    5000 T= 1.2500E-01 DT= 2.5000E-05 ERR= -0.0% DM/M= 0.0000E+00
 ELAPSED TIME=          0.54 s  REMAINING TIME=          3.81 s
 NC=    5100 T= 1.2750E-01 DT= 2.5000E-05 ERR= -0.0% DM/M= 0.0000E+00
 ELAPSED TIME=          0.55 s  REMAINING TIME=          3.77 s
 NC=    5200 T= 1.3000E-01 DT= 2.5000E-05 ERR= -0.0% DM/M= 0.0000E+00
 ELAPSED TIME=          0.56 s  REMAINING TIME=          3.73 s
 NC=    5300 T= 1.3250E-01 DT= 2.5000E-05 ERR= -0.0% DM/M= 0.0000E+00
 ELAPSED TIME=          0.56 s  REMAINING TIME=          3.69 s
 NC=    5400 T= 1.3500E-01 DT= 2.5000E-05 ERR= -0.0% DM/M= 0.0000E+00
 ELAPSED TIME=          0.57 s  REMAINING TIME=          3.66 s
 NC=    5500 T= 1.3750E-01 DT= 2.5000E-05 ERR= -0.0% DM/M= 0.0000E+00
 ELAPSED TIME=          0.58 s  REMAINING TIME=          3.62 s
 NC=    5600 T= 1.4000E-01 DT= 2.5000E-05 ERR= -0.0% DM/M= 0.0000E+00
 ELAPSED TIME=          0.58 s  REMAINING TIME=          3.59 s
 NC=    5700 T= 1.4250E-01 DT= 2.5000E-05 ERR= -0.0% DM/M= 0.0000E+00
 ELAPSED TIME=          0.59 s  REMAINING TIME=          3.56 s
 NC=    5800 T= 1.4500E-01 DT= 2.5000E-05 ERR= -0.0% DM/M= 0.0000E+00
 ELAPSED TIME=          0.60 s  REMAINING TIME=          3.52 s
 NC=    5900 T= 1.4750E-01 DT= 2.5000E-05 ERR= -0.0% DM/M= 0.0000E+00
 ELAPSED TIME=          0.60 s  REMAINING TIME=          3.49 s
 NC=    6000 T= 1.5000E-01 DT= 2.5000E-05 ERR= -0.0% DM/M= 0.0000E+00
 ELAPSED TIME=          0.61 s  REMAINING TIME=          3.46 s
 NC=    6100 T= 1.5250E-01 DT= 2.5000E-05 ERR= -0.0% DM/M= 0.0000E+00
 ELAPSED TIME=          0.62 s  REMAINING TIME=          3.43 s
 NC=    6200 T= 1.5500E-01 DT= 2.5000E-05 ERR= -0.0% DM/M= 0.0000E+00
 ELAPSED TIME=          0.62 s  REMAINING TIME=          3.40 s
 NC=    6300 T= 1.5750E-01 DT= 2.5000E-05 ERR= -0.0% DM/M= 0.0000E+00
 ELAPSED TIME=          0.63 s  REMAINING TIME=          3.37 s
 NC=    6400 T= 1.6000E-01 DT= 2.5000E-05 ERR= -0.0% DM/M= 0.0000E+00
 ELAPSED TIME=          0.64 s  REMAINING TIME=          3.34 s
 NC=    6500 T= 1.6250E-01 DT= 2.5000E-05 ERR= -0.0% DM/M= 0.0000E+00
 ELAPSED TIME=          0.64 s  REMAINING TIME=          3.32 s
 NC=    6600 T= 1.6500E-01 DT= 2.5000E-05 ERR= -0.0% DM/M= 0.0000E+00
 ELAPSED TIME=          0.65 s  REMAINING TIME=          3.29 s
 NC=    6700 T= 1.6750E-01 DT= 2.5000E-05 ERR= -0.0% DM/M= 0.0000E+00
 ELAPSED TIME=          0.66 s  REMAINING TIME=          3.27 s
 NC=    6800 T= 1.7000E-01 DT= 2.5000E-05 ERR= -0.0% DM/M= 0.0000E+00
 ELAPSED TIME=          0.66 s  REMAINING TIME=          3.24 s
 NC=    6900 T= 1.7250E-01 DT= 2.5000E-05 ERR= -0.0% DM/M= 0.0000E+00
 ELAPSED TIME=          0.67 s  REMAINING TIME=          3.22 s
 NC=    7000 T= 1.7500E-01 DT= 2.5000E-05 ERR= -0.0% DM/M= 0.0000E+00
 ELAPSED TIME=          0.68 s  REMAINING TIME=          3.19 s
 NC=    7100 T= 1.7750E-01 DT= 2.5000E-05 ERR= -0.0% DM/M= 0.0000E+00
 ELAPSED TIME=          0.68 s  REMAINING TIME=          3.17 s
 NC=    7200 T= 1.8000E-01 DT= 2.5000E-05 ERR= -0.0% DM/M= 0.0000E+00
 ELAPSED TIME=          0.69 s  REMAINING TIME=          3.14 s
 NC=    7300 T= 1.8250E-01 DT= 2.5000E-05 ERR= -0.0% DM/M= 0.0000E+00
 ELAPSED TIME=          0.70 s  REMAINING TIME=          3.12 s
 NC=    7400 T= 1.8500E-01 DT= 2.5000E-05 ERR= -0.0% DM/M= 0.0000E+00
 ELAPSED TIME=          0.70 s  REMAINING TIME=          3.10 s
 NC=    7500 T= 1.8750E-01 DT= 2.5000E-05 ERR= -0.0% DM/M= 0.0000E+00
 ELAPSED TIME=          0.71 s  REMAINING TIME=          3.08 s
 NC=    7600 T= 1.9000E-01 DT= 2.5000E-05 ERR= -0.0% DM/M= 0.0000E+00
 ELAPSED TIME=          0.72 s  REMAINING TIME=          3.05 s
 NC=    7700 T= 1.9250E-01 DT= 2.5000E-05 ERR= -0.0% DM/M= 0.0000E+00
 ELAPSED TIME=          0.72 s  REMAINING TIME=          3.03 s
 NC=    7800 T= 1.9500E-01 DT= 2.5000E-05 ERR= -0.0% DM/M= 0.0000E+00
 ELAPSED TIME=          0.73 s  REMAINING TIME=          3.01 s
 NC=    7900 T= 1.9750E-01 DT= 2.5000E-05 ERR= -0.0% DM/M= 0.0000E+00
 ELAPSED TIME=          0.74 s  REMAINING TIME=          2.99 s
 NC=    8000 T= 2.0000E-01 DT= 2.5000E-05 ERR= -0.0% DM/M= 0.0000E+00
 ELAPSED TIME=          0.74 s  REMAINING TIME=          2.97 s
     ANIMATION FILE: A22_TRANSLATION_X_N8A003 WRITTEN
 NC=    8100 T= 2.0250E-01 DT= 2.5000E-05 ERR= -0.0% DM/M= 0.0000E+00
 ELAPSED TIME=          0.75 s  REMAINING TIME=          2.96 s
 NC=    8200 T= 2.0500E-01 DT= 2.5000E-05 ERR= -0.0% DM/M= 0.0000E+00
 ELAPSED TIME=          0.76 s  REMAINING TIME=          2.94 s
 NC=    8300 T= 2.0750E-01 DT= 2.5000E-05 ERR= -0.0% DM/M= 0.0000E+00
 ELAPSED TIME=          0.76 s  REMAINING TIME=          2.92 s
 NC=    8400 T= 2.1000E-01 DT= 2.5000E-05 ERR= -0.0% DM/M= 0.0000E+00
 ELAPSED TIME=          0.77 s  REMAINING TIME=          2.90 s
 NC=    8500 T= 2.1250E-01 DT= 2.5000E-05 ERR= -0.0% DM/M= 0.0000E+00
 ELAPSED TIME=          0.78 s  REMAINING TIME=          2.88 s
 NC=    8600 T= 2.1500E-01 DT= 2.5000E-05 ERR= -0.0% DM/M= 0.0000E+00
 ELAPSED TIME=          0.78 s  REMAINING TIME=          2.86 s
 NC=    8700 T= 2.1750E-01 DT= 2.5000E-05 ERR= -0.0% DM/M= 0.0000E+00
 ELAPSED TIME=          0.79 s  REMAINING TIME=          2.84 s
 NC=    8800 T= 2.2000E-01 DT= 2.5000E-05 ERR= -0.0% DM/M= 0.0000E+00
 ELAPSED TIME=          0.80 s  REMAINING TIME=          2.82 s
 NC=    8900 T= 2.2250E-01 DT= 2.5000E-05 ERR= -0.0% DM/M= 0.0000E+00
 ELAPSED TIME=          0.80 s  REMAINING TIME=          2.81 s
 NC=    9000 T= 2.2500E-01 DT= 2.5000E-05 ERR= -0.0% DM/M= 0.0000E+00
 ELAPSED TIME=          0.81 s  REMAINING TIME=          2.79 s
 NC=    9100 T= 2.2750E-01 DT= 2.5000E-05 ERR= -0.0% DM/M= 0.0000E+00
 ELAPSED TIME=          0.82 s  REMAINING TIME=          2.77 s
 NC=    9200 T= 2.3000E-01 DT= 2.5000E-05 ERR= -0.0% DM/M= 0.0000E+00
 ELAPSED TIME=          0.82 s  REMAINING TIME=          2.76 s
 NC=    9300 T= 2.3250E-01 DT= 2.5000E-05 ERR= -0.0% DM/M= 0.0000E+00
 ELAPSED TIME=          0.83 s  REMAINING TIME=          2.74 s
 NC=    9400 T= 2.3500E-01 DT= 2.5000E-05 ERR= -0.0% DM/M= 0.0000E+00
 ELAPSED TIME=          0.84 s  REMAINING TIME=          2.72 s
 NC=    9500 T= 2.3750E-01 DT= 2.5000E-05 ERR= -0.0% DM/M= 0.0000E+00
 ELAPSED TIME=          0.84 s  REMAINING TIME=          2.71 s
 NC=    9600 T= 2.4000E-01 DT= 2.5000E-05 ERR= -0.0% DM/M= 0.0000E+00
 ELAPSED TIME=          0.85 s  REMAINING TIME=          2.69 s
 NC=    9700 T= 2.4250E-01 DT= 2.5000E-05 ERR= -0.0% DM/M= 0.0000E+00
 ELAPSED TIME=          0.86 s  REMAINING TIME=          2.68 s
 NC=    9800 T= 2.4500E-01 DT= 2.5000E-05 ERR= -0.0% DM/M= 0.0000E+00
 ELAPSED TIME=          0.86 s  REMAINING TIME=          2.66 s
 NC=    9900 T= 2.4750E-01 DT= 2.5000E-05 ERR= -0.0% DM/M= 0.0000E+00
 ELAPSED TIME=          0.87 s  REMAINING TIME=          2.64 s
 NC=   10000 T= 2.5000E-01 DT= 2.5000E-05 ERR= -0.0% DM/M= 0.0000E+00
 ELAPSED TIME=          0.88 s  REMAINING TIME=          2.63 s
 NC=   10100 T= 2.5250E-01 DT= 2.5000E-05 ERR= -0.0% DM/M= 0.0000E+00
 ELAPSED TIME=          0.88 s  REMAINING TIME=          2.61 s
 NC=   10200 T= 2.5500E-01 DT= 2.5000E-05 ERR= -0.0% DM/M= 0.0000E+00
 ELAPSED TIME=          0.89 s  REMAINING TIME=          2.60 s
 NC=   10300 T= 2.5750E-01 DT= 2.5000E-05 ERR= -0.0% DM/M= 0.0000E+00
 ELAPSED TIME=          0.90 s  REMAINING TIME=          2.58 s
 NC=   10400 T= 2.6000E-01 DT= 2.5000E-05 ERR= -0.0% DM/M= 0.0000E+00
 ELAPSED TIME=          0.90 s  REMAINING TIME=          2.57 s
 NC=   10500 T= 2.6250E-01 DT= 2.5000E-05 ERR= -0.0% DM/M= 0.0000E+00
 ELAPSED TIME=          0.91 s  REMAINING TIME=          2.56 s
 NC=   10600 T= 2.6500E-01 DT= 2.5000E-05 ERR= -0.0% DM/M= 0.0000E+00
 ELAPSED TIME=          0.92 s  REMAINING TIME=          2.54 s
 NC=   10700 T= 2.6750E-01 DT= 2.5000E-05 ERR= -0.0% DM/M= 0.0000E+00
 ELAPSED TIME=          0.92 s  REMAINING TIME=          2.53 s
 NC=   10800 T= 2.7000E-01 DT= 2.5000E-05 ERR= -0.0% DM/M= 0.0000E+00
 ELAPSED TIME=          0.93 s  REMAINING TIME=          2.51 s
 NC=   10900 T= 2.7250E-01 DT= 2.5000E-05 ERR= -0.0% DM/M= 0.0000E+00
 ELAPSED TIME=          0.94 s  REMAINING TIME=          2.50 s
 NC=   11000 T= 2.7500E-01 DT= 2.5000E-05 ERR= -0.0% DM/M= 0.0000E+00
 ELAPSED TIME=          0.94 s  REMAINING TIME=          2.48 s
 NC=   11100 T= 2.7750E-01 DT= 2.5000E-05 ERR= -0.0% DM/M= 0.0000E+00
 ELAPSED TIME=          0.95 s  REMAINING TIME=          2.47 s
 NC=   11200 T= 2.8000E-01 DT= 2.5000E-05 ERR= -0.0% DM/M= 0.0000E+00
 ELAPSED TIME=          0.96 s  REMAINING TIME=          2.46 s
 NC=   11300 T= 2.8250E-01 DT= 2.5000E-05 ERR= -0.0% DM/M= 0.0000E+00
 ELAPSED TIME=          0.96 s  REMAINING TIME=          2.44 s
 NC=   11400 T= 2.8500E-01 DT= 2.5000E-05 ERR= -0.0% DM/M= 0.0000E+00
 ELAPSED TIME=          0.97 s  REMAINING TIME=          2.43 s
 NC=   11500 T= 2.8750E-01 DT= 2.5000E-05 ERR= -0.0% DM/M= 0.0000E+00
 ELAPSED TIME=          0.98 s  REMAINING TIME=          2.42 s
 NC=   11600 T= 2.9000E-01 DT= 2.5000E-05 ERR= -0.0% DM/M= 0.0000E+00
 ELAPSED TIME=          0.98 s  REMAINING TIME=          2.40 s
 NC=   11700 T= 2.9250E-01 DT= 2.5000E-05 ERR= -0.0% DM/M= 0.0000E+00
 ELAPSED TIME=          0.99 s  REMAINING TIME=          2.39 s
 NC=   11800 T= 2.9500E-01 DT= 2.5000E-05 ERR= -0.0% DM/M= 0.0000E+00
 ELAPSED TIME=          1.00 s  REMAINING TIME=          2.38 s
 NC=   11900 T= 2.9750E-01 DT= 2.5000E-05 ERR= -0.0% DM/M= 0.0000E+00
 ELAPSED TIME=          1.00 s  REMAINING TIME=          2.37 s
 NC=   12000 T= 3.0000E-01 DT= 2.5000E-05 ERR= -0.0% DM/M= 0.0000E+00
 ELAPSED TIME=          1.01 s  REMAINING TIME=          2.35 s
     ANIMATION FILE: A22_TRANSLATION_X_N8A004 WRITTEN
 NC=   12100 T= 3.0250E-01 DT= 2.5000E-05 ERR= -0.0% DM/M= 0.0000E+00
 ELAPSED TIME=          1.02 s  REMAINING TIME=          2.34 s
 NC=   12200 T= 3.0500E-01 DT= 2.5000E-05 ERR= -0.0% DM/M= 0.0000E+00
 ELAPSED TIME=          1.02 s  REMAINING TIME=          2.33 s
 NC=   12300 T= 3.0750E-01 DT= 2.5000E-05 ERR= -0.0% DM/M= 0.0000E+00
 ELAPSED TIME=          1.03 s  REMAINING TIME=          2.32 s
 NC=   12400 T= 3.1000E-01 DT= 2.5000E-05 ERR= -0.0% DM/M= 0.0000E+00
 ELAPSED TIME=          1.04 s  REMAINING TIME=          2.31 s
 NC=   12500 T= 3.1250E-01 DT= 2.5000E-05 ERR= -0.0% DM/M= 0.0000E+00
 ELAPSED TIME=          1.04 s  REMAINING TIME=          2.29 s
 NC=   12600 T= 3.1500E-01 DT= 2.5000E-05 ERR= -0.0% DM/M= 0.0000E+00
 ELAPSED TIME=          1.05 s  REMAINING TIME=          2.28 s
 NC=   12700 T= 3.1750E-01 DT= 2.5000E-05 ERR= -0.0% DM/M= 0.0000E+00
 ELAPSED TIME=          1.06 s  REMAINING TIME=          2.27 s
 NC=   12800 T= 3.2000E-01 DT= 2.5000E-05 ERR= -0.0% DM/M= 0.0000E+00
 ELAPSED TIME=          1.06 s  REMAINING TIME=          2.26 s
 NC=   12900 T= 3.2250E-01 DT= 2.5000E-05 ERR= -0.0% DM/M= 0.0000E+00
 ELAPSED TIME=          1.07 s  REMAINING TIME=          2.25 s
 NC=   13000 T= 3.2500E-01 DT= 2.5000E-05 ERR= -0.0% DM/M= 0.0000E+00
 ELAPSED TIME=          1.08 s  REMAINING TIME=          2.23 s
 NC=   13100 T= 3.2750E-01 DT= 2.5000E-05 ERR= -0.0% DM/M= 0.0000E+00
 ELAPSED TIME=          1.08 s  REMAINING TIME=          2.22 s
 NC=   13200 T= 3.3000E-01 DT= 2.5000E-05 ERR= -0.0% DM/M= 0.0000E+00
 ELAPSED TIME=          1.09 s  REMAINING TIME=          2.21 s
 NC=   13300 T= 3.3250E-01 DT= 2.5000E-05 ERR= -0.0% DM/M= 0.0000E+00
 ELAPSED TIME=          1.10 s  REMAINING TIME=          2.20 s
 NC=   13400 T= 3.3500E-01 DT= 2.5000E-05 ERR= -0.0% DM/M= 0.0000E+00
 ELAPSED TIME=          1.10 s  REMAINING TIME=          2.19 s
 NC=   13500 T= 3.3750E-01 DT= 2.5000E-05 ERR= -0.0% DM/M= 0.0000E+00
 ELAPSED TIME=          1.11 s  REMAINING TIME=          2.18 s
 NC=   13600 T= 3.4000E-01 DT= 2.5000E-05 ERR= -0.0% DM/M= 0.0000E+00
 ELAPSED TIME=          1.11 s  REMAINING TIME=          2.16 s
 NC=   13700 T= 3.4250E-01 DT= 2.5000E-05 ERR= -0.0% DM/M= 0.0000E+00
 ELAPSED TIME=          1.12 s  REMAINING TIME=          2.15 s
 NC=   13800 T= 3.4500E-01 DT= 2.5000E-05 ERR= -0.0% DM/M= 0.0000E+00
 ELAPSED TIME=          1.13 s  REMAINING TIME=          2.14 s
 NC=   13900 T= 3.4750E-01 DT= 2.5000E-05 ERR= -0.0% DM/M= 0.0000E+00
 ELAPSED TIME=          1.13 s  REMAINING TIME=          2.13 s
 NC=   14000 T= 3.5000E-01 DT= 2.5000E-05 ERR= -0.0% DM/M= 0.0000E+00
 ELAPSED TIME=          1.14 s  REMAINING TIME=          2.12 s
 NC=   14100 T= 3.5250E-01 DT= 2.5000E-05 ERR= -0.0% DM/M= 0.0000E+00
 ELAPSED TIME=          1.15 s  REMAINING TIME=          2.11 s
 NC=   14200 T= 3.5500E-01 DT= 2.5000E-05 ERR= -0.0% DM/M= 0.0000E+00
 ELAPSED TIME=          1.15 s  REMAINING TIME=          2.10 s
 NC=   14300 T= 3.5750E-01 DT= 2.5000E-05 ERR= -0.0% DM/M= 0.0000E+00
 ELAPSED TIME=          1.16 s  REMAINING TIME=          2.09 s
 NC=   14400 T= 3.6000E-01 DT= 2.5000E-05 ERR= -0.0% DM/M= 0.0000E+00
 ELAPSED TIME=          1.17 s  REMAINING TIME=          2.08 s
 NC=   14500 T= 3.6250E-01 DT= 2.5000E-05 ERR= -0.0% DM/M= 0.0000E+00
 ELAPSED TIME=          1.17 s  REMAINING TIME=          2.06 s
 NC=   14600 T= 3.6500E-01 DT= 2.5000E-05 ERR= -0.0% DM/M= 0.0000E+00
 ELAPSED TIME=          1.18 s  REMAINING TIME=          2.05 s
 NC=   14700 T= 3.6750E-01 DT= 2.5000E-05 ERR= -0.0% DM/M= 0.0000E+00
 ELAPSED TIME=          1.19 s  REMAINING TIME=          2.04 s
 NC=   14800 T= 3.7000E-01 DT= 2.5000E-05 ERR= -0.0% DM/M= 0.0000E+00
 ELAPSED TIME=          1.19 s  REMAINING TIME=          2.03 s
 NC=   14900 T= 3.7250E-01 DT= 2.5000E-05 ERR= -0.0% DM/M= 0.0000E+00
 ELAPSED TIME=          1.20 s  REMAINING TIME=          2.02 s
 NC=   15000 T= 3.7500E-01 DT= 2.5000E-05 ERR= -0.0% DM/M= 0.0000E+00
 ELAPSED TIME=          1.21 s  REMAINING TIME=          2.01 s
 NC=   15100 T= 3.7750E-01 DT= 2.5000E-05 ERR= -0.0% DM/M= 0.0000E+00
 ELAPSED TIME=          1.21 s  REMAINING TIME=          2.00 s
 NC=   15200 T= 3.8000E-01 DT= 2.5000E-05 ERR= -0.0% DM/M= 0.0000E+00
 ELAPSED TIME=          1.22 s  REMAINING TIME=          1.99 s
 NC=   15300 T= 3.8250E-01 DT= 2.5000E-05 ERR= -0.0% DM/M= 0.0000E+00
 ELAPSED TIME=          1.23 s  REMAINING TIME=          1.98 s
 NC=   15400 T= 3.8500E-01 DT= 2.5000E-05 ERR= -0.0% DM/M= 0.0000E+00
 ELAPSED TIME=          1.23 s  REMAINING TIME=          1.97 s
 NC=   15500 T= 3.8750E-01 DT= 2.5000E-05 ERR= -0.0% DM/M= 0.0000E+00
 ELAPSED TIME=          1.24 s  REMAINING TIME=          1.96 s
 NC=   15600 T= 3.9000E-01 DT= 2.5000E-05 ERR= -0.0% DM/M= 0.0000E+00
 ELAPSED TIME=          1.25 s  REMAINING TIME=          1.95 s
 NC=   15700 T= 3.9250E-01 DT= 2.5000E-05 ERR= -0.0% DM/M= 0.0000E+00
 ELAPSED TIME=          1.25 s  REMAINING TIME=          1.94 s
 NC=   15800 T= 3.9500E-01 DT= 2.5000E-05 ERR= -0.0% DM/M= 0.0000E+00
 ELAPSED TIME=          1.26 s  REMAINING TIME=          1.93 s
 NC=   15900 T= 3.9750E-01 DT= 2.5000E-05 ERR= -0.0% DM/M= 0.0000E+00
 ELAPSED TIME=          1.27 s  REMAINING TIME=          1.92 s
 NC=   16000 T= 4.0000E-01 DT= 2.5000E-05 ERR= -0.0% DM/M= 0.0000E+00
 ELAPSED TIME=          1.27 s  REMAINING TIME=          1.91 s
     ANIMATION FILE: A22_TRANSLATION_X_N8A005 WRITTEN
 NC=   16100 T= 4.0250E-01 DT= 2.5000E-05 ERR= -0.0% DM/M= 0.0000E+00
 ELAPSED TIME=          1.28 s  REMAINING TIME=          1.90 s
 NC=   16200 T= 4.0500E-01 DT= 2.5000E-05 ERR= -0.0% DM/M= 0.0000E+00
 ELAPSED TIME=          1.29 s  REMAINING TIME=          1.89 s
 NC=   16300 T= 4.0750E-01 DT= 2.5000E-05 ERR= -0.0% DM/M= 0.0000E+00
 ELAPSED TIME=          1.30 s  REMAINING TIME=          1.88 s
 NC=   16400 T= 4.1000E-01 DT= 2.5000E-05 ERR= -0.0% DM/M= 0.0000E+00
 ELAPSED TIME=          1.30 s  REMAINING TIME=          1.87 s
 NC=   16500 T= 4.1250E-01 DT= 2.5000E-05 ERR= -0.0% DM/M= 0.0000E+00
 ELAPSED TIME=          1.31 s  REMAINING TIME=          1.86 s
 NC=   16600 T= 4.1500E-01 DT= 2.5000E-05 ERR= -0.0% DM/M= 0.0000E+00
 ELAPSED TIME=          1.31 s  REMAINING TIME=          1.85 s
 NC=   16700 T= 4.1750E-01 DT= 2.5000E-05 ERR= -0.0% DM/M= 0.0000E+00
 ELAPSED TIME=          1.32 s  REMAINING TIME=          1.84 s
 NC=   16800 T= 4.2000E-01 DT= 2.5000E-05 ERR= -0.0% DM/M= 0.0000E+00
 ELAPSED TIME=          1.33 s  REMAINING TIME=          1.83 s
 NC=   16900 T= 4.2250E-01 DT= 2.5000E-05 ERR= -0.0% DM/M= 0.0000E+00
 ELAPSED TIME=          1.33 s  REMAINING TIME=          1.82 s
 NC=   17000 T= 4.2500E-01 DT= 2.5000E-05 ERR= -0.0% DM/M= 0.0000E+00
 ELAPSED TIME=          1.34 s  REMAINING TIME=          1.81 s
 NC=   17100 T= 4.2750E-01 DT= 2.5000E-05 ERR= -0.0% DM/M= 0.0000E+00
 ELAPSED TIME=          1.35 s  REMAINING TIME=          1.80 s
 NC=   17200 T= 4.3000E-01 DT= 2.5000E-05 ERR= -0.0% DM/M= 0.0000E+00
 ELAPSED TIME=          1.35 s  REMAINING TIME=          1.80 s
 NC=   17300 T= 4.3250E-01 DT= 2.5000E-05 ERR= -0.0% DM/M= 0.0000E+00
 ELAPSED TIME=          1.36 s  REMAINING TIME=          1.79 s
 NC=   17400 T= 4.3500E-01 DT= 2.5000E-05 ERR= -0.0% DM/M= 0.0000E+00
 ELAPSED TIME=          1.37 s  REMAINING TIME=          1.78 s
 NC=   17500 T= 4.3750E-01 DT= 2.5000E-05 ERR= -0.0% DM/M= 0.0000E+00
 ELAPSED TIME=          1.37 s  REMAINING TIME=          1.77 s
 NC=   17600 T= 4.4000E-01 DT= 2.5000E-05 ERR= -0.0% DM/M= 0.0000E+00
 ELAPSED TIME=          1.38 s  REMAINING TIME=          1.76 s
 NC=   17700 T= 4.4250E-01 DT= 2.5000E-05 ERR= -0.0% DM/M= 0.0000E+00
 ELAPSED TIME=          1.39 s  REMAINING TIME=          1.75 s
 NC=   17800 T= 4.4500E-01 DT= 2.5000E-05 ERR= -0.0% DM/M= 0.0000E+00
 ELAPSED TIME=          1.39 s  REMAINING TIME=          1.74 s
 NC=   17900 T= 4.4750E-01 DT= 2.5000E-05 ERR= -0.0% DM/M= 0.0000E+00
 ELAPSED TIME=          1.40 s  REMAINING TIME=          1.73 s
 NC=   18000 T= 4.5000E-01 DT= 2.5000E-05 ERR= -0.0% DM/M= 0.0000E+00
 ELAPSED TIME=          1.41 s  REMAINING TIME=          1.72 s
 NC=   18100 T= 4.5250E-01 DT= 2.5000E-05 ERR= -0.0% DM/M= 0.0000E+00
 ELAPSED TIME=          1.41 s  REMAINING TIME=          1.71 s
 NC=   18200 T= 4.5500E-01 DT= 2.5000E-05 ERR= -0.0% DM/M= 0.0000E+00
 ELAPSED TIME=          1.42 s  REMAINING TIME=          1.70 s
 NC=   18300 T= 4.5750E-01 DT= 2.5000E-05 ERR= -0.0% DM/M= 0.0000E+00
 ELAPSED TIME=          1.43 s  REMAINING TIME=          1.69 s
 NC=   18400 T= 4.6000E-01 DT= 2.5000E-05 ERR= -0.0% DM/M= 0.0000E+00
 ELAPSED TIME=          1.43 s  REMAINING TIME=          1.68 s
 NC=   18500 T= 4.6250E-01 DT= 2.5000E-05 ERR= -0.0% DM/M= 0.0000E+00
 ELAPSED TIME=          1.44 s  REMAINING TIME=          1.67 s
 NC=   18600 T= 4.6500E-01 DT= 2.5000E-05 ERR= -0.0% DM/M= 0.0000E+00
 ELAPSED TIME=          1.45 s  REMAINING TIME=          1.66 s
 NC=   18700 T= 4.6750E-01 DT= 2.5000E-05 ERR= -0.0% DM/M= 0.0000E+00
 ELAPSED TIME=          1.45 s  REMAINING TIME=          1.66 s
 NC=   18800 T= 4.7000E-01 DT= 2.5000E-05 ERR= -0.0% DM/M= 0.0000E+00
 ELAPSED TIME=          1.46 s  REMAINING TIME=          1.65 s
 NC=   18900 T= 4.7250E-01 DT= 2.5000E-05 ERR= -0.0% DM/M= 0.0000E+00
 ELAPSED TIME=          1.47 s  REMAINING TIME=          1.64 s
 NC=   19000 T= 4.7500E-01 DT= 2.5000E-05 ERR= -0.0% DM/M= 0.0000E+00
 ELAPSED TIME=          1.47 s  REMAINING TIME=          1.63 s
 NC=   19100 T= 4.7750E-01 DT= 2.5000E-05 ERR= -0.0% DM/M= 0.0000E+00
 ELAPSED TIME=          1.48 s  REMAINING TIME=          1.62 s
 NC=   19200 T= 4.8000E-01 DT= 2.5000E-05 ERR= -0.0% DM/M= 0.0000E+00
 ELAPSED TIME=          1.49 s  REMAINING TIME=          1.61 s
 NC=   19300 T= 4.8250E-01 DT= 2.5000E-05 ERR= -0.0% DM/M= 0.0000E+00
 ELAPSED TIME=          1.49 s  REMAINING TIME=          1.60 s
 NC=   19400 T= 4.8500E-01 DT= 2.5000E-05 ERR= -0.0% DM/M= 0.0000E+00
 ELAPSED TIME=          1.50 s  REMAINING TIME=          1.59 s
 NC=   19500 T= 4.8750E-01 DT= 2.5000E-05 ERR= -0.0% DM/M= 0.0000E+00
 ELAPSED TIME=          1.51 s  REMAINING TIME=          1.58 s
 NC=   19600 T= 4.9000E-01 DT= 2.5000E-05 ERR= -0.0% DM/M= 0.0000E+00
 ELAPSED TIME=          1.51 s  REMAINING TIME=          1.57 s
 NC=   19700 T= 4.9250E-01 DT= 2.5000E-05 ERR= -0.0% DM/M= 0.0000E+00
 ELAPSED TIME=          1.52 s  REMAINING TIME=          1.57 s
 NC=   19800 T= 4.9500E-01 DT= 2.5000E-05 ERR= -0.0% DM/M= 0.0000E+00
 ELAPSED TIME=          1.53 s  REMAINING TIME=          1.56 s
 NC=   19900 T= 4.9750E-01 DT= 2.5000E-05 ERR= -0.0% DM/M= 0.0000E+00
 ELAPSED TIME=          1.53 s  REMAINING TIME=          1.55 s
 NC=   20000 T= 5.0000E-01 DT= 2.5000E-05 ERR= -0.0% DM/M= 0.0000E+00
 ELAPSED TIME=          1.54 s  REMAINING TIME=          1.54 s
     ANIMATION FILE: A22_TRANSLATION_X_N8A006 WRITTEN
 NC=   20100 T= 5.0250E-01 DT= 2.5000E-05 ERR= -0.0% DM/M= 0.0000E+00
 ELAPSED TIME=          1.55 s  REMAINING TIME=          1.53 s
 NC=   20200 T= 5.0500E-01 DT= 2.5000E-05 ERR= -0.0% DM/M= 0.0000E+00
 ELAPSED TIME=          1.55 s  REMAINING TIME=          1.52 s
 NC=   20300 T= 5.0750E-01 DT= 2.5000E-05 ERR= -0.0% DM/M= 0.0000E+00
 ELAPSED TIME=          1.56 s  REMAINING TIME=          1.51 s
 NC=   20400 T= 5.1000E-01 DT= 2.5000E-05 ERR= -0.0% DM/M= 0.0000E+00
 ELAPSED TIME=          1.57 s  REMAINING TIME=          1.51 s
 NC=   20500 T= 5.1250E-01 DT= 2.5000E-05 ERR= -0.0% DM/M= 0.0000E+00
 ELAPSED TIME=          1.57 s  REMAINING TIME=          1.50 s
 NC=   20600 T= 5.1500E-01 DT= 2.5000E-05 ERR= -0.0% DM/M= 0.0000E+00
 ELAPSED TIME=          1.58 s  REMAINING TIME=          1.49 s
 NC=   20700 T= 5.1750E-01 DT= 2.5000E-05 ERR= -0.0% DM/M= 0.0000E+00
 ELAPSED TIME=          1.59 s  REMAINING TIME=          1.48 s
 NC=   20800 T= 5.2000E-01 DT= 2.5000E-05 ERR= -0.0% DM/M= 0.0000E+00
 ELAPSED TIME=          1.59 s  REMAINING TIME=          1.47 s
 NC=   20900 T= 5.2250E-01 DT= 2.5000E-05 ERR= -0.0% DM/M= 0.0000E+00
 ELAPSED TIME=          1.60 s  REMAINING TIME=          1.46 s
 NC=   21000 T= 5.2500E-01 DT= 2.5000E-05 ERR= -0.0% DM/M= 0.0000E+00
 ELAPSED TIME=          1.61 s  REMAINING TIME=          1.45 s
 NC=   21100 T= 5.2750E-01 DT= 2.5000E-05 ERR= -0.0% DM/M= 0.0000E+00
 ELAPSED TIME=          1.61 s  REMAINING TIME=          1.44 s
 NC=   21200 T= 5.3000E-01 DT= 2.5000E-05 ERR= -0.0% DM/M= 0.0000E+00
 ELAPSED TIME=          1.62 s  REMAINING TIME=          1.44 s
 NC=   21300 T= 5.3250E-01 DT= 2.5000E-05 ERR= -0.0% DM/M= 0.0000E+00
 ELAPSED TIME=          1.63 s  REMAINING TIME=          1.43 s
 NC=   21400 T= 5.3500E-01 DT= 2.5000E-05 ERR= -0.0% DM/M= 0.0000E+00
 ELAPSED TIME=          1.63 s  REMAINING TIME=          1.42 s
 NC=   21500 T= 5.3750E-01 DT= 2.5000E-05 ERR= -0.0% DM/M= 0.0000E+00
 ELAPSED TIME=          1.64 s  REMAINING TIME=          1.41 s
 NC=   21600 T= 5.4000E-01 DT= 2.5000E-05 ERR= -0.0% DM/M= 0.0000E+00
 ELAPSED TIME=          1.65 s  REMAINING TIME=          1.40 s
 NC=   21700 T= 5.4250E-01 DT= 2.5000E-05 ERR= -0.0% DM/M= 0.0000E+00
 ELAPSED TIME=          1.65 s  REMAINING TIME=          1.39 s
 NC=   21800 T= 5.4500E-01 DT= 2.5000E-05 ERR= -0.0% DM/M= 0.0000E+00
 ELAPSED TIME=          1.66 s  REMAINING TIME=          1.38 s
 NC=   21900 T= 5.4750E-01 DT= 2.5000E-05 ERR= -0.0% DM/M= 0.0000E+00
 ELAPSED TIME=          1.67 s  REMAINING TIME=          1.38 s
 NC=   22000 T= 5.5000E-01 DT= 2.5000E-05 ERR= -0.0% DM/M= 0.0000E+00
 ELAPSED TIME=          1.67 s  REMAINING TIME=          1.37 s
 NC=   22100 T= 5.5250E-01 DT= 2.5000E-05 ERR= -0.0% DM/M= 0.0000E+00
 ELAPSED TIME=          1.68 s  REMAINING TIME=          1.36 s
 NC=   22200 T= 5.5500E-01 DT= 2.5000E-05 ERR= -0.0% DM/M= 0.0000E+00
 ELAPSED TIME=          1.69 s  REMAINING TIME=          1.35 s
 NC=   22300 T= 5.5750E-01 DT= 2.5000E-05 ERR= -0.0% DM/M= 0.0000E+00
 ELAPSED TIME=          1.69 s  REMAINING TIME=          1.34 s
 NC=   22400 T= 5.6000E-01 DT= 2.5000E-05 ERR= -0.0% DM/M= 0.0000E+00
 ELAPSED TIME=          1.70 s  REMAINING TIME=          1.33 s
 NC=   22500 T= 5.6250E-01 DT= 2.5000E-05 ERR= -0.0% DM/M= 0.0000E+00
 ELAPSED TIME=          1.71 s  REMAINING TIME=          1.33 s
 NC=   22600 T= 5.6500E-01 DT= 2.5000E-05 ERR= -0.0% DM/M= 0.0000E+00
 ELAPSED TIME=          1.71 s  REMAINING TIME=          1.32 s
 NC=   22700 T= 5.6750E-01 DT= 2.5000E-05 ERR= -0.0% DM/M= 0.0000E+00
 ELAPSED TIME=          1.72 s  REMAINING TIME=          1.31 s
 NC=   22800 T= 5.7000E-01 DT= 2.5000E-05 ERR= -0.0% DM/M= 0.0000E+00
 ELAPSED TIME=          1.72 s  REMAINING TIME=          1.30 s
 NC=   22900 T= 5.7250E-01 DT= 2.5000E-05 ERR= -0.0% DM/M= 0.0000E+00
 ELAPSED TIME=          1.73 s  REMAINING TIME=          1.29 s
 NC=   23000 T= 5.7500E-01 DT= 2.5000E-05 ERR= -0.0% DM/M= 0.0000E+00
 ELAPSED TIME=          1.74 s  REMAINING TIME=          1.28 s
 NC=   23100 T= 5.7750E-01 DT= 2.5000E-05 ERR= -0.0% DM/M= 0.0000E+00
 ELAPSED TIME=          1.74 s  REMAINING TIME=          1.28 s
 NC=   23200 T= 5.8000E-01 DT= 2.5000E-05 ERR= -0.0% DM/M= 0.0000E+00
 ELAPSED TIME=          1.75 s  REMAINING TIME=          1.27 s
 NC=   23300 T= 5.8250E-01 DT= 2.5000E-05 ERR= -0.0% DM/M= 0.0000E+00
 ELAPSED TIME=          1.76 s  REMAINING TIME=          1.26 s
 NC=   23400 T= 5.8500E-01 DT= 2.5000E-05 ERR= -0.0% DM/M= 0.0000E+00
 ELAPSED TIME=          1.76 s  REMAINING TIME=          1.25 s
 NC=   23500 T= 5.8750E-01 DT= 2.5000E-05 ERR= -0.0% DM/M= 0.0000E+00
 ELAPSED TIME=          1.77 s  REMAINING TIME=          1.24 s
 NC=   23600 T= 5.9000E-01 DT= 2.5000E-05 ERR= -0.0% DM/M= 0.0000E+00
 ELAPSED TIME=          1.78 s  REMAINING TIME=          1.24 s
 NC=   23700 T= 5.9250E-01 DT= 2.5000E-05 ERR= -0.0% DM/M= 0.0000E+00
 ELAPSED TIME=          1.78 s  REMAINING TIME=          1.23 s
 NC=   23800 T= 5.9500E-01 DT= 2.5000E-05 ERR= -0.0% DM/M= 0.0000E+00
 ELAPSED TIME=          1.79 s  REMAINING TIME=          1.22 s
 NC=   23900 T= 5.9750E-01 DT= 2.5000E-05 ERR= -0.0% DM/M= 0.0000E+00
 ELAPSED TIME=          1.80 s  REMAINING TIME=          1.21 s
 NC=   24000 T= 6.0000E-01 DT= 2.5000E-05 ERR= -0.0% DM/M= 0.0000E+00
 ELAPSED TIME=          1.80 s  REMAINING TIME=          1.20 s
     ANIMATION FILE: A22_TRANSLATION_X_N8A007 WRITTEN
 NC=   24100 T= 6.0250E-01 DT= 2.5000E-05 ERR= -0.0% DM/M= 0.0000E+00
 ELAPSED TIME=          1.81 s  REMAINING TIME=          1.20 s
 NC=   24200 T= 6.0500E-01 DT= 2.5000E-05 ERR= -0.0% DM/M= 0.0000E+00
 ELAPSED TIME=          1.82 s  REMAINING TIME=          1.19 s
 NC=   24300 T= 6.0750E-01 DT= 2.5000E-05 ERR= -0.0% DM/M= 0.0000E+00
 ELAPSED TIME=          1.82 s  REMAINING TIME=          1.18 s
 NC=   24400 T= 6.1000E-01 DT= 2.5000E-05 ERR= -0.0% DM/M= 0.0000E+00
 ELAPSED TIME=          1.83 s  REMAINING TIME=          1.17 s
 NC=   24500 T= 6.1250E-01 DT= 2.5000E-05 ERR= -0.0% DM/M= 0.0000E+00
 ELAPSED TIME=          1.84 s  REMAINING TIME=          1.16 s
 NC=   24600 T= 6.1500E-01 DT= 2.5000E-05 ERR= -0.0% DM/M= 0.0000E+00
 ELAPSED TIME=          1.84 s  REMAINING TIME=          1.15 s
 NC=   24700 T= 6.1750E-01 DT= 2.5000E-05 ERR= -0.0% DM/M= 0.0000E+00
 ELAPSED TIME=          1.85 s  REMAINING TIME=          1.15 s
 NC=   24800 T= 6.2000E-01 DT= 2.5000E-05 ERR= -0.0% DM/M= 0.0000E+00
 ELAPSED TIME=          1.86 s  REMAINING TIME=          1.14 s
 NC=   24900 T= 6.2250E-01 DT= 2.5000E-05 ERR= -0.0% DM/M= 0.0000E+00
 ELAPSED TIME=          1.86 s  REMAINING TIME=          1.13 s
 NC=   25000 T= 6.2500E-01 DT= 2.5000E-05 ERR= -0.0% DM/M= 0.0000E+00
 ELAPSED TIME=          1.87 s  REMAINING TIME=          1.12 s
 NC=   25100 T= 6.2750E-01 DT= 2.5000E-05 ERR= -0.0% DM/M= 0.0000E+00
 ELAPSED TIME=          1.88 s  REMAINING TIME=          1.11 s
 NC=   25200 T= 6.3000E-01 DT= 2.5000E-05 ERR= -0.0% DM/M= 0.0000E+00
 ELAPSED TIME=          1.88 s  REMAINING TIME=          1.11 s
 NC=   25300 T= 6.3250E-01 DT= 2.5000E-05 ERR= -0.0% DM/M= 0.0000E+00
 ELAPSED TIME=          1.89 s  REMAINING TIME=          1.10 s
 NC=   25400 T= 6.3500E-01 DT= 2.5000E-05 ERR= -0.0% DM/M= 0.0000E+00
 ELAPSED TIME=          1.90 s  REMAINING TIME=          1.09 s
 NC=   25500 T= 6.3750E-01 DT= 2.5000E-05 ERR= -0.0% DM/M= 0.0000E+00
 ELAPSED TIME=          1.90 s  REMAINING TIME=          1.08 s
 NC=   25600 T= 6.4000E-01 DT= 2.5000E-05 ERR= -0.0% DM/M= 0.0000E+00
 ELAPSED TIME=          1.91 s  REMAINING TIME=          1.07 s
 NC=   25700 T= 6.4250E-01 DT= 2.5000E-05 ERR= -0.0% DM/M= 0.0000E+00
 ELAPSED TIME=          1.92 s  REMAINING TIME=          1.07 s
 NC=   25800 T= 6.4500E-01 DT= 2.5000E-05 ERR= -0.0% DM/M= 0.0000E+00
 ELAPSED TIME=          1.92 s  REMAINING TIME=          1.06 s
 NC=   25900 T= 6.4750E-01 DT= 2.5000E-05 ERR= -0.0% DM/M= 0.0000E+00
 ELAPSED TIME=          1.93 s  REMAINING TIME=          1.05 s
 NC=   26000 T= 6.5000E-01 DT= 2.5000E-05 ERR= -0.0% DM/M= 0.0000E+00
 ELAPSED TIME=          1.94 s  REMAINING TIME=          1.04 s
 NC=   26100 T= 6.5250E-01 DT= 2.5000E-05 ERR= -0.0% DM/M= 0.0000E+00
 ELAPSED TIME=          1.94 s  REMAINING TIME=          1.03 s
 NC=   26200 T= 6.5500E-01 DT= 2.5000E-05 ERR= -0.0% DM/M= 0.0000E+00
 ELAPSED TIME=          1.95 s  REMAINING TIME=          1.03 s
 NC=   26300 T= 6.5750E-01 DT= 2.5000E-05 ERR= -0.0% DM/M= 0.0000E+00
 ELAPSED TIME=          1.96 s  REMAINING TIME=          1.02 s
 NC=   26400 T= 6.6000E-01 DT= 2.5000E-05 ERR= -0.0% DM/M= 0.0000E+00
 ELAPSED TIME=          1.96 s  REMAINING TIME=          1.01 s
 NC=   26500 T= 6.6250E-01 DT= 2.5000E-05 ERR= -0.0% DM/M= 0.0000E+00
 ELAPSED TIME=          1.97 s  REMAINING TIME=          1.00 s
 NC=   26600 T= 6.6500E-01 DT= 2.5000E-05 ERR= -0.0% DM/M= 0.0000E+00
 ELAPSED TIME=          1.98 s  REMAINING TIME=          1.00 s
 NC=   26700 T= 6.6750E-01 DT= 2.5000E-05 ERR= -0.0% DM/M= 0.0000E+00
 ELAPSED TIME=          1.98 s  REMAINING TIME=          0.99 s
 NC=   26800 T= 6.7000E-01 DT= 2.5000E-05 ERR= -0.0% DM/M= 0.0000E+00
 ELAPSED TIME=          1.99 s  REMAINING TIME=          0.98 s
 NC=   26900 T= 6.7250E-01 DT= 2.5000E-05 ERR= -0.0% DM/M= 0.0000E+00
 ELAPSED TIME=          2.00 s  REMAINING TIME=          0.97 s
 NC=   27000 T= 6.7500E-01 DT= 2.5000E-05 ERR= -0.0% DM/M= 0.0000E+00
 ELAPSED TIME=          2.00 s  REMAINING TIME=          0.96 s
 NC=   27100 T= 6.7750E-01 DT= 2.5000E-05 ERR= -0.0% DM/M= 0.0000E+00
 ELAPSED TIME=          2.01 s  REMAINING TIME=          0.96 s
 NC=   27200 T= 6.8000E-01 DT= 2.5000E-05 ERR= -0.0% DM/M= 0.0000E+00
 ELAPSED TIME=          2.02 s  REMAINING TIME=          0.95 s
 NC=   27300 T= 6.8250E-01 DT= 2.5000E-05 ERR= -0.0% DM/M= 0.0000E+00
 ELAPSED TIME=          2.02 s  REMAINING TIME=          0.94 s
 NC=   27400 T= 6.8500E-01 DT= 2.5000E-05 ERR= -0.0% DM/M= 0.0000E+00
 ELAPSED TIME=          2.03 s  REMAINING TIME=          0.93 s
 NC=   27500 T= 6.8750E-01 DT= 2.5000E-05 ERR= -0.0% DM/M= 0.0000E+00
 ELAPSED TIME=          2.04 s  REMAINING TIME=          0.93 s
 NC=   27600 T= 6.9000E-01 DT= 2.5000E-05 ERR= -0.0% DM/M= 0.0000E+00
 ELAPSED TIME=          2.04 s  REMAINING TIME=          0.92 s
 NC=   27700 T= 6.9250E-01 DT= 2.5000E-05 ERR= -0.0% DM/M= 0.0000E+00
 ELAPSED TIME=          2.05 s  REMAINING TIME=          0.91 s
 NC=   27800 T= 6.9500E-01 DT= 2.5000E-05 ERR= -0.0% DM/M= 0.0000E+00
 ELAPSED TIME=          2.06 s  REMAINING TIME=          0.90 s
 NC=   27900 T= 6.9750E-01 DT= 2.5000E-05 ERR= -0.0% DM/M= 0.0000E+00
 ELAPSED TIME=          2.06 s  REMAINING TIME=          0.89 s
 NC=   28000 T= 7.0000E-01 DT= 2.5000E-05 ERR= -0.0% DM/M= 0.0000E+00
 ELAPSED TIME=          2.07 s  REMAINING TIME=          0.89 s
     ANIMATION FILE: A22_TRANSLATION_X_N8A008 WRITTEN
 NC=   28100 T= 7.0250E-01 DT= 2.5000E-05 ERR= -0.0% DM/M= 0.0000E+00
 ELAPSED TIME=          2.08 s  REMAINING TIME=          0.88 s
 NC=   28200 T= 7.0500E-01 DT= 2.5000E-05 ERR= -0.0% DM/M= 0.0000E+00
 ELAPSED TIME=          2.08 s  REMAINING TIME=          0.87 s
 NC=   28300 T= 7.0750E-01 DT= 2.5000E-05 ERR= -0.0% DM/M= 0.0000E+00
 ELAPSED TIME=          2.09 s  REMAINING TIME=          0.86 s
 NC=   28400 T= 7.1000E-01 DT= 2.5000E-05 ERR= -0.0% DM/M= 0.0000E+00
 ELAPSED TIME=          2.10 s  REMAINING TIME=          0.86 s
 NC=   28500 T= 7.1250E-01 DT= 2.5000E-05 ERR= -0.0% DM/M= 0.0000E+00
 ELAPSED TIME=          2.10 s  REMAINING TIME=          0.85 s
 NC=   28600 T= 7.1500E-01 DT= 2.5000E-05 ERR= -0.0% DM/M= 0.0000E+00
 ELAPSED TIME=          2.11 s  REMAINING TIME=          0.84 s
 NC=   28700 T= 7.1750E-01 DT= 2.5000E-05 ERR= -0.0% DM/M= 0.0000E+00
 ELAPSED TIME=          2.12 s  REMAINING TIME=          0.83 s
 NC=   28800 T= 7.2000E-01 DT= 2.5000E-05 ERR= -0.0% DM/M= 0.0000E+00
 ELAPSED TIME=          2.12 s  REMAINING TIME=          0.83 s
 NC=   28900 T= 7.2250E-01 DT= 2.5000E-05 ERR= -0.0% DM/M= 0.0000E+00
 ELAPSED TIME=          2.13 s  REMAINING TIME=          0.82 s
 NC=   29000 T= 7.2500E-01 DT= 2.5000E-05 ERR= -0.0% DM/M= 0.0000E+00
 ELAPSED TIME=          2.14 s  REMAINING TIME=          0.81 s
 NC=   29100 T= 7.2750E-01 DT= 2.5000E-05 ERR= -0.0% DM/M= 0.0000E+00
 ELAPSED TIME=          2.14 s  REMAINING TIME=          0.80 s
 NC=   29200 T= 7.3000E-01 DT= 2.5000E-05 ERR= -0.0% DM/M= 0.0000E+00
 ELAPSED TIME=          2.15 s  REMAINING TIME=          0.79 s
 NC=   29300 T= 7.3250E-01 DT= 2.5000E-05 ERR= -0.0% DM/M= 0.0000E+00
 ELAPSED TIME=          2.16 s  REMAINING TIME=          0.79 s
 NC=   29400 T= 7.3500E-01 DT= 2.5000E-05 ERR= -0.0% DM/M= 0.0000E+00
 ELAPSED TIME=          2.16 s  REMAINING TIME=          0.78 s
 NC=   29500 T= 7.3750E-01 DT= 2.5000E-05 ERR= -0.0% DM/M= 0.0000E+00
 ELAPSED TIME=          2.17 s  REMAINING TIME=          0.77 s
 NC=   29600 T= 7.4000E-01 DT= 2.5000E-05 ERR= -0.0% DM/M= 0.0000E+00
 ELAPSED TIME=          2.17 s  REMAINING TIME=          0.76 s
 NC=   29700 T= 7.4250E-01 DT= 2.5000E-05 ERR= -0.0% DM/M= 0.0000E+00
 ELAPSED TIME=          2.18 s  REMAINING TIME=          0.76 s
 NC=   29800 T= 7.4500E-01 DT= 2.5000E-05 ERR= -0.0% DM/M= 0.0000E+00
 ELAPSED TIME=          2.19 s  REMAINING TIME=          0.75 s
 NC=   29900 T= 7.4750E-01 DT= 2.5000E-05 ERR= -0.0% DM/M= 0.0000E+00
 ELAPSED TIME=          2.19 s  REMAINING TIME=          0.74 s
 NC=   30000 T= 7.5000E-01 DT= 2.5000E-05 ERR= -0.0% DM/M= 0.0000E+00
 ELAPSED TIME=          2.20 s  REMAINING TIME=          0.73 s
 NC=   30100 T= 7.5250E-01 DT= 2.5000E-05 ERR= -0.0% DM/M= 0.0000E+00
 ELAPSED TIME=          2.21 s  REMAINING TIME=          0.73 s
 NC=   30200 T= 7.5500E-01 DT= 2.5000E-05 ERR= -0.0% DM/M= 0.0000E+00
 ELAPSED TIME=          2.21 s  REMAINING TIME=          0.72 s
 NC=   30300 T= 7.5750E-01 DT= 2.5000E-05 ERR= -0.0% DM/M= 0.0000E+00
 ELAPSED TIME=          2.22 s  REMAINING TIME=          0.71 s
 NC=   30400 T= 7.6000E-01 DT= 2.5000E-05 ERR= -0.0% DM/M= 0.0000E+00
 ELAPSED TIME=          2.23 s  REMAINING TIME=          0.70 s
 NC=   30500 T= 7.6250E-01 DT= 2.5000E-05 ERR= -0.0% DM/M= 0.0000E+00
 ELAPSED TIME=          2.23 s  REMAINING TIME=          0.70 s
 NC=   30600 T= 7.6500E-01 DT= 2.5000E-05 ERR= -0.0% DM/M= 0.0000E+00
 ELAPSED TIME=          2.24 s  REMAINING TIME=          0.69 s
 NC=   30700 T= 7.6750E-01 DT= 2.5000E-05 ERR= -0.0% DM/M= 0.0000E+00
 ELAPSED TIME=          2.25 s  REMAINING TIME=          0.68 s
 NC=   30800 T= 7.7000E-01 DT= 2.5000E-05 ERR= -0.0% DM/M= 0.0000E+00
 ELAPSED TIME=          2.25 s  REMAINING TIME=          0.67 s
 NC=   30900 T= 7.7250E-01 DT= 2.5000E-05 ERR= -0.0% DM/M= 0.0000E+00
 ELAPSED TIME=          2.26 s  REMAINING TIME=          0.67 s
 NC=   31000 T= 7.7500E-01 DT= 2.5000E-05 ERR= -0.0% DM/M= 0.0000E+00
 ELAPSED TIME=          2.27 s  REMAINING TIME=          0.66 s
 NC=   31100 T= 7.7750E-01 DT= 2.5000E-05 ERR= -0.0% DM/M= 0.0000E+00
 ELAPSED TIME=          2.27 s  REMAINING TIME=          0.65 s
 NC=   31200 T= 7.8000E-01 DT= 2.5000E-05 ERR= -0.0% DM/M= 0.0000E+00
 ELAPSED TIME=          2.28 s  REMAINING TIME=          0.64 s
 NC=   31300 T= 7.8250E-01 DT= 2.5000E-05 ERR= -0.0% DM/M= 0.0000E+00
 ELAPSED TIME=          2.29 s  REMAINING TIME=          0.64 s
 NC=   31400 T= 7.8500E-01 DT= 2.5000E-05 ERR= -0.0% DM/M= 0.0000E+00
 ELAPSED TIME=          2.29 s  REMAINING TIME=          0.63 s
 NC=   31500 T= 7.8750E-01 DT= 2.5000E-05 ERR= -0.0% DM/M= 0.0000E+00
 ELAPSED TIME=          2.30 s  REMAINING TIME=          0.62 s
 NC=   31600 T= 7.9000E-01 DT= 2.5000E-05 ERR= -0.0% DM/M= 0.0000E+00
 ELAPSED TIME=          2.31 s  REMAINING TIME=          0.61 s
 NC=   31700 T= 7.9250E-01 DT= 2.5000E-05 ERR= -0.0% DM/M= 0.0000E+00
 ELAPSED TIME=          2.31 s  REMAINING TIME=          0.61 s
 NC=   31800 T= 7.9500E-01 DT= 2.5000E-05 ERR= -0.0% DM/M= 0.0000E+00
 ELAPSED TIME=          2.32 s  REMAINING TIME=          0.60 s
 NC=   31900 T= 7.9750E-01 DT= 2.5000E-05 ERR= -0.0% DM/M= 0.0000E+00
 ELAPSED TIME=          2.33 s  REMAINING TIME=          0.59 s
 NC=   32000 T= 8.0000E-01 DT= 2.5000E-05 ERR= -0.0% DM/M= 0.0000E+00
 ELAPSED TIME=          2.33 s  REMAINING TIME=          0.58 s
     ANIMATION FILE: A22_TRANSLATION_X_N8A009 WRITTEN
 NC=   32100 T= 8.0250E-01 DT= 2.5000E-05 ERR= -0.0% DM/M= 0.0000E+00
 ELAPSED TIME=          2.34 s  REMAINING TIME=          0.58 s
 NC=   32200 T= 8.0500E-01 DT= 2.5000E-05 ERR= -0.0% DM/M= 0.0000E+00
 ELAPSED TIME=          2.35 s  REMAINING TIME=          0.57 s
 NC=   32300 T= 8.0750E-01 DT= 2.5000E-05 ERR= -0.0% DM/M= 0.0000E+00
 ELAPSED TIME=          2.35 s  REMAINING TIME=          0.56 s
 NC=   32400 T= 8.1000E-01 DT= 2.5000E-05 ERR= -0.0% DM/M= 0.0000E+00
 ELAPSED TIME=          2.36 s  REMAINING TIME=          0.55 s
 NC=   32500 T= 8.1250E-01 DT= 2.5000E-05 ERR= -0.0% DM/M= 0.0000E+00
 ELAPSED TIME=          2.37 s  REMAINING TIME=          0.55 s
 NC=   32600 T= 8.1500E-01 DT= 2.5000E-05 ERR= -0.0% DM/M= 0.0000E+00
 ELAPSED TIME=          2.37 s  REMAINING TIME=          0.54 s
 NC=   32700 T= 8.1750E-01 DT= 2.5000E-05 ERR= -0.0% DM/M= 0.0000E+00
 ELAPSED TIME=          2.38 s  REMAINING TIME=          0.53 s
 NC=   32800 T= 8.2000E-01 DT= 2.5000E-05 ERR= -0.0% DM/M= 0.0000E+00
 ELAPSED TIME=          2.39 s  REMAINING TIME=          0.52 s
 NC=   32900 T= 8.2250E-01 DT= 2.5000E-05 ERR= -0.0% DM/M= 0.0000E+00
 ELAPSED TIME=          2.39 s  REMAINING TIME=          0.52 s
 NC=   33000 T= 8.2500E-01 DT= 2.5000E-05 ERR= -0.0% DM/M= 0.0000E+00
 ELAPSED TIME=          2.40 s  REMAINING TIME=          0.51 s
 NC=   33100 T= 8.2750E-01 DT= 2.5000E-05 ERR= -0.0% DM/M= 0.0000E+00
 ELAPSED TIME=          2.41 s  REMAINING TIME=          0.50 s
 NC=   33200 T= 8.3000E-01 DT= 2.5000E-05 ERR= -0.0% DM/M= 0.0000E+00
 ELAPSED TIME=          2.41 s  REMAINING TIME=          0.49 s
 NC=   33300 T= 8.3250E-01 DT= 2.5000E-05 ERR= -0.0% DM/M= 0.0000E+00
 ELAPSED TIME=          2.42 s  REMAINING TIME=          0.49 s
 NC=   33400 T= 8.3500E-01 DT= 2.5000E-05 ERR= -0.0% DM/M= 0.0000E+00
 ELAPSED TIME=          2.43 s  REMAINING TIME=          0.48 s
 NC=   33500 T= 8.3750E-01 DT= 2.5000E-05 ERR= -0.0% DM/M= 0.0000E+00
 ELAPSED TIME=          2.43 s  REMAINING TIME=          0.47 s
 NC=   33600 T= 8.4000E-01 DT= 2.5000E-05 ERR= -0.0% DM/M= 0.0000E+00
 ELAPSED TIME=          2.44 s  REMAINING TIME=          0.46 s
 NC=   33700 T= 8.4250E-01 DT= 2.5000E-05 ERR= -0.0% DM/M= 0.0000E+00
 ELAPSED TIME=          2.45 s  REMAINING TIME=          0.46 s
 NC=   33800 T= 8.4500E-01 DT= 2.5000E-05 ERR= -0.0% DM/M= 0.0000E+00
 ELAPSED TIME=          2.45 s  REMAINING TIME=          0.45 s
 NC=   33900 T= 8.4750E-01 DT= 2.5000E-05 ERR= -0.0% DM/M= 0.0000E+00
 ELAPSED TIME=          2.46 s  REMAINING TIME=          0.44 s
 NC=   34000 T= 8.5000E-01 DT= 2.5000E-05 ERR= -0.0% DM/M= 0.0000E+00
 ELAPSED TIME=          2.47 s  REMAINING TIME=          0.44 s
 NC=   34100 T= 8.5250E-01 DT= 2.5000E-05 ERR= -0.0% DM/M= 0.0000E+00
 ELAPSED TIME=          2.47 s  REMAINING TIME=          0.43 s
 NC=   34200 T= 8.5500E-01 DT= 2.5000E-05 ERR= -0.0% DM/M= 0.0000E+00
 ELAPSED TIME=          2.48 s  REMAINING TIME=          0.42 s
 NC=   34300 T= 8.5750E-01 DT= 2.5000E-05 ERR= -0.0% DM/M= 0.0000E+00
 ELAPSED TIME=          2.49 s  REMAINING TIME=          0.41 s
 NC=   34400 T= 8.6000E-01 DT= 2.5000E-05 ERR= -0.0% DM/M= 0.0000E+00
 ELAPSED TIME=          2.49 s  REMAINING TIME=          0.41 s
 NC=   34500 T= 8.6250E-01 DT= 2.5000E-05 ERR= -0.0% DM/M= 0.0000E+00
 ELAPSED TIME=          2.50 s  REMAINING TIME=          0.40 s
 NC=   34600 T= 8.6500E-01 DT= 2.5000E-05 ERR= -0.0% DM/M= 0.0000E+00
 ELAPSED TIME=          2.51 s  REMAINING TIME=          0.39 s
 NC=   34700 T= 8.6750E-01 DT= 2.5000E-05 ERR= -0.0% DM/M= 0.0000E+00
 ELAPSED TIME=          2.51 s  REMAINING TIME=          0.38 s
 NC=   34800 T= 8.7000E-01 DT= 2.5000E-05 ERR= -0.0% DM/M= 0.0000E+00
 ELAPSED TIME=          2.52 s  REMAINING TIME=          0.38 s
 NC=   34900 T= 8.7250E-01 DT= 2.5000E-05 ERR= -0.0% DM/M= 0.0000E+00
 ELAPSED TIME=          2.52 s  REMAINING TIME=          0.37 s
 NC=   35000 T= 8.7500E-01 DT= 2.5000E-05 ERR= -0.0% DM/M= 0.0000E+00
 ELAPSED TIME=          2.53 s  REMAINING TIME=          0.36 s
 NC=   35100 T= 8.7750E-01 DT= 2.5000E-05 ERR= -0.0% DM/M= 0.0000E+00
 ELAPSED TIME=          2.54 s  REMAINING TIME=          0.35 s
 NC=   35200 T= 8.8000E-01 DT= 2.5000E-05 ERR= -0.0% DM/M= 0.0000E+00
 ELAPSED TIME=          2.54 s  REMAINING TIME=          0.35 s
 NC=   35300 T= 8.8250E-01 DT= 2.5000E-05 ERR= -0.0% DM/M= 0.0000E+00
 ELAPSED TIME=          2.55 s  REMAINING TIME=          0.34 s
 NC=   35400 T= 8.8500E-01 DT= 2.5000E-05 ERR= -0.0% DM/M= 0.0000E+00
 ELAPSED TIME=          2.56 s  REMAINING TIME=          0.33 s
 NC=   35500 T= 8.8750E-01 DT= 2.5000E-05 ERR= -0.0% DM/M= 0.0000E+00
 ELAPSED TIME=          2.56 s  REMAINING TIME=          0.33 s
 NC=   35600 T= 8.9000E-01 DT= 2.5000E-05 ERR= -0.0% DM/M= 0.0000E+00
 ELAPSED TIME=          2.57 s  REMAINING TIME=          0.32 s
 NC=   35700 T= 8.9250E-01 DT= 2.5000E-05 ERR= -0.0% DM/M= 0.0000E+00
 ELAPSED TIME=          2.58 s  REMAINING TIME=          0.31 s
 NC=   35800 T= 8.9500E-01 DT= 2.5000E-05 ERR= -0.0% DM/M= 0.0000E+00
 ELAPSED TIME=          2.58 s  REMAINING TIME=          0.30 s
 NC=   35900 T= 8.9750E-01 DT= 2.5000E-05 ERR= -0.0% DM/M= 0.0000E+00
 ELAPSED TIME=          2.59 s  REMAINING TIME=          0.30 s
 NC=   36000 T= 9.0000E-01 DT= 2.5000E-05 ERR= -0.0% DM/M= 0.0000E+00
 ELAPSED TIME=          2.60 s  REMAINING TIME=          0.29 s
     ANIMATION FILE: A22_TRANSLATION_X_N8A010 WRITTEN
 NC=   36100 T= 9.0250E-01 DT= 2.5000E-05 ERR= -0.0% DM/M= 0.0000E+00
 ELAPSED TIME=          2.61 s  REMAINING TIME=          0.28 s
 NC=   36200 T= 9.0500E-01 DT= 2.5000E-05 ERR= -0.0% DM/M= 0.0000E+00
 ELAPSED TIME=          2.61 s  REMAINING TIME=          0.27 s
 NC=   36300 T= 9.0750E-01 DT= 2.5000E-05 ERR= -0.0% DM/M= 0.0000E+00
 ELAPSED TIME=          2.62 s  REMAINING TIME=          0.27 s
 NC=   36400 T= 9.1000E-01 DT= 2.5000E-05 ERR= -0.0% DM/M= 0.0000E+00
 ELAPSED TIME=          2.62 s  REMAINING TIME=          0.26 s
 NC=   36500 T= 9.1250E-01 DT= 2.5000E-05 ERR= -0.0% DM/M= 0.0000E+00
 ELAPSED TIME=          2.63 s  REMAINING TIME=          0.25 s
 NC=   36600 T= 9.1500E-01 DT= 2.5000E-05 ERR= -0.0% DM/M= 0.0000E+00
 ELAPSED TIME=          2.64 s  REMAINING TIME=          0.25 s
 NC=   36700 T= 9.1750E-01 DT= 2.5000E-05 ERR= -0.0% DM/M= 0.0000E+00
 ELAPSED TIME=          2.64 s  REMAINING TIME=          0.24 s
 NC=   36800 T= 9.2000E-01 DT= 2.5000E-05 ERR= -0.0% DM/M= 0.0000E+00
 ELAPSED TIME=          2.65 s  REMAINING TIME=          0.23 s
 NC=   36900 T= 9.2250E-01 DT= 2.5000E-05 ERR= -0.0% DM/M= 0.0000E+00
 ELAPSED TIME=          2.66 s  REMAINING TIME=          0.22 s
 NC=   37000 T= 9.2500E-01 DT= 2.5000E-05 ERR= -0.0% DM/M= 0.0000E+00
 ELAPSED TIME=          2.66 s  REMAINING TIME=          0.22 s
 NC=   37100 T= 9.2750E-01 DT= 2.5000E-05 ERR= -0.0% DM/M= 0.0000E+00
 ELAPSED TIME=          2.67 s  REMAINING TIME=          0.21 s
 NC=   37200 T= 9.3000E-01 DT= 2.5000E-05 ERR= -0.0% DM/M= 0.0000E+00
 ELAPSED TIME=          2.68 s  REMAINING TIME=          0.20 s
 NC=   37300 T= 9.3250E-01 DT= 2.5000E-05 ERR= -0.0% DM/M= 0.0000E+00
 ELAPSED TIME=          2.68 s  REMAINING TIME=          0.19 s
 NC=   37400 T= 9.3500E-01 DT= 2.5000E-05 ERR= -0.0% DM/M= 0.0000E+00
 ELAPSED TIME=          2.69 s  REMAINING TIME=          0.19 s
 NC=   37500 T= 9.3750E-01 DT= 2.5000E-05 ERR= -0.0% DM/M= 0.0000E+00
 ELAPSED TIME=          2.70 s  REMAINING TIME=          0.18 s
 NC=   37600 T= 9.4000E-01 DT= 2.5000E-05 ERR= -0.0% DM/M= 0.0000E+00
 ELAPSED TIME=          2.70 s  REMAINING TIME=          0.17 s
 NC=   37700 T= 9.4250E-01 DT= 2.5000E-05 ERR= -0.0% DM/M= 0.0000E+00
 ELAPSED TIME=          2.71 s  REMAINING TIME=          0.17 s
 NC=   37800 T= 9.4500E-01 DT= 2.5000E-05 ERR= -0.0% DM/M= 0.0000E+00
 ELAPSED TIME=          2.72 s  REMAINING TIME=          0.16 s
 NC=   37900 T= 9.4750E-01 DT= 2.5000E-05 ERR= -0.0% DM/M= 0.0000E+00
 ELAPSED TIME=          2.72 s  REMAINING TIME=          0.15 s
 NC=   38000 T= 9.5000E-01 DT= 2.5000E-05 ERR= -0.0% DM/M= 0.0000E+00
 ELAPSED TIME=          2.73 s  REMAINING TIME=          0.14 s
 NC=   38100 T= 9.5250E-01 DT= 2.5000E-05 ERR= -0.0% DM/M= 0.0000E+00
 ELAPSED TIME=          2.74 s  REMAINING TIME=          0.14 s
 NC=   38200 T= 9.5500E-01 DT= 2.5000E-05 ERR= -0.0% DM/M= 0.0000E+00
 ELAPSED TIME=          2.74 s  REMAINING TIME=          0.13 s
 NC=   38300 T= 9.5750E-01 DT= 2.5000E-05 ERR= -0.0% DM/M= 0.0000E+00
 ELAPSED TIME=          2.75 s  REMAINING TIME=          0.12 s
 NC=   38400 T= 9.6000E-01 DT= 2.5000E-05 ERR= -0.0% DM/M= 0.0000E+00
 ELAPSED TIME=          2.76 s  REMAINING TIME=          0.11 s
 NC=   38500 T= 9.6250E-01 DT= 2.5000E-05 ERR= -0.0% DM/M= 0.0000E+00
 ELAPSED TIME=          2.76 s  REMAINING TIME=          0.11 s
 NC=   38600 T= 9.6500E-01 DT= 2.5000E-05 ERR= -0.0% DM/M= 0.0000E+00
 ELAPSED TIME=          2.77 s  REMAINING TIME=          0.10 s
 NC=   38700 T= 9.6750E-01 DT= 2.5000E-05 ERR= -0.0% DM/M= 0.0000E+00
 ELAPSED TIME=          2.78 s  REMAINING TIME=          0.09 s
 NC=   38800 T= 9.7000E-01 DT= 2.5000E-05 ERR= -0.0% DM/M= 0.0000E+00
 ELAPSED TIME=          2.78 s  REMAINING TIME=          0.09 s
 NC=   38900 T= 9.7250E-01 DT= 2.5000E-05 ERR= -0.0% DM/M= 0.0000E+00
 ELAPSED TIME=          2.79 s  REMAINING TIME=          0.08 s
 NC=   39000 T= 9.7500E-01 DT= 2.5000E-05 ERR= -0.0% DM/M= 0.0000E+00
 ELAPSED TIME=          2.80 s  REMAINING TIME=          0.07 s
 NC=   39100 T= 9.7750E-01 DT= 2.5000E-05 ERR= -0.0% DM/M= 0.0000E+00
 ELAPSED TIME=          2.80 s  REMAINING TIME=          0.06 s
 NC=   39200 T= 9.8000E-01 DT= 2.5000E-05 ERR= -0.0% DM/M= 0.0000E+00
 ELAPSED TIME=          2.81 s  REMAINING TIME=          0.06 s
 NC=   39300 T= 9.8250E-01 DT= 2.5000E-05 ERR= -0.0% DM/M= 0.0000E+00
 ELAPSED TIME=          2.82 s  REMAINING TIME=          0.05 s
 NC=   39400 T= 9.8500E-01 DT= 2.5000E-05 ERR= -0.0% DM/M= 0.0000E+00
 ELAPSED TIME=          2.82 s  REMAINING TIME=          0.04 s
 NC=   39500 T= 9.8750E-01 DT= 2.5000E-05 ERR= -0.0% DM/M= 0.0000E+00
 ELAPSED TIME=          2.83 s  REMAINING TIME=          0.04 s
 NC=   39600 T= 9.9000E-01 DT= 2.5000E-05 ERR= -0.0% DM/M= 0.0000E+00
 ELAPSED TIME=          2.84 s  REMAINING TIME=          0.03 s
 NC=   39700 T= 9.9250E-01 DT= 2.5000E-05 ERR= -0.0% DM/M= 0.0000E+00
 ELAPSED TIME=          2.84 s  REMAINING TIME=          0.02 s
 NC=   39800 T= 9.9500E-01 DT= 2.5000E-05 ERR= -0.0% DM/M= 0.0000E+00
 ELAPSED TIME=          2.85 s  REMAINING TIME=          0.01 s
 NC=   39900 T= 9.9750E-01 DT= 2.5000E-05 ERR= -0.0% DM/M= 0.0000E+00
 ELAPSED TIME=          2.86 s  REMAINING TIME=          0.01 s
     RESTART FILES: A22_TRANSLATION_X_N8_0001_[0001-0001].rst WRITTEN
 NC=   40000 T= 1.0000E+00 DT= 2.5000E-05 ERR=  0.0% DM/M= 0.0000E+00
 ELAPSED TIME=          3.00 s  REMAINING TIME=         -0.00 s
     ANIMATION FILE: A22_TRANSLATION_X_N8A011 WRITTEN
  
                           ** CPU USER TIME **
  
  
                        ** SUMMARY **
  
 #PROC  ELEMENT   KINCOND   INTEG     IO        T0        ASM       RESOL    
   1   .4219E+00 .4844E+00 .1094E+00 .5469E+00 .7031E+00 .9375E-01 .2797E+01
 
                   ** CUMULATIVE CPU TIME SUMMARY **
  
 CONTACT SORTING.............: .0000E+00     0.00 % 
 CONTACT FORCES..............: .1562E-01     0.56 % 
 ELEMENT FORCES..............: .4219E+00    15.08 % 
 KINEMATIC COND..............: .4844E+00    17.32 % 
 INTEGRATION.................: .1094E+00     3.91 % 
 ASSEMBLING..................: .9375E-01     3.35 % 
 OTHERS (including I/O)......: .1672E+01    59.78 % 
 TOTAL.......................: .2797E+01   100.00 % 
  
                   ** MEMORY USAGE STATISTICS **
  
 TOTAL MEMORY USED .........................:      139 MB
 MAXIMUM MEMORY PER PROCESSOR...............:      139 MB
 MINIMUM MEMORY PER PROCESSOR...............:      139 MB
 AVERAGE MEMORY PER PROCESSOR...............:      139 MB
  
                   ** DISK USAGE STATISTICS **
  
 TOTAL DISK SPACE USED .....................:         92 MB
 ANIMATION/H3D/TH/OUTP SIZE ................:          1 MB
 RESTART FILE SIZE .........................:         90 MB
  
 ELAPSED TIME     =          3.00 s
                          0:00:03
  
     NORMAL TERMINATION      
     TOTAL NUMBER OF CYCLES  :   40001
