************************************************************************
**                                                                    **
**                                                                    **
**                         OpenRadioss Engine                         **
**                                                                    **
**            Non-linear Finite Element Analysis Software             **
**                                                                    **
**                                                                    **
**                                                                    **
**                  Windows 64 bits, Intel compiler                   **
**                      Double Precision Version                      **
**                                                                    **
**                                                                    **
**                                                                    **
************************************************************************
** OpenRadioss Software                                               **
** COPYRIGHT (C) 2026 Siemens                                         **
** Licensed under GNU Affero General Public License.                  **
** See License file.                                                  **
************************************************************************
 
 ROOT: A24_REFERENCE_FREE_ROTATION_S100_X  RESTART: 0001
 NUMBER OF HMPP PROCESSES     1
 10/10/2026
 NC=       0 T= 0.0000E+00 DT= 2.5000E-05 ERR=  0.0% DM/M= 0.0000E+00
     ANIMATION FILE: A24_REFERENCE_FREE_ROTATION_S100_XA001 WRITTEN
 NC=     100 T= 2.5000E-03 DT= 2.5000E-05 ERR= -0.0% DM/M= 0.0000E+00
 ELAPSED TIME=          0.05 s  REMAINING TIME=          0.89 s
 NC=     200 T= 5.0000E-03 DT= 2.5000E-05 ERR= -0.0% DM/M= 0.0000E+00
 ELAPSED TIME=          0.06 s  REMAINING TIME=          0.55 s
 NC=     300 T= 7.5000E-03 DT= 2.5000E-05 ERR= -0.0% DM/M= 0.0000E+00
 ELAPSED TIME=          0.07 s  REMAINING TIME=          0.42 s
 NC=     400 T= 1.0000E-02 DT= 2.5000E-05 ERR= -0.0% DM/M= 0.0000E+00
 ELAPSED TIME=          0.09 s  REMAINING TIME=          0.35 s
 NC=     500 T= 1.2500E-02 DT= 2.5000E-05 ERR= -0.0% DM/M= 0.0000E+00
 ELAPSED TIME=          0.10 s  REMAINING TIME=          0.30 s
 NC=     600 T= 1.5000E-02 DT= 2.5000E-05 ERR= -0.0% DM/M= 0.0000E+00
 ELAPSED TIME=          0.11 s  REMAINING TIME=          0.27 s
 NC=     700 T= 1.7500E-02 DT= 2.5000E-05 ERR= -0.0% DM/M= 0.0000E+00
 ELAPSED TIME=          0.13 s  REMAINING TIME=          0.24 s
 NC=     800 T= 2.0000E-02 DT= 2.5000E-05 ERR= -0.0% DM/M= 0.0000E+00
 ELAPSED TIME=          0.14 s  REMAINING TIME=          0.21 s
 NC=     900 T= 2.2500E-02 DT= 2.5000E-05 ERR= -0.0% DM/M= 0.0000E+00
 ELAPSED TIME=          0.15 s  REMAINING TIME=          0.19 s
 NC=    1000 T= 2.5000E-02 DT= 2.5000E-05 ERR= -0.0% DM/M= 0.0000E+00
 ELAPSED TIME=          0.17 s  REMAINING TIME=          0.17 s
     ANIMATION FILE: A24_REFERENCE_FREE_ROTATION_S100_XA002 WRITTEN
 NC=    1100 T= 2.7500E-02 DT= 2.5000E-05 ERR= -0.0% DM/M= 0.0000E+00
 ELAPSED TIME=          0.18 s  REMAINING TIME=          0.15 s
 NC=    1200 T= 3.0000E-02 DT= 2.5000E-05 ERR= -0.0% DM/M= 0.0000E+00
 ELAPSED TIME=          0.20 s  REMAINING TIME=          0.13 s
 NC=    1300 T= 3.2500E-02 DT= 2.5000E-05 ERR= -0.0% DM/M= 0.0000E+00
 ELAPSED TIME=          0.21 s  REMAINING TIME=          0.11 s
 NC=    1400 T= 3.5000E-02 DT= 2.5000E-05 ERR= -0.0% DM/M= 0.0000E+00
 ELAPSED TIME=          0.22 s  REMAINING TIME=          0.10 s
 NC=    1500 T= 3.7500E-02 DT= 2.5000E-05 ERR= -0.0% DM/M= 0.0000E+00
 ELAPSED TIME=          0.24 s  REMAINING TIME=          0.08 s
 NC=    1600 T= 4.0000E-02 DT= 2.5000E-05 ERR= -0.0% DM/M= 0.0000E+00
 ELAPSED TIME=          0.25 s  REMAINING TIME=          0.06 s
 NC=    1700 T= 4.2500E-02 DT= 2.5000E-05 ERR= -0.0% DM/M= 0.0000E+00
 ELAPSED TIME=          0.26 s  REMAINING TIME=          0.05 s
 NC=    1800 T= 4.5000E-02 DT= 2.5000E-05 ERR= -0.0% DM/M= 0.0000E+00
 ELAPSED TIME=          0.28 s  REMAINING TIME=          0.03 s
 NC=    1900 T= 4.7500E-02 DT= 2.5000E-05 ERR= -0.0% DM/M= 0.0000E+00
 ELAPSED TIME=          0.29 s  REMAINING TIME=          0.02 s
 NC=    2000 T= 5.0000E-02 DT= 2.5000E-05 ERR= -0.0% DM/M= 0.0000E+00
 ELAPSED TIME=          0.30 s  REMAINING TIME=          0.00 s
     RESTART FILES: A24_REFERENCE_FREE_ROTATION_S100_X_0001_[0001-0001].rst WRITTEN
     ANIMATION FILE: A24_REFERENCE_FREE_ROTATION_S100_XA003 WRITTEN
  
                           ** CPU USER TIME **
  
  
                        ** SUMMARY **
  
 #PROC  CONTSORT  CONTFOR   ELEMENT   KINCOND   INTEG     IO        T0        ASM       RESOL    
   1   .1562E-01 .0000E+00 .1719E+00 .0000E+00 .1562E-01 .0000E+00 .3125E-01 .0000E+00 .2812E+00
 
                   ** CUMULATIVE CPU TIME SUMMARY **
  
 CONTACT SORTING.............: .1562E-01     5.56 % 
 CONTACT FORCES..............: .0000E+00     0.00 % 
 ELEMENT FORCES..............: .1719E+00    61.11 % 
 KINEMATIC COND..............: .0000E+00     0.00 % 
 INTEGRATION.................: .1562E-01     5.56 % 
 ASSEMBLING..................: .0000E+00     0.00 % 
 OTHERS (including I/O)......: .7812E-01    27.78 % 
 TOTAL.......................: .2812E+00   100.00 % 
  
                   ** MEMORY USAGE STATISTICS **
  
 TOTAL MEMORY USED .........................:       58 MB
 MAXIMUM MEMORY PER PROCESSOR...............:       58 MB
 MINIMUM MEMORY PER PROCESSOR...............:       58 MB
 AVERAGE MEMORY PER PROCESSOR...............:       58 MB
  
                   ** DISK USAGE STATISTICS **
  
 TOTAL DISK SPACE USED .....................:          0 MB
 ANIMATION/H3D/TH/OUTP SIZE ................:          0 MB
 RESTART FILE SIZE .........................:          0 MB
  
 ELAPSED TIME     =          0.31 s
                          0:00:00
  
     NORMAL TERMINATION      
     TOTAL NUMBER OF CYCLES  :    2002
