************************************************************************
**                                                                    **
**                                                                    **
**                         OpenRadioss Engine                         **
**                                                                    **
**            Non-linear Finite Element Analysis Software             **
**                                                                    **
**                                                                    **
**                                                                    **
**                  Windows 64 bits, Intel compiler                   **
**                      Double Precision Version                      **
**                                                                    **
**                                                                    **
**                                                                    **
************************************************************************
** OpenRadioss Software                                               **
** COPYRIGHT (C) 2026 Siemens                                         **
** Licensed under GNU Affero General Public License.                  **
** See License file.                                                  **
************************************************************************
 
 ROOT: A24_CONNECTED_FREE_TRANSLATION_S100  RESTART: 0001
 NUMBER OF HMPP PROCESSES     1
 10/10/2026
 NC=       0 T= 0.0000E+00 DT= 2.0720E-06 ERR=  0.0% DM/M= 0.0000E+00
     ANIMATION FILE: A24_CONNECTED_FREE_TRANSLATION_S100A001 WRITTEN
 NC=     100 T= 2.0720E-04 DT= 2.0720E-06 ERR=  0.0% DM/M= 0.0000E+00
 ELAPSED TIME=          0.05 s  REMAINING TIME=         12.91 s
 NC=     200 T= 4.1440E-04 DT= 2.0720E-06 ERR=  0.0% DM/M= 0.0000E+00
 ELAPSED TIME=          0.07 s  REMAINING TIME=          8.65 s
 NC=     300 T= 6.2160E-04 DT= 2.0720E-06 ERR=  0.0% DM/M= 0.0000E+00
 ELAPSED TIME=          0.09 s  REMAINING TIME=          7.22 s
 NC=     400 T= 8.2879E-04 DT= 2.0720E-06 ERR= -0.0% DM/M= 0.0000E+00
 ELAPSED TIME=          0.11 s  REMAINING TIME=          6.48 s
 NC=     500 T= 1.0360E-03 DT= 2.0720E-06 ERR= -0.0% DM/M= 0.0000E+00
 ELAPSED TIME=          0.13 s  REMAINING TIME=          6.10 s
 NC=     600 T= 1.2432E-03 DT= 2.0720E-06 ERR= -0.0% DM/M= 0.0000E+00
 ELAPSED TIME=          0.15 s  REMAINING TIME=          5.78 s
 NC=     700 T= 1.4504E-03 DT= 2.0720E-06 ERR= -0.0% DM/M= 0.0000E+00
 ELAPSED TIME=          0.17 s  REMAINING TIME=          5.56 s
 NC=     800 T= 1.6576E-03 DT= 2.0720E-06 ERR= -0.0% DM/M= 0.0000E+00
 ELAPSED TIME=          0.18 s  REMAINING TIME=          5.38 s
 NC=     900 T= 1.8648E-03 DT= 2.0720E-06 ERR= -0.0% DM/M= 0.0000E+00
 ELAPSED TIME=          0.20 s  REMAINING TIME=          5.24 s
 NC=    1000 T= 2.0720E-03 DT= 2.0720E-06 ERR= -0.0% DM/M= 0.0000E+00
 ELAPSED TIME=          0.22 s  REMAINING TIME=          5.12 s
 NC=    1100 T= 2.2792E-03 DT= 2.0720E-06 ERR= -0.0% DM/M= 0.0000E+00
 ELAPSED TIME=          0.24 s  REMAINING TIME=          5.02 s
 NC=    1200 T= 2.4864E-03 DT= 2.0720E-06 ERR= -0.0% DM/M= 0.0000E+00
 ELAPSED TIME=          0.26 s  REMAINING TIME=          4.93 s
 NC=    1300 T= 2.6936E-03 DT= 2.0720E-06 ERR= -0.0% DM/M= 0.0000E+00
 ELAPSED TIME=          0.28 s  REMAINING TIME=          4.86 s
 NC=    1400 T= 2.9008E-03 DT= 2.0720E-06 ERR= -0.0% DM/M= 0.0000E+00
 ELAPSED TIME=          0.30 s  REMAINING TIME=          4.79 s
 NC=    1500 T= 3.1080E-03 DT= 2.0720E-06 ERR= -0.0% DM/M= 0.0000E+00
 ELAPSED TIME=          0.31 s  REMAINING TIME=          4.73 s
 NC=    1600 T= 3.3152E-03 DT= 2.0720E-06 ERR=  0.0% DM/M= 0.0000E+00
 ELAPSED TIME=          0.33 s  REMAINING TIME=          4.68 s
 NC=    1700 T= 3.5224E-03 DT= 2.0720E-06 ERR=  0.0% DM/M= 0.0000E+00
 ELAPSED TIME=          0.35 s  REMAINING TIME=          4.63 s
 NC=    1800 T= 3.7296E-03 DT= 2.0720E-06 ERR=  0.0% DM/M= 0.0000E+00
 ELAPSED TIME=          0.37 s  REMAINING TIME=          4.58 s
 NC=    1900 T= 3.9368E-03 DT= 2.0720E-06 ERR= -0.0% DM/M= 0.0000E+00
 ELAPSED TIME=          0.39 s  REMAINING TIME=          4.53 s
 NC=    2000 T= 4.1440E-03 DT= 2.0720E-06 ERR= -0.0% DM/M= 0.0000E+00
 ELAPSED TIME=          0.41 s  REMAINING TIME=          4.50 s
 NC=    2100 T= 4.3512E-03 DT= 2.0720E-06 ERR= -0.0% DM/M= 0.0000E+00
 ELAPSED TIME=          0.42 s  REMAINING TIME=          4.46 s
 NC=    2200 T= 4.5584E-03 DT= 2.0720E-06 ERR= -0.0% DM/M= 0.0000E+00
 ELAPSED TIME=          0.44 s  REMAINING TIME=          4.42 s
 NC=    2300 T= 4.7656E-03 DT= 2.0720E-06 ERR=  0.0% DM/M= 0.0000E+00
 ELAPSED TIME=          0.46 s  REMAINING TIME=          4.38 s
 NC=    2400 T= 4.9728E-03 DT= 2.0720E-06 ERR=  0.0% DM/M= 0.0000E+00
 ELAPSED TIME=          0.48 s  REMAINING TIME=          4.35 s
 NC=    2500 T= 5.1800E-03 DT= 2.0720E-06 ERR=  0.0% DM/M= 0.0000E+00
 ELAPSED TIME=          0.50 s  REMAINING TIME=          4.31 s
 NC=    2600 T= 5.3872E-03 DT= 2.0720E-06 ERR=  0.0% DM/M= 0.0000E+00
 ELAPSED TIME=          0.52 s  REMAINING TIME=          4.29 s
 NC=    2700 T= 5.5944E-03 DT= 2.0720E-06 ERR= -0.0% DM/M= 0.0000E+00
 ELAPSED TIME=          0.54 s  REMAINING TIME=          4.25 s
 NC=    2800 T= 5.8016E-03 DT= 2.0720E-06 ERR= -0.0% DM/M= 0.0000E+00
 ELAPSED TIME=          0.55 s  REMAINING TIME=          4.22 s
 NC=    2900 T= 6.0088E-03 DT= 2.0720E-06 ERR= -0.0% DM/M= 0.0000E+00
 ELAPSED TIME=          0.57 s  REMAINING TIME=          4.19 s
 NC=    3000 T= 6.2160E-03 DT= 2.0720E-06 ERR= -0.0% DM/M= 0.0000E+00
 ELAPSED TIME=          0.59 s  REMAINING TIME=          4.17 s
 NC=    3100 T= 6.4232E-03 DT= 2.0720E-06 ERR= -0.0% DM/M= 0.0000E+00
 ELAPSED TIME=          0.61 s  REMAINING TIME=          4.14 s
 NC=    3200 T= 6.6304E-03 DT= 2.0720E-06 ERR= -0.0% DM/M= 0.0000E+00
 ELAPSED TIME=          0.63 s  REMAINING TIME=          4.11 s
 NC=    3300 T= 6.8376E-03 DT= 2.0720E-06 ERR= -0.0% DM/M= 0.0000E+00
 ELAPSED TIME=          0.65 s  REMAINING TIME=          4.08 s
 NC=    3400 T= 7.0448E-03 DT= 2.0720E-06 ERR= -0.0% DM/M= 0.0000E+00
 ELAPSED TIME=          0.67 s  REMAINING TIME=          4.06 s
 NC=    3500 T= 7.2520E-03 DT= 2.0720E-06 ERR= -0.0% DM/M= 0.0000E+00
 ELAPSED TIME=          0.68 s  REMAINING TIME=          4.03 s
 NC=    3600 T= 7.4591E-03 DT= 2.0720E-06 ERR= -0.0% DM/M= 0.0000E+00
 ELAPSED TIME=          0.70 s  REMAINING TIME=          4.00 s
 NC=    3700 T= 7.6663E-03 DT= 2.0720E-06 ERR= -0.0% DM/M= 0.0000E+00
 ELAPSED TIME=          0.72 s  REMAINING TIME=          3.98 s
 NC=    3800 T= 7.8735E-03 DT= 2.0720E-06 ERR= -0.0% DM/M= 0.0000E+00
 ELAPSED TIME=          0.74 s  REMAINING TIME=          3.95 s
 NC=    3900 T= 8.0807E-03 DT= 2.0720E-06 ERR= -0.0% DM/M= 0.0000E+00
 ELAPSED TIME=          0.76 s  REMAINING TIME=          3.93 s
 NC=    4000 T= 8.2879E-03 DT= 2.0720E-06 ERR= -0.0% DM/M= 0.0000E+00
 ELAPSED TIME=          0.78 s  REMAINING TIME=          3.91 s
 NC=    4100 T= 8.4951E-03 DT= 2.0720E-06 ERR= -0.0% DM/M= 0.0000E+00
 ELAPSED TIME=          0.79 s  REMAINING TIME=          3.88 s
 NC=    4200 T= 8.7023E-03 DT= 2.0720E-06 ERR= -0.0% DM/M= 0.0000E+00
 ELAPSED TIME=          0.81 s  REMAINING TIME=          3.86 s
 NC=    4300 T= 8.9095E-03 DT= 2.0720E-06 ERR= -0.0% DM/M= 0.0000E+00
 ELAPSED TIME=          0.83 s  REMAINING TIME=          3.83 s
 NC=    4400 T= 9.1167E-03 DT= 2.0720E-06 ERR= -0.0% DM/M= 0.0000E+00
 ELAPSED TIME=          0.85 s  REMAINING TIME=          3.81 s
 NC=    4500 T= 9.3239E-03 DT= 2.0720E-06 ERR= -0.0% DM/M= 0.0000E+00
 ELAPSED TIME=          0.87 s  REMAINING TIME=          3.79 s
 NC=    4600 T= 9.5311E-03 DT= 2.0720E-06 ERR= -0.0% DM/M= 0.0000E+00
 ELAPSED TIME=          0.89 s  REMAINING TIME=          3.76 s
 NC=    4700 T= 9.7383E-03 DT= 2.0720E-06 ERR= -0.0% DM/M= 0.0000E+00
 ELAPSED TIME=          0.90 s  REMAINING TIME=          3.74 s
 NC=    4800 T= 9.9455E-03 DT= 2.0720E-06 ERR= -0.0% DM/M= 0.0000E+00
 ELAPSED TIME=          0.92 s  REMAINING TIME=          3.72 s
 NC=    4900 T= 1.0153E-02 DT= 2.0720E-06 ERR= -0.0% DM/M= 0.0000E+00
 ELAPSED TIME=          0.94 s  REMAINING TIME=          3.70 s
 NC=    5000 T= 1.0360E-02 DT= 2.0720E-06 ERR= -0.0% DM/M= 0.0000E+00
 ELAPSED TIME=          0.96 s  REMAINING TIME=          3.68 s
 NC=    5100 T= 1.0567E-02 DT= 2.0720E-06 ERR= -0.0% DM/M= 0.0000E+00
 ELAPSED TIME=          0.98 s  REMAINING TIME=          3.65 s
 NC=    5200 T= 1.0774E-02 DT= 2.0720E-06 ERR= -0.0% DM/M= 0.0000E+00
 ELAPSED TIME=          1.00 s  REMAINING TIME=          3.63 s
 NC=    5300 T= 1.0982E-02 DT= 2.0720E-06 ERR= -0.0% DM/M= 0.0000E+00
 ELAPSED TIME=          1.02 s  REMAINING TIME=          3.61 s
 NC=    5400 T= 1.1189E-02 DT= 2.0720E-06 ERR= -0.0% DM/M= 0.0000E+00
 ELAPSED TIME=          1.03 s  REMAINING TIME=          3.59 s
 NC=    5500 T= 1.1396E-02 DT= 2.0720E-06 ERR= -0.0% DM/M= 0.0000E+00
 ELAPSED TIME=          1.05 s  REMAINING TIME=          3.57 s
 NC=    5600 T= 1.1603E-02 DT= 2.0720E-06 ERR= -0.0% DM/M= 0.0000E+00
 ELAPSED TIME=          1.07 s  REMAINING TIME=          3.54 s
 NC=    5700 T= 1.1810E-02 DT= 2.0720E-06 ERR= -0.0% DM/M= 0.0000E+00
 ELAPSED TIME=          1.09 s  REMAINING TIME=          3.52 s
 NC=    5800 T= 1.2018E-02 DT= 2.0720E-06 ERR= -0.0% DM/M= 0.0000E+00
 ELAPSED TIME=          1.11 s  REMAINING TIME=          3.50 s
 NC=    5900 T= 1.2225E-02 DT= 2.0720E-06 ERR= -0.0% DM/M= 0.0000E+00
 ELAPSED TIME=          1.13 s  REMAINING TIME=          3.48 s
 NC=    6000 T= 1.2432E-02 DT= 2.0720E-06 ERR= -0.0% DM/M= 0.0000E+00
 ELAPSED TIME=          1.15 s  REMAINING TIME=          3.46 s
 NC=    6100 T= 1.2639E-02 DT= 2.0720E-06 ERR= -0.0% DM/M= 0.0000E+00
 ELAPSED TIME=          1.16 s  REMAINING TIME=          3.44 s
 NC=    6200 T= 1.2846E-02 DT= 2.0720E-06 ERR= -0.0% DM/M= 0.0000E+00
 ELAPSED TIME=          1.18 s  REMAINING TIME=          3.42 s
 NC=    6300 T= 1.3054E-02 DT= 2.0720E-06 ERR= -0.0% DM/M= 0.0000E+00
 ELAPSED TIME=          1.20 s  REMAINING TIME=          3.40 s
 NC=    6400 T= 1.3261E-02 DT= 2.0720E-06 ERR= -0.0% DM/M= 0.0000E+00
 ELAPSED TIME=          1.22 s  REMAINING TIME=          3.38 s
 NC=    6500 T= 1.3468E-02 DT= 2.0720E-06 ERR= -0.0% DM/M= 0.0000E+00
 ELAPSED TIME=          1.24 s  REMAINING TIME=          3.36 s
 NC=    6600 T= 1.3675E-02 DT= 2.0720E-06 ERR= -0.0% DM/M= 0.0000E+00
 ELAPSED TIME=          1.26 s  REMAINING TIME=          3.34 s
 NC=    6700 T= 1.3882E-02 DT= 2.0720E-06 ERR= -0.0% DM/M= 0.0000E+00
 ELAPSED TIME=          1.27 s  REMAINING TIME=          3.31 s
 NC=    6800 T= 1.4090E-02 DT= 2.0720E-06 ERR= -0.0% DM/M= 0.0000E+00
 ELAPSED TIME=          1.29 s  REMAINING TIME=          3.29 s
 NC=    6900 T= 1.4297E-02 DT= 2.0720E-06 ERR= -0.0% DM/M= 0.0000E+00
 ELAPSED TIME=          1.31 s  REMAINING TIME=          3.27 s
 NC=    7000 T= 1.4504E-02 DT= 2.0720E-06 ERR= -0.0% DM/M= 0.0000E+00
 ELAPSED TIME=          1.33 s  REMAINING TIME=          3.25 s
 NC=    7100 T= 1.4711E-02 DT= 2.0720E-06 ERR= -0.0% DM/M= 0.0000E+00
 ELAPSED TIME=          1.35 s  REMAINING TIME=          3.24 s
 NC=    7200 T= 1.4918E-02 DT= 2.0720E-06 ERR= -0.0% DM/M= 0.0000E+00
 ELAPSED TIME=          1.37 s  REMAINING TIME=          3.22 s
 NC=    7300 T= 1.5125E-02 DT= 2.0720E-06 ERR= -0.0% DM/M= 0.0000E+00
 ELAPSED TIME=          1.39 s  REMAINING TIME=          3.20 s
 NC=    7400 T= 1.5333E-02 DT= 2.0720E-06 ERR= -0.0% DM/M= 0.0000E+00
 ELAPSED TIME=          1.41 s  REMAINING TIME=          3.18 s
 NC=    7500 T= 1.5540E-02 DT= 2.0720E-06 ERR= -0.0% DM/M= 0.0000E+00
 ELAPSED TIME=          1.42 s  REMAINING TIME=          3.16 s
 NC=    7600 T= 1.5747E-02 DT= 2.0720E-06 ERR= -0.0% DM/M= 0.0000E+00
 ELAPSED TIME=          1.44 s  REMAINING TIME=          3.14 s
 NC=    7700 T= 1.5954E-02 DT= 2.0720E-06 ERR= -0.0% DM/M= 0.0000E+00
 ELAPSED TIME=          1.46 s  REMAINING TIME=          3.12 s
 NC=    7800 T= 1.6161E-02 DT= 2.0720E-06 ERR= -0.0% DM/M= 0.0000E+00
 ELAPSED TIME=          1.48 s  REMAINING TIME=          3.10 s
 NC=    7900 T= 1.6369E-02 DT= 2.0720E-06 ERR= -0.0% DM/M= 0.0000E+00
 ELAPSED TIME=          1.50 s  REMAINING TIME=          3.08 s
 NC=    8000 T= 1.6576E-02 DT= 2.0720E-06 ERR= -0.0% DM/M= 0.0000E+00
 ELAPSED TIME=          1.52 s  REMAINING TIME=          3.07 s
 NC=    8100 T= 1.6783E-02 DT= 2.0720E-06 ERR= -0.0% DM/M= 0.0000E+00
 ELAPSED TIME=          1.54 s  REMAINING TIME=          3.05 s
 NC=    8200 T= 1.6990E-02 DT= 2.0720E-06 ERR= -0.0% DM/M= 0.0000E+00
 ELAPSED TIME=          1.56 s  REMAINING TIME=          3.03 s
 NC=    8300 T= 1.7197E-02 DT= 2.0720E-06 ERR= -0.0% DM/M= 0.0000E+00
 ELAPSED TIME=          1.58 s  REMAINING TIME=          3.01 s
 NC=    8400 T= 1.7405E-02 DT= 2.0720E-06 ERR= -0.0% DM/M= 0.0000E+00
 ELAPSED TIME=          1.60 s  REMAINING TIME=          2.99 s
 NC=    8500 T= 1.7612E-02 DT= 2.0720E-06 ERR= -0.0% DM/M= 0.0000E+00
 ELAPSED TIME=          1.62 s  REMAINING TIME=          2.97 s
 NC=    8600 T= 1.7819E-02 DT= 2.0720E-06 ERR= -0.0% DM/M= 0.0000E+00
 ELAPSED TIME=          1.63 s  REMAINING TIME=          2.95 s
 NC=    8700 T= 1.8026E-02 DT= 2.0720E-06 ERR= -0.0% DM/M= 0.0000E+00
 ELAPSED TIME=          1.65 s  REMAINING TIME=          2.93 s
 NC=    8800 T= 1.8233E-02 DT= 2.0720E-06 ERR= -0.0% DM/M= 0.0000E+00
 ELAPSED TIME=          1.67 s  REMAINING TIME=          2.91 s
 NC=    8900 T= 1.8441E-02 DT= 2.0720E-06 ERR= -0.0% DM/M= 0.0000E+00
 ELAPSED TIME=          1.69 s  REMAINING TIME=          2.90 s
 NC=    9000 T= 1.8648E-02 DT= 2.0720E-06 ERR= -0.0% DM/M= 0.0000E+00
 ELAPSED TIME=          1.71 s  REMAINING TIME=          2.88 s
 NC=    9100 T= 1.8855E-02 DT= 2.0720E-06 ERR= -0.0% DM/M= 0.0000E+00
 ELAPSED TIME=          1.73 s  REMAINING TIME=          2.86 s
 NC=    9200 T= 1.9062E-02 DT= 2.0720E-06 ERR= -0.0% DM/M= 0.0000E+00
 ELAPSED TIME=          1.75 s  REMAINING TIME=          2.85 s
 NC=    9300 T= 1.9269E-02 DT= 2.0720E-06 ERR= -0.0% DM/M= 0.0000E+00
 ELAPSED TIME=          1.77 s  REMAINING TIME=          2.83 s
 NC=    9400 T= 1.9477E-02 DT= 2.0720E-06 ERR= -0.0% DM/M= 0.0000E+00
 ELAPSED TIME=          1.79 s  REMAINING TIME=          2.81 s
 NC=    9500 T= 1.9684E-02 DT= 2.0720E-06 ERR= -0.0% DM/M= 0.0000E+00
 ELAPSED TIME=          1.81 s  REMAINING TIME=          2.79 s
 NC=    9600 T= 1.9891E-02 DT= 2.0720E-06 ERR= -0.0% DM/M= 0.0000E+00
 ELAPSED TIME=          1.83 s  REMAINING TIME=          2.78 s
 NC=    9700 T= 2.0098E-02 DT= 2.0720E-06 ERR= -0.0% DM/M= 0.0000E+00
 ELAPSED TIME=          1.85 s  REMAINING TIME=          2.76 s
 NC=    9800 T= 2.0305E-02 DT= 2.0720E-06 ERR= -0.0% DM/M= 0.0000E+00
 ELAPSED TIME=          1.87 s  REMAINING TIME=          2.74 s
 NC=    9900 T= 2.0513E-02 DT= 2.0720E-06 ERR= -0.0% DM/M= 0.0000E+00
 ELAPSED TIME=          1.89 s  REMAINING TIME=          2.72 s
 NC=   10000 T= 2.0720E-02 DT= 2.0720E-06 ERR= -0.0% DM/M= 0.0000E+00
 ELAPSED TIME=          1.91 s  REMAINING TIME=          2.70 s
 NC=   10100 T= 2.0927E-02 DT= 2.0720E-06 ERR= -0.0% DM/M= 0.0000E+00
 ELAPSED TIME=          1.93 s  REMAINING TIME=          2.69 s
 NC=   10200 T= 2.1134E-02 DT= 2.0720E-06 ERR= -0.0% DM/M= 0.0000E+00
 ELAPSED TIME=          1.95 s  REMAINING TIME=          2.67 s
 NC=   10300 T= 2.1341E-02 DT= 2.0720E-06 ERR= -0.0% DM/M= 0.0000E+00
 ELAPSED TIME=          1.97 s  REMAINING TIME=          2.65 s
 NC=   10400 T= 2.1549E-02 DT= 2.0720E-06 ERR= -0.0% DM/M= 0.0000E+00
 ELAPSED TIME=          1.99 s  REMAINING TIME=          2.63 s
 NC=   10500 T= 2.1756E-02 DT= 2.0720E-06 ERR= -0.0% DM/M= 0.0000E+00
 ELAPSED TIME=          2.01 s  REMAINING TIME=          2.61 s
 NC=   10600 T= 2.1963E-02 DT= 2.0720E-06 ERR= -0.0% DM/M= 0.0000E+00
 ELAPSED TIME=          2.03 s  REMAINING TIME=          2.59 s
 NC=   10700 T= 2.2170E-02 DT= 2.0720E-06 ERR= -0.0% DM/M= 0.0000E+00
 ELAPSED TIME=          2.05 s  REMAINING TIME=          2.57 s
 NC=   10800 T= 2.2377E-02 DT= 2.0720E-06 ERR= -0.0% DM/M= 0.0000E+00
 ELAPSED TIME=          2.06 s  REMAINING TIME=          2.55 s
 NC=   10900 T= 2.2585E-02 DT= 2.0720E-06 ERR= -0.0% DM/M= 0.0000E+00
 ELAPSED TIME=          2.08 s  REMAINING TIME=          2.53 s
 NC=   11000 T= 2.2792E-02 DT= 2.0720E-06 ERR= -0.0% DM/M= 0.0000E+00
 ELAPSED TIME=          2.10 s  REMAINING TIME=          2.51 s
 NC=   11100 T= 2.2999E-02 DT= 2.0720E-06 ERR= -0.0% DM/M= 0.0000E+00
 ELAPSED TIME=          2.12 s  REMAINING TIME=          2.49 s
 NC=   11200 T= 2.3206E-02 DT= 2.0720E-06 ERR= -0.0% DM/M= 0.0000E+00
 ELAPSED TIME=          2.14 s  REMAINING TIME=          2.47 s
 NC=   11300 T= 2.3413E-02 DT= 2.0720E-06 ERR= -0.0% DM/M= 0.0000E+00
 ELAPSED TIME=          2.16 s  REMAINING TIME=          2.45 s
 NC=   11400 T= 2.3621E-02 DT= 2.0720E-06 ERR= -0.0% DM/M= 0.0000E+00
 ELAPSED TIME=          2.18 s  REMAINING TIME=          2.43 s
 NC=   11500 T= 2.3828E-02 DT= 2.0720E-06 ERR= -0.0% DM/M= 0.0000E+00
 ELAPSED TIME=          2.20 s  REMAINING TIME=          2.41 s
 NC=   11600 T= 2.4035E-02 DT= 2.0720E-06 ERR= -0.0% DM/M= 0.0000E+00
 ELAPSED TIME=          2.21 s  REMAINING TIME=          2.39 s
 NC=   11700 T= 2.4242E-02 DT= 2.0720E-06 ERR= -0.0% DM/M= 0.0000E+00
 ELAPSED TIME=          2.23 s  REMAINING TIME=          2.37 s
 NC=   11800 T= 2.4449E-02 DT= 2.0720E-06 ERR= -0.0% DM/M= 0.0000E+00
 ELAPSED TIME=          2.25 s  REMAINING TIME=          2.35 s
 NC=   11900 T= 2.4657E-02 DT= 2.0720E-06 ERR= -0.0% DM/M= 0.0000E+00
 ELAPSED TIME=          2.27 s  REMAINING TIME=          2.34 s
 NC=   12000 T= 2.4864E-02 DT= 2.0720E-06 ERR= -0.0% DM/M= 0.0000E+00
 ELAPSED TIME=          2.29 s  REMAINING TIME=          2.32 s
     ANIMATION FILE: A24_CONNECTED_FREE_TRANSLATION_S100A002 WRITTEN
 NC=   12100 T= 2.5071E-02 DT= 2.0720E-06 ERR= -0.0% DM/M= 0.0000E+00
 ELAPSED TIME=          2.31 s  REMAINING TIME=          2.30 s
 NC=   12200 T= 2.5278E-02 DT= 2.0720E-06 ERR= -0.0% DM/M= 0.0000E+00
 ELAPSED TIME=          2.33 s  REMAINING TIME=          2.28 s
 NC=   12300 T= 2.5485E-02 DT= 2.0720E-06 ERR= -0.0% DM/M= 0.0000E+00
 ELAPSED TIME=          2.35 s  REMAINING TIME=          2.26 s
 NC=   12400 T= 2.5693E-02 DT= 2.0720E-06 ERR= -0.0% DM/M= 0.0000E+00
 ELAPSED TIME=          2.37 s  REMAINING TIME=          2.24 s
 NC=   12500 T= 2.5900E-02 DT= 2.0720E-06 ERR= -0.0% DM/M= 0.0000E+00
 ELAPSED TIME=          2.39 s  REMAINING TIME=          2.22 s
 NC=   12600 T= 2.6107E-02 DT= 2.0720E-06 ERR= -0.0% DM/M= 0.0000E+00
 ELAPSED TIME=          2.41 s  REMAINING TIME=          2.20 s
 NC=   12700 T= 2.6314E-02 DT= 2.0720E-06 ERR= -0.0% DM/M= 0.0000E+00
 ELAPSED TIME=          2.42 s  REMAINING TIME=          2.18 s
 NC=   12800 T= 2.6521E-02 DT= 2.0720E-06 ERR= -0.0% DM/M= 0.0000E+00
 ELAPSED TIME=          2.44 s  REMAINING TIME=          2.16 s
 NC=   12900 T= 2.6729E-02 DT= 2.0720E-06 ERR= -0.0% DM/M= 0.0000E+00
 ELAPSED TIME=          2.46 s  REMAINING TIME=          2.14 s
 NC=   13000 T= 2.6936E-02 DT= 2.0720E-06 ERR= -0.0% DM/M= 0.0000E+00
 ELAPSED TIME=          2.48 s  REMAINING TIME=          2.12 s
 NC=   13100 T= 2.7143E-02 DT= 2.0720E-06 ERR= -0.0% DM/M= 0.0000E+00
 ELAPSED TIME=          2.50 s  REMAINING TIME=          2.11 s
 NC=   13200 T= 2.7350E-02 DT= 2.0720E-06 ERR= -0.0% DM/M= 0.0000E+00
 ELAPSED TIME=          2.52 s  REMAINING TIME=          2.09 s
 NC=   13300 T= 2.7557E-02 DT= 2.0720E-06 ERR= -0.0% DM/M= 0.0000E+00
 ELAPSED TIME=          2.54 s  REMAINING TIME=          2.07 s
 NC=   13400 T= 2.7765E-02 DT= 2.0720E-06 ERR= -0.0% DM/M= 0.0000E+00
 ELAPSED TIME=          2.56 s  REMAINING TIME=          2.05 s
 NC=   13500 T= 2.7972E-02 DT= 2.0720E-06 ERR= -0.0% DM/M= 0.0000E+00
 ELAPSED TIME=          2.58 s  REMAINING TIME=          2.03 s
 NC=   13600 T= 2.8179E-02 DT= 2.0720E-06 ERR= -0.0% DM/M= 0.0000E+00
 ELAPSED TIME=          2.59 s  REMAINING TIME=          2.01 s
 NC=   13700 T= 2.8386E-02 DT= 2.0720E-06 ERR= -0.0% DM/M= 0.0000E+00
 ELAPSED TIME=          2.61 s  REMAINING TIME=          1.99 s
 NC=   13800 T= 2.8593E-02 DT= 2.0720E-06 ERR= -0.0% DM/M= 0.0000E+00
 ELAPSED TIME=          2.63 s  REMAINING TIME=          1.97 s
 NC=   13900 T= 2.8801E-02 DT= 2.0720E-06 ERR= -0.0% DM/M= 0.0000E+00
 ELAPSED TIME=          2.65 s  REMAINING TIME=          1.95 s
 NC=   14000 T= 2.9008E-02 DT= 2.0720E-06 ERR= -0.0% DM/M= 0.0000E+00
 ELAPSED TIME=          2.67 s  REMAINING TIME=          1.93 s
 NC=   14100 T= 2.9215E-02 DT= 2.0720E-06 ERR= -0.0% DM/M= 0.0000E+00
 ELAPSED TIME=          2.69 s  REMAINING TIME=          1.91 s
 NC=   14200 T= 2.9422E-02 DT= 2.0720E-06 ERR= -0.0% DM/M= 0.0000E+00
 ELAPSED TIME=          2.71 s  REMAINING TIME=          1.90 s
 NC=   14300 T= 2.9629E-02 DT= 2.0720E-06 ERR= -0.0% DM/M= 0.0000E+00
 ELAPSED TIME=          2.73 s  REMAINING TIME=          1.88 s
 NC=   14400 T= 2.9837E-02 DT= 2.0720E-06 ERR= -0.0% DM/M= 0.0000E+00
 ELAPSED TIME=          2.75 s  REMAINING TIME=          1.86 s
 NC=   14500 T= 3.0044E-02 DT= 2.0720E-06 ERR= -0.0% DM/M= 0.0000E+00
 ELAPSED TIME=          2.77 s  REMAINING TIME=          1.84 s
 NC=   14600 T= 3.0251E-02 DT= 2.0720E-06 ERR= -0.0% DM/M= 0.0000E+00
 ELAPSED TIME=          2.79 s  REMAINING TIME=          1.82 s
 NC=   14700 T= 3.0458E-02 DT= 2.0720E-06 ERR= -0.0% DM/M= 0.0000E+00
 ELAPSED TIME=          2.81 s  REMAINING TIME=          1.80 s
 NC=   14800 T= 3.0665E-02 DT= 2.0720E-06 ERR= -0.0% DM/M= 0.0000E+00
 ELAPSED TIME=          2.83 s  REMAINING TIME=          1.78 s
 NC=   14900 T= 3.0873E-02 DT= 2.0720E-06 ERR= -0.0% DM/M= 0.0000E+00
 ELAPSED TIME=          2.85 s  REMAINING TIME=          1.76 s
 NC=   15000 T= 3.1080E-02 DT= 2.0720E-06 ERR= -0.0% DM/M= 0.0000E+00
 ELAPSED TIME=          2.87 s  REMAINING TIME=          1.74 s
 NC=   15100 T= 3.1287E-02 DT= 2.0720E-06 ERR= -0.0% DM/M= 0.0000E+00
 ELAPSED TIME=          2.89 s  REMAINING TIME=          1.73 s
 NC=   15200 T= 3.1494E-02 DT= 2.0720E-06 ERR= -0.0% DM/M= 0.0000E+00
 ELAPSED TIME=          2.90 s  REMAINING TIME=          1.71 s
 NC=   15300 T= 3.1701E-02 DT= 2.0720E-06 ERR= -0.0% DM/M= 0.0000E+00
 ELAPSED TIME=          2.92 s  REMAINING TIME=          1.69 s
 NC=   15400 T= 3.1909E-02 DT= 2.0720E-06 ERR= -0.0% DM/M= 0.0000E+00
 ELAPSED TIME=          2.94 s  REMAINING TIME=          1.67 s
 NC=   15500 T= 3.2116E-02 DT= 2.0720E-06 ERR= -0.0% DM/M= 0.0000E+00
 ELAPSED TIME=          2.96 s  REMAINING TIME=          1.65 s
 NC=   15600 T= 3.2323E-02 DT= 2.0720E-06 ERR= -0.0% DM/M= 0.0000E+00
 ELAPSED TIME=          2.98 s  REMAINING TIME=          1.63 s
 NC=   15700 T= 3.2530E-02 DT= 2.0720E-06 ERR= -0.0% DM/M= 0.0000E+00
 ELAPSED TIME=          3.00 s  REMAINING TIME=          1.61 s
 NC=   15800 T= 3.2737E-02 DT= 2.0720E-06 ERR= -0.0% DM/M= 0.0000E+00
 ELAPSED TIME=          3.01 s  REMAINING TIME=          1.59 s
 NC=   15900 T= 3.2945E-02 DT= 2.0720E-06 ERR= -0.0% DM/M= 0.0000E+00
 ELAPSED TIME=          3.03 s  REMAINING TIME=          1.57 s
 NC=   16000 T= 3.3152E-02 DT= 2.0720E-06 ERR= -0.0% DM/M= 0.0000E+00
 ELAPSED TIME=          3.05 s  REMAINING TIME=          1.55 s
 NC=   16100 T= 3.3359E-02 DT= 2.0720E-06 ERR= -0.0% DM/M= 0.0000E+00
 ELAPSED TIME=          3.07 s  REMAINING TIME=          1.53 s
 NC=   16200 T= 3.3566E-02 DT= 2.0720E-06 ERR= -0.0% DM/M= 0.0000E+00
 ELAPSED TIME=          3.09 s  REMAINING TIME=          1.51 s
 NC=   16300 T= 3.3773E-02 DT= 2.0720E-06 ERR= -0.0% DM/M= 0.0000E+00
 ELAPSED TIME=          3.11 s  REMAINING TIME=          1.49 s
 NC=   16400 T= 3.3981E-02 DT= 2.0720E-06 ERR= -0.0% DM/M= 0.0000E+00
 ELAPSED TIME=          3.13 s  REMAINING TIME=          1.47 s
 NC=   16500 T= 3.4188E-02 DT= 2.0720E-06 ERR= -0.0% DM/M= 0.0000E+00
 ELAPSED TIME=          3.15 s  REMAINING TIME=          1.45 s
 NC=   16600 T= 3.4395E-02 DT= 2.0720E-06 ERR= -0.0% DM/M= 0.0000E+00
 ELAPSED TIME=          3.16 s  REMAINING TIME=          1.44 s
 NC=   16700 T= 3.4602E-02 DT= 2.0720E-06 ERR= -0.0% DM/M= 0.0000E+00
 ELAPSED TIME=          3.18 s  REMAINING TIME=          1.42 s
 NC=   16800 T= 3.4809E-02 DT= 2.0720E-06 ERR= -0.0% DM/M= 0.0000E+00
 ELAPSED TIME=          3.20 s  REMAINING TIME=          1.40 s
 NC=   16900 T= 3.5017E-02 DT= 2.0720E-06 ERR= -0.0% DM/M= 0.0000E+00
 ELAPSED TIME=          3.22 s  REMAINING TIME=          1.38 s
 NC=   17000 T= 3.5224E-02 DT= 2.0720E-06 ERR= -0.0% DM/M= 0.0000E+00
 ELAPSED TIME=          3.24 s  REMAINING TIME=          1.36 s
 NC=   17100 T= 3.5431E-02 DT= 2.0720E-06 ERR= -0.0% DM/M= 0.0000E+00
 ELAPSED TIME=          3.26 s  REMAINING TIME=          1.34 s
 NC=   17200 T= 3.5638E-02 DT= 2.0720E-06 ERR= -0.0% DM/M= 0.0000E+00
 ELAPSED TIME=          3.28 s  REMAINING TIME=          1.32 s
 NC=   17300 T= 3.5845E-02 DT= 2.0720E-06 ERR= -0.0% DM/M= 0.0000E+00
 ELAPSED TIME=          3.29 s  REMAINING TIME=          1.30 s
 NC=   17400 T= 3.6053E-02 DT= 2.0720E-06 ERR= -0.0% DM/M= 0.0000E+00
 ELAPSED TIME=          3.31 s  REMAINING TIME=          1.28 s
 NC=   17500 T= 3.6260E-02 DT= 2.0720E-06 ERR= -0.0% DM/M= 0.0000E+00
 ELAPSED TIME=          3.33 s  REMAINING TIME=          1.26 s
 NC=   17600 T= 3.6467E-02 DT= 2.0720E-06 ERR= -0.0% DM/M= 0.0000E+00
 ELAPSED TIME=          3.35 s  REMAINING TIME=          1.24 s
 NC=   17700 T= 3.6674E-02 DT= 2.0720E-06 ERR= -0.0% DM/M= 0.0000E+00
 ELAPSED TIME=          3.37 s  REMAINING TIME=          1.22 s
 NC=   17800 T= 3.6881E-02 DT= 2.0720E-06 ERR= -0.0% DM/M= 0.0000E+00
 ELAPSED TIME=          3.39 s  REMAINING TIME=          1.20 s
 NC=   17900 T= 3.7089E-02 DT= 2.0720E-06 ERR= -0.0% DM/M= 0.0000E+00
 ELAPSED TIME=          3.41 s  REMAINING TIME=          1.19 s
 NC=   18000 T= 3.7296E-02 DT= 2.0720E-06 ERR= -0.0% DM/M= 0.0000E+00
 ELAPSED TIME=          3.42 s  REMAINING TIME=          1.17 s
 NC=   18100 T= 3.7503E-02 DT= 2.0720E-06 ERR= -0.0% DM/M= 0.0000E+00
 ELAPSED TIME=          3.44 s  REMAINING TIME=          1.15 s
 NC=   18200 T= 3.7710E-02 DT= 2.0720E-06 ERR= -0.0% DM/M= 0.0000E+00
 ELAPSED TIME=          3.46 s  REMAINING TIME=          1.13 s
 NC=   18300 T= 3.7917E-02 DT= 2.0720E-06 ERR= -0.0% DM/M= 0.0000E+00
 ELAPSED TIME=          3.48 s  REMAINING TIME=          1.11 s
 NC=   18400 T= 3.8125E-02 DT= 2.0720E-06 ERR= -0.0% DM/M= 0.0000E+00
 ELAPSED TIME=          3.50 s  REMAINING TIME=          1.09 s
 NC=   18500 T= 3.8332E-02 DT= 2.0720E-06 ERR= -0.0% DM/M= 0.0000E+00
 ELAPSED TIME=          3.52 s  REMAINING TIME=          1.07 s
 NC=   18600 T= 3.8539E-02 DT= 2.0720E-06 ERR= -0.0% DM/M= 0.0000E+00
 ELAPSED TIME=          3.53 s  REMAINING TIME=          1.05 s
 NC=   18700 T= 3.8746E-02 DT= 2.0720E-06 ERR= -0.0% DM/M= 0.0000E+00
 ELAPSED TIME=          3.55 s  REMAINING TIME=          1.03 s
 NC=   18800 T= 3.8953E-02 DT= 2.0720E-06 ERR= -0.0% DM/M= 0.0000E+00
 ELAPSED TIME=          3.57 s  REMAINING TIME=          1.01 s
 NC=   18900 T= 3.9161E-02 DT= 2.0720E-06 ERR= -0.0% DM/M= 0.0000E+00
 ELAPSED TIME=          3.59 s  REMAINING TIME=          0.99 s
 NC=   19000 T= 3.9368E-02 DT= 2.0720E-06 ERR= -0.0% DM/M= 0.0000E+00
 ELAPSED TIME=          3.61 s  REMAINING TIME=          0.98 s
 NC=   19100 T= 3.9575E-02 DT= 2.0720E-06 ERR= -0.0% DM/M= 0.0000E+00
 ELAPSED TIME=          3.63 s  REMAINING TIME=          0.96 s
 NC=   19200 T= 3.9782E-02 DT= 2.0720E-06 ERR= -0.0% DM/M= 0.0000E+00
 ELAPSED TIME=          3.65 s  REMAINING TIME=          0.94 s
 NC=   19300 T= 3.9989E-02 DT= 2.0720E-06 ERR= -0.0% DM/M= 0.0000E+00
 ELAPSED TIME=          3.67 s  REMAINING TIME=          0.92 s
 NC=   19400 T= 4.0197E-02 DT= 2.0720E-06 ERR=  0.0% DM/M= 0.0000E+00
 ELAPSED TIME=          3.68 s  REMAINING TIME=          0.90 s
 NC=   19500 T= 4.0404E-02 DT= 2.0720E-06 ERR=  0.0% DM/M= 0.0000E+00
 ELAPSED TIME=          3.70 s  REMAINING TIME=          0.88 s
 NC=   19600 T= 4.0611E-02 DT= 2.0720E-06 ERR=  0.0% DM/M= 0.0000E+00
 ELAPSED TIME=          3.72 s  REMAINING TIME=          0.86 s
 NC=   19700 T= 4.0818E-02 DT= 2.0720E-06 ERR=  0.0% DM/M= 0.0000E+00
 ELAPSED TIME=          3.74 s  REMAINING TIME=          0.84 s
 NC=   19800 T= 4.1025E-02 DT= 2.0720E-06 ERR=  0.0% DM/M= 0.0000E+00
 ELAPSED TIME=          3.76 s  REMAINING TIME=          0.82 s
 NC=   19900 T= 4.1233E-02 DT= 2.0720E-06 ERR=  0.0% DM/M= 0.0000E+00
 ELAPSED TIME=          3.78 s  REMAINING TIME=          0.80 s
 NC=   20000 T= 4.1440E-02 DT= 2.0720E-06 ERR=  0.0% DM/M= 0.0000E+00
 ELAPSED TIME=          3.80 s  REMAINING TIME=          0.78 s
 NC=   20100 T= 4.1647E-02 DT= 2.0720E-06 ERR=  0.0% DM/M= 0.0000E+00
 ELAPSED TIME=          3.81 s  REMAINING TIME=          0.76 s
 NC=   20200 T= 4.1854E-02 DT= 2.0720E-06 ERR=  0.0% DM/M= 0.0000E+00
 ELAPSED TIME=          3.83 s  REMAINING TIME=          0.75 s
 NC=   20300 T= 4.2061E-02 DT= 2.0720E-06 ERR=  0.0% DM/M= 0.0000E+00
 ELAPSED TIME=          3.85 s  REMAINING TIME=          0.73 s
 NC=   20400 T= 4.2269E-02 DT= 2.0720E-06 ERR=  0.0% DM/M= 0.0000E+00
 ELAPSED TIME=          3.87 s  REMAINING TIME=          0.71 s
 NC=   20500 T= 4.2476E-02 DT= 2.0720E-06 ERR=  0.0% DM/M= 0.0000E+00
 ELAPSED TIME=          3.89 s  REMAINING TIME=          0.69 s
 NC=   20600 T= 4.2683E-02 DT= 2.0720E-06 ERR=  0.0% DM/M= 0.0000E+00
 ELAPSED TIME=          3.91 s  REMAINING TIME=          0.67 s
 NC=   20700 T= 4.2890E-02 DT= 2.0720E-06 ERR=  0.0% DM/M= 0.0000E+00
 ELAPSED TIME=          3.93 s  REMAINING TIME=          0.65 s
 NC=   20800 T= 4.3097E-02 DT= 2.0720E-06 ERR=  0.0% DM/M= 0.0000E+00
 ELAPSED TIME=          3.94 s  REMAINING TIME=          0.63 s
 NC=   20900 T= 4.3305E-02 DT= 2.0720E-06 ERR=  0.0% DM/M= 0.0000E+00
 ELAPSED TIME=          3.96 s  REMAINING TIME=          0.61 s
 NC=   21000 T= 4.3512E-02 DT= 2.0720E-06 ERR=  0.0% DM/M= 0.0000E+00
 ELAPSED TIME=          3.98 s  REMAINING TIME=          0.59 s
 NC=   21100 T= 4.3719E-02 DT= 2.0720E-06 ERR=  0.0% DM/M= 0.0000E+00
 ELAPSED TIME=          4.00 s  REMAINING TIME=          0.57 s
 NC=   21200 T= 4.3926E-02 DT= 2.0720E-06 ERR=  0.0% DM/M= 0.0000E+00
 ELAPSED TIME=          4.02 s  REMAINING TIME=          0.56 s
 NC=   21300 T= 4.4133E-02 DT= 2.0720E-06 ERR=  0.0% DM/M= 0.0000E+00
 ELAPSED TIME=          4.04 s  REMAINING TIME=          0.54 s
 NC=   21400 T= 4.4340E-02 DT= 2.0720E-06 ERR=  0.0% DM/M= 0.0000E+00
 ELAPSED TIME=          4.05 s  REMAINING TIME=          0.52 s
 NC=   21500 T= 4.4548E-02 DT= 2.0720E-06 ERR=  0.0% DM/M= 0.0000E+00
 ELAPSED TIME=          4.07 s  REMAINING TIME=          0.50 s
 NC=   21600 T= 4.4755E-02 DT= 2.0720E-06 ERR=  0.0% DM/M= 0.0000E+00
 ELAPSED TIME=          4.09 s  REMAINING TIME=          0.48 s
 NC=   21700 T= 4.4962E-02 DT= 2.0720E-06 ERR=  0.0% DM/M= 0.0000E+00
 ELAPSED TIME=          4.11 s  REMAINING TIME=          0.46 s
 NC=   21800 T= 4.5169E-02 DT= 2.0720E-06 ERR=  0.0% DM/M= 0.0000E+00
 ELAPSED TIME=          4.13 s  REMAINING TIME=          0.44 s
 NC=   21900 T= 4.5376E-02 DT= 2.0720E-06 ERR=  0.0% DM/M= 0.0000E+00
 ELAPSED TIME=          4.15 s  REMAINING TIME=          0.42 s
 NC=   22000 T= 4.5584E-02 DT= 2.0720E-06 ERR=  0.0% DM/M= 0.0000E+00
 ELAPSED TIME=          4.17 s  REMAINING TIME=          0.40 s
 NC=   22100 T= 4.5791E-02 DT= 2.0720E-06 ERR=  0.0% DM/M= 0.0000E+00
 ELAPSED TIME=          4.19 s  REMAINING TIME=          0.38 s
 NC=   22200 T= 4.5998E-02 DT= 2.0720E-06 ERR=  0.0% DM/M= 0.0000E+00
 ELAPSED TIME=          4.20 s  REMAINING TIME=          0.37 s
 NC=   22300 T= 4.6205E-02 DT= 2.0720E-06 ERR=  0.0% DM/M= 0.0000E+00
 ELAPSED TIME=          4.22 s  REMAINING TIME=          0.35 s
 NC=   22400 T= 4.6412E-02 DT= 2.0720E-06 ERR=  0.0% DM/M= 0.0000E+00
 ELAPSED TIME=          4.24 s  REMAINING TIME=          0.33 s
 NC=   22500 T= 4.6620E-02 DT= 2.0720E-06 ERR=  0.0% DM/M= 0.0000E+00
 ELAPSED TIME=          4.26 s  REMAINING TIME=          0.31 s
 NC=   22600 T= 4.6827E-02 DT= 2.0720E-06 ERR=  0.0% DM/M= 0.0000E+00
 ELAPSED TIME=          4.28 s  REMAINING TIME=          0.29 s
 NC=   22700 T= 4.7034E-02 DT= 2.0720E-06 ERR=  0.0% DM/M= 0.0000E+00
 ELAPSED TIME=          4.30 s  REMAINING TIME=          0.27 s
 NC=   22800 T= 4.7241E-02 DT= 2.0720E-06 ERR=  0.0% DM/M= 0.0000E+00
 ELAPSED TIME=          4.32 s  REMAINING TIME=          0.25 s
 NC=   22900 T= 4.7448E-02 DT= 2.0720E-06 ERR=  0.0% DM/M= 0.0000E+00
 ELAPSED TIME=          4.33 s  REMAINING TIME=          0.23 s
 NC=   23000 T= 4.7656E-02 DT= 2.0720E-06 ERR=  0.0% DM/M= 0.0000E+00
 ELAPSED TIME=          4.35 s  REMAINING TIME=          0.21 s
 NC=   23100 T= 4.7863E-02 DT= 2.0720E-06 ERR=  0.0% DM/M= 0.0000E+00
 ELAPSED TIME=          4.37 s  REMAINING TIME=          0.20 s
 NC=   23200 T= 4.8070E-02 DT= 2.0720E-06 ERR=  0.0% DM/M= 0.0000E+00
 ELAPSED TIME=          4.39 s  REMAINING TIME=          0.18 s
 NC=   23300 T= 4.8277E-02 DT= 2.0720E-06 ERR=  0.0% DM/M= 0.0000E+00
 ELAPSED TIME=          4.41 s  REMAINING TIME=          0.16 s
 NC=   23400 T= 4.8484E-02 DT= 2.0720E-06 ERR=  0.0% DM/M= 0.0000E+00
 ELAPSED TIME=          4.43 s  REMAINING TIME=          0.14 s
 NC=   23500 T= 4.8692E-02 DT= 2.0720E-06 ERR=  0.0% DM/M= 0.0000E+00
 ELAPSED TIME=          4.45 s  REMAINING TIME=          0.12 s
 NC=   23600 T= 4.8899E-02 DT= 2.0720E-06 ERR=  0.0% DM/M= 0.0000E+00
 ELAPSED TIME=          4.47 s  REMAINING TIME=          0.10 s
 NC=   23700 T= 4.9106E-02 DT= 2.0720E-06 ERR=  0.0% DM/M= 0.0000E+00
 ELAPSED TIME=          4.49 s  REMAINING TIME=          0.08 s
 NC=   23800 T= 4.9313E-02 DT= 2.0720E-06 ERR=  0.0% DM/M= 0.0000E+00
 ELAPSED TIME=          4.50 s  REMAINING TIME=          0.06 s
 NC=   23900 T= 4.9520E-02 DT= 2.0720E-06 ERR=  0.0% DM/M= 0.0000E+00
 ELAPSED TIME=          4.52 s  REMAINING TIME=          0.04 s
 NC=   24000 T= 4.9728E-02 DT= 2.0720E-06 ERR=  0.0% DM/M= 0.0000E+00
 ELAPSED TIME=          4.54 s  REMAINING TIME=          0.02 s
 NC=   24100 T= 4.9935E-02 DT= 2.0720E-06 ERR=  0.0% DM/M= 0.0000E+00
 ELAPSED TIME=          4.56 s  REMAINING TIME=          0.01 s
     RESTART FILES: A24_CONNECTED_FREE_TRANSLATION_S100_0001_[0001-0001].rst WRITTEN
     ANIMATION FILE: A24_CONNECTED_FREE_TRANSLATION_S100A003 WRITTEN
  
                           ** CPU USER TIME **
  
  
                        ** SUMMARY **
  
 #PROC  CONTSORT  CONTFOR   ELEMENT   KINCOND   INTEG     IO        T0        ASM       RESOL    
   1   .3125E+00 .6250E-01 .2891E+01 .9375E-01 .6250E-01 .2031E+00 .4219E+00 .4688E-01 .4531E+01
 
                   ** CUMULATIVE CPU TIME SUMMARY **
  
 CONTACT SORTING.............: .3125E+00     6.90 % 
 CONTACT FORCES..............: .6250E-01     1.38 % 
 ELEMENT FORCES..............: .2891E+01    63.79 % 
 KINEMATIC COND..............: .9375E-01     2.07 % 
 INTEGRATION.................: .6250E-01     1.38 % 
 ASSEMBLING..................: .4688E-01     1.03 % 
 OTHERS (including I/O)......: .1062E+01    23.45 % 
 TOTAL.......................: .4531E+01   100.00 % 
  
                   ** MEMORY USAGE STATISTICS **
  
 TOTAL MEMORY USED .........................:       60 MB
 MAXIMUM MEMORY PER PROCESSOR...............:       60 MB
 MINIMUM MEMORY PER PROCESSOR...............:       60 MB
 AVERAGE MEMORY PER PROCESSOR...............:       60 MB
  
                   ** DISK USAGE STATISTICS **
  
 TOTAL DISK SPACE USED .....................:          0 MB
 ANIMATION/H3D/TH/OUTP SIZE ................:          0 MB
 RESTART FILE SIZE .........................:          0 MB
  
 ELAPSED TIME     =          4.57 s
                          0:00:04
  
     NORMAL TERMINATION      
     TOTAL NUMBER OF CYCLES  :   24133
