************************************************************************
**                                                                    **
**                                                                    **
**                         OpenRadioss Engine                         **
**                                                                    **
**            Non-linear Finite Element Analysis Software             **
**                                                                    **
**                                                                    **
**                                                                    **
**                  Windows 64 bits, Intel compiler                   **
**                      Double Precision Version                      **
**                                                                    **
**                                                                    **
**                                                                    **
************************************************************************
** OpenRadioss Software                                               **
** COPYRIGHT (C) 2026 Siemens                                         **
** Licensed under GNU Affero General Public License.                  **
** See License file.                                                  **
************************************************************************
 
 ROOT: A04_FREE_PLASTIC_N5  RESTART: 0002
 NUMBER OF HMPP PROCESSES     2
 05/10/2026
 NC=       0 T= 6.0045E-01 DT= 7.3495E-04 ERR=  0.0% DM/M= 0.0000E+00
     ANIMATION FILE: A04_FREE_PLASTIC_N5A007 WRITTEN
     RESTART FILES: A04_FREE_PLASTIC_N5_0002_[0001-0001].rst WRITTEN
  
                           ** CPU USER TIME **
  
  
                        ** SUMMARY **
  
 #PROC  ELEMENT   KINCOND   INTEG     IO        T0        ASM       RESOL    
   1   .3125E-01 .0000E+00 .0000E+00 .4375E+00 .0000E+00 .0000E+00 .4688E+00
 
                   ** CUMULATIVE CPU TIME SUMMARY **
  
 CONTACT SORTING.............: .0000E+00     0.00 % 
 CONTACT FORCES..............: .0000E+00     0.00 % 
 ELEMENT FORCES..............: .3125E-01     6.67 % 
 KINEMATIC COND..............: .0000E+00     0.00 % 
 INTEGRATION.................: .0000E+00     0.00 % 
 ASSEMBLING..................: .0000E+00     0.00 % 
 OTHERS (including I/O)......: .4375E+00    93.33 % 
 TOTAL.......................: .4688E+00   100.00 % 
  
                   ** MEMORY USAGE STATISTICS **
  
 TOTAL MEMORY USED .........................:      163 MB
 MAXIMUM MEMORY PER PROCESSOR...............:      163 MB
 MINIMUM MEMORY PER PROCESSOR...............:      163 MB
 AVERAGE MEMORY PER PROCESSOR...............:      163 MB
  
                   ** DISK USAGE STATISTICS **
  
 TOTAL DISK SPACE USED .....................:         55 MB
 ANIMATION/H3D/TH/OUTP SIZE ................:          1 MB
 RESTART FILE SIZE .........................:         53 MB
  
 ELAPSED TIME     =          0.47 s
                          0:00:00
  
     NORMAL TERMINATION      
     TOTAL NUMBER OF CYCLES  :       1
