 A21_NESTED_RBE2_Y_0001.out
************************************************************************
**                                                                    **
**                                                                    **
**                         OpenRadioss Engine                         **
**                                                                    **
**            Non-linear Finite Element Analysis Software             **
**                                                                    **
**                                                                    **
**                                                                    **
**                  Windows 64 bits, Intel compiler                   **
**                      Double Precision Version                      **
**                                                                    **
**                                                                    **
**                                                                    **
************************************************************************
** OpenRadioss Software                                               **
** COPYRIGHT (C) 2026 Siemens                                         **
** Licensed under GNU Affero General Public License.                  **
** See License file.                                                  **
************************************************************************
 
 NUMBER OF SPMD DOMAINS           1
 NUMBER OF THREADS PER DOMAIN     1
 NUMBER OF HMPP PROCESSES         1
  
 COMPUTATION HARDWARE DESCRIPTION
  
 HOSTNAME     CPU TYPE, FREQUENCY AND MEMORY
 jeux   AMD Ryzen 5 5600 6-Core Processor               (x86_64), 3700 MHz,   5550 MB RAM,  18985 MB swap
  
 STACKSIZE  . . . . . . . . . . . . . . . . . . . . 1430 MB
 THREAD STACKSIZE . . . . . . . . . . . . . . . . . 400 MB
 
************************************************************************


 A21_NESTED_RBE2_YD01                                                            


 FINAL TIME . . . . . . . . . . . . . . . . . . .   1.000000    

 TIME INTERVAL FOR TIME HISTORY PLOTS . . . . . .  0.1000000E-02

 TIME STEP SCALE FACTOR . . . . . . . . . . . . .  0.4000000    

 MINIMUM TIME STEP  . . . . . . . . . . . . . . .   0.000000    


 BRICK TIME STEP SCALE FACTOR . . . . . . . . . .  0.4000000    
 BRICK MINIMUM TIME STEP. . . . . . . . . . . . .   0.000000    
 MIN. TIME STEP FLAG (1:STOP RUN, 2:DELETE BRICK)     1

 QUAD TIME STEP SCALE FACTOR. . . . . . . . . . .  0.4000000    
 QUAD MINIMUM TIME STEP . . . . . . . . . . . . .   0.000000    
 MIN. TIME STEP FLAG (1:STOP RUN, 2:DELETE QUAD).     1

 SHELL TIME STEP SCALE FACTOR . . . . . . . . . .  0.4000000    
 SHELL MINIMUM TIME STEP. . . . . . . . . . . . .   0.000000    
 MIN. TIME FLAG (1:STOP, 2:DELETE, 3:SMALL STRAIN)    2

 TRUSS TIME STEP SCALE FACTOR . . . . . . . . . .  0.4000000    
 TRUSS MINIMUM TIME STEP. . . . . . . . . . . . .   0.000000    
 MIN. TIME FLAG (1:STOP, 2:DELETE). . . . . . . .     0

 BEAM TIME STEP SCALE FACTOR. . . . . . . . . . .  0.4000000    
 BEAM MINIMUM TIME STEP . . . . . . . . . . . . .   0.000000    
 MIN. TIME FLAG (1:STOP, 2:DELETE). . . . . . . .     0

 SPRING TIME STEP SCALE FACTOR. . . . . . . . . .  0.4000000    
 SPRING MINIMUM TIME STEP . . . . . . . . . . . .   0.000000    
 MIN. TIME FLAG (1:STOP, 2:DELETE). . . . . . . .     0

 AIRBAG TIME STEP SCALE FACTOR. . . . . . . . . .  0.4000000    
 AIRBAG MINIMUM TIME STEP . . . . . . . . . . . .   0.000000    
 MIN. TIME FLAG (1:STOP). . . . . . . . . . . . .     0

 CONTACT TIME STEP SCALE FACTOR . . . . . . . . .  0.4000000    
 CONTACT MINIMUM TIME STEP. . . . . . . . . . . .   0.000000    
 MIN. TIME FLAG(1:STOP, 2:REMOVE NODE FROM INTERF)    0

 PRINTOUT CYCLE FREQUENCY . . . . . . . . . . . .  -100

 RESTART CYCLE FREQUENCY. . . . . . . . . . . . .   10000000

 MAXIMUM RESTART WRITE BEFORE OVERWRITE . . . . .     0

 INVERS: INPUT DECK VERSION . . . . . . . . . . .  2026
 ITTYP : FLAG FOR TYPE OF T-FILE. . . . . . . . .     4

 INITIAL TIME STEP. . . . . . . . . . . . . . . .  0.2500000E-04
 MAXIMUM TIME STEP. . . . . . . . . . . . . . . .  0.2500000E-04

 PARALLEL ARITHMETIC ON
 NUMBER OF INTERFACES TO BE ELIMINATED. . . . . .        0

 NUMBER OF PARTS TO BE ELIMINATED . . . . . . . .        0

 NUMBER OF SOLID  ELEMENT BLOCKS TO BE ELIMINATED        0

 NUMBER OF QUAD   ELEMENT BLOCKS TO BE ELIMINATED        0

 NUMBER OF SHELL  ELEMENT BLOCKS TO BE ELIMINATED        0

 NUMBER OF TRUSS  ELEMENT BLOCKS TO BE ELIMINATED        0

 NUMBER OF BEAM   ELEMENT BLOCKS TO BE ELIMINATED        0

 NUMBER OF SPRING ELEMENT BLOCKS TO BE ELIMINATED        0

 NUMBER OF SH_3N  ELEMENT BLOCKS TO BE ELIMINATED        0

 NUMBER OF  SPH PARTICLES BLOCKS TO BE ELIMINATED        0

 NUMBER OF RIGID LINKS. . . . . . . . . . . . . .        0

 NUMBER OF NEW BOUNDARY CONDITIONS. . . . . . . .        0


 TIME FOR FIRST ANIMATION-FILE PLOT . . . . . . .   0.000000    
 TIME INTERVAL FOR ANIMATION-FILE PLOTS . . . . .  0.2500000E-01
 TIME TO STOP ANIMATION-FILE PLOTS. . . . . . . .  0.1000000E+21
 SENSOR FOR ANIMATION-FILE PLOTS. . . . . . . . .          0
 TIME INTERVAL FOR SENSOR ANIMATION-FILE PLOTS. .   0.000000    

 VARIABLE SAVED ON ANIMATION FILES (1: YES) :
      PLASTIC STRAIN. . . . . .     0
      DENSITY     (SOLID ONLY).     0
      SPECIFIC ENERGY . . . . .     1
      HOURGLASS ENERGY. . . . .     0
      TEMPERATURE (SOLID ONLY).     0
      THICKNESS   (SHELL ONLY).     0
      PRESSURE    (SOLID ONLY).     0
      VON MISES . . . . . . . .     0
      TURBULENT ENERGY (FLUID).     0
      TURBULENT VISCOSITY(FLUID)    0
      VORTICITY (FLUID) . . . .     0
 NODAL VALUES SAVED ON ANIMATION FILES (1: YES) :
      PRESSURE. . . . . . . . .     0
      DENSITY . . . . . . . . .     0
      TEMPERATURE . . . . . . .     0
 VECTOR SAVED ON ANIMATION FILES (1: YES) :
      VELOCITY VECTOR . . . . .     1
      DISPLACEMENT VECTOR . . .     1
      ACCELERATION VECTOR . . .     0
      CONTACT FORCES. . . . . .     0
      INTERNAL FORCES . . . . .     0
      EXTERNAL FORCES . . . . .     0
      SECTION RBY RWALL FORCES.     0
      ROTATIONAL VELOCITY VECTOR    0
      CONTACT PRESSURE (VECTORS)    0
 SHELL TENSOR SAVED ON ANIMATION FILES (1: YES) :
      MEMBRANE STRESS . . . . .     0
      BENDING STRESS(MOMENT/T^2)    0
      UPPER LAYER STRESS. . . .     0
      LOWER LAYER STRESS. . . .     0
      MEMBRANE STRAIN . . . . .     0
      CURVATURE . . . . . . . .     0
      UPPER LAYER STRAIN. . . .     0
      LOWER LAYER STRAIN. . . .     0
 NODAL MASS SAVED ON ANIMATION FILES (1: YES) :    1
 KEEP DELETED ELEMENT (1: YES) :    0


 09/10/2026
   CYCLE    TIME      TIME-STEP  ELEMENT          ERROR  I-ENERGY    K-ENERGY T  K-ENERGY R  EXT-WORK     MAS.ERR     TOTAL MASS  MASS ADDED
       0   0.000      0.2500E-04 SHELL          4   0.0%   0.000       0.000       0.000       0.000       0.000      0.9275       0.000    
     ANIMATION FILE: A21_NESTED_RBE2_YA001 WRITTEN
     100  0.2500E-02  0.2500E-04 SHELL          4 -11.6%  0.1321E-17  0.1344E-01  0.1110E-02  0.1646E-01   0.000      0.9275       0.000    
     200  0.5000E-02  0.2500E-04 SHELL          4 -11.5%  0.4192E-16  0.5347E-01  0.4548E-02  0.6556E-01   0.000      0.9275       0.000    
     300  0.7500E-02  0.2500E-04 SHELL          4 -11.4%  0.3156E-15  0.1197      0.1048E-01  0.1470       0.000      0.9275       0.000    
     400  0.1000E-01  0.2500E-04 SHELL          4 -11.3%  0.1319E-14  0.2117      0.1906E-01  0.2603       0.000      0.9275       0.000    
     500  0.1250E-01  0.2500E-04 SHELL          4 -11.2%  0.3991E-14  0.3292      0.3044E-01  0.4052       0.000      0.9275       0.000    
     600  0.1500E-01  0.2500E-04 SHELL          4 -11.2%  0.9846E-14  0.4716      0.4477E-01  0.5813       0.000      0.9275       0.000    
     700  0.1750E-01  0.2500E-04 SHELL          4 -11.1%  0.2110E-13  0.6387      0.6220E-01  0.7882       0.000      0.9275       0.000    
     800  0.2000E-01  0.2500E-04 SHELL          4 -11.0%  0.4079E-13  0.8299      0.8288E-01   1.026       0.000      0.9275       0.000    
     900  0.2250E-01  0.2500E-04 SHELL          4 -10.9%  0.7289E-13   1.045      0.1069       1.293       0.000      0.9275       0.000    
    1000  0.2500E-01  0.2500E-04 SHELL          4 -10.8%  0.1224E-12   1.284      0.1345       1.590       0.000      0.9275       0.000    
     ANIMATION FILE: A21_NESTED_RBE2_YA002 WRITTEN
    1100  0.2750E-01  0.2500E-04 SHELL          4 -10.8%  0.1954E-12   1.545      0.1657       1.917       0.000      0.9275       0.000    
    1200  0.3000E-01  0.2500E-04 SHELL          4 -10.7%  0.2994E-12   1.829      0.2007       2.273       0.000      0.9275       0.000    
    1300  0.3250E-01  0.2500E-04 SHELL          4 -10.6%  0.4429E-12   2.136      0.2397       2.657       0.000      0.9275       0.000    
    1400  0.3500E-01  0.2500E-04 SHELL          4 -10.5%  0.6361E-12   2.464      0.2826       3.069       0.000      0.9275       0.000    
    1500  0.3750E-01  0.2500E-04 SHELL          4 -10.4%  0.8905E-12   2.814      0.3297       3.510       0.000      0.9275       0.000    
    1600  0.4000E-01  0.2500E-04 SHELL          4 -10.3%  0.1219E-11   3.186      0.3810       3.978       0.000      0.9275       0.000    
    1700  0.4250E-01  0.2500E-04 SHELL          4 -10.3%  0.1637E-11   3.578      0.4367       4.473       0.000      0.9275       0.000    
    1800  0.4500E-01  0.2500E-04 SHELL          4 -10.2%  0.2159E-11   3.990      0.4969       4.995       0.000      0.9275       0.000    
    1900  0.4750E-01  0.2500E-04 SHELL          4 -10.1%  0.2805E-11   4.422      0.5616       5.544       0.000      0.9275       0.000    
    2000  0.5000E-01  0.2500E-04 SHELL          4 -10.0%  0.3594E-11   4.874      0.6311       6.118       0.000      0.9275       0.000    
     ANIMATION FILE: A21_NESTED_RBE2_YA003 WRITTEN
    2100  0.5250E-01  0.2500E-04 SHELL          4  -9.9%  0.4548E-11   5.346      0.7053       6.718       0.000      0.9275       0.000    
    2200  0.5500E-01  0.2500E-04 SHELL          4  -9.8%  0.5689E-11   5.836      0.7844       7.344       0.000      0.9275       0.000    
    2300  0.5750E-01  0.2500E-04 SHELL          4  -9.8%  0.7043E-11   6.345      0.8684       7.994       0.000      0.9275       0.000    
    2400  0.6000E-01  0.2500E-04 SHELL          4  -9.7%  0.8637E-11   6.872      0.9575       8.669       0.000      0.9275       0.000    
    2500  0.6250E-01  0.2500E-04 SHELL          4  -9.6%  0.1050E-10   7.417       1.052       9.369       0.000      0.9275       0.000    
    2600  0.6500E-01  0.2500E-04 SHELL          4  -9.5%  0.1266E-10   7.980       1.151       10.09       0.000      0.9275       0.000    
    2700  0.6750E-01  0.2500E-04 SHELL          4  -9.4%  0.1516E-10   8.559       1.256       10.84       0.000      0.9275       0.000    
    2800  0.7000E-01  0.2500E-04 SHELL          4  -9.4%  0.1803E-10   9.156       1.366       11.61       0.000      0.9275       0.000    
    2900  0.7250E-01  0.2500E-04 SHELL          4  -9.3%  0.2129E-10   9.769       1.482       12.40       0.000      0.9275       0.000    
    3000  0.7500E-01  0.2500E-04 SHELL          4  -9.2%  0.2501E-10   10.40       1.603       13.22       0.000      0.9275       0.000    
     ANIMATION FILE: A21_NESTED_RBE2_YA004 WRITTEN
    3100  0.7750E-01  0.2500E-04 SHELL          4  -9.1%  0.2920E-10   11.04       1.729       14.05       0.000      0.9275       0.000    
    3200  0.8000E-01  0.2500E-04 SHELL          4  -9.0%  0.3392E-10   11.70       1.862       14.91       0.000      0.9275       0.000    
    3300  0.8250E-01  0.2500E-04 SHELL          4  -8.9%  0.3922E-10   12.38       2.000       15.79       0.000      0.9275       0.000    
    3400  0.8500E-01  0.2500E-04 SHELL          4  -8.9%  0.4513E-10   13.07       2.143       16.69       0.000      0.9275       0.000    
    3500  0.8750E-01  0.2500E-04 SHELL          4  -8.8%  0.5170E-10   13.77       2.293       17.61       0.000      0.9275       0.000    
    3600  0.9000E-01  0.2500E-04 SHELL          4  -8.7%  0.5899E-10   14.49       2.448       18.55       0.000      0.9275       0.000    
    3700  0.9250E-01  0.2500E-04 SHELL          4  -8.6%  0.6705E-10   15.22       2.609       19.52       0.000      0.9275       0.000    
    3800  0.9500E-01  0.2500E-04 SHELL          4  -8.5%  0.7593E-10   15.97       2.777       20.50       0.000      0.9275       0.000    
    3900  0.9750E-01  0.2500E-04 SHELL          4  -8.5%  0.8569E-10   16.73       2.950       21.50       0.000      0.9275       0.000    
    4000  0.1000      0.2500E-04 SHELL          4  -8.4%  0.9638E-10   17.50       3.129       22.51       0.000      0.9275       0.000    
     ANIMATION FILE: A21_NESTED_RBE2_YA005 WRITTEN
    4100  0.1025      0.2500E-04 SHELL          4  -8.3%  0.1081E-09   18.28       3.314       23.55       0.000      0.9275       0.000    
    4200  0.1050      0.2500E-04 SHELL          4  -8.2%  0.1208E-09   19.08       3.506       24.61       0.000      0.9275       0.000    
    4300  0.1075      0.2500E-04 SHELL          4  -8.1%  0.1347E-09   19.89       3.703       25.68       0.000      0.9275       0.000    
    4400  0.1100      0.2500E-04 SHELL          4  -8.1%  0.1497E-09   20.71       3.907       26.77       0.000      0.9275       0.000    
    4500  0.1125      0.2500E-04 SHELL          4  -8.0%  0.1660E-09   21.54       4.116       27.87       0.000      0.9275       0.000    
    4600  0.1150      0.2500E-04 SHELL          4  -7.9%  0.1836E-09   22.38       4.332       29.00       0.000      0.9275       0.000    
    4700  0.1175      0.2500E-04 SHELL          4  -7.8%  0.2026E-09   23.23       4.555       30.14       0.000      0.9275       0.000    
    4800  0.1200      0.2500E-04 SHELL          4  -7.7%  0.2230E-09   24.09       4.783       31.29       0.000      0.9275       0.000    
    4900  0.1225      0.2500E-04 SHELL          4  -7.6%  0.2450E-09   24.96       5.018       32.46       0.000      0.9275       0.000    
    5000  0.1250      0.2500E-04 SHELL          4  -7.6%  0.2685E-09   25.84       5.259       33.65       0.000      0.9275       0.000    
     ANIMATION FILE: A21_NESTED_RBE2_YA006 WRITTEN
    5100  0.1275      0.2500E-04 SHELL          4  -7.5%  0.2938E-09   26.74       5.506       34.85       0.000      0.9275       0.000    
    5200  0.1300      0.2500E-04 SHELL          4  -7.4%  0.3207E-09   27.63       5.759       36.06       0.000      0.9275       0.000    
    5300  0.1325      0.2500E-04 SHELL          4  -7.3%  0.3495E-09   28.54       6.019       37.29       0.000      0.9275       0.000    
    5400  0.1350      0.2500E-04 SHELL          4  -7.2%  0.3802E-09   29.46       6.285       38.53       0.000      0.9275       0.000    
    5500  0.1375      0.2500E-04 SHELL          4  -7.1%  0.4129E-09   30.38       6.557       39.79       0.000      0.9275       0.000    
    5600  0.1400      0.2500E-04 SHELL          4  -7.1%  0.4477E-09   31.32       6.836       41.05       0.000      0.9275       0.000    
    5700  0.1425      0.2500E-04 SHELL          4  -7.0%  0.4846E-09   32.26       7.121       42.33       0.000      0.9275       0.000    
    5800  0.1450      0.2500E-04 SHELL          4  -6.9%  0.5237E-09   33.20       7.412       43.63       0.000      0.9275       0.000    
    5900  0.1475      0.2500E-04 SHELL          4  -6.8%  0.5651E-09   34.16       7.709       44.93       0.000      0.9275       0.000    
    6000  0.1500      0.2500E-04 SHELL          4  -6.7%  0.6089E-09   35.12       8.012       46.25       0.000      0.9275       0.000    
     ANIMATION FILE: A21_NESTED_RBE2_YA007 WRITTEN
    6100  0.1525      0.2500E-04 SHELL          4  -6.7%  0.6552E-09   36.09       8.322       47.57       0.000      0.9275       0.000    
    6200  0.1550      0.2500E-04 SHELL          4  -6.6%  0.7040E-09   37.06       8.638       48.91       0.000      0.9275       0.000    
    6300  0.1575      0.2500E-04 SHELL          4  -6.5%  0.7555E-09   38.04       8.960       50.26       0.000      0.9275       0.000    
    6400  0.1600      0.2500E-04 SHELL          4  -6.4%  0.8097E-09   39.02       9.288       51.62       0.000      0.9275       0.000    
    6500  0.1625      0.2500E-04 SHELL          4  -6.3%  0.8667E-09   40.01       9.622       52.99       0.000      0.9275       0.000    
    6600  0.1650      0.2500E-04 SHELL          4  -6.2%  0.9266E-09   41.01       9.963       54.36       0.000      0.9275       0.000    
    6700  0.1675      0.2500E-04 SHELL          4  -6.2%  0.9895E-09   42.01       10.31       55.75       0.000      0.9275       0.000    
    6800  0.1700      0.2500E-04 SHELL          4  -6.1%  0.1055E-08   43.01       10.66       57.14       0.000      0.9275       0.000    
    6900  0.1725      0.2500E-04 SHELL          4  -6.0%  0.1125E-08   44.02       11.02       58.55       0.000      0.9275       0.000    
    7000  0.1750      0.2500E-04 SHELL          4  -5.9%  0.1197E-08   45.03       11.38       59.96       0.000      0.9275       0.000    
     ANIMATION FILE: A21_NESTED_RBE2_YA008 WRITTEN
    7100  0.1775      0.2500E-04 SHELL          4  -5.8%  0.1273E-08   46.05       11.75       61.38       0.000      0.9275       0.000    
    7200  0.1800      0.2500E-04 SHELL          4  -5.7%  0.1352E-08   47.07       12.13       62.80       0.000      0.9275       0.000    
    7300  0.1825      0.2500E-04 SHELL          4  -5.7%  0.1434E-08   48.09       12.51       64.23       0.000      0.9275       0.000    
    7400  0.1850      0.2500E-04 SHELL          4  -5.6%  0.1521E-08   49.11       12.90       65.67       0.000      0.9275       0.000    
    7500  0.1875      0.2500E-04 SHELL          4  -5.5%  0.1611E-08   50.14       13.29       67.12       0.000      0.9275       0.000    
    7600  0.1900      0.2500E-04 SHELL          4  -5.4%  0.1704E-08   51.17       13.69       68.57       0.000      0.9275       0.000    
    7700  0.1925      0.2500E-04 SHELL          4  -5.3%  0.1802E-08   52.20       14.10       70.02       0.000      0.9275       0.000    
    7800  0.1950      0.2500E-04 SHELL          4  -5.2%  0.1903E-08   53.23       14.51       71.48       0.000      0.9275       0.000    
    7900  0.1975      0.2500E-04 SHELL          4  -5.1%  0.2009E-08   54.27       14.93       72.95       0.000      0.9275       0.000    
    8000  0.2000      0.2500E-04 SHELL          4  -5.1%  0.2118E-08   55.31       15.35       74.42       0.000      0.9275       0.000    
     ANIMATION FILE: A21_NESTED_RBE2_YA009 WRITTEN
    8100  0.2025      0.2500E-04 SHELL          4  -5.0%  0.2232E-08   56.34       15.77       75.90       0.000      0.9275       0.000    
    8200  0.2050      0.2500E-04 SHELL          4  -4.9%  0.2350E-08   57.38       16.21       77.37       0.000      0.9275       0.000    
    8300  0.2075      0.2500E-04 SHELL          4  -4.8%  0.2472E-08   58.42       16.64       78.86       0.000      0.9275       0.000    
    8400  0.2100      0.2500E-04 SHELL          4  -4.7%  0.2599E-08   59.46       17.09       80.34       0.000      0.9275       0.000    
    8500  0.2125      0.2500E-04 SHELL          4  -4.6%  0.2731E-08   60.50       17.53       81.83       0.000      0.9275       0.000    
    8600  0.2150      0.2500E-04 SHELL          4  -4.6%  0.2867E-08   61.54       17.99       83.32       0.000      0.9275       0.000    
    8700  0.2175      0.2500E-04 SHELL          4  -4.5%  0.3007E-08   62.58       18.44       84.81       0.000      0.9275       0.000    
    8800  0.2200      0.2500E-04 SHELL          4  -4.4%  0.3152E-08   63.62       18.91       86.30       0.000      0.9275       0.000    
    8900  0.2225      0.2500E-04 SHELL          4  -4.3%  0.3303E-08   64.65       19.38       87.80       0.000      0.9275       0.000    
    9000  0.2250      0.2500E-04 SHELL          4  -4.2%  0.3458E-08   65.69       19.85       89.29       0.000      0.9275       0.000    
     ANIMATION FILE: A21_NESTED_RBE2_YA010 WRITTEN
    9100  0.2275      0.2500E-04 SHELL          4  -4.1%  0.3618E-08   66.73       20.33       90.79       0.000      0.9275       0.000    
    9200  0.2300      0.2500E-04 SHELL          4  -4.0%  0.3783E-08   67.76       20.81       92.29       0.000      0.9275       0.000    
    9300  0.2325      0.2500E-04 SHELL          4  -3.9%  0.3953E-08   68.79       21.29       93.79       0.000      0.9275       0.000    
    9400  0.2350      0.2500E-04 SHELL          4  -3.9%  0.4128E-08   69.82       21.79       95.28       0.000      0.9275       0.000    
    9500  0.2375      0.2500E-04 SHELL          4  -3.8%  0.4309E-08   70.85       22.28       96.78       0.000      0.9275       0.000    
    9600  0.2400      0.2500E-04 SHELL          4  -3.7%  0.4495E-08   71.88       22.78       98.28       0.000      0.9275       0.000    
    9700  0.2425      0.2500E-04 SHELL          4  -3.6%  0.4686E-08   72.90       23.29       99.77       0.000      0.9275       0.000    
    9800  0.2450      0.2500E-04 SHELL          4  -3.5%  0.4883E-08   73.92       23.79       101.3       0.000      0.9275       0.000    
    9900  0.2475      0.2500E-04 SHELL          4  -3.4%  0.5085E-08   74.94       24.31       102.8       0.000      0.9275       0.000    
   CYCLE    TIME      TIME-STEP  ELEMENT          ERROR  I-ENERGY    K-ENERGY T  K-ENERGY R  EXT-WORK     MAS.ERR     TOTAL MASS  MASS ADDED
   10000  0.2500      0.2500E-04 SHELL          4  -3.3%  0.5293E-08   75.95       24.82       104.2       0.000      0.9275       0.000    
     ANIMATION FILE: A21_NESTED_RBE2_YA011 WRITTEN
   10100  0.2525      0.2500E-04 SHELL          4  -3.2%  0.5506E-08   76.96       25.34       105.7       0.000      0.9275       0.000    
   10200  0.2550      0.2500E-04 SHELL          4  -3.2%  0.5725E-08   77.97       25.87       107.2       0.000      0.9275       0.000    
   10300  0.2575      0.2500E-04 SHELL          4  -3.1%  0.5950E-08   78.97       26.39       108.7       0.000      0.9275       0.000    
   10400  0.2600      0.2500E-04 SHELL          4  -3.0%  0.6181E-08   79.97       26.93       110.2       0.000      0.9275       0.000    
   10500  0.2625      0.2500E-04 SHELL          4  -2.9%  0.6417E-08   80.97       27.46       111.6       0.000      0.9275       0.000    
   10600  0.2650      0.2500E-04 SHELL          4  -2.8%  0.6659E-08   81.96       28.00       113.1       0.000      0.9275       0.000    
   10700  0.2675      0.2500E-04 SHELL          4  -2.7%  0.6907E-08   82.95       28.54       114.6       0.000      0.9275       0.000    
   10800  0.2700      0.2500E-04 SHELL          4  -2.6%  0.7162E-08   83.93       29.09       116.0       0.000      0.9275       0.000    
   10900  0.2725      0.2500E-04 SHELL          4  -2.5%  0.7422E-08   84.90       29.63       117.5       0.000      0.9275       0.000    
   11000  0.2750      0.2500E-04 SHELL          4  -2.4%  0.7688E-08   85.88       30.18       119.0       0.000      0.9275       0.000    
     ANIMATION FILE: A21_NESTED_RBE2_YA012 WRITTEN
   11100  0.2775      0.2500E-04 SHELL          4  -2.3%  0.7960E-08   86.84       30.74       120.4       0.000      0.9275       0.000    
   11200  0.2800      0.2500E-04 SHELL          4  -2.2%  0.8238E-08   87.80       31.30       121.8       0.000      0.9275       0.000    
   11300  0.2825      0.2500E-04 SHELL          4  -2.2%  0.8523E-08   88.76       31.85       123.3       0.000      0.9275       0.000    
   11400  0.2850      0.2500E-04 SHELL          4  -2.1%  0.8814E-08   89.71       32.42       124.7       0.000      0.9275       0.000    
   11500  0.2875      0.2500E-04 SHELL          4  -2.0%  0.9111E-08   90.65       32.98       126.1       0.000      0.9275       0.000    
   11600  0.2900      0.2500E-04 SHELL          4  -1.9%  0.9414E-08   91.59       33.55       127.5       0.000      0.9275       0.000    
   11700  0.2925      0.2500E-04 SHELL          4  -1.8%  0.9723E-08   92.52       34.12       128.9       0.000      0.9275       0.000    
   11800  0.2950      0.2500E-04 SHELL          4  -1.7%  0.1004E-07   93.44       34.69       130.3       0.000      0.9275       0.000    
   11900  0.2975      0.2500E-04 SHELL          4  -1.6%  0.1036E-07   94.36       35.26       131.7       0.000      0.9275       0.000    
   12000  0.3000      0.2500E-04 SHELL          4  -1.5%  0.1069E-07   95.27       35.84       133.1       0.000      0.9275       0.000    
     ANIMATION FILE: A21_NESTED_RBE2_YA013 WRITTEN
   12100  0.3025      0.2500E-04 SHELL          4  -1.4%  0.1102E-07   96.18       36.42       134.5       0.000      0.9275       0.000    
   12200  0.3050      0.2500E-04 SHELL          4  -1.3%  0.1136E-07   97.07       36.99       135.8       0.000      0.9275       0.000    
   12300  0.3075      0.2500E-04 SHELL          4  -1.2%  0.1171E-07   97.96       37.57       137.2       0.000      0.9275       0.000    
   12400  0.3100      0.2500E-04 SHELL          4  -1.1%  0.1206E-07   98.85       38.16       138.5       0.000      0.9275       0.000    
   12500  0.3125      0.2500E-04 SHELL          4  -1.0%  0.1242E-07   99.72       38.74       139.9       0.000      0.9275       0.000    
   12600  0.3150      0.2500E-04 SHELL          4  -0.9%  0.1279E-07   100.6       39.33       141.2       0.000      0.9275       0.000    
   12700  0.3175      0.2500E-04 SHELL          4  -0.8%  0.1316E-07   101.4       39.91       142.5       0.000      0.9275       0.000    
   12800  0.3200      0.2500E-04 SHELL          4  -0.7%  0.1354E-07   102.3       40.50       143.8       0.000      0.9275       0.000    
   12900  0.3225      0.2500E-04 SHELL          4  -0.6%  0.1393E-07   103.1       41.09       145.1       0.000      0.9275       0.000    
   13000  0.3250      0.2500E-04 SHELL          4  -0.5%  0.1432E-07   104.0       41.67       146.4       0.000      0.9275       0.000    
     ANIMATION FILE: A21_NESTED_RBE2_YA014 WRITTEN
   13100  0.3275      0.2500E-04 SHELL          4  -0.4%  0.1472E-07   104.8       42.26       147.7       0.000      0.9275       0.000    
   13200  0.3300      0.2500E-04 SHELL          4  -0.3%  0.1512E-07   105.6       42.85       149.0       0.000      0.9275       0.000    
   13300  0.3325      0.2500E-04 SHELL          4  -0.2%  0.1553E-07   106.4       43.44       150.2       0.000      0.9275       0.000    
   13400  0.3350      0.2500E-04 SHELL          4  -0.1%  0.1595E-07   107.2       44.03       151.4       0.000      0.9275       0.000    
   13500  0.3375      0.2500E-04 SHELL          4  -0.0%  0.1637E-07   108.0       44.62       152.7       0.000      0.9275       0.000    
   13600  0.3400      0.2500E-04 SHELL          4   0.1%  0.1680E-07   108.8       45.22       153.9       0.000      0.9275       0.000    
   13700  0.3425      0.2500E-04 SHELL          4   0.2%  0.1723E-07   109.6       45.81       155.1       0.000      0.9275       0.000    
   13800  0.3450      0.2500E-04 SHELL          4   0.3%  0.1768E-07   110.3       46.40       156.3       0.000      0.9275       0.000    
   13900  0.3475      0.2500E-04 SHELL          4   0.4%  0.1812E-07   111.1       46.99       157.5       0.000      0.9275       0.000    
   14000  0.3500      0.2500E-04 SHELL          4   0.5%  0.1858E-07   111.8       47.58       158.6       0.000      0.9275       0.000    
     ANIMATION FILE: A21_NESTED_RBE2_YA015 WRITTEN
   14100  0.3525      0.2500E-04 SHELL          4   0.6%  0.1904E-07   112.5       48.17       159.8       0.000      0.9275       0.000    
   14200  0.3550      0.2500E-04 SHELL          4   0.7%  0.1950E-07   113.3       48.75       160.9       0.000      0.9275       0.000    
   14300  0.3575      0.2500E-04 SHELL          4   0.8%  0.1997E-07   114.0       49.34       162.0       0.000      0.9275       0.000    
   14400  0.3600      0.2500E-04 SHELL          4   0.9%  0.2045E-07   114.7       49.93       163.1       0.000      0.9275       0.000    
   14500  0.3625      0.2500E-04 SHELL          4   1.0%  0.2093E-07   115.4       50.51       164.2       0.000      0.9275       0.000    
   14600  0.3650      0.2500E-04 SHELL          4   1.1%  0.2142E-07   116.1       51.10       165.3       0.000      0.9275       0.000    
   14700  0.3675      0.2500E-04 SHELL          4   1.2%  0.2192E-07   116.7       51.68       166.4       0.000      0.9275       0.000    
   14800  0.3700      0.2500E-04 SHELL          4   1.3%  0.2242E-07   117.4       52.26       167.4       0.000      0.9275       0.000    
   14900  0.3725      0.2500E-04 SHELL          4   1.4%  0.2292E-07   118.0       52.84       168.4       0.000      0.9275       0.000    
   15000  0.3750      0.2500E-04 SHELL          4   1.6%  0.2343E-07   118.7       53.42       169.5       0.000      0.9275       0.000    
     ANIMATION FILE: A21_NESTED_RBE2_YA016 WRITTEN
   15100  0.3775      0.2500E-04 SHELL          4   1.7%  0.2395E-07   119.3       54.00       170.5       0.000      0.9275       0.000    
   15200  0.3800      0.2500E-04 SHELL          4   1.8%  0.2447E-07   119.9       54.57       171.4       0.000      0.9275       0.000    
   15300  0.3825      0.2500E-04 SHELL          4   1.9%  0.2500E-07   120.5       55.15       172.4       0.000      0.9275       0.000    
   15400  0.3850      0.2500E-04 SHELL          4   2.0%  0.2553E-07   121.1       55.72       173.4       0.000      0.9275       0.000    
   15500  0.3875      0.2500E-04 SHELL          4   2.1%  0.2607E-07   121.7       56.29       174.3       0.000      0.9275       0.000    
   15600  0.3900      0.2500E-04 SHELL          4   2.2%  0.2661E-07   122.3       56.85       175.2       0.000      0.9275       0.000    
   15700  0.3925      0.2500E-04 SHELL          4   2.3%  0.2716E-07   122.8       57.42       176.1       0.000      0.9275       0.000    
   15800  0.3950      0.2500E-04 SHELL          4   2.5%  0.2772E-07   123.4       57.98       177.0       0.000      0.9275       0.000    
   15900  0.3975      0.2500E-04 SHELL          4   2.6%  0.2827E-07   123.9       58.53       177.9       0.000      0.9275       0.000    
   16000  0.4000      0.2500E-04 SHELL          4   2.7%  0.2884E-07   124.4       59.09       178.7       0.000      0.9275       0.000    
     ANIMATION FILE: A21_NESTED_RBE2_YA017 WRITTEN
   16100  0.4025      0.2500E-04 SHELL          4   2.8%  0.2940E-07   125.0       59.64       179.5       0.000      0.9275       0.000    
   16200  0.4050      0.2500E-04 SHELL          4   2.9%  0.2998E-07   125.5       60.19       180.3       0.000      0.9275       0.000    
   16300  0.4075      0.2500E-04 SHELL          4   3.1%  0.3055E-07   125.9       60.73       181.1       0.000      0.9275       0.000    
   16400  0.4100      0.2500E-04 SHELL          4   3.2%  0.3113E-07   126.4       61.28       181.9       0.000      0.9275       0.000    
   16500  0.4125      0.2500E-04 SHELL          4   3.3%  0.3172E-07   126.9       61.81       182.7       0.000      0.9275       0.000    
   16600  0.4150      0.2500E-04 SHELL          4   3.4%  0.3231E-07   127.3       62.35       183.4       0.000      0.9275       0.000    
   16700  0.4175      0.2500E-04 SHELL          4   3.5%  0.3290E-07   127.8       62.88       184.1       0.000      0.9275       0.000    
   16800  0.4200      0.2500E-04 SHELL          4   3.7%  0.3350E-07   128.2       63.40       184.8       0.000      0.9275       0.000    
   16900  0.4225      0.2500E-04 SHELL          4   3.8%  0.3410E-07   128.6       63.93       185.5       0.000      0.9275       0.000    
   17000  0.4250      0.2500E-04 SHELL          4   3.9%  0.3471E-07   129.0       64.44       186.2       0.000      0.9275       0.000    
     ANIMATION FILE: A21_NESTED_RBE2_YA018 WRITTEN
   17100  0.4275      0.2500E-04 SHELL          4   4.0%  0.3532E-07   129.4       64.96       186.8       0.000      0.9275       0.000    
   17200  0.4300      0.2500E-04 SHELL          4   4.2%  0.3593E-07   129.8       65.47       187.4       0.000      0.9275       0.000    
   17300  0.4325      0.2500E-04 SHELL          4   4.3%  0.3655E-07   130.1       65.97       188.0       0.000      0.9275       0.000    
   17400  0.4350      0.2500E-04 SHELL          4   4.4%  0.3717E-07   130.5       66.47       188.6       0.000      0.9275       0.000    
   17500  0.4375      0.2500E-04 SHELL          4   4.6%  0.3779E-07   130.8       66.97       189.2       0.000      0.9275       0.000    
   17600  0.4400      0.2500E-04 SHELL          4   4.7%  0.3842E-07   131.2       67.46       189.7       0.000      0.9275       0.000    
   17700  0.4425      0.2500E-04 SHELL          4   4.8%  0.3905E-07   131.5       67.94       190.2       0.000      0.9275       0.000    
   17800  0.4450      0.2500E-04 SHELL          4   5.0%  0.3968E-07   131.8       68.42       190.7       0.000      0.9275       0.000    
   17900  0.4475      0.2500E-04 SHELL          4   5.1%  0.4032E-07   132.1       68.90       191.2       0.000      0.9275       0.000    
   18000  0.4500      0.2500E-04 SHELL          4   5.2%  0.4095E-07   132.3       69.37       191.7       0.000      0.9275       0.000    
     ANIMATION FILE: A21_NESTED_RBE2_YA019 WRITTEN
   18100  0.4525      0.2500E-04 SHELL          4   5.4%  0.4159E-07   132.6       69.83       192.1       0.000      0.9275       0.000    
   18200  0.4550      0.2500E-04 SHELL          4   5.5%  0.4224E-07   132.8       70.29       192.5       0.000      0.9275       0.000    
   18300  0.4575      0.2500E-04 SHELL          4   5.7%  0.4288E-07   133.1       70.74       192.9       0.000      0.9275       0.000    
   18400  0.4600      0.2500E-04 SHELL          4   5.8%  0.4353E-07   133.3       71.19       193.3       0.000      0.9275       0.000    
   18500  0.4625      0.2500E-04 SHELL          4   6.0%  0.4418E-07   133.5       71.63       193.6       0.000      0.9275       0.000    
   18600  0.4650      0.2500E-04 SHELL          4   6.1%  0.4483E-07   133.7       72.06       193.9       0.000      0.9275       0.000    
   18700  0.4675      0.2500E-04 SHELL          4   6.2%  0.4548E-07   133.9       72.49       194.3       0.000      0.9275       0.000    
   18800  0.4700      0.2500E-04 SHELL          4   6.4%  0.4614E-07   134.1       72.91       194.5       0.000      0.9275       0.000    
   18900  0.4725      0.2500E-04 SHELL          4   6.5%  0.4680E-07   134.2       73.33       194.8       0.000      0.9275       0.000    
   19000  0.4750      0.2500E-04 SHELL          4   6.7%  0.4745E-07   134.4       73.74       195.0       0.000      0.9275       0.000    
     ANIMATION FILE: A21_NESTED_RBE2_YA020 WRITTEN
   19100  0.4775      0.2500E-04 SHELL          4   6.8%  0.4811E-07   134.5       74.14       195.3       0.000      0.9275       0.000    
   19200  0.4800      0.2500E-04 SHELL          4   7.0%  0.4878E-07   134.6       74.53       195.4       0.000      0.9275       0.000    
   19300  0.4825      0.2500E-04 SHELL          4   7.2%  0.4944E-07   134.7       74.92       195.6       0.000      0.9275       0.000    
   19400  0.4850      0.2500E-04 SHELL          4   7.3%  0.5010E-07   134.8       75.30       195.8       0.000      0.9275       0.000    
   19500  0.4875      0.2500E-04 SHELL          4   7.5%  0.5076E-07   134.9       75.68       195.9       0.000      0.9275       0.000    
   19600  0.4900      0.2500E-04 SHELL          4   7.6%  0.5143E-07   134.9       76.05       196.0       0.000      0.9275       0.000    
   19700  0.4925      0.2500E-04 SHELL          4   7.8%  0.5209E-07   135.0       76.41       196.1       0.000      0.9275       0.000    
   19800  0.4950      0.2500E-04 SHELL          4   8.0%  0.5276E-07   135.0       76.76       196.1       0.000      0.9275       0.000    
   19900  0.4975      0.2500E-04 SHELL          4   8.1%  0.5342E-07   135.0       77.10       196.2       0.000      0.9275       0.000    
   CYCLE    TIME      TIME-STEP  ELEMENT          ERROR  I-ENERGY    K-ENERGY T  K-ENERGY R  EXT-WORK     MAS.ERR     TOTAL MASS  MASS ADDED
   20000  0.5000      0.2500E-04 SHELL          4   8.3%  0.5409E-07   135.0       77.44       196.2       0.000      0.9275       0.000    
     ANIMATION FILE: A21_NESTED_RBE2_YA021 WRITTEN
   20100  0.5025      0.2500E-04 SHELL          4   8.5%  0.5475E-07   135.0       77.77       196.2       0.000      0.9275       0.000    
   20200  0.5050      0.2500E-04 SHELL          4   8.6%  0.5542E-07   135.0       78.09       196.1       0.000      0.9275       0.000    
   20300  0.5075      0.2500E-04 SHELL          4   8.8%  0.5608E-07   135.0       78.40       196.1       0.000      0.9275       0.000    
   20400  0.5100      0.2500E-04 SHELL          4   9.0%  0.5675E-07   134.9       78.71       196.0       0.000      0.9275       0.000    
   20500  0.5125      0.2500E-04 SHELL          4   9.2%  0.5741E-07   134.9       79.01       195.9       0.000      0.9275       0.000    
   20600  0.5150      0.2500E-04 SHELL          4   9.4%  0.5808E-07   134.8       79.29       195.8       0.000      0.9275       0.000    
   20700  0.5175      0.2500E-04 SHELL          4   9.5%  0.5874E-07   134.7       79.58       195.6       0.000      0.9275       0.000    
   20800  0.5200      0.2500E-04 SHELL          4   9.7%  0.5940E-07   134.6       79.85       195.4       0.000      0.9275       0.000    
   20900  0.5225      0.2500E-04 SHELL          4   9.9%  0.6006E-07   134.5       80.11       195.2       0.000      0.9275       0.000    
   21000  0.5250      0.2500E-04 SHELL          4  10.1%  0.6072E-07   134.4       80.37       195.0       0.000      0.9275       0.000    
     ANIMATION FILE: A21_NESTED_RBE2_YA022 WRITTEN
   21100  0.5275      0.2500E-04 SHELL          4  10.3%  0.6138E-07   134.2       80.61       194.8       0.000      0.9275       0.000    
   21200  0.5300      0.2500E-04 SHELL          4  10.5%  0.6204E-07   134.1       80.85       194.5       0.000      0.9275       0.000    
   21300  0.5325      0.2500E-04 SHELL          4  10.7%  0.6269E-07   133.9       81.08       194.2       0.000      0.9275       0.000    
   21400  0.5350      0.2500E-04 SHELL          4  10.9%  0.6335E-07   133.7       81.30       193.9       0.000      0.9275       0.000    
   21500  0.5375      0.2500E-04 SHELL          4  11.1%  0.6400E-07   133.5       81.51       193.5       0.000      0.9275       0.000    
   21600  0.5400      0.2500E-04 SHELL          4  11.3%  0.6465E-07   133.3       81.71       193.2       0.000      0.9275       0.000    
   21700  0.5425      0.2500E-04 SHELL          4  11.5%  0.6529E-07   133.1       81.91       192.8       0.000      0.9275       0.000    
   21800  0.5450      0.2500E-04 SHELL          4  11.7%  0.6594E-07   132.8       82.09       192.4       0.000      0.9275       0.000    
   21900  0.5475      0.2500E-04 SHELL          4  11.9%  0.6658E-07   132.6       82.26       191.9       0.000      0.9275       0.000    
   22000  0.5500      0.2500E-04 SHELL          4  12.2%  0.6722E-07   132.3       82.43       191.5       0.000      0.9275       0.000    
     ANIMATION FILE: A21_NESTED_RBE2_YA023 WRITTEN
   22100  0.5525      0.2500E-04 SHELL          4  12.4%  0.6786E-07   132.1       82.58       191.0       0.000      0.9275       0.000    
   22200  0.5550      0.2500E-04 SHELL          4  12.6%  0.6850E-07   131.8       82.73       190.5       0.000      0.9275       0.000    
   22300  0.5575      0.2500E-04 SHELL          4  12.8%  0.6913E-07   131.5       82.86       190.0       0.000      0.9275       0.000    
   22400  0.5600      0.2500E-04 SHELL          4  13.1%  0.6976E-07   131.2       82.99       189.4       0.000      0.9275       0.000    
   22500  0.5625      0.2500E-04 SHELL          4  13.3%  0.7038E-07   130.8       83.11       188.8       0.000      0.9275       0.000    
   22600  0.5650      0.2500E-04 SHELL          4  13.5%  0.7101E-07   130.5       83.21       188.2       0.000      0.9275       0.000    
   22700  0.5675      0.2500E-04 SHELL          4  13.8%  0.7163E-07   130.1       83.31       187.6       0.000      0.9275       0.000    
   22800  0.5700      0.2500E-04 SHELL          4  14.0%  0.7224E-07   129.8       83.40       186.9       0.000      0.9275       0.000    
   22900  0.5725      0.2500E-04 SHELL          4  14.3%  0.7286E-07   129.4       83.47       186.3       0.000      0.9275       0.000    
   23000  0.5750      0.2500E-04 SHELL          4  14.5%  0.7347E-07   129.0       83.54       185.6       0.000      0.9275       0.000    
     ANIMATION FILE: A21_NESTED_RBE2_YA024 WRITTEN
   23100  0.5775      0.2500E-04 SHELL          4  14.8%  0.7407E-07   128.6       83.60       184.9       0.000      0.9275       0.000    
   23200  0.5800      0.2500E-04 SHELL          4  15.1%  0.7467E-07   128.2       83.65       184.1       0.000      0.9275       0.000    
   23300  0.5825      0.2500E-04 SHELL          4  15.3%  0.7527E-07   127.8       83.68       183.3       0.000      0.9275       0.000    
   23400  0.5850      0.2500E-04 SHELL          4  15.6%  0.7587E-07   127.3       83.71       182.6       0.000      0.9275       0.000    
   23500  0.5875      0.2500E-04 SHELL          4  15.9%  0.7646E-07   126.9       83.72       181.7       0.000      0.9275       0.000    
   23600  0.5900      0.2500E-04 SHELL          4  16.2%  0.7704E-07   126.4       83.73       180.9       0.000      0.9275       0.000    
   23700  0.5925      0.2500E-04 SHELL          4  16.5%  0.7762E-07   125.9       83.72       180.0       0.000      0.9275       0.000    
   23800  0.5950      0.2500E-04 SHELL          4  16.7%  0.7820E-07   125.5       83.71       179.2       0.000      0.9275       0.000    
   23900  0.5975      0.2500E-04 SHELL          4  17.0%  0.7877E-07   125.0       83.68       178.3       0.000      0.9275       0.000    
   24000  0.6000      0.2500E-04 SHELL          4  17.3%  0.7934E-07   124.4       83.65       177.3       0.000      0.9275       0.000    
     ANIMATION FILE: A21_NESTED_RBE2_YA025 WRITTEN
   24100  0.6025      0.2500E-04 SHELL          4  17.7%  0.7990E-07   123.9       83.60       176.4       0.000      0.9275       0.000    
   24200  0.6050      0.2500E-04 SHELL          4  18.0%  0.8046E-07   123.4       83.54       175.4       0.000      0.9275       0.000    
   24300  0.6075      0.2500E-04 SHELL          4  18.3%  0.8101E-07   122.8       83.47       174.4       0.000      0.9275       0.000    
   24400  0.6100      0.2500E-04 SHELL          4  18.6%  0.8156E-07   122.3       83.40       173.4       0.000      0.9275       0.000    
   24500  0.6125      0.2500E-04 SHELL          4  19.0%  0.8211E-07   121.7       83.31       172.3       0.000      0.9275       0.000    
   24600  0.6150      0.2500E-04 SHELL          4  19.3%  0.8264E-07   121.1       83.21       171.3       0.000      0.9275       0.000    
   24700  0.6175      0.2500E-04 SHELL          4  19.6%  0.8318E-07   120.5       83.10       170.2       0.000      0.9275       0.000    
   24800  0.6200      0.2500E-04 SHELL          4  20.0%  0.8370E-07   119.9       82.97       169.1       0.000      0.9275       0.000    
   24900  0.6225      0.2500E-04 SHELL          4  20.4%  0.8423E-07   119.3       82.84       167.9       0.000      0.9275       0.000    
   25000  0.6250      0.2500E-04 SHELL          4  20.7%  0.8474E-07   118.7       82.70       166.8       0.000      0.9275       0.000    
     ANIMATION FILE: A21_NESTED_RBE2_YA026 WRITTEN
   25100  0.6275      0.2500E-04 SHELL          4  21.1%  0.8525E-07   118.0       82.55       165.6       0.000      0.9275       0.000    
   25200  0.6300      0.2500E-04 SHELL          4  21.5%  0.8576E-07   117.4       82.38       164.4       0.000      0.9275       0.000    
   25300  0.6325      0.2500E-04 SHELL          4  21.9%  0.8626E-07   116.7       82.21       163.2       0.000      0.9275       0.000    
   25400  0.6350      0.2500E-04 SHELL          4  22.3%  0.8676E-07   116.1       82.02       162.0       0.000      0.9275       0.000    
   25500  0.6375      0.2500E-04 SHELL          4  22.7%  0.8724E-07   115.4       81.82       160.7       0.000      0.9275       0.000    
   25600  0.6400      0.2500E-04 SHELL          4  23.1%  0.8773E-07   114.7       81.62       159.4       0.000      0.9275       0.000    
   25700  0.6425      0.2500E-04 SHELL          4  23.6%  0.8820E-07   114.0       81.40       158.1       0.000      0.9275       0.000    
   25800  0.6450      0.2500E-04 SHELL          4  24.0%  0.8868E-07   113.3       81.17       156.8       0.000      0.9275       0.000    
   25900  0.6475      0.2500E-04 SHELL          4  24.5%  0.8914E-07   112.5       80.93       155.4       0.000      0.9275       0.000    
   26000  0.6500      0.2500E-04 SHELL          4  24.9%  0.8960E-07   111.8       80.68       154.1       0.000      0.9275       0.000    
     ANIMATION FILE: A21_NESTED_RBE2_YA027 WRITTEN
   26100  0.6525      0.2500E-04 SHELL          4  25.4%  0.9005E-07   111.1       80.42       152.7       0.000      0.9275       0.000    
   26200  0.6550      0.2500E-04 SHELL          4  25.9%  0.9050E-07   110.3       80.14       151.3       0.000      0.9275       0.000    
   26300  0.6575      0.2500E-04 SHELL          4  26.4%  0.9094E-07   109.6       79.86       149.9       0.000      0.9275       0.000    
   26400  0.6600      0.2500E-04 SHELL          4  26.9%  0.9138E-07   108.8       79.57       148.4       0.000      0.9275       0.000    
   26500  0.6625      0.2500E-04 SHELL          4  27.4%  0.9181E-07   108.0       79.26       147.0       0.000      0.9275       0.000    
   26600  0.6650      0.2500E-04 SHELL          4  28.0%  0.9223E-07   107.2       78.95       145.5       0.000      0.9275       0.000    
   26700  0.6675      0.2500E-04 SHELL          4  28.5%  0.9265E-07   106.4       78.62       144.0       0.000      0.9275       0.000    
   26800  0.6700      0.2500E-04 SHELL          4  29.1%  0.9306E-07   105.6       78.29       142.5       0.000      0.9275       0.000    
   26900  0.6725      0.2500E-04 SHELL          4  29.7%  0.9346E-07   104.8       77.94       140.9       0.000      0.9275       0.000    
   27000  0.6750      0.2500E-04 SHELL          4  30.3%  0.9386E-07   104.0       77.58       139.4       0.000      0.9275       0.000    
     ANIMATION FILE: A21_NESTED_RBE2_YA028 WRITTEN
   27100  0.6775      0.2500E-04 SHELL          4  30.9%  0.9425E-07   103.1       77.21       137.8       0.000      0.9275       0.000    
   27200  0.6800      0.2500E-04 SHELL          4  31.5%  0.9463E-07   102.3       76.84       136.2       0.000      0.9275       0.000    
   27300  0.6825      0.2500E-04 SHELL          4  32.2%  0.9501E-07   101.4       76.45       134.6       0.000      0.9275       0.000    
   27400  0.6850      0.2500E-04 SHELL          4  32.9%  0.9539E-07   100.6       76.05       133.0       0.000      0.9275       0.000    
   27500  0.6875      0.2500E-04 SHELL          4  33.6%  0.9575E-07   99.72       75.64       131.3       0.000      0.9275       0.000    
   27600  0.6900      0.2500E-04 SHELL          4  34.3%  0.9611E-07   98.85       75.22       129.6       0.000      0.9275       0.000    
   27700  0.6925      0.2500E-04 SHELL          4  35.0%  0.9647E-07   97.96       74.79       128.0       0.000      0.9275       0.000    
   27800  0.6950      0.2500E-04 SHELL          4  35.8%  0.9681E-07   97.07       74.35       126.3       0.000      0.9275       0.000    
   27900  0.6975      0.2500E-04 SHELL          4  36.6%  0.9715E-07   96.18       73.90       124.6       0.000      0.9275       0.000    
   28000  0.7000      0.2500E-04 SHELL          4  37.4%  0.9749E-07   95.27       73.44       122.8       0.000      0.9275       0.000    
     ANIMATION FILE: A21_NESTED_RBE2_YA029 WRITTEN
   28100  0.7025      0.2500E-04 SHELL          4  38.2%  0.9782E-07   94.36       72.97       121.1       0.000      0.9275       0.000    
   28200  0.7050      0.2500E-04 SHELL          4  39.1%  0.9814E-07   93.44       72.50       119.3       0.000      0.9275       0.000    
   28300  0.7075      0.2500E-04 SHELL          4  40.0%  0.9845E-07   92.52       72.01       117.5       0.000      0.9275       0.000    
   28400  0.7100      0.2500E-04 SHELL          4  40.9%  0.9876E-07   91.59       71.51       115.8       0.000      0.9275       0.000    
   28500  0.7125      0.2500E-04 SHELL          4  41.9%  0.9907E-07   90.65       71.00       114.0       0.000      0.9275       0.000    
   28600  0.7150      0.2500E-04 SHELL          4  42.9%  0.9936E-07   89.71       70.48       112.1       0.000      0.9275       0.000    
   28700  0.7175      0.2500E-04 SHELL          4  43.9%  0.9965E-07   88.76       69.95       110.3       0.000      0.9275       0.000    
   28800  0.7200      0.2500E-04 SHELL          4  45.0%  0.9994E-07   87.80       69.42       108.5       0.000      0.9275       0.000    
   28900  0.7225      0.2500E-04 SHELL          4  46.1%  0.1002E-06   86.84       68.87       106.6       0.000      0.9275       0.000    
   29000  0.7250      0.2500E-04 SHELL          4  47.2%  0.1005E-06   85.88       68.32       104.7       0.000      0.9275       0.000    
     ANIMATION FILE: A21_NESTED_RBE2_YA030 WRITTEN
   29100  0.7275      0.2500E-04 SHELL          4  48.4%  0.1008E-06   84.90       67.75       102.8       0.000      0.9275       0.000    
   29200  0.7300      0.2500E-04 SHELL          4  49.7%  0.1010E-06   83.93       67.18       100.9       0.000      0.9275       0.000    
   29300  0.7325      0.2500E-04 SHELL          4  51.0%  0.1013E-06   82.95       66.60       99.04       0.000      0.9275       0.000    
   29400  0.7350      0.2500E-04 SHELL          4  52.4%  0.1015E-06   81.96       66.01       97.12       0.000      0.9275       0.000    
   29500  0.7375      0.2500E-04 SHELL          4  53.8%  0.1018E-06   80.97       65.41       95.19       0.000      0.9275       0.000    
   29600  0.7400      0.2500E-04 SHELL          4  55.3%  0.1020E-06   79.97       64.81       93.24       0.000      0.9275       0.000    
   29700  0.7425      0.2500E-04 SHELL          4  56.8%  0.1022E-06   78.97       64.19       91.29       0.000      0.9275       0.000    
   29800  0.7450      0.2500E-04 SHELL          4  58.4%  0.1025E-06   77.97       63.57       89.33       0.000      0.9275       0.000    
   29900  0.7475      0.2500E-04 SHELL          4  60.2%  0.1027E-06   76.96       62.94       87.35       0.000      0.9275       0.000    
   CYCLE    TIME      TIME-STEP  ELEMENT          ERROR  I-ENERGY    K-ENERGY T  K-ENERGY R  EXT-WORK     MAS.ERR     TOTAL MASS  MASS ADDED
   30000  0.7500      0.2500E-04 SHELL          4  61.9%  0.1029E-06   75.95       62.30       85.37       0.000      0.9275       0.000    
     ANIMATION FILE: A21_NESTED_RBE2_YA031 WRITTEN
   30100  0.7525      0.2500E-04 SHELL          4  63.8%  0.1031E-06   74.94       61.65       83.38       0.000      0.9275       0.000    
   30200  0.7550      0.2500E-04 SHELL          4  65.8%  0.1033E-06   73.92       60.99       81.38       0.000      0.9275       0.000    
   30300  0.7575      0.2500E-04 SHELL          4  67.9%  0.1035E-06   72.90       60.33       79.37       0.000      0.9275       0.000    
   30400  0.7600      0.2500E-04 SHELL          4  70.1%  0.1037E-06   71.88       59.66       77.35       0.000      0.9275       0.000    
   30500  0.7625      0.2500E-04 SHELL          4  72.4%  0.1039E-06   70.85       58.99       75.33       0.000      0.9275       0.000    
   30600  0.7650      0.2500E-04 SHELL          4  74.8%  0.1040E-06   69.82       58.30       73.29       0.000      0.9275       0.000    
   30700  0.7675      0.2500E-04 SHELL          4  77.4%  0.1042E-06   68.79       57.61       71.25       0.000      0.9275       0.000    
   30800  0.7700      0.2500E-04 SHELL          4  80.1%  0.1044E-06   67.76       56.91       69.21       0.000      0.9275       0.000    
   30900  0.7725      0.2500E-04 SHELL          4  83.1%  0.1046E-06   66.73       56.21       67.16       0.000      0.9275       0.000    
   31000  0.7750      0.2500E-04 SHELL          4  86.2%  0.1047E-06   65.69       55.50       65.10       0.000      0.9275       0.000    
     ANIMATION FILE: A21_NESTED_RBE2_YA032 WRITTEN
   31100  0.7775      0.2500E-04 SHELL          4  89.5%  0.1049E-06   64.65       54.78       63.04       0.000      0.9275       0.000    
   31200  0.7800      0.2500E-04 SHELL          4  93.0%  0.1050E-06   63.62       54.06       60.98       0.000      0.9275       0.000    
   31300  0.7825      0.2500E-04 SHELL          4  96.8%  0.1052E-06   62.58       53.33       58.91       0.000      0.9275       0.000    
   31400  0.7850      0.2500E-04 SHELL          4  99.9%  0.1053E-06   61.54       52.60       56.83       0.000      0.9275       0.000    
   31500  0.7875      0.2500E-04 SHELL          4  99.9%  0.1054E-06   60.50       51.86       54.75       0.000      0.9275       0.000    
   31600  0.7900      0.2500E-04 SHELL          4  99.9%  0.1056E-06   59.46       51.12       52.67       0.000      0.9275       0.000    
   31700  0.7925      0.2500E-04 SHELL          4  99.9%  0.1057E-06   58.42       50.37       50.59       0.000      0.9275       0.000    
   31800  0.7950      0.2500E-04 SHELL          4  99.9%  0.1058E-06   57.38       49.61       48.51       0.000      0.9275       0.000    
   31900  0.7975      0.2500E-04 SHELL          4  99.9%  0.1059E-06   56.34       48.85       46.42       0.000      0.9275       0.000    
   32000  0.8000      0.2500E-04 SHELL          4  99.9%  0.1061E-06   55.31       48.09       44.34       0.000      0.9275       0.000    
     ANIMATION FILE: A21_NESTED_RBE2_YA033 WRITTEN
   32100  0.8025      0.2500E-04 SHELL          4  99.9%  0.1062E-06   54.27       47.32       42.25       0.000      0.9275       0.000    
   32200  0.8050      0.2500E-04 SHELL          4  99.9%  0.1063E-06   53.23       46.55       40.16       0.000      0.9275       0.000    
   32300  0.8075      0.2500E-04 SHELL          4  99.9%  0.1064E-06   52.20       45.78       38.08       0.000      0.9275       0.000    
   32400  0.8100      0.2500E-04 SHELL          4  99.9%  0.1065E-06   51.17       45.00       35.99       0.000      0.9275       0.000    
   32500  0.8125      0.2500E-04 SHELL          4  99.9%  0.1066E-06   50.14       44.22       33.91       0.000      0.9275       0.000    
   32600  0.8150      0.2500E-04 SHELL          4  99.9%  0.1067E-06   49.11       43.43       31.83       0.000      0.9275       0.000    
   32700  0.8175      0.2500E-04 SHELL          4  99.9%  0.1067E-06   48.09       42.65       29.75       0.000      0.9275       0.000    
   32800  0.8200      0.2500E-04 SHELL          4  99.9%  0.1068E-06   47.07       41.85       27.68       0.000      0.9275       0.000    
   32900  0.8225      0.2500E-04 SHELL          4  99.9%  0.1069E-06   46.05       41.06       25.60       0.000      0.9275       0.000    
   33000  0.8250      0.2500E-04 SHELL          4  99.9%  0.1070E-06   45.03       40.27       23.54       0.000      0.9275       0.000    
     ANIMATION FILE: A21_NESTED_RBE2_YA034 WRITTEN
   33100  0.8275      0.2500E-04 SHELL          4  99.9%  0.1071E-06   44.02       39.47       21.47       0.000      0.9275       0.000    
   33200  0.8300      0.2500E-04 SHELL          4  99.9%  0.1071E-06   43.01       38.67       19.42       0.000      0.9275       0.000    
   33300  0.8325      0.2500E-04 SHELL          4  99.9%  0.1072E-06   42.01       37.88       17.37       0.000      0.9275       0.000    
   33400  0.8350      0.2500E-04 SHELL          4  99.9%  0.1072E-06   41.01       37.08       15.32       0.000      0.9275       0.000    
   33500  0.8375      0.2500E-04 SHELL          4  99.9%  0.1073E-06   40.01       36.27       13.29       0.000      0.9275       0.000    
   33600  0.8400      0.2500E-04 SHELL          4  99.9%  0.1074E-06   39.02       35.47       11.26       0.000      0.9275       0.000    
   33700  0.8425      0.2500E-04 SHELL          4  99.9%  0.1074E-06   38.04       34.67       9.235       0.000      0.9275       0.000    
   33800  0.8450      0.2500E-04 SHELL          4  99.9%  0.1075E-06   37.06       33.87       7.223       0.000      0.9275       0.000    
   33900  0.8475      0.2500E-04 SHELL          4  99.9%  0.1075E-06   36.09       33.07       5.220       0.000      0.9275       0.000    
   34000  0.8500      0.2500E-04 SHELL          4  99.9%  0.1076E-06   35.12       32.27       3.228       0.000      0.9275       0.000    
     ANIMATION FILE: A21_NESTED_RBE2_YA035 WRITTEN
   34100  0.8525      0.2500E-04 SHELL          4  99.9%  0.1076E-06   34.16       31.47       1.246       0.000      0.9275       0.000    
   34200  0.8550      0.2500E-04 SHELL          4 -99.9%  0.1077E-06   33.20       30.68     -0.7249       0.000      0.9275       0.000    
   34300  0.8575      0.2500E-04 SHELL          4 -99.9%  0.1077E-06   32.26       29.88      -2.684       0.000      0.9275       0.000    
   34400  0.8600      0.2500E-04 SHELL          4 -99.9%  0.1077E-06   31.32       29.09      -4.630       0.000      0.9275       0.000    
   34500  0.8625      0.2500E-04 SHELL          4 -99.9%  0.1078E-06   30.38       28.30      -6.562       0.000      0.9275       0.000    
   34600  0.8650      0.2500E-04 SHELL          4 -99.9%  0.1078E-06   29.46       27.51      -8.481       0.000      0.9275       0.000    
   34700  0.8675      0.2500E-04 SHELL          4 -99.9%  0.1078E-06   28.54       26.72      -10.39       0.000      0.9275       0.000    
   34800  0.8700      0.2500E-04 SHELL          4 -99.9%  0.1079E-06   27.63       25.94      -12.28       0.000      0.9275       0.000    
   34900  0.8725      0.2500E-04 SHELL          4 -99.9%  0.1079E-06   26.74       25.16      -14.15       0.000      0.9275       0.000    
   35000  0.8750      0.2500E-04 SHELL          4 -99.9%  0.1079E-06   25.84       24.39      -16.01       0.000      0.9275       0.000    
     ANIMATION FILE: A21_NESTED_RBE2_YA036 WRITTEN
   35100  0.8775      0.2500E-04 SHELL          4 -99.9%  0.1079E-06   24.96       23.62      -17.85       0.000      0.9275       0.000    
   35200  0.8800      0.2500E-04 SHELL          4 -99.9%  0.1080E-06   24.09       22.85      -19.67       0.000      0.9275       0.000    
   35300  0.8825      0.2500E-04 SHELL          4 -99.9%  0.1080E-06   23.23       22.09      -21.47       0.000      0.9275       0.000    
   35400  0.8850      0.2500E-04 SHELL          4 -99.9%  0.1080E-06   22.38       21.34      -23.26       0.000      0.9275       0.000    
   35500  0.8875      0.2500E-04 SHELL          4 -99.9%  0.1080E-06   21.54       20.59      -25.02       0.000      0.9275       0.000    
   35600  0.8900      0.2500E-04 SHELL          4 -99.9%  0.1080E-06   20.71       19.84      -26.76       0.000      0.9275       0.000    
   35700  0.8925      0.2500E-04 SHELL          4 -99.9%  0.1080E-06   19.89       19.11      -28.48       0.000      0.9275       0.000    
   35800  0.8950      0.2500E-04 SHELL          4 -99.9%  0.1081E-06   19.08       18.38      -30.18       0.000      0.9275       0.000    
   35900  0.8975      0.2500E-04 SHELL          4 -99.9%  0.1081E-06   18.28       17.66      -31.86       0.000      0.9275       0.000    
   36000  0.9000      0.2500E-04 SHELL          4 -99.9%  0.1081E-06   17.50       16.94      -33.52       0.000      0.9275       0.000    
     ANIMATION FILE: A21_NESTED_RBE2_YA037 WRITTEN
   36100  0.9025      0.2500E-04 SHELL          4 -99.9%  0.1081E-06   16.73       16.24      -35.15       0.000      0.9275       0.000    
   36200  0.9050      0.2500E-04 SHELL          4 -99.9%  0.1081E-06   15.97       15.54      -36.75       0.000      0.9275       0.000    
   36300  0.9075      0.2500E-04 SHELL          4 -99.9%  0.1081E-06   15.22       14.85      -38.33       0.000      0.9275       0.000    
   36400  0.9100      0.2500E-04 SHELL          4 -99.9%  0.1081E-06   14.49       14.17      -39.88       0.000      0.9275       0.000    
   36500  0.9125      0.2500E-04 SHELL          4 -99.9%  0.1081E-06   13.77       13.50      -41.40       0.000      0.9275       0.000    
   36600  0.9150      0.2500E-04 SHELL          4 -99.9%  0.1081E-06   13.07       12.85      -42.90       0.000      0.9275       0.000    
   36700  0.9175      0.2500E-04 SHELL          4 -99.9%  0.1081E-06   12.38       12.20      -44.37       0.000      0.9275       0.000    
   36800  0.9200      0.2500E-04 SHELL          4 -99.9%  0.1081E-06   11.70       11.56      -45.81       0.000      0.9275       0.000    
   36900  0.9225      0.2500E-04 SHELL          4 -99.9%  0.1081E-06   11.04       10.94      -47.21       0.000      0.9275       0.000    
   37000  0.9250      0.2500E-04 SHELL          4 -99.9%  0.1082E-06   10.40       10.32      -48.59       0.000      0.9275       0.000    
     ANIMATION FILE: A21_NESTED_RBE2_YA038 WRITTEN
   37100  0.9275      0.2500E-04 SHELL          4 -99.9%  0.1082E-06   9.769       9.723      -49.93       0.000      0.9275       0.000    
   37200  0.9300      0.2500E-04 SHELL          4 -99.9%  0.1082E-06   9.156       9.136      -51.25       0.000      0.9275       0.000    
   37300  0.9325      0.2500E-04 SHELL          4 -99.9%  0.1082E-06   8.559       8.562      -52.52       0.000      0.9275       0.000    
   37400  0.9350      0.2500E-04 SHELL          4 -99.9%  0.1082E-06   7.980       8.002      -53.77       0.000      0.9275       0.000    
   37500  0.9375      0.2500E-04 SHELL          4 -99.9%  0.1082E-06   7.417       7.456      -54.97       0.000      0.9275       0.000    
   37600  0.9400      0.2500E-04 SHELL          4 -99.9%  0.1082E-06   6.872       6.925      -56.14       0.000      0.9275       0.000    
   37700  0.9425      0.2500E-04 SHELL          4 -99.9%  0.1082E-06   6.345       6.410      -57.28       0.000      0.9275       0.000    
   37800  0.9450      0.2500E-04 SHELL          4 -99.9%  0.1082E-06   5.836       5.910      -58.37       0.000      0.9275       0.000    
   37900  0.9475      0.2500E-04 SHELL          4 -99.9%  0.1082E-06   5.346       5.426      -59.43       0.000      0.9275       0.000    
   38000  0.9500      0.2500E-04 SHELL          4 -99.9%  0.1082E-06   4.874       4.960      -60.45       0.000      0.9275       0.000    
     ANIMATION FILE: A21_NESTED_RBE2_YA039 WRITTEN
   38100  0.9525      0.2500E-04 SHELL          4 -99.9%  0.1082E-06   4.422       4.511      -61.43       0.000      0.9275       0.000    
   38200  0.9550      0.2500E-04 SHELL          4 -99.9%  0.1082E-06   3.990       4.080      -62.36       0.000      0.9275       0.000    
   38300  0.9575      0.2500E-04 SHELL          4 -99.9%  0.1082E-06   3.578       3.667      -63.26       0.000      0.9275       0.000    
   38400  0.9600      0.2500E-04 SHELL          4 -99.9%  0.1082E-06   3.186       3.273      -64.11       0.000      0.9275       0.000    
   38500  0.9625      0.2500E-04 SHELL          4 -99.9%  0.1082E-06   2.814       2.899      -64.91       0.000      0.9275       0.000    
   38600  0.9650      0.2500E-04 SHELL          4 -99.9%  0.1082E-06   2.464       2.544      -65.67       0.000      0.9275       0.000    
   38700  0.9675      0.2500E-04 SHELL          4 -99.9%  0.1082E-06   2.136       2.210      -66.39       0.000      0.9275       0.000    
   38800  0.9700      0.2500E-04 SHELL          4 -99.9%  0.1082E-06   1.829       1.898      -67.05       0.000      0.9275       0.000    
   38900  0.9725      0.2500E-04 SHELL          4 -99.9%  0.1082E-06   1.545       1.607      -67.67       0.000      0.9275       0.000    
   39000  0.9750      0.2500E-04 SHELL          4 -99.9%  0.1082E-06   1.284       1.338      -68.25       0.000      0.9275       0.000    
     ANIMATION FILE: A21_NESTED_RBE2_YA040 WRITTEN
   39100  0.9775      0.2500E-04 SHELL          4 -99.9%  0.1082E-06   1.045       1.092      -68.77       0.000      0.9275       0.000    
   39200  0.9800      0.2500E-04 SHELL          4 -99.9%  0.1082E-06  0.8299      0.8691      -69.24       0.000      0.9275       0.000    
   39300  0.9825      0.2500E-04 SHELL          4 -99.9%  0.1082E-06  0.6387      0.6704      -69.66       0.000      0.9275       0.000    
   39400  0.9850      0.2500E-04 SHELL          4 -99.9%  0.1082E-06  0.4716      0.4962      -70.02       0.000      0.9275       0.000    
   39500  0.9875      0.2500E-04 SHELL          4 -99.9%  0.1082E-06  0.3292      0.3471      -70.34       0.000      0.9275       0.000    
   39600  0.9900      0.2500E-04 SHELL          4 -99.9%  0.1082E-06  0.2117      0.2238      -70.59       0.000      0.9275       0.000    
   39700  0.9925      0.2500E-04 SHELL          4 -99.9%  0.1082E-06  0.1197      0.1268      -70.80       0.000      0.9275       0.000    
   39800  0.9950      0.2500E-04 SHELL          4 -99.9%  0.1082E-06  0.5347E-01  0.5678E-01  -70.94       0.000      0.9275       0.000    
   39900  0.9975      0.2500E-04 SHELL          4 -99.9%  0.1082E-06  0.1344E-01  0.1430E-01  -71.03       0.000      0.9275       0.000    

     RESTART FILES: A21_NESTED_RBE2_Y_0001_[0001-0001].rst WRITTEN
     -------------

   CYCLE    TIME      TIME-STEP  ELEMENT          ERROR  I-ENERGY    K-ENERGY T  K-ENERGY R  EXT-WORK     MAS.ERR     TOTAL MASS  MASS ADDED
   40000   1.000      0.2500E-04 SHELL          4 -99.9%  0.1082E-06  0.5400E-05  0.5761E-05  -71.06       0.000      0.9275       0.000    
     ANIMATION FILE: A21_NESTED_RBE2_YA041 WRITTEN
  
                           ** CPU USER TIME **
  
  
                        ** SUMMARY **
  
 #PROC  CONTSORT  CONTFOR   ELEMENT   KINCOND   INTEG     IO        T0        ASM       RESOL    
   1   .2344E+00 .7812E-01 .2953E+01 .5000E+00 .1250E+00 .3281E+00 .1234E+01 .7812E-01 .6375E+01
  
 
                   ** CUMULATIVE CPU TIME SUMMARY **
  
 CONTACT SORTING.............: .2344E+00     3.68 % 
 CONTACT FORCES..............: .7812E-01     1.23 % 
 ELEMENT FORCES..............: .2953E+01    46.32 % 
 KINEMATIC COND..............: .5000E+00     7.84 % 
 INTEGRATION.................: .1250E+00     1.96 % 
 ASSEMBLING..................: .7812E-01     1.23 % 
 OTHERS (including I/O)......: .2406E+01    37.75 % 
 TOTAL.......................: .6375E+01   100.00 % 
  
  
                           ** ELAPSED TIME **
  
  
                        ** SUMMARY **
  
 #PROC  CONTSORT  CONTFOR   ELEMENT   KINCOND   INTEG     IO        T0        ASM       RESOL    
   1   .3374E+00 .7269E-01 .2981E+01 .3167E+00 .1480E+00 .4630E+00 .1213E+01 .9839E-01 .6406E+01
  
                   ** MEMORY USAGE STATISTICS **
  
 TOTAL MEMORY USED .........................:       76 MB
 MAXIMUM MEMORY PER PROCESSOR...............:       76 MB
 MINIMUM MEMORY PER PROCESSOR...............:       76 MB
 AVERAGE MEMORY PER PROCESSOR...............:       76 MB
  
                   ** DISK USAGE STATISTICS **
  
 TOTAL DISK SPACE USED .....................:         15 MB
 ANIMATION/H3D/TH/OUTP SIZE ................:          0 MB
 RESTART FILE SIZE .........................:         15 MB
  
                   ** COMPUTE TIME INFORMATION **
                        ** CURRENT ENGINE **
  
 EXECUTION STARTED .........................:      2026/10/09  15:29:47
 EXECUTION COMPLETED .......................:      2026/10/09  15:29:54
  
 ELAPSED TIME     =          6.48 s
                          0:00:06



     NORMAL TERMINATION      



     TOTAL NUMBER OF CYCLES  :   40001

  
                   ** COMPUTE RUNTIME INFORMATION SUMMARY **
  
        STARTER RUNTIME =          3.68s (00:00:03)
 # 001   ENGINE RUNTIME =          6.48s (00:00:06)
 ------------------------------ 
 STARTER+ENGINE RUNTIME =         10.16s (00:00:10)
  
