************************************************************************
**                                                                    **
**                                                                    **
**                         OpenRadioss Engine                         **
**                                                                    **
**            Non-linear Finite Element Analysis Software             **
**                                                                    **
**                                                                    **
**                                                                    **
**                  Windows 64 bits, Intel compiler                   **
**                      Double Precision Version                      **
**                                                                    **
**                                                                    **
**                                                                    **
************************************************************************
** OpenRadioss Software                                               **
** COPYRIGHT (C) 2026 Siemens                                         **
** Licensed under GNU Affero General Public License.                  **
** See License file.                                                  **
************************************************************************
 
 ROOT: A11_FREE_04  RESTART: 0001
 NUMBER OF HMPP PROCESSES     2
 07/10/2026
     ANIMATION FILE: A11_FREE_04A001 WRITTEN
     ANIMATION FILE: A11_FREE_04A002 WRITTEN
     ANIMATION FILE: A11_FREE_04A003 WRITTEN
     ANIMATION FILE: A11_FREE_04A004 WRITTEN
     ANIMATION FILE: A11_FREE_04A005 WRITTEN
     ANIMATION FILE: A11_FREE_04A006 WRITTEN
     ANIMATION FILE: A11_FREE_04A007 WRITTEN
     ANIMATION FILE: A11_FREE_04A008 WRITTEN
     RESTART FILES: A11_FREE_04_0001_[0001-0001].rst WRITTEN
     ANIMATION FILE: A11_FREE_04A009 WRITTEN
  
                           ** CPU USER TIME **
  
  
                        ** SUMMARY **
  
 #PROC  CONTSORT  CONTFOR   ELEMENT   KINCOND   INTEG     IO        T0        ASM       RESOL    
   1   .2031E+00 .4688E-01 .8528E+02 .5641E+01 .1406E+01 .1023E+02 .1406E+00 .3078E+01 .1105E+03
 
                   ** CUMULATIVE CPU TIME SUMMARY **
  
 CONTACT SORTING.............: .2031E+00     0.18 % 
 CONTACT FORCES..............: .4688E-01     0.04 % 
 ELEMENT FORCES..............: .8528E+02    77.17 % 
 KINEMATIC COND..............: .5641E+01     5.10 % 
 INTEGRATION.................: .1406E+01     1.27 % 
 ASSEMBLING..................: .3078E+01     2.79 % 
 OTHERS (including I/O)......: .1486E+02    13.45 % 
 TOTAL.......................: .1105E+03   100.00 % 
  
                   ** MEMORY USAGE STATISTICS **
  
 TOTAL MEMORY USED .........................:      240 MB
 MAXIMUM MEMORY PER PROCESSOR...............:      240 MB
 MINIMUM MEMORY PER PROCESSOR...............:      240 MB
 AVERAGE MEMORY PER PROCESSOR...............:      240 MB
  
                   ** DISK USAGE STATISTICS **
  
 TOTAL DISK SPACE USED .....................:        251 MB
 ANIMATION/H3D/TH/OUTP SIZE ................:        191 MB
 RESTART FILE SIZE .........................:         59 MB
  
 ELAPSED TIME     =         55.56 s
                          0:00:55
  
     NORMAL TERMINATION      
     TOTAL NUMBER OF CYCLES  :    4291
