 A14_RAW_N1_R0_0001.out
************************************************************************
**                                                                    **
**                                                                    **
**                         OpenRadioss Engine                         **
**                                                                    **
**            Non-linear Finite Element Analysis Software             **
**                                                                    **
**                                                                    **
**                                                                    **
**                  Windows 64 bits, Intel compiler                   **
**                      Double Precision Version                      **
**                                                                    **
**                                                                    **
**                                                                    **
************************************************************************
** OpenRadioss Software                                               **
** COPYRIGHT (C) 2026 Siemens                                         **
** Licensed under GNU Affero General Public License.                  **
** See License file.                                                  **
************************************************************************
 
 NUMBER OF SPMD DOMAINS           1
 NUMBER OF THREADS PER DOMAIN     2
 NUMBER OF HMPP PROCESSES         2
  
 COMPUTATION HARDWARE DESCRIPTION
  
 HOSTNAME     CPU TYPE, FREQUENCY AND MEMORY
 jeux   AMD Ryzen 5 5600 6-Core Processor               (x86_64), 3700 MHz,  10076 MB RAM,  20277 MB swap
  
 STACKSIZE  . . . . . . . . . . . . . . . . . . . . 1430 MB
 THREAD STACKSIZE . . . . . . . . . . . . . . . . . 400 MB
 
************************************************************************


 A14_RAW_N1_R0D01                                                                


 FINAL TIME . . . . . . . . . . . . . . . . . . .  0.4000000E-01

 TIME INTERVAL FOR TIME HISTORY PLOTS . . . . . .  0.1000000E-05

 TIME STEP SCALE FACTOR . . . . . . . . . . . . .  0.5000000E-01

 MINIMUM TIME STEP  . . . . . . . . . . . . . . .   0.000000    


 BRICK TIME STEP SCALE FACTOR . . . . . . . . . .  0.5000000E-01
 BRICK MINIMUM TIME STEP. . . . . . . . . . . . .   0.000000    
 MIN. TIME STEP FLAG (1:STOP RUN, 2:DELETE BRICK)     1

 QUAD TIME STEP SCALE FACTOR. . . . . . . . . . .  0.5000000E-01
 QUAD MINIMUM TIME STEP . . . . . . . . . . . . .   0.000000    
 MIN. TIME STEP FLAG (1:STOP RUN, 2:DELETE QUAD).     1

 SHELL TIME STEP SCALE FACTOR . . . . . . . . . .  0.5000000E-01
 SHELL MINIMUM TIME STEP. . . . . . . . . . . . .   0.000000    
 MIN. TIME FLAG (1:STOP, 2:DELETE, 3:SMALL STRAIN)    2

 TRUSS TIME STEP SCALE FACTOR . . . . . . . . . .  0.5000000E-01
 TRUSS MINIMUM TIME STEP. . . . . . . . . . . . .   0.000000    
 MIN. TIME FLAG (1:STOP, 2:DELETE). . . . . . . .     0

 BEAM TIME STEP SCALE FACTOR. . . . . . . . . . .  0.5000000E-01
 BEAM MINIMUM TIME STEP . . . . . . . . . . . . .   0.000000    
 MIN. TIME FLAG (1:STOP, 2:DELETE). . . . . . . .     0

 SPRING TIME STEP SCALE FACTOR. . . . . . . . . .  0.5000000E-01
 SPRING MINIMUM TIME STEP . . . . . . . . . . . .   0.000000    
 MIN. TIME FLAG (1:STOP, 2:DELETE). . . . . . . .     0

 AIRBAG TIME STEP SCALE FACTOR. . . . . . . . . .  0.5000000E-01
 AIRBAG MINIMUM TIME STEP . . . . . . . . . . . .   0.000000    
 MIN. TIME FLAG (1:STOP). . . . . . . . . . . . .     0

 CONTACT TIME STEP SCALE FACTOR . . . . . . . . .  0.5000000E-01
 CONTACT MINIMUM TIME STEP. . . . . . . . . . . .   0.000000    
 MIN. TIME FLAG(1:STOP, 2:REMOVE NODE FROM INTERF)    0

 PRINTOUT CYCLE FREQUENCY . . . . . . . . . . . .    10

 RESTART CYCLE FREQUENCY. . . . . . . . . . . . .   10000000

 MAXIMUM RESTART WRITE BEFORE OVERWRITE . . . . .     0

 INVERS: INPUT DECK VERSION . . . . . . . . . . .  2026
 ITTYP : FLAG FOR TYPE OF T-FILE. . . . . . . . .     4

 INITIAL TIME STEP. . . . . . . . . . . . . . . .   0.000000    
 MAXIMUM TIME STEP. . . . . . . . . . . . . . . .  0.1000000E+21

 PARALLEL ARITHMETIC ON
 NUMBER OF INTERFACES TO BE ELIMINATED. . . . . .        0

 NUMBER OF PARTS TO BE ELIMINATED . . . . . . . .        0

 NUMBER OF SOLID  ELEMENT BLOCKS TO BE ELIMINATED        0

 NUMBER OF QUAD   ELEMENT BLOCKS TO BE ELIMINATED        0

 NUMBER OF SHELL  ELEMENT BLOCKS TO BE ELIMINATED        0

 NUMBER OF TRUSS  ELEMENT BLOCKS TO BE ELIMINATED        0

 NUMBER OF BEAM   ELEMENT BLOCKS TO BE ELIMINATED        0

 NUMBER OF SPRING ELEMENT BLOCKS TO BE ELIMINATED        0

 NUMBER OF SH_3N  ELEMENT BLOCKS TO BE ELIMINATED        0

 NUMBER OF  SPH PARTICLES BLOCKS TO BE ELIMINATED        0

 NUMBER OF RIGID LINKS. . . . . . . . . . . . . .        0

 NUMBER OF NEW BOUNDARY CONDITIONS. . . . . . . .        0


 TIME FOR FIRST ANIMATION-FILE PLOT . . . . . . .   0.000000    
 TIME INTERVAL FOR ANIMATION-FILE PLOTS . . . . .  0.2000000E-02
 TIME TO STOP ANIMATION-FILE PLOTS. . . . . . . .  0.1000000E+21
 SENSOR FOR ANIMATION-FILE PLOTS. . . . . . . . .          0
 TIME INTERVAL FOR SENSOR ANIMATION-FILE PLOTS. .   0.000000    

 VARIABLE SAVED ON ANIMATION FILES (1: YES) :
      PLASTIC STRAIN. . . . . .     0
      DENSITY     (SOLID ONLY).     0
      SPECIFIC ENERGY . . . . .     0
      HOURGLASS ENERGY. . . . .     0
      TEMPERATURE (SOLID ONLY).     0
      THICKNESS   (SHELL ONLY).     0
      PRESSURE    (SOLID ONLY).     0
      VON MISES . . . . . . . .     0
      TURBULENT ENERGY (FLUID).     0
      TURBULENT VISCOSITY(FLUID)    0
      VORTICITY (FLUID) . . . .     0
 NODAL VALUES SAVED ON ANIMATION FILES (1: YES) :
      PRESSURE. . . . . . . . .     0
      DENSITY . . . . . . . . .     0
      TEMPERATURE . . . . . . .     0
 VECTOR SAVED ON ANIMATION FILES (1: YES) :
      VELOCITY VECTOR . . . . .     1
      DISPLACEMENT VECTOR . . .     1
      ACCELERATION VECTOR . . .     0
      CONTACT FORCES. . . . . .     0
      INTERNAL FORCES . . . . .     0
      EXTERNAL FORCES . . . . .     0
      SECTION RBY RWALL FORCES.     0
      ROTATIONAL VELOCITY VECTOR    0
      CONTACT PRESSURE (VECTORS)    0
 SHELL TENSOR SAVED ON ANIMATION FILES (1: YES) :
      MEMBRANE STRESS . . . . .     0
      BENDING STRESS(MOMENT/T^2)    0
      UPPER LAYER STRESS. . . .     0
      LOWER LAYER STRESS. . . .     0
      MEMBRANE STRAIN . . . . .     0
      CURVATURE . . . . . . . .     0
      UPPER LAYER STRAIN. . . .     0
      LOWER LAYER STRAIN. . . .     0
 NODAL MASS SAVED ON ANIMATION FILES (1: YES) :    1
 KEEP DELETED ELEMENT (1: YES) :    0


 08/10/2026
   CYCLE    TIME      TIME-STEP  ELEMENT          ERROR  I-ENERGY    K-ENERGY T  K-ENERGY R  EXT-WORK     MAS.ERR     TOTAL MASS  MASS ADDED
       0   0.000      0.1701E-03 NODE           1   0.0%   0.000      0.2224E+05   0.000       0.000       0.000       5.560       0.000    
     ANIMATION FILE: A14_RAW_N1_R0A001 WRITTEN
      10  0.1701E-02  0.1701E-03 NODE           1   0.0%   0.000      0.2224E+05   0.000       0.000       0.000       5.560       0.000    
     ANIMATION FILE: A14_RAW_N1_R0A002 WRITTEN
      20  0.3401E-02  0.1701E-03 NODE           1   0.0%   0.000      0.2224E+05   0.000       0.000       0.000       5.560       0.000    
     ANIMATION FILE: A14_RAW_N1_R0A003 WRITTEN
      30  0.5102E-02  0.1701E-03 NODE           1   0.0%   0.000      0.2224E+05   0.000       0.000       0.000       5.560       0.000    
     ANIMATION FILE: A14_RAW_N1_R0A004 WRITTEN
      40  0.6802E-02  0.1701E-03 NODE           1   0.0%   0.000      0.2224E+05   0.000       0.000       0.000       5.560       0.000    
     ANIMATION FILE: A14_RAW_N1_R0A005 WRITTEN
      50  0.8503E-02  0.1701E-03 NODE           1   0.0%   0.000      0.2224E+05   0.000       0.000       0.000       5.560       0.000    
     ANIMATION FILE: A14_RAW_N1_R0A006 WRITTEN
      60  0.1020E-01  0.1701E-03 NODE           1   0.0%   0.000      0.2224E+05   0.000       0.000       0.000       5.560       0.000    
      70  0.1190E-01  0.1701E-03 NODE           1   0.0%   0.000      0.2224E+05   0.000       0.000       0.000       5.560       0.000    
     ANIMATION FILE: A14_RAW_N1_R0A007 WRITTEN
      80  0.1360E-01  0.1701E-03 NODE           1   0.0%   0.000      0.2224E+05   0.000       0.000       0.000       5.560       0.000    
     ANIMATION FILE: A14_RAW_N1_R0A008 WRITTEN
      90  0.1530E-01  0.1701E-03 NODE           1   0.0%   0.000      0.2224E+05   0.000       0.000       0.000       5.560       0.000    
     ANIMATION FILE: A14_RAW_N1_R0A009 WRITTEN
     100  0.1701E-01  0.1701E-03 NODE           1   0.0%   0.000      0.2224E+05   0.000       0.000       0.000       5.560       0.000    
     ANIMATION FILE: A14_RAW_N1_R0A010 WRITTEN
     110  0.1871E-01  0.1701E-03 NODE           1   0.0%   0.000      0.2224E+05   0.000       0.000       0.000       5.560       0.000    
     ANIMATION FILE: A14_RAW_N1_R0A011 WRITTEN
     120  0.2034E-01  0.1085E-03 NODE           1  -1.0%   0.000      0.2202E+05   0.000       0.000       0.000       5.560       0.000    
     130  0.2143E-01  0.1085E-03 NODE           1 -21.6%   0.000      0.1743E+05   0.000       0.000       0.000       5.560       0.000    
     ANIMATION FILE: A14_RAW_N1_R0A012 WRITTEN
     140  0.2251E-01  0.1085E-03 NODE           1 -58.3%   0.000       9271.       0.000       0.000       0.000       5.560       0.000    
     150  0.2360E-01  0.1085E-03 NODE           1 -90.3%   0.000       2159.       0.000       0.000       0.000       5.560       0.000    
     ANIMATION FILE: A14_RAW_N1_R0A013 WRITTEN
     160  0.2469E-01  0.1085E-03 NODE           1 -99.5%   0.000       103.1       0.000       0.000       0.000       5.560       0.000    
     170  0.2577E-01  0.1085E-03 NODE           1 -80.8%   0.000       4263.       0.000       0.000       0.000       5.560       0.000    
     ANIMATION FILE: A14_RAW_N1_R0A014 WRITTEN
     180  0.2686E-01  0.1085E-03 NODE           1 -44.7%   0.000      0.1229E+05   0.000       0.000       0.000       5.560       0.000    
     190  0.2794E-01  0.1085E-03 NODE           1 -11.6%   0.000      0.1966E+05   0.000       0.000       0.000       5.560       0.000    
     ANIMATION FILE: A14_RAW_N1_R0A015 WRITTEN
     200  0.2903E-01  0.1194E-03 NODE           1   0.0%   0.000      0.2224E+05   0.000       0.000       0.000       5.560       0.000    
     ANIMATION FILE: A14_RAW_N1_R0A016 WRITTEN
     210  0.3060E-01  0.1701E-03 NODE           1   0.0%   0.000      0.2224E+05   0.000       0.000       0.000       5.560       0.000    
     ANIMATION FILE: A14_RAW_N1_R0A017 WRITTEN
     220  0.3230E-01  0.1701E-03 NODE           1   0.0%   0.000      0.2224E+05   0.000       0.000       0.000       5.560       0.000    
     230  0.3400E-01  0.1701E-03 NODE           1   0.0%   0.000      0.2224E+05   0.000       0.000       0.000       5.560       0.000    
     ANIMATION FILE: A14_RAW_N1_R0A018 WRITTEN
     240  0.3570E-01  0.1701E-03 NODE           1   0.0%   0.000      0.2224E+05   0.000       0.000       0.000       5.560       0.000    
     ANIMATION FILE: A14_RAW_N1_R0A019 WRITTEN
     250  0.3740E-01  0.1701E-03 NODE           1   0.0%   0.000      0.2224E+05   0.000       0.000       0.000       5.560       0.000    
     ANIMATION FILE: A14_RAW_N1_R0A020 WRITTEN
     260  0.3910E-01  0.1701E-03 NODE           1   0.0%   0.000      0.2224E+05   0.000       0.000       0.000       5.560       0.000    

     RESTART FILES: A14_RAW_N1_R0_0001_[0001-0001].rst WRITTEN
     -------------

  
                           ** CPU USER TIME **
  
  
                        ** SUMMARY **
  
 #PROC  CONTSORT  CONTFOR   ELEMENT   KINCOND   INTEG     IO        T0        ASM       RESOL    
   1   .1562E-01 .1562E-01 .0000E+00 .0000E+00 .0000E+00 .9375E-01 .0000E+00 .0000E+00 .1250E+00
  
 
                   ** CUMULATIVE CPU TIME SUMMARY **
  
 CONTACT SORTING.............: .1562E-01    12.50 % 
 CONTACT FORCES..............: .1562E-01    12.50 % 
 .. INCLUDING CONTACT NORMALS: .0000E+00     0.00 % 
 ELEMENT FORCES..............: .0000E+00     0.00 % 
 KINEMATIC COND..............: .0000E+00     0.00 % 
 INTEGRATION.................: .0000E+00     0.00 % 
 ASSEMBLING..................: .0000E+00     0.00 % 
 OTHERS (including I/O)......: .9375E-01    75.00 % 
 TOTAL.......................: .1250E+00   100.00 % 
  
  
                           ** ELAPSED TIME **
  
  
                        ** SUMMARY **
  
 #PROC  CONTSORT  CONTFOR   ELEMENT   KINCOND   INTEG     IO        T0        ASM       RESOL    
   1   .5937E-02 .7352E-02 .4702E-02 .1534E-02 .2224E-02 .3088E-01 .3552E-02 .2390E-02 .6903E-01
  
                   ** MEMORY USAGE STATISTICS **
  
 TOTAL MEMORY USED .........................:       48 MB
 MAXIMUM MEMORY PER PROCESSOR...............:       48 MB
 MINIMUM MEMORY PER PROCESSOR...............:       48 MB
 AVERAGE MEMORY PER PROCESSOR...............:       48 MB
  
                   ** DISK USAGE STATISTICS **
  
 TOTAL DISK SPACE USED .....................:          0 MB
 ANIMATION/H3D/TH/OUTP SIZE ................:          0 MB
 RESTART FILE SIZE .........................:          0 MB
  
                   ** COMPUTE TIME INFORMATION **
                        ** CURRENT ENGINE **
  
 EXECUTION STARTED .........................:      2026/10/08  11:02:51
 EXECUTION COMPLETED .......................:      2026/10/08  11:02:51
  
 ELAPSED TIME     =          0.10 s
                          0:00:00



     NORMAL TERMINATION      



     TOTAL NUMBER OF CYCLES  :     266

  
                   ** COMPUTE RUNTIME INFORMATION SUMMARY **
  
        STARTER RUNTIME =          0.62s (00:00:00)
 # 001   ENGINE RUNTIME =          0.10s (00:00:00)
 ------------------------------ 
 STARTER+ENGINE RUNTIME =          0.72s (00:00:00)
  
