 V8W_IM_M100_P100_DT090_T1_0001.out
************************************************************************
**                                                                    **
**                                                                    **
**                         OpenRadioss Engine                         **
**                                                                    **
**            Non-linear Finite Element Analysis Software             **
**                                                                    **
**                                                                    **
**                                                                    **
**                  Windows 64 bits, Intel compiler                   **
**                      Double Precision Version                      **
**                                                                    **
**                                                                    **
**                                                                    **
************************************************************************
** OpenRadioss Software                                               **
** COPYRIGHT (C) 2026 Siemens                                         **
** Licensed under GNU Affero General Public License.                  **
** See License file.                                                  **
************************************************************************
 
 NUMBER OF SPMD DOMAINS           1
 NUMBER OF THREADS PER DOMAIN     1
 NUMBER OF HMPP PROCESSES         1
  
 COMPUTATION HARDWARE DESCRIPTION
  
 HOSTNAME     CPU TYPE, FREQUENCY AND MEMORY
 jeux   AMD Ryzen 5 5600 6-Core Processor               (x86_64), 3700 MHz,   5953 MB RAM,  22954 MB swap
  
 STACKSIZE  . . . . . . . . . . . . . . . . . . . . 1430 MB
 THREAD STACKSIZE . . . . . . . . . . . . . . . . . 400 MB
 
************************************************************************


 V8W_IM_M100_P100_DT090_T1D01                                                    


 FINAL TIME . . . . . . . . . . . . . . . . . . .   18.00000    

 TIME INTERVAL FOR TIME HISTORY PLOTS . . . . . .  0.2000000E-01

 TIME STEP SCALE FACTOR . . . . . . . . . . . . .  0.9000000    

 MINIMUM TIME STEP  . . . . . . . . . . . . . . .   0.000000    


 BRICK TIME STEP SCALE FACTOR . . . . . . . . . .  0.9000000    
 BRICK MINIMUM TIME STEP. . . . . . . . . . . . .   0.000000    
 MIN. TIME STEP FLAG (1:STOP RUN, 2:DELETE BRICK)     1

 QUAD TIME STEP SCALE FACTOR. . . . . . . . . . .  0.9000000    
 QUAD MINIMUM TIME STEP . . . . . . . . . . . . .   0.000000    
 MIN. TIME STEP FLAG (1:STOP RUN, 2:DELETE QUAD).     1

 SHELL TIME STEP SCALE FACTOR . . . . . . . . . .  0.9000000    
 SHELL MINIMUM TIME STEP. . . . . . . . . . . . .   0.000000    
 MIN. TIME FLAG (1:STOP, 2:DELETE, 3:SMALL STRAIN)    2

 TRUSS TIME STEP SCALE FACTOR . . . . . . . . . .  0.9000000    
 TRUSS MINIMUM TIME STEP. . . . . . . . . . . . .   0.000000    
 MIN. TIME FLAG (1:STOP, 2:DELETE). . . . . . . .     0

 BEAM TIME STEP SCALE FACTOR. . . . . . . . . . .  0.9000000    
 BEAM MINIMUM TIME STEP . . . . . . . . . . . . .   0.000000    
 MIN. TIME FLAG (1:STOP, 2:DELETE). . . . . . . .     0

 SPRING TIME STEP SCALE FACTOR. . . . . . . . . .  0.9000000    
 SPRING MINIMUM TIME STEP . . . . . . . . . . . .   0.000000    
 MIN. TIME FLAG (1:STOP, 2:DELETE). . . . . . . .     0

 AIRBAG TIME STEP SCALE FACTOR. . . . . . . . . .  0.9000000    
 AIRBAG MINIMUM TIME STEP . . . . . . . . . . . .   0.000000    
 MIN. TIME FLAG (1:STOP). . . . . . . . . . . . .     0

 CONTACT TIME STEP SCALE FACTOR . . . . . . . . .  0.9000000    
 CONTACT MINIMUM TIME STEP. . . . . . . . . . . .   0.000000    
 MIN. TIME FLAG(1:STOP, 2:REMOVE NODE FROM INTERF)    0

 PRINTOUT CYCLE FREQUENCY . . . . . . . . . . . .  -100

 RESTART CYCLE FREQUENCY. . . . . . . . . . . . .   10000000

 MAXIMUM RESTART WRITE BEFORE OVERWRITE . . . . .     0

 INVERS: INPUT DECK VERSION . . . . . . . . . . .  2026
 ITTYP : FLAG FOR TYPE OF T-FILE. . . . . . . . .     4

 INITIAL TIME STEP. . . . . . . . . . . . . . . .   0.000000    
 MAXIMUM TIME STEP. . . . . . . . . . . . . . . .  0.1000000E+21

 PARALLEL ARITHMETIC ON
 NUMBER OF INTERFACES TO BE ELIMINATED. . . . . .        0

 NUMBER OF PARTS TO BE ELIMINATED . . . . . . . .        0

 NUMBER OF SOLID  ELEMENT BLOCKS TO BE ELIMINATED        0

 NUMBER OF QUAD   ELEMENT BLOCKS TO BE ELIMINATED        0

 NUMBER OF SHELL  ELEMENT BLOCKS TO BE ELIMINATED        0

 NUMBER OF TRUSS  ELEMENT BLOCKS TO BE ELIMINATED        0

 NUMBER OF BEAM   ELEMENT BLOCKS TO BE ELIMINATED        0

 NUMBER OF SPRING ELEMENT BLOCKS TO BE ELIMINATED        0

 NUMBER OF SH_3N  ELEMENT BLOCKS TO BE ELIMINATED        0

 NUMBER OF  SPH PARTICLES BLOCKS TO BE ELIMINATED        0

 NUMBER OF RIGID LINKS. . . . . . . . . . . . . .        0

 NUMBER OF NEW BOUNDARY CONDITIONS. . . . . . . .        0


 TIME FOR FIRST ANIMATION-FILE PLOT . . . . . . .   0.000000    
 TIME INTERVAL FOR ANIMATION-FILE PLOTS . . . . .   1.000000    
 TIME TO STOP ANIMATION-FILE PLOTS. . . . . . . .  0.1000000E+21
 SENSOR FOR ANIMATION-FILE PLOTS. . . . . . . . .          0
 TIME INTERVAL FOR SENSOR ANIMATION-FILE PLOTS. .   0.000000    

 VARIABLE SAVED ON ANIMATION FILES (1: YES) :
      PLASTIC STRAIN. . . . . .     0
      DENSITY     (SOLID ONLY).     0
      SPECIFIC ENERGY . . . . .     1
      HOURGLASS ENERGY. . . . .     0
      TEMPERATURE (SOLID ONLY).     0
      THICKNESS   (SHELL ONLY).     0
      PRESSURE    (SOLID ONLY).     0
      VON MISES . . . . . . . .     0
      TURBULENT ENERGY (FLUID).     0
      TURBULENT VISCOSITY(FLUID)    0
      VORTICITY (FLUID) . . . .     0
 NODAL VALUES SAVED ON ANIMATION FILES (1: YES) :
      PRESSURE. . . . . . . . .     0
      DENSITY . . . . . . . . .     0
      TEMPERATURE . . . . . . .     0
 VECTOR SAVED ON ANIMATION FILES (1: YES) :
      VELOCITY VECTOR . . . . .     1
      DISPLACEMENT VECTOR . . .     1
      ACCELERATION VECTOR . . .     0
      CONTACT FORCES. . . . . .     1
      INTERNAL FORCES . . . . .     0
      EXTERNAL FORCES . . . . .     0
      SECTION RBY RWALL FORCES.     0
      ROTATIONAL VELOCITY VECTOR    0
      CONTACT PRESSURE (VECTORS)    0
 SHELL TENSOR SAVED ON ANIMATION FILES (1: YES) :
      MEMBRANE STRESS . . . . .     0
      BENDING STRESS(MOMENT/T^2)    0
      UPPER LAYER STRESS. . . .     0
      LOWER LAYER STRESS. . . .     0
      MEMBRANE STRAIN . . . . .     0
      CURVATURE . . . . . . . .     0
      UPPER LAYER STRAIN. . . .     0
      LOWER LAYER STRAIN. . . .     0
 NODAL MASS SAVED ON ANIMATION FILES (1: YES) :    0
 KEEP DELETED ELEMENT (1: YES) :    0


 24/08/2026
   CYCLE    TIME      TIME-STEP  ELEMENT          ERROR  I-ENERGY    K-ENERGY T  K-ENERGY R  EXT-WORK     MAS.ERR     TOTAL MASS  MASS ADDED
       0   0.000      0.1362E-01 NODE        1524   0.0%   0.000      0.8939E+11   0.000       0.000       0.000      0.8369E+07   0.000    
     ANIMATION FILE: V8W_IM_M100_P100_DT090_T1A001 WRITTEN
 -- RUPTURE OF SHELL ELEMENT NUMBER       7699
 -- RUPTURE OF SHELL ELEMENT NUMBER       7716
 -- RUPTURE OF SHELL ELEMENT NUMBER       8148
 -- RUPTURE OF SHELL ELEMENT NUMBER       8131
 -- RUPTURE OF SHELL ELEMENT NUMBER       7700
 -- RUPTURE OF SHELL ELEMENT NUMBER       7715
 -- RUPTURE OF SHELL ELEMENT NUMBER       8147
 -- RUPTURE OF SHELL ELEMENT NUMBER       8132
 -- RUPTURE OF SHELL ELEMENT NUMBER       8572
 -- RUPTURE OF SHELL ELEMENT NUMBER       8571
 -- RUPTURE OF SHELL ELEMENT NUMBER       9003
 -- RUPTURE OF SHELL ELEMENT NUMBER       9004
 -- RUPTURE OF SHELL ELEMENT NUMBER       7702
 -- RUPTURE OF SHELL ELEMENT NUMBER       7703
 -- RUPTURE OF SHELL ELEMENT NUMBER       7704
 -- RUPTURE OF SHELL ELEMENT NUMBER       7705
 -- RUPTURE OF SHELL ELEMENT NUMBER       7706
 -- RUPTURE OF SHELL ELEMENT NUMBER       7707
 -- RUPTURE OF SHELL ELEMENT NUMBER       7708
 -- RUPTURE OF SHELL ELEMENT NUMBER       7709
 -- RUPTURE OF SHELL ELEMENT NUMBER       7710
 -- RUPTURE OF SHELL ELEMENT NUMBER       7711
 -- RUPTURE OF SHELL ELEMENT NUMBER       7712
 -- RUPTURE OF SHELL ELEMENT NUMBER       7713
 -- RUPTURE OF SHELL ELEMENT NUMBER       8145
 -- RUPTURE OF SHELL ELEMENT NUMBER       8144
 -- RUPTURE OF SHELL ELEMENT NUMBER       8143
 -- RUPTURE OF SHELL ELEMENT NUMBER       8142
 -- RUPTURE OF SHELL ELEMENT NUMBER       8141
 -- RUPTURE OF SHELL ELEMENT NUMBER       8140
 -- RUPTURE OF SHELL ELEMENT NUMBER       8139
 -- RUPTURE OF SHELL ELEMENT NUMBER       8138
 -- RUPTURE OF SHELL ELEMENT NUMBER       8137
 -- RUPTURE OF SHELL ELEMENT NUMBER       8136
 -- RUPTURE OF SHELL ELEMENT NUMBER       8135
 -- RUPTURE OF SHELL ELEMENT NUMBER       8134
 -- RUPTURE OF SHELL ELEMENT NUMBER       8580
 -- RUPTURE OF SHELL ELEMENT NUMBER       7701
 -- RUPTURE OF SHELL ELEMENT NUMBER       7714
 -- RUPTURE OF SHELL ELEMENT NUMBER       8563
 -- RUPTURE OF SHELL ELEMENT NUMBER       8995
 -- RUPTURE OF SHELL ELEMENT NUMBER       8146
 -- RUPTURE OF SHELL ELEMENT NUMBER       8133
 -- RUPTURE OF SHELL ELEMENT NUMBER       9012
 -- RUPTURE OF SHELL ELEMENT NUMBER       8573
 -- RUPTURE OF SHELL ELEMENT NUMBER       8570
 -- RUPTURE OF SHELL ELEMENT NUMBER       9002
 -- RUPTURE OF SHELL ELEMENT NUMBER       9005
     ANIMATION FILE: V8W_IM_M100_P100_DT090_T1A002 WRITTEN
 -- RUPTURE OF SHELL ELEMENT NUMBER       9534
 -- RUPTURE OF SHELL ELEMENT NUMBER       9463
 -- RUPTURE OF SHELL ELEMENT NUMBER       9517
 -- RUPTURE OF SHELL ELEMENT NUMBER       9480
     100   1.287      0.1217E-01 NODE        9650  -0.5%  0.2301E+10  0.8657E+11  0.7179E+08   0.000       0.000      0.8369E+07   0.000    
 -- RUPTURE OF SHELL ELEMENT NUMBER       9527
 -- RUPTURE OF SHELL ELEMENT NUMBER       9524
 -- RUPTURE OF SHELL ELEMENT NUMBER       9470
 -- RUPTURE OF SHELL ELEMENT NUMBER       9473
 -- RUPTURE OF SHELL ELEMENT NUMBER       8574
 -- RUPTURE OF SHELL ELEMENT NUMBER       8569
 -- RUPTURE OF SHELL ELEMENT NUMBER       9001
 -- RUPTURE OF SHELL ELEMENT NUMBER       9006
 -- RUPTURE OF SHELL ELEMENT NUMBER       8598
 -- RUPTURE OF SHELL ELEMENT NUMBER       8581
 -- RUPTURE OF SHELL ELEMENT NUMBER       9013
 -- RUPTURE OF SHELL ELEMENT NUMBER       9030
 -- RUPTURE OF SHELL ELEMENT NUMBER       2752
 -- RUPTURE OF SHELL ELEMENT NUMBER       2805
 -- RUPTURE OF SHELL ELEMENT NUMBER       2780
 -- RUPTURE OF SHELL ELEMENT NUMBER       2833
 -- RUPTURE OF SHELL ELEMENT NUMBER       2748
 -- RUPTURE OF SHELL ELEMENT NUMBER       2801
 -- RUPTURE OF SHELL ELEMENT NUMBER       2756
 -- RUPTURE OF SHELL ELEMENT NUMBER       2809
 -- RUPTURE OF SHELL ELEMENT NUMBER       2776
 -- RUPTURE OF SHELL ELEMENT NUMBER       2829
 -- RUPTURE OF SHELL ELEMENT NUMBER       2784
 -- RUPTURE OF SHELL ELEMENT NUMBER       2837
 -- RUPTURE OF SHELL ELEMENT NUMBER       2760
 -- RUPTURE OF SHELL ELEMENT NUMBER       2813
 -- RUPTURE OF SHELL ELEMENT NUMBER       2764
 -- RUPTURE OF SHELL ELEMENT NUMBER       2817
 -- RUPTURE OF SHELL ELEMENT NUMBER       2768
 -- RUPTURE OF SHELL ELEMENT NUMBER       2821
 -- RUPTURE OF SHELL ELEMENT NUMBER       2772
 -- RUPTURE OF SHELL ELEMENT NUMBER       2825
 -- RUPTURE OF SHELL ELEMENT NUMBER       2744
 -- RUPTURE OF SHELL ELEMENT NUMBER       2797
 -- RUPTURE OF SHELL ELEMENT NUMBER       2788
 -- RUPTURE OF SHELL ELEMENT NUMBER       2841
 -- RUPTURE OF SHELL ELEMENT NUMBER       9528
 -- RUPTURE OF SHELL ELEMENT NUMBER       9523
 -- RUPTURE OF SHELL ELEMENT NUMBER       9469
 -- RUPTURE OF SHELL ELEMENT NUMBER       9474
 -- RUPTURE OF SHELL ELEMENT NUMBER       7717
 -- RUPTURE OF SHELL ELEMENT NUMBER       7734
 -- RUPTURE OF SHELL ELEMENT NUMBER       8166
 -- RUPTURE OF SHELL ELEMENT NUMBER       8149
 -- RUPTURE OF SHELL ELEMENT NUMBER       8590
 -- RUPTURE OF SHELL ELEMENT NUMBER       8589
 -- RUPTURE OF SHELL ELEMENT NUMBER       9021
 -- RUPTURE OF SHELL ELEMENT NUMBER       9022
 -- RUPTURE OF SHELL ELEMENT NUMBER       8591
 -- RUPTURE OF SHELL ELEMENT NUMBER       8588
 -- RUPTURE OF SHELL ELEMENT NUMBER       9020
 -- RUPTURE OF SHELL ELEMENT NUMBER       9023
     ANIMATION FILE: V8W_IM_M100_P100_DT090_T1A003 WRITTEN
 -- RUPTURE OF SHELL ELEMENT NUMBER       2740
 -- RUPTURE OF SHELL ELEMENT NUMBER       2793
 -- RUPTURE OF SHELL ELEMENT NUMBER       2792
 -- RUPTURE OF SHELL ELEMENT NUMBER       2845
 -- RUPTURE OF SHELL ELEMENT NUMBER       7718
 -- RUPTURE OF SHELL ELEMENT NUMBER       7733
 -- RUPTURE OF SHELL ELEMENT NUMBER       8165
 -- RUPTURE OF SHELL ELEMENT NUMBER       8150
 -- RUPTURE OF SHELL ELEMENT NUMBER        512
 -- RUPTURE OF SHELL ELEMENT NUMBER       1028
 -- RUPTURE OF SHELL ELEMENT NUMBER       4157
 -- RUPTURE OF SHELL ELEMENT NUMBER       4673
 -- RUPTURE OF SHELL ELEMENT NUMBER       2333
 -- RUPTURE OF SHELL ELEMENT NUMBER       2336
 -- RUPTURE OF SHELL ELEMENT NUMBER       2849
 -- RUPTURE OF SHELL ELEMENT NUMBER       2852
     200   2.431      0.1193E-01 NODE         850  -1.2%  0.6078E+10  0.8213E+11  0.1272E+09   0.000       0.000      0.8369E+07   0.000    
 -- RUPTURE OF SHELL ELEMENT NUMBER       7738
 -- RUPTURE OF SHELL ELEMENT NUMBER       7749
 -- RUPTURE OF SHELL ELEMENT NUMBER       8181
 -- RUPTURE OF SHELL ELEMENT NUMBER       8170
 -- RUPTURE OF SHELL ELEMENT NUMBER       7739
 -- RUPTURE OF SHELL ELEMENT NUMBER       7748
 -- RUPTURE OF SHELL ELEMENT NUMBER       8180
 -- RUPTURE OF SHELL ELEMENT NUMBER       8171
 -- RUPTURE OF SHELL ELEMENT NUMBER       7737
 -- RUPTURE OF SHELL ELEMENT NUMBER       7750
 -- RUPTURE OF SHELL ELEMENT NUMBER       8182
 -- RUPTURE OF SHELL ELEMENT NUMBER       8169
 -- RUPTURE OF SHELL ELEMENT NUMBER       7740
 -- RUPTURE OF SHELL ELEMENT NUMBER       7747
 -- RUPTURE OF SHELL ELEMENT NUMBER       8179
 -- RUPTURE OF SHELL ELEMENT NUMBER       8172
 -- RUPTURE OF SHELL ELEMENT NUMBER       8608
 -- RUPTURE OF SHELL ELEMENT NUMBER       8607
 -- RUPTURE OF SHELL ELEMENT NUMBER       9039
 -- RUPTURE OF SHELL ELEMENT NUMBER       9040
 -- RUPTURE OF SHELL ELEMENT NUMBER       2528
 -- RUPTURE OF SHELL ELEMENT NUMBER       2621
 -- RUPTURE OF SHELL ELEMENT NUMBER       3044
 -- RUPTURE OF SHELL ELEMENT NUMBER       3137
 -- RUPTURE OF SHELL ELEMENT NUMBER       8616
 -- RUPTURE OF SHELL ELEMENT NUMBER       7741
 -- RUPTURE OF SHELL ELEMENT NUMBER       7742
 -- RUPTURE OF SHELL ELEMENT NUMBER       7745
 -- RUPTURE OF SHELL ELEMENT NUMBER       7746
 -- RUPTURE OF SHELL ELEMENT NUMBER       8599
 -- RUPTURE OF SHELL ELEMENT NUMBER       9031
 -- RUPTURE OF SHELL ELEMENT NUMBER       8178
 -- RUPTURE OF SHELL ELEMENT NUMBER       8177
 -- RUPTURE OF SHELL ELEMENT NUMBER       8174
 -- RUPTURE OF SHELL ELEMENT NUMBER       8173
 -- RUPTURE OF SHELL ELEMENT NUMBER       9048
 -- RUPTURE OF SHELL ELEMENT NUMBER       7743
 -- RUPTURE OF SHELL ELEMENT NUMBER       7744
 -- RUPTURE OF SHELL ELEMENT NUMBER       8176
 -- RUPTURE OF SHELL ELEMENT NUMBER       8175
 -- RUPTURE OF SHELL ELEMENT NUMBER       7735
 -- RUPTURE OF SHELL ELEMENT NUMBER       7752
 -- RUPTURE OF SHELL ELEMENT NUMBER       8184
 -- RUPTURE OF SHELL ELEMENT NUMBER       8167
 -- RUPTURE OF SHELL ELEMENT NUMBER       6053
 -- RUPTURE OF SHELL ELEMENT NUMBER       6144
 -- RUPTURE OF SHELL ELEMENT NUMBER       6145
 -- RUPTURE OF SHELL ELEMENT NUMBER       6236
 -- RUPTURE OF SHELL ELEMENT NUMBER       8609
 -- RUPTURE OF SHELL ELEMENT NUMBER       8606
 -- RUPTURE OF SHELL ELEMENT NUMBER       9038
 -- RUPTURE OF SHELL ELEMENT NUMBER       9041
 -- RUPTURE OF SHELL ELEMENT NUMBER       7736
 -- RUPTURE OF SHELL ELEMENT NUMBER       7751
 -- RUPTURE OF SHELL ELEMENT NUMBER       8183
 -- RUPTURE OF SHELL ELEMENT NUMBER       8168
 -- RUPTURE OF SHELL ELEMENT NUMBER       6047
 -- RUPTURE OF SHELL ELEMENT NUMBER       6138
 -- RUPTURE OF SHELL ELEMENT NUMBER       6151
 -- RUPTURE OF SHELL ELEMENT NUMBER       6242
     ANIMATION FILE: V8W_IM_M100_P100_DT090_T1A004 WRITTEN
 -- RUPTURE OF SHELL ELEMENT NUMBER       2329
 -- RUPTURE OF SHELL ELEMENT NUMBER       2332
 -- RUPTURE OF SHELL ELEMENT NUMBER       2853
 -- RUPTURE OF SHELL ELEMENT NUMBER       2856
 -- RUPTURE OF SHELL ELEMENT NUMBER       7719
 -- RUPTURE OF SHELL ELEMENT NUMBER       7732
 -- RUPTURE OF SHELL ELEMENT NUMBER       8164
 -- RUPTURE OF SHELL ELEMENT NUMBER       8151
 -- RUPTURE OF SHELL ELEMENT NUMBER       9526
 -- RUPTURE OF SHELL ELEMENT NUMBER       9525
 -- RUPTURE OF SHELL ELEMENT NUMBER       9471
 -- RUPTURE OF SHELL ELEMENT NUMBER       9472
     300   3.633      0.1162E-01 NODE        2759  -1.3%  0.7705E+10  0.8043E+11  0.1003E+09   0.000       0.000      0.8369E+07   0.000    
 -- RUPTURE OF SHELL ELEMENT NUMBER       8597
 -- RUPTURE OF SHELL ELEMENT NUMBER       8582
 -- RUPTURE OF SHELL ELEMENT NUMBER       9014
 -- RUPTURE OF SHELL ELEMENT NUMBER       9029
 -- RUPTURE OF SHELL ELEMENT NUMBER       8579
 -- RUPTURE OF SHELL ELEMENT NUMBER       8564
 -- RUPTURE OF SHELL ELEMENT NUMBER       8996
 -- RUPTURE OF SHELL ELEMENT NUMBER       9011
 -- RUPTURE OF SHELL ELEMENT NUMBER        993
 -- RUPTURE OF SHELL ELEMENT NUMBER        997
 -- RUPTURE OF SHELL ELEMENT NUMBER       4588
 -- RUPTURE OF SHELL ELEMENT NUMBER       4592
 -- RUPTURE OF SHELL ELEMENT NUMBER       2625
 -- RUPTURE OF SHELL ELEMENT NUMBER       2628
 -- RUPTURE OF SHELL ELEMENT NUMBER       2677
 -- RUPTURE OF SHELL ELEMENT NUMBER       2680
 -- RUPTURE OF SHELL ELEMENT NUMBER       6060
 -- RUPTURE OF SHELL ELEMENT NUMBER       6137
 -- RUPTURE OF SHELL ELEMENT NUMBER       6152
 -- RUPTURE OF SHELL ELEMENT NUMBER       6229
 -- RUPTURE OF SHELL ELEMENT NUMBER       8626
 -- RUPTURE OF SHELL ELEMENT NUMBER       8625
 -- RUPTURE OF SHELL ELEMENT NUMBER       9057
 -- RUPTURE OF SHELL ELEMENT NUMBER       9058
 -- RUPTURE OF SHELL ELEMENT NUMBER       9529
 -- RUPTURE OF SHELL ELEMENT NUMBER       9522
 -- RUPTURE OF SHELL ELEMENT NUMBER       9468
 -- RUPTURE OF SHELL ELEMENT NUMBER       9475
 -- RUPTURE OF SHELL ELEMENT NUMBER       9516
 -- RUPTURE OF SHELL ELEMENT NUMBER       9445
 -- RUPTURE OF SHELL ELEMENT NUMBER       9499
 -- RUPTURE OF SHELL ELEMENT NUMBER       9462
 -- RUPTURE OF SHELL ELEMENT NUMBER        977
 -- RUPTURE OF SHELL ELEMENT NUMBER       1013
 -- RUPTURE OF SHELL ELEMENT NUMBER       4572
 -- RUPTURE OF SHELL ELEMENT NUMBER       4608
 -- RUPTURE OF SHELL ELEMENT NUMBER        989
 -- RUPTURE OF SHELL ELEMENT NUMBER       1001
 -- RUPTURE OF SHELL ELEMENT NUMBER       2330
 -- RUPTURE OF SHELL ELEMENT NUMBER       2331
 -- RUPTURE OF SHELL ELEMENT NUMBER       2854
 -- RUPTURE OF SHELL ELEMENT NUMBER       2855
 -- RUPTURE OF SHELL ELEMENT NUMBER       4584
 -- RUPTURE OF SHELL ELEMENT NUMBER       4596
 -- RUPTURE OF SHELL ELEMENT NUMBER       8627
 -- RUPTURE OF SHELL ELEMENT NUMBER       8624
 -- RUPTURE OF SHELL ELEMENT NUMBER       9056
 -- RUPTURE OF SHELL ELEMENT NUMBER       9059
 -- RUPTURE OF SHELL ELEMENT NUMBER        797
 -- RUPTURE OF SHELL ELEMENT NUMBER        985
 -- RUPTURE OF SHELL ELEMENT NUMBER       1005
 -- RUPTURE OF SHELL ELEMENT NUMBER       1313
 -- RUPTURE OF SHELL ELEMENT NUMBER       4352
 -- RUPTURE OF SHELL ELEMENT NUMBER       4580
 -- RUPTURE OF SHELL ELEMENT NUMBER       4600
 -- RUPTURE OF SHELL ELEMENT NUMBER       4868
 -- RUPTURE OF SHELL ELEMENT NUMBER       2633
 -- RUPTURE OF SHELL ELEMENT NUMBER       2636
 -- RUPTURE OF SHELL ELEMENT NUMBER       2669
 -- RUPTURE OF SHELL ELEMENT NUMBER       2672
 -- RUPTURE OF SHELL ELEMENT NUMBER       8634
 -- RUPTURE OF SHELL ELEMENT NUMBER       8617
 -- RUPTURE OF SHELL ELEMENT NUMBER       9049
 -- RUPTURE OF SHELL ELEMENT NUMBER       9066
 -- RUPTURE OF SHELL ELEMENT NUMBER       9511
 -- RUPTURE OF SHELL ELEMENT NUMBER       9504
 -- RUPTURE OF SHELL ELEMENT NUMBER       9450
 -- RUPTURE OF SHELL ELEMENT NUMBER       9457
 -- RUPTURE OF SHELL ELEMENT NUMBER        981
 -- RUPTURE OF SHELL ELEMENT NUMBER       1009
 -- RUPTURE OF SHELL ELEMENT NUMBER       4576
 -- RUPTURE OF SHELL ELEMENT NUMBER       4604
 -- RUPTURE OF SHELL ELEMENT NUMBER        973
 -- RUPTURE OF SHELL ELEMENT NUMBER       1017
 -- RUPTURE OF SHELL ELEMENT NUMBER       4568
 -- RUPTURE OF SHELL ELEMENT NUMBER       4612
     ANIMATION FILE: V8W_IM_M100_P100_DT090_T1A005 WRITTEN
 -- RUPTURE OF SHELL ELEMENT NUMBER       8615
 -- RUPTURE OF SHELL ELEMENT NUMBER       8600
 -- RUPTURE OF SHELL ELEMENT NUMBER       9032
 -- RUPTURE OF SHELL ELEMENT NUMBER       9047
 -- RUPTURE OF SHELL ELEMENT NUMBER       7754
 -- RUPTURE OF SHELL ELEMENT NUMBER       7769
 -- RUPTURE OF SHELL ELEMENT NUMBER       8201
 -- RUPTURE OF SHELL ELEMENT NUMBER       8186
 -- RUPTURE OF SHELL ELEMENT NUMBER       7753
 -- RUPTURE OF SHELL ELEMENT NUMBER       7770
 -- RUPTURE OF SHELL ELEMENT NUMBER       8202
 -- RUPTURE OF SHELL ELEMENT NUMBER       8185
 -- RUPTURE OF SHELL ELEMENT NUMBER       8633
 -- RUPTURE OF SHELL ELEMENT NUMBER       8618
 -- RUPTURE OF SHELL ELEMENT NUMBER       9050
 -- RUPTURE OF SHELL ELEMENT NUMBER       9065
 -- RUPTURE OF SHELL ELEMENT NUMBER       2691
 -- RUPTURE OF SHELL ELEMENT NUMBER       2690
 -- RUPTURE OF SHELL ELEMENT NUMBER       2727
 -- RUPTURE OF SHELL ELEMENT NUMBER       2726
 -- RUPTURE OF SHELL ELEMENT NUMBER        969
 -- RUPTURE OF SHELL ELEMENT NUMBER       1021
 -- RUPTURE OF SHELL ELEMENT NUMBER       4564
 -- RUPTURE OF SHELL ELEMENT NUMBER       4616
 -- RUPTURE OF SHELL ELEMENT NUMBER       2520
 -- RUPTURE OF SHELL ELEMENT NUMBER       2613
 -- RUPTURE OF SHELL ELEMENT NUMBER       3052
 -- RUPTURE OF SHELL ELEMENT NUMBER       3145
 -- RUPTURE OF SHELL ELEMENT NUMBER        511
 -- RUPTURE OF SHELL ELEMENT NUMBER       1027
 -- RUPTURE OF SHELL ELEMENT NUMBER       4158
 -- RUPTURE OF SHELL ELEMENT NUMBER       4674
 -- RUPTURE OF SHELL ELEMENT NUMBER       2695
 -- RUPTURE OF SHELL ELEMENT NUMBER       2694
 -- RUPTURE OF SHELL ELEMENT NUMBER       2723
 -- RUPTURE OF SHELL ELEMENT NUMBER       2722
 -- RUPTURE OF SHELL ELEMENT NUMBER       2745
 -- RUPTURE OF SHELL ELEMENT NUMBER       2804
 -- RUPTURE OF SHELL ELEMENT NUMBER       2781
 -- RUPTURE OF SHELL ELEMENT NUMBER       2840
 -- RUPTURE OF SHELL ELEMENT NUMBER        804
 -- RUPTURE OF SHELL ELEMENT NUMBER        856
 -- RUPTURE OF SHELL ELEMENT NUMBER       4449
 -- RUPTURE OF SHELL ELEMENT NUMBER       4501
     400   4.819      0.1161E-01 NODE        2746  -1.4%  0.9275E+10  0.7875E+11  0.1168E+09   0.000       0.000      0.8369E+07   0.000    
 -- RUPTURE OF SHELL ELEMENT NUMBER        793
 -- RUPTURE OF SHELL ELEMENT NUMBER       1317
 -- RUPTURE OF SHELL ELEMENT NUMBER       2692
 -- RUPTURE OF SHELL ELEMENT NUMBER       2689
 -- RUPTURE OF SHELL ELEMENT NUMBER       2728
 -- RUPTURE OF SHELL ELEMENT NUMBER       2725
 -- RUPTURE OF SHELL ELEMENT NUMBER       4348
 -- RUPTURE OF SHELL ELEMENT NUMBER       4872
 -- RUPTURE OF SHELL ELEMENT NUMBER       2707
 -- RUPTURE OF SHELL ELEMENT NUMBER       2706
 -- RUPTURE OF SHELL ELEMENT NUMBER       2711
 -- RUPTURE OF SHELL ELEMENT NUMBER       2710
 -- RUPTURE OF SHELL ELEMENT NUMBER       2326
 -- RUPTURE OF SHELL ELEMENT NUMBER       2327
 -- RUPTURE OF SHELL ELEMENT NUMBER       2741
 -- RUPTURE OF SHELL ELEMENT NUMBER       2800
 -- RUPTURE OF SHELL ELEMENT NUMBER       2785
 -- RUPTURE OF SHELL ELEMENT NUMBER       2844
 -- RUPTURE OF SHELL ELEMENT NUMBER       2858
 -- RUPTURE OF SHELL ELEMENT NUMBER       2859
 -- RUPTURE OF SHELL ELEMENT NUMBER       7722
 -- RUPTURE OF SHELL ELEMENT NUMBER       7729
 -- RUPTURE OF SHELL ELEMENT NUMBER       8161
 -- RUPTURE OF SHELL ELEMENT NUMBER       8154
 -- RUPTURE OF SHELL ELEMENT NUMBER       2321
 -- RUPTURE OF SHELL ELEMENT NUMBER       2324
 -- RUPTURE OF SHELL ELEMENT NUMBER       2703
 -- RUPTURE OF SHELL ELEMENT NUMBER       2702
 -- RUPTURE OF SHELL ELEMENT NUMBER       2715
 -- RUPTURE OF SHELL ELEMENT NUMBER       2714
 -- RUPTURE OF SHELL ELEMENT NUMBER       2861
 -- RUPTURE OF SHELL ELEMENT NUMBER       2864
 -- RUPTURE OF SHELL ELEMENT NUMBER       6054
 -- RUPTURE OF SHELL ELEMENT NUMBER       6131
 -- RUPTURE OF SHELL ELEMENT NUMBER       6158
 -- RUPTURE OF SHELL ELEMENT NUMBER       6235
 -- RUPTURE OF SHELL ELEMENT NUMBER       2699
 -- RUPTURE OF SHELL ELEMENT NUMBER       2698
 -- RUPTURE OF SHELL ELEMENT NUMBER       2719
 -- RUPTURE OF SHELL ELEMENT NUMBER       2718
     ANIMATION FILE: V8W_IM_M100_P100_DT090_T1A006 WRITTEN
 -- RUPTURE OF SHELL ELEMENT NUMBER       2749
 -- RUPTURE OF SHELL ELEMENT NUMBER       2808
 -- RUPTURE OF SHELL ELEMENT NUMBER       2777
 -- RUPTURE OF SHELL ELEMENT NUMBER       2836
 -- RUPTURE OF SHELL ELEMENT NUMBER       2524
 -- RUPTURE OF SHELL ELEMENT NUMBER       2617
 -- RUPTURE OF SHELL ELEMENT NUMBER       3048
 -- RUPTURE OF SHELL ELEMENT NUMBER       3141
 -- RUPTURE OF SHELL ELEMENT NUMBER        790
 -- RUPTURE OF SHELL ELEMENT NUMBER       1322
 -- RUPTURE OF SHELL ELEMENT NUMBER       4343
 -- RUPTURE OF SHELL ELEMENT NUMBER       4875
 -- RUPTURE OF SHELL ELEMENT NUMBER        794
 -- RUPTURE OF SHELL ELEMENT NUMBER       1318
 -- RUPTURE OF SHELL ELEMENT NUMBER       4347
 -- RUPTURE OF SHELL ELEMENT NUMBER       4871
 -- RUPTURE OF SHELL ELEMENT NUMBER       8592
 -- RUPTURE OF SHELL ELEMENT NUMBER       8587
 -- RUPTURE OF SHELL ELEMENT NUMBER       9019
 -- RUPTURE OF SHELL ELEMENT NUMBER       9024
 -- RUPTURE OF SHELL ELEMENT NUMBER        789
 -- RUPTURE OF SHELL ELEMENT NUMBER       1321
 -- RUPTURE OF SHELL ELEMENT NUMBER       4344
 -- RUPTURE OF SHELL ELEMENT NUMBER       4876
 -- RUPTURE OF SHELL ELEMENT NUMBER       2519
 -- RUPTURE OF SHELL ELEMENT NUMBER       2614
 -- RUPTURE OF SHELL ELEMENT NUMBER       3051
 -- RUPTURE OF SHELL ELEMENT NUMBER       3146
 -- RUPTURE OF SHELL ELEMENT NUMBER        510
 -- RUPTURE OF SHELL ELEMENT NUMBER       1026
 -- RUPTURE OF SHELL ELEMENT NUMBER       4159
 -- RUPTURE OF SHELL ELEMENT NUMBER       4675
 -- RUPTURE OF SHELL ELEMENT NUMBER       2637
 -- RUPTURE OF SHELL ELEMENT NUMBER       2640
 -- RUPTURE OF SHELL ELEMENT NUMBER       2665
 -- RUPTURE OF SHELL ELEMENT NUMBER       2668
     ANIMATION FILE: V8W_IM_M100_P100_DT090_T1A007 WRITTEN
     500   6.070      0.1296E-01 NODE        6234  -1.4%  0.1032E+11  0.7770E+11  0.1119E+09   0.000       0.000      0.8369E+07   0.000    
 -- RUPTURE OF SHELL ELEMENT NUMBER        508
 -- RUPTURE OF SHELL ELEMENT NUMBER       1032
 -- RUPTURE OF SHELL ELEMENT NUMBER       4153
 -- RUPTURE OF SHELL ELEMENT NUMBER       4677
 -- RUPTURE OF SHELL ELEMENT NUMBER       2641
 -- RUPTURE OF SHELL ELEMENT NUMBER       2644
 -- RUPTURE OF SHELL ELEMENT NUMBER       2661
 -- RUPTURE OF SHELL ELEMENT NUMBER       2664
 -- RUPTURE OF SHELL ELEMENT NUMBER       2325
 -- RUPTURE OF SHELL ELEMENT NUMBER       2328
 -- RUPTURE OF SHELL ELEMENT NUMBER       2857
 -- RUPTURE OF SHELL ELEMENT NUMBER       2860
 -- RUPTURE OF SHELL ELEMENT NUMBER       2629
 -- RUPTURE OF SHELL ELEMENT NUMBER       2632
 -- RUPTURE OF SHELL ELEMENT NUMBER       2673
 -- RUPTURE OF SHELL ELEMENT NUMBER       2676
 -- RUPTURE OF SHELL ELEMENT NUMBER       6048
 -- RUPTURE OF SHELL ELEMENT NUMBER       6139
 -- RUPTURE OF SHELL ELEMENT NUMBER       6150
 -- RUPTURE OF SHELL ELEMENT NUMBER       6241
 -- RUPTURE OF SHELL ELEMENT NUMBER       2518
 -- RUPTURE OF SHELL ELEMENT NUMBER       2615
 -- RUPTURE OF SHELL ELEMENT NUMBER       3050
 -- RUPTURE OF SHELL ELEMENT NUMBER       3147
 -- RUPTURE OF SHELL ELEMENT NUMBER       9510
 -- RUPTURE OF SHELL ELEMENT NUMBER       9505
 -- RUPTURE OF SHELL ELEMENT NUMBER       9451
 -- RUPTURE OF SHELL ELEMENT NUMBER       9456
 -- RUPTURE OF SHELL ELEMENT NUMBER        786
 -- RUPTURE OF SHELL ELEMENT NUMBER       1326
 -- RUPTURE OF SHELL ELEMENT NUMBER       2645
 -- RUPTURE OF SHELL ELEMENT NUMBER       2648
 -- RUPTURE OF SHELL ELEMENT NUMBER       2657
 -- RUPTURE OF SHELL ELEMENT NUMBER       2660
 -- RUPTURE OF SHELL ELEMENT NUMBER       4339
 -- RUPTURE OF SHELL ELEMENT NUMBER       4879
 -- RUPTURE OF SHELL ELEMENT NUMBER        509
 -- RUPTURE OF SHELL ELEMENT NUMBER       1025
 -- RUPTURE OF SHELL ELEMENT NUMBER       4160
 -- RUPTURE OF SHELL ELEMENT NUMBER       4676
 -- RUPTURE OF SHELL ELEMENT NUMBER       2750
 -- RUPTURE OF SHELL ELEMENT NUMBER       2807
 -- RUPTURE OF SHELL ELEMENT NUMBER       2778
 -- RUPTURE OF SHELL ELEMENT NUMBER       2835
 -- RUPTURE OF SHELL ELEMENT NUMBER       2649
 -- RUPTURE OF SHELL ELEMENT NUMBER       2652
 -- RUPTURE OF SHELL ELEMENT NUMBER       2653
 -- RUPTURE OF SHELL ELEMENT NUMBER       2656
 -- RUPTURE OF SHELL ELEMENT NUMBER       7755
 -- RUPTURE OF SHELL ELEMENT NUMBER       7768
 -- RUPTURE OF SHELL ELEMENT NUMBER       8200
 -- RUPTURE OF SHELL ELEMENT NUMBER       8187
 -- RUPTURE OF SHELL ELEMENT NUMBER       7756
 -- RUPTURE OF SHELL ELEMENT NUMBER       7767
 -- RUPTURE OF SHELL ELEMENT NUMBER       8199
 -- RUPTURE OF SHELL ELEMENT NUMBER       8188
     ANIMATION FILE: V8W_IM_M100_P100_DT090_T1A008 WRITTEN
 -- RUPTURE OF SHELL ELEMENT NUMBER        791
 -- RUPTURE OF SHELL ELEMENT NUMBER       1323
 -- RUPTURE OF SHELL ELEMENT NUMBER       4342
 -- RUPTURE OF SHELL ELEMENT NUMBER       4874
 -- RUPTURE OF SHELL ELEMENT NUMBER       2751
 -- RUPTURE OF SHELL ELEMENT NUMBER       2806
 -- RUPTURE OF SHELL ELEMENT NUMBER       2779
 -- RUPTURE OF SHELL ELEMENT NUMBER       2834
 -- RUPTURE OF SHELL ELEMENT NUMBER       8652
 -- RUPTURE OF SHELL ELEMENT NUMBER       8635
 -- RUPTURE OF SHELL ELEMENT NUMBER       9067
 -- RUPTURE OF SHELL ELEMENT NUMBER       9084
 -- RUPTURE OF SHELL ELEMENT NUMBER        787
 -- RUPTURE OF SHELL ELEMENT NUMBER       1327
 -- RUPTURE OF SHELL ELEMENT NUMBER       4338
 -- RUPTURE OF SHELL ELEMENT NUMBER       4878
 -- RUPTURE OF SHELL ELEMENT NUMBER        504
 -- RUPTURE OF SHELL ELEMENT NUMBER       1036
 -- RUPTURE OF SHELL ELEMENT NUMBER       4149
 -- RUPTURE OF SHELL ELEMENT NUMBER       4681
     600   7.287      0.1233E-01 NODE        1003  -1.4%  0.1137E+11  0.7659E+11  0.1369E+09   0.000       0.000      0.8369E+07   0.000    
 -- RUPTURE OF SHELL ELEMENT NUMBER        704
 -- RUPTURE OF SHELL ELEMENT NUMBER       1220
 -- RUPTURE OF SHELL ELEMENT NUMBER       4445
 -- RUPTURE OF SHELL ELEMENT NUMBER       4961
 -- RUPTURE OF SHELL ELEMENT NUMBER       2650
 -- RUPTURE OF SHELL ELEMENT NUMBER       2651
 -- RUPTURE OF SHELL ELEMENT NUMBER       2654
 -- RUPTURE OF SHELL ELEMENT NUMBER       2655
 -- RUPTURE OF SHELL ELEMENT NUMBER       7771
 -- RUPTURE OF SHELL ELEMENT NUMBER       7788
 -- RUPTURE OF SHELL ELEMENT NUMBER       8220
 -- RUPTURE OF SHELL ELEMENT NUMBER       8203
 -- RUPTURE OF SHELL ELEMENT NUMBER       9533
 -- RUPTURE OF SHELL ELEMENT NUMBER       9518
 -- RUPTURE OF SHELL ELEMENT NUMBER       9464
 -- RUPTURE OF SHELL ELEMENT NUMBER       9479
 -- RUPTURE OF SHELL ELEMENT NUMBER       2747
 -- RUPTURE OF SHELL ELEMENT NUMBER       2802
 -- RUPTURE OF SHELL ELEMENT NUMBER       2783
 -- RUPTURE OF SHELL ELEMENT NUMBER       2838
 -- RUPTURE OF SHELL ELEMENT NUMBER        792
 -- RUPTURE OF SHELL ELEMENT NUMBER       1324
 -- RUPTURE OF SHELL ELEMENT NUMBER       4341
 -- RUPTURE OF SHELL ELEMENT NUMBER       4873
 -- RUPTURE OF SHELL ELEMENT NUMBER        812
 -- RUPTURE OF SHELL ELEMENT NUMBER        848
 -- RUPTURE OF SHELL ELEMENT NUMBER       4457
 -- RUPTURE OF SHELL ELEMENT NUMBER       4493
     ANIMATION FILE: V8W_IM_M100_P100_DT090_T1A009 WRITTEN
 -- RUPTURE OF SHELL ELEMENT NUMBER       2517
 -- RUPTURE OF SHELL ELEMENT NUMBER       2616
 -- RUPTURE OF SHELL ELEMENT NUMBER       3049
 -- RUPTURE OF SHELL ELEMENT NUMBER       3148
 -- RUPTURE OF SHELL ELEMENT NUMBER       7772
 -- RUPTURE OF SHELL ELEMENT NUMBER       7787
 -- RUPTURE OF SHELL ELEMENT NUMBER       8219
 -- RUPTURE OF SHELL ELEMENT NUMBER       8204
 -- RUPTURE OF SHELL ELEMENT NUMBER        807
 -- RUPTURE OF SHELL ELEMENT NUMBER        851
 -- RUPTURE OF SHELL ELEMENT NUMBER       4454
 -- RUPTURE OF SHELL ELEMENT NUMBER       4498
 -- RUPTURE OF SHELL ELEMENT NUMBER        795
 -- RUPTURE OF SHELL ELEMENT NUMBER       1319
 -- RUPTURE OF SHELL ELEMENT NUMBER       4346
 -- RUPTURE OF SHELL ELEMENT NUMBER       4870
 -- RUPTURE OF SHELL ELEMENT NUMBER        703
 -- RUPTURE OF SHELL ELEMENT NUMBER       1219
 -- RUPTURE OF SHELL ELEMENT NUMBER       4446
 -- RUPTURE OF SHELL ELEMENT NUMBER       4962
 -- RUPTURE OF SHELL ELEMENT NUMBER        811
 -- RUPTURE OF SHELL ELEMENT NUMBER        847
 -- RUPTURE OF SHELL ELEMENT NUMBER       4458
 -- RUPTURE OF SHELL ELEMENT NUMBER       4494
     700   8.496      0.1225E-01 NODE        2504  -1.5%  0.1204E+11  0.7589E+11  0.1294E+09   0.000       0.000      0.8369E+07   0.000    
 -- RUPTURE OF SHELL ELEMENT NUMBER        803
 -- RUPTURE OF SHELL ELEMENT NUMBER        855
 -- RUPTURE OF SHELL ELEMENT NUMBER       4450
 -- RUPTURE OF SHELL ELEMENT NUMBER       4502
 -- RUPTURE OF SHELL ELEMENT NUMBER       6064
 -- RUPTURE OF SHELL ELEMENT NUMBER       6127
 -- RUPTURE OF SHELL ELEMENT NUMBER       6162
 -- RUPTURE OF SHELL ELEMENT NUMBER       6225
 -- RUPTURE OF SHELL ELEMENT NUMBER        597
 -- RUPTURE OF SHELL ELEMENT NUMBER        978
 -- RUPTURE OF SHELL ELEMENT NUMBER       1014
 -- RUPTURE OF SHELL ELEMENT NUMBER       1129
 -- RUPTURE OF SHELL ELEMENT NUMBER       4248
 -- RUPTURE OF SHELL ELEMENT NUMBER       4571
 -- RUPTURE OF SHELL ELEMENT NUMBER       4607
 -- RUPTURE OF SHELL ELEMENT NUMBER       4780
 -- RUPTURE OF SHELL ELEMENT NUMBER        974
 -- RUPTURE OF SHELL ELEMENT NUMBER       1018
 -- RUPTURE OF SHELL ELEMENT NUMBER       4567
 -- RUPTURE OF SHELL ELEMENT NUMBER       4611
 -- RUPTURE OF SHELL ELEMENT NUMBER       8670
 -- RUPTURE OF SHELL ELEMENT NUMBER       8653
 -- RUPTURE OF SHELL ELEMENT NUMBER       9085
 -- RUPTURE OF SHELL ELEMENT NUMBER       9102
 -- RUPTURE OF SHELL ELEMENT NUMBER        970
 -- RUPTURE OF SHELL ELEMENT NUMBER       1022
 -- RUPTURE OF SHELL ELEMENT NUMBER       4563
 -- RUPTURE OF SHELL ELEMENT NUMBER       4615
 -- RUPTURE OF SHELL ELEMENT NUMBER       6067
 -- RUPTURE OF SHELL ELEMENT NUMBER       6130
 -- RUPTURE OF SHELL ELEMENT NUMBER       6159
 -- RUPTURE OF SHELL ELEMENT NUMBER       6222
 -- RUPTURE OF SHELL ELEMENT NUMBER       6071
 -- RUPTURE OF SHELL ELEMENT NUMBER       6120
 -- RUPTURE OF SHELL ELEMENT NUMBER       6169
 -- RUPTURE OF SHELL ELEMENT NUMBER       6218
     ANIMATION FILE: V8W_IM_M100_P100_DT090_T1A010 WRITTEN
 -- RUPTURE OF SHELL ELEMENT NUMBER        798
 -- RUPTURE OF SHELL ELEMENT NUMBER       1314
 -- RUPTURE OF SHELL ELEMENT NUMBER       4351
 -- RUPTURE OF SHELL ELEMENT NUMBER       4867
 -- RUPTURE OF SHELL ELEMENT NUMBER       7773
 -- RUPTURE OF SHELL ELEMENT NUMBER       7786
 -- RUPTURE OF SHELL ELEMENT NUMBER       8218
 -- RUPTURE OF SHELL ELEMENT NUMBER       8205
 -- RUPTURE OF SHELL ELEMENT NUMBER       8575
 -- RUPTURE OF SHELL ELEMENT NUMBER       8568
 -- RUPTURE OF SHELL ELEMENT NUMBER       9000
 -- RUPTURE OF SHELL ELEMENT NUMBER       9007
 -- RUPTURE OF SHELL ELEMENT NUMBER       9515
 -- RUPTURE OF SHELL ELEMENT NUMBER       9446
 -- RUPTURE OF SHELL ELEMENT NUMBER       9500
 -- RUPTURE OF SHELL ELEMENT NUMBER       9461
 -- RUPTURE OF SHELL ELEMENT NUMBER        598
 -- RUPTURE OF SHELL ELEMENT NUMBER       1130
 -- RUPTURE OF SHELL ELEMENT NUMBER       4247
 -- RUPTURE OF SHELL ELEMENT NUMBER       4779
 -- RUPTURE OF SHELL ELEMENT NUMBER       6056
 -- RUPTURE OF SHELL ELEMENT NUMBER       6133
 -- RUPTURE OF SHELL ELEMENT NUMBER       6156
 -- RUPTURE OF SHELL ELEMENT NUMBER       6233
     800   9.683      0.1230E-01 NODE        7975  -1.5%  0.1258E+11  0.7530E+11  0.1467E+09   0.000       0.000      0.8369E+07   0.000    
 -- RUPTURE OF SHELL ELEMENT NUMBER       8651
 -- RUPTURE OF SHELL ELEMENT NUMBER       8636
 -- RUPTURE OF SHELL ELEMENT NUMBER       9068
 -- RUPTURE OF SHELL ELEMENT NUMBER       9083
     ANIMATION FILE: V8W_IM_M100_P100_DT090_T1A011 WRITTEN
 -- RUPTURE OF SHELL ELEMENT NUMBER       8610
 -- RUPTURE OF SHELL ELEMENT NUMBER       8605
 -- RUPTURE OF SHELL ELEMENT NUMBER       9037
 -- RUPTURE OF SHELL ELEMENT NUMBER       9042
 -- RUPTURE OF SHELL ELEMENT NUMBER       6061
 -- RUPTURE OF SHELL ELEMENT NUMBER       6124
 -- RUPTURE OF SHELL ELEMENT NUMBER       6165
 -- RUPTURE OF SHELL ELEMENT NUMBER       6228
 -- RUPTURE OF SHELL ELEMENT NUMBER       6049
 -- RUPTURE OF SHELL ELEMENT NUMBER       6140
 -- RUPTURE OF SHELL ELEMENT NUMBER       6149
 -- RUPTURE OF SHELL ELEMENT NUMBER       6240
 -- RUPTURE OF SHELL ELEMENT NUMBER        702
 -- RUPTURE OF SHELL ELEMENT NUMBER       1218
 -- RUPTURE OF SHELL ELEMENT NUMBER       4447
 -- RUPTURE OF SHELL ELEMENT NUMBER       4963
     900   10.78      0.1195E-01 NODE        6303  -1.7%  0.1325E+11  0.7447E+11  0.1802E+09   0.000       0.000      0.8369E+07   0.000    
 -- RUPTURE OF SHELL ELEMENT NUMBER       6065
 -- RUPTURE OF SHELL ELEMENT NUMBER       6128
 -- RUPTURE OF SHELL ELEMENT NUMBER       6161
 -- RUPTURE OF SHELL ELEMENT NUMBER       6224
     ANIMATION FILE: V8W_IM_M100_P100_DT090_T1A012 WRITTEN
 -- RUPTURE OF SHELL ELEMENT NUMBER        599
 -- RUPTURE OF SHELL ELEMENT NUMBER       1131
 -- RUPTURE OF SHELL ELEMENT NUMBER       4246
 -- RUPTURE OF SHELL ELEMENT NUMBER       4778
 -- RUPTURE OF SHELL ELEMENT NUMBER       6078
 -- RUPTURE OF SHELL ELEMENT NUMBER       6113
 -- RUPTURE OF SHELL ELEMENT NUMBER       6176
 -- RUPTURE OF SHELL ELEMENT NUMBER       6211
 -- RUPTURE OF SHELL ELEMENT NUMBER        802
 -- RUPTURE OF SHELL ELEMENT NUMBER        854
 -- RUPTURE OF SHELL ELEMENT NUMBER       4451
 -- RUPTURE OF SHELL ELEMENT NUMBER       4503
 -- RUPTURE OF SHELL ELEMENT NUMBER       6070
 -- RUPTURE OF SHELL ELEMENT NUMBER       6119
 -- RUPTURE OF SHELL ELEMENT NUMBER       6170
 -- RUPTURE OF SHELL ELEMENT NUMBER       6219
 -- RUPTURE OF SHELL ELEMENT NUMBER        506
 -- RUPTURE OF SHELL ELEMENT NUMBER       1030
 -- RUPTURE OF SHELL ELEMENT NUMBER       4155
 -- RUPTURE OF SHELL ELEMENT NUMBER       4679
 -- RUPTURE OF SHELL ELEMENT NUMBER        785
 -- RUPTURE OF SHELL ELEMENT NUMBER       1325
 -- RUPTURE OF SHELL ELEMENT NUMBER       4340
 -- RUPTURE OF SHELL ELEMENT NUMBER       4880
 -- RUPTURE OF SHELL ELEMENT NUMBER       8628
 -- RUPTURE OF SHELL ELEMENT NUMBER       8623
 -- RUPTURE OF SHELL ELEMENT NUMBER       9055
 -- RUPTURE OF SHELL ELEMENT NUMBER       9060
 -- RUPTURE OF SHELL ELEMENT NUMBER       7723
 -- RUPTURE OF SHELL ELEMENT NUMBER       7728
 -- RUPTURE OF SHELL ELEMENT NUMBER       8160
 -- RUPTURE OF SHELL ELEMENT NUMBER       8155
 -- RUPTURE OF SHELL ELEMENT NUMBER       2746
 -- RUPTURE OF SHELL ELEMENT NUMBER       2803
 -- RUPTURE OF SHELL ELEMENT NUMBER       2782
 -- RUPTURE OF SHELL ELEMENT NUMBER       2839
     ANIMATION FILE: V8W_IM_M100_P100_DT090_T1A013 WRITTEN
    1000   12.01      0.1278E-01 NODE        6079  -1.7%  0.1386E+11  0.7388E+11  0.1232E+09   0.000       0.000      0.8369E+07   0.000    
 -- RUPTURE OF SHELL ELEMENT NUMBER        505
 -- RUPTURE OF SHELL ELEMENT NUMBER       1029
 -- RUPTURE OF SHELL ELEMENT NUMBER       4156
 -- RUPTURE OF SHELL ELEMENT NUMBER       4680
 -- RUPTURE OF SHELL ELEMENT NUMBER        501
 -- RUPTURE OF SHELL ELEMENT NUMBER       1033
 -- RUPTURE OF SHELL ELEMENT NUMBER       4152
 -- RUPTURE OF SHELL ELEMENT NUMBER       4684
 -- RUPTURE OF SHELL ELEMENT NUMBER       7720
 -- RUPTURE OF SHELL ELEMENT NUMBER       7731
 -- RUPTURE OF SHELL ELEMENT NUMBER       8163
 -- RUPTURE OF SHELL ELEMENT NUMBER       8152
     ANIMATION FILE: V8W_IM_M100_P100_DT090_T1A014 WRITTEN
 -- RUPTURE OF SHELL ELEMENT NUMBER        701
 -- RUPTURE OF SHELL ELEMENT NUMBER       1217
 -- RUPTURE OF SHELL ELEMENT NUMBER       4448
 -- RUPTURE OF SHELL ELEMENT NUMBER       4964
 -- RUPTURE OF SHELL ELEMENT NUMBER       7721
 -- RUPTURE OF SHELL ELEMENT NUMBER       7730
 -- RUPTURE OF SHELL ELEMENT NUMBER       8162
 -- RUPTURE OF SHELL ELEMENT NUMBER       8153
    1100   13.28      0.1325E-01 NODE        2834  -1.7%  0.1424E+11  0.7349E+11  0.1230E+09   0.000       0.000      0.8369E+07   0.000    
 -- RUPTURE OF SHELL ELEMENT NUMBER       6085
 -- RUPTURE OF SHELL ELEMENT NUMBER       6106
 -- RUPTURE OF SHELL ELEMENT NUMBER       6183
 -- RUPTURE OF SHELL ELEMENT NUMBER       6204
 -- RUPTURE OF SHELL ELEMENT NUMBER       6066
 -- RUPTURE OF SHELL ELEMENT NUMBER       6129
 -- RUPTURE OF SHELL ELEMENT NUMBER       6160
 -- RUPTURE OF SHELL ELEMENT NUMBER       6223
 -- RUPTURE OF SHELL ELEMENT NUMBER        600
 -- RUPTURE OF SHELL ELEMENT NUMBER       1132
 -- RUPTURE OF SHELL ELEMENT NUMBER       4245
 -- RUPTURE OF SHELL ELEMENT NUMBER       4777
     ANIMATION FILE: V8W_IM_M100_P100_DT090_T1A015 WRITTEN
    1200   14.53      0.1218E-01 NODE        8458  -1.7%  0.1455E+11  0.7317E+11  0.1188E+09   0.000       0.000      0.8369E+07   0.000    
 -- RUPTURE OF SHELL ELEMENT NUMBER        608
 -- RUPTURE OF SHELL ELEMENT NUMBER       1124
 -- RUPTURE OF SHELL ELEMENT NUMBER       4253
 -- RUPTURE OF SHELL ELEMENT NUMBER       4769
 -- RUPTURE OF SHELL ELEMENT NUMBER       6092
 -- RUPTURE OF SHELL ELEMENT NUMBER       6099
 -- RUPTURE OF SHELL ELEMENT NUMBER       6190
 -- RUPTURE OF SHELL ELEMENT NUMBER       6197
     ANIMATION FILE: V8W_IM_M100_P100_DT090_T1A016 WRITTEN
 -- RUPTURE OF SHELL ELEMENT NUMBER        507
 -- RUPTURE OF SHELL ELEMENT NUMBER       1031
 -- RUPTURE OF SHELL ELEMENT NUMBER       4154
 -- RUPTURE OF SHELL ELEMENT NUMBER       4678
 -- RUPTURE OF SHELL ELEMENT NUMBER       7757
 -- RUPTURE OF SHELL ELEMENT NUMBER       7766
 -- RUPTURE OF SHELL ELEMENT NUMBER       8198
 -- RUPTURE OF SHELL ELEMENT NUMBER       8189
 -- RUPTURE OF SHELL ELEMENT NUMBER        604
 -- RUPTURE OF SHELL ELEMENT NUMBER       1128
 -- RUPTURE OF SHELL ELEMENT NUMBER       4249
 -- RUPTURE OF SHELL ELEMENT NUMBER       4773
    1300   15.74      0.1098E-01 NODE        9704  -1.7%  0.1481E+11  0.7291E+11  0.1189E+09   0.000       0.000      0.8369E+07   0.000    
     ANIMATION FILE: V8W_IM_M100_P100_DT090_T1A017 WRITTEN
 -- RUPTURE OF SHELL ELEMENT NUMBER       6063
 -- RUPTURE OF SHELL ELEMENT NUMBER       6126
 -- RUPTURE OF SHELL ELEMENT NUMBER       6163
 -- RUPTURE OF SHELL ELEMENT NUMBER       6226
    1400   16.96      0.1266E-01 NODE        6039  -1.7%  0.1496E+11  0.7276E+11  0.1109E+09   0.000       0.000      0.8369E+07   0.000    
     ANIMATION FILE: V8W_IM_M100_P100_DT090_T1A018 WRITTEN
 -- RUPTURE OF SHELL ELEMENT NUMBER        796
 -- RUPTURE OF SHELL ELEMENT NUMBER       1320
 -- RUPTURE OF SHELL ELEMENT NUMBER       4345
 -- RUPTURE OF SHELL ELEMENT NUMBER       4869

     RESTART FILES: V8W_IM_M100_P100_DT090_T1_0001_[0001-0001].rst WRITTEN
     -------------

  
                           ** CPU USER TIME **
  
  
                        ** SUMMARY **
  
 #PROC  CONTSORT  CONTFOR   ELEMENT   KINCOND   INTEG     IO        T0        ASM       RESOL    
   1   .8906E+00 .7812E-01 .1114E+02 .4688E-01 .1250E+00 .1203E+01 .1562E-01 .2344E+00 .1383E+02
  
 
                   ** CUMULATIVE CPU TIME SUMMARY **
  
 CONTACT SORTING.............: .8906E+00     6.44 % 
 CONTACT FORCES..............: .7812E-01     0.56 % 
 ELEMENT FORCES..............: .1114E+02    80.56 % 
 KINEMATIC COND..............: .4688E-01     0.34 % 
 INTEGRATION.................: .1250E+00     0.90 % 
 ASSEMBLING..................: .2344E+00     1.69 % 
 OTHERS (including I/O)......: .1312E+01     9.49 % 
 TOTAL.......................: .1383E+02   100.00 % 
  
  
                           ** ELAPSED TIME **
  
  
                        ** SUMMARY **
  
 #PROC  CONTSORT  CONTFOR   ELEMENT   KINCOND   INTEG     IO        T0        ASM       RESOL    
   1   .7507E+00 .8408E-01 .1132E+02 .3054E-01 .1402E+00 .1162E+01 .3317E-01 .2230E+00 .1389E+02
  
                   ** MEMORY USAGE STATISTICS **
  
 TOTAL MEMORY USED .........................:       99 MB
 MAXIMUM MEMORY PER PROCESSOR...............:       99 MB
 MINIMUM MEMORY PER PROCESSOR...............:       99 MB
 AVERAGE MEMORY PER PROCESSOR...............:       99 MB
  
                   ** DISK USAGE STATISTICS **
  
 TOTAL DISK SPACE USED .....................:         23 MB
 ANIMATION/H3D/TH/OUTP SIZE ................:          8 MB
 RESTART FILE SIZE .........................:         14 MB
  
                   ** COMPUTE TIME INFORMATION **
                        ** CURRENT ENGINE **
  
 EXECUTION STARTED .........................:      2026/08/24  18:39:07
 EXECUTION COMPLETED .......................:      2026/08/24  18:39:21
  
 ELAPSED TIME     =         13.96 s
                          0:00:13



     NORMAL TERMINATION      



     TOTAL NUMBER OF CYCLES  :    1483

  
                   ** COMPUTE RUNTIME INFORMATION SUMMARY **
  
        STARTER RUNTIME =          0.67s (00:00:00)
 # 001   ENGINE RUNTIME =         13.96s (00:00:13)
 ------------------------------ 
 STARTER+ENGINE RUNTIME =         14.62s (00:00:14)
  
