 A05_COMP_FINE_0001.out
************************************************************************
**                                                                    **
**                                                                    **
**                         OpenRadioss Engine                         **
**                                                                    **
**            Non-linear Finite Element Analysis Software             **
**                                                                    **
**                                                                    **
**                                                                    **
**                  Windows 64 bits, Intel compiler                   **
**                      Double Precision Version                      **
**                                                                    **
**                                                                    **
**                                                                    **
************************************************************************
** OpenRadioss Software                                               **
** COPYRIGHT (C) 2026 Siemens                                         **
** Licensed under GNU Affero General Public License.                  **
** See License file.                                                  **
************************************************************************
 
 NUMBER OF SPMD DOMAINS           1
 NUMBER OF THREADS PER DOMAIN     2
 NUMBER OF HMPP PROCESSES         2
  
 COMPUTATION HARDWARE DESCRIPTION
  
 HOSTNAME     CPU TYPE, FREQUENCY AND MEMORY
 jeux   AMD Ryzen 5 5600 6-Core Processor               (x86_64), 3700 MHz,   7292 MB RAM,  18217 MB swap
  
 STACKSIZE  . . . . . . . . . . . . . . . . . . . . 1430 MB
 THREAD STACKSIZE . . . . . . . . . . . . . . . . . 400 MB
 
************************************************************************


 A05_COMP_FINED01                                                                


 FINAL TIME . . . . . . . . . . . . . . . . . . .   2.000000    

 TIME INTERVAL FOR TIME HISTORY PLOTS . . . . . .  0.2000000E-01

 TIME STEP SCALE FACTOR . . . . . . . . . . . . .  0.8000000    

 MINIMUM TIME STEP  . . . . . . . . . . . . . . .   0.000000    


 BRICK TIME STEP SCALE FACTOR . . . . . . . . . .  0.8000000    
 BRICK MINIMUM TIME STEP. . . . . . . . . . . . .   0.000000    
 MIN. TIME STEP FLAG (1:STOP RUN, 2:DELETE BRICK)     1

 QUAD TIME STEP SCALE FACTOR. . . . . . . . . . .  0.8000000    
 QUAD MINIMUM TIME STEP . . . . . . . . . . . . .   0.000000    
 MIN. TIME STEP FLAG (1:STOP RUN, 2:DELETE QUAD).     1

 SHELL TIME STEP SCALE FACTOR . . . . . . . . . .  0.8000000    
 SHELL MINIMUM TIME STEP. . . . . . . . . . . . .   0.000000    
 MIN. TIME FLAG (1:STOP, 2:DELETE, 3:SMALL STRAIN)    2

 TRUSS TIME STEP SCALE FACTOR . . . . . . . . . .  0.8000000    
 TRUSS MINIMUM TIME STEP. . . . . . . . . . . . .   0.000000    
 MIN. TIME FLAG (1:STOP, 2:DELETE). . . . . . . .     0

 BEAM TIME STEP SCALE FACTOR. . . . . . . . . . .  0.8000000    
 BEAM MINIMUM TIME STEP . . . . . . . . . . . . .   0.000000    
 MIN. TIME FLAG (1:STOP, 2:DELETE). . . . . . . .     0

 SPRING TIME STEP SCALE FACTOR. . . . . . . . . .  0.8000000    
 SPRING MINIMUM TIME STEP . . . . . . . . . . . .   0.000000    
 MIN. TIME FLAG (1:STOP, 2:DELETE). . . . . . . .     0

 AIRBAG TIME STEP SCALE FACTOR. . . . . . . . . .  0.8000000    
 AIRBAG MINIMUM TIME STEP . . . . . . . . . . . .   0.000000    
 MIN. TIME FLAG (1:STOP). . . . . . . . . . . . .     0

 CONTACT TIME STEP SCALE FACTOR . . . . . . . . .  0.8000000    
 CONTACT MINIMUM TIME STEP. . . . . . . . . . . .   0.000000    
 MIN. TIME FLAG(1:STOP, 2:REMOVE NODE FROM INTERF)    0

 PRINTOUT CYCLE FREQUENCY . . . . . . . . . . . .    10

 RESTART CYCLE FREQUENCY. . . . . . . . . . . . .   10000000

 MAXIMUM RESTART WRITE BEFORE OVERWRITE . . . . .     0

 INVERS: INPUT DECK VERSION . . . . . . . . . . .  2026
 ITTYP : FLAG FOR TYPE OF T-FILE. . . . . . . . .     4

 INITIAL TIME STEP. . . . . . . . . . . . . . . .   0.000000    
 MAXIMUM TIME STEP. . . . . . . . . . . . . . . .  0.1000000E+21

 PARALLEL ARITHMETIC ON
 NUMBER OF INTERFACES TO BE ELIMINATED. . . . . .        0

 NUMBER OF PARTS TO BE ELIMINATED . . . . . . . .        0

 NUMBER OF SOLID  ELEMENT BLOCKS TO BE ELIMINATED        0

 NUMBER OF QUAD   ELEMENT BLOCKS TO BE ELIMINATED        0

 NUMBER OF SHELL  ELEMENT BLOCKS TO BE ELIMINATED        0

 NUMBER OF TRUSS  ELEMENT BLOCKS TO BE ELIMINATED        0

 NUMBER OF BEAM   ELEMENT BLOCKS TO BE ELIMINATED        0

 NUMBER OF SPRING ELEMENT BLOCKS TO BE ELIMINATED        0

 NUMBER OF SH_3N  ELEMENT BLOCKS TO BE ELIMINATED        0

 NUMBER OF  SPH PARTICLES BLOCKS TO BE ELIMINATED        0

 NUMBER OF RIGID LINKS. . . . . . . . . . . . . .        0

 NUMBER OF NEW BOUNDARY CONDITIONS. . . . . . . .        0


 TIME FOR FIRST ANIMATION-FILE PLOT . . . . . . .   0.000000    
 TIME INTERVAL FOR ANIMATION-FILE PLOTS . . . . .  0.2000000    
 TIME TO STOP ANIMATION-FILE PLOTS. . . . . . . .  0.1000000E+21
 SENSOR FOR ANIMATION-FILE PLOTS. . . . . . . . .          0
 TIME INTERVAL FOR SENSOR ANIMATION-FILE PLOTS. .   0.000000    

 VARIABLE SAVED ON ANIMATION FILES (1: YES) :
      PLASTIC STRAIN. . . . . .     0
      DENSITY     (SOLID ONLY).     0
      SPECIFIC ENERGY . . . . .     1
      HOURGLASS ENERGY. . . . .     0
      TEMPERATURE (SOLID ONLY).     0
      THICKNESS   (SHELL ONLY).     0
      PRESSURE    (SOLID ONLY).     0
      VON MISES . . . . . . . .     0
      TURBULENT ENERGY (FLUID).     0
      TURBULENT VISCOSITY(FLUID)    0
      VORTICITY (FLUID) . . . .     0
 NODAL VALUES SAVED ON ANIMATION FILES (1: YES) :
      PRESSURE. . . . . . . . .     0
      DENSITY . . . . . . . . .     0
      TEMPERATURE . . . . . . .     0
 VECTOR SAVED ON ANIMATION FILES (1: YES) :
      VELOCITY VECTOR . . . . .     1
      DISPLACEMENT VECTOR . . .     1
      ACCELERATION VECTOR . . .     0
      CONTACT FORCES. . . . . .     0
      INTERNAL FORCES . . . . .     0
      EXTERNAL FORCES . . . . .     0
      SECTION RBY RWALL FORCES.     0
      ROTATIONAL VELOCITY VECTOR    0
      CONTACT PRESSURE (VECTORS)    0
 SHELL TENSOR SAVED ON ANIMATION FILES (1: YES) :
      MEMBRANE STRESS . . . . .     0
      BENDING STRESS(MOMENT/T^2)    0
      UPPER LAYER STRESS. . . .     0
      LOWER LAYER STRESS. . . .     0
      MEMBRANE STRAIN . . . . .     0
      CURVATURE . . . . . . . .     0
      UPPER LAYER STRAIN. . . .     0
      LOWER LAYER STRAIN. . . .     0
 NODAL MASS SAVED ON ANIMATION FILES (1: YES) :    0
 KEEP DELETED ELEMENT (1: YES) :    0


 05/10/2026
   CYCLE    TIME      TIME-STEP  ELEMENT          ERROR  I-ENERGY    K-ENERGY T  K-ENERGY R  EXT-WORK     MAS.ERR     TOTAL MASS  MASS ADDED
       0   0.000      0.7349E-03 NODE        2042   0.0%   0.000      0.2441E+13   0.000       0.000       0.000      0.1913E+09   0.000    
     ANIMATION FILE: A05_COMP_FINEA001 WRITTEN
      10  0.7349E-02  0.7349E-03 NODE        2042   0.0%   0.000      0.2441E+13   0.000       0.000       0.000      0.1913E+09   0.000    
      20  0.1470E-01  0.7349E-03 NODE        2042   0.0%   0.000      0.2441E+13   0.000       0.000       0.000      0.1913E+09   0.000    
      30  0.2205E-01  0.7349E-03 NODE        2042   0.0%   0.000      0.2441E+13   0.000       0.000       0.000      0.1913E+09   0.000    
      40  0.2940E-01  0.7349E-03 NODE        2042   0.0%   0.000      0.2441E+13   0.000       0.000       0.000      0.1913E+09   0.000    
      50  0.3675E-01  0.7349E-03 NODE        2042   0.0%   0.000      0.2441E+13   0.000       0.000       0.000      0.1913E+09   0.000    
      60  0.4410E-01  0.7349E-03 NODE        2042   0.0%   0.000      0.2441E+13   0.000       0.000       0.000      0.1913E+09   0.000    
      70  0.5145E-01  0.7349E-03 NODE        2042   0.0%   0.000      0.2441E+13   0.000       0.000       0.000      0.1913E+09   0.000    
      80  0.5880E-01  0.7349E-03 NODE        2042   0.0%   0.000      0.2441E+13   0.000       0.000       0.000      0.1913E+09   0.000    
      90  0.6615E-01  0.7349E-03 NODE        2042   0.0%   0.000      0.2441E+13   0.000       0.000       0.000      0.1913E+09   0.000    
     100  0.7349E-01  0.7349E-03 NODE        2042   0.0%   0.000      0.2441E+13   0.000       0.000       0.000      0.1913E+09   0.000    
     110  0.8084E-01  0.7349E-03 NODE        2042   0.0%   0.000      0.2441E+13   0.000       0.000       0.000      0.1913E+09   0.000    
     120  0.8819E-01  0.7349E-03 NODE        2042   0.0%   0.000      0.2441E+13   0.000       0.000       0.000      0.1913E+09   0.000    
     130  0.9554E-01  0.7349E-03 NODE        2042   0.0%   0.000      0.2441E+13   0.000       0.000       0.000      0.1913E+09   0.000    
     140  0.1029      0.7349E-03 NODE        2042   0.0%   0.000      0.2441E+13   0.000       0.000       0.000      0.1913E+09   0.000    
     150  0.1102      0.7349E-03 NODE        2042   0.0%   0.000      0.2441E+13   0.000       0.000       0.000      0.1913E+09   0.000    
     160  0.1176      0.7349E-03 NODE        2042   0.0%   0.000      0.2441E+13   0.000       0.000       0.000      0.1913E+09   0.000    
     170  0.1249      0.7349E-03 NODE        2042   0.0%   0.000      0.2441E+13   0.000       0.000       0.000      0.1913E+09   0.000    
     180  0.1323      0.7349E-03 NODE        2042   0.0%   0.000      0.2441E+13   0.000       0.000       0.000      0.1913E+09   0.000    
     190  0.1396      0.7349E-03 NODE        2042   0.0%   0.000      0.2441E+13   0.000       0.000       0.000      0.1913E+09   0.000    
     200  0.1470      0.7349E-03 NODE        2042   0.0%   0.000      0.2441E+13   0.000       0.000       0.000      0.1913E+09   0.000    
     210  0.1543      0.7349E-03 NODE        2042   0.0%   0.000      0.2441E+13   0.000       0.000       0.000      0.1913E+09   0.000    
     220  0.1617      0.7349E-03 NODE        2042   0.0%   0.000      0.2441E+13   0.000       0.000       0.000      0.1913E+09   0.000    
     230  0.1690      0.7349E-03 NODE        2042   0.0%   0.000      0.2441E+13   0.000       0.000       0.000      0.1913E+09   0.000    
     240  0.1764      0.7349E-03 NODE        2042   0.0%   0.000      0.2441E+13   0.000       0.000       0.000      0.1913E+09   0.000    
     250  0.1837      0.7349E-03 NODE        2042   0.0%   0.000      0.2441E+13   0.000       0.000       0.000      0.1913E+09   0.000    
     260  0.1911      0.7349E-03 NODE        2042   0.0%   0.000      0.2441E+13   0.000       0.000       0.000      0.1913E+09   0.000    
     270  0.1984      0.7349E-03 NODE        2042   0.0%   0.000      0.2441E+13   0.000       0.000       0.000      0.1913E+09   0.000    
     ANIMATION FILE: A05_COMP_FINEA002 WRITTEN
     280  0.2058      0.7349E-03 NODE        2042   0.0%   0.000      0.2441E+13   0.000       0.000       0.000      0.1913E+09   0.000    
     290  0.2131      0.7349E-03 NODE        2042   0.0%   0.000      0.2441E+13   0.000       0.000       0.000      0.1913E+09   0.000    
     300  0.2205      0.7349E-03 NODE        2042   0.0%   0.000      0.2441E+13   0.000       0.000       0.000      0.1913E+09   0.000    
     310  0.2278      0.7349E-03 NODE        2042  -0.0%   1.380      0.2441E+13  0.8516E-04   0.000       0.000      0.1913E+09   0.000    
     320  0.2352      0.7349E-03 NODE        2042  -0.0%   470.7      0.2441E+13  0.3254       0.000       0.000      0.1913E+09   0.000    
     330  0.2425      0.7349E-03 NODE        2042  -0.0%   4439.      0.2441E+13   8.796       0.000       0.000      0.1913E+09   0.000    
     340  0.2499      0.7349E-03 NODE        2042  -0.0%  0.1793E+05  0.2441E+13   69.69       0.000       0.000      0.1913E+09   0.000    
     350  0.2572      0.7349E-03 NODE        2042  -0.0%  0.4926E+05  0.2441E+13   310.4       0.000       0.000      0.1913E+09   0.000    
     360  0.2646      0.7349E-03 NODE        2042  -0.0%  0.1096E+06  0.2441E+13   991.6       0.000       0.000      0.1913E+09   0.000    
     370  0.2719      0.7349E-03 NODE        2042  -0.0%  0.2136E+06  0.2441E+13   2560.       0.000       0.000      0.1913E+09   0.000    
     380  0.2793      0.7349E-03 NODE        2042  -0.0%  0.3748E+06  0.2441E+13   5684.       0.000       0.000      0.1913E+09   0.000    
     390  0.2866      0.7349E-03 NODE        2042  -0.0%  0.5965E+06  0.2441E+13  0.1122E+05   0.000       0.000      0.1913E+09   0.000    
     400  0.2940      0.7349E-03 NODE        2042  -0.0%  0.8721E+06  0.2441E+13  0.2009E+05   0.000       0.000      0.1913E+09   0.000    
     410  0.3013      0.7349E-03 NODE        2042  -0.0%  0.1189E+07  0.2441E+13  0.3313E+05   0.000       0.000      0.1913E+09   0.000    
     420  0.3087      0.7349E-03 NODE        2042  -0.0%  0.1533E+07  0.2441E+13  0.5099E+05   0.000       0.000      0.1913E+09   0.000    
     430  0.3160      0.7349E-03 NODE        2042  -0.0%  0.1887E+07  0.2441E+13  0.7414E+05   0.000       0.000      0.1913E+09   0.000    
     440  0.3234      0.7349E-03 NODE        2042  -0.0%  0.2237E+07  0.2441E+13  0.1029E+06   0.000       0.000      0.1913E+09   0.000    
     450  0.3307      0.7349E-03 NODE        2042  -0.0%  0.2567E+07  0.2441E+13  0.1373E+06   0.000       0.000      0.1913E+09   0.000    
     460  0.3381      0.7349E-03 NODE        2042  -0.0%  0.2866E+07  0.2441E+13  0.1776E+06   0.000       0.000      0.1913E+09   0.000    
     470  0.3454      0.7349E-03 NODE        2042  -0.0%  0.3128E+07  0.2441E+13  0.2237E+06   0.000       0.000      0.1913E+09   0.000    
     480  0.3528      0.7349E-03 NODE        2042  -0.0%  0.3351E+07  0.2441E+13  0.2756E+06   0.000       0.000      0.1913E+09   0.000    
     490  0.3601      0.7349E-03 NODE        2042  -0.0%  0.3544E+07  0.2441E+13  0.3329E+06   0.000       0.000      0.1913E+09   0.000    
     500  0.3675      0.7349E-03 NODE        2042  -0.0%  0.3724E+07  0.2441E+13  0.3956E+06   0.000       0.000      0.1913E+09   0.000    
     510  0.3748      0.7349E-03 NODE        2042  -0.0%  0.3929E+07  0.2441E+13  0.4636E+06   0.000       0.000      0.1913E+09   0.000    
     520  0.3822      0.7349E-03 NODE        2042  -0.0%  0.4225E+07  0.2441E+13  0.5375E+06   0.000       0.000      0.1913E+09   0.000    
     530  0.3895      0.7349E-03 NODE        2042  -0.0%  0.4650E+07  0.2441E+13  0.6190E+06   0.000       0.000      0.1913E+09   0.000    
     540  0.3969      0.7349E-03 NODE        2042  -0.0%  0.5137E+07  0.2441E+13  0.7101E+06   0.000       0.000      0.1913E+09   0.000    
     ANIMATION FILE: A05_COMP_FINEA003 WRITTEN
     550  0.4042      0.7349E-03 NODE        2042  -0.0%  0.5623E+07  0.2441E+13  0.8115E+06   0.000       0.000      0.1913E+09   0.000    
     560  0.4116      0.7349E-03 NODE        2042  -0.0%  0.6076E+07  0.2441E+13  0.9235E+06   0.000       0.000      0.1913E+09   0.000    
     570  0.4189      0.7349E-03 NODE        2042  -0.0%  0.6477E+07  0.2441E+13  0.1046E+07   0.000       0.000      0.1913E+09   0.000    
     580  0.4263      0.7349E-03 NODE        2042  -0.0%  0.6814E+07  0.2441E+13  0.1178E+07   0.000       0.000      0.1913E+09   0.000    
     590  0.4336      0.7349E-03 NODE        2042  -0.0%  0.7088E+07  0.2441E+13  0.1317E+07   0.000       0.000      0.1913E+09   0.000    
     600  0.4410      0.7349E-03 NODE        2042  -0.0%  0.7313E+07  0.2441E+13  0.1461E+07   0.000       0.000      0.1913E+09   0.000    
     610  0.4483      0.7349E-03 NODE        2042  -0.0%  0.7527E+07  0.2441E+13  0.1610E+07   0.000       0.000      0.1913E+09   0.000    
     620  0.4557      0.7349E-03 NODE        2042  -0.0%  0.7800E+07  0.2441E+13  0.1761E+07   0.000       0.000      0.1913E+09   0.000    
     630  0.4630      0.7349E-03 NODE        2042  -0.0%  0.8182E+07  0.2441E+13  0.1919E+07   0.000       0.000      0.1913E+09   0.000    
     640  0.4704      0.7349E-03 NODE        2042  -0.0%  0.8617E+07  0.2441E+13  0.2084E+07   0.000       0.000      0.1913E+09   0.000    
     650  0.4777      0.7349E-03 NODE        2042  -0.0%  0.9031E+07  0.2441E+13  0.2258E+07   0.000       0.000      0.1913E+09   0.000    
     660  0.4851      0.7349E-03 NODE        2042  -0.0%  0.9387E+07  0.2441E+13  0.2441E+07   0.000       0.000      0.1913E+09   0.000    
     670  0.4924      0.7349E-03 NODE        2042  -0.0%  0.9669E+07  0.2441E+13  0.2633E+07   0.000       0.000      0.1913E+09   0.000    
     680  0.4998      0.7349E-03 NODE        2042  -0.0%  0.9876E+07  0.2441E+13  0.2831E+07   0.000       0.000      0.1913E+09   0.000    
     690  0.5071      0.7349E-03 NODE        2042  -0.0%  0.1002E+08  0.2441E+13  0.3036E+07   0.000       0.000      0.1913E+09   0.000    
     700  0.5145      0.7349E-03 NODE        2042  -0.0%  0.1016E+08  0.2441E+13  0.3246E+07   0.000       0.000      0.1913E+09   0.000    
     710  0.5218      0.7349E-03 NODE        2042  -0.0%  0.1034E+08  0.2441E+13  0.3464E+07   0.000       0.000      0.1913E+09   0.000    
     720  0.5292      0.7349E-03 NODE        2042  -0.0%  0.1060E+08  0.2441E+13  0.3690E+07   0.000       0.000      0.1913E+09   0.000    
     730  0.5365      0.7349E-03 NODE        2042  -0.0%  0.1088E+08  0.2441E+13  0.3928E+07   0.000       0.000      0.1913E+09   0.000    
     740  0.5439      0.7349E-03 NODE        2042  -0.0%  0.1111E+08  0.2441E+13  0.4178E+07   0.000       0.000      0.1913E+09   0.000    
     750  0.5512      0.7349E-03 NODE        2042  -0.0%  0.1127E+08  0.2441E+13  0.4436E+07   0.000       0.000      0.1913E+09   0.000    
     760  0.5586      0.7349E-03 NODE        2042  -0.0%  0.1135E+08  0.2441E+13  0.4702E+07   0.000       0.000      0.1913E+09   0.000    
     770  0.5659      0.7349E-03 NODE        2042  -0.0%  0.1137E+08  0.2441E+13  0.4972E+07   0.000       0.000      0.1913E+09   0.000    
     780  0.5733      0.7349E-03 NODE        2042  -0.0%  0.1135E+08  0.2441E+13  0.5244E+07   0.000       0.000      0.1913E+09   0.000    
     790  0.5806      0.7349E-03 NODE        2042  -0.0%  0.1134E+08  0.2441E+13  0.5518E+07   0.000       0.000      0.1913E+09   0.000    
     800  0.5880      0.7349E-03 NODE        2042  -0.0%  0.1140E+08  0.2441E+13  0.5794E+07   0.000       0.000      0.1913E+09   0.000    
     810  0.5953      0.7349E-03 NODE        2042  -0.0%  0.1149E+08  0.2441E+13  0.6074E+07   0.000       0.000      0.1913E+09   0.000    
     ANIMATION FILE: A05_COMP_FINEA004 WRITTEN
     820  0.6027      0.7349E-03 NODE        2042  -0.0%  0.1157E+08  0.2441E+13  0.6360E+07   0.000       0.000      0.1913E+09   0.000    
     830  0.6100      0.7349E-03 NODE        2042  -0.0%  0.1161E+08  0.2441E+13  0.6650E+07   0.000       0.000      0.1913E+09   0.000    
     840  0.6174      0.7349E-03 NODE        2042  -0.0%  0.1160E+08  0.2441E+13  0.6944E+07   0.000       0.000      0.1913E+09   0.000    
     850  0.6247      0.7349E-03 NODE        2042  -0.0%  0.1155E+08  0.2441E+13  0.7239E+07   0.000       0.000      0.1913E+09   0.000    
     860  0.6321      0.7349E-03 NODE        2042  -0.0%  0.1146E+08  0.2441E+13  0.7533E+07   0.000       0.000      0.1913E+09   0.000    
     870  0.6394      0.7349E-03 NODE        2042  -0.0%  0.1137E+08  0.2441E+13  0.7827E+07   0.000       0.000      0.1913E+09   0.000    
     880  0.6468      0.7349E-03 NODE        2042  -0.0%  0.1130E+08  0.2441E+13  0.8121E+07   0.000       0.000      0.1913E+09   0.000    
     890  0.6541      0.7349E-03 NODE        2042  -0.0%  0.1128E+08  0.2441E+13  0.8414E+07   0.000       0.000      0.1913E+09   0.000    
     900  0.6615      0.7349E-03 NODE        2042  -0.0%  0.1129E+08  0.2441E+13  0.8711E+07   0.000       0.000      0.1913E+09   0.000    
     910  0.6688      0.7349E-03 NODE        2042  -0.0%  0.1130E+08  0.2441E+13  0.9009E+07   0.000       0.000      0.1913E+09   0.000    
     920  0.6761      0.7349E-03 NODE        2042  -0.0%  0.1130E+08  0.2441E+13  0.9309E+07   0.000       0.000      0.1913E+09   0.000    
     930  0.6835      0.7349E-03 NODE        2042  -0.0%  0.1127E+08  0.2441E+13  0.9608E+07   0.000       0.000      0.1913E+09   0.000    
     940  0.6908      0.7349E-03 NODE        2042  -0.0%  0.1122E+08  0.2441E+13  0.9904E+07   0.000       0.000      0.1913E+09   0.000    
     950  0.6982      0.7349E-03 NODE        2042  -0.0%  0.1116E+08  0.2441E+13  0.1019E+08   0.000       0.000      0.1913E+09   0.000    
     960  0.7055      0.7349E-03 NODE        2042  -0.0%  0.1109E+08  0.2441E+13  0.1047E+08   0.000       0.000      0.1913E+09   0.000    
     970  0.7129      0.7349E-03 NODE        2042  -0.0%  0.1104E+08  0.2441E+13  0.1074E+08   0.000       0.000      0.1913E+09   0.000    
     980  0.7202      0.7349E-03 NODE        2042  -0.0%  0.1102E+08  0.2441E+13  0.1100E+08   0.000       0.000      0.1913E+09   0.000    
     990  0.7276      0.7349E-03 NODE        2042  -0.0%  0.1104E+08  0.2441E+13  0.1125E+08   0.000       0.000      0.1913E+09   0.000    
   CYCLE    TIME      TIME-STEP  ELEMENT          ERROR  I-ENERGY    K-ENERGY T  K-ENERGY R  EXT-WORK     MAS.ERR     TOTAL MASS  MASS ADDED
    1000  0.7349      0.7349E-03 NODE        2042  -0.0%  0.1109E+08  0.2441E+13  0.1149E+08   0.000       0.000      0.1913E+09   0.000    
    1010  0.7423      0.7349E-03 NODE        2042  -0.0%  0.1116E+08  0.2441E+13  0.1172E+08   0.000       0.000      0.1913E+09   0.000    
    1020  0.7496      0.7349E-03 NODE        2042  -0.0%  0.1124E+08  0.2441E+13  0.1193E+08   0.000       0.000      0.1913E+09   0.000    
    1030  0.7570      0.7349E-03 NODE        2042  -0.0%  0.1132E+08  0.2441E+13  0.1213E+08   0.000       0.000      0.1913E+09   0.000    
    1040  0.7643      0.7349E-03 NODE        2042  -0.0%  0.1140E+08  0.2441E+13  0.1232E+08   0.000       0.000      0.1913E+09   0.000    
    1050  0.7717      0.7349E-03 NODE        2042  -0.0%  0.1149E+08  0.2441E+13  0.1249E+08   0.000       0.000      0.1913E+09   0.000    
    1060  0.7790      0.7349E-03 NODE        2042  -0.0%  0.1159E+08  0.2441E+13  0.1263E+08   0.000       0.000      0.1913E+09   0.000    
    1070  0.7864      0.7349E-03 NODE        2042  -0.0%  0.1170E+08  0.2441E+13  0.1275E+08   0.000       0.000      0.1913E+09   0.000    
    1080  0.7937      0.7349E-03 NODE        2042  -0.0%  0.1182E+08  0.2441E+13  0.1285E+08   0.000       0.000      0.1913E+09   0.000    
     ANIMATION FILE: A05_COMP_FINEA005 WRITTEN
    1090  0.8011      0.7349E-03 NODE        2042  -0.0%  0.1196E+08  0.2441E+13  0.1292E+08   0.000       0.000      0.1913E+09   0.000    
    1100  0.8084      0.7349E-03 NODE        2042  -0.0%  0.1212E+08  0.2441E+13  0.1296E+08   0.000       0.000      0.1913E+09   0.000    
    1110  0.8158      0.7349E-03 NODE        2042  -0.0%  0.1231E+08  0.2441E+13  0.1298E+08   0.000       0.000      0.1913E+09   0.000    
    1120  0.8231      0.7349E-03 NODE        2042  -0.0%  0.1252E+08  0.2441E+13  0.1298E+08   0.000       0.000      0.1913E+09   0.000    
    1130  0.8305      0.7349E-03 NODE        2042  -0.0%  0.1276E+08  0.2441E+13  0.1295E+08   0.000       0.000      0.1913E+09   0.000    
    1140  0.8378      0.7349E-03 NODE        2042  -0.0%  0.1301E+08  0.2441E+13  0.1289E+08   0.000       0.000      0.1913E+09   0.000    
    1150  0.8452      0.7349E-03 NODE        2042  -0.0%  0.1329E+08  0.2441E+13  0.1282E+08   0.000       0.000      0.1913E+09   0.000    
    1160  0.8525      0.7349E-03 NODE        2042  -0.0%  0.1358E+08  0.2441E+13  0.1273E+08   0.000       0.000      0.1913E+09   0.000    
    1170  0.8599      0.7349E-03 NODE        2042  -0.0%  0.1389E+08  0.2441E+13  0.1262E+08   0.000       0.000      0.1913E+09   0.000    
    1180  0.8672      0.7349E-03 NODE        2042  -0.0%  0.1421E+08  0.2441E+13  0.1249E+08   0.000       0.000      0.1913E+09   0.000    
    1190  0.8746      0.7349E-03 NODE        2042  -0.0%  0.1454E+08  0.2441E+13  0.1234E+08   0.000       0.000      0.1913E+09   0.000    
    1200  0.8819      0.7349E-03 NODE        2042  -0.0%  0.1487E+08  0.2441E+13  0.1218E+08   0.000       0.000      0.1913E+09   0.000    
    1210  0.8893      0.7349E-03 NODE        2042  -0.0%  0.1522E+08  0.2441E+13  0.1201E+08   0.000       0.000      0.1913E+09   0.000    
    1220  0.8966      0.7349E-03 NODE        2042  -0.0%  0.1557E+08  0.2441E+13  0.1181E+08   0.000       0.000      0.1913E+09   0.000    
    1230  0.9040      0.7349E-03 NODE        2042  -0.0%  0.1593E+08  0.2441E+13  0.1161E+08   0.000       0.000      0.1913E+09   0.000    
    1240  0.9113      0.7349E-03 NODE        2042  -0.0%  0.1629E+08  0.2441E+13  0.1139E+08   0.000       0.000      0.1913E+09   0.000    
    1250  0.9187      0.7349E-03 NODE        2042  -0.0%  0.1665E+08  0.2441E+13  0.1115E+08   0.000       0.000      0.1913E+09   0.000    
    1260  0.9260      0.7349E-03 NODE        2042  -0.0%  0.1702E+08  0.2441E+13  0.1090E+08   0.000       0.000      0.1913E+09   0.000    
    1270  0.9334      0.7349E-03 NODE        2042  -0.0%  0.1738E+08  0.2441E+13  0.1064E+08   0.000       0.000      0.1913E+09   0.000    
    1280  0.9407      0.7349E-03 NODE        2042  -0.0%  0.1774E+08  0.2441E+13  0.1038E+08   0.000       0.000      0.1913E+09   0.000    
    1290  0.9481      0.7349E-03 NODE        2042  -0.0%  0.1810E+08  0.2441E+13  0.1010E+08   0.000       0.000      0.1913E+09   0.000    
    1300  0.9554      0.7349E-03 NODE        2042  -0.0%  0.1845E+08  0.2441E+13  0.9823E+07   0.000       0.000      0.1913E+09   0.000    
    1310  0.9628      0.7349E-03 NODE        2042  -0.0%  0.1880E+08  0.2441E+13  0.9541E+07   0.000       0.000      0.1913E+09   0.000    
    1320  0.9701      0.7349E-03 NODE        2042  -0.0%  0.1914E+08  0.2441E+13  0.9259E+07   0.000       0.000      0.1913E+09   0.000    
    1330  0.9775      0.7349E-03 NODE        2042  -0.0%  0.1946E+08  0.2441E+13  0.8978E+07   0.000       0.000      0.1913E+09   0.000    
    1340  0.9848      0.7349E-03 NODE        2042  -0.0%  0.1977E+08  0.2441E+13  0.8700E+07   0.000       0.000      0.1913E+09   0.000    
    1350  0.9922      0.7349E-03 NODE        2042  -0.0%  0.2007E+08  0.2441E+13  0.8427E+07   0.000       0.000      0.1913E+09   0.000    
    1360  0.9995      0.7349E-03 NODE        2042  -0.0%  0.2034E+08  0.2441E+13  0.8161E+07   0.000       0.000      0.1913E+09   0.000    
     ANIMATION FILE: A05_COMP_FINEA006 WRITTEN
    1370   1.007      0.7349E-03 NODE        2042  -0.0%  0.2060E+08  0.2441E+13  0.7903E+07   0.000       0.000      0.1913E+09   0.000    
    1380   1.014      0.7349E-03 NODE        2042  -0.0%  0.2084E+08  0.2441E+13  0.7653E+07   0.000       0.000      0.1913E+09   0.000    
    1390   1.022      0.7349E-03 NODE        2042  -0.0%  0.2106E+08  0.2441E+13  0.7413E+07   0.000       0.000      0.1913E+09   0.000    
    1400   1.029      0.7349E-03 NODE        2042  -0.0%  0.2126E+08  0.2441E+13  0.7184E+07   0.000       0.000      0.1913E+09   0.000    
    1410   1.036      0.7349E-03 NODE        2042  -0.0%  0.2144E+08  0.2441E+13  0.6967E+07   0.000       0.000      0.1913E+09   0.000    
    1420   1.044      0.7349E-03 NODE        2042  -0.0%  0.2160E+08  0.2441E+13  0.6761E+07   0.000       0.000      0.1913E+09   0.000    
    1430   1.051      0.7349E-03 NODE        2042  -0.0%  0.2174E+08  0.2441E+13  0.6569E+07   0.000       0.000      0.1913E+09   0.000    
    1440   1.058      0.7349E-03 NODE        2042  -0.0%  0.2187E+08  0.2441E+13  0.6390E+07   0.000       0.000      0.1913E+09   0.000    
    1450   1.066      0.7349E-03 NODE        2042  -0.0%  0.2197E+08  0.2441E+13  0.6225E+07   0.000       0.000      0.1913E+09   0.000    
    1460   1.073      0.7349E-03 NODE        2042  -0.0%  0.2207E+08  0.2441E+13  0.6074E+07   0.000       0.000      0.1913E+09   0.000    
    1470   1.080      0.7349E-03 NODE        2042  -0.0%  0.2215E+08  0.2441E+13  0.5938E+07   0.000       0.000      0.1913E+09   0.000    
    1480   1.088      0.7349E-03 NODE        2042  -0.0%  0.2223E+08  0.2441E+13  0.5816E+07   0.000       0.000      0.1913E+09   0.000    
    1490   1.095      0.7349E-03 NODE        2042  -0.0%  0.2230E+08  0.2441E+13  0.5709E+07   0.000       0.000      0.1913E+09   0.000    
    1500   1.102      0.7349E-03 NODE        2042  -0.0%  0.2237E+08  0.2441E+13  0.5615E+07   0.000       0.000      0.1913E+09   0.000    
    1510   1.110      0.7349E-03 NODE        2042  -0.0%  0.2245E+08  0.2441E+13  0.5534E+07   0.000       0.000      0.1913E+09   0.000    
    1520   1.117      0.7349E-03 NODE        2042  -0.0%  0.2254E+08  0.2441E+13  0.5467E+07   0.000       0.000      0.1913E+09   0.000    
    1530   1.124      0.7349E-03 NODE        2042  -0.0%  0.2265E+08  0.2441E+13  0.5412E+07   0.000       0.000      0.1913E+09   0.000    
    1540   1.132      0.7349E-03 NODE        2042  -0.0%  0.2278E+08  0.2441E+13  0.5373E+07   0.000       0.000      0.1913E+09   0.000    
    1550   1.139      0.7349E-03 NODE        2042  -0.0%  0.2295E+08  0.2441E+13  0.5351E+07   0.000       0.000      0.1913E+09   0.000    
    1560   1.147      0.7349E-03 NODE        2042  -0.0%  0.2318E+08  0.2441E+13  0.5355E+07   0.000       0.000      0.1913E+09   0.000    
    1570   1.154      0.7349E-03 NODE        2042  -0.0%  0.2345E+08  0.2441E+13  0.5390E+07   0.000       0.000      0.1913E+09   0.000    
    1580   1.161      0.7349E-03 NODE        2042  -0.0%  0.2378E+08  0.2441E+13  0.5467E+07   0.000       0.000      0.1913E+09   0.000    
    1590   1.169      0.7349E-03 NODE        2042  -0.0%  0.2412E+08  0.2441E+13  0.5593E+07   0.000       0.000      0.1913E+09   0.000    
    1600   1.176      0.7349E-03 NODE        2042  -0.0%  0.2444E+08  0.2441E+13  0.5772E+07   0.000       0.000      0.1913E+09   0.000    
    1610   1.183      0.7349E-03 NODE        2042  -0.0%  0.2471E+08  0.2441E+13  0.6004E+07   0.000       0.000      0.1913E+09   0.000    
    1620   1.191      0.7349E-03 NODE        2042  -0.0%  0.2494E+08  0.2441E+13  0.6284E+07   0.000       0.000      0.1913E+09   0.000    
    1630   1.198      0.7349E-03 NODE        2042  -0.0%  0.2514E+08  0.2441E+13  0.6606E+07   0.000       0.000      0.1913E+09   0.000    
     ANIMATION FILE: A05_COMP_FINEA007 WRITTEN
    1640   1.205      0.7349E-03 NODE        2042  -0.0%  0.2530E+08  0.2441E+13  0.6965E+07   0.000       0.000      0.1913E+09   0.000    
    1650   1.213      0.7349E-03 NODE        2042  -0.0%  0.2544E+08  0.2441E+13  0.7357E+07   0.000       0.000      0.1913E+09   0.000    
    1660   1.220      0.7349E-03 NODE        2042  -0.0%  0.2553E+08  0.2441E+13  0.7779E+07   0.000       0.000      0.1913E+09   0.000    
    1670   1.227      0.7349E-03 NODE        2042  -0.0%  0.2556E+08  0.2441E+13  0.8229E+07   0.000       0.000      0.1913E+09   0.000    
    1680   1.235      0.7349E-03 NODE        2042  -0.0%  0.2554E+08  0.2441E+13  0.8703E+07   0.000       0.000      0.1913E+09   0.000    
    1690   1.242      0.7349E-03 NODE        2042  -0.0%  0.2546E+08  0.2441E+13  0.9194E+07   0.000       0.000      0.1913E+09   0.000    
    1700   1.249      0.7349E-03 NODE        2042  -0.0%  0.2533E+08  0.2441E+13  0.9692E+07   0.000       0.000      0.1913E+09   0.000    
    1710   1.257      0.7349E-03 NODE        2042  -0.0%  0.2517E+08  0.2441E+13  0.1018E+08   0.000       0.000      0.1913E+09   0.000    
    1720   1.264      0.7349E-03 NODE        2042  -0.0%  0.2498E+08  0.2441E+13  0.1065E+08   0.000       0.000      0.1913E+09   0.000    
    1730   1.271      0.7349E-03 NODE        2042  -0.0%  0.2477E+08  0.2441E+13  0.1109E+08   0.000       0.000      0.1913E+09   0.000    
    1740   1.279      0.7349E-03 NODE        2042  -0.0%  0.2453E+08  0.2441E+13  0.1148E+08   0.000       0.000      0.1913E+09   0.000    
    1750   1.286      0.7349E-03 NODE        2042  -0.0%  0.2428E+08  0.2441E+13  0.1181E+08   0.000       0.000      0.1913E+09   0.000    
    1760   1.294      0.7349E-03 NODE        2042  -0.0%  0.2402E+08  0.2441E+13  0.1208E+08   0.000       0.000      0.1913E+09   0.000    
    1770   1.301      0.7349E-03 NODE        2042  -0.0%  0.2376E+08  0.2441E+13  0.1227E+08   0.000       0.000      0.1913E+09   0.000    
    1780   1.308      0.7349E-03 NODE        2042  -0.0%  0.2350E+08  0.2441E+13  0.1240E+08   0.000       0.000      0.1913E+09   0.000    
    1790   1.316      0.7349E-03 NODE        2042  -0.0%  0.2324E+08  0.2441E+13  0.1245E+08   0.000       0.000      0.1913E+09   0.000    
    1800   1.323      0.7349E-03 NODE        2042  -0.0%  0.2299E+08  0.2441E+13  0.1243E+08   0.000       0.000      0.1913E+09   0.000    
    1810   1.330      0.7349E-03 NODE        2042  -0.0%  0.2273E+08  0.2441E+13  0.1233E+08   0.000       0.000      0.1913E+09   0.000    
    1820   1.338      0.7349E-03 NODE        2042  -0.0%  0.2249E+08  0.2441E+13  0.1217E+08   0.000       0.000      0.1913E+09   0.000    
    1830   1.345      0.7349E-03 NODE        2042  -0.0%  0.2225E+08  0.2441E+13  0.1195E+08   0.000       0.000      0.1913E+09   0.000    
    1840   1.352      0.7349E-03 NODE        2042  -0.0%  0.2202E+08  0.2441E+13  0.1168E+08   0.000       0.000      0.1913E+09   0.000    
    1850   1.360      0.7349E-03 NODE        2042  -0.0%  0.2179E+08  0.2441E+13  0.1137E+08   0.000       0.000      0.1913E+09   0.000    
    1860   1.367      0.7349E-03 NODE        2042  -0.0%  0.2156E+08  0.2441E+13  0.1102E+08   0.000       0.000      0.1913E+09   0.000    
    1870   1.374      0.7349E-03 NODE        2042  -0.0%  0.2133E+08  0.2441E+13  0.1065E+08   0.000       0.000      0.1913E+09   0.000    
    1880   1.382      0.7349E-03 NODE        2042  -0.0%  0.2110E+08  0.2441E+13  0.1026E+08   0.000       0.000      0.1913E+09   0.000    
    1890   1.389      0.7349E-03 NODE        2042  -0.0%  0.2089E+08  0.2441E+13  0.9857E+07   0.000       0.000      0.1913E+09   0.000    
    1900   1.396      0.7349E-03 NODE        2042  -0.0%  0.2071E+08  0.2441E+13  0.9455E+07   0.000       0.000      0.1913E+09   0.000    
     ANIMATION FILE: A05_COMP_FINEA008 WRITTEN
    1910   1.404      0.7349E-03 NODE        2042  -0.0%  0.2057E+08  0.2441E+13  0.9057E+07   0.000       0.000      0.1913E+09   0.000    
    1920   1.411      0.7349E-03 NODE        2042  -0.0%  0.2048E+08  0.2441E+13  0.8668E+07   0.000       0.000      0.1913E+09   0.000    
    1930   1.418      0.7349E-03 NODE        2042  -0.0%  0.2045E+08  0.2441E+13  0.8286E+07   0.000       0.000      0.1913E+09   0.000    
    1940   1.426      0.7349E-03 NODE        2042  -0.0%  0.2054E+08  0.2441E+13  0.7906E+07   0.000       0.000      0.1913E+09   0.000    
    1950   1.433      0.7349E-03 NODE        2042  -0.0%  0.2089E+08  0.2441E+13  0.7521E+07   0.000       0.000      0.1913E+09   0.000    
    1960   1.440      0.7349E-03 NODE        2042  -0.0%  0.2178E+08  0.2441E+13  0.7125E+07   0.000       0.000      0.1913E+09   0.000    
    1970   1.448      0.7349E-03 NODE        2042  -0.0%  0.2363E+08  0.2441E+13  0.6720E+07   0.000       0.000      0.1913E+09   0.000    
    1980   1.455      0.7349E-03 NODE        2042  -0.0%  0.2678E+08  0.2441E+13  0.6321E+07   0.000       0.000      0.1913E+09   0.000    
    1990   1.463      0.7349E-03 NODE        2042  -0.0%  0.3124E+08  0.2441E+13  0.5961E+07   0.000       0.000      0.1913E+09   0.000    
   CYCLE    TIME      TIME-STEP  ELEMENT          ERROR  I-ENERGY    K-ENERGY T  K-ENERGY R  EXT-WORK     MAS.ERR     TOTAL MASS  MASS ADDED
    2000   1.470      0.7349E-03 NODE        2042  -0.0%  0.3678E+08  0.2441E+13  0.5685E+07   0.000       0.000      0.1913E+09   0.000    
    2010   1.477      0.7349E-03 NODE        2042  -0.0%  0.4297E+08  0.2441E+13  0.5539E+07   0.000       0.000      0.1913E+09   0.000    
    2020   1.485      0.7349E-03 NODE        2042  -0.0%  0.4932E+08  0.2441E+13  0.5556E+07   0.000       0.000      0.1913E+09   0.000    
    2030   1.492      0.7349E-03 NODE        2042  -0.0%  0.5533E+08  0.2441E+13  0.5750E+07   0.000       0.000      0.1913E+09   0.000    
    2040   1.499      0.7349E-03 NODE        2042  -0.0%  0.6063E+08  0.2441E+13  0.6127E+07   0.000       0.000      0.1913E+09   0.000    
    2050   1.507      0.7349E-03 NODE        2042  -0.0%  0.6498E+08  0.2441E+13  0.6683E+07   0.000       0.000      0.1913E+09   0.000    
    2060   1.514      0.7349E-03 NODE        2042  -0.0%  0.6826E+08  0.2441E+13  0.7413E+07   0.000       0.000      0.1913E+09   0.000    
    2070   1.521      0.7349E-03 NODE        2042  -0.0%  0.7049E+08  0.2441E+13  0.8313E+07   0.000       0.000      0.1913E+09   0.000    
    2080   1.529      0.7349E-03 NODE        2042  -0.0%  0.7178E+08  0.2441E+13  0.9373E+07   0.000       0.000      0.1913E+09   0.000    
    2090   1.536      0.7349E-03 NODE        2042  -0.0%  0.7233E+08  0.2441E+13  0.1058E+08   0.000       0.000      0.1913E+09   0.000    
    2100   1.543      0.7349E-03 NODE        2042  -0.0%  0.7237E+08  0.2441E+13  0.1189E+08   0.000       0.000      0.1913E+09   0.000    
    2110   1.551      0.7349E-03 NODE        2042  -0.0%  0.7213E+08  0.2441E+13  0.1327E+08   0.000       0.000      0.1913E+09   0.000    
    2120   1.558      0.7349E-03 NODE        2042  -0.0%  0.7179E+08  0.2441E+13  0.1467E+08   0.000       0.000      0.1913E+09   0.000    
    2130   1.565      0.7349E-03 NODE        2042  -0.0%  0.7149E+08  0.2441E+13  0.1604E+08   0.000       0.000      0.1913E+09   0.000    
    2140   1.573      0.7349E-03 NODE        2042  -0.0%  0.7127E+08  0.2441E+13  0.1735E+08   0.000       0.000      0.1913E+09   0.000    
    2150   1.580      0.7349E-03 NODE        2042  -0.0%  0.7114E+08  0.2441E+13  0.1856E+08   0.000       0.000      0.1913E+09   0.000    
    2160   1.587      0.7349E-03 NODE        2042  -0.0%  0.7103E+08  0.2441E+13  0.1966E+08   0.000       0.000      0.1913E+09   0.000    
    2170   1.595      0.7349E-03 NODE        2042  -0.0%  0.7087E+08  0.2441E+13  0.2061E+08   0.000       0.000      0.1913E+09   0.000    
     ANIMATION FILE: A05_COMP_FINEA009 WRITTEN
    2180   1.602      0.7349E-03 NODE        2042  -0.0%  0.7062E+08  0.2441E+13  0.2139E+08   0.000       0.000      0.1913E+09   0.000    
    2190   1.610      0.7349E-03 NODE        2042  -0.0%  0.7029E+08  0.2441E+13  0.2200E+08   0.000       0.000      0.1913E+09   0.000    
    2200   1.617      0.7349E-03 NODE        2042  -0.0%  0.6999E+08  0.2441E+13  0.2242E+08   0.000       0.000      0.1913E+09   0.000    
    2210   1.624      0.7349E-03 NODE        2042  -0.0%  0.6987E+08  0.2441E+13  0.2266E+08   0.000       0.000      0.1913E+09   0.000    
    2220   1.632      0.7349E-03 NODE        2042  -0.0%  0.7012E+08  0.2441E+13  0.2271E+08   0.000       0.000      0.1913E+09   0.000    
    2230   1.639      0.7349E-03 NODE        2042  -0.0%  0.7087E+08  0.2441E+13  0.2261E+08   0.000       0.000      0.1913E+09   0.000    
    2240   1.646      0.7349E-03 NODE        2042  -0.0%  0.7217E+08  0.2441E+13  0.2235E+08   0.000       0.000      0.1913E+09   0.000    
    2250   1.654      0.7349E-03 NODE        2042  -0.0%  0.7398E+08  0.2441E+13  0.2197E+08   0.000       0.000      0.1913E+09   0.000    
    2260   1.661      0.7349E-03 NODE        2042  -0.0%  0.7615E+08  0.2441E+13  0.2148E+08   0.000       0.000      0.1913E+09   0.000    
    2270   1.668      0.7349E-03 NODE        2042  -0.0%  0.7849E+08  0.2441E+13  0.2091E+08   0.000       0.000      0.1913E+09   0.000    
    2280   1.676      0.7349E-03 NODE        2042  -0.0%  0.8077E+08  0.2441E+13  0.2029E+08   0.000       0.000      0.1913E+09   0.000    
    2290   1.683      0.7349E-03 NODE        2042  -0.0%  0.8281E+08  0.2441E+13  0.1965E+08   0.000       0.000      0.1913E+09   0.000    
    2300   1.690      0.7349E-03 NODE        2042  -0.0%  0.8449E+08  0.2441E+13  0.1902E+08   0.000       0.000      0.1913E+09   0.000    
    2310   1.698      0.7349E-03 NODE        2042  -0.0%  0.8577E+08  0.2441E+13  0.1842E+08   0.000       0.000      0.1913E+09   0.000    
    2320   1.705      0.7349E-03 NODE        2042  -0.0%  0.8671E+08  0.2441E+13  0.1786E+08   0.000       0.000      0.1913E+09   0.000    
    2330   1.712      0.7349E-03 NODE        2042  -0.0%  0.8748E+08  0.2441E+13  0.1734E+08   0.000       0.000      0.1913E+09   0.000    
    2340   1.720      0.7349E-03 NODE        2042  -0.0%  0.8834E+08  0.2441E+13  0.1683E+08   0.000       0.000      0.1913E+09   0.000    
    2350   1.727      0.7349E-03 NODE        2042  -0.0%  0.8957E+08  0.2441E+13  0.1631E+08   0.000       0.000      0.1913E+09   0.000    
    2360   1.734      0.7349E-03 NODE        2042  -0.0%  0.9140E+08  0.2441E+13  0.1578E+08   0.000       0.000      0.1913E+09   0.000    
    2370   1.742      0.7349E-03 NODE        2042  -0.0%  0.9396E+08  0.2441E+13  0.1521E+08   0.000       0.000      0.1913E+09   0.000    
    2380   1.749      0.7349E-03 NODE        2042  -0.0%  0.9727E+08  0.2441E+13  0.1464E+08   0.000       0.000      0.1913E+09   0.000    
    2390   1.757      0.7349E-03 NODE        2042  -0.0%  0.1012E+09  0.2441E+13  0.1410E+08   0.000       0.000      0.1913E+09   0.000    
    2400   1.764      0.7349E-03 NODE        2042  -0.0%  0.1054E+09  0.2441E+13  0.1362E+08   0.000       0.000      0.1913E+09   0.000    
    2410   1.771      0.7349E-03 NODE        2042  -0.0%  0.1098E+09  0.2441E+13  0.1324E+08   0.000       0.000      0.1913E+09   0.000    
    2420   1.779      0.7349E-03 NODE        2042  -0.0%  0.1140E+09  0.2441E+13  0.1298E+08   0.000       0.000      0.1913E+09   0.000    
    2430   1.786      0.7349E-03 NODE        2042  -0.0%  0.1177E+09  0.2441E+13  0.1284E+08   0.000       0.000      0.1913E+09   0.000    
    2440   1.793      0.7349E-03 NODE        2042  -0.0%  0.1210E+09  0.2441E+13  0.1284E+08   0.000       0.000      0.1913E+09   0.000    
    2450   1.801      0.7349E-03 NODE        2042  -0.0%  0.1236E+09  0.2441E+13  0.1297E+08   0.000       0.000      0.1913E+09   0.000    
     ANIMATION FILE: A05_COMP_FINEA010 WRITTEN
    2460   1.808      0.7349E-03 NODE        2042  -0.0%  0.1255E+09  0.2441E+13  0.1321E+08   0.000       0.000      0.1913E+09   0.000    
    2470   1.815      0.7349E-03 NODE        2042  -0.0%  0.1268E+09  0.2441E+13  0.1356E+08   0.000       0.000      0.1913E+09   0.000    
    2480   1.823      0.7349E-03 NODE        2042  -0.0%  0.1278E+09  0.2441E+13  0.1400E+08   0.000       0.000      0.1913E+09   0.000    
    2490   1.830      0.7349E-03 NODE        2042  -0.0%  0.1286E+09  0.2441E+13  0.1449E+08   0.000       0.000      0.1913E+09   0.000    
    2500   1.837      0.7349E-03 NODE        2042  -0.0%  0.1294E+09  0.2441E+13  0.1501E+08   0.000       0.000      0.1913E+09   0.000    
    2510   1.845      0.7349E-03 NODE        2042  -0.0%  0.1304E+09  0.2441E+13  0.1552E+08   0.000       0.000      0.1913E+09   0.000    
    2520   1.852      0.7349E-03 NODE        2042  -0.0%  0.1317E+09  0.2441E+13  0.1602E+08   0.000       0.000      0.1913E+09   0.000    
    2530   1.859      0.7349E-03 NODE        2042  -0.0%  0.1332E+09  0.2441E+13  0.1648E+08   0.000       0.000      0.1913E+09   0.000    
    2540   1.867      0.7349E-03 NODE        2042  -0.0%  0.1348E+09  0.2441E+13  0.1690E+08   0.000       0.000      0.1913E+09   0.000    
    2550   1.874      0.7349E-03 NODE        2042  -0.0%  0.1364E+09  0.2441E+13  0.1728E+08   0.000       0.000      0.1913E+09   0.000    
    2560   1.881      0.7349E-03 NODE        2042  -0.0%  0.1376E+09  0.2441E+13  0.1762E+08   0.000       0.000      0.1913E+09   0.000    
    2570   1.889      0.7349E-03 NODE        2042  -0.0%  0.1385E+09  0.2441E+13  0.1792E+08   0.000       0.000      0.1913E+09   0.000    
    2580   1.896      0.7349E-03 NODE        2042  -0.0%  0.1389E+09  0.2441E+13  0.1819E+08   0.000       0.000      0.1913E+09   0.000    
    2590   1.904      0.7349E-03 NODE        2042  -0.0%  0.1388E+09  0.2441E+13  0.1845E+08   0.000       0.000      0.1913E+09   0.000    
    2600   1.911      0.7349E-03 NODE        2042  -0.0%  0.1382E+09  0.2441E+13  0.1871E+08   0.000       0.000      0.1913E+09   0.000    
    2610   1.918      0.7349E-03 NODE        2042  -0.0%  0.1372E+09  0.2441E+13  0.1901E+08   0.000       0.000      0.1913E+09   0.000    
    2620   1.926      0.7349E-03 NODE        2042  -0.0%  0.1360E+09  0.2441E+13  0.1937E+08   0.000       0.000      0.1913E+09   0.000    
    2630   1.933      0.7349E-03 NODE        2042  -0.0%  0.1346E+09  0.2441E+13  0.1981E+08   0.000       0.000      0.1913E+09   0.000    
    2640   1.940      0.7349E-03 NODE        2042  -0.0%  0.1334E+09  0.2441E+13  0.2032E+08   0.000       0.000      0.1913E+09   0.000    
    2650   1.948      0.7349E-03 NODE        2042  -0.0%  0.1325E+09  0.2441E+13  0.2087E+08   0.000       0.000      0.1913E+09   0.000    
    2660   1.955      0.7349E-03 NODE        2042  -0.0%  0.1321E+09  0.2441E+13  0.2145E+08   0.000       0.000      0.1913E+09   0.000    
    2670   1.962      0.7349E-03 NODE        2042  -0.0%  0.1323E+09  0.2441E+13  0.2201E+08   0.000       0.000      0.1913E+09   0.000    
    2680   1.970      0.7349E-03 NODE        2042  -0.0%  0.1329E+09  0.2441E+13  0.2255E+08   0.000       0.000      0.1913E+09   0.000    
    2690   1.977      0.7349E-03 NODE        2042  -0.0%  0.1337E+09  0.2441E+13  0.2305E+08   0.000       0.000      0.1913E+09   0.000    
    2700   1.984      0.7349E-03 NODE        2042  -0.0%  0.1347E+09  0.2441E+13  0.2350E+08   0.000       0.000      0.1913E+09   0.000    
    2710   1.992      0.7349E-03 NODE        2042  -0.0%  0.1355E+09  0.2441E+13  0.2391E+08   0.000       0.000      0.1913E+09   0.000    
    2720   1.999      0.7349E-03 NODE        2042  -0.0%  0.1359E+09  0.2441E+13  0.2426E+08   0.000       0.000      0.1913E+09   0.000    

     RESTART FILES: A05_COMP_FINE_0001_[0001-0001].rst WRITTEN
     -------------

     ANIMATION FILE: A05_COMP_FINEA011 WRITTEN
  
                           ** CPU USER TIME **
  
  
                        ** SUMMARY **
  
 #PROC  CONTSORT  CONTFOR   ELEMENT   KINCOND   INTEG     IO        T0        ASM       RESOL    
   1   .7344E+00 .2656E+00 .7870E+02 .5562E+01 .1312E+01 .6594E+01 .9375E-01 .4297E+01 .1019E+03
  
 
                   ** CUMULATIVE CPU TIME SUMMARY **
  
 CONTACT SORTING.............: .7344E+00     0.72 % 
 CONTACT FORCES..............: .2656E+00     0.26 % 
 ELEMENT FORCES..............: .7870E+02    77.27 % 
 KINEMATIC COND..............: .5562E+01     5.46 % 
 INTEGRATION.................: .1312E+01     1.29 % 
 ASSEMBLING..................: .4297E+01     4.22 % 
 OTHERS (including I/O)......: .1098E+02    10.78 % 
 TOTAL.......................: .1019E+03   100.00 % 
  
  
                           ** ELAPSED TIME **
  
  
                        ** SUMMARY **
  
 #PROC  CONTSORT  CONTFOR   ELEMENT   KINCOND   INTEG     IO        T0        ASM       RESOL    
   1   .4217E+00 .5759E-01 .3945E+02 .2596E+01 .7386E+00 .3380E+01 .9268E-01 .2037E+01 .5107E+02
  
                   ** MEMORY USAGE STATISTICS **
  
 TOTAL MEMORY USED .........................:      246 MB
 MAXIMUM MEMORY PER PROCESSOR...............:      246 MB
 MINIMUM MEMORY PER PROCESSOR...............:      246 MB
 AVERAGE MEMORY PER PROCESSOR...............:      246 MB
  
                   ** DISK USAGE STATISTICS **
  
 TOTAL DISK SPACE USED .....................:        133 MB
 ANIMATION/H3D/TH/OUTP SIZE ................:         75 MB
 RESTART FILE SIZE .........................:         57 MB
  
                   ** COMPUTE TIME INFORMATION **
                        ** CURRENT ENGINE **
  
 EXECUTION STARTED .........................:      2026/10/05  17:32:37
 EXECUTION COMPLETED .......................:      2026/10/05  17:33:28
  
 ELAPSED TIME     =         51.23 s
                          0:00:51



     NORMAL TERMINATION      



     TOTAL NUMBER OF CYCLES  :    2723

  
                   ** COMPUTE RUNTIME INFORMATION SUMMARY **
  
        STARTER RUNTIME =          1.26s (00:00:01)
 # 001   ENGINE RUNTIME =         51.23s (00:00:51)
 ------------------------------ 
 STARTER+ENGINE RUNTIME =         52.49s (00:00:52)
  
