************************************************************************
**                                                                    **
**                                                                    **
**                         OpenRadioss Engine                         **
**                                                                    **
**            Non-linear Finite Element Analysis Software             **
**                                                                    **
**                                                                    **
**                                                                    **
**                  Windows 64 bits, Intel compiler                   **
**                      Double Precision Version                      **
**                                                                    **
**                                                                    **
**                                                                    **
************************************************************************
** OpenRadioss Software                                               **
** COPYRIGHT (C) 2026 Siemens                                         **
** Licensed under GNU Affero General Public License.                  **
** See License file.                                                  **
************************************************************************
 
 ROOT: A05_COMP_FINE  RESTART: 0001
 NUMBER OF HMPP PROCESSES     2
 05/10/2026
     ANIMATION FILE: A05_COMP_FINEA001 WRITTEN
     ANIMATION FILE: A05_COMP_FINEA002 WRITTEN
     ANIMATION FILE: A05_COMP_FINEA003 WRITTEN
     ANIMATION FILE: A05_COMP_FINEA004 WRITTEN
     ANIMATION FILE: A05_COMP_FINEA005 WRITTEN
     ANIMATION FILE: A05_COMP_FINEA006 WRITTEN
     ANIMATION FILE: A05_COMP_FINEA007 WRITTEN
     ANIMATION FILE: A05_COMP_FINEA008 WRITTEN
     ANIMATION FILE: A05_COMP_FINEA009 WRITTEN
     ANIMATION FILE: A05_COMP_FINEA010 WRITTEN
     RESTART FILES: A05_COMP_FINE_0001_[0001-0001].rst WRITTEN
     ANIMATION FILE: A05_COMP_FINEA011 WRITTEN
  
                           ** CPU USER TIME **
  
  
                        ** SUMMARY **
  
 #PROC  CONTSORT  CONTFOR   ELEMENT   KINCOND   INTEG     IO        T0        ASM       RESOL    
   1   .7344E+00 .2656E+00 .7870E+02 .5562E+01 .1312E+01 .6594E+01 .9375E-01 .4297E+01 .1019E+03
 
                   ** CUMULATIVE CPU TIME SUMMARY **
  
 CONTACT SORTING.............: .7344E+00     0.72 % 
 CONTACT FORCES..............: .2656E+00     0.26 % 
 ELEMENT FORCES..............: .7870E+02    77.27 % 
 KINEMATIC COND..............: .5562E+01     5.46 % 
 INTEGRATION.................: .1312E+01     1.29 % 
 ASSEMBLING..................: .4297E+01     4.22 % 
 OTHERS (including I/O)......: .1098E+02    10.78 % 
 TOTAL.......................: .1019E+03   100.00 % 
  
                   ** MEMORY USAGE STATISTICS **
  
 TOTAL MEMORY USED .........................:      246 MB
 MAXIMUM MEMORY PER PROCESSOR...............:      246 MB
 MINIMUM MEMORY PER PROCESSOR...............:      246 MB
 AVERAGE MEMORY PER PROCESSOR...............:      246 MB
  
                   ** DISK USAGE STATISTICS **
  
 TOTAL DISK SPACE USED .....................:        133 MB
 ANIMATION/H3D/TH/OUTP SIZE ................:         75 MB
 RESTART FILE SIZE .........................:         57 MB
  
 ELAPSED TIME     =         51.23 s
                          0:00:51
  
     NORMAL TERMINATION      
     TOTAL NUMBER OF CYCLES  :    2723
