************************************************************************
**                                                                    **
**                                                                    **
**                         OpenRadioss Engine                         **
**                                                                    **
**            Non-linear Finite Element Analysis Software             **
**                                                                    **
**                                                                    **
**                                                                    **
**                  Windows 64 bits, Intel compiler                   **
**                      Double Precision Version                      **
**                                                                    **
**                                                                    **
**                                                                    **
************************************************************************
** OpenRadioss Software                                               **
** COPYRIGHT (C) 2026 Siemens                                         **
** Licensed under GNU Affero General Public License.                  **
** See License file.                                                  **
************************************************************************
 
 ROOT: V8U_M050_E020_T1  RESTART: 0001
 NUMBER OF HMPP PROCESSES     1
 24/08/2026
 NC=       0 T= 0.0000E+00 DT= 7.2133E-03 ERR=  0.0% DM/M= 0.0000E+00
     ANIMATION FILE: V8U_M050_E020_T1A001 WRITTEN
 -- RUPTURE OF SHELL ELEMENT :      3704 AT TIME : 0.1220    
 -- RUPTURE OF SHELL ELEMENT :      3712 AT TIME : 0.1220    
 -- RUPTURE OF SHELL ELEMENT :      3720 AT TIME : 0.1220    
 -- RUPTURE OF SHELL ELEMENT :      3913 AT TIME : 0.1220    
 -- RUPTURE OF SHELL ELEMENT :      3921 AT TIME : 0.1220    
 -- RUPTURE OF SHELL ELEMENT :      3929 AT TIME : 0.1220    
 -- RUPTURE OF SHELL ELEMENT :      3696 AT TIME : 0.1328    
 -- RUPTURE OF SHELL ELEMENT :      3728 AT TIME : 0.1328    
 -- RUPTURE OF SHELL ELEMENT :      3905 AT TIME : 0.1328    
 -- RUPTURE OF SHELL ELEMENT :      3937 AT TIME : 0.1328    
 -- RUPTURE OF SHELL ELEMENT :      3679 AT TIME : 0.1552    
 -- RUPTURE OF SHELL ELEMENT :      3743 AT TIME : 0.1552    
 -- RUPTURE OF SHELL ELEMENT :      3890 AT TIME : 0.1552    
 -- RUPTURE OF SHELL ELEMENT :      3954 AT TIME : 0.1552    
 -- RUPTURE OF SHELL ELEMENT :      3671 AT TIME : 0.1662    
 -- RUPTURE OF SHELL ELEMENT :      3688 AT TIME : 0.1662    
 -- RUPTURE OF SHELL ELEMENT :      3736 AT TIME : 0.1662    
 -- RUPTURE OF SHELL ELEMENT :      3751 AT TIME : 0.1662    
 -- RUPTURE OF SHELL ELEMENT :      3882 AT TIME : 0.1662    
 -- RUPTURE OF SHELL ELEMENT :      3897 AT TIME : 0.1662    
 -- RUPTURE OF SHELL ELEMENT :      3945 AT TIME : 0.1662    
 -- RUPTURE OF SHELL ELEMENT :      3962 AT TIME : 0.1662    
 -- RUPTURE OF SHELL ELEMENT :      3662 AT TIME : 0.2010    
 -- RUPTURE OF SHELL ELEMENT :      3758 AT TIME : 0.2010    
 -- RUPTURE OF SHELL ELEMENT :      3875 AT TIME : 0.2010    
 -- RUPTURE OF SHELL ELEMENT :      3971 AT TIME : 0.2010    
 -- RUPTURE OF SHELL ELEMENT :      3670 AT TIME : 0.2362    
 -- RUPTURE OF SHELL ELEMENT :      3750 AT TIME : 0.2362    
 -- RUPTURE OF SHELL ELEMENT :      3883 AT TIME : 0.2362    
 -- RUPTURE OF SHELL ELEMENT :      3963 AT TIME : 0.2362    
 -- RUPTURE OF SHELL ELEMENT :      3661 AT TIME : 0.2600    
 -- RUPTURE OF SHELL ELEMENT :      3680 AT TIME : 0.2600    
 -- RUPTURE OF SHELL ELEMENT :      3687 AT TIME : 0.2600    
 -- RUPTURE OF SHELL ELEMENT :      3735 AT TIME : 0.2600    
 -- RUPTURE OF SHELL ELEMENT :      3744 AT TIME : 0.2600    
 -- RUPTURE OF SHELL ELEMENT :      3757 AT TIME : 0.2600    
 -- RUPTURE OF SHELL ELEMENT :      3876 AT TIME : 0.2600    
 -- RUPTURE OF SHELL ELEMENT :      3889 AT TIME : 0.2600    
 -- RUPTURE OF SHELL ELEMENT :      3898 AT TIME : 0.2600    
 -- RUPTURE OF SHELL ELEMENT :      3946 AT TIME : 0.2600    
 -- RUPTURE OF SHELL ELEMENT :      3953 AT TIME : 0.2600    
 -- RUPTURE OF SHELL ELEMENT :      3972 AT TIME : 0.2600    
 -- RUPTURE OF SHELL ELEMENT :      3652 AT TIME : 0.3342    
 -- RUPTURE OF SHELL ELEMENT :      3764 AT TIME : 0.3342    
 -- RUPTURE OF SHELL ELEMENT :      3869 AT TIME : 0.3342    
 -- RUPTURE OF SHELL ELEMENT :      3981 AT TIME : 0.3342    
 -- RUPTURE OF SHELL ELEMENT :      3642 AT TIME : 0.3776    
 -- RUPTURE OF SHELL ELEMENT :      3654 AT TIME : 0.3776    
 -- RUPTURE OF SHELL ELEMENT :      3766 AT TIME : 0.3776    
 -- RUPTURE OF SHELL ELEMENT :      3770 AT TIME : 0.3776    
 -- RUPTURE OF SHELL ELEMENT :      3863 AT TIME : 0.3776    
 -- RUPTURE OF SHELL ELEMENT :      3867 AT TIME : 0.3776    
 -- RUPTURE OF SHELL ELEMENT :      3979 AT TIME : 0.3776    
 -- RUPTURE OF SHELL ELEMENT :      3991 AT TIME : 0.3776    
 -- RUPTURE OF SHELL ELEMENT :      3653 AT TIME : 0.3838    
 -- RUPTURE OF SHELL ELEMENT :      3765 AT TIME : 0.3838    
 -- RUPTURE OF SHELL ELEMENT :      3868 AT TIME : 0.3838    
 -- RUPTURE OF SHELL ELEMENT :      3980 AT TIME : 0.3838    
 -- RUPTURE OF SHELL ELEMENT :      3633 AT TIME : 0.3899    
 -- RUPTURE OF SHELL ELEMENT :      3777 AT TIME : 0.3899    
 -- RUPTURE OF SHELL ELEMENT :      3856 AT TIME : 0.3899    
 -- RUPTURE OF SHELL ELEMENT :      4000 AT TIME : 0.3899    
 -- RUPTURE OF SHELL ELEMENT :      3492 AT TIME : 0.4212    
 -- RUPTURE OF SHELL ELEMENT :      3493 AT TIME : 0.4212    
 -- RUPTURE OF SHELL ELEMENT :      3643 AT TIME : 0.4337    
 -- RUPTURE OF SHELL ELEMENT :      3663 AT TIME : 0.4337    
 -- RUPTURE OF SHELL ELEMENT :      3759 AT TIME : 0.4337    
 -- RUPTURE OF SHELL ELEMENT :      3771 AT TIME : 0.4337    
 -- RUPTURE OF SHELL ELEMENT :      3862 AT TIME : 0.4337    
 -- RUPTURE OF SHELL ELEMENT :      3874 AT TIME : 0.4337    
 -- RUPTURE OF SHELL ELEMENT :      3970 AT TIME : 0.4337    
 -- RUPTURE OF SHELL ELEMENT :      3990 AT TIME : 0.4337    
 -- RUPTURE OF SHELL ELEMENT :      3672 AT TIME : 0.4649    
 -- RUPTURE OF SHELL ELEMENT :      3752 AT TIME : 0.4649    
 -- RUPTURE OF SHELL ELEMENT :      3881 AT TIME : 0.4649    
 -- RUPTURE OF SHELL ELEMENT :      3961 AT TIME : 0.4649    
 -- RUPTURE OF SHELL ELEMENT :      3491 AT TIME : 0.4960    
 -- RUPTURE OF SHELL ELEMENT :      3494 AT TIME : 0.4960    
 -- RUPTURE OF SHELL ELEMENT :      3634 AT TIME : 0.5022    
 -- RUPTURE OF SHELL ELEMENT :      3778 AT TIME : 0.5022    
 -- RUPTURE OF SHELL ELEMENT :      3855 AT TIME : 0.5022    
 -- RUPTURE OF SHELL ELEMENT :      3999 AT TIME : 0.5022    
 -- RUPTURE OF SHELL ELEMENT :      3655 AT TIME : 0.5770    
 -- RUPTURE OF SHELL ELEMENT :      3767 AT TIME : 0.5770    
 -- RUPTURE OF SHELL ELEMENT :      3866 AT TIME : 0.5770    
 -- RUPTURE OF SHELL ELEMENT :      3978 AT TIME : 0.5770    
 -- RUPTURE OF SHELL ELEMENT :      3489 AT TIME : 0.5895    
 -- RUPTURE OF SHELL ELEMENT :      3496 AT TIME : 0.5895    
 -- RUPTURE OF SHELL ELEMENT :      3483 AT TIME : 0.6019    
 -- RUPTURE OF SHELL ELEMENT :      3486 AT TIME : 0.6019    
 -- RUPTURE OF SHELL ELEMENT :      3490 AT TIME : 0.6019    
 -- RUPTURE OF SHELL ELEMENT :      3495 AT TIME : 0.6019    
 -- RUPTURE OF SHELL ELEMENT :      3499 AT TIME : 0.6019    
 -- RUPTURE OF SHELL ELEMENT :      3502 AT TIME : 0.6019    
 -- RUPTURE OF SHELL ELEMENT :      3641 AT TIME : 0.6081    
 -- RUPTURE OF SHELL ELEMENT :      3664 AT TIME : 0.6081    
 -- RUPTURE OF SHELL ELEMENT :      3760 AT TIME : 0.6081    
 -- RUPTURE OF SHELL ELEMENT :      3769 AT TIME : 0.6081    
 -- RUPTURE OF SHELL ELEMENT :      3864 AT TIME : 0.6081    
 -- RUPTURE OF SHELL ELEMENT :      3873 AT TIME : 0.6081    
 -- RUPTURE OF SHELL ELEMENT :      3969 AT TIME : 0.6081    
 -- RUPTURE OF SHELL ELEMENT :      3992 AT TIME : 0.6081    
 NC=     100 T= 6.0808E-01 DT= 6.2398E-03 ERR= -1.7% DM/M= 0.0000E+00
 ELAPSED TIME=          0.57 s  REMAINING TIME=         13.45 s
 -- RUPTURE OF SHELL ELEMENT :      3645 AT TIME : 0.6268    
 -- RUPTURE OF SHELL ELEMENT :      3773 AT TIME : 0.6268    
 -- RUPTURE OF SHELL ELEMENT :      3860 AT TIME : 0.6268    
 -- RUPTURE OF SHELL ELEMENT :      3988 AT TIME : 0.6268    
 -- RUPTURE OF SHELL ELEMENT :      3651 AT TIME : 0.6644    
 -- RUPTURE OF SHELL ELEMENT :      3763 AT TIME : 0.6644    
 -- RUPTURE OF SHELL ELEMENT :      3870 AT TIME : 0.6644    
 -- RUPTURE OF SHELL ELEMENT :      3982 AT TIME : 0.6644    
 -- RUPTURE OF SHELL ELEMENT :      3644 AT TIME : 0.6706    
 -- RUPTURE OF SHELL ELEMENT :      3705 AT TIME : 0.6706    
 -- RUPTURE OF SHELL ELEMENT :      3772 AT TIME : 0.6706    
 -- RUPTURE OF SHELL ELEMENT :      3861 AT TIME : 0.6706    
 -- RUPTURE OF SHELL ELEMENT :      3928 AT TIME : 0.6706    
 -- RUPTURE OF SHELL ELEMENT :      3989 AT TIME : 0.6706    
 -- RUPTURE OF SHELL ELEMENT :      3649 AT TIME : 0.6900    
 -- RUPTURE OF SHELL ELEMENT :      3761 AT TIME : 0.6900    
 -- RUPTURE OF SHELL ELEMENT :      3872 AT TIME : 0.6900    
 -- RUPTURE OF SHELL ELEMENT :      3984 AT TIME : 0.6900    
 -- RUPTURE OF SHELL ELEMENT :      3697 AT TIME : 0.6964    
 -- RUPTURE OF SHELL ELEMENT :      3713 AT TIME : 0.6964    
 -- RUPTURE OF SHELL ELEMENT :      3920 AT TIME : 0.6964    
 -- RUPTURE OF SHELL ELEMENT :      3936 AT TIME : 0.6964    
 -- RUPTURE OF SHELL ELEMENT :      3481 AT TIME : 0.7028    
 -- RUPTURE OF SHELL ELEMENT :      3488 AT TIME : 0.7028    
 -- RUPTURE OF SHELL ELEMENT :      3497 AT TIME : 0.7028    
 -- RUPTURE OF SHELL ELEMENT :      3504 AT TIME : 0.7028    
 -- RUPTURE OF SHELL ELEMENT :      3689 AT TIME : 0.7281    
 -- RUPTURE OF SHELL ELEMENT :      3721 AT TIME : 0.7281    
 -- RUPTURE OF SHELL ELEMENT :      3912 AT TIME : 0.7281    
 -- RUPTURE OF SHELL ELEMENT :      3944 AT TIME : 0.7281    
 -- RUPTURE OF SHELL ELEMENT :      3646 AT TIME : 0.7587    
 -- RUPTURE OF SHELL ELEMENT :      3774 AT TIME : 0.7587    
 -- RUPTURE OF SHELL ELEMENT :      3859 AT TIME : 0.7587    
 -- RUPTURE OF SHELL ELEMENT :      3987 AT TIME : 0.7587    
 -- RUPTURE OF SHELL ELEMENT :      3625 AT TIME : 0.7940    
 -- RUPTURE OF SHELL ELEMENT :      3785 AT TIME : 0.7940    
 -- RUPTURE OF SHELL ELEMENT :      3848 AT TIME : 0.7940    
 -- RUPTURE OF SHELL ELEMENT :      4008 AT TIME : 0.7940    
 -- RUPTURE OF SHELL ELEMENT :      3650 AT TIME : 0.7998    
 -- RUPTURE OF SHELL ELEMENT :      3656 AT TIME : 0.7998    
 -- RUPTURE OF SHELL ELEMENT :      3762 AT TIME : 0.7998    
 -- RUPTURE OF SHELL ELEMENT :      3768 AT TIME : 0.7998    
 -- RUPTURE OF SHELL ELEMENT :      3865 AT TIME : 0.7998    
 -- RUPTURE OF SHELL ELEMENT :      3871 AT TIME : 0.7998    
 -- RUPTURE OF SHELL ELEMENT :      3977 AT TIME : 0.7998    
 -- RUPTURE OF SHELL ELEMENT :      3983 AT TIME : 0.7998    
 -- RUPTURE OF SHELL ELEMENT :      3244 AT TIME : 0.8189    
 -- RUPTURE OF SHELL ELEMENT :      3245 AT TIME : 0.8189    
 -- RUPTURE OF SHELL ELEMENT :      3308 AT TIME : 0.8189    
 -- RUPTURE OF SHELL ELEMENT :      3309 AT TIME : 0.8189    
 -- RUPTURE OF SHELL ELEMENT :      3274 AT TIME : 0.8253    
 -- RUPTURE OF SHELL ELEMENT :      3279 AT TIME : 0.8253    
 -- RUPTURE OF SHELL ELEMENT :      3258 AT TIME : 0.8379    
 -- RUPTURE OF SHELL ELEMENT :      3263 AT TIME : 0.8379    
 -- RUPTURE OF SHELL ELEMENT :      3290 AT TIME : 0.8379    
 -- RUPTURE OF SHELL ELEMENT :      3295 AT TIME : 0.8379    
 -- RUPTURE OF SHELL ELEMENT :      3681 AT TIME : 0.8379    
 -- RUPTURE OF SHELL ELEMENT :      3729 AT TIME : 0.8379    
 -- RUPTURE OF SHELL ELEMENT :      3904 AT TIME : 0.8379    
 -- RUPTURE OF SHELL ELEMENT :      3952 AT TIME : 0.8379    
 -- RUPTURE OF SHELL ELEMENT :      3266 AT TIME : 0.8510    
 -- RUPTURE OF SHELL ELEMENT :      3271 AT TIME : 0.8510    
 -- RUPTURE OF SHELL ELEMENT :      3282 AT TIME : 0.8510    
 -- RUPTURE OF SHELL ELEMENT :      3287 AT TIME : 0.8510    
 -- RUPTURE OF SHELL ELEMENT :      3250 AT TIME : 0.8575    
 -- RUPTURE OF SHELL ELEMENT :      3252 AT TIME : 0.8575    
 -- RUPTURE OF SHELL ELEMENT :      3253 AT TIME : 0.8575    
 -- RUPTURE OF SHELL ELEMENT :      3255 AT TIME : 0.8575    
 -- RUPTURE OF SHELL ELEMENT :      3298 AT TIME : 0.8575    
 -- RUPTURE OF SHELL ELEMENT :      3300 AT TIME : 0.8575    
 -- RUPTURE OF SHELL ELEMENT :      3301 AT TIME : 0.8575    
 -- RUPTURE OF SHELL ELEMENT :      3303 AT TIME : 0.8575    
 -- RUPTURE OF SHELL ELEMENT :      3236 AT TIME : 0.8770    
 -- RUPTURE OF SHELL ELEMENT :      3237 AT TIME : 0.8770    
 -- RUPTURE OF SHELL ELEMENT :      3316 AT TIME : 0.8770    
 -- RUPTURE OF SHELL ELEMENT :      3317 AT TIME : 0.8770    
 -- RUPTURE OF SHELL ELEMENT :      3647 AT TIME : 0.8965    
 -- RUPTURE OF SHELL ELEMENT :      3775 AT TIME : 0.8965    
 -- RUPTURE OF SHELL ELEMENT :      3858 AT TIME : 0.8965    
 -- RUPTURE OF SHELL ELEMENT :      3986 AT TIME : 0.8965    
 -- RUPTURE OF SHELL ELEMENT :      3251 AT TIME : 0.9031    
 -- RUPTURE OF SHELL ELEMENT :      3254 AT TIME : 0.9031    
 -- RUPTURE OF SHELL ELEMENT :      3299 AT TIME : 0.9031    
 -- RUPTURE OF SHELL ELEMENT :      3302 AT TIME : 0.9031    
 -- RUPTURE OF SHELL ELEMENT :      3682 AT TIME : 0.9096    
 -- RUPTURE OF SHELL ELEMENT :      3730 AT TIME : 0.9096    
 -- RUPTURE OF SHELL ELEMENT :      3903 AT TIME : 0.9096    
 -- RUPTURE OF SHELL ELEMENT :      3951 AT TIME : 0.9096    
 -- RUPTURE OF SHELL ELEMENT :      3249 AT TIME : 0.9161    
 -- RUPTURE OF SHELL ELEMENT :      3256 AT TIME : 0.9161    
 -- RUPTURE OF SHELL ELEMENT :      3273 AT TIME : 0.9161    
 -- RUPTURE OF SHELL ELEMENT :      3280 AT TIME : 0.9161    
 -- RUPTURE OF SHELL ELEMENT :      3297 AT TIME : 0.9161    
 -- RUPTURE OF SHELL ELEMENT :      3304 AT TIME : 0.9161    
 -- RUPTURE OF SHELL ELEMENT :      3257 AT TIME : 0.9355    
 -- RUPTURE OF SHELL ELEMENT :      3264 AT TIME : 0.9355    
 -- RUPTURE OF SHELL ELEMENT :      3289 AT TIME : 0.9355    
 -- RUPTURE OF SHELL ELEMENT :      3296 AT TIME : 0.9355    
 -- RUPTURE OF SHELL ELEMENT :      3265 AT TIME : 0.9680    
 -- RUPTURE OF SHELL ELEMENT :      3272 AT TIME : 0.9680    
 -- RUPTURE OF SHELL ELEMENT :      3281 AT TIME : 0.9680    
 -- RUPTURE OF SHELL ELEMENT :      3288 AT TIME : 0.9680    
 -- RUPTURE OF SHELL ELEMENT :      3409 AT TIME : 0.9744    
 -- RUPTURE OF SHELL ELEMENT :      3416 AT TIME : 0.9744    
 -- RUPTURE OF SHELL ELEMENT :      3569 AT TIME : 0.9744    
 -- RUPTURE OF SHELL ELEMENT :      3576 AT TIME : 0.9744    
 -- RUPTURE OF SHELL ELEMENT :      3417 AT TIME : 0.9809    
 -- RUPTURE OF SHELL ELEMENT :      3424 AT TIME : 0.9809    
 -- RUPTURE OF SHELL ELEMENT :      3561 AT TIME : 0.9809    
 -- RUPTURE OF SHELL ELEMENT :      3568 AT TIME : 0.9809    
     ANIMATION FILE: V8U_M050_E020_T1A002 WRITTEN
 -- RUPTURE OF SHELL ELEMENT :      3674 AT TIME :  1.033    
 -- RUPTURE OF SHELL ELEMENT :      3738 AT TIME :  1.033    
 -- RUPTURE OF SHELL ELEMENT :      3895 AT TIME :  1.033    
 -- RUPTURE OF SHELL ELEMENT :      3959 AT TIME :  1.033    
 -- RUPTURE OF SHELL ELEMENT :      3242 AT TIME :  1.039    
 -- RUPTURE OF SHELL ELEMENT :      3247 AT TIME :  1.039    
 -- RUPTURE OF SHELL ELEMENT :      3306 AT TIME :  1.039    
 -- RUPTURE OF SHELL ELEMENT :      3311 AT TIME :  1.039    
 -- RUPTURE OF SHELL ELEMENT :      3228 AT TIME :  1.052    
 -- RUPTURE OF SHELL ELEMENT :      3229 AT TIME :  1.052    
 -- RUPTURE OF SHELL ELEMENT :      3324 AT TIME :  1.052    
 -- RUPTURE OF SHELL ELEMENT :      3325 AT TIME :  1.052    
 -- RUPTURE OF SHELL ELEMENT :      7813 AT TIME :  1.058    
 -- RUPTURE OF SHELL ELEMENT :      7897 AT TIME :  1.058    
 -- RUPTURE OF SHELL ELEMENT :      8178 AT TIME :  1.058    
 -- RUPTURE OF SHELL ELEMENT :      8262 AT TIME :  1.058    
 -- RUPTURE OF SHELL ELEMENT :      3657 AT TIME :  1.097    
 -- RUPTURE OF SHELL ELEMENT :      3753 AT TIME :  1.097    
 -- RUPTURE OF SHELL ELEMENT :      3880 AT TIME :  1.097    
 -- RUPTURE OF SHELL ELEMENT :      3976 AT TIME :  1.097    
 -- RUPTURE OF SHELL ELEMENT :      3648 AT TIME :  1.116    
 -- RUPTURE OF SHELL ELEMENT :      3776 AT TIME :  1.116    
 -- RUPTURE OF SHELL ELEMENT :      3857 AT TIME :  1.116    
 -- RUPTURE OF SHELL ELEMENT :      3985 AT TIME :  1.116    
 -- RUPTURE OF SHELL ELEMENT :      3259 AT TIME :  1.142    
 -- RUPTURE OF SHELL ELEMENT :      3262 AT TIME :  1.142    
 -- RUPTURE OF SHELL ELEMENT :      3291 AT TIME :  1.142    
 -- RUPTURE OF SHELL ELEMENT :      3294 AT TIME :  1.142    
 -- RUPTURE OF SHELL ELEMENT :      7827 AT TIME :  1.161    
 -- RUPTURE OF SHELL ELEMENT :      7883 AT TIME :  1.161    
 -- RUPTURE OF SHELL ELEMENT :      8192 AT TIME :  1.161    
 -- RUPTURE OF SHELL ELEMENT :      8248 AT TIME :  1.161    
 -- RUPTURE OF SHELL ELEMENT :      3673 AT TIME :  1.174    
 -- RUPTURE OF SHELL ELEMENT :      3737 AT TIME :  1.174    
 -- RUPTURE OF SHELL ELEMENT :      3896 AT TIME :  1.174    
 -- RUPTURE OF SHELL ELEMENT :      3960 AT TIME :  1.174    
 -- RUPTURE OF SHELL ELEMENT :      7812 AT TIME :  1.181    
 -- RUPTURE OF SHELL ELEMENT :      7896 AT TIME :  1.181    
 -- RUPTURE OF SHELL ELEMENT :      8179 AT TIME :  1.181    
 -- RUPTURE OF SHELL ELEMENT :      8263 AT TIME :  1.181    
 -- RUPTURE OF SHELL ELEMENT :      3665 AT TIME :  1.227    
 -- RUPTURE OF SHELL ELEMENT :      3745 AT TIME :  1.227    
 -- RUPTURE OF SHELL ELEMENT :      3888 AT TIME :  1.227    
 -- RUPTURE OF SHELL ELEMENT :      3968 AT TIME :  1.227    
 NC=     200 T= 1.2468E+00 DT= 6.6276E-03 ERR= -1.8% DM/M= 0.0000E+00
 ELAPSED TIME=          1.11 s  REMAINING TIME=         12.24 s
 -- RUPTURE OF SHELL ELEMENT :      3220 AT TIME :  1.287    
 -- RUPTURE OF SHELL ELEMENT :      3221 AT TIME :  1.287    
 -- RUPTURE OF SHELL ELEMENT :      3332 AT TIME :  1.287    
 -- RUPTURE OF SHELL ELEMENT :      3333 AT TIME :  1.287    
 -- RUPTURE OF SHELL ELEMENT :      7811 AT TIME :  1.353    
 -- RUPTURE OF SHELL ELEMENT :      7895 AT TIME :  1.353    
 -- RUPTURE OF SHELL ELEMENT :      8180 AT TIME :  1.353    
 -- RUPTURE OF SHELL ELEMENT :      8264 AT TIME :  1.353    
 -- RUPTURE OF SHELL ELEMENT :      3658 AT TIME :  1.419    
 -- RUPTURE OF SHELL ELEMENT :      3754 AT TIME :  1.419    
 -- RUPTURE OF SHELL ELEMENT :      3879 AT TIME :  1.419    
 -- RUPTURE OF SHELL ELEMENT :      3975 AT TIME :  1.419    
 -- RUPTURE OF SHELL ELEMENT :      3402 AT TIME :  1.512    
 -- RUPTURE OF SHELL ELEMENT :      3407 AT TIME :  1.512    
 -- RUPTURE OF SHELL ELEMENT :      3578 AT TIME :  1.512    
 -- RUPTURE OF SHELL ELEMENT :      3583 AT TIME :  1.512    
 -- RUPTURE OF SHELL ELEMENT :      7810 AT TIME :  1.532    
 -- RUPTURE OF SHELL ELEMENT :      7894 AT TIME :  1.532    
 -- RUPTURE OF SHELL ELEMENT :      8181 AT TIME :  1.532    
 -- RUPTURE OF SHELL ELEMENT :      8265 AT TIME :  1.532    
 -- RUPTURE OF SHELL ELEMENT :      3639 AT TIME :  1.611    
 -- RUPTURE OF SHELL ELEMENT :      3783 AT TIME :  1.611    
 -- RUPTURE OF SHELL ELEMENT :      3850 AT TIME :  1.611    
 -- RUPTURE OF SHELL ELEMENT :      3994 AT TIME :  1.611    
 -- RUPTURE OF SHELL ELEMENT :      3640 AT TIME :  1.645    
 -- RUPTURE OF SHELL ELEMENT :      3784 AT TIME :  1.645    
 -- RUPTURE OF SHELL ELEMENT :      3849 AT TIME :  1.645    
 -- RUPTURE OF SHELL ELEMENT :      3993 AT TIME :  1.645    
 -- RUPTURE OF SHELL ELEMENT :      3212 AT TIME :  1.664    
 -- RUPTURE OF SHELL ELEMENT :      3213 AT TIME :  1.664    
 -- RUPTURE OF SHELL ELEMENT :      3340 AT TIME :  1.664    
 -- RUPTURE OF SHELL ELEMENT :      3341 AT TIME :  1.664    
 -- RUPTURE OF SHELL ELEMENT :      3403 AT TIME :  1.731    
 -- RUPTURE OF SHELL ELEMENT :      3406 AT TIME :  1.731    
 -- RUPTURE OF SHELL ELEMENT :      3579 AT TIME :  1.731    
 -- RUPTURE OF SHELL ELEMENT :      3582 AT TIME :  1.731    
 -- RUPTURE OF SHELL ELEMENT :      3410 AT TIME :  1.751    
 -- RUPTURE OF SHELL ELEMENT :      3411 AT TIME :  1.751    
 -- RUPTURE OF SHELL ELEMENT :      3414 AT TIME :  1.751    
 -- RUPTURE OF SHELL ELEMENT :      3415 AT TIME :  1.751    
 -- RUPTURE OF SHELL ELEMENT :      3570 AT TIME :  1.751    
 -- RUPTURE OF SHELL ELEMENT :      3571 AT TIME :  1.751    
 -- RUPTURE OF SHELL ELEMENT :      3574 AT TIME :  1.751    
 -- RUPTURE OF SHELL ELEMENT :      3575 AT TIME :  1.751    
 -- RUPTURE OF SHELL ELEMENT :      3638 AT TIME :  1.791    
 -- RUPTURE OF SHELL ELEMENT :      3782 AT TIME :  1.791    
 -- RUPTURE OF SHELL ELEMENT :      3851 AT TIME :  1.791    
 -- RUPTURE OF SHELL ELEMENT :      3995 AT TIME :  1.791    
 -- RUPTURE OF SHELL ELEMENT :      3412 AT TIME :  1.797    
 -- RUPTURE OF SHELL ELEMENT :      3413 AT TIME :  1.797    
 -- RUPTURE OF SHELL ELEMENT :      3572 AT TIME :  1.797    
 -- RUPTURE OF SHELL ELEMENT :      3573 AT TIME :  1.797    
 -- RUPTURE OF SHELL ELEMENT :      7809 AT TIME :  1.817    
 -- RUPTURE OF SHELL ELEMENT :      7893 AT TIME :  1.817    
 -- RUPTURE OF SHELL ELEMENT :      8182 AT TIME :  1.817    
 -- RUPTURE OF SHELL ELEMENT :      8266 AT TIME :  1.817    
 NC=     300 T= 1.9100E+00 DT= 6.6358E-03 ERR= -1.8% DM/M= 0.0000E+00
 ELAPSED TIME=          1.63 s  REMAINING TIME=         11.16 s
     ANIMATION FILE: V8U_M050_E020_T1A003 WRITTEN
 -- RUPTURE OF SHELL ELEMENT :      3204 AT TIME :  2.056    
 -- RUPTURE OF SHELL ELEMENT :      3205 AT TIME :  2.056    
 -- RUPTURE OF SHELL ELEMENT :      3348 AT TIME :  2.056    
 -- RUPTURE OF SHELL ELEMENT :      3349 AT TIME :  2.056    
 -- RUPTURE OF SHELL ELEMENT :      7808 AT TIME :  2.202    
 -- RUPTURE OF SHELL ELEMENT :      7892 AT TIME :  2.202    
 -- RUPTURE OF SHELL ELEMENT :      8183 AT TIME :  2.202    
 -- RUPTURE OF SHELL ELEMENT :      8267 AT TIME :  2.202    
 -- RUPTURE OF SHELL ELEMENT :      3632 AT TIME :  2.315    
 -- RUPTURE OF SHELL ELEMENT :      3792 AT TIME :  2.315    
 -- RUPTURE OF SHELL ELEMENT :      3841 AT TIME :  2.315    
 -- RUPTURE OF SHELL ELEMENT :      4001 AT TIME :  2.315    
 -- RUPTURE OF SHELL ELEMENT :      3196 AT TIME :  2.474    
 -- RUPTURE OF SHELL ELEMENT :      3197 AT TIME :  2.474    
 -- RUPTURE OF SHELL ELEMENT :      3356 AT TIME :  2.474    
 -- RUPTURE OF SHELL ELEMENT :      3357 AT TIME :  2.474    
 NC=     400 T= 2.5733E+00 DT= 6.6350E-03 ERR= -1.8% DM/M= 0.0000E+00
 ELAPSED TIME=          2.20 s  REMAINING TIME=         10.65 s
 -- RUPTURE OF SHELL ELEMENT :      3404 AT TIME :  2.587    
 -- RUPTURE OF SHELL ELEMENT :      3405 AT TIME :  2.587    
 -- RUPTURE OF SHELL ELEMENT :      3580 AT TIME :  2.587    
 -- RUPTURE OF SHELL ELEMENT :      3581 AT TIME :  2.587    
 -- RUPTURE OF SHELL ELEMENT :      7807 AT TIME :  2.653    
 -- RUPTURE OF SHELL ELEMENT :      7891 AT TIME :  2.653    
 -- RUPTURE OF SHELL ELEMENT :      8184 AT TIME :  2.653    
 -- RUPTURE OF SHELL ELEMENT :      8268 AT TIME :  2.653    
     ANIMATION FILE: V8U_M050_E020_T1A004 WRITTEN
 -- RUPTURE OF SHELL ELEMENT :      3188 AT TIME :  3.230    
 -- RUPTURE OF SHELL ELEMENT :      3189 AT TIME :  3.230    
 -- RUPTURE OF SHELL ELEMENT :      3364 AT TIME :  3.230    
 -- RUPTURE OF SHELL ELEMENT :      3365 AT TIME :  3.230    
 NC=     500 T= 3.2363E+00 DT= 6.6307E-03 ERR= -1.8% DM/M= 0.0000E+00
 ELAPSED TIME=          2.77 s  REMAINING TIME=         10.07 s
 -- RUPTURE OF SHELL ELEMENT :      7806 AT TIME :  3.329    
 -- RUPTURE OF SHELL ELEMENT :      7890 AT TIME :  3.329    
 -- RUPTURE OF SHELL ELEMENT :      8185 AT TIME :  3.329    
 -- RUPTURE OF SHELL ELEMENT :      8269 AT TIME :  3.329    
 -- RUPTURE OF SHELL ELEMENT :      3624 AT TIME :  3.336    
 -- RUPTURE OF SHELL ELEMENT :      3800 AT TIME :  3.336    
 -- RUPTURE OF SHELL ELEMENT :      3833 AT TIME :  3.336    
 -- RUPTURE OF SHELL ELEMENT :      4009 AT TIME :  3.336    
 NC=     600 T= 3.8996E+00 DT= 6.6341E-03 ERR= -1.8% DM/M= 0.0000E+00
 ELAPSED TIME=          3.31 s  REMAINING TIME=          9.43 s
     ANIMATION FILE: V8U_M050_E020_T1A005 WRITTEN
 -- RUPTURE OF SHELL ELEMENT :      7805 AT TIME :  4.563    
 -- RUPTURE OF SHELL ELEMENT :      7889 AT TIME :  4.563    
 -- RUPTURE OF SHELL ELEMENT :      8186 AT TIME :  4.563    
 -- RUPTURE OF SHELL ELEMENT :      8270 AT TIME :  4.563    
 NC=     700 T= 4.5627E+00 DT= 6.6293E-03 ERR= -1.8% DM/M= 0.0000E+00
 ELAPSED TIME=          3.90 s  REMAINING TIME=          8.93 s
 -- RUPTURE OF SHELL ELEMENT :      3235 AT TIME :  4.602    
 -- RUPTURE OF SHELL ELEMENT :      3238 AT TIME :  4.602    
 -- RUPTURE OF SHELL ELEMENT :      3315 AT TIME :  4.602    
 -- RUPTURE OF SHELL ELEMENT :      3318 AT TIME :  4.602    
 -- RUPTURE OF SHELL ELEMENT :      3180 AT TIME :  4.735    
 -- RUPTURE OF SHELL ELEMENT :      3181 AT TIME :  4.735    
 -- RUPTURE OF SHELL ELEMENT :      3372 AT TIME :  4.735    
 -- RUPTURE OF SHELL ELEMENT :      3373 AT TIME :  4.735    
     ANIMATION FILE: V8U_M050_E020_T1A006 WRITTEN
 NC=     800 T= 5.2259E+00 DT= 6.6300E-03 ERR= -1.8% DM/M= 0.0000E+00
 ELAPSED TIME=          4.49 s  REMAINING TIME=          8.40 s
 -- RUPTURE OF SHELL ELEMENT :      3243 AT TIME :  5.246    
 -- RUPTURE OF SHELL ELEMENT :      3246 AT TIME :  5.246    
 -- RUPTURE OF SHELL ELEMENT :      3307 AT TIME :  5.246    
 -- RUPTURE OF SHELL ELEMENT :      3310 AT TIME :  5.246    
 NC=     900 T= 5.8890E+00 DT= 6.6272E-03 ERR= -1.8% DM/M= 0.0000E+00
 ELAPSED TIME=          5.02 s  REMAINING TIME=          7.77 s
     ANIMATION FILE: V8U_M050_E020_T1A007 WRITTEN
 -- RUPTURE OF SHELL ELEMENT :      7804 AT TIME :  6.028    
 -- RUPTURE OF SHELL ELEMENT :      7888 AT TIME :  6.028    
 -- RUPTURE OF SHELL ELEMENT :      8187 AT TIME :  6.028    
 -- RUPTURE OF SHELL ELEMENT :      8271 AT TIME :  6.028    
 NC=    1000 T= 6.5521E+00 DT= 6.6300E-03 ERR= -1.8% DM/M= 0.0000E+00
 ELAPSED TIME=          5.60 s  REMAINING TIME=          7.22 s
     ANIMATION FILE: V8U_M050_E020_T1A008 WRITTEN
 NC=    1100 T= 7.2153E+00 DT= 6.6311E-03 ERR= -1.8% DM/M= 0.0000E+00
 ELAPSED TIME=          6.17 s  REMAINING TIME=          6.66 s
 NC=    1200 T= 7.8784E+00 DT= 6.6315E-03 ERR= -1.8% DM/M= 0.0000E+00
 ELAPSED TIME=          6.77 s  REMAINING TIME=          6.12 s
     ANIMATION FILE: V8U_M050_E020_T1A009 WRITTEN
 NC=    1300 T= 8.5417E+00 DT= 6.6307E-03 ERR= -1.8% DM/M= 0.0000E+00
 ELAPSED TIME=          7.41 s  REMAINING TIME=          5.61 s
     ANIMATION FILE: V8U_M050_E020_T1A010 WRITTEN
 NC=    1400 T= 9.2048E+00 DT= 6.6317E-03 ERR= -1.8% DM/M= 0.0000E+00
 ELAPSED TIME=          8.14 s  REMAINING TIME=          5.13 s
 -- RUPTURE OF SHELL ELEMENT :      7803 AT TIME :  9.570    
 -- RUPTURE OF SHELL ELEMENT :      7887 AT TIME :  9.570    
 -- RUPTURE OF SHELL ELEMENT :      8188 AT TIME :  9.570    
 -- RUPTURE OF SHELL ELEMENT :      8272 AT TIME :  9.570    
 NC=    1500 T= 9.8680E+00 DT= 6.6323E-03 ERR= -1.8% DM/M= 0.0000E+00
 ELAPSED TIME=          8.73 s  REMAINING TIME=          4.54 s
     ANIMATION FILE: V8U_M050_E020_T1A011 WRITTEN
 NC=    1600 T= 1.0531E+01 DT= 6.6331E-03 ERR= -1.8% DM/M= 0.0000E+00
 ELAPSED TIME=          9.33 s  REMAINING TIME=          3.96 s
     ANIMATION FILE: V8U_M050_E020_T1A012 WRITTEN
 NC=    1700 T= 1.1194E+01 DT= 6.6347E-03 ERR= -1.8% DM/M= 0.0000E+00
 ELAPSED TIME=          9.95 s  REMAINING TIME=          3.38 s
 NC=    1800 T= 1.1857E+01 DT= 6.6336E-03 ERR= -1.8% DM/M= 0.0000E+00
 ELAPSED TIME=         10.57 s  REMAINING TIME=          2.80 s
     ANIMATION FILE: V8U_M050_E020_T1A013 WRITTEN
 NC=    1900 T= 1.2521E+01 DT= 6.6332E-03 ERR= -1.8% DM/M= 0.0000E+00
 ELAPSED TIME=         11.20 s  REMAINING TIME=          2.22 s
     ANIMATION FILE: V8U_M050_E020_T1A014 WRITTEN
 NC=    2000 T= 1.3184E+01 DT= 6.6287E-03 ERR= -1.8% DM/M= 0.0000E+00
 ELAPSED TIME=         11.79 s  REMAINING TIME=          1.62 s
 NC=    2100 T= 1.3847E+01 DT= 6.6326E-03 ERR= -1.8% DM/M= 0.0000E+00
 ELAPSED TIME=         12.34 s  REMAINING TIME=          1.03 s
     ANIMATION FILE: V8U_M050_E020_T1A015 WRITTEN
 NC=    2200 T= 1.4510E+01 DT= 6.6309E-03 ERR= -1.8% DM/M= 0.0000E+00
 ELAPSED TIME=         12.91 s  REMAINING TIME=          0.44 s
     RESTART FILES: V8U_M050_E020_T1_0001_[0001-0001].rst WRITTEN
     ANIMATION FILE: V8U_M050_E020_T1A016 WRITTEN
  
                           ** CPU USER TIME **
  
  
                        ** SUMMARY **
  
 #PROC  ELEMENT   KINCOND   INTEG     IO        T0        ASM       RESOL    
   1   .1192E+02 .2031E+00 .1875E+00 .7344E+00 .0000E+00 .2031E+00 .1331E+02
 
                   ** CUMULATIVE CPU TIME SUMMARY **
  
 CONTACT SORTING.............: .0000E+00     0.00 % 
 CONTACT FORCES..............: .0000E+00     0.00 % 
 ELEMENT FORCES..............: .1192E+02    89.55 % 
 KINEMATIC COND..............: .2031E+00     1.53 % 
 INTEGRATION.................: .1875E+00     1.41 % 
 ASSEMBLING..................: .2031E+00     1.53 % 
 OTHERS (including I/O)......: .7969E+00     5.99 % 
 TOTAL.......................: .1331E+02   100.00 % 
  
                   ** MEMORY USAGE STATISTICS **
  
 TOTAL MEMORY USED .........................:       78 MB
 MAXIMUM MEMORY PER PROCESSOR...............:       78 MB
 MINIMUM MEMORY PER PROCESSOR...............:       78 MB
 AVERAGE MEMORY PER PROCESSOR...............:       78 MB
  
                   ** DISK USAGE STATISTICS **
  
 TOTAL DISK SPACE USED .....................:         18 MB
 ANIMATION/H3D/TH/OUTP SIZE ................:          6 MB
 RESTART FILE SIZE .........................:         12 MB
  
 ELAPSED TIME     =         13.37 s
                          0:00:13
  
     NORMAL TERMINATION      
     TOTAL NUMBER OF CYCLES  :    2275
