 A21_ROOT_RBE2_Y_0001.out
************************************************************************
**                                                                    **
**                                                                    **
**                         OpenRadioss Engine                         **
**                                                                    **
**            Non-linear Finite Element Analysis Software             **
**                                                                    **
**                                                                    **
**                                                                    **
**                  Windows 64 bits, Intel compiler                   **
**                      Double Precision Version                      **
**                                                                    **
**                                                                    **
**                                                                    **
************************************************************************
** OpenRadioss Software                                               **
** COPYRIGHT (C) 2026 Siemens                                         **
** Licensed under GNU Affero General Public License.                  **
** See License file.                                                  **
************************************************************************
 
 NUMBER OF SPMD DOMAINS           1
 NUMBER OF THREADS PER DOMAIN     1
 NUMBER OF HMPP PROCESSES         1
  
 COMPUTATION HARDWARE DESCRIPTION
  
 HOSTNAME     CPU TYPE, FREQUENCY AND MEMORY
 jeux   AMD Ryzen 5 5600 6-Core Processor               (x86_64), 3700 MHz,   3682 MB RAM,  21057 MB swap
  
 STACKSIZE  . . . . . . . . . . . . . . . . . . . . 1430 MB
 THREAD STACKSIZE . . . . . . . . . . . . . . . . . 400 MB
 
************************************************************************


 A21_ROOT_RBE2_YD01                                                              


 FINAL TIME . . . . . . . . . . . . . . . . . . .   1.000000    

 TIME INTERVAL FOR TIME HISTORY PLOTS . . . . . .  0.1000000E-02

 TIME STEP SCALE FACTOR . . . . . . . . . . . . .  0.4000000    

 MINIMUM TIME STEP  . . . . . . . . . . . . . . .   0.000000    


 BRICK TIME STEP SCALE FACTOR . . . . . . . . . .  0.4000000    
 BRICK MINIMUM TIME STEP. . . . . . . . . . . . .   0.000000    
 MIN. TIME STEP FLAG (1:STOP RUN, 2:DELETE BRICK)     1

 QUAD TIME STEP SCALE FACTOR. . . . . . . . . . .  0.4000000    
 QUAD MINIMUM TIME STEP . . . . . . . . . . . . .   0.000000    
 MIN. TIME STEP FLAG (1:STOP RUN, 2:DELETE QUAD).     1

 SHELL TIME STEP SCALE FACTOR . . . . . . . . . .  0.4000000    
 SHELL MINIMUM TIME STEP. . . . . . . . . . . . .   0.000000    
 MIN. TIME FLAG (1:STOP, 2:DELETE, 3:SMALL STRAIN)    2

 TRUSS TIME STEP SCALE FACTOR . . . . . . . . . .  0.4000000    
 TRUSS MINIMUM TIME STEP. . . . . . . . . . . . .   0.000000    
 MIN. TIME FLAG (1:STOP, 2:DELETE). . . . . . . .     0

 BEAM TIME STEP SCALE FACTOR. . . . . . . . . . .  0.4000000    
 BEAM MINIMUM TIME STEP . . . . . . . . . . . . .   0.000000    
 MIN. TIME FLAG (1:STOP, 2:DELETE). . . . . . . .     0

 SPRING TIME STEP SCALE FACTOR. . . . . . . . . .  0.4000000    
 SPRING MINIMUM TIME STEP . . . . . . . . . . . .   0.000000    
 MIN. TIME FLAG (1:STOP, 2:DELETE). . . . . . . .     0

 AIRBAG TIME STEP SCALE FACTOR. . . . . . . . . .  0.4000000    
 AIRBAG MINIMUM TIME STEP . . . . . . . . . . . .   0.000000    
 MIN. TIME FLAG (1:STOP). . . . . . . . . . . . .     0

 CONTACT TIME STEP SCALE FACTOR . . . . . . . . .  0.4000000    
 CONTACT MINIMUM TIME STEP. . . . . . . . . . . .   0.000000    
 MIN. TIME FLAG(1:STOP, 2:REMOVE NODE FROM INTERF)    0

 PRINTOUT CYCLE FREQUENCY . . . . . . . . . . . .  -100

 RESTART CYCLE FREQUENCY. . . . . . . . . . . . .   10000000

 MAXIMUM RESTART WRITE BEFORE OVERWRITE . . . . .     0

 INVERS: INPUT DECK VERSION . . . . . . . . . . .  2026
 ITTYP : FLAG FOR TYPE OF T-FILE. . . . . . . . .     4

 INITIAL TIME STEP. . . . . . . . . . . . . . . .  0.2500000E-04
 MAXIMUM TIME STEP. . . . . . . . . . . . . . . .  0.2500000E-04

 PARALLEL ARITHMETIC ON
 NUMBER OF INTERFACES TO BE ELIMINATED. . . . . .        0

 NUMBER OF PARTS TO BE ELIMINATED . . . . . . . .        0

 NUMBER OF SOLID  ELEMENT BLOCKS TO BE ELIMINATED        0

 NUMBER OF QUAD   ELEMENT BLOCKS TO BE ELIMINATED        0

 NUMBER OF SHELL  ELEMENT BLOCKS TO BE ELIMINATED        0

 NUMBER OF TRUSS  ELEMENT BLOCKS TO BE ELIMINATED        0

 NUMBER OF BEAM   ELEMENT BLOCKS TO BE ELIMINATED        0

 NUMBER OF SPRING ELEMENT BLOCKS TO BE ELIMINATED        0

 NUMBER OF SH_3N  ELEMENT BLOCKS TO BE ELIMINATED        0

 NUMBER OF  SPH PARTICLES BLOCKS TO BE ELIMINATED        0

 NUMBER OF RIGID LINKS. . . . . . . . . . . . . .        0

 NUMBER OF NEW BOUNDARY CONDITIONS. . . . . . . .        0


 TIME FOR FIRST ANIMATION-FILE PLOT . . . . . . .   0.000000    
 TIME INTERVAL FOR ANIMATION-FILE PLOTS . . . . .  0.2500000E-01
 TIME TO STOP ANIMATION-FILE PLOTS. . . . . . . .  0.1000000E+21
 SENSOR FOR ANIMATION-FILE PLOTS. . . . . . . . .          0
 TIME INTERVAL FOR SENSOR ANIMATION-FILE PLOTS. .   0.000000    

 VARIABLE SAVED ON ANIMATION FILES (1: YES) :
      PLASTIC STRAIN. . . . . .     0
      DENSITY     (SOLID ONLY).     0
      SPECIFIC ENERGY . . . . .     0
      HOURGLASS ENERGY. . . . .     0
      TEMPERATURE (SOLID ONLY).     0
      THICKNESS   (SHELL ONLY).     0
      PRESSURE    (SOLID ONLY).     0
      VON MISES . . . . . . . .     0
      TURBULENT ENERGY (FLUID).     0
      TURBULENT VISCOSITY(FLUID)    0
      VORTICITY (FLUID) . . . .     0
 NODAL VALUES SAVED ON ANIMATION FILES (1: YES) :
      PRESSURE. . . . . . . . .     0
      DENSITY . . . . . . . . .     0
      TEMPERATURE . . . . . . .     0
 VECTOR SAVED ON ANIMATION FILES (1: YES) :
      VELOCITY VECTOR . . . . .     1
      DISPLACEMENT VECTOR . . .     1
      ACCELERATION VECTOR . . .     0
      CONTACT FORCES. . . . . .     0
      INTERNAL FORCES . . . . .     0
      EXTERNAL FORCES . . . . .     0
      SECTION RBY RWALL FORCES.     0
      ROTATIONAL VELOCITY VECTOR    0
      CONTACT PRESSURE (VECTORS)    0
 SHELL TENSOR SAVED ON ANIMATION FILES (1: YES) :
      MEMBRANE STRESS . . . . .     0
      BENDING STRESS(MOMENT/T^2)    0
      UPPER LAYER STRESS. . . .     0
      LOWER LAYER STRESS. . . .     0
      MEMBRANE STRAIN . . . . .     0
      CURVATURE . . . . . . . .     0
      UPPER LAYER STRAIN. . . .     0
      LOWER LAYER STRAIN. . . .     0
 NODAL MASS SAVED ON ANIMATION FILES (1: YES) :    1
 KEEP DELETED ELEMENT (1: YES) :    0


 09/10/2026
   CYCLE    TIME      TIME-STEP  ELEMENT          ERROR  I-ENERGY    K-ENERGY T  K-ENERGY R  EXT-WORK     MAS.ERR     TOTAL MASS  MASS ADDED
       0   0.000      0.2500E-04 SHELL          1   0.0%   0.000       0.000       0.000       0.000       0.000       16.71       0.000    
     ANIMATION FILE: A21_ROOT_RBE2_YA001 WRITTEN
     100  0.2500E-02  0.2500E-04 SHELL          1 -74.4%  0.2520E-24  0.1950E-01  0.1298E-02  0.8113E-01   0.000       16.71       0.000    
     200  0.5000E-02  0.2500E-04 SHELL          1 -74.4%  0.2224E-24  0.7762E-01  0.5164E-02  0.3228       0.000       16.71       0.000    
     300  0.7500E-02  0.2500E-04 SHELL          1 -74.4%  0.1215E-23  0.1738      0.1156E-01  0.7226       0.000       16.71       0.000    
     400  0.1000E-01  0.2500E-04 SHELL          1 -74.4%  0.8603E-24  0.3074      0.2045E-01   1.278       0.000       16.71       0.000    
     500  0.1250E-01  0.2500E-04 SHELL          1 -74.4% -0.1095E-23  0.4778      0.3179E-01   1.987       0.000       16.71       0.000    
     600  0.1500E-01  0.2500E-04 SHELL          1 -74.4%  0.1387E-21  0.6846      0.4555E-01   2.847       0.000       16.71       0.000    
     700  0.1750E-01  0.2500E-04 SHELL          1 -74.4%  0.6263E-23  0.9271      0.6168E-01   3.855       0.000       16.71       0.000    
     800  0.2000E-01  0.2500E-04 SHELL          1 -74.4% -0.6336E-22   1.205      0.8016E-01   5.010       0.000       16.71       0.000    
     900  0.2250E-01  0.2500E-04 SHELL          1 -74.4% -0.1460E-21   1.517      0.1009       6.308       0.000       16.71       0.000    
    1000  0.2500E-01  0.2500E-04 SHELL          1 -74.4% -0.2448E-21   1.863      0.1240       7.748       0.000       16.71       0.000    
     ANIMATION FILE: A21_ROOT_RBE2_YA002 WRITTEN
    1100  0.2750E-01  0.2500E-04 SHELL          1 -74.4% -0.4782E-21   2.243      0.1492       9.327       0.000       16.71       0.000    
    1200  0.3000E-01  0.2500E-04 SHELL          1 -74.4% -0.9411E-21   2.656      0.1767       11.04       0.000       16.71       0.000    
    1300  0.3250E-01  0.2500E-04 SHELL          1 -74.4% -0.1703E-20   3.101      0.2063       12.89       0.000       16.71       0.000    
    1400  0.3500E-01  0.2500E-04 SHELL          1 -74.4% -0.2946E-20   3.578      0.2380       14.88       0.000       16.71       0.000    
    1500  0.3750E-01  0.2500E-04 SHELL          1 -74.4% -0.4653E-20   4.086      0.2718       16.99       0.000       16.71       0.000    
    1600  0.4000E-01  0.2500E-04 SHELL          1 -74.4% -0.7617E-20   4.624      0.3077       19.23       0.000       16.71       0.000    
    1700  0.4250E-01  0.2500E-04 SHELL          1 -74.4% -0.1148E-19   5.193      0.3455       21.60       0.000       16.71       0.000    
    1800  0.4500E-01  0.2500E-04 SHELL          1 -74.4% -0.1676E-19   5.792      0.3853       24.08       0.000       16.71       0.000    
    1900  0.4750E-01  0.2500E-04 SHELL          1 -74.4% -0.1298E-19   6.420      0.4271       26.69       0.000       16.71       0.000    
    2000  0.5000E-01  0.2500E-04 SHELL          1 -74.4% -0.1503E-19   7.076      0.4708       29.42       0.000       16.71       0.000    
     ANIMATION FILE: A21_ROOT_RBE2_YA003 WRITTEN
    2100  0.5250E-01  0.2500E-04 SHELL          1 -74.4% -0.3499E-19   7.760      0.5163       32.27       0.000       16.71       0.000    
    2200  0.5500E-01  0.2500E-04 SHELL          1 -74.4% -0.5265E-19   8.472      0.5637       35.23       0.000       16.71       0.000    
    2300  0.5750E-01  0.2500E-04 SHELL          1 -74.4% -0.6979E-19   9.211      0.6128       38.30       0.000       16.71       0.000    
    2400  0.6000E-01  0.2500E-04 SHELL          1 -74.4% -0.1023E-18   9.976      0.6637       41.48       0.000       16.71       0.000    
    2500  0.6250E-01  0.2500E-04 SHELL          1 -74.4% -0.1454E-18   10.77      0.7164       44.77       0.000       16.71       0.000    
    2600  0.6500E-01  0.2500E-04 SHELL          1 -74.4% -0.1837E-18   11.58      0.7707       48.17       0.000       16.71       0.000    
    2700  0.6750E-01  0.2500E-04 SHELL          1 -74.4% -0.2439E-18   12.42      0.8267       51.67       0.000       16.71       0.000    
    2800  0.7000E-01  0.2500E-04 SHELL          1 -74.4% -0.3249E-18   13.29      0.8843       55.27       0.000       16.71       0.000    
    2900  0.7250E-01  0.2500E-04 SHELL          1 -74.4% -0.3972E-18   14.18      0.9435       58.97       0.000       16.71       0.000    
    3000  0.7500E-01  0.2500E-04 SHELL          1 -74.4% -0.4905E-18   15.09       1.004       62.76       0.000       16.71       0.000    
     ANIMATION FILE: A21_ROOT_RBE2_YA004 WRITTEN
    3100  0.7750E-01  0.2500E-04 SHELL          1 -74.4% -0.6333E-18   16.03       1.066       66.66       0.000       16.71       0.000    
    3200  0.8000E-01  0.2500E-04 SHELL          1 -74.4% -0.7815E-18   16.99       1.130       70.64       0.000       16.71       0.000    
    3300  0.8250E-01  0.2500E-04 SHELL          1 -74.4% -0.9440E-18   17.97       1.195       74.72       0.000       16.71       0.000    
    3400  0.8500E-01  0.2500E-04 SHELL          1 -74.4% -0.1141E-17   18.97       1.262       78.88       0.000       16.71       0.000    
    3500  0.8750E-01  0.2500E-04 SHELL          1 -74.4% -0.1404E-17   19.99       1.330       83.14       0.000       16.71       0.000    
    3600  0.9000E-01  0.2500E-04 SHELL          1 -74.4% -0.1677E-17   21.04       1.400       87.47       0.000       16.71       0.000    
    3700  0.9250E-01  0.2500E-04 SHELL          1 -74.4% -0.2002E-17   22.10       1.470       91.89       0.000       16.71       0.000    
    3800  0.9500E-01  0.2500E-04 SHELL          1 -74.4% -0.2382E-17   23.18       1.542       96.39       0.000       16.71       0.000    
    3900  0.9750E-01  0.2500E-04 SHELL          1 -74.4% -0.2830E-17   24.28       1.616       101.0       0.000       16.71       0.000    
    4000  0.1000      0.2500E-04 SHELL          1 -74.4% -0.3313E-17   25.40       1.690       105.6       0.000       16.71       0.000    
     ANIMATION FILE: A21_ROOT_RBE2_YA005 WRITTEN
    4100  0.1025      0.2500E-04 SHELL          1 -74.4% -0.3879E-17   26.54       1.766       110.4       0.000       16.71       0.000    
    4200  0.1050      0.2500E-04 SHELL          1 -74.4% -0.4528E-17   27.70       1.843       115.2       0.000       16.71       0.000    
    4300  0.1075      0.2500E-04 SHELL          1 -74.4% -0.5290E-17   28.87       1.921       120.0       0.000       16.71       0.000    
    4400  0.1100      0.2500E-04 SHELL          1 -74.4% -0.6119E-17   30.06       2.000       125.0       0.000       16.71       0.000    
    4500  0.1125      0.2500E-04 SHELL          1 -74.4% -0.7072E-17   31.26       2.080       130.0       0.000       16.71       0.000    
    4600  0.1150      0.2500E-04 SHELL          1 -74.4% -0.8128E-17   32.48       2.161       135.1       0.000       16.71       0.000    
    4700  0.1175      0.2500E-04 SHELL          1 -74.4% -0.9302E-17   33.72       2.244       140.2       0.000       16.71       0.000    
    4800  0.1200      0.2500E-04 SHELL          1 -74.4% -0.1064E-16   34.97       2.327       145.4       0.000       16.71       0.000    
    4900  0.1225      0.2500E-04 SHELL          1 -74.4% -0.1211E-16   36.24       2.411       150.7       0.000       16.71       0.000    
    5000  0.1250      0.2500E-04 SHELL          1 -74.4% -0.1375E-16   37.52       2.496       156.0       0.000       16.71       0.000    
     ANIMATION FILE: A21_ROOT_RBE2_YA006 WRITTEN
    5100  0.1275      0.2500E-04 SHELL          1 -74.4% -0.1557E-16   38.81       2.582       161.4       0.000       16.71       0.000    
    5200  0.1300      0.2500E-04 SHELL          1 -74.4% -0.1757E-16   40.12       2.669       166.8       0.000       16.71       0.000    
    5300  0.1325      0.2500E-04 SHELL          1 -74.4% -0.1978E-16   41.43       2.757       172.3       0.000       16.71       0.000    
    5400  0.1350      0.2500E-04 SHELL          1 -74.4% -0.2223E-16   42.77       2.845       177.8       0.000       16.71       0.000    
    5500  0.1375      0.2500E-04 SHELL          1 -74.4% -0.2490E-16   44.11       2.935       183.4       0.000       16.71       0.000    
    5600  0.1400      0.2500E-04 SHELL          1 -74.4% -0.2783E-16   45.46       3.025       189.0       0.000       16.71       0.000    
    5700  0.1425      0.2500E-04 SHELL          1 -74.4% -0.3104E-16   46.83       3.115       194.7       0.000       16.71       0.000    
    5800  0.1450      0.2500E-04 SHELL          1 -74.4% -0.3454E-16   48.20       3.207       200.4       0.000       16.71       0.000    
    5900  0.1475      0.2500E-04 SHELL          1 -74.4% -0.3838E-16   49.59       3.299       206.2       0.000       16.71       0.000    
    6000  0.1500      0.2500E-04 SHELL          1 -74.4% -0.4251E-16   50.98       3.392       212.0       0.000       16.71       0.000    
     ANIMATION FILE: A21_ROOT_RBE2_YA007 WRITTEN
    6100  0.1525      0.2500E-04 SHELL          1 -74.4% -0.4676E-16   52.39       3.485       217.8       0.000       16.71       0.000    
    6200  0.1550      0.2500E-04 SHELL          1 -74.4% -0.5191E-16   53.80       3.579       223.7       0.000       16.71       0.000    
    6300  0.1575      0.2500E-04 SHELL          1 -74.4% -0.5720E-16   55.22       3.674       229.6       0.000       16.71       0.000    
    6400  0.1600      0.2500E-04 SHELL          1 -74.4% -0.6290E-16   56.65       3.769       235.6       0.000       16.71       0.000    
    6500  0.1625      0.2500E-04 SHELL          1 -74.4% -0.6785E-16   58.09       3.865       241.5       0.000       16.71       0.000    
    6600  0.1650      0.2500E-04 SHELL          1 -74.4% -0.7319E-16   59.53       3.961       247.5       0.000       16.71       0.000    
    6700  0.1675      0.2500E-04 SHELL          1 -74.4% -0.8177E-16   60.98       4.057       253.6       0.000       16.71       0.000    
    6800  0.1700      0.2500E-04 SHELL          1 -74.4% -0.8750E-16   62.44       4.154       259.6       0.000       16.71       0.000    
    6900  0.1725      0.2500E-04 SHELL          1 -74.4% -0.9636E-16   63.90       4.251       265.7       0.000       16.71       0.000    
    7000  0.1750      0.2500E-04 SHELL          1 -74.4% -0.1064E-15   65.37       4.349       271.8       0.000       16.71       0.000    
     ANIMATION FILE: A21_ROOT_RBE2_YA008 WRITTEN
    7100  0.1775      0.2500E-04 SHELL          1 -74.4% -0.1159E-15   66.84       4.447       278.0       0.000       16.71       0.000    
    7200  0.1800      0.2500E-04 SHELL          1 -74.4% -0.1260E-15   68.32       4.546       284.1       0.000       16.71       0.000    
    7300  0.1825      0.2500E-04 SHELL          1 -74.4% -0.1365E-15   69.81       4.644       290.3       0.000       16.71       0.000    
    7400  0.1850      0.2500E-04 SHELL          1 -74.4% -0.1455E-15   71.29       4.743       296.5       0.000       16.71       0.000    
    7500  0.1875      0.2500E-04 SHELL          1 -74.4% -0.1603E-15   72.78       4.843       302.7       0.000       16.71       0.000    
    7600  0.1900      0.2500E-04 SHELL          1 -74.4% -0.1736E-15   74.28       4.942       308.9       0.000       16.71       0.000    
    7700  0.1925      0.2500E-04 SHELL          1 -74.4% -0.1871E-15   75.78       5.042       315.1       0.000       16.71       0.000    
    7800  0.1950      0.2500E-04 SHELL          1 -74.4% -0.2018E-15   77.28       5.141       321.3       0.000       16.71       0.000    
    7900  0.1975      0.2500E-04 SHELL          1 -74.4% -0.2171E-15   78.78       5.241       327.6       0.000       16.71       0.000    
    8000  0.2000      0.2500E-04 SHELL          1 -74.4% -0.2347E-15   80.28       5.341       333.8       0.000       16.71       0.000    
     ANIMATION FILE: A21_ROOT_RBE2_YA009 WRITTEN
    8100  0.2025      0.2500E-04 SHELL          1 -74.4% -0.2518E-15   81.79       5.442       340.1       0.000       16.71       0.000    
    8200  0.2050      0.2500E-04 SHELL          1 -74.4% -0.2707E-15   83.30       5.542       346.4       0.000       16.71       0.000    
    8300  0.2075      0.2500E-04 SHELL          1 -74.4% -0.2899E-15   84.81       5.642       352.6       0.000       16.71       0.000    
    8400  0.2100      0.2500E-04 SHELL          1 -74.4% -0.3096E-15   86.31       5.743       358.9       0.000       16.71       0.000    
    8500  0.2125      0.2500E-04 SHELL          1 -74.4% -0.3306E-15   87.82       5.843       365.2       0.000       16.71       0.000    
    8600  0.2150      0.2500E-04 SHELL          1 -74.4% -0.3547E-15   89.33       5.943       371.5       0.000       16.71       0.000    
    8700  0.2175      0.2500E-04 SHELL          1 -74.4% -0.3775E-15   90.84       6.044       377.7       0.000       16.71       0.000    
    8800  0.2200      0.2500E-04 SHELL          1 -74.4% -0.4028E-15   92.35       6.144       384.0       0.000       16.71       0.000    
    8900  0.2225      0.2500E-04 SHELL          1 -74.4% -0.4301E-15   93.85       6.244       390.3       0.000       16.71       0.000    
    9000  0.2250      0.2500E-04 SHELL          1 -74.4% -0.4577E-15   95.36       6.344       396.5       0.000       16.71       0.000    
     ANIMATION FILE: A21_ROOT_RBE2_YA010 WRITTEN
    9100  0.2275      0.2500E-04 SHELL          1 -74.4% -0.4849E-15   96.86       6.444       402.8       0.000       16.71       0.000    
    9200  0.2300      0.2500E-04 SHELL          1 -74.4% -0.5156E-15   98.36       6.544       409.0       0.000       16.71       0.000    
    9300  0.2325      0.2500E-04 SHELL          1 -74.4% -0.5478E-15   99.86       6.644       415.2       0.000       16.71       0.000    
    9400  0.2350      0.2500E-04 SHELL          1 -74.4% -0.5821E-15   101.4       6.743       421.5       0.000       16.71       0.000    
    9500  0.2375      0.2500E-04 SHELL          1 -74.4% -0.6160E-15   102.8       6.843       427.7       0.000       16.71       0.000    
    9600  0.2400      0.2500E-04 SHELL          1 -74.4% -0.6522E-15   104.3       6.942       433.9       0.000       16.71       0.000    
    9700  0.2425      0.2500E-04 SHELL          1 -74.4% -0.6911E-15   105.8       7.041       440.0       0.000       16.71       0.000    
    9800  0.2450      0.2500E-04 SHELL          1 -74.4% -0.7288E-15   107.3       7.139       446.2       0.000       16.71       0.000    
    9900  0.2475      0.2500E-04 SHELL          1 -74.4% -0.7719E-15   108.8       7.237       452.3       0.000       16.71       0.000    
   CYCLE    TIME      TIME-STEP  ELEMENT          ERROR  I-ENERGY    K-ENERGY T  K-ENERGY R  EXT-WORK     MAS.ERR     TOTAL MASS  MASS ADDED
   10000  0.2500      0.2500E-04 SHELL          1 -74.4% -0.8137E-15   110.3       7.335       458.5       0.000       16.71       0.000    
     ANIMATION FILE: A21_ROOT_RBE2_YA011 WRITTEN
   10100  0.2525      0.2500E-04 SHELL          1 -74.4% -0.8586E-15   111.7       7.433       464.6       0.000       16.71       0.000    
   10200  0.2550      0.2500E-04 SHELL          1 -74.4% -0.9050E-15   113.2       7.530       470.7       0.000       16.71       0.000    
   10300  0.2575      0.2500E-04 SHELL          1 -74.4% -0.9539E-15   114.6       7.627       476.7       0.000       16.71       0.000    
   10400  0.2600      0.2500E-04 SHELL          1 -74.4% -0.1004E-14   116.1       7.724       482.7       0.000       16.71       0.000    
   10500  0.2625      0.2500E-04 SHELL          1 -74.4% -0.1055E-14   117.5       7.820       488.8       0.000       16.71       0.000    
   10600  0.2650      0.2500E-04 SHELL          1 -74.4% -0.1110E-14   119.0       7.916       494.7       0.000       16.71       0.000    
   10700  0.2675      0.2500E-04 SHELL          1 -74.4% -0.1166E-14   120.4       8.011       500.7       0.000       16.71       0.000    
   10800  0.2700      0.2500E-04 SHELL          1 -74.4% -0.1223E-14   121.8       8.106       506.6       0.000       16.71       0.000    
   10900  0.2725      0.2500E-04 SHELL          1 -74.4% -0.1285E-14   123.3       8.200       512.5       0.000       16.71       0.000    
   11000  0.2750      0.2500E-04 SHELL          1 -74.4% -0.1346E-14   124.7       8.294       518.4       0.000       16.71       0.000    
     ANIMATION FILE: A21_ROOT_RBE2_YA012 WRITTEN
   11100  0.2775      0.2500E-04 SHELL          1 -74.4% -0.1410E-14   126.1       8.387       524.2       0.000       16.71       0.000    
   11200  0.2800      0.2500E-04 SHELL          1 -74.4% -0.1477E-14   127.5       8.480       530.0       0.000       16.71       0.000    
   11300  0.2825      0.2500E-04 SHELL          1 -74.4% -0.1545E-14   128.8       8.572       535.8       0.000       16.71       0.000    
   11400  0.2850      0.2500E-04 SHELL          1 -74.4% -0.1615E-14   130.2       8.664       541.5       0.000       16.71       0.000    
   11500  0.2875      0.2500E-04 SHELL          1 -74.4% -0.1690E-14   131.6       8.755       547.2       0.000       16.71       0.000    
   11600  0.2900      0.2500E-04 SHELL          1 -74.4% -0.1765E-14   133.0       8.846       552.9       0.000       16.71       0.000    
   11700  0.2925      0.2500E-04 SHELL          1 -74.4% -0.1843E-14   134.3       8.936       558.5       0.000       16.71       0.000    
   11800  0.2950      0.2500E-04 SHELL          1 -74.4% -0.1924E-14   135.6       9.025       564.1       0.000       16.71       0.000    
   11900  0.2975      0.2500E-04 SHELL          1 -74.4% -0.2007E-14   137.0       9.114       569.6       0.000       16.71       0.000    
   12000  0.3000      0.2500E-04 SHELL          1 -74.4% -0.2093E-14   138.3       9.202       575.1       0.000       16.71       0.000    
     ANIMATION FILE: A21_ROOT_RBE2_YA013 WRITTEN
   12100  0.3025      0.2500E-04 SHELL          1 -74.4% -0.2179E-14   139.6       9.289       580.6       0.000       16.71       0.000    
   12200  0.3050      0.2500E-04 SHELL          1 -74.4% -0.2269E-14   140.9       9.375       586.0       0.000       16.71       0.000    
   12300  0.3075      0.2500E-04 SHELL          1 -74.4% -0.2362E-14   142.2       9.461       591.3       0.000       16.71       0.000    
   12400  0.3100      0.2500E-04 SHELL          1 -74.4% -0.2458E-14   143.5       9.547       596.7       0.000       16.71       0.000    
   12500  0.3125      0.2500E-04 SHELL          1 -74.4% -0.2554E-14   144.8       9.631       601.9       0.000       16.71       0.000    
   12600  0.3150      0.2500E-04 SHELL          1 -74.4% -0.2655E-14   146.0       9.715       607.2       0.000       16.71       0.000    
   12700  0.3175      0.2500E-04 SHELL          1 -74.4% -0.2758E-14   147.3       9.798       612.3       0.000       16.71       0.000    
   12800  0.3200      0.2500E-04 SHELL          1 -74.4% -0.2865E-14   148.5       9.880       617.5       0.000       16.71       0.000    
   12900  0.3225      0.2500E-04 SHELL          1 -74.4% -0.2972E-14   149.7       9.961       622.6       0.000       16.71       0.000    
   13000  0.3250      0.2500E-04 SHELL          1 -74.4% -0.3084E-14   150.9       10.04       627.6       0.000       16.71       0.000    
     ANIMATION FILE: A21_ROOT_RBE2_YA014 WRITTEN
   13100  0.3275      0.2500E-04 SHELL          1 -74.4% -0.3195E-14   152.1       10.12       632.6       0.000       16.71       0.000    
   13200  0.3300      0.2500E-04 SHELL          1 -74.4% -0.3312E-14   153.3       10.20       637.5       0.000       16.71       0.000    
   13300  0.3325      0.2500E-04 SHELL          1 -74.4% -0.3433E-14   154.5       10.28       642.4       0.000       16.71       0.000    
   13400  0.3350      0.2500E-04 SHELL          1 -74.4% -0.3554E-14   155.6       10.36       647.2       0.000       16.71       0.000    
   13500  0.3375      0.2500E-04 SHELL          1 -74.4% -0.3679E-14   156.8       10.43       652.0       0.000       16.71       0.000    
   13600  0.3400      0.2500E-04 SHELL          1 -74.4% -0.3806E-14   157.9       10.51       656.7       0.000       16.71       0.000    
   13700  0.3425      0.2500E-04 SHELL          1 -74.4% -0.3936E-14   159.0       10.58       661.3       0.000       16.71       0.000    
   13800  0.3450      0.2500E-04 SHELL          1 -74.4% -0.4066E-14   160.1       10.65       665.9       0.000       16.71       0.000    
   13900  0.3475      0.2500E-04 SHELL          1 -74.4% -0.4206E-14   161.2       10.73       670.5       0.000       16.71       0.000    
   14000  0.3500      0.2500E-04 SHELL          1 -74.4% -0.4344E-14   162.3       10.80       674.9       0.000       16.71       0.000    
     ANIMATION FILE: A21_ROOT_RBE2_YA015 WRITTEN
   14100  0.3525      0.2500E-04 SHELL          1 -74.4% -0.4483E-14   163.4       10.87       679.4       0.000       16.71       0.000    
   14200  0.3550      0.2500E-04 SHELL          1 -74.4% -0.4628E-14   164.4       10.94       683.7       0.000       16.71       0.000    
   14300  0.3575      0.2500E-04 SHELL          1 -74.4% -0.4775E-14   165.5       11.01       688.0       0.000       16.71       0.000    
   14400  0.3600      0.2500E-04 SHELL          1 -74.4% -0.4922E-14   166.5       11.08       692.3       0.000       16.71       0.000    
   14500  0.3625      0.2500E-04 SHELL          1 -74.4% -0.5074E-14   167.5       11.14       696.4       0.000       16.71       0.000    
   14600  0.3650      0.2500E-04 SHELL          1 -74.4% -0.5229E-14   168.5       11.21       700.6       0.000       16.71       0.000    
   14700  0.3675      0.2500E-04 SHELL          1 -74.4% -0.5389E-14   169.4       11.27       704.6       0.000       16.71       0.000    
   14800  0.3700      0.2500E-04 SHELL          1 -74.4% -0.5547E-14   170.4       11.34       708.6       0.000       16.71       0.000    
   14900  0.3725      0.2500E-04 SHELL          1 -74.4% -0.5708E-14   171.3       11.40       712.5       0.000       16.71       0.000    
   15000  0.3750      0.2500E-04 SHELL          1 -74.4% -0.5876E-14   172.3       11.46       716.4       0.000       16.71       0.000    
     ANIMATION FILE: A21_ROOT_RBE2_YA016 WRITTEN
   15100  0.3775      0.2500E-04 SHELL          1 -74.4% -0.6045E-14   173.2       11.52       720.1       0.000       16.71       0.000    
   15200  0.3800      0.2500E-04 SHELL          1 -74.4% -0.6216E-14   174.1       11.58       723.9       0.000       16.71       0.000    
   15300  0.3825      0.2500E-04 SHELL          1 -74.4% -0.6388E-14   175.0       11.64       727.5       0.000       16.71       0.000    
   15400  0.3850      0.2500E-04 SHELL          1 -74.4% -0.6565E-14   175.8       11.70       731.1       0.000       16.71       0.000    
   15500  0.3875      0.2500E-04 SHELL          1 -74.4% -0.6744E-14   176.7       11.75       734.6       0.000       16.71       0.000    
   15600  0.3900      0.2500E-04 SHELL          1 -74.4% -0.6924E-14   177.5       11.81       738.1       0.000       16.71       0.000    
   15700  0.3925      0.2500E-04 SHELL          1 -74.4% -0.7109E-14   178.3       11.86       741.4       0.000       16.71       0.000    
   15800  0.3950      0.2500E-04 SHELL          1 -74.4% -0.7294E-14   179.1       11.92       744.8       0.000       16.71       0.000    
   15900  0.3975      0.2500E-04 SHELL          1 -74.4% -0.7486E-14   179.9       11.97       748.0       0.000       16.71       0.000    
   16000  0.4000      0.2500E-04 SHELL          1 -74.4% -0.7676E-14   180.6       12.02       751.2       0.000       16.71       0.000    
     ANIMATION FILE: A21_ROOT_RBE2_YA017 WRITTEN
   16100  0.4025      0.2500E-04 SHELL          1 -74.4% -0.7872E-14   181.4       12.07       754.2       0.000       16.71       0.000    
   16200  0.4050      0.2500E-04 SHELL          1 -74.4% -0.8066E-14   182.1       12.12       757.3       0.000       16.71       0.000    
   16300  0.4075      0.2500E-04 SHELL          1 -74.4% -0.8264E-14   182.8       12.16       760.2       0.000       16.71       0.000    
   16400  0.4100      0.2500E-04 SHELL          1 -74.4% -0.8465E-14   183.5       12.21       763.1       0.000       16.71       0.000    
   16500  0.4125      0.2500E-04 SHELL          1 -74.4% -0.8667E-14   184.2       12.25       765.9       0.000       16.71       0.000    
   16600  0.4150      0.2500E-04 SHELL          1 -74.4% -0.8876E-14   184.8       12.30       768.6       0.000       16.71       0.000    
   16700  0.4175      0.2500E-04 SHELL          1 -74.4% -0.9081E-14   185.5       12.34       771.3       0.000       16.71       0.000    
   16800  0.4200      0.2500E-04 SHELL          1 -74.4% -0.9290E-14   186.1       12.38       773.9       0.000       16.71       0.000    
   16900  0.4225      0.2500E-04 SHELL          1 -74.4% -0.9505E-14   186.7       12.42       776.4       0.000       16.71       0.000    
   17000  0.4250      0.2500E-04 SHELL          1 -74.4% -0.9718E-14   187.3       12.46       778.8       0.000       16.71       0.000    
     ANIMATION FILE: A21_ROOT_RBE2_YA018 WRITTEN
   17100  0.4275      0.2500E-04 SHELL          1 -74.4% -0.9933E-14   187.9       12.50       781.1       0.000       16.71       0.000    
   17200  0.4300      0.2500E-04 SHELL          1 -74.4% -0.1015E-13   188.4       12.53       783.4       0.000       16.71       0.000    
   17300  0.4325      0.2500E-04 SHELL          1 -74.4% -0.1037E-13   188.9       12.57       785.6       0.000       16.71       0.000    
   17400  0.4350      0.2500E-04 SHELL          1 -74.4% -0.1059E-13   189.4       12.60       787.7       0.000       16.71       0.000    
   17500  0.4375      0.2500E-04 SHELL          1 -74.4% -0.1081E-13   189.9       12.64       789.8       0.000       16.71       0.000    
   17600  0.4400      0.2500E-04 SHELL          1 -74.4% -0.1104E-13   190.4       12.67       791.8       0.000       16.71       0.000    
   17700  0.4425      0.2500E-04 SHELL          1 -74.4% -0.1127E-13   190.9       12.70       793.6       0.000       16.71       0.000    
   17800  0.4450      0.2500E-04 SHELL          1 -74.4% -0.1149E-13   191.3       12.73       795.4       0.000       16.71       0.000    
   17900  0.4475      0.2500E-04 SHELL          1 -74.4% -0.1172E-13   191.7       12.75       797.2       0.000       16.71       0.000    
   18000  0.4500      0.2500E-04 SHELL          1 -74.4% -0.1195E-13   192.1       12.78       798.8       0.000       16.71       0.000    
     ANIMATION FILE: A21_ROOT_RBE2_YA019 WRITTEN
   18100  0.4525      0.2500E-04 SHELL          1 -74.4% -0.1218E-13   192.5       12.81       800.4       0.000       16.71       0.000    
   18200  0.4550      0.2500E-04 SHELL          1 -74.4% -0.1242E-13   192.8       12.83       801.9       0.000       16.71       0.000    
   18300  0.4575      0.2500E-04 SHELL          1 -74.4% -0.1265E-13   193.2       12.85       803.3       0.000       16.71       0.000    
   18400  0.4600      0.2500E-04 SHELL          1 -74.4% -0.1289E-13   193.5       12.87       804.7       0.000       16.71       0.000    
   18500  0.4625      0.2500E-04 SHELL          1 -74.4% -0.1313E-13   193.8       12.89       805.9       0.000       16.71       0.000    
   18600  0.4650      0.2500E-04 SHELL          1 -74.4% -0.1337E-13   194.1       12.91       807.1       0.000       16.71       0.000    
   18700  0.4675      0.2500E-04 SHELL          1 -74.4% -0.1361E-13   194.4       12.93       808.2       0.000       16.71       0.000    
   18800  0.4700      0.2500E-04 SHELL          1 -74.4% -0.1384E-13   194.6       12.95       809.2       0.000       16.71       0.000    
   18900  0.4725      0.2500E-04 SHELL          1 -74.4% -0.1409E-13   194.8       12.96       810.1       0.000       16.71       0.000    
   19000  0.4750      0.2500E-04 SHELL          1 -74.4% -0.1433E-13   195.0       12.98       811.0       0.000       16.71       0.000    
     ANIMATION FILE: A21_ROOT_RBE2_YA020 WRITTEN
   19100  0.4775      0.2500E-04 SHELL          1 -74.4% -0.1457E-13   195.2       12.99       811.8       0.000       16.71       0.000    
   19200  0.4800      0.2500E-04 SHELL          1 -74.4% -0.1482E-13   195.4       13.00       812.4       0.000       16.71       0.000    
   19300  0.4825      0.2500E-04 SHELL          1 -74.4% -0.1506E-13   195.5       13.01       813.1       0.000       16.71       0.000    
   19400  0.4850      0.2500E-04 SHELL          1 -74.4% -0.1530E-13   195.7       13.02       813.6       0.000       16.71       0.000    
   19500  0.4875      0.2500E-04 SHELL          1 -74.4% -0.1555E-13   195.8       13.02       814.0       0.000       16.71       0.000    
   19600  0.4900      0.2500E-04 SHELL          1 -74.4% -0.1579E-13   195.8       13.03       814.4       0.000       16.71       0.000    
   19700  0.4925      0.2500E-04 SHELL          1 -74.4% -0.1604E-13   195.9       13.03       814.7       0.000       16.71       0.000    
   19800  0.4950      0.2500E-04 SHELL          1 -74.4% -0.1629E-13   196.0       13.04       814.9       0.000       16.71       0.000    
   19900  0.4975      0.2500E-04 SHELL          1 -74.4% -0.1653E-13   196.0       13.04       815.0       0.000       16.71       0.000    
   CYCLE    TIME      TIME-STEP  ELEMENT          ERROR  I-ENERGY    K-ENERGY T  K-ENERGY R  EXT-WORK     MAS.ERR     TOTAL MASS  MASS ADDED
   20000  0.5000      0.2500E-04 SHELL          1 -74.4% -0.1677E-13   196.0       13.04       815.1       0.000       16.71       0.000    
     ANIMATION FILE: A21_ROOT_RBE2_YA021 WRITTEN
   20100  0.5025      0.2500E-04 SHELL          1 -74.4% -0.1698E-13   196.0       13.04       815.0       0.000       16.71       0.000    
   20200  0.5050      0.2500E-04 SHELL          1 -74.4% -0.1725E-13   196.0       13.04       814.9       0.000       16.71       0.000    
   20300  0.5075      0.2500E-04 SHELL          1 -74.4% -0.1751E-13   195.9       13.03       814.7       0.000       16.71       0.000    
   20400  0.5100      0.2500E-04 SHELL          1 -74.4% -0.1772E-13   195.8       13.03       814.4       0.000       16.71       0.000    
   20500  0.5125      0.2500E-04 SHELL          1 -74.4% -0.1800E-13   195.8       13.02       814.0       0.000       16.71       0.000    
   20600  0.5150      0.2500E-04 SHELL          1 -74.4% -0.1819E-13   195.7       13.02       813.6       0.000       16.71       0.000    
   20700  0.5175      0.2500E-04 SHELL          1 -74.4% -0.1849E-13   195.5       13.01       813.1       0.000       16.71       0.000    
   20800  0.5200      0.2500E-04 SHELL          1 -74.4% -0.1873E-13   195.4       13.00       812.4       0.000       16.71       0.000    
   20900  0.5225      0.2500E-04 SHELL          1 -74.4% -0.1896E-13   195.2       12.99       811.8       0.000       16.71       0.000    
   21000  0.5250      0.2500E-04 SHELL          1 -74.4% -0.1921E-13   195.0       12.98       811.0       0.000       16.71       0.000    
     ANIMATION FILE: A21_ROOT_RBE2_YA022 WRITTEN
   21100  0.5275      0.2500E-04 SHELL          1 -74.4% -0.1945E-13   194.8       12.96       810.1       0.000       16.71       0.000    
   21200  0.5300      0.2500E-04 SHELL          1 -74.4% -0.1967E-13   194.6       12.95       809.2       0.000       16.71       0.000    
   21300  0.5325      0.2500E-04 SHELL          1 -74.4% -0.1995E-13   194.4       12.93       808.2       0.000       16.71       0.000    
   21400  0.5350      0.2500E-04 SHELL          1 -74.4% -0.2017E-13   194.1       12.91       807.1       0.000       16.71       0.000    
   21500  0.5375      0.2500E-04 SHELL          1 -74.4% -0.2040E-13   193.8       12.89       805.9       0.000       16.71       0.000    
   21600  0.5400      0.2500E-04 SHELL          1 -74.4% -0.2066E-13   193.5       12.87       804.7       0.000       16.71       0.000    
   21700  0.5425      0.2500E-04 SHELL          1 -74.4% -0.2086E-13   193.2       12.85       803.3       0.000       16.71       0.000    
   21800  0.5450      0.2500E-04 SHELL          1 -74.4% -0.2112E-13   192.8       12.83       801.9       0.000       16.71       0.000    
   21900  0.5475      0.2500E-04 SHELL          1 -74.4% -0.2136E-13   192.5       12.81       800.4       0.000       16.71       0.000    
   22000  0.5500      0.2500E-04 SHELL          1 -74.4% -0.2157E-13   192.1       12.78       798.8       0.000       16.71       0.000    
     ANIMATION FILE: A21_ROOT_RBE2_YA023 WRITTEN
   22100  0.5525      0.2500E-04 SHELL          1 -74.4% -0.2183E-13   191.7       12.75       797.2       0.000       16.71       0.000    
   22200  0.5550      0.2500E-04 SHELL          1 -74.4% -0.2205E-13   191.3       12.73       795.4       0.000       16.71       0.000    
   22300  0.5575      0.2500E-04 SHELL          1 -74.4% -0.2224E-13   190.9       12.70       793.6       0.000       16.71       0.000    
   22400  0.5600      0.2500E-04 SHELL          1 -74.4% -0.2244E-13   190.4       12.67       791.8       0.000       16.71       0.000    
   22500  0.5625      0.2500E-04 SHELL          1 -74.4% -0.2273E-13   189.9       12.64       789.8       0.000       16.71       0.000    
   22600  0.5650      0.2500E-04 SHELL          1 -74.4% -0.2294E-13   189.4       12.60       787.7       0.000       16.71       0.000    
   22700  0.5675      0.2500E-04 SHELL          1 -74.4% -0.2317E-13   188.9       12.57       785.6       0.000       16.71       0.000    
   22800  0.5700      0.2500E-04 SHELL          1 -74.4% -0.2339E-13   188.4       12.53       783.4       0.000       16.71       0.000    
   22900  0.5725      0.2500E-04 SHELL          1 -74.4% -0.2360E-13   187.9       12.50       781.1       0.000       16.71       0.000    
   23000  0.5750      0.2500E-04 SHELL          1 -74.4% -0.2384E-13   187.3       12.46       778.8       0.000       16.71       0.000    
     ANIMATION FILE: A21_ROOT_RBE2_YA024 WRITTEN
   23100  0.5775      0.2500E-04 SHELL          1 -74.4% -0.2405E-13   186.7       12.42       776.4       0.000       16.71       0.000    
   23200  0.5800      0.2500E-04 SHELL          1 -74.4% -0.2425E-13   186.1       12.38       773.9       0.000       16.71       0.000    
   23300  0.5825      0.2500E-04 SHELL          1 -74.4% -0.2447E-13   185.5       12.34       771.3       0.000       16.71       0.000    
   23400  0.5850      0.2500E-04 SHELL          1 -74.4% -0.2464E-13   184.8       12.30       768.6       0.000       16.71       0.000    
   23500  0.5875      0.2500E-04 SHELL          1 -74.4% -0.2488E-13   184.2       12.25       765.9       0.000       16.71       0.000    
   23600  0.5900      0.2500E-04 SHELL          1 -74.4% -0.2504E-13   183.5       12.21       763.1       0.000       16.71       0.000    
   23700  0.5925      0.2500E-04 SHELL          1 -74.4% -0.2528E-13   182.8       12.16       760.2       0.000       16.71       0.000    
   23800  0.5950      0.2500E-04 SHELL          1 -74.4% -0.2546E-13   182.1       12.12       757.3       0.000       16.71       0.000    
   23900  0.5975      0.2500E-04 SHELL          1 -74.4% -0.2564E-13   181.4       12.07       754.2       0.000       16.71       0.000    
   24000  0.6000      0.2500E-04 SHELL          1 -74.4% -0.2583E-13   180.6       12.02       751.2       0.000       16.71       0.000    
     ANIMATION FILE: A21_ROOT_RBE2_YA025 WRITTEN
   24100  0.6025      0.2500E-04 SHELL          1 -74.4% -0.2604E-13   179.9       11.97       748.0       0.000       16.71       0.000    
   24200  0.6050      0.2500E-04 SHELL          1 -74.4% -0.2624E-13   179.1       11.92       744.8       0.000       16.71       0.000    
   24300  0.6075      0.2500E-04 SHELL          1 -74.4% -0.2644E-13   178.3       11.86       741.4       0.000       16.71       0.000    
   24400  0.6100      0.2500E-04 SHELL          1 -74.4% -0.2660E-13   177.5       11.81       738.1       0.000       16.71       0.000    
   24500  0.6125      0.2500E-04 SHELL          1 -74.4% -0.2680E-13   176.7       11.75       734.6       0.000       16.71       0.000    
   24600  0.6150      0.2500E-04 SHELL          1 -74.4% -0.2698E-13   175.8       11.70       731.1       0.000       16.71       0.000    
   24700  0.6175      0.2500E-04 SHELL          1 -74.4% -0.2710E-13   175.0       11.64       727.5       0.000       16.71       0.000    
   24800  0.6200      0.2500E-04 SHELL          1 -74.4% -0.2732E-13   174.1       11.58       723.9       0.000       16.71       0.000    
   24900  0.6225      0.2500E-04 SHELL          1 -74.4% -0.2748E-13   173.2       11.52       720.1       0.000       16.71       0.000    
   25000  0.6250      0.2500E-04 SHELL          1 -74.4% -0.2763E-13   172.3       11.46       716.4       0.000       16.71       0.000    
     ANIMATION FILE: A21_ROOT_RBE2_YA026 WRITTEN
   25100  0.6275      0.2500E-04 SHELL          1 -74.4% -0.2779E-13   171.3       11.40       712.5       0.000       16.71       0.000    
   25200  0.6300      0.2500E-04 SHELL          1 -74.4% -0.2799E-13   170.4       11.34       708.6       0.000       16.71       0.000    
   25300  0.6325      0.2500E-04 SHELL          1 -74.4% -0.2816E-13   169.4       11.27       704.6       0.000       16.71       0.000    
   25400  0.6350      0.2500E-04 SHELL          1 -74.4% -0.2831E-13   168.5       11.21       700.6       0.000       16.71       0.000    
   25500  0.6375      0.2500E-04 SHELL          1 -74.4% -0.2847E-13   167.5       11.14       696.4       0.000       16.71       0.000    
   25600  0.6400      0.2500E-04 SHELL          1 -74.4% -0.2860E-13   166.5       11.08       692.3       0.000       16.71       0.000    
   25700  0.6425      0.2500E-04 SHELL          1 -74.4% -0.2876E-13   165.5       11.01       688.0       0.000       16.71       0.000    
   25800  0.6450      0.2500E-04 SHELL          1 -74.4% -0.2891E-13   164.4       10.94       683.7       0.000       16.71       0.000    
   25900  0.6475      0.2500E-04 SHELL          1 -74.4% -0.2906E-13   163.4       10.87       679.4       0.000       16.71       0.000    
   26000  0.6500      0.2500E-04 SHELL          1 -74.4% -0.2921E-13   162.3       10.80       674.9       0.000       16.71       0.000    
     ANIMATION FILE: A21_ROOT_RBE2_YA027 WRITTEN
   26100  0.6525      0.2500E-04 SHELL          1 -74.4% -0.2933E-13   161.2       10.73       670.5       0.000       16.71       0.000    
   26200  0.6550      0.2500E-04 SHELL          1 -74.4% -0.2942E-13   160.1       10.65       665.9       0.000       16.71       0.000    
   26300  0.6575      0.2500E-04 SHELL          1 -74.4% -0.2961E-13   159.0       10.58       661.3       0.000       16.71       0.000    
   26400  0.6600      0.2500E-04 SHELL          1 -74.4% -0.2969E-13   157.9       10.51       656.7       0.000       16.71       0.000    
   26500  0.6625      0.2500E-04 SHELL          1 -74.4% -0.2982E-13   156.8       10.43       652.0       0.000       16.71       0.000    
   26600  0.6650      0.2500E-04 SHELL          1 -74.4% -0.2999E-13   155.6       10.36       647.2       0.000       16.71       0.000    
   26700  0.6675      0.2500E-04 SHELL          1 -74.4% -0.3006E-13   154.5       10.28       642.4       0.000       16.71       0.000    
   26800  0.6700      0.2500E-04 SHELL          1 -74.4% -0.3022E-13   153.3       10.20       637.5       0.000       16.71       0.000    
   26900  0.6725      0.2500E-04 SHELL          1 -74.4% -0.3036E-13   152.1       10.12       632.6       0.000       16.71       0.000    
   27000  0.6750      0.2500E-04 SHELL          1 -74.4% -0.3045E-13   150.9       10.04       627.6       0.000       16.71       0.000    
     ANIMATION FILE: A21_ROOT_RBE2_YA028 WRITTEN
   27100  0.6775      0.2500E-04 SHELL          1 -74.4% -0.3055E-13   149.7       9.961       622.6       0.000       16.71       0.000    
   27200  0.6800      0.2500E-04 SHELL          1 -74.4% -0.3065E-13   148.5       9.880       617.5       0.000       16.71       0.000    
   27300  0.6825      0.2500E-04 SHELL          1 -74.4% -0.3079E-13   147.3       9.798       612.3       0.000       16.71       0.000    
   27400  0.6850      0.2500E-04 SHELL          1 -74.4% -0.3089E-13   146.0       9.715       607.2       0.000       16.71       0.000    
   27500  0.6875      0.2500E-04 SHELL          1 -74.4% -0.3100E-13   144.8       9.631       601.9       0.000       16.71       0.000    
   27600  0.6900      0.2500E-04 SHELL          1 -74.4% -0.3109E-13   143.5       9.547       596.7       0.000       16.71       0.000    
   27700  0.6925      0.2500E-04 SHELL          1 -74.4% -0.3114E-13   142.2       9.461       591.3       0.000       16.71       0.000    
   27800  0.6950      0.2500E-04 SHELL          1 -74.4% -0.3126E-13   140.9       9.375       586.0       0.000       16.71       0.000    
   27900  0.6975      0.2500E-04 SHELL          1 -74.4% -0.3135E-13   139.6       9.289       580.6       0.000       16.71       0.000    
   28000  0.7000      0.2500E-04 SHELL          1 -74.4% -0.3146E-13   138.3       9.202       575.1       0.000       16.71       0.000    
     ANIMATION FILE: A21_ROOT_RBE2_YA029 WRITTEN
   28100  0.7025      0.2500E-04 SHELL          1 -74.4% -0.3148E-13   137.0       9.114       569.6       0.000       16.71       0.000    
   28200  0.7050      0.2500E-04 SHELL          1 -74.4% -0.3163E-13   135.6       9.025       564.1       0.000       16.71       0.000    
   28300  0.7075      0.2500E-04 SHELL          1 -74.4% -0.3170E-13   134.3       8.936       558.5       0.000       16.71       0.000    
   28400  0.7100      0.2500E-04 SHELL          1 -74.4% -0.3172E-13   133.0       8.846       552.9       0.000       16.71       0.000    
   28500  0.7125      0.2500E-04 SHELL          1 -74.4% -0.3182E-13   131.6       8.755       547.2       0.000       16.71       0.000    
   28600  0.7150      0.2500E-04 SHELL          1 -74.4% -0.3188E-13   130.2       8.664       541.5       0.000       16.71       0.000    
   28700  0.7175      0.2500E-04 SHELL          1 -74.4% -0.3193E-13   128.8       8.572       535.8       0.000       16.71       0.000    
   28800  0.7200      0.2500E-04 SHELL          1 -74.4% -0.3204E-13   127.5       8.480       530.0       0.000       16.71       0.000    
   28900  0.7225      0.2500E-04 SHELL          1 -74.4% -0.3211E-13   126.1       8.387       524.2       0.000       16.71       0.000    
   29000  0.7250      0.2500E-04 SHELL          1 -74.4% -0.3217E-13   124.7       8.294       518.4       0.000       16.71       0.000    
     ANIMATION FILE: A21_ROOT_RBE2_YA030 WRITTEN
   29100  0.7275      0.2500E-04 SHELL          1 -74.4% -0.3224E-13   123.3       8.200       512.5       0.000       16.71       0.000    
   29200  0.7300      0.2500E-04 SHELL          1 -74.4% -0.3228E-13   121.8       8.106       506.6       0.000       16.71       0.000    
   29300  0.7325      0.2500E-04 SHELL          1 -74.4% -0.3235E-13   120.4       8.011       500.7       0.000       16.71       0.000    
   29400  0.7350      0.2500E-04 SHELL          1 -74.4% -0.3241E-13   119.0       7.916       494.7       0.000       16.71       0.000    
   29500  0.7375      0.2500E-04 SHELL          1 -74.4% -0.3248E-13   117.5       7.820       488.8       0.000       16.71       0.000    
   29600  0.7400      0.2500E-04 SHELL          1 -74.4% -0.3255E-13   116.1       7.724       482.7       0.000       16.71       0.000    
   29700  0.7425      0.2500E-04 SHELL          1 -74.4% -0.3259E-13   114.6       7.627       476.7       0.000       16.71       0.000    
   29800  0.7450      0.2500E-04 SHELL          1 -74.4% -0.3264E-13   113.2       7.530       470.7       0.000       16.71       0.000    
   29900  0.7475      0.2500E-04 SHELL          1 -74.4% -0.3269E-13   111.7       7.433       464.6       0.000       16.71       0.000    
   CYCLE    TIME      TIME-STEP  ELEMENT          ERROR  I-ENERGY    K-ENERGY T  K-ENERGY R  EXT-WORK     MAS.ERR     TOTAL MASS  MASS ADDED
   30000  0.7500      0.2500E-04 SHELL          1 -74.4% -0.3273E-13   110.3       7.335       458.5       0.000       16.71       0.000    
     ANIMATION FILE: A21_ROOT_RBE2_YA031 WRITTEN
   30100  0.7525      0.2500E-04 SHELL          1 -74.4% -0.3274E-13   108.8       7.237       452.3       0.000       16.71       0.000    
   30200  0.7550      0.2500E-04 SHELL          1 -74.4% -0.3282E-13   107.3       7.139       446.2       0.000       16.71       0.000    
   30300  0.7575      0.2500E-04 SHELL          1 -74.4% -0.3282E-13   105.8       7.041       440.0       0.000       16.71       0.000    
   30400  0.7600      0.2500E-04 SHELL          1 -74.4% -0.3283E-13   104.3       6.942       433.9       0.000       16.71       0.000    
   30500  0.7625      0.2500E-04 SHELL          1 -74.4% -0.3292E-13   102.8       6.843       427.7       0.000       16.71       0.000    
   30600  0.7650      0.2500E-04 SHELL          1 -74.4% -0.3293E-13   101.4       6.743       421.5       0.000       16.71       0.000    
   30700  0.7675      0.2500E-04 SHELL          1 -74.4% -0.3300E-13   99.86       6.644       415.2       0.000       16.71       0.000    
   30800  0.7700      0.2500E-04 SHELL          1 -74.4% -0.3300E-13   98.36       6.544       409.0       0.000       16.71       0.000    
   30900  0.7725      0.2500E-04 SHELL          1 -74.4% -0.3302E-13   96.86       6.444       402.8       0.000       16.71       0.000    
   31000  0.7750      0.2500E-04 SHELL          1 -74.4% -0.3310E-13   95.36       6.344       396.5       0.000       16.71       0.000    
     ANIMATION FILE: A21_ROOT_RBE2_YA032 WRITTEN
   31100  0.7775      0.2500E-04 SHELL          1 -74.4% -0.3312E-13   93.85       6.244       390.3       0.000       16.71       0.000    
   31200  0.7800      0.2500E-04 SHELL          1 -74.4% -0.3307E-13   92.35       6.144       384.0       0.000       16.71       0.000    
   31300  0.7825      0.2500E-04 SHELL          1 -74.4% -0.3316E-13   90.84       6.044       377.7       0.000       16.71       0.000    
   31400  0.7850      0.2500E-04 SHELL          1 -74.4% -0.3313E-13   89.33       5.943       371.5       0.000       16.71       0.000    
   31500  0.7875      0.2500E-04 SHELL          1 -74.4% -0.3321E-13   87.82       5.843       365.2       0.000       16.71       0.000    
   31600  0.7900      0.2500E-04 SHELL          1 -74.4% -0.3322E-13   86.31       5.743       358.9       0.000       16.71       0.000    
   31700  0.7925      0.2500E-04 SHELL          1 -74.4% -0.3320E-13   84.81       5.642       352.6       0.000       16.71       0.000    
   31800  0.7950      0.2500E-04 SHELL          1 -74.4% -0.3321E-13   83.30       5.542       346.4       0.000       16.71       0.000    
   31900  0.7975      0.2500E-04 SHELL          1 -74.4% -0.3326E-13   81.79       5.442       340.1       0.000       16.71       0.000    
   32000  0.8000      0.2500E-04 SHELL          1 -74.4% -0.3329E-13   80.28       5.341       333.8       0.000       16.71       0.000    
     ANIMATION FILE: A21_ROOT_RBE2_YA033 WRITTEN
   32100  0.8025      0.2500E-04 SHELL          1 -74.4% -0.3332E-13   78.78       5.241       327.6       0.000       16.71       0.000    
   32200  0.8050      0.2500E-04 SHELL          1 -74.4% -0.3333E-13   77.28       5.141       321.3       0.000       16.71       0.000    
   32300  0.8075      0.2500E-04 SHELL          1 -74.4% -0.3330E-13   75.78       5.042       315.1       0.000       16.71       0.000    
   32400  0.8100      0.2500E-04 SHELL          1 -74.4% -0.3337E-13   74.28       4.942       308.9       0.000       16.71       0.000    
   32500  0.8125      0.2500E-04 SHELL          1 -74.4% -0.3338E-13   72.78       4.843       302.7       0.000       16.71       0.000    
   32600  0.8150      0.2500E-04 SHELL          1 -74.4% -0.3333E-13   71.29       4.743       296.5       0.000       16.71       0.000    
   32700  0.8175      0.2500E-04 SHELL          1 -74.4% -0.3339E-13   69.81       4.644       290.3       0.000       16.71       0.000    
   32800  0.8200      0.2500E-04 SHELL          1 -74.4% -0.3341E-13   68.32       4.546       284.1       0.000       16.71       0.000    
   32900  0.8225      0.2500E-04 SHELL          1 -74.4% -0.3338E-13   66.84       4.447       278.0       0.000       16.71       0.000    
   33000  0.8250      0.2500E-04 SHELL          1 -74.4% -0.3344E-13   65.37       4.349       271.8       0.000       16.71       0.000    
     ANIMATION FILE: A21_ROOT_RBE2_YA034 WRITTEN
   33100  0.8275      0.2500E-04 SHELL          1 -74.4% -0.3336E-13   63.90       4.251       265.7       0.000       16.71       0.000    
   33200  0.8300      0.2500E-04 SHELL          1 -74.4% -0.3339E-13   62.44       4.154       259.6       0.000       16.71       0.000    
   33300  0.8325      0.2500E-04 SHELL          1 -74.4% -0.3347E-13   60.98       4.057       253.6       0.000       16.71       0.000    
   33400  0.8350      0.2500E-04 SHELL          1 -74.4% -0.3343E-13   59.53       3.961       247.5       0.000       16.71       0.000    
   33500  0.8375      0.2500E-04 SHELL          1 -74.4% -0.3341E-13   58.09       3.865       241.5       0.000       16.71       0.000    
   33600  0.8400      0.2500E-04 SHELL          1 -74.4% -0.3344E-13   56.65       3.769       235.6       0.000       16.71       0.000    
   33700  0.8425      0.2500E-04 SHELL          1 -74.4% -0.3341E-13   55.22       3.674       229.6       0.000       16.71       0.000    
   33800  0.8450      0.2500E-04 SHELL          1 -74.4% -0.3341E-13   53.80       3.579       223.7       0.000       16.71       0.000    
   33900  0.8475      0.2500E-04 SHELL          1 -74.4% -0.3342E-13   52.39       3.485       217.8       0.000       16.71       0.000    
   34000  0.8500      0.2500E-04 SHELL          1 -74.4% -0.3351E-13   50.98       3.392       212.0       0.000       16.71       0.000    
     ANIMATION FILE: A21_ROOT_RBE2_YA035 WRITTEN
   34100  0.8525      0.2500E-04 SHELL          1 -74.4% -0.3351E-13   49.59       3.299       206.2       0.000       16.71       0.000    
   34200  0.8550      0.2500E-04 SHELL          1 -74.4% -0.3350E-13   48.20       3.207       200.4       0.000       16.71       0.000    
   34300  0.8575      0.2500E-04 SHELL          1 -74.4% -0.3351E-13   46.83       3.115       194.7       0.000       16.71       0.000    
   34400  0.8600      0.2500E-04 SHELL          1 -74.4% -0.3350E-13   45.46       3.025       189.0       0.000       16.71       0.000    
   34500  0.8625      0.2500E-04 SHELL          1 -74.4% -0.3344E-13   44.11       2.935       183.4       0.000       16.71       0.000    
   34600  0.8650      0.2500E-04 SHELL          1 -74.4% -0.3352E-13   42.77       2.845       177.8       0.000       16.71       0.000    
   34700  0.8675      0.2500E-04 SHELL          1 -74.4% -0.3350E-13   41.43       2.757       172.3       0.000       16.71       0.000    
   34800  0.8700      0.2500E-04 SHELL          1 -74.4% -0.3348E-13   40.12       2.669       166.8       0.000       16.71       0.000    
   34900  0.8725      0.2500E-04 SHELL          1 -74.4% -0.3354E-13   38.81       2.582       161.4       0.000       16.71       0.000    
   35000  0.8750      0.2500E-04 SHELL          1 -74.4% -0.3354E-13   37.52       2.496       156.0       0.000       16.71       0.000    
     ANIMATION FILE: A21_ROOT_RBE2_YA036 WRITTEN
   35100  0.8775      0.2500E-04 SHELL          1 -74.4% -0.3354E-13   36.24       2.411       150.7       0.000       16.71       0.000    
   35200  0.8800      0.2500E-04 SHELL          1 -74.4% -0.3354E-13   34.97       2.327       145.4       0.000       16.71       0.000    
   35300  0.8825      0.2500E-04 SHELL          1 -74.4% -0.3354E-13   33.72       2.244       140.2       0.000       16.71       0.000    
   35400  0.8850      0.2500E-04 SHELL          1 -74.4% -0.3352E-13   32.48       2.161       135.1       0.000       16.71       0.000    
   35500  0.8875      0.2500E-04 SHELL          1 -74.4% -0.3348E-13   31.26       2.080       130.0       0.000       16.71       0.000    
   35600  0.8900      0.2500E-04 SHELL          1 -74.4% -0.3353E-13   30.06       2.000       125.0       0.000       16.71       0.000    
   35700  0.8925      0.2500E-04 SHELL          1 -74.4% -0.3348E-13   28.87       1.921       120.0       0.000       16.71       0.000    
   35800  0.8950      0.2500E-04 SHELL          1 -74.4% -0.3354E-13   27.70       1.843       115.2       0.000       16.71       0.000    
   35900  0.8975      0.2500E-04 SHELL          1 -74.4% -0.3354E-13   26.54       1.766       110.4       0.000       16.71       0.000    
   36000  0.9000      0.2500E-04 SHELL          1 -74.4% -0.3355E-13   25.40       1.690       105.6       0.000       16.71       0.000    
     ANIMATION FILE: A21_ROOT_RBE2_YA037 WRITTEN
   36100  0.9025      0.2500E-04 SHELL          1 -74.4% -0.3347E-13   24.28       1.616       101.0       0.000       16.71       0.000    
   36200  0.9050      0.2500E-04 SHELL          1 -74.4% -0.3354E-13   23.18       1.542       96.39       0.000       16.71       0.000    
   36300  0.9075      0.2500E-04 SHELL          1 -74.4% -0.3352E-13   22.10       1.470       91.89       0.000       16.71       0.000    
   36400  0.9100      0.2500E-04 SHELL          1 -74.4% -0.3355E-13   21.04       1.400       87.47       0.000       16.71       0.000    
   36500  0.9125      0.2500E-04 SHELL          1 -74.4% -0.3353E-13   19.99       1.330       83.14       0.000       16.71       0.000    
   36600  0.9150      0.2500E-04 SHELL          1 -74.4% -0.3348E-13   18.97       1.262       78.88       0.000       16.71       0.000    
   36700  0.9175      0.2500E-04 SHELL          1 -74.4% -0.3346E-13   17.97       1.195       74.72       0.000       16.71       0.000    
   36800  0.9200      0.2500E-04 SHELL          1 -74.4% -0.3347E-13   16.99       1.130       70.64       0.000       16.71       0.000    
   36900  0.9225      0.2500E-04 SHELL          1 -74.4% -0.3352E-13   16.03       1.066       66.66       0.000       16.71       0.000    
   37000  0.9250      0.2500E-04 SHELL          1 -74.4% -0.3353E-13   15.09       1.004       62.76       0.000       16.71       0.000    
     ANIMATION FILE: A21_ROOT_RBE2_YA038 WRITTEN
   37100  0.9275      0.2500E-04 SHELL          1 -74.4% -0.3355E-13   14.18      0.9435       58.97       0.000       16.71       0.000    
   37200  0.9300      0.2500E-04 SHELL          1 -74.4% -0.3348E-13   13.29      0.8843       55.27       0.000       16.71       0.000    
   37300  0.9325      0.2500E-04 SHELL          1 -74.4% -0.3355E-13   12.42      0.8267       51.67       0.000       16.71       0.000    
   37400  0.9350      0.2500E-04 SHELL          1 -74.4% -0.3349E-13   11.58      0.7707       48.17       0.000       16.71       0.000    
   37500  0.9375      0.2500E-04 SHELL          1 -74.4% -0.3352E-13   10.77      0.7164       44.77       0.000       16.71       0.000    
   37600  0.9400      0.2500E-04 SHELL          1 -74.4% -0.3352E-13   9.976      0.6637       41.48       0.000       16.71       0.000    
   37700  0.9425      0.2500E-04 SHELL          1 -74.4% -0.3353E-13   9.211      0.6128       38.30       0.000       16.71       0.000    
   37800  0.9450      0.2500E-04 SHELL          1 -74.4% -0.3347E-13   8.472      0.5637       35.23       0.000       16.71       0.000    
   37900  0.9475      0.2500E-04 SHELL          1 -74.4% -0.3354E-13   7.760      0.5163       32.27       0.000       16.71       0.000    
   38000  0.9500      0.2500E-04 SHELL          1 -74.4% -0.3353E-13   7.076      0.4708       29.42       0.000       16.71       0.000    
     ANIMATION FILE: A21_ROOT_RBE2_YA039 WRITTEN
   38100  0.9525      0.2500E-04 SHELL          1 -74.4% -0.3354E-13   6.420      0.4271       26.69       0.000       16.71       0.000    
   38200  0.9550      0.2500E-04 SHELL          1 -74.4% -0.3354E-13   5.792      0.3853       24.08       0.000       16.71       0.000    
   38300  0.9575      0.2500E-04 SHELL          1 -74.4% -0.3353E-13   5.193      0.3455       21.60       0.000       16.71       0.000    
   38400  0.9600      0.2500E-04 SHELL          1 -74.4% -0.3349E-13   4.624      0.3077       19.23       0.000       16.71       0.000    
   38500  0.9625      0.2500E-04 SHELL          1 -74.4% -0.3352E-13   4.086      0.2718       16.99       0.000       16.71       0.000    
   38600  0.9650      0.2500E-04 SHELL          1 -74.4% -0.3354E-13   3.578      0.2380       14.88       0.000       16.71       0.000    
   38700  0.9675      0.2500E-04 SHELL          1 -74.4% -0.3348E-13   3.101      0.2063       12.89       0.000       16.71       0.000    
   38800  0.9700      0.2500E-04 SHELL          1 -74.4% -0.3355E-13   2.656      0.1767       11.04       0.000       16.71       0.000    
   38900  0.9725      0.2500E-04 SHELL          1 -74.4% -0.3351E-13   2.243      0.1492       9.327       0.000       16.71       0.000    
   39000  0.9750      0.2500E-04 SHELL          1 -74.4% -0.3347E-13   1.863      0.1240       7.748       0.000       16.71       0.000    
     ANIMATION FILE: A21_ROOT_RBE2_YA040 WRITTEN
   39100  0.9775      0.2500E-04 SHELL          1 -74.4% -0.3355E-13   1.517      0.1009       6.308       0.000       16.71       0.000    
   39200  0.9800      0.2500E-04 SHELL          1 -74.4% -0.3355E-13   1.205      0.8016E-01   5.010       0.000       16.71       0.000    
   39300  0.9825      0.2500E-04 SHELL          1 -74.4% -0.3355E-13  0.9271      0.6168E-01   3.855       0.000       16.71       0.000    
   39400  0.9850      0.2500E-04 SHELL          1 -74.4% -0.3354E-13  0.6846      0.4555E-01   2.847       0.000       16.71       0.000    
   39500  0.9875      0.2500E-04 SHELL          1 -74.4% -0.3353E-13  0.4778      0.3179E-01   1.987       0.000       16.71       0.000    
   39600  0.9900      0.2500E-04 SHELL          1 -74.4% -0.3346E-13  0.3074      0.2045E-01   1.278       0.000       16.71       0.000    
   39700  0.9925      0.2500E-04 SHELL          1 -74.4% -0.3355E-13  0.1738      0.1156E-01  0.7226       0.000       16.71       0.000    
   39800  0.9950      0.2500E-04 SHELL          1 -74.4% -0.3354E-13  0.7762E-01  0.5164E-02  0.3228       0.000       16.71       0.000    
   39900  0.9975      0.2500E-04 SHELL          1 -74.4% -0.3349E-13  0.1950E-01  0.1298E-02  0.8113E-01   0.000       16.71       0.000    

     RESTART FILES: A21_ROOT_RBE2_Y_0001_[0001-0001].rst WRITTEN
     -------------

   CYCLE    TIME      TIME-STEP  ELEMENT          ERROR  I-ENERGY    K-ENERGY T  K-ENERGY R  EXT-WORK     MAS.ERR     TOTAL MASS  MASS ADDED
   40000   1.000      0.2500E-04 SHELL          1 -74.4% -0.3355E-13  0.7839E-05  0.5215E-06  0.3260E-04   0.000       16.71       0.000    
     ANIMATION FILE: A21_ROOT_RBE2_YA041 WRITTEN
  
                           ** CPU USER TIME **
  
  
                        ** SUMMARY **
  
 #PROC  ELEMENT   KINCOND   INTEG     IO        T0        ASM       RESOL    
   1   .4688E+00 .2500E+00 .1250E+00 .4688E+00 .1172E+01 .6250E-01 .3516E+01
  
 
                   ** CUMULATIVE CPU TIME SUMMARY **
  
 CONTACT SORTING.............: .0000E+00     0.00 % 
 CONTACT FORCES..............: .1562E-01     0.44 % 
 ELEMENT FORCES..............: .4688E+00    13.33 % 
 KINEMATIC COND..............: .2500E+00     7.11 % 
 INTEGRATION.................: .1250E+00     3.56 % 
 ASSEMBLING..................: .6250E-01     1.78 % 
 OTHERS (including I/O)......: .2594E+01    73.78 % 
 TOTAL.......................: .3516E+01   100.00 % 
  
  
                           ** ELAPSED TIME **
  
  
                        ** SUMMARY **
  
 #PROC  ELEMENT   KINCOND   INTEG     IO        T0        ASM       RESOL    
   1   .6079E+00 .3326E+00 .1754E+00 .4954E+00 .1162E+01 .1083E+00 .3728E+01
  
                   ** MEMORY USAGE STATISTICS **
  
 TOTAL MEMORY USED .........................:       58 MB
 MAXIMUM MEMORY PER PROCESSOR...............:       58 MB
 MINIMUM MEMORY PER PROCESSOR...............:       58 MB
 AVERAGE MEMORY PER PROCESSOR...............:       58 MB
  
                   ** DISK USAGE STATISTICS **
  
 TOTAL DISK SPACE USED .....................:          8 MB
 ANIMATION/H3D/TH/OUTP SIZE ................:          0 MB
 RESTART FILE SIZE .........................:          7 MB
  
                   ** COMPUTE TIME INFORMATION **
                        ** CURRENT ENGINE **
  
 EXECUTION STARTED .........................:      2026/10/09  15:15:47
 EXECUTION COMPLETED .......................:      2026/10/09  15:15:51
  
 ELAPSED TIME     =          3.78 s
                          0:00:03



     NORMAL TERMINATION      



     TOTAL NUMBER OF CYCLES  :   40001

  
                   ** COMPUTE RUNTIME INFORMATION SUMMARY **
  
        STARTER RUNTIME =          2.72s (00:00:02)
 # 001   ENGINE RUNTIME =          3.78s (00:00:03)
 ------------------------------ 
 STARTER+ENGINE RUNTIME =          6.50s (00:00:06)
  
