 I02IB_ENG_DENSE_R1_0001.out
************************************************************************
**                                                                    **
**                                                                    **
**                         OpenRadioss Engine                         **
**                                                                    **
**            Non-linear Finite Element Analysis Software             **
**                                                                    **
**                                                                    **
**                                                                    **
**                  Windows 64 bits, Intel compiler                   **
**                      Double Precision Version                      **
**                                                                    **
**                                                                    **
**                                                                    **
************************************************************************
** OpenRadioss Software                                               **
** COPYRIGHT (C) 2026 Siemens                                         **
** Licensed under GNU Affero General Public License.                  **
** See License file.                                                  **
************************************************************************
 
 NUMBER OF SPMD DOMAINS           1
 NUMBER OF THREADS PER DOMAIN     1
 NUMBER OF HMPP PROCESSES         1
  
 COMPUTATION HARDWARE DESCRIPTION
  
 HOSTNAME     CPU TYPE, FREQUENCY AND MEMORY
 jeux   AMD Ryzen 5 5600 6-Core Processor               (x86_64), 3700 MHz,   6788 MB RAM,  18153 MB swap
  
 STACKSIZE  . . . . . . . . . . . . . . . . . . . . 1430 MB
 THREAD STACKSIZE . . . . . . . . . . . . . . . . . 400 MB
 
************************************************************************


 I02IB_ENG_DENSE_R1D01                                                           


 FINAL TIME . . . . . . . . . . . . . . . . . . .   12.00000    

 TIME INTERVAL FOR TIME HISTORY PLOTS . . . . . .  0.5000000E-04

 TIME STEP SCALE FACTOR . . . . . . . . . . . . .  0.9000000    

 MINIMUM TIME STEP  . . . . . . . . . . . . . . .   0.000000    


 BRICK TIME STEP SCALE FACTOR . . . . . . . . . .  0.9000000    
 BRICK MINIMUM TIME STEP. . . . . . . . . . . . .   0.000000    
 MIN. TIME STEP FLAG (1:STOP RUN, 2:DELETE BRICK)     1

 QUAD TIME STEP SCALE FACTOR. . . . . . . . . . .  0.9000000    
 QUAD MINIMUM TIME STEP . . . . . . . . . . . . .   0.000000    
 MIN. TIME STEP FLAG (1:STOP RUN, 2:DELETE QUAD).     1

 SHELL TIME STEP SCALE FACTOR . . . . . . . . . .  0.9000000    
 SHELL MINIMUM TIME STEP. . . . . . . . . . . . .   0.000000    
 MIN. TIME FLAG (1:STOP, 2:DELETE, 3:SMALL STRAIN)    2

 TRUSS TIME STEP SCALE FACTOR . . . . . . . . . .  0.9000000    
 TRUSS MINIMUM TIME STEP. . . . . . . . . . . . .   0.000000    
 MIN. TIME FLAG (1:STOP, 2:DELETE). . . . . . . .     0

 BEAM TIME STEP SCALE FACTOR. . . . . . . . . . .  0.9000000    
 BEAM MINIMUM TIME STEP . . . . . . . . . . . . .   0.000000    
 MIN. TIME FLAG (1:STOP, 2:DELETE). . . . . . . .     0

 SPRING TIME STEP SCALE FACTOR. . . . . . . . . .  0.9000000    
 SPRING MINIMUM TIME STEP . . . . . . . . . . . .   0.000000    
 MIN. TIME FLAG (1:STOP, 2:DELETE). . . . . . . .     0

 AIRBAG TIME STEP SCALE FACTOR. . . . . . . . . .  0.9000000    
 AIRBAG MINIMUM TIME STEP . . . . . . . . . . . .   0.000000    
 MIN. TIME FLAG (1:STOP). . . . . . . . . . . . .     0

 CONTACT TIME STEP SCALE FACTOR . . . . . . . . .  0.9000000    
 CONTACT MINIMUM TIME STEP. . . . . . . . . . . .   0.000000    
 MIN. TIME FLAG(1:STOP, 2:REMOVE NODE FROM INTERF)    0

 PRINTOUT CYCLE FREQUENCY . . . . . . . . . . . .  -100

 RESTART CYCLE FREQUENCY. . . . . . . . . . . . .   10000000

 MAXIMUM RESTART WRITE BEFORE OVERWRITE . . . . .     0

 INVERS: INPUT DECK VERSION . . . . . . . . . . .  2026
 ITTYP : FLAG FOR TYPE OF T-FILE. . . . . . . . .     4

 INITIAL TIME STEP. . . . . . . . . . . . . . . .   0.000000    
 MAXIMUM TIME STEP. . . . . . . . . . . . . . . .  0.1000000E+21

 PARALLEL ARITHMETIC ON
 NUMBER OF INTERFACES TO BE ELIMINATED. . . . . .        0

 NUMBER OF PARTS TO BE ELIMINATED . . . . . . . .        0

 NUMBER OF SOLID  ELEMENT BLOCKS TO BE ELIMINATED        0

 NUMBER OF QUAD   ELEMENT BLOCKS TO BE ELIMINATED        0

 NUMBER OF SHELL  ELEMENT BLOCKS TO BE ELIMINATED        0

 NUMBER OF TRUSS  ELEMENT BLOCKS TO BE ELIMINATED        0

 NUMBER OF BEAM   ELEMENT BLOCKS TO BE ELIMINATED        0

 NUMBER OF SPRING ELEMENT BLOCKS TO BE ELIMINATED        0

 NUMBER OF SH_3N  ELEMENT BLOCKS TO BE ELIMINATED        0

 NUMBER OF  SPH PARTICLES BLOCKS TO BE ELIMINATED        0

 NUMBER OF RIGID LINKS. . . . . . . . . . . . . .        0

 NUMBER OF NEW BOUNDARY CONDITIONS. . . . . . . .        0


 TIME FOR FIRST ANIMATION-FILE PLOT . . . . . . .  0.1000000E+31
 TIME INTERVAL FOR ANIMATION-FILE PLOTS . . . . .   0.000000    
 TIME TO STOP ANIMATION-FILE PLOTS. . . . . . . .  0.1000000E+21
 SENSOR FOR ANIMATION-FILE PLOTS. . . . . . . . .          0
 TIME INTERVAL FOR SENSOR ANIMATION-FILE PLOTS. .   0.000000    

 VARIABLE SAVED ON ANIMATION FILES (1: YES) :
      PLASTIC STRAIN. . . . . .     0
      DENSITY     (SOLID ONLY).     0
      SPECIFIC ENERGY . . . . .     0
      HOURGLASS ENERGY. . . . .     0
      TEMPERATURE (SOLID ONLY).     0
      THICKNESS   (SHELL ONLY).     0
      PRESSURE    (SOLID ONLY).     0
      VON MISES . . . . . . . .     0
      TURBULENT ENERGY (FLUID).     0
      TURBULENT VISCOSITY(FLUID)    0
      VORTICITY (FLUID) . . . .     0
 NODAL VALUES SAVED ON ANIMATION FILES (1: YES) :
      PRESSURE. . . . . . . . .     0
      DENSITY . . . . . . . . .     0
      TEMPERATURE . . . . . . .     0
 VECTOR SAVED ON ANIMATION FILES (1: YES) :
      VELOCITY VECTOR . . . . .     0
      DISPLACEMENT VECTOR . . .     0
      ACCELERATION VECTOR . . .     0
      CONTACT FORCES. . . . . .     0
      INTERNAL FORCES . . . . .     0
      EXTERNAL FORCES . . . . .     0
      SECTION RBY RWALL FORCES.     0
      ROTATIONAL VELOCITY VECTOR    0
      CONTACT PRESSURE (VECTORS)    0
 SHELL TENSOR SAVED ON ANIMATION FILES (1: YES) :
      MEMBRANE STRESS . . . . .     0
      BENDING STRESS(MOMENT/T^2)    0
      UPPER LAYER STRESS. . . .     0
      LOWER LAYER STRESS. . . .     0
      MEMBRANE STRAIN . . . . .     0
      CURVATURE . . . . . . . .     0
      UPPER LAYER STRAIN. . . .     0
      LOWER LAYER STRAIN. . . .     0
 NODAL MASS SAVED ON ANIMATION FILES (1: YES) :    0
 KEEP DELETED ELEMENT (1: YES) :    0


 03/10/2026
   CYCLE    TIME      TIME-STEP  ELEMENT          ERROR  I-ENERGY    K-ENERGY T  K-ENERGY R  EXT-WORK     MAS.ERR     TOTAL MASS  MASS ADDED
       0   0.000      0.1452E-03 NODE        1639   0.0%   0.000       0.000       0.000       0.000       0.000       146.2       0.000    
     100  0.1452E-01  0.1452E-03 NODE        1639   0.0%  0.4302E-10  0.4300E-10   0.000      0.8601E-10   0.000       146.2       0.000    
     200  0.2905E-01  0.1452E-03 NODE        1625   0.0%  0.2081E-08  0.2082E-08   0.000      0.4162E-08   0.000       146.2       0.000    
     300  0.4357E-01  0.1452E-03 NODE        1601   0.0%  0.1663E-07  0.1679E-07   0.000      0.3342E-07   0.000       146.2       0.000    
     400  0.5810E-01  0.1452E-03 NODE        1625   0.0%  0.6983E-07  0.7239E-07   0.000      0.1422E-06   0.000       146.2       0.000    
     500  0.7262E-01  0.1452E-03 NODE        1625  -0.0%  0.2107E-06  0.2210E-06   0.000      0.4317E-06   0.000       146.2       0.000    
     600  0.8715E-01  0.1452E-03 NODE        1625  -0.0%  0.5278E-06  0.5338E-06   0.000      0.1062E-05   0.000       146.2       0.000    
     700  0.1017      0.1452E-03 NODE        1644  -0.0%  0.1187E-05  0.1081E-05   0.000      0.2268E-05   0.000       146.2       0.000    
     800  0.1162      0.1452E-03 NODE        1644  -0.0%  0.2477E-05  0.1907E-05   0.000      0.4384E-05   0.000       146.2       0.000    
     900  0.1307      0.1452E-03 NODE        1644  -0.0%  0.4851E-05  0.3013E-05   0.000      0.7864E-05   0.000       146.2       0.000    
    1000  0.1452      0.1452E-03 NODE        1644  -0.0%  0.8964E-05  0.4441E-05   0.000      0.1340E-04   0.000       146.2       0.000    
    1100  0.1598      0.1452E-03 NODE        1644  -0.0%  0.1570E-04  0.6345E-05   0.000      0.2205E-04   0.000       146.2       0.000    
    1200  0.1743      0.1452E-03 NODE        1644  -0.0%  0.2624E-04  0.8938E-05   0.000      0.3518E-04   0.000       146.2       0.000    
    1300  0.1888      0.1452E-03 NODE        1644  -0.0%  0.4209E-04  0.1242E-04   0.000      0.5452E-04   0.000       146.2       0.000    
    1400  0.2033      0.1452E-03 NODE        1644  -0.0%  0.6518E-04  0.1696E-04   0.000      0.8214E-04   0.000       146.2       0.000    
    1500  0.2179      0.1452E-03 NODE        1644  -0.0%  0.9792E-04  0.2260E-04   0.000      0.1205E-03   0.000       146.2       0.000    
    1600  0.2324      0.1452E-03 NODE        1644  -0.0%  0.1433E-03  0.2941E-04   0.000      0.1727E-03   0.000       146.2       0.000    
    1700  0.2469      0.1452E-03 NODE        1644  -0.0%  0.2050E-03  0.3737E-04   0.000      0.2423E-03   0.000       146.2       0.000    
    1800  0.2614      0.1452E-03 NODE        1644  -0.0%  0.2873E-03  0.4646E-04   0.000      0.3338E-03   0.000       146.2       0.000    
    1900  0.2760      0.1452E-03 NODE        1644  -0.0%  0.3955E-03  0.5696E-04   0.000      0.4525E-03   0.000       146.2       0.000    
    2000  0.2905      0.1452E-03 NODE        1644  -0.0%  0.5356E-03  0.6934E-04   0.000      0.6050E-03   0.000       146.2       0.000    
    2100  0.3050      0.1452E-03 NODE        1644  -0.0%  0.7147E-03  0.8398E-04   0.000      0.7987E-03   0.000       146.2       0.000    
    2200  0.3195      0.1452E-03 NODE        1644  -0.0%  0.9408E-03  0.1011E-03   0.000      0.1042E-02   0.000       146.2       0.000    
    2300  0.3341      0.1452E-03 NODE        1644  -0.0%  0.1223E-02  0.1206E-03   0.000      0.1344E-02   0.000       146.2       0.000    
    2400  0.3486      0.1452E-03 NODE        1644  -0.0%  0.1572E-02  0.1424E-03   0.000      0.1715E-02   0.000       146.2       0.000    
    2500  0.3631      0.1452E-03 NODE        1625  -0.0%  0.2000E-02  0.1665E-03   0.000      0.2167E-02   0.000       146.2       0.000    
    2600  0.3776      0.1452E-03 NODE        1625  -0.0%  0.2521E-02  0.1928E-03   0.000      0.2713E-02   0.000       146.2       0.000    
    2700  0.3922      0.1452E-03 NODE        1625  -0.0%  0.3148E-02  0.2215E-03   0.000      0.3370E-02   0.000       146.2       0.000    
    2800  0.4067      0.1452E-03 NODE        1625  -0.0%  0.3900E-02  0.2535E-03   0.000      0.4153E-02   0.000       146.2       0.000    
    2900  0.4212      0.1452E-03 NODE        1625  -0.0%  0.4795E-02  0.2896E-03   0.000      0.5084E-02   0.000       146.2       0.000    
    3000  0.4357      0.1452E-03 NODE        1625  -0.0%  0.5852E-02  0.3304E-03   0.000      0.6183E-02   0.000       146.2       0.000    
    3100  0.4503      0.1452E-03 NODE        1625  -0.0%  0.7096E-02  0.3760E-03   0.000      0.7472E-02   0.000       146.2       0.000    
    3200  0.4648      0.1452E-03 NODE        1625  -0.0%  0.8553E-02  0.4246E-03   0.000      0.8977E-02   0.000       146.2       0.000    
    3300  0.4793      0.1452E-03 NODE        1625  -0.0%  0.1025E-01  0.4784E-03   0.000      0.1073E-01   0.000       146.2       0.000    
    3400  0.4938      0.1452E-03 NODE        1625  -0.0%  0.1221E-01  0.5360E-03   0.000      0.1275E-01   0.000       146.2       0.000    
    3500  0.5084      0.1452E-03 NODE        1625  -0.0%  0.1448E-01  0.5978E-03   0.000      0.1508E-01   0.000       146.2       0.000    
    3600  0.5229      0.1452E-03 NODE        1625  -0.0%  0.1709E-01  0.6645E-03   0.000      0.1775E-01   0.000       146.2       0.000    
    3700  0.5374      0.1452E-03 NODE        1625  -0.0%  0.2006E-01  0.7376E-03   0.000      0.2080E-01   0.000       146.2       0.000    
    3800  0.5519      0.1452E-03 NODE        1625  -0.0%  0.2346E-01  0.8179E-03   0.000      0.2428E-01   0.000       146.2       0.000    
    3900  0.5665      0.1452E-03 NODE        1644  -0.0%  0.2731E-01  0.9052E-03   0.000      0.2822E-01   0.000       146.2       0.000    
    4000  0.5810      0.1452E-03 NODE        1644  -0.0%  0.3167E-01  0.9986E-03   0.000      0.3267E-01   0.000       146.2       0.000    
    4100  0.5955      0.1452E-03 NODE        1644  -0.0%  0.3660E-01  0.1097E-02   0.000      0.3769E-01   0.000       146.2       0.000    
    4200  0.6100      0.1452E-03 NODE        1644  -0.0%  0.4213E-01  0.1202E-02   0.000      0.4333E-01   0.000       146.2       0.000    
    4300  0.6246      0.1452E-03 NODE        1644  -0.0%  0.4833E-01  0.1313E-02   0.000      0.4965E-01   0.000       146.2       0.000    
    4400  0.6391      0.1452E-03 NODE        1644  -0.0%  0.5527E-01  0.1432E-02   0.000      0.5671E-01   0.000       146.2       0.000    
    4500  0.6536      0.1452E-03 NODE        1644  -0.0%  0.6301E-01  0.1559E-02   0.000      0.6457E-01   0.000       146.2       0.000    
    4600  0.6681      0.1452E-03 NODE        1644  -0.0%  0.7162E-01  0.1697E-02   0.000      0.7332E-01   0.000       146.2       0.000    
    4700  0.6827      0.1452E-03 NODE        1644  -0.0%  0.8118E-01  0.1845E-02   0.000      0.8302E-01   0.000       146.2       0.000    
    4800  0.6972      0.1452E-03 NODE        1644  -0.0%  0.9176E-01  0.2002E-02   0.000      0.9376E-01   0.000       146.2       0.000    
    4900  0.7117      0.1452E-03 NODE        1644  -0.0%  0.1034      0.2167E-02   0.000      0.1056       0.000       146.2       0.000    
    5000  0.7262      0.1452E-03 NODE        1644  -0.0%  0.1163      0.2338E-02   0.000      0.1187       0.000       146.2       0.000    
    5100  0.7407      0.1452E-03 NODE        1644  -0.0%  0.1305      0.2518E-02   0.000      0.1330       0.000       146.2       0.000    
    5200  0.7553      0.1452E-03 NODE        1644  -0.0%  0.1461      0.2706E-02   0.000      0.1488       0.000       146.2       0.000    
    5300  0.7698      0.1452E-03 NODE        1644  -0.0%  0.1631      0.2905E-02   0.000      0.1660       0.000       146.2       0.000    
    5400  0.7843      0.1452E-03 NODE        1644  -0.0%  0.1818      0.3115E-02   0.000      0.1849       0.000       146.2       0.000    
    5500  0.7988      0.1452E-03 NODE        1644  -0.0%  0.2022      0.3337E-02   0.000      0.2055       0.000       146.2       0.000    
    5600  0.8134      0.1452E-03 NODE        1625  -0.0%  0.2244      0.3569E-02   0.000      0.2279       0.000       146.2       0.000    
    5700  0.8279      0.1452E-03 NODE        1625  -0.0%  0.2485      0.3811E-02   0.000      0.2524       0.000       146.2       0.000    
    5800  0.8424      0.1452E-03 NODE        1625  -0.0%  0.2748      0.4059E-02   0.000      0.2789       0.000       146.2       0.000    
    5900  0.8569      0.1452E-03 NODE        1625  -0.0%  0.3033      0.4315E-02   0.000      0.3076       0.000       146.2       0.000    
    6000  0.8715      0.1452E-03 NODE        1625  -0.0%  0.3342      0.4581E-02   0.000      0.3388       0.000       146.2       0.000    
    6100  0.8860      0.1452E-03 NODE        1625  -0.0%  0.3676      0.4861E-02   0.000      0.3725       0.000       146.2       0.000    
    6200  0.9005      0.1452E-03 NODE        1625  -0.0%  0.4037      0.5157E-02   0.000      0.4089       0.000       146.2       0.000    
    6300  0.9150      0.1452E-03 NODE        1625  -0.0%  0.4427      0.5467E-02   0.000      0.4482       0.000       146.2       0.000    
    6400  0.9296      0.1452E-03 NODE        1625  -0.0%  0.4847      0.5792E-02   0.000      0.4905       0.000       146.2       0.000    
    6500  0.9441      0.1452E-03 NODE        1625  -0.0%  0.5299      0.6134E-02   0.000      0.5361       0.000       146.2       0.000    
    6600  0.9586      0.1452E-03 NODE        1625  -0.0%  0.5786      0.6485E-02   0.000      0.5851       0.000       146.2       0.000    
    6700  0.9731      0.1452E-03 NODE        1625  -0.0%  0.6308      0.6845E-02   0.000      0.6376       0.000       146.2       0.000    
    6800  0.9877      0.1452E-03 NODE        1625  -0.0%  0.6868      0.7219E-02   0.000      0.6940       0.000       146.2       0.000    
    6900   1.002      0.1452E-03 NODE        1625  -0.0%  0.7468      0.7609E-02   0.000      0.7544       0.000       146.2       0.000    
    7000   1.017      0.1452E-03 NODE        1644  -0.0%  0.8110      0.8018E-02   0.000      0.8190       0.000       146.2       0.000    
    7100   1.031      0.1452E-03 NODE        1668  -0.0%  0.8797      0.8446E-02   0.000      0.8881       0.000       146.2       0.000    
    7200   1.046      0.1452E-03 NODE        1668  -0.0%  0.9530      0.8891E-02   0.000      0.9619       0.000       146.2       0.000    
    7300   1.060      0.1452E-03 NODE        1668  -0.0%   1.031      0.9353E-02   0.000       1.041       0.000       146.2       0.000    
    7400   1.075      0.1452E-03 NODE        1668  -0.0%   1.115      0.9829E-02   0.000       1.124       0.000       146.2       0.000    
    7500   1.089      0.1452E-03 NODE        1668  -0.0%   1.203      0.1032E-01   0.000       1.214       0.000       146.2       0.000    
    7600   1.104      0.1452E-03 NODE        1668  -0.0%   1.298      0.1082E-01   0.000       1.309       0.000       146.2       0.000    
    7700   1.118      0.1452E-03 NODE        1644  -0.0%   1.398      0.1134E-01   0.000       1.410       0.000       146.2       0.000    
    7800   1.133      0.1452E-03 NODE        1668  -0.0%   1.505      0.1188E-01   0.000       1.517       0.000       146.2       0.000    
    7900   1.147      0.1452E-03 NODE        1668  -0.0%   1.618      0.1245E-01   0.000       1.631       0.000       146.2       0.000    
    8000   1.162      0.1452E-03 NODE        1644  -0.0%   1.738      0.1304E-01   0.000       1.751       0.000       146.2       0.000    
    8100   1.176      0.1452E-03 NODE        1668  -0.0%   1.866      0.1365E-01   0.000       1.879       0.000       146.2       0.000    
    8200   1.191      0.1452E-03 NODE        1644  -0.0%   2.000      0.1427E-01   0.000       2.015       0.000       146.2       0.000    
    8300   1.206      0.1452E-03 NODE        1644  -0.0%   2.143      0.1490E-01   0.000       2.158       0.000       146.2       0.000    
    8400   1.220      0.1452E-03 NODE        1644  -0.0%   2.293      0.1554E-01   0.000       2.309       0.000       146.2       0.000    
    8500   1.235      0.1452E-03 NODE        1668  -0.0%   2.453      0.1620E-01   0.000       2.469       0.000       146.2       0.000    
    8600   1.249      0.1452E-03 NODE        1668  -0.0%   2.621      0.1688E-01   0.000       2.637       0.000       146.2       0.000    
    8700   1.264      0.1452E-03 NODE        1668  -0.0%   2.798      0.1759E-01   0.000       2.815       0.000       146.2       0.000    
    8800   1.278      0.1452E-03 NODE        1625  -0.0%   2.985      0.1831E-01   0.000       3.003       0.000       146.2       0.000    
    8900   1.293      0.1452E-03 NODE        1625  -0.0%   3.181      0.1905E-01   0.000       3.200       0.000       146.2       0.000    
    9000   1.307      0.1452E-03 NODE        1625  -0.0%   3.388      0.1981E-01   0.000       3.408       0.000       146.2       0.000    
    9100   1.322      0.1452E-03 NODE        1625  -0.0%   3.606      0.2057E-01   0.000       3.627       0.000       146.2       0.000    
    9200   1.336      0.1452E-03 NODE        1625  -0.0%   3.836      0.2135E-01   0.000       3.857       0.000       146.2       0.000    
    9300   1.351      0.1452E-03 NODE        1625  -0.0%   4.077      0.2215E-01   0.000       4.099       0.000       146.2       0.000    
    9400   1.365      0.1452E-03 NODE        1625  -0.0%   4.330      0.2298E-01   0.000       4.353       0.000       146.2       0.000    
    9500   1.380      0.1452E-03 NODE        1625  -0.0%   4.595      0.2382E-01   0.000       4.619       0.000       146.2       0.000    
    9600   1.394      0.1452E-03 NODE        1625  -0.0%   4.874      0.2472E-01   0.000       4.899       0.000       146.2       0.000    
    9700   1.409      0.1452E-03 NODE        1625  -0.0%   5.166      0.2563E-01   0.000       5.192       0.000       146.2       0.000    
    9800   1.423      0.1452E-03 NODE        1625  -0.0%   5.473      0.2656E-01   0.000       5.499       0.000       146.2       0.000    
    9900   1.438      0.1452E-03 NODE        1625  -0.0%   5.793      0.2750E-01   0.000       5.821       0.000       146.2       0.000    
   CYCLE    TIME      TIME-STEP  ELEMENT          ERROR  I-ENERGY    K-ENERGY T  K-ENERGY R  EXT-WORK     MAS.ERR     TOTAL MASS  MASS ADDED
   10000   1.452      0.1452E-03 NODE        1625  -0.0%   6.129      0.2846E-01   0.000       6.158       0.000       146.2       0.000    
   10100   1.467      0.1452E-03 NODE        1625  -0.0%   6.481      0.2944E-01   0.000       6.510       0.000       146.2       0.000    
   10200   1.481      0.1452E-03 NODE        1668  -0.0%   6.848      0.3045E-01   0.000       6.878       0.000       146.2       0.000    
   10300   1.496      0.1452E-03 NODE        1668  -0.0%   7.232      0.3149E-01   0.000       7.264       0.000       146.2       0.000    
   10400   1.511      0.1452E-03 NODE        1668  -0.0%   7.633      0.3257E-01   0.000       7.666       0.000       146.2       0.000    
   10500   1.525      0.1452E-03 NODE        1668  -0.0%   8.052      0.3367E-01   0.000       8.086       0.000       146.2       0.000    
   10600   1.540      0.1452E-03 NODE        1668  -0.0%   8.490      0.3479E-01   0.000       8.524       0.000       146.2       0.000    
   10700   1.554      0.1452E-03 NODE        1668  -0.0%   8.946      0.3593E-01   0.000       8.982       0.000       146.2       0.000    
   10800   1.569      0.1452E-03 NODE        1668  -0.0%   9.422      0.3709E-01   0.000       9.459       0.000       146.2       0.000    
   10900   1.583      0.1452E-03 NODE        1644  -0.0%   9.918      0.3828E-01   0.000       9.956       0.000       146.2       0.000    
   11000   1.598      0.1452E-03 NODE        1668  -0.0%   10.43      0.3949E-01   0.000       10.47       0.000       146.2       0.000    
   11100   1.612      0.1452E-03 NODE        1668  -0.0%   10.97      0.4074E-01   0.000       11.01       0.000       146.2       0.000    
   11200   1.627      0.1452E-03 NODE        1668  -0.0%   11.53      0.4202E-01   0.000       11.57       0.000       146.2       0.000    
   11300   1.641      0.1452E-03 NODE        1668  -0.0%   12.12      0.4333E-01   0.000       12.16       0.000       146.2       0.000    
   11400   1.656      0.1452E-03 NODE        1668  -0.0%   12.72      0.4466E-01   0.000       12.77       0.000       146.2       0.000    
   11500   1.670      0.1452E-03 NODE        1668  -0.0%   13.35      0.4600E-01   0.000       13.40       0.000       146.2       0.000    
   11600   1.685      0.1452E-03 NODE        1668  -0.0%   14.01      0.4735E-01   0.000       14.06       0.000       146.2       0.000    
   11700   1.699      0.1452E-03 NODE        1668  -0.0%   14.69      0.4872E-01   0.000       14.74       0.000       146.2       0.000    
   11800   1.714      0.1452E-03 NODE        1668  -0.0%   15.40      0.5011E-01   0.000       15.45       0.000       146.2       0.000    
   11900   1.728      0.1452E-03 NODE        1668  -0.0%   16.13      0.5153E-01   0.000       16.18       0.000       146.2       0.000    
   12000   1.743      0.1452E-03 NODE        1625  -0.0%   16.89      0.5298E-01   0.000       16.95       0.000       146.2       0.000    
   12100   1.757      0.1452E-03 NODE        1625  -0.0%   17.68      0.5446E-01   0.000       17.74       0.000       146.2       0.000    
   12200   1.772      0.1452E-03 NODE        1625  -0.0%   18.50      0.5595E-01   0.000       18.56       0.000       146.2       0.000    
   12300   1.787      0.1452E-03 NODE        1625  -0.0%   19.35      0.5745E-01   0.000       19.41       0.000       146.2       0.000    
   12400   1.801      0.1452E-03 NODE        1625  -0.0%   20.24      0.5896E-01   0.000       20.29       0.000       146.2       0.000    
   12500   1.816      0.1452E-03 NODE        1625  -0.0%   21.15      0.6051E-01   0.000       21.21       0.000       146.2       0.000    
   12600   1.830      0.1452E-03 NODE        1625  -0.0%   22.09      0.6208E-01   0.000       22.16       0.000       146.2       0.000    
   12700   1.845      0.1452E-03 NODE        1625  -0.0%   23.07      0.6367E-01   0.000       23.14       0.000       146.2       0.000    
   12800   1.859      0.1452E-03 NODE        1625  -0.0%   24.09      0.6533E-01   0.000       24.15       0.000       146.2       0.000    
   12900   1.874      0.1452E-03 NODE        1625  -0.0%   25.14      0.6702E-01   0.000       25.20       0.000       146.2       0.000    
   13000   1.888      0.1452E-03 NODE        1625  -0.0%   26.22      0.6873E-01   0.000       26.29       0.000       146.2       0.000    
   13100   1.903      0.1452E-03 NODE        1625  -0.0%   27.34      0.7046E-01   0.000       27.41       0.000       146.2       0.000    
   13200   1.917      0.1452E-03 NODE        1625  -0.0%   28.50      0.7221E-01   0.000       28.58       0.000       146.2       0.000    
   13300   1.932      0.1452E-03 NODE        1625  -0.0%   29.70      0.7397E-01   0.000       29.78       0.000       146.2       0.000    
   13400   1.946      0.1452E-03 NODE        1668  -0.0%   30.94      0.7577E-01   0.000       31.02       0.000       146.2       0.000    
   13500   1.961      0.1452E-03 NODE        1668  -0.0%   32.22      0.7761E-01   0.000       32.30       0.000       146.2       0.000    
   13600   1.975      0.1452E-03 NODE        1668  -0.0%   33.54      0.7949E-01   0.000       33.62       0.000       146.2       0.000    
   13700   1.990      0.1452E-03 NODE        1668  -0.0%   34.91      0.8141E-01   0.000       34.99       0.000       146.2       0.000    
   13800   2.004      0.1452E-03 NODE        1668  -0.0%   36.31      0.8336E-01   0.000       36.40       0.000       146.2       0.000    
   13900   2.019      0.1452E-03 NODE        1668  -0.0%   37.76      0.8534E-01   0.000       37.85       0.000       146.2       0.000    
   14000   2.033      0.1452E-03 NODE        1668  -0.0%   39.26      0.8733E-01   0.000       39.35       0.000       146.2       0.000    
   14100   2.048      0.1452E-03 NODE        1668  -0.0%   40.81      0.8934E-01   0.000       40.90       0.000       146.2       0.000    
   14200   2.062      0.1452E-03 NODE        1668  -0.0%   42.40      0.9138E-01   0.000       42.49       0.000       146.2       0.000    
   14300   2.077      0.1452E-03 NODE        1668  -0.0%   44.04      0.9345E-01   0.000       44.13       0.000       146.2       0.000    
   14400   2.092      0.1452E-03 NODE        1668  -0.0%   45.73      0.9557E-01   0.000       45.83       0.000       146.2       0.000    
   14500   2.106      0.1452E-03 NODE        1668  -0.0%   47.47      0.9773E-01   0.000       47.57       0.000       146.2       0.000    
   14600   2.121      0.1452E-03 NODE        1668  -0.0%   49.27      0.9990E-01   0.000       49.37       0.000       146.2       0.000    
   14700   2.135      0.1452E-03 NODE        1668  -0.0%   51.12      0.1021       0.000       51.22       0.000       146.2       0.000    
   14800   2.150      0.1452E-03 NODE        1668  -0.0%   53.02      0.1043       0.000       53.12       0.000       146.2       0.000    
   14900   2.164      0.1452E-03 NODE        1668  -0.0%   54.98      0.1065       0.000       55.08       0.000       146.2       0.000    
   15000   2.179      0.1452E-03 NODE        1668  -0.0%   56.99      0.1087       0.000       57.10       0.000       146.2       0.000    
   15100   2.193      0.1452E-03 NODE        1625  -0.0%   59.06      0.1109       0.000       59.17       0.000       146.2       0.000    
   15200   2.208      0.1452E-03 NODE        1625  -0.0%   61.19      0.1132       0.000       61.30       0.000       146.2       0.000    
   15300   2.222      0.1452E-03 NODE        1625  -0.0%   63.38      0.1155       0.000       63.50       0.000       146.2       0.000    
   15400   2.237      0.1452E-03 NODE        1625  -0.0%   65.63      0.1179       0.000       65.75       0.000       146.2       0.000    
   15500   2.251      0.1452E-03 NODE        1625  -0.0%   67.95      0.1202       0.000       68.07       0.000       146.2       0.000    
   15600   2.266      0.1452E-03 NODE        1625  -0.0%   70.33      0.1226       0.000       70.45       0.000       146.2       0.000    
   15700   2.280      0.1452E-03 NODE        1625  -0.0%   72.77      0.1249       0.000       72.90       0.000       146.2       0.000    
   15800   2.295      0.1452E-03 NODE        1625  -0.0%   75.28      0.1273       0.000       75.41       0.000       146.2       0.000    
   15900   2.309      0.1452E-03 NODE        1625  -0.0%   77.86      0.1297       0.000       77.99       0.000       146.2       0.000    
   16000   2.324      0.1452E-03 NODE        1625  -0.0%   80.50      0.1322       0.000       80.64       0.000       146.2       0.000    
   16100   2.338      0.1452E-03 NODE        1625  -0.0%   83.22      0.1348       0.000       83.36       0.000       146.2       0.000    
   16200   2.353      0.1452E-03 NODE        1625  -0.0%   86.01      0.1373       0.000       86.15       0.000       146.2       0.000    
   16300   2.367      0.1452E-03 NODE        1625  -0.0%   88.87      0.1399       0.000       89.01       0.000       146.2       0.000    
   16400   2.382      0.1452E-03 NODE        1625  -0.0%   91.81      0.1425       0.000       91.95       0.000       146.2       0.000    
   16500   2.397      0.1452E-03 NODE        1668  -0.0%   94.82      0.1451       0.000       94.96       0.000       146.2       0.000    
   16600   2.411      0.1452E-03 NODE        1668  -0.0%   97.90      0.1477       0.000       98.05       0.000       146.2       0.000    
   16700   2.426      0.1452E-03 NODE        1668  -0.0%   101.1      0.1504       0.000       101.2       0.000       146.2       0.000    
   16800   2.440      0.1452E-03 NODE        1668  -0.0%   104.3      0.1531       0.000       104.5       0.000       146.2       0.000    
   16900   2.455      0.1452E-03 NODE        1668  -0.0%   107.6      0.1559       0.000       107.8       0.000       146.2       0.000    
   17000   2.469      0.1452E-03 NODE        1668  -0.0%   111.0      0.1587       0.000       111.2       0.000       146.2       0.000    
   17100   2.484      0.1452E-03 NODE        1668  -0.0%   114.5      0.1615       0.000       114.7       0.000       146.2       0.000    
   17200   2.498      0.1452E-03 NODE        1668  -0.0%   118.1      0.1644       0.000       118.3       0.000       146.2       0.000    
   17300   2.513      0.1452E-03 NODE        1668  -0.0%   121.8      0.1672       0.000       121.9       0.000       146.2       0.000    
   17400   2.527      0.1452E-03 NODE        1668  -0.0%   125.5      0.1701       0.000       125.7       0.000       146.2       0.000    
   17500   2.542      0.1452E-03 NODE        1668  -0.0%   129.4      0.1730       0.000       129.5       0.000       146.2       0.000    
   17600   2.556      0.1452E-03 NODE        1668  -0.0%   133.3      0.1760       0.000       133.5       0.000       146.2       0.000    
   17700   2.571      0.1452E-03 NODE        1668  -0.0%   137.3      0.1789       0.000       137.5       0.000       146.2       0.000    
   17800   2.585      0.1452E-03 NODE        1668  -0.0%   141.4      0.1820       0.000       141.6       0.000       146.2       0.000    
   17900   2.600      0.1452E-03 NODE        1668  -0.0%   145.6      0.1850       0.000       145.8       0.000       146.2       0.000    
   18000   2.614      0.1452E-03 NODE        1668  -0.0%   150.0      0.1880       0.000       150.1       0.000       146.2       0.000    
   18100   2.629      0.1452E-03 NODE        1668  -0.0%   154.4      0.1910       0.000       154.6       0.000       146.2       0.000    
   18200   2.643      0.1452E-03 NODE        1668  -0.0%   158.9      0.1940       0.000       159.1       0.000       146.2       0.000    
   18300   2.658      0.1452E-03 NODE        1625  -0.0%   163.5      0.1970       0.000       163.7       0.000       146.2       0.000    
   18400   2.673      0.1452E-03 NODE        1625  -0.0%   168.2      0.2001       0.000       168.4       0.000       146.2       0.000    
   18500   2.687      0.1452E-03 NODE        1625  -0.0%   173.0      0.2032       0.000       173.2       0.000       146.2       0.000    
   18600   2.702      0.1452E-03 NODE        1625  -0.0%   177.9      0.2063       0.000       178.1       0.000       146.2       0.000    
   18700   2.716      0.1452E-03 NODE        1625  -0.0%   182.9      0.2094       0.000       183.2       0.000       146.2       0.000    
   18800   2.731      0.1452E-03 NODE        1625  -0.0%   188.1      0.2125       0.000       188.3       0.000       146.2       0.000    
   18900   2.745      0.1452E-03 NODE        1625  -0.0%   193.3      0.2157       0.000       193.5       0.000       146.2       0.000    
   19000   2.760      0.1452E-03 NODE        1625  -0.0%   198.7      0.2188       0.000       198.9       0.000       146.2       0.000    
   19100   2.774      0.1452E-03 NODE        1625  -0.0%   204.2      0.2220       0.000       204.4       0.000       146.2       0.000    
   19200   2.789      0.1452E-03 NODE        1625  -0.0%   209.8      0.2253       0.000       210.0       0.000       146.2       0.000    
   19300   2.803      0.1452E-03 NODE        1625  -0.0%   215.5      0.2285       0.000       215.7       0.000       146.2       0.000    
   19400   2.818      0.1452E-03 NODE        1625  -0.0%   221.3      0.2318       0.000       221.5       0.000       146.2       0.000    
   19500   2.832      0.1452E-03 NODE        1625  -0.0%   227.2      0.2352       0.000       227.5       0.000       146.2       0.000    
   19600   2.847      0.1452E-03 NODE        1625  -0.0%   233.3      0.2385       0.000       233.5       0.000       146.2       0.000    
   19700   2.861      0.1452E-03 NODE        1668  -0.0%   239.5      0.2419       0.000       239.7       0.000       146.2       0.000    
   19800   2.876      0.1452E-03 NODE        1668  -0.0%   245.8      0.2452       0.000       246.1       0.000       146.2       0.000    
   19900   2.890      0.1452E-03 NODE        1668  -0.0%   252.2      0.2486       0.000       252.5       0.000       146.2       0.000    
   CYCLE    TIME      TIME-STEP  ELEMENT          ERROR  I-ENERGY    K-ENERGY T  K-ENERGY R  EXT-WORK     MAS.ERR     TOTAL MASS  MASS ADDED
   20000   2.905      0.1452E-03 NODE        1668  -0.0%   258.8      0.2521       0.000       259.1       0.000       146.2       0.000    
   20100   2.919      0.1452E-03 NODE        1668  -0.0%   265.5      0.2556       0.000       265.8       0.000       146.2       0.000    
   20200   2.934      0.1452E-03 NODE        1668  -0.0%   272.4      0.2591       0.000       272.6       0.000       146.2       0.000    
   20300   2.948      0.1452E-03 NODE        1668  -0.0%   279.3      0.2626       0.000       279.6       0.000       146.2       0.000    
   20400   2.963      0.1452E-03 NODE        1668  -0.0%   286.4      0.2662       0.000       286.7       0.000       146.2       0.000    
   20500   2.978      0.1452E-03 NODE        1668  -0.0%   293.7      0.2698       0.000       293.9       0.000       146.2       0.000    
   20600   2.992      0.1452E-03 NODE        1668  -0.0%   301.0      0.2733       0.000       301.3       0.000       146.2       0.000    
   20700   3.007      0.1452E-03 NODE        1668  -0.0%   308.6      0.2769       0.000       308.8       0.000       146.2       0.000    
   20800   3.021      0.1452E-03 NODE        1668  -0.0%   316.2      0.2805       0.000       316.5       0.000       146.2       0.000    
   20900   3.036      0.1452E-03 NODE        1668  -0.0%   324.0      0.2841       0.000       324.3       0.000       146.2       0.000    
   21000   3.050      0.1452E-03 NODE        1668  -0.0%   332.0      0.2878       0.000       332.3       0.000       146.2       0.000    
   21100   3.065      0.1452E-03 NODE        1668  -0.0%   340.1      0.2915       0.000       340.4       0.000       146.2       0.000    
   21200   3.079      0.1452E-03 NODE        1668  -0.0%   348.3      0.2951       0.000       348.6       0.000       146.2       0.000    
   21300   3.094      0.1452E-03 NODE        1668  -0.0%   356.7      0.2988       0.000       357.0       0.000       146.2       0.000    
   21400   3.108      0.1452E-03 NODE        1625  -0.0%   365.3      0.3024       0.000       365.6       0.000       146.2       0.000    
   21500   3.123      0.1452E-03 NODE        1625  -0.0%   374.0      0.3060       0.000       374.3       0.000       146.2       0.000    
   21600   3.137      0.1452E-03 NODE        1625  -0.0%   382.8      0.3096       0.000       383.1       0.000       146.2       0.000    
   21700   3.152      0.1452E-03 NODE        1625  -0.0%   391.8      0.3133       0.000       392.2       0.000       146.2       0.000    
   21800   3.166      0.1452E-03 NODE        1625  -0.0%   401.0      0.3170       0.000       401.3       0.000       146.2       0.000    
   21900   3.181      0.1452E-03 NODE        1625  -0.0%   410.4      0.3207       0.000       410.7       0.000       146.2       0.000    
   22000   3.195      0.1452E-03 NODE        1625  -0.0%   419.9      0.3244       0.000       420.2       0.000       146.2       0.000    
   22100   3.210      0.1452E-03 NODE        1625  -0.0%   429.5      0.3281       0.000       429.8       0.000       146.2       0.000    
   22200   3.224      0.1452E-03 NODE        1625  -0.0%   439.4      0.3318       0.000       439.7       0.000       146.2       0.000    
   22300   3.239      0.1452E-03 NODE        1625  -0.0%   449.4      0.3356       0.000       449.7       0.000       146.2       0.000    
   22400   3.253      0.1452E-03 NODE        1625  -0.0%   459.5      0.3393       0.000       459.9       0.000       146.2       0.000    
   22500   3.268      0.1452E-03 NODE        1625  -0.0%   469.9      0.3431       0.000       470.2       0.000       146.2       0.000    
   22600   3.283      0.1452E-03 NODE        1625  -0.0%   480.4      0.3469       0.000       480.7       0.000       146.2       0.000    
   22700   3.297      0.1452E-03 NODE        1625  -0.0%   491.1      0.3508       0.000       491.4       0.000       146.2       0.000    
   22800   3.312      0.1452E-03 NODE        1668  -0.0%   502.0      0.3546       0.000       502.3       0.000       146.2       0.000    
   22900   3.326      0.1452E-03 NODE        1668  -0.0%   513.0      0.3585       0.000       513.4       0.000       146.2       0.000    
   23000   3.341      0.1452E-03 NODE        1668  -0.0%   524.2      0.3624       0.000       524.6       0.000       146.2       0.000    
   23100   3.355      0.1452E-03 NODE        1668  -0.0%   535.6      0.3662       0.000       536.0       0.000       146.2       0.000    
   23200   3.370      0.1452E-03 NODE        1668  -0.0%   547.2      0.3701       0.000       547.6       0.000       146.2       0.000    
   23300   3.384      0.1452E-03 NODE        1668  -0.0%   559.0      0.3740       0.000       559.4       0.000       146.2       0.000    
   23400   3.399      0.1452E-03 NODE        1668  -0.0%   571.0      0.3780       0.000       571.4       0.000       146.2       0.000    
   23500   3.413      0.1452E-03 NODE        1668  -0.0%   583.2      0.3820       0.000       583.5       0.000       146.2       0.000    
   23600   3.428      0.1452E-03 NODE        1668  -0.0%   595.5      0.3860       0.000       595.9       0.000       146.2       0.000    
   23700   3.442      0.1452E-03 NODE        1668  -0.0%   608.1      0.3900       0.000       608.4       0.000       146.2       0.000    
   23800   3.457      0.1452E-03 NODE        1668  -0.0%   620.8      0.3940       0.000       621.2       0.000       146.2       0.000    
   23900   3.471      0.1452E-03 NODE        1668  -0.0%   633.7      0.3980       0.000       634.1       0.000       146.2       0.000    
   24000   3.486      0.1452E-03 NODE        1668  -0.0%   646.9      0.4020       0.000       647.3       0.000       146.2       0.000    
   24100   3.500      0.1452E-03 NODE        1668  -0.0%   660.2      0.4059       0.000       660.6       0.000       146.2       0.000    
   24200   3.515      0.1452E-03 NODE        1668  -0.0%   673.7      0.4099       0.000       674.2       0.000       146.2       0.000    
   24300   3.529      0.1452E-03 NODE        1668  -0.0%   687.5      0.4140       0.000       687.9       0.000       146.2       0.000    
   24400   3.544      0.1452E-03 NODE        1668  -0.0%   701.4      0.4180       0.000       701.9       0.000       146.2       0.000    
   24500   3.558      0.1452E-03 NODE        1668  -0.0%   715.6      0.4220       0.000       716.0       0.000       146.2       0.000    
   24600   3.573      0.1452E-03 NODE        1625  -0.0%   730.0      0.4259       0.000       730.4       0.000       146.2       0.000    
   24700   3.588      0.1452E-03 NODE        1625  -0.0%   744.5      0.4298       0.000       745.0       0.000       146.2       0.000    
   24800   3.602      0.1452E-03 NODE        1625  -0.0%   759.3      0.4337       0.000       759.8       0.000       146.2       0.000    
   24900   3.617      0.1452E-03 NODE        1625  -0.0%   774.3      0.4376       0.000       774.8       0.000       146.2       0.000    
   25000   3.631      0.1452E-03 NODE        1625  -0.0%   789.5      0.4416       0.000       790.0       0.000       146.2       0.000    
   25100   3.646      0.1452E-03 NODE        1625  -0.0%   805.0      0.4455       0.000       805.4       0.000       146.2       0.000    
   25200   3.660      0.1452E-03 NODE        1625  -0.0%   820.6      0.4495       0.000       821.1       0.000       146.2       0.000    
   25300   3.675      0.1452E-03 NODE        1625  -0.0%   836.5      0.4535       0.000       837.0       0.000       146.2       0.000    
   25400   3.689      0.1452E-03 NODE        1625  -0.0%   852.6      0.4575       0.000       853.1       0.000       146.2       0.000    
   25500   3.704      0.1452E-03 NODE        1625  -0.0%   869.0      0.4614       0.000       869.4       0.000       146.2       0.000    
   25600   3.718      0.1452E-03 NODE        1625  -0.0%   885.5      0.4653       0.000       886.0       0.000       146.2       0.000    
   25700   3.733      0.1452E-03 NODE        1625  -0.0%   902.3      0.4693       0.000       902.8       0.000       146.2       0.000    
   25800   3.747      0.1452E-03 NODE        1625  -0.0%   919.3      0.4733       0.000       919.8       0.000       146.2       0.000    
   25900   3.762      0.1452E-03 NODE        1625  -0.0%   936.6      0.4773       0.000       937.1       0.000       146.2       0.000    
   26000   3.776      0.1452E-03 NODE        1668  -0.0%   954.1      0.4814       0.000       954.5       0.000       146.2       0.000    
   26100   3.791      0.1452E-03 NODE        1668  -0.0%   971.8      0.4854       0.000       972.3       0.000       146.2       0.000    
   26200   3.805      0.1452E-03 NODE        1668  -0.0%   989.7      0.4894       0.000       990.2       0.000       146.2       0.000    
   26300   3.820      0.1452E-03 NODE        1668  -0.0%   1008.      0.4934       0.000       1008.       0.000       146.2       0.000    
   26400   3.834      0.1452E-03 NODE        1668  -0.0%   1026.      0.4974       0.000       1027.       0.000       146.2       0.000    
   26500   3.849      0.1452E-03 NODE        1668  -0.0%   1045.      0.5014       0.000       1046.       0.000       146.2       0.000    
   26600   3.864      0.1452E-03 NODE        1668  -0.0%   1064.      0.5055       0.000       1064.       0.000       146.2       0.000    
   26700   3.878      0.1452E-03 NODE        1668  -0.0%   1083.      0.5096       0.000       1084.       0.000       146.2       0.000    
   26800   3.893      0.1452E-03 NODE        1668  -0.0%   1103.      0.5136       0.000       1103.       0.000       146.2       0.000    
   26900   3.907      0.1452E-03 NODE        1668  -0.0%   1122.      0.5177       0.000       1123.       0.000       146.2       0.000    
   27000   3.922      0.1452E-03 NODE        1668  -0.0%   1142.      0.5218       0.000       1143.       0.000       146.2       0.000    
   27100   3.936      0.1452E-03 NODE        1668  -0.0%   1162.      0.5258       0.000       1163.       0.000       146.2       0.000    
   27200   3.951      0.1452E-03 NODE        1668  -0.0%   1183.      0.5298       0.000       1183.       0.000       146.2       0.000    
   27300   3.965      0.1452E-03 NODE        1668  -0.0%   1203.      0.5337       0.000       1204.       0.000       146.2       0.000    
   27400   3.980      0.1452E-03 NODE        1668  -0.0%   1224.      0.5377       0.000       1225.       0.000       146.2       0.000    
   27500   3.994      0.1452E-03 NODE        1668  -0.0%   1245.      0.5417       0.000       1246.       0.000       146.2       0.000    
   27600   4.009      0.1452E-03 NODE        1668  -0.0%   1267.      0.5456       0.000       1267.       0.000       146.2       0.000    
   27700   4.023      0.1452E-03 NODE        1625  -0.0%   1289.      0.5496       0.000       1289.       0.000       146.2       0.000    
   27800   4.038      0.1452E-03 NODE        1625  -0.0%   1311.      0.5535       0.000       1311.       0.000       146.2       0.000    
   27900   4.052      0.1452E-03 NODE        1625  -0.0%   1333.      0.5574       0.000       1333.       0.000       146.2       0.000    
   28000   4.067      0.1452E-03 NODE        1625  -0.0%   1355.      0.5612       0.000       1356.       0.000       146.2       0.000    
   28100   4.081      0.1452E-03 NODE        1625  -0.0%   1378.      0.5650       0.000       1379.       0.000       146.2       0.000    
   28200   4.096      0.1452E-03 NODE        1625  -0.0%   1401.      0.5688       0.000       1402.       0.000       146.2       0.000    
   28300   4.110      0.1452E-03 NODE        1625  -0.0%   1424.      0.5726       0.000       1425.       0.000       146.2       0.000    
   28400   4.125      0.1452E-03 NODE        1625  -0.0%   1448.      0.5765       0.000       1449.       0.000       146.2       0.000    
   28500   4.139      0.1452E-03 NODE        1625  -0.0%   1472.      0.5803       0.000       1472.       0.000       146.2       0.000    
   28600   4.154      0.1452E-03 NODE        1625  -0.0%   1496.      0.5842       0.000       1497.       0.000       146.2       0.000    
   28700   4.169      0.1452E-03 NODE        1625  -0.0%   1520.      0.5880       0.000       1521.       0.000       146.2       0.000    
   28800   4.183      0.1452E-03 NODE        1625  -0.0%   1545.      0.5917       0.000       1546.       0.000       146.2       0.000    
   28900   4.198      0.1452E-03 NODE        1625  -0.0%   1570.      0.5955       0.000       1571.       0.000       146.2       0.000    
   29000   4.212      0.1452E-03 NODE        1625  -0.0%   1595.      0.5992       0.000       1596.       0.000       146.2       0.000    
   29100   4.227      0.1452E-03 NODE        1668  -0.0%   1621.      0.6030       0.000       1621.       0.000       146.2       0.000    
   29200   4.241      0.1452E-03 NODE        1668  -0.0%   1647.      0.6068       0.000       1647.       0.000       146.2       0.000    
   29300   4.256      0.1452E-03 NODE        1668  -0.0%   1673.      0.6107       0.000       1673.       0.000       146.2       0.000    
   29400   4.270      0.1452E-03 NODE        1668  -0.0%   1699.      0.6145       0.000       1700.       0.000       146.2       0.000    
   29500   4.285      0.1452E-03 NODE        1668  -0.0%   1726.      0.6182       0.000       1726.       0.000       146.2       0.000    
   29600   4.299      0.1452E-03 NODE        1668  -0.0%   1753.      0.6219       0.000       1753.       0.000       146.2       0.000    
   29700   4.314      0.1452E-03 NODE        1668  -0.0%   1780.      0.6257       0.000       1781.       0.000       146.2       0.000    
   29800   4.328      0.1452E-03 NODE        1668  -0.0%   1808.      0.6294       0.000       1808.       0.000       146.2       0.000    
   29900   4.343      0.1452E-03 NODE        1668  -0.0%   1835.      0.6331       0.000       1836.       0.000       146.2       0.000    
   CYCLE    TIME      TIME-STEP  ELEMENT          ERROR  I-ENERGY    K-ENERGY T  K-ENERGY R  EXT-WORK     MAS.ERR     TOTAL MASS  MASS ADDED
   30000   4.357      0.1452E-03 NODE        1668  -0.0%   1864.      0.6368       0.000       1864.       0.000       146.2       0.000    
   30100   4.372      0.1452E-03 NODE        1668  -0.0%   1892.      0.6406       0.000       1893.       0.000       146.2       0.000    
   30200   4.386      0.1452E-03 NODE        1668  -0.0%   1921.      0.6443       0.000       1921.       0.000       146.2       0.000    
   30300   4.401      0.1452E-03 NODE        1668  -0.0%   1950.      0.6480       0.000       1950.       0.000       146.2       0.000    
   30400   4.415      0.1452E-03 NODE        1668  -0.0%   1979.      0.6516       0.000       1980.       0.000       146.2       0.000    
   30500   4.430      0.1452E-03 NODE        1668  -0.0%   2009.      0.6551       0.000       2009.       0.000       146.2       0.000    
   30600   4.444      0.1452E-03 NODE        1668  -0.0%   2039.      0.6586       0.000       2039.       0.000       146.2       0.000    
   30700   4.459      0.1452E-03 NODE        1668  -0.0%   2069.      0.6622       0.000       2069.       0.000       146.2       0.000    
   30800   4.474      0.1452E-03 NODE        1668  -0.0%   2099.      0.6657       0.000       2100.       0.000       146.2       0.000    
   30900   4.488      0.1452E-03 NODE        1625  -0.0%   2130.      0.6692       0.000       2131.       0.000       146.2       0.000    
   31000   4.503      0.1452E-03 NODE        1625  -0.0%   2161.      0.6727       0.000       2162.       0.000       146.2       0.000    
   31100   4.517      0.1452E-03 NODE        1625  -0.0%   2193.      0.6761       0.000       2193.       0.000       146.2       0.000    
   31200   4.532      0.1452E-03 NODE        1625  -0.0%   2224.      0.6795       0.000       2225.       0.000       146.2       0.000    
   31300   4.546      0.1452E-03 NODE        1625  -0.0%   2257.      0.6828       0.000       2257.       0.000       146.2       0.000    
   31400   4.561      0.1452E-03 NODE        1625  -0.0%   2289.      0.6861       0.000       2290.       0.000       146.2       0.000    
   31500   4.575      0.1452E-03 NODE        1625  -0.0%   2322.      0.6894       0.000       2322.       0.000       146.2       0.000    
   31600   4.590      0.1452E-03 NODE        1625  -0.0%   2355.      0.6927       0.000       2355.       0.000       146.2       0.000    
   31700   4.604      0.1452E-03 NODE        1625  -0.0%   2388.      0.6961       0.000       2389.       0.000       146.2       0.000    
   31800   4.619      0.1452E-03 NODE        1625  -0.0%   2422.      0.6994       0.000       2422.       0.000       146.2       0.000    
   31900   4.633      0.1452E-03 NODE        1625  -0.0%   2455.      0.7035       0.000       2456.       0.000       146.2       0.000    
   32000   4.648      0.1452E-03 NODE        1625  -0.0%   2490.      0.7102       0.000       2490.       0.000       146.2       0.000    
   32100   4.662      0.1452E-03 NODE        1625  -0.0%   2524.      0.7134       0.000       2525.       0.000       146.2       0.000    
   32200   4.677      0.1452E-03 NODE        1625  -0.0%   2559.      0.7126       0.000       2560.       0.000       146.2       0.000    
   32300   4.691      0.1452E-03 NODE        1668  -0.0%   2594.      0.7155       0.000       2595.       0.000       146.2       0.000    
   32400   4.706      0.1452E-03 NODE        1668  -0.0%   2630.      0.7216       0.000       2631.       0.000       146.2       0.000    
   32500   4.720      0.1452E-03 NODE        1668  -0.0%   2666.      0.7265       0.000       2666.       0.000       146.2       0.000    
   32600   4.735      0.1452E-03 NODE        1668  -0.0%   2702.      0.7278       0.000       2703.       0.000       146.2       0.000    
   32700   4.749      0.1452E-03 NODE        1668  -0.0%   2738.      0.7270       0.000       2739.       0.000       146.2       0.000    
   32800   4.764      0.1452E-03 NODE        1668  -0.0%   2775.      0.7333       0.000       2776.       0.000       146.2       0.000    
   32900   4.779      0.1452E-03 NODE        1668  -0.0%   2812.      0.7386       0.000       2813.       0.000       146.2       0.000    
   33000   4.793      0.1452E-03 NODE        1668  -0.0%   2850.      0.7410       0.000       2850.       0.000       146.2       0.000    
   33100   4.808      0.1452E-03 NODE        1668  -0.0%   2887.      0.7410       0.000       2888.       0.000       146.2       0.000    
   33200   4.822      0.1452E-03 NODE        1668  -0.0%   2925.      0.7427       0.000       2926.       0.000       146.2       0.000    
   33300   4.837      0.1452E-03 NODE        1668  -0.0%   2964.      0.7505       0.000       2965.       0.000       146.2       0.000    
   33400   4.851      0.1452E-03 NODE        1668  -0.0%   3003.      0.7540       0.000       3003.       0.000       146.2       0.000    
   33500   4.866      0.1452E-03 NODE        1668  -0.0%   3042.      0.7538       0.000       3042.       0.000       146.2       0.000    
   33600   4.880      0.1452E-03 NODE        1668  -0.0%   3081.      0.7549       0.000       3082.       0.000       146.2       0.000    
   33700   4.895      0.1452E-03 NODE        1668  -0.0%   3121.      0.7594       0.000       3121.       0.000       146.2       0.000    
   33800   4.909      0.1452E-03 NODE        1668  -0.0%   3161.      0.7661       0.000       3161.       0.000       146.2       0.000    
   33900   4.924      0.1452E-03 NODE        1668  -0.0%   3201.      0.7666       0.000       3202.       0.000       146.2       0.000    
   34000   4.938      0.1452E-03 NODE        1668  -0.0%   3242.      0.7657       0.000       3242.       0.000       146.2       0.000    
   34100   4.953      0.1452E-03 NODE        1625  -0.0%   3283.      0.7697       0.000       3283.       0.000       146.2       0.000    
   34200   4.967      0.1452E-03 NODE        1625  -0.0%   3324.      0.7752       0.000       3325.       0.000       146.2       0.000    
   34300   4.982      0.1452E-03 NODE        1625  -0.0%   3366.      0.7794       0.000       3366.       0.000       146.2       0.000    
   34400   4.996      0.1452E-03 NODE        1625  -0.0%   3408.      0.7774       0.000       3408.       0.000       146.2       0.000    
   34500   5.011      0.1452E-03 NODE        1625  -0.0%   3450.      0.7787       0.000       3451.       0.000       146.2       0.000    
   34600   5.025      0.1452E-03 NODE        1625  -0.0%   3492.      0.7848       0.000       3493.       0.000       146.2       0.000    
   34700   5.040      0.1452E-03 NODE        1625  -0.0%   3535.      0.7885       0.000       3536.       0.000       146.2       0.000    
   34800   5.054      0.1452E-03 NODE        1625  -0.0%   3579.      0.7899       0.000       3580.       0.000       146.2       0.000    
   34900   5.069      0.1452E-03 NODE        1625  -0.0%   3622.      0.7882       0.000       3623.       0.000       146.2       0.000    
   35000   5.084      0.1452E-03 NODE        1625  -0.0%   3666.      0.7924       0.000       3667.       0.000       146.2       0.000    
   35100   5.098      0.1452E-03 NODE        1625  -0.0%   3711.      0.7988       0.000       3711.       0.000       146.2       0.000    
   35200   5.113      0.1452E-03 NODE        1625  -0.0%   3755.      0.7999       0.000       3756.       0.000       146.2       0.000    
   35300   5.127      0.1452E-03 NODE        1625  -0.0%   3800.      0.7997       0.000       3801.       0.000       146.2       0.000    
   35400   5.142      0.1452E-03 NODE        1668  -0.0%   3845.      0.8002       0.000       3846.       0.000       146.2       0.000    
   35500   5.156      0.1452E-03 NODE        1668  -0.0%   3891.      0.8061       0.000       3892.       0.000       146.2       0.000    
   35600   5.171      0.1452E-03 NODE        1668  -0.0%   3937.      0.8106       0.000       3938.       0.000       146.2       0.000    
   35700   5.185      0.1452E-03 NODE        1668  -0.0%   3983.      0.8093       0.000       3984.       0.000       146.2       0.000    
   35800   5.200      0.1452E-03 NODE        1668  -0.0%   4030.      0.8094       0.000       4031.       0.000       146.2       0.000    
   35900   5.214      0.1452E-03 NODE        1668  -0.0%   4077.      0.8131       0.000       4077.       0.000       146.2       0.000    
   36000   5.229      0.1452E-03 NODE        1668  -0.0%   4124.      0.8187       0.000       4125.       0.000       146.2       0.000    
   36100   5.243      0.1452E-03 NODE        1668  -0.0%   4172.      0.8204       0.000       4172.       0.000       146.2       0.000    
   36200   5.258      0.1452E-03 NODE        1668  -0.0%   4219.      0.8174       0.000       4220.       0.000       146.2       0.000    
   36300   5.272      0.1452E-03 NODE        1668  -0.0%   4268.      0.8207       0.000       4268.       0.000       146.2       0.000    
   36400   5.287      0.1452E-03 NODE        1668  -0.0%   4316.      0.8249       0.000       4317.       0.000       146.2       0.000    
   36500   5.301      0.1452E-03 NODE        1668  -0.0%   4365.      0.8292       0.000       4366.       0.000       146.2       0.000    
   36600   5.316      0.1452E-03 NODE        1668  -0.0%   4414.      0.8277       0.000       4415.       0.000       146.2       0.000    
   36700   5.330      0.1452E-03 NODE        1668  -0.0%   4464.      0.8266       0.000       4465.       0.000       146.2       0.000    
   36800   5.345      0.1452E-03 NODE        1668  -0.0%   4514.      0.8320       0.000       4515.       0.000       146.2       0.000    
   36900   5.359      0.1452E-03 NODE        1668  -0.0%   4564.      0.8362       0.000       4565.       0.000       146.2       0.000    
   37000   5.374      0.1452E-03 NODE        1668  -0.0%   4615.      0.8364       0.000       4615.       0.000       146.2       0.000    
   37100   5.389      0.1452E-03 NODE        1668  -0.0%   4665.      0.8347       0.000       4666.       0.000       146.2       0.000    
   37200   5.403      0.1452E-03 NODE        1625  -0.0%   4717.      0.8361       0.000       4717.       0.000       146.2       0.000    
   37300   5.418      0.1452E-03 NODE        1625  -0.0%   4768.      0.8425       0.000       4769.       0.000       146.2       0.000    
   37400   5.432      0.1452E-03 NODE        1625  -0.0%   4820.      0.8440       0.000       4821.       0.000       146.2       0.000    
   37500   5.447      0.1452E-03 NODE        1625  -0.0%   4872.      0.8420       0.000       4873.       0.000       146.2       0.000    
   37600   5.461      0.1452E-03 NODE        1625  -0.0%   4925.      0.8424       0.000       4926.       0.000       146.2       0.000    
   37700   5.476      0.1452E-03 NODE        1625  -0.0%   4978.      0.8458       0.000       4978.       0.000       146.2       0.000    
   37800   5.490      0.1452E-03 NODE        1625  -0.0%   5031.      0.8512       0.000       5032.       0.000       146.2       0.000    
   37900   5.505      0.1452E-03 NODE        1625  -0.0%   5084.      0.8489       0.000       5085.       0.000       146.2       0.000    
   38000   5.519      0.1452E-03 NODE        1625  -0.0%   5138.      0.8478       0.000       5139.       0.000       146.2       0.000    
   38100   5.534      0.1452E-03 NODE        1625  -0.0%   5192.      0.8499       0.000       5193.       0.000       146.2       0.000    
   38200   5.548      0.1452E-03 NODE        1625  -0.0%   5247.      0.8547       0.000       5247.       0.000       146.2       0.000    
   38300   5.563      0.1452E-03 NODE        1625  -0.0%   5301.      0.8567       0.000       5302.       0.000       146.2       0.000    
   38400   5.577      0.1452E-03 NODE        1625  -0.0%   5356.      0.8534       0.000       5357.       0.000       146.2       0.000    
   38500   5.592      0.1452E-03 NODE        1625  -0.0%   5412.      0.8536       0.000       5413.       0.000       146.2       0.000    
   38600   5.606      0.1452E-03 NODE        1668  -0.0%   5468.      0.8586       0.000       5469.       0.000       146.2       0.000    
   38700   5.621      0.1452E-03 NODE        1668  -0.0%   5524.      0.8609       0.000       5525.       0.000       146.2       0.000    
   38800   5.635      0.1452E-03 NODE        1668  -0.0%   5580.      0.8601       0.000       5581.       0.000       146.2       0.000    
   38900   5.650      0.1452E-03 NODE        1668  -0.0%   5637.      0.8573       0.000       5638.       0.000       146.2       0.000    
   39000   5.664      0.1452E-03 NODE        1668  -0.0%   5694.      0.8604       0.000       5695.       0.000       146.2       0.000    
   39100   5.679      0.1452E-03 NODE        1668  -0.0%   5751.      0.8654       0.000       5752.       0.000       146.2       0.000    
   39200   5.694      0.1452E-03 NODE        1668  -0.0%   5809.      0.8646       0.000       5810.       0.000       146.2       0.000    
   39300   5.708      0.1452E-03 NODE        1668  -0.0%   5867.      0.8628       0.000       5868.       0.000       146.2       0.000    
   39400   5.723      0.1452E-03 NODE        1668  -0.0%   5925.      0.8621       0.000       5926.       0.000       146.2       0.000    
   39500   5.737      0.1452E-03 NODE        1668  -0.0%   5984.      0.8678       0.000       5984.       0.000       146.2       0.000    
   39600   5.752      0.1452E-03 NODE        1668  -0.0%   6043.      0.8700       0.000       6043.       0.000       146.2       0.000    
   39700   5.766      0.1452E-03 NODE        1668  -0.0%   6102.      0.8668       0.000       6103.       0.000       146.2       0.000    
   39800   5.781      0.1452E-03 NODE        1668  -0.0%   6161.      0.8653       0.000       6162.       0.000       146.2       0.000    
   39900   5.795      0.1452E-03 NODE        1668  -0.0%   6221.      0.8680       0.000       6222.       0.000       146.2       0.000    
   CYCLE    TIME      TIME-STEP  ELEMENT          ERROR  I-ENERGY    K-ENERGY T  K-ENERGY R  EXT-WORK     MAS.ERR     TOTAL MASS  MASS ADDED
   40000   5.810      0.1452E-03 NODE        1668  -0.0%   6281.      0.8725       0.000       6282.       0.000       146.2       0.000    
   40100   5.824      0.1452E-03 NODE        1668  -0.0%   6342.      0.8718       0.000       6343.       0.000       146.2       0.000    
   40200   5.839      0.1452E-03 NODE        1668  -0.0%   6402.      0.8673       0.000       6403.       0.000       146.2       0.000    
   40300   5.853      0.1452E-03 NODE        1668  -0.0%   6463.      0.8690       0.000       6464.       0.000       146.2       0.000    
   40400   5.868      0.1452E-03 NODE        1625  -0.0%   6525.      0.8726       0.000       6526.       0.000       146.2       0.000    
   40500   5.882      0.1452E-03 NODE        1625  -0.0%   6586.      0.8743       0.000       6587.       0.000       146.2       0.000    
   40600   5.897      0.1452E-03 NODE        1625  -0.0%   6648.      0.8714       0.000       6649.       0.000       146.2       0.000    
   40700   5.911      0.1452E-03 NODE        1625  -0.0%   6711.      0.8683       0.000       6711.       0.000       146.2       0.000    
   40800   5.926      0.1452E-03 NODE        1625  -0.0%   6773.      0.8729       0.000       6774.       0.000       146.2       0.000    
   40900   5.940      0.1452E-03 NODE        1625  -0.0%   6836.      0.8754       0.000       6837.       0.000       146.2       0.000    
   41000   5.955      0.1452E-03 NODE        1625  -0.0%   6899.      0.8740       0.000       6900.       0.000       146.2       0.000    
   41100   5.969      0.1452E-03 NODE        1625  -0.0%   6963.      0.8700       0.000       6963.       0.000       146.2       0.000    
   41200   5.984      0.1452E-03 NODE        1625  -0.0%   7026.      0.8706       0.000       7027.       0.000       146.2       0.000    
   41300   5.999      0.1452E-03 NODE        1625  -0.0%   7090.      0.8762       0.000       7091.       0.000       146.2       0.000    
   41400   6.013      0.1452E-03 NODE        1668  -0.0%   7155.      0.8790       0.000       7155.       0.000       146.2       0.000    
   41500   6.028      0.1452E-03 NODE        1668  -0.0%   7219.      0.8748       0.000       7220.       0.000       146.2       0.000    
   41600   6.042      0.1452E-03 NODE        1624  -0.0%   7284.      0.8702       0.000       7285.       0.000       146.2       0.000    
   41700   6.057      0.1452E-03 NODE        1624  -0.0%   7349.      0.8725       0.000       7350.       0.000       146.2       0.000    
   41800   6.071      0.1452E-03 NODE        1624  -0.0%   7415.      0.8787       0.000       7415.       0.000       146.2       0.000    
   41900   6.086      0.1452E-03 NODE        1624  -0.0%   7480.      0.8763       0.000       7481.       0.000       146.2       0.000    
   42000   6.100      0.1452E-03 NODE        1624  -0.0%   7546.      0.8711       0.000       7547.       0.000       146.2       0.000    
   42100   6.115      0.1452E-03 NODE        1624  -0.0%   7612.      0.8693       0.000       7613.       0.000       146.2       0.000    
   42200   6.129      0.1452E-03 NODE        1624  -0.0%   7679.      0.8744       0.000       7680.       0.000       146.2       0.000    
   42300   6.144      0.1452E-03 NODE        1624  -0.0%   7746.      0.8778       0.000       7747.       0.000       146.2       0.000    
   42400   6.158      0.1452E-03 NODE        1624  -0.0%   7813.      0.8742       0.000       7814.       0.000       146.2       0.000    
   42500   6.173      0.1452E-03 NODE        1624  -0.0%   7880.      0.8717       0.000       7881.       0.000       146.2       0.000    
   42600   6.187      0.1452E-03 NODE        1625  -0.0%   7948.      0.8706       0.000       7949.       0.000       146.2       0.000    
   42700   6.202      0.1452E-03 NODE        1625  -0.0%   8016.      0.8740       0.000       8017.       0.000       146.2       0.000    
   42800   6.216      0.1452E-03 NODE        1625  -0.0%   8084.      0.8751       0.000       8085.       0.000       146.2       0.000    
   42900   6.231      0.1452E-03 NODE        1625  -0.0%   8152.      0.8694       0.000       8153.       0.000       146.2       0.000    
   43000   6.245      0.1452E-03 NODE        1625  -0.0%   8221.      0.8681       0.000       8222.       0.000       146.2       0.000    
   43100   6.260      0.1452E-03 NODE        1625  -0.0%   8290.      0.8691       0.000       8291.       0.000       146.2       0.000    
   43200   6.274      0.1452E-03 NODE        1625  -0.0%   8359.      0.8718       0.000       8360.       0.000       146.2       0.000    
   43300   6.289      0.1452E-03 NODE        1625  -0.0%   8428.      0.8703       0.000       8429.       0.000       146.2       0.000    
   43400   6.304      0.1452E-03 NODE        1668  -0.0%   8498.      0.8642       0.000       8499.       0.000       146.2       0.000    
   43500   6.318      0.1452E-03 NODE        1668  -0.0%   8568.      0.8650       0.000       8569.       0.000       146.2       0.000    
   43600   6.333      0.1452E-03 NODE        1644  -0.0%   8638.      0.8673       0.000       8639.       0.000       146.2       0.000    
   43700   6.347      0.1452E-03 NODE        1644  -0.0%   8708.      0.8674       0.000       8709.       0.000       146.2       0.000    
   43800   6.362      0.1452E-03 NODE        1668  -0.0%   8779.      0.8647       0.000       8780.       0.000       146.2       0.000    
   43900   6.376      0.1452E-03 NODE        1644  -0.0%   8850.      0.8601       0.000       8851.       0.000       146.2       0.000    
   44000   6.391      0.1452E-03 NODE        1644  -0.0%   8921.      0.8620       0.000       8922.       0.000       146.2       0.000    
   44100   6.405      0.1452E-03 NODE        1668  -0.0%   8992.      0.8637       0.000       8993.       0.000       146.2       0.000    
   44200   6.420      0.1452E-03 NODE        1668  -0.0%   9064.      0.8611       0.000       9065.       0.000       146.2       0.000    
   44300   6.434      0.1452E-03 NODE        1644  -0.0%   9135.      0.8582       0.000       9136.       0.000       146.2       0.000    
   44400   6.449      0.1452E-03 NODE        1644  -0.0%   9207.      0.8547       0.000       9208.       0.000       146.2       0.000    
   44500   6.463      0.1452E-03 NODE        1644  -0.0%   9280.      0.8577       0.000       9281.       0.000       146.2       0.000    
   44600   6.478      0.1452E-03 NODE        1644  -0.0%   9352.      0.8577       0.000       9353.       0.000       146.2       0.000    
   44700   6.492      0.1452E-03 NODE        1644  -0.0%   9425.      0.8535       0.000       9426.       0.000       146.2       0.000    
   44800   6.507      0.1452E-03 NODE        1644  -0.0%   9498.      0.8504       0.000       9499.       0.000       146.2       0.000    
   44900   6.521      0.1452E-03 NODE        1625  -0.0%   9571.      0.8501       0.000       9572.       0.000       146.2       0.000    
   45000   6.536      0.1452E-03 NODE        1625  -0.0%   9644.      0.8516       0.000       9645.       0.000       146.2       0.000    
   45100   6.550      0.1452E-03 NODE        1625  -0.0%   9718.      0.8505       0.000       9719.       0.000       146.2       0.000    
   45200   6.565      0.1452E-03 NODE        1625  -0.0%   9791.      0.8450       0.000       9792.       0.000       146.2       0.000    
   45300   6.579      0.1452E-03 NODE        1625  -0.0%   9865.      0.8475       0.000       9866.       0.000       146.2       0.000    
   45400   6.594      0.1452E-03 NODE        1625  -0.0%   9939.      0.8471       0.000       9940.       0.000       146.2       0.000    
   45500   6.609      0.1452E-03 NODE        1625  -0.0%  0.1001E+05  0.8445       0.000      0.1001E+05   0.000       146.2       0.000    
   45600   6.623      0.1452E-03 NODE        1625  -0.0%  0.1009E+05  0.8409       0.000      0.1009E+05   0.000       146.2       0.000    
   45700   6.638      0.1452E-03 NODE        1625  -0.0%  0.1016E+05  0.8378       0.000      0.1016E+05   0.000       146.2       0.000    
   45800   6.652      0.1452E-03 NODE        1625  -0.0%  0.1024E+05  0.8395       0.000      0.1024E+05   0.000       146.2       0.000    
   45900   6.667      0.1452E-03 NODE        1625  -0.0%  0.1031E+05  0.8396       0.000      0.1031E+05   0.000       146.2       0.000    
   46000   6.681      0.1452E-03 NODE        1625  -0.0%  0.1039E+05  0.8337       0.000      0.1039E+05   0.000       146.2       0.000    
   46100   6.696      0.1452E-03 NODE        1625  -0.0%  0.1046E+05  0.8315       0.000      0.1046E+05   0.000       146.2       0.000    
   46200   6.710      0.1452E-03 NODE        1625  -0.0%  0.1054E+05  0.8298       0.000      0.1054E+05   0.000       146.2       0.000    
   46300   6.725      0.1452E-03 NODE        1625  -0.0%  0.1062E+05  0.8330       0.000      0.1062E+05   0.000       146.2       0.000    
   46400   6.739      0.1452E-03 NODE        1625  -0.0%  0.1069E+05  0.8315       0.000      0.1069E+05   0.000       146.2       0.000    
   46500   6.754      0.1452E-03 NODE        1625  -0.0%  0.1077E+05  0.8228       0.000      0.1077E+05   0.000       146.2       0.000    
   46600   6.768      0.1452E-03 NODE        1625  -0.0%  0.1084E+05  0.8220       0.000      0.1084E+05   0.000       146.2       0.000    
   46700   6.783      0.1452E-03 NODE        1668  -0.0%  0.1092E+05  0.8221       0.000      0.1092E+05   0.000       146.2       0.000    
   46800   6.797      0.1452E-03 NODE        1668  -0.0%  0.1100E+05  0.8231       0.000      0.1100E+05   0.000       146.2       0.000    
   46900   6.812      0.1453E-03 NODE        1667  -0.0%  0.1107E+05  0.8197       0.000      0.1107E+05   0.000       146.2       0.000    
   47000   6.826      0.1453E-03 NODE        1667  -0.0%  0.1115E+05  0.8116       0.000      0.1115E+05   0.000       146.2       0.000    
   47100   6.841      0.1453E-03 NODE        1667  -0.0%  0.1123E+05  0.8125       0.000      0.1123E+05   0.000       146.2       0.000    
   47200   6.855      0.1453E-03 NODE        1667  -0.0%  0.1131E+05  0.8148       0.000      0.1131E+05   0.000       146.2       0.000    
   47300   6.870      0.1453E-03 NODE        1667  -0.0%  0.1138E+05  0.8116       0.000      0.1138E+05   0.000       146.2       0.000    
   47400   6.884      0.1453E-03 NODE        1667  -0.0%  0.1146E+05  0.8078       0.000      0.1146E+05   0.000       146.2       0.000    
   47500   6.899      0.1453E-03 NODE        1667  -0.0%  0.1154E+05  0.8002       0.000      0.1154E+05   0.000       146.2       0.000    
   47600   6.914      0.1453E-03 NODE        1624  -0.0%  0.1162E+05  0.8028       0.000      0.1162E+05   0.000       146.2       0.000    
   47700   6.928      0.1453E-03 NODE        1624  -0.0%  0.1169E+05  0.8041       0.000      0.1169E+05   0.000       146.2       0.000    
   47800   6.943      0.1453E-03 NODE        1667  -0.0%  0.1177E+05  0.7984       0.000      0.1177E+05   0.000       146.2       0.000    
   47900   6.957      0.1452E-03 NODE        1667  -0.0%  0.1185E+05  0.7938       0.000      0.1185E+05   0.000       146.2       0.000    
   48000   6.972      0.1452E-03 NODE        1667  -0.0%  0.1193E+05  0.7898       0.000      0.1193E+05   0.000       146.2       0.000    
   48100   6.986      0.1452E-03 NODE        1624  -0.0%  0.1201E+05  0.7942       0.000      0.1201E+05   0.000       146.2       0.000    
   48200   7.001      0.1452E-03 NODE        1624  -0.0%  0.1209E+05  0.7954       0.000      0.1209E+05   0.000       146.2       0.000    
   48300   7.015      0.1452E-03 NODE        1624  -0.0%  0.1216E+05  0.7850       0.000      0.1217E+05   0.000       146.2       0.000    
   48400   7.030      0.1452E-03 NODE        1624  -0.0%  0.1224E+05  0.7820       0.000      0.1224E+05   0.000       146.2       0.000    
   48500   7.044      0.1452E-03 NODE        1624  -0.0%  0.1232E+05  0.7820       0.000      0.1232E+05   0.000       146.2       0.000    
   48600   7.059      0.1452E-03 NODE        1667  -0.0%  0.1240E+05  0.7822       0.000      0.1240E+05   0.000       146.2       0.000    
   48700   7.073      0.1452E-03 NODE        1667  -0.0%  0.1248E+05  0.7806       0.000      0.1248E+05   0.000       146.2       0.000    
   48800   7.088      0.1452E-03 NODE        1667  -0.0%  0.1256E+05  0.7701       0.000      0.1256E+05   0.000       146.2       0.000    
   48900   7.102      0.1452E-03 NODE        1624  -0.0%  0.1264E+05  0.7678       0.000      0.1264E+05   0.000       146.2       0.000    
   49000   7.117      0.1452E-03 NODE        1624  -0.0%  0.1272E+05  0.7705       0.000      0.1272E+05   0.000       146.2       0.000    
   49100   7.131      0.1452E-03 NODE        1624  -0.0%  0.1280E+05  0.7676       0.000      0.1280E+05   0.000       146.2       0.000    
   49200   7.146      0.1452E-03 NODE        1624  -0.0%  0.1288E+05  0.7647       0.000      0.1288E+05   0.000       146.2       0.000    
   49300   7.160      0.1452E-03 NODE        1624  -0.0%  0.1296E+05  0.7553       0.000      0.1296E+05   0.000       146.2       0.000    
   49400   7.175      0.1452E-03 NODE        1624  -0.0%  0.1304E+05  0.7535       0.000      0.1304E+05   0.000       146.2       0.000    
   49500   7.189      0.1452E-03 NODE        1624  -0.0%  0.1312E+05  0.7574       0.000      0.1312E+05   0.000       146.2       0.000    
   49600   7.204      0.1452E-03 NODE        1667  -0.0%  0.1320E+05  0.7530       0.000      0.1320E+05   0.000       146.2       0.000    
   49700   7.219      0.1452E-03 NODE        1667  -0.0%  0.1328E+05  0.7480       0.000      0.1328E+05   0.000       146.2       0.000    
   49800   7.233      0.1452E-03 NODE        1624  -0.0%  0.1336E+05  0.7422       0.000      0.1336E+05   0.000       146.2       0.000    
   49900   7.248      0.1452E-03 NODE        1624  -0.0%  0.1344E+05  0.7390       0.000      0.1344E+05   0.000       146.2       0.000    
   CYCLE    TIME      TIME-STEP  ELEMENT          ERROR  I-ENERGY    K-ENERGY T  K-ENERGY R  EXT-WORK     MAS.ERR     TOTAL MASS  MASS ADDED
   50000   7.262      0.1452E-03 NODE        1624  -0.0%  0.1352E+05  0.7439       0.000      0.1352E+05   0.000       146.2       0.000    
   50100   7.277      0.1452E-03 NODE        1667  -0.0%  0.1360E+05  0.7377       0.000      0.1360E+05   0.000       146.2       0.000    
   50200   7.291      0.1452E-03 NODE        1667  -0.0%  0.1368E+05  0.7340       0.000      0.1368E+05   0.000       146.2       0.000    
   50300   7.306      0.1452E-03 NODE        1602  -0.0%  0.1376E+05  0.7330       0.000      0.1376E+05   0.000       146.2       0.000    
   50400   7.320      0.1452E-03 NODE        1624  -0.0%  0.1384E+05  0.7283       0.000      0.1384E+05   0.000       146.2       0.000    
   50500   7.335      0.1452E-03 NODE        1602  -0.0%  0.1392E+05  0.7289       0.000      0.1392E+05   0.000       146.2       0.000    
   50600   7.349      0.1452E-03 NODE        1602  -0.0%  0.1400E+05  0.7237       0.000      0.1400E+05   0.000       146.2       0.000    
   50700   7.364      0.1452E-03 NODE        1602  -0.0%  0.1408E+05  0.7165       0.000      0.1408E+05   0.000       146.2       0.000    
   50800   7.378      0.1452E-03 NODE        1602  -0.0%  0.1416E+05  0.7177       0.000      0.1416E+05   0.000       146.2       0.000    
   50900   7.393      0.1452E-03 NODE        1602  -0.0%  0.1424E+05  0.7130       0.000      0.1424E+05   0.000       146.2       0.000    
   51000   7.407      0.1452E-03 NODE        1602  -0.0%  0.1432E+05  0.7108       0.000      0.1432E+05   0.000       146.2       0.000    
   51100   7.422      0.1452E-03 NODE        1602  -0.0%  0.1440E+05  0.7075       0.000      0.1440E+05   0.000       146.2       0.000    
   51200   7.436      0.1452E-03 NODE        1667  -0.0%  0.1448E+05  0.6992       0.000      0.1448E+05   0.000       146.2       0.000    
   51300   7.451      0.1452E-03 NODE        1667  -0.0%  0.1456E+05  0.7004       0.000      0.1456E+05   0.000       146.2       0.000    
   51400   7.465      0.1452E-03 NODE        1602  -0.0%  0.1464E+05  0.6975       0.000      0.1464E+05   0.000       146.2       0.000    
   51500   7.480      0.1452E-03 NODE        1602  -0.0%  0.1472E+05  0.6940       0.000      0.1473E+05   0.000       146.2       0.000    
   51600   7.495      0.1452E-03 NODE        1602  -0.0%  0.1481E+05  0.6912       0.000      0.1481E+05   0.000       146.2       0.000    
   51700   7.509      0.1452E-03 NODE        1602  -0.0%  0.1489E+05  0.6840       0.000      0.1489E+05   0.000       146.2       0.000    
   51800   7.524      0.1452E-03 NODE        1667  -0.0%  0.1497E+05  0.6834       0.000      0.1497E+05   0.000       146.2       0.000    
   51900   7.538      0.1452E-03 NODE        1602  -0.0%  0.1505E+05  0.6840       0.000      0.1505E+05   0.000       146.2       0.000    
   52000   7.553      0.1452E-03 NODE        1602  -0.0%  0.1513E+05  0.6767       0.000      0.1513E+05   0.000       146.2       0.000    
   52100   7.567      0.1452E-03 NODE        1602  -0.0%  0.1521E+05  0.6747       0.000      0.1521E+05   0.000       146.2       0.000    
   52200   7.582      0.1452E-03 NODE        1602  -0.0%  0.1529E+05  0.6679       0.000      0.1529E+05   0.000       146.2       0.000    
   52300   7.596      0.1452E-03 NODE        1602  -0.0%  0.1537E+05  0.6667       0.000      0.1537E+05   0.000       146.2       0.000    
   52400   7.611      0.1452E-03 NODE        1667  -0.0%  0.1545E+05  0.6685       0.000      0.1545E+05   0.000       146.2       0.000    
   52500   7.625      0.1452E-03 NODE        1667  -0.0%  0.1553E+05  0.6619       0.000      0.1553E+05   0.000       146.2       0.000    
   52600   7.640      0.1452E-03 NODE        1667  -0.0%  0.1561E+05  0.6601       0.000      0.1561E+05   0.000       146.2       0.000    
   52700   7.654      0.1452E-03 NODE        1667  -0.0%  0.1569E+05  0.6618       0.000      0.1569E+05   0.000       146.2       0.000    
   52800   7.669      0.1452E-03 NODE        1667  -0.0%  0.1577E+05  0.6530       0.000      0.1577E+05   0.000       146.2       0.000    
   52900   7.683      0.1452E-03 NODE        1602  -0.0%  0.1585E+05  0.6496       0.000      0.1585E+05   0.000       146.2       0.000    
   53000   7.698      0.1452E-03 NODE        1602  -0.0%  0.1593E+05  0.6458       0.000      0.1593E+05   0.000       146.2       0.000    
   53100   7.712      0.1452E-03 NODE        1602  -0.0%  0.1601E+05  0.6407       0.000      0.1601E+05   0.000       146.2       0.000    
   53200   7.727      0.1452E-03 NODE        1602  -0.0%  0.1609E+05  0.6436       0.000      0.1609E+05   0.000       146.2       0.000    
   53300   7.741      0.1452E-03 NODE        1602  -0.0%  0.1617E+05  0.6366       0.000      0.1617E+05   0.000       146.2       0.000    
   53400   7.756      0.1452E-03 NODE        1602  -0.0%  0.1625E+05  0.6323       0.000      0.1625E+05   0.000       146.2       0.000    
   53500   7.770      0.1452E-03 NODE        1667  -0.0%  0.1633E+05  0.6334       0.000      0.1633E+05   0.000       146.2       0.000    
   53600   7.785      0.1452E-03 NODE        1667  -0.0%  0.1641E+05  0.6286       0.000      0.1641E+05   0.000       146.2       0.000    
   53700   7.800      0.1452E-03 NODE        1602  -0.0%  0.1649E+05  0.6241       0.000      0.1649E+05   0.000       146.2       0.000    
   53800   7.814      0.1452E-03 NODE        1667  -0.0%  0.1657E+05  0.6226       0.000      0.1657E+05   0.000       146.2       0.000    
   53900   7.829      0.1452E-03 NODE        1602  -0.0%  0.1665E+05  0.6136       0.000      0.1665E+05   0.000       146.2       0.000    
   54000   7.843      0.1452E-03 NODE        1602  -0.0%  0.1673E+05  0.6173       0.000      0.1673E+05   0.000       146.2       0.000    
   54100   7.858      0.1452E-03 NODE        1602  -0.0%  0.1681E+05  0.6213       0.000      0.1681E+05   0.000       146.2       0.000    
   54200   7.872      0.1452E-03 NODE        1602  -0.0%  0.1689E+05  0.6127       0.000      0.1689E+05   0.000       146.2       0.000    
   54300   7.887      0.1452E-03 NODE        1602  -0.0%  0.1697E+05  0.6055       0.000      0.1697E+05   0.000       146.2       0.000    
   54400   7.901      0.1452E-03 NODE        1602  -0.0%  0.1705E+05  0.5997       0.000      0.1705E+05   0.000       146.2       0.000    
   54500   7.916      0.1452E-03 NODE        1602  -0.0%  0.1713E+05  0.5962       0.000      0.1713E+05   0.000       146.2       0.000    
   54600   7.930      0.1452E-03 NODE        1602  -0.0%  0.1721E+05  0.6029       0.000      0.1721E+05   0.000       146.2       0.000    
   54700   7.945      0.1452E-03 NODE        1602  -0.0%  0.1729E+05  0.5995       0.000      0.1729E+05   0.000       146.2       0.000    
 -- RUPTURE OF SPRING ELEMENT NUMBER       3120
 -- RUPTURE OF SPRING ELEMENT NUMBER       3121
   54800   7.959      0.1452E-03 NODE        1602  -0.0%  0.1736E+05  0.5849       0.000      0.1736E+05   0.000       146.2       0.000    
   54900   7.974      0.1452E-03 NODE        1602  -0.0%  0.1744E+05  0.5649       0.000      0.1744E+05   0.000       146.2       0.000    
   55000   7.988      0.1452E-03 NODE        1602  -0.0%  0.1752E+05  0.5536       0.000      0.1752E+05   0.000       146.2       0.000    
   55100   8.003      0.1452E-03 NODE        1602  -0.0%  0.1760E+05  0.5709       0.000      0.1760E+05   0.000       146.2       0.000    
   55200   8.017      0.1452E-03 NODE        1602  -0.0%  0.1768E+05  0.5822       0.000      0.1768E+05   0.000       146.2       0.000    
   55300   8.032      0.1452E-03 NODE        1602  -0.0%  0.1776E+05  0.5655       0.000      0.1776E+05   0.000       146.2       0.000    
   55400   8.046      0.1452E-03 NODE        1602  -0.0%  0.1783E+05  0.5487       0.000      0.1783E+05   0.000       146.2       0.000    
   55500   8.061      0.1452E-03 NODE        1602  -0.0%  0.1791E+05  0.5364       0.000      0.1791E+05   0.000       146.2       0.000    
   55600   8.075      0.1452E-03 NODE        1602  -0.0%  0.1799E+05  0.5460       0.000      0.1799E+05   0.000       146.2       0.000    
   55700   8.090      0.1452E-03 NODE        1602  -0.0%  0.1807E+05  0.5628       0.000      0.1807E+05   0.000       146.2       0.000    
   55800   8.105      0.1452E-03 NODE        1602  -0.0%  0.1814E+05  0.5499       0.000      0.1814E+05   0.000       146.2       0.000    
   55900   8.119      0.1452E-03 NODE        1602  -0.0%  0.1822E+05  0.5290       0.000      0.1822E+05   0.000       146.2       0.000    
   56000   8.134      0.1452E-03 NODE        1602  -0.0%  0.1830E+05  0.5210       0.000      0.1830E+05   0.000       146.2       0.000    
   56100   8.148      0.1452E-03 NODE        1602  -0.0%  0.1837E+05  0.5241       0.000      0.1837E+05   0.000       146.2       0.000    
   56200   8.163      0.1452E-03 NODE        1602  -0.0%  0.1845E+05  0.5434       0.000      0.1845E+05   0.000       146.2       0.000    
   56300   8.177      0.1452E-03 NODE        1602  -0.0%  0.1853E+05  0.5420       0.000      0.1853E+05   0.000       146.2       0.000    
   56400   8.192      0.1452E-03 NODE        1602  -0.0%  0.1860E+05  0.5152       0.000      0.1860E+05   0.000       146.2       0.000    
   56500   8.206      0.1452E-03 NODE        1602  -0.0%  0.1868E+05  0.5078       0.000      0.1868E+05   0.000       146.2       0.000    
   56600   8.221      0.1452E-03 NODE        1602  -0.0%  0.1875E+05  0.5255       0.000      0.1876E+05   0.000       146.2       0.000    
   56700   8.235      0.1452E-03 NODE        1602  -0.0%  0.1883E+05  0.5459       0.000      0.1883E+05   0.000       146.2       0.000    
   56800   8.250      0.1452E-03 NODE        1602  -0.0%  0.1891E+05  0.5465       0.000      0.1891E+05   0.000       146.2       0.000    
   56900   8.264      0.1452E-03 NODE        1602  -0.0%  0.1898E+05  0.5180       0.000      0.1898E+05   0.000       146.2       0.000    
   57000   8.279      0.1452E-03 NODE        1602  -0.0%  0.1906E+05  0.4915       0.000      0.1906E+05   0.000       146.2       0.000    
   57100   8.293      0.1452E-03 NODE        1602  -0.0%  0.1913E+05  0.5006       0.000      0.1913E+05   0.000       146.2       0.000    
   57200   8.308      0.1452E-03 NODE        1602  -0.0%  0.1921E+05  0.5372       0.000      0.1921E+05   0.000       146.2       0.000    
   57300   8.322      0.1452E-03 NODE        1602  -0.0%  0.1928E+05  0.5869       0.000      0.1928E+05   0.000       146.2       0.000    
   57400   8.337      0.1452E-03 NODE        1602  -0.0%  0.1935E+05  0.6186       0.000      0.1935E+05   0.000       146.2       0.000    
   57500   8.351      0.1452E-03 NODE        1602  -0.0%  0.1943E+05  0.6114       0.000      0.1943E+05   0.000       146.2       0.000    
   57600   8.366      0.1452E-03 NODE        1602  -0.0%  0.1950E+05  0.6096       0.000      0.1950E+05   0.000       146.2       0.000    
   57700   8.380      0.1452E-03 NODE        1602  -0.0%  0.1957E+05  0.6600       0.000      0.1958E+05   0.000       146.2       0.000    
   57800   8.395      0.1452E-03 NODE        1602  -0.0%  0.1965E+05  0.7478       0.000      0.1965E+05   0.000       146.2       0.000    
   57900   8.409      0.1452E-03 NODE        1602  -0.0%  0.1972E+05  0.9204       0.000      0.1972E+05   0.000       146.2       0.000    
   58000   8.424      0.1452E-03 NODE        1602  -0.0%  0.1979E+05   1.376       0.000      0.1979E+05   0.000       146.2       0.000    
   58100   8.438      0.1452E-03 NODE        1602  -0.0%  0.1986E+05   2.886       0.000      0.1986E+05   0.000       146.2       0.000    
 -- RUPTURE OF SPRING ELEMENT NUMBER       3119
 -- RUPTURE OF SPRING ELEMENT NUMBER       3122
   58200   8.453      0.1453E-03 NODE        1625  -0.0%  0.1993E+05   7.888       0.000      0.1994E+05   0.000       146.2       0.000    
 -- RUPTURE OF SPRING ELEMENT NUMBER       3118
 -- RUPTURE OF SPRING ELEMENT NUMBER       3123
   58300   8.468      0.1453E-03 NODE        1673  -0.0%  0.1999E+05   17.26       0.000      0.2001E+05   0.000       146.2       0.000    
 -- RUPTURE OF SPRING ELEMENT NUMBER       3117
 -- RUPTURE OF SPRING ELEMENT NUMBER       3124
   58400   8.482      0.1454E-03 NODE        1670  -0.0%  0.2002E+05   51.68       0.000      0.2007E+05   0.000       146.2       0.000    
 -- RUPTURE OF SPRING ELEMENT NUMBER       3116
 -- RUPTURE OF SPRING ELEMENT NUMBER       3125
 -- RUPTURE OF SPRING ELEMENT NUMBER       3115
 -- RUPTURE OF SPRING ELEMENT NUMBER       3126
 -- RUPTURE OF SPRING ELEMENT NUMBER       3114
 -- RUPTURE OF SPRING ELEMENT NUMBER       3127
   58500   8.497      0.1452E-03 NODE        1673  -0.0%  0.1989E+05   244.9       0.000      0.2014E+05   0.000       146.2       0.000    
 -- RUPTURE OF SPRING ELEMENT NUMBER       3113
 -- RUPTURE OF SPRING ELEMENT NUMBER       3128
 SENSOR NUMBER        501 ACTIVATED AT TIME  8.49979E+00
      TARGET MAX DISTANCE=  9.69697E-02
      CURRENT DISTANCE AFTER TMIN AND TDELAY =  1.00905E-01
 SENSOR NUMBER        502 ACTIVATED AT TIME  8.49979E+00
      TARGET MAX DISTANCE=  9.69697E-02
      CURRENT DISTANCE AFTER TMIN AND TDELAY =  1.00905E-01

MESSAGE ID :        234

 ** RUN STOPPED: SENSOR 501 IS ACTIVATED 

      
                          ** STATISTICS   **
      
***  PARTS WITH HIGHEST KINETIC ENERGY
      
   PART_ID   K-ENERGY   PROP_ID PROP_TYPE    MAT_ID  MAT_TYPE
      
***  PARTS WITH HIGHEST INTERNAL ENERGY
      
   PART_ID   I-ENERGY   PROP_ID PROP_TYPE    MAT_ID  MAT_TYPE
      
***  NODES WITH HIGHEST VELOCITY
      
      NODE   VELOCITY     K-ENER       MASS      MASS0   DM/MASS0
      1638  25.48      4.183     0.1289E-01 0.1289E-01  0.000    
      1674  25.48      4.183     0.1289E-01 0.1289E-01  0.000    
      1595  25.34      4.140     0.1289E-01 0.1289E-01  0.000    
      1631  25.34      4.140     0.1289E-01 0.1289E-01  0.000    
      1681  17.38      3.895     0.2578E-01 0.2578E-01  0.000    
      1717  17.38      3.895     0.2578E-01 0.2578E-01  0.000    
      1552  17.25      3.838     0.2578E-01 0.2578E-01  0.000    
      1588  17.25      3.838     0.2578E-01 0.2578E-01  0.000    
      1682  13.72     0.9709     0.1031E-01 0.1031E-01  0.000    
      1716  13.72     0.9709     0.1031E-01 0.1031E-01  0.000    

     RESTART FILES: I02IB_ENG_DENSE_R1_0001_[0001-0001].rst WRITTEN
     -------------

  
                           ** CPU USER TIME **
  
  
                        ** SUMMARY **
  
 #PROC  ELEMENT   KINCOND   INTEG     IO        T0        ASM       RESOL    
   1   .7545E+02 .1594E+01 .1609E+01 .2862E+02 .1406E+01 .2453E+01 .1124E+03
  
 
                   ** CUMULATIVE CPU TIME SUMMARY **
  
 CONTACT SORTING.............: .0000E+00     0.00 % 
 CONTACT FORCES..............: .1562E-01     0.01 % 
 ELEMENT FORCES..............: .7545E+02    67.12 % 
 KINEMATIC COND..............: .1594E+01     1.42 % 
 INTEGRATION.................: .1609E+01     1.43 % 
 ASSEMBLING..................: .2453E+01     2.18 % 
 OTHERS (including I/O)......: .3130E+02    27.84 % 
 TOTAL.......................: .1124E+03   100.00 % 
  
  
                           ** ELAPSED TIME **
  
  
                        ** SUMMARY **
  
 #PROC  ELEMENT   KINCOND   INTEG     IO        T0        ASM       RESOL    
   1   .7714E+02 .1556E+01 .1708E+01 .2746E+02 .1255E+01 .2237E+01 .1127E+03
  
                   ** MEMORY USAGE STATISTICS **
  
 TOTAL MEMORY USED .........................:       57 MB
 MAXIMUM MEMORY PER PROCESSOR...............:       57 MB
 MINIMUM MEMORY PER PROCESSOR...............:       57 MB
 AVERAGE MEMORY PER PROCESSOR...............:       57 MB
  
                   ** DISK USAGE STATISTICS **
  
 TOTAL DISK SPACE USED .....................:        158 MB
 ANIMATION/H3D/TH/OUTP SIZE ................:        154 MB
 RESTART FILE SIZE .........................:          3 MB
  
                   ** COMPUTE TIME INFORMATION **
                        ** CURRENT ENGINE **
  
 EXECUTION STARTED .........................:      2026/10/03  08:47:27
 EXECUTION COMPLETED .......................:      2026/10/03  08:49:20
  
 ELAPSED TIME     =        112.74 s
                          0:01:52



     NORMAL TERMINATION      
     USER BREAK 



     TOTAL NUMBER OF CYCLES  :   58523

  
                   ** COMPUTE RUNTIME INFORMATION SUMMARY **
  
        STARTER RUNTIME =          0.80s (00:00:00)
 # 001   ENGINE RUNTIME =        112.74s (00:01:52)
 ------------------------------ 
 STARTER+ENGINE RUNTIME =        113.55s (00:01:53)
  
