 A12_SAND_R1_0001.out
************************************************************************
**                                                                    **
**                                                                    **
**                         OpenRadioss Engine                         **
**                                                                    **
**            Non-linear Finite Element Analysis Software             **
**                                                                    **
**                                                                    **
**                                                                    **
**                  Windows 64 bits, Intel compiler                   **
**                      Double Precision Version                      **
**                                                                    **
**                                                                    **
**                                                                    **
************************************************************************
** OpenRadioss Software                                               **
** COPYRIGHT (C) 2026 Siemens                                         **
** Licensed under GNU Affero General Public License.                  **
** See License file.                                                  **
************************************************************************
 
 NUMBER OF SPMD DOMAINS           1
 NUMBER OF THREADS PER DOMAIN     2
 NUMBER OF HMPP PROCESSES         2
  
 COMPUTATION HARDWARE DESCRIPTION
  
 HOSTNAME     CPU TYPE, FREQUENCY AND MEMORY
 jeux   AMD Ryzen 5 5600 6-Core Processor               (x86_64), 3700 MHz,   6850 MB RAM,  18473 MB swap
  
 STACKSIZE  . . . . . . . . . . . . . . . . . . . . 1430 MB
 THREAD STACKSIZE . . . . . . . . . . . . . . . . . 400 MB
 
************************************************************************


 A12_SAND_R1D01                                                                  


 FINAL TIME . . . . . . . . . . . . . . . . . . .  0.4000000    

 TIME INTERVAL FOR TIME HISTORY PLOTS . . . . . .  0.5000000E-03

 TIME STEP SCALE FACTOR . . . . . . . . . . . . .  0.1000000    

 MINIMUM TIME STEP  . . . . . . . . . . . . . . .   0.000000    


 BRICK TIME STEP SCALE FACTOR . . . . . . . . . .  0.1000000    
 BRICK MINIMUM TIME STEP. . . . . . . . . . . . .   0.000000    
 MIN. TIME STEP FLAG (1:STOP RUN, 2:DELETE BRICK)     1

 QUAD TIME STEP SCALE FACTOR. . . . . . . . . . .  0.1000000    
 QUAD MINIMUM TIME STEP . . . . . . . . . . . . .   0.000000    
 MIN. TIME STEP FLAG (1:STOP RUN, 2:DELETE QUAD).     1

 SHELL TIME STEP SCALE FACTOR . . . . . . . . . .  0.1000000    
 SHELL MINIMUM TIME STEP. . . . . . . . . . . . .   0.000000    
 MIN. TIME FLAG (1:STOP, 2:DELETE, 3:SMALL STRAIN)    2

 TRUSS TIME STEP SCALE FACTOR . . . . . . . . . .  0.1000000    
 TRUSS MINIMUM TIME STEP. . . . . . . . . . . . .   0.000000    
 MIN. TIME FLAG (1:STOP, 2:DELETE). . . . . . . .     0

 BEAM TIME STEP SCALE FACTOR. . . . . . . . . . .  0.1000000    
 BEAM MINIMUM TIME STEP . . . . . . . . . . . . .   0.000000    
 MIN. TIME FLAG (1:STOP, 2:DELETE). . . . . . . .     0

 SPRING TIME STEP SCALE FACTOR. . . . . . . . . .  0.1000000    
 SPRING MINIMUM TIME STEP . . . . . . . . . . . .   0.000000    
 MIN. TIME FLAG (1:STOP, 2:DELETE). . . . . . . .     0

 AIRBAG TIME STEP SCALE FACTOR. . . . . . . . . .  0.1000000    
 AIRBAG MINIMUM TIME STEP . . . . . . . . . . . .   0.000000    
 MIN. TIME FLAG (1:STOP). . . . . . . . . . . . .     0

 CONTACT TIME STEP SCALE FACTOR . . . . . . . . .  0.1000000    
 CONTACT MINIMUM TIME STEP. . . . . . . . . . . .   0.000000    
 MIN. TIME FLAG(1:STOP, 2:REMOVE NODE FROM INTERF)    0

 PRINTOUT CYCLE FREQUENCY . . . . . . . . . . . .    10

 RESTART CYCLE FREQUENCY. . . . . . . . . . . . .   10000000

 MAXIMUM RESTART WRITE BEFORE OVERWRITE . . . . .     0

 INVERS: INPUT DECK VERSION . . . . . . . . . . .  2026
 ITTYP : FLAG FOR TYPE OF T-FILE. . . . . . . . .     4

 INITIAL TIME STEP. . . . . . . . . . . . . . . .   0.000000    
 MAXIMUM TIME STEP. . . . . . . . . . . . . . . .  0.1000000E+21

 PARALLEL ARITHMETIC ON
 NUMBER OF INTERFACES TO BE ELIMINATED. . . . . .        0

 NUMBER OF PARTS TO BE ELIMINATED . . . . . . . .        0

 NUMBER OF SOLID  ELEMENT BLOCKS TO BE ELIMINATED        0

 NUMBER OF QUAD   ELEMENT BLOCKS TO BE ELIMINATED        0

 NUMBER OF SHELL  ELEMENT BLOCKS TO BE ELIMINATED        0

 NUMBER OF TRUSS  ELEMENT BLOCKS TO BE ELIMINATED        0

 NUMBER OF BEAM   ELEMENT BLOCKS TO BE ELIMINATED        0

 NUMBER OF SPRING ELEMENT BLOCKS TO BE ELIMINATED        0

 NUMBER OF SH_3N  ELEMENT BLOCKS TO BE ELIMINATED        0

 NUMBER OF  SPH PARTICLES BLOCKS TO BE ELIMINATED        0

 NUMBER OF RIGID LINKS. . . . . . . . . . . . . .        0

 NUMBER OF NEW BOUNDARY CONDITIONS. . . . . . . .        0


 TIME FOR FIRST ANIMATION-FILE PLOT . . . . . . .   0.000000    
 TIME INTERVAL FOR ANIMATION-FILE PLOTS . . . . .  0.2500000E-01
 TIME TO STOP ANIMATION-FILE PLOTS. . . . . . . .  0.1000000E+21
 SENSOR FOR ANIMATION-FILE PLOTS. . . . . . . . .          0
 TIME INTERVAL FOR SENSOR ANIMATION-FILE PLOTS. .   0.000000    

 VARIABLE SAVED ON ANIMATION FILES (1: YES) :
      PLASTIC STRAIN. . . . . .     0
      DENSITY     (SOLID ONLY).     0
      SPECIFIC ENERGY . . . . .     1
      HOURGLASS ENERGY. . . . .     0
      TEMPERATURE (SOLID ONLY).     0
      THICKNESS   (SHELL ONLY).     0
      PRESSURE    (SOLID ONLY).     0
      VON MISES . . . . . . . .     0
      TURBULENT ENERGY (FLUID).     0
      TURBULENT VISCOSITY(FLUID)    0
      VORTICITY (FLUID) . . . .     0
 NODAL VALUES SAVED ON ANIMATION FILES (1: YES) :
      PRESSURE. . . . . . . . .     0
      DENSITY . . . . . . . . .     0
      TEMPERATURE . . . . . . .     0
 VECTOR SAVED ON ANIMATION FILES (1: YES) :
      VELOCITY VECTOR . . . . .     1
      DISPLACEMENT VECTOR . . .     1
      ACCELERATION VECTOR . . .     0
      CONTACT FORCES. . . . . .     0
      INTERNAL FORCES . . . . .     0
      EXTERNAL FORCES . . . . .     0
      SECTION RBY RWALL FORCES.     0
      ROTATIONAL VELOCITY VECTOR    0
      CONTACT PRESSURE (VECTORS)    0
 SHELL TENSOR SAVED ON ANIMATION FILES (1: YES) :
      MEMBRANE STRESS . . . . .     0
      BENDING STRESS(MOMENT/T^2)    0
      UPPER LAYER STRESS. . . .     0
      LOWER LAYER STRESS. . . .     0
      MEMBRANE STRAIN . . . . .     0
      CURVATURE . . . . . . . .     0
      UPPER LAYER STRAIN. . . .     0
      LOWER LAYER STRAIN. . . .     0
 NODAL MASS SAVED ON ANIMATION FILES (1: YES) :    1
 KEEP DELETED ELEMENT (1: YES) :    0


 08/10/2026
   CYCLE    TIME      TIME-STEP  ELEMENT          ERROR  I-ENERGY    K-ENERGY T  K-ENERGY R  EXT-WORK     MAS.ERR     TOTAL MASS  MASS ADDED
       0   0.000      0.2921E-02 NODE         730   0.0%   0.000      0.8218E+09   0.000       0.000       0.000      0.1231E+07   0.000    
     ANIMATION FILE: A12_SAND_R1A001 WRITTEN
     ANIMATION FILE: A12_SAND_R1A002 WRITTEN
      10  0.2921E-01  0.2921E-02 NODE         730   0.0%   0.000      0.8218E+09   0.000       0.000       0.000      0.1231E+07   0.000    
     ANIMATION FILE: A12_SAND_R1A003 WRITTEN
      20  0.5842E-01  0.2921E-02 NODE         730   0.0%   0.000      0.8218E+09   0.000       0.000       0.000      0.1231E+07   0.000    
     ANIMATION FILE: A12_SAND_R1A004 WRITTEN
      30  0.8762E-01  0.2921E-02 NODE         730   0.0%   0.000      0.8218E+09   0.000       0.000       0.000      0.1231E+07   0.000    
     ANIMATION FILE: A12_SAND_R1A005 WRITTEN
      40  0.1168      0.2921E-02 NODE         730   0.0%   0.000      0.8218E+09   0.000       0.000       0.000      0.1231E+07   0.000    
     ANIMATION FILE: A12_SAND_R1A006 WRITTEN
      50  0.1460      0.2921E-02 NODE         730   0.0%   0.000      0.8218E+09   0.000       0.000       0.000      0.1231E+07   0.000    
     ANIMATION FILE: A12_SAND_R1A007 WRITTEN
      60  0.1752      0.2921E-02 NODE         730   0.0%   0.000      0.8218E+09   0.000       0.000       0.000      0.1231E+07   0.000    
     ANIMATION FILE: A12_SAND_R1A008 WRITTEN
     ANIMATION FILE: A12_SAND_R1A009 WRITTEN
      70  0.2045      0.2921E-02 NODE         730   0.0%   0.000      0.8218E+09   0.000       0.000       0.000      0.1231E+07   0.000    
     ANIMATION FILE: A12_SAND_R1A010 WRITTEN
      80  0.2300      0.7841E-03 NODE         121  -0.2%   8.075      0.8206E+09  0.8845E-04   0.000       0.000      0.1231E+07   0.000    
      90  0.2368      0.6353E-03 NODE         121  -0.4%   641.3      0.8188E+09  0.8316E-01   0.000       0.000      0.1231E+07   0.000    
     100  0.2430      0.5994E-03 NODE         121  -0.5%   3874.      0.8176E+09   1.334       0.000       0.000      0.1231E+07   0.000    
     110  0.2489      0.5784E-03 NODE         121  -0.6%  0.1216E+05  0.8168E+09   7.876       0.000       0.000      0.1231E+07   0.000    
     ANIMATION FILE: A12_SAND_R1A011 WRITTEN
     120  0.2546      0.5481E-03 NODE         121  -0.7%  0.2790E+05  0.8162E+09   28.87       0.000       0.000      0.1231E+07   0.000    
     130  0.2597      0.4584E-03 NODE         121  -0.7%  0.5175E+05  0.8156E+09   75.52       0.000       0.000      0.1231E+07   0.000    
     140  0.2638      0.3496E-03 NODE         121  -0.8%  0.7952E+05  0.8153E+09   145.5       0.000       0.000      0.1231E+07   0.000    
     150  0.2670      0.3074E-03 NODE         121  -0.8%  0.1096E+06  0.8150E+09   234.6       0.000       0.000      0.1231E+07   0.000    
     160  0.2704      0.4616E-03 NODE         121  -0.8%  0.1516E+06  0.8148E+09   374.2       0.000       0.000      0.1231E+07   0.000    
     ANIMATION FILE: A12_SAND_R1A012 WRITTEN
     170  0.2769      0.9928E-03 NODE         121  -0.8%  0.2676E+06  0.8150E+09   834.4       0.000       0.000      0.1231E+07   0.000    
     180  0.2927      0.2507E-02 NODE         121  -0.8%  0.7579E+06  0.8149E+09   4225.       0.000       0.000      0.1231E+07   0.000    
     ANIMATION FILE: A12_SAND_R1A013 WRITTEN
     190  0.3202      0.2901E-02 NODE         121  -0.7%  0.2200E+07  0.8136E+09  0.2951E+05   0.000       0.000      0.1231E+07   0.000    
     ANIMATION FILE: A12_SAND_R1A014 WRITTEN
     200  0.3493      0.2921E-02 NODE         730  -0.7%  0.4263E+07  0.8115E+09  0.1166E+06   0.000       0.000      0.1231E+07   0.000    
     ANIMATION FILE: A12_SAND_R1A015 WRITTEN
     ANIMATION FILE: A12_SAND_R1A016 WRITTEN
     210  0.3785      0.2890E-02 NODE         121  -0.7%  0.6445E+07  0.8092E+09  0.3112E+06   0.000       0.000      0.1231E+07   0.000    

     RESTART FILES: A12_SAND_R1_0001_[0001-0001].rst WRITTEN
     -------------

  
                           ** CPU USER TIME **
  
  
                        ** SUMMARY **
  
 #PROC  CONTSORT  CONTFOR   ELEMENT   KINCOND   INTEG     IO        T0        ASM       RESOL    
   1   .1562E-01 .0000E+00 .6250E-01 .1562E-01 .0000E+00 .4219E+00 .0000E+00 .0000E+00 .5625E+00
  
 
                   ** CUMULATIVE CPU TIME SUMMARY **
  
 CONTACT SORTING.............: .1562E-01     2.78 % 
 CONTACT FORCES..............: .0000E+00     0.00 % 
 ELEMENT FORCES..............: .6250E-01    11.11 % 
 KINEMATIC COND..............: .1562E-01     2.78 % 
 INTEGRATION.................: .0000E+00     0.00 % 
 ASSEMBLING..................: .0000E+00     0.00 % 
 OTHERS (including I/O)......: .4688E+00    83.33 % 
 TOTAL.......................: .5625E+00   100.00 % 
  
  
                           ** ELAPSED TIME **
  
  
                        ** SUMMARY **
  
 #PROC  CONTSORT  CONTFOR   ELEMENT   KINCOND   INTEG     IO        T0        ASM       RESOL    
   1   .3909E-02 .1638E-02 .5568E-01 .2938E-02 .3847E-02 .1899E+00 .5260E-02 .3714E-02 .2756E+00
  
                   ** MEMORY USAGE STATISTICS **
  
 TOTAL MEMORY USED .........................:       55 MB
 MAXIMUM MEMORY PER PROCESSOR...............:       55 MB
 MINIMUM MEMORY PER PROCESSOR...............:       55 MB
 AVERAGE MEMORY PER PROCESSOR...............:       55 MB
  
                   ** DISK USAGE STATISTICS **
  
 TOTAL DISK SPACE USED .....................:         11 MB
 ANIMATION/H3D/TH/OUTP SIZE ................:          9 MB
 RESTART FILE SIZE .........................:          2 MB
  
                   ** COMPUTE TIME INFORMATION **
                        ** CURRENT ENGINE **
  
 EXECUTION STARTED .........................:      2026/10/08  09:34:10
 EXECUTION COMPLETED .......................:      2026/10/08  09:34:10
  
 ELAPSED TIME     =          0.32 s
                          0:00:00



     NORMAL TERMINATION      



     TOTAL NUMBER OF CYCLES  :     219

  
                   ** COMPUTE RUNTIME INFORMATION SUMMARY **
  
        STARTER RUNTIME =          1.18s (00:00:01)
 # 001   ENGINE RUNTIME =          0.32s (00:00:00)
 ------------------------------ 
 STARTER+ENGINE RUNTIME =          1.50s (00:00:01)
  
