************************************************************************
**                                                                    **
**                                                                    **
**                        OpenRadioss Starter                         **
**                                                                    **
**            Non-linear Finite Element Analysis Software             **
**                                                                    **
**                                                                    **
**                                                                    **
**                  Windows 64 bits, Intel compiler                   **
**                      Double Precision Version                      **
**                                                                    **
**                                                                    **
**                                                                    **
************************************************************************
** OpenRadioss Software                                               **
** COPYRIGHT (C) 2026 Siemens                                         **
** Licensed under GNU Affero General Public License.                  **
** See License file.                                                  **
************************************************************************
 
I02ID_MIXED_PROP_HALF_DT
 .. UNITS SYSTEM                                                                         
 .. CONTROL VARIABLES                                                                    
 .. STARTER RUNNING ON    1 THREAD
 .. FUNCTIONS & TABLES
 .. MATERIALS                                                                            
 .. NODES                                                                                
 .. SKEW SYSTEMS                                                                         
 .. PROPERTIES                                                                           
 .. 3D SPRING ELEMENTS                                                                   
 .. SUBSETS
 .. ELEMENT GROUPS
 .. PART GROUPS
 .. NODE GROUP
 .. BOUNDARY CONDITIONS                                                                  
 .. IMPOSED VELOCITIES                                                                   
 .. DOMAIN DECOMPOSITION
 .. ELEMENT GROUPS                                                                       
 .. ELEMENT BUFFER INITIALIZATION                                                        
 .. GEOMETRY PLOT FILE                                                                   
 .. PARALLEL RESTART FILES GENERATION                                                    
  
------------------------------------------------------------------------
  
                   ** COMPUTE TIME INFORMATION **
  
 EXECUTION STARTED      :      2026/10/03  10:03:08
 EXECUTION COMPLETED    :      2026/10/03  10:03:09
  
 ELAPSED TIME...........=          0.72 s
                               00:00:00
  
------------------------------------------------------------------------



     NORMAL TERMINATION                                                                  
     ------------------                                                                  
              0 ERROR(S)            
              0 WARNING(S)          




PLEASE CHECK LISTING FILE FOR FURTHER DETAILS


