************************************************************************
**                                                                    **
**                                                                    **
**                         OpenRadioss Engine                         **
**                                                                    **
**            Non-linear Finite Element Analysis Software             **
**                                                                    **
**                                                                    **
**                                                                    **
**                  Windows 64 bits, Intel compiler                   **
**                      Double Precision Version                      **
**                                                                    **
**                                                                    **
**                                                                    **
************************************************************************
** OpenRadioss Software                                               **
** COPYRIGHT (C) 2026 Siemens                                         **
** Licensed under GNU Affero General Public License.                  **
** See License file.                                                  **
************************************************************************
 
 ROOT: I02I_ENG_FINITE_SLOW_R3  RESTART: 0001
 NUMBER OF HMPP PROCESSES     1
 01/10/2026
 NC=       0 T= 0.0000E+00 DT= 1.4928E-03 ERR=  0.0% DM/M= 0.0000E+00
 NC=     100 T= 1.4928E-01 DT= 1.4928E-03 ERR= -0.0% DM/M= 0.0000E+00
 ELAPSED TIME=          0.04 s  REMAINING TIME=          5.55 s
 NC=     200 T= 2.9857E-01 DT= 1.4929E-03 ERR= -0.0% DM/M= 0.0000E+00
 ELAPSED TIME=          0.04 s  REMAINING TIME=          3.26 s
 NC=     300 T= 4.4785E-01 DT= 1.4929E-03 ERR= -0.0% DM/M= 0.0000E+00
 ELAPSED TIME=          0.05 s  REMAINING TIME=          2.50 s
 NC=     400 T= 5.9714E-01 DT= 1.4929E-03 ERR= -0.0% DM/M= 0.0000E+00
 ELAPSED TIME=          0.06 s  REMAINING TIME=          2.11 s
 NC=     500 T= 7.4643E-01 DT= 1.4929E-03 ERR= -0.0% DM/M= 0.0000E+00
 ELAPSED TIME=          0.07 s  REMAINING TIME=          1.87 s
 NC=     600 T= 8.9572E-01 DT= 1.4930E-03 ERR= -0.0% DM/M= 0.0000E+00
 ELAPSED TIME=          0.07 s  REMAINING TIME=          1.71 s
 NC=     700 T= 1.0450E+00 DT= 1.4930E-03 ERR= -0.0% DM/M= 0.0000E+00
 ELAPSED TIME=          0.08 s  REMAINING TIME=          1.60 s
 NC=     800 T= 1.1943E+00 DT= 1.4931E-03 ERR= -0.0% DM/M= 0.0000E+00
 ELAPSED TIME=          0.09 s  REMAINING TIME=          1.51 s
 NC=     900 T= 1.3436E+00 DT= 1.4931E-03 ERR= -0.0% DM/M= 0.0000E+00
 ELAPSED TIME=          0.09 s  REMAINING TIME=          1.44 s
 NC=    1000 T= 1.4930E+00 DT= 1.4932E-03 ERR= -0.0% DM/M= 0.0000E+00
 ELAPSED TIME=          0.10 s  REMAINING TIME=          1.38 s
 NC=    1100 T= 1.6423E+00 DT= 1.4933E-03 ERR= -0.0% DM/M= 0.0000E+00
 ELAPSED TIME=          0.11 s  REMAINING TIME=          1.33 s
 NC=    1200 T= 1.7916E+00 DT= 1.4934E-03 ERR= -0.0% DM/M= 0.0000E+00
 ELAPSED TIME=          0.11 s  REMAINING TIME=          1.29 s
 NC=    1300 T= 1.9410E+00 DT= 1.4935E-03 ERR= -0.0% DM/M= 0.0000E+00
 ELAPSED TIME=          0.12 s  REMAINING TIME=          1.25 s
 NC=    1400 T= 2.0903E+00 DT= 1.4936E-03 ERR= -0.0% DM/M= 0.0000E+00
 ELAPSED TIME=          0.13 s  REMAINING TIME=          1.22 s
 NC=    1500 T= 2.2397E+00 DT= 1.4937E-03 ERR=  0.0% DM/M= 0.0000E+00
 ELAPSED TIME=          0.13 s  REMAINING TIME=          1.19 s
 NC=    1600 T= 2.3890E+00 DT= 1.4938E-03 ERR= -0.0% DM/M= 0.0000E+00
 ELAPSED TIME=          0.14 s  REMAINING TIME=          1.16 s
 NC=    1700 T= 2.5384E+00 DT= 1.4938E-03 ERR= -0.0% DM/M= 0.0000E+00
 ELAPSED TIME=          0.15 s  REMAINING TIME=          1.14 s
 NC=    1800 T= 2.6878E+00 DT= 1.4939E-03 ERR= -0.0% DM/M= 0.0000E+00
 ELAPSED TIME=          0.16 s  REMAINING TIME=          1.12 s
 NC=    1900 T= 2.8372E+00 DT= 1.4940E-03 ERR= -0.0% DM/M= 0.0000E+00
 ELAPSED TIME=          0.16 s  REMAINING TIME=          1.10 s
 NC=    2000 T= 2.9866E+00 DT= 1.4940E-03 ERR= -0.0% DM/M= 0.0000E+00
 ELAPSED TIME=          0.17 s  REMAINING TIME=          1.08 s
 NC=    2100 T= 3.1360E+00 DT= 1.4941E-03 ERR= -0.0% DM/M= 0.0000E+00
 ELAPSED TIME=          0.18 s  REMAINING TIME=          1.06 s
 NC=    2200 T= 3.2854E+00 DT= 1.4941E-03 ERR= -0.0% DM/M= 0.0000E+00
 ELAPSED TIME=          0.18 s  REMAINING TIME=          1.05 s
 NC=    2300 T= 3.4348E+00 DT= 1.4941E-03 ERR= -0.0% DM/M= 0.0000E+00
 ELAPSED TIME=          0.19 s  REMAINING TIME=          1.03 s
 NC=    2400 T= 3.5842E+00 DT= 1.4942E-03 ERR= -0.0% DM/M= 0.0000E+00
 ELAPSED TIME=          0.20 s  REMAINING TIME=          1.01 s
 NC=    2500 T= 3.7337E+00 DT= 1.4942E-03 ERR= -0.0% DM/M= 0.0000E+00
 ELAPSED TIME=          0.20 s  REMAINING TIME=          1.00 s
 NC=    2600 T= 3.8831E+00 DT= 1.4942E-03 ERR= -0.0% DM/M= 0.0000E+00
 ELAPSED TIME=          0.21 s  REMAINING TIME=          0.98 s
 NC=    2700 T= 4.0325E+00 DT= 1.4942E-03 ERR= -0.0% DM/M= 0.0000E+00
 ELAPSED TIME=          0.22 s  REMAINING TIME=          0.97 s
 NC=    2800 T= 4.1819E+00 DT= 1.4942E-03 ERR= -0.0% DM/M= 0.0000E+00
 ELAPSED TIME=          0.22 s  REMAINING TIME=          0.96 s
 NC=    2900 T= 4.3313E+00 DT= 1.4942E-03 ERR= -0.0% DM/M= 0.0000E+00
 ELAPSED TIME=          0.23 s  REMAINING TIME=          0.94 s
 NC=    3000 T= 4.4808E+00 DT= 1.4942E-03 ERR= -0.0% DM/M= 0.0000E+00
 ELAPSED TIME=          0.24 s  REMAINING TIME=          0.93 s
 NC=    3100 T= 4.6302E+00 DT= 1.4942E-03 ERR= -0.0% DM/M= 0.0000E+00
 ELAPSED TIME=          0.25 s  REMAINING TIME=          0.92 s
 NC=    3200 T= 4.7796E+00 DT= 1.4942E-03 ERR= -0.0% DM/M= 0.0000E+00
 ELAPSED TIME=          0.25 s  REMAINING TIME=          0.91 s
 NC=    3300 T= 4.9290E+00 DT= 1.4942E-03 ERR= -0.0% DM/M= 0.0000E+00
 ELAPSED TIME=          0.26 s  REMAINING TIME=          0.90 s
 NC=    3400 T= 5.0784E+00 DT= 1.4942E-03 ERR= -0.0% DM/M= 0.0000E+00
 ELAPSED TIME=          0.27 s  REMAINING TIME=          0.89 s
 NC=    3500 T= 5.2279E+00 DT= 1.4942E-03 ERR= -0.0% DM/M= 0.0000E+00
 ELAPSED TIME=          0.27 s  REMAINING TIME=          0.87 s
 NC=    3600 T= 5.3773E+00 DT= 1.4943E-03 ERR= -0.0% DM/M= 0.0000E+00
 ELAPSED TIME=          0.28 s  REMAINING TIME=          0.86 s
 NC=    3700 T= 5.5267E+00 DT= 1.4943E-03 ERR= -0.0% DM/M= 0.0000E+00
 ELAPSED TIME=          0.29 s  REMAINING TIME=          0.86 s
 NC=    3800 T= 5.6761E+00 DT= 1.4944E-03 ERR= -0.0% DM/M= 0.0000E+00
 ELAPSED TIME=          0.30 s  REMAINING TIME=          0.85 s
 NC=    3900 T= 5.8256E+00 DT= 1.4944E-03 ERR= -0.0% DM/M= 0.0000E+00
 ELAPSED TIME=          0.30 s  REMAINING TIME=          0.84 s
 NC=    4000 T= 5.9750E+00 DT= 1.4945E-03 ERR= -0.0% DM/M= 0.0000E+00
 ELAPSED TIME=          0.31 s  REMAINING TIME=          0.83 s
 NC=    4100 T= 6.1245E+00 DT= 1.4945E-03 ERR= -0.0% DM/M= 0.0000E+00
 ELAPSED TIME=          0.32 s  REMAINING TIME=          0.82 s
 NC=    4200 T= 6.2739E+00 DT= 1.4946E-03 ERR= -0.0% DM/M= 0.0000E+00
 ELAPSED TIME=          0.32 s  REMAINING TIME=          0.81 s
 NC=    4300 T= 6.4234E+00 DT= 1.4947E-03 ERR= -0.0% DM/M= 0.0000E+00
 ELAPSED TIME=          0.33 s  REMAINING TIME=          0.80 s
 NC=    4400 T= 6.5729E+00 DT= 1.4947E-03 ERR= -0.0% DM/M= 0.0000E+00
 ELAPSED TIME=          0.34 s  REMAINING TIME=          0.79 s
 NC=    4500 T= 6.7223E+00 DT= 1.4948E-03 ERR= -0.0% DM/M= 0.0000E+00
 ELAPSED TIME=          0.34 s  REMAINING TIME=          0.78 s
 NC=    4600 T= 6.8718E+00 DT= 1.4948E-03 ERR= -0.0% DM/M= 0.0000E+00
 ELAPSED TIME=          0.35 s  REMAINING TIME=          0.77 s
 NC=    4700 T= 7.0213E+00 DT= 1.4949E-03 ERR= -0.0% DM/M= 0.0000E+00
 ELAPSED TIME=          0.36 s  REMAINING TIME=          0.76 s
 NC=    4800 T= 7.1708E+00 DT= 1.4949E-03 ERR= -0.0% DM/M= 0.0000E+00
 ELAPSED TIME=          0.37 s  REMAINING TIME=          0.76 s
 NC=    4900 T= 7.3203E+00 DT= 1.4950E-03 ERR= -0.0% DM/M= 0.0000E+00
 ELAPSED TIME=          0.37 s  REMAINING TIME=          0.75 s
 NC=    5000 T= 7.4698E+00 DT= 1.4950E-03 ERR= -0.0% DM/M= 0.0000E+00
 ELAPSED TIME=          0.38 s  REMAINING TIME=          0.74 s
 NC=    5100 T= 7.6193E+00 DT= 1.4950E-03 ERR= -0.0% DM/M= 0.0000E+00
 ELAPSED TIME=          0.39 s  REMAINING TIME=          0.73 s
 NC=    5200 T= 7.7688E+00 DT= 1.4950E-03 ERR= -0.0% DM/M= 0.0000E+00
 ELAPSED TIME=          0.39 s  REMAINING TIME=          0.72 s
 NC=    5300 T= 7.9183E+00 DT= 1.4951E-03 ERR= -0.0% DM/M= 0.0000E+00
 ELAPSED TIME=          0.40 s  REMAINING TIME=          0.71 s
 NC=    5400 T= 8.0678E+00 DT= 1.4951E-03 ERR= -0.0% DM/M= 0.0000E+00
 ELAPSED TIME=          0.41 s  REMAINING TIME=          0.70 s
 NC=    5500 T= 8.2173E+00 DT= 1.4951E-03 ERR= -0.0% DM/M= 0.0000E+00
 ELAPSED TIME=          0.41 s  REMAINING TIME=          0.69 s
 NC=    5600 T= 8.3668E+00 DT= 1.4951E-03 ERR= -0.0% DM/M= 0.0000E+00
 ELAPSED TIME=          0.42 s  REMAINING TIME=          0.69 s
 NC=    5700 T= 8.5163E+00 DT= 1.4951E-03 ERR= -0.0% DM/M= 0.0000E+00
 ELAPSED TIME=          0.43 s  REMAINING TIME=          0.68 s
 NC=    5800 T= 8.6658E+00 DT= 1.4951E-03 ERR= -0.0% DM/M= 0.0000E+00
 ELAPSED TIME=          0.43 s  REMAINING TIME=          0.67 s
 NC=    5900 T= 8.8153E+00 DT= 1.4951E-03 ERR= -0.0% DM/M= 0.0000E+00
 ELAPSED TIME=          0.44 s  REMAINING TIME=          0.66 s
 NC=    6000 T= 8.9649E+00 DT= 1.4951E-03 ERR= -0.0% DM/M= 0.0000E+00
 ELAPSED TIME=          0.45 s  REMAINING TIME=          0.65 s
 NC=    6100 T= 9.1144E+00 DT= 1.4951E-03 ERR= -0.0% DM/M= 0.0000E+00
 ELAPSED TIME=          0.46 s  REMAINING TIME=          0.64 s
 NC=    6200 T= 9.2639E+00 DT= 1.4951E-03 ERR= -0.0% DM/M= 0.0000E+00
 ELAPSED TIME=          0.46 s  REMAINING TIME=          0.64 s
 NC=    6300 T= 9.4134E+00 DT= 1.4951E-03 ERR= -0.0% DM/M= 0.0000E+00
 ELAPSED TIME=          0.47 s  REMAINING TIME=          0.63 s
 NC=    6400 T= 9.5629E+00 DT= 1.4952E-03 ERR= -0.0% DM/M= 0.0000E+00
 ELAPSED TIME=          0.48 s  REMAINING TIME=          0.62 s
 NC=    6500 T= 9.7124E+00 DT= 1.4952E-03 ERR= -0.0% DM/M= 0.0000E+00
 ELAPSED TIME=          0.48 s  REMAINING TIME=          0.61 s
 NC=    6600 T= 9.8619E+00 DT= 1.4953E-03 ERR= -0.0% DM/M= 0.0000E+00
 ELAPSED TIME=          0.49 s  REMAINING TIME=          0.60 s
 NC=    6700 T= 1.0011E+01 DT= 1.4953E-03 ERR= -0.0% DM/M= 0.0000E+00
 ELAPSED TIME=          0.50 s  REMAINING TIME=          0.60 s
 NC=    6800 T= 1.0161E+01 DT= 1.4954E-03 ERR= -0.0% DM/M= 0.0000E+00
 ELAPSED TIME=          0.50 s  REMAINING TIME=          0.59 s
 NC=    6900 T= 1.0311E+01 DT= 1.4955E-03 ERR= -0.0% DM/M= 0.0000E+00
 ELAPSED TIME=          0.51 s  REMAINING TIME=          0.58 s
 NC=    7000 T= 1.0460E+01 DT= 1.4956E-03 ERR= -0.0% DM/M= 0.0000E+00
 ELAPSED TIME=          0.52 s  REMAINING TIME=          0.57 s
 NC=    7100 T= 1.0610E+01 DT= 1.4957E-03 ERR= -0.0% DM/M= 0.0000E+00
 ELAPSED TIME=          0.52 s  REMAINING TIME=          0.56 s
 NC=    7200 T= 1.0759E+01 DT= 1.4958E-03 ERR= -0.0% DM/M= 0.0000E+00
 ELAPSED TIME=          0.53 s  REMAINING TIME=          0.55 s
 NC=    7300 T= 1.0909E+01 DT= 1.4958E-03 ERR= -0.0% DM/M= 0.0000E+00
 ELAPSED TIME=          0.54 s  REMAINING TIME=          0.55 s
 NC=    7400 T= 1.1058E+01 DT= 1.4959E-03 ERR= -0.0% DM/M= 0.0000E+00
 ELAPSED TIME=          0.55 s  REMAINING TIME=          0.54 s
 NC=    7500 T= 1.1208E+01 DT= 1.4960E-03 ERR= -0.0% DM/M= 0.0000E+00
 ELAPSED TIME=          0.55 s  REMAINING TIME=          0.53 s
 NC=    7600 T= 1.1358E+01 DT= 1.4960E-03 ERR= -0.0% DM/M= 0.0000E+00
 ELAPSED TIME=          0.56 s  REMAINING TIME=          0.52 s
 NC=    7700 T= 1.1507E+01 DT= 1.4961E-03 ERR= -0.0% DM/M= 0.0000E+00
 ELAPSED TIME=          0.57 s  REMAINING TIME=          0.52 s
 NC=    7800 T= 1.1657E+01 DT= 1.4961E-03 ERR= -0.0% DM/M= 0.0000E+00
 ELAPSED TIME=          0.57 s  REMAINING TIME=          0.51 s
 NC=    7900 T= 1.1806E+01 DT= 1.4961E-03 ERR= -0.0% DM/M= 0.0000E+00
 ELAPSED TIME=          0.58 s  REMAINING TIME=          0.50 s
 NC=    8000 T= 1.1956E+01 DT= 1.4962E-03 ERR= -0.0% DM/M= 0.0000E+00
 ELAPSED TIME=          0.59 s  REMAINING TIME=          0.49 s
 NC=    8100 T= 1.2106E+01 DT= 1.4962E-03 ERR= -0.0% DM/M= 0.0000E+00
 ELAPSED TIME=          0.59 s  REMAINING TIME=          0.49 s
 NC=    8200 T= 1.2255E+01 DT= 1.4962E-03 ERR= -0.0% DM/M= 0.0000E+00
 ELAPSED TIME=          0.60 s  REMAINING TIME=          0.48 s
 NC=    8300 T= 1.2405E+01 DT= 1.4962E-03 ERR= -0.0% DM/M= 0.0000E+00
 ELAPSED TIME=          0.61 s  REMAINING TIME=          0.47 s
 NC=    8400 T= 1.2555E+01 DT= 1.4962E-03 ERR= -0.0% DM/M= 0.0000E+00
 ELAPSED TIME=          0.62 s  REMAINING TIME=          0.46 s
 NC=    8500 T= 1.2704E+01 DT= 1.4962E-03 ERR= -0.0% DM/M= 0.0000E+00
 ELAPSED TIME=          0.62 s  REMAINING TIME=          0.46 s
 NC=    8600 T= 1.2854E+01 DT= 1.4962E-03 ERR= -0.0% DM/M= 0.0000E+00
 ELAPSED TIME=          0.63 s  REMAINING TIME=          0.45 s
 NC=    8700 T= 1.3003E+01 DT= 1.4962E-03 ERR= -0.0% DM/M= 0.0000E+00
 ELAPSED TIME=          0.64 s  REMAINING TIME=          0.44 s
 NC=    8800 T= 1.3153E+01 DT= 1.4962E-03 ERR= -0.0% DM/M= 0.0000E+00
 ELAPSED TIME=          0.64 s  REMAINING TIME=          0.43 s
 NC=    8900 T= 1.3303E+01 DT= 1.4962E-03 ERR= -0.0% DM/M= 0.0000E+00
 ELAPSED TIME=          0.65 s  REMAINING TIME=          0.42 s
 NC=    9000 T= 1.3452E+01 DT= 1.4962E-03 ERR= -0.0% DM/M= 0.0000E+00
 ELAPSED TIME=          0.66 s  REMAINING TIME=          0.42 s
 NC=    9100 T= 1.3602E+01 DT= 1.4962E-03 ERR= -0.0% DM/M= 0.0000E+00
 ELAPSED TIME=          0.66 s  REMAINING TIME=          0.41 s
 NC=    9200 T= 1.3751E+01 DT= 1.4962E-03 ERR= -0.0% DM/M= 0.0000E+00
 ELAPSED TIME=          0.67 s  REMAINING TIME=          0.40 s
 NC=    9300 T= 1.3901E+01 DT= 1.4962E-03 ERR= -0.0% DM/M= 0.0000E+00
 ELAPSED TIME=          0.68 s  REMAINING TIME=          0.39 s
 NC=    9400 T= 1.4051E+01 DT= 1.4963E-03 ERR= -0.0% DM/M= 0.0000E+00
 ELAPSED TIME=          0.68 s  REMAINING TIME=          0.39 s
 NC=    9500 T= 1.4200E+01 DT= 1.4963E-03 ERR= -0.0% DM/M= 0.0000E+00
 ELAPSED TIME=          0.69 s  REMAINING TIME=          0.38 s
 NC=    9600 T= 1.4350E+01 DT= 1.4963E-03 ERR= -0.0% DM/M= 0.0000E+00
 ELAPSED TIME=          0.70 s  REMAINING TIME=          0.37 s
 NC=    9700 T= 1.4500E+01 DT= 1.4963E-03 ERR= -0.0% DM/M= 0.0000E+00
 ELAPSED TIME=          0.70 s  REMAINING TIME=          0.36 s
 NC=    9800 T= 1.4649E+01 DT= 1.4963E-03 ERR= -0.0% DM/M= 0.0000E+00
 ELAPSED TIME=          0.71 s  REMAINING TIME=          0.36 s
 NC=    9900 T= 1.4799E+01 DT= 1.4962E-03 ERR= -0.0% DM/M= 0.0000E+00
 ELAPSED TIME=          0.72 s  REMAINING TIME=          0.35 s
 NC=   10000 T= 1.4948E+01 DT= 1.4962E-03 ERR= -0.0% DM/M= 0.0000E+00
 ELAPSED TIME=          0.73 s  REMAINING TIME=          0.34 s
 NC=   10100 T= 1.5098E+01 DT= 1.4960E-03 ERR= -0.0% DM/M= 0.0000E+00
 ELAPSED TIME=          0.73 s  REMAINING TIME=          0.33 s
 NC=   10200 T= 1.5248E+01 DT= 1.4959E-03 ERR= -0.0% DM/M= 0.0000E+00
 ELAPSED TIME=          0.74 s  REMAINING TIME=          0.33 s
 NC=   10300 T= 1.5397E+01 DT= 1.4957E-03 ERR= -0.0% DM/M= 0.0000E+00
 ELAPSED TIME=          0.75 s  REMAINING TIME=          0.32 s
 NC=   10400 T= 1.5547E+01 DT= 1.4956E-03 ERR= -0.0% DM/M= 0.0000E+00
 ELAPSED TIME=          0.75 s  REMAINING TIME=          0.31 s
 NC=   10500 T= 1.5696E+01 DT= 1.4954E-03 ERR= -0.0% DM/M= 0.0000E+00
 ELAPSED TIME=          0.76 s  REMAINING TIME=          0.31 s
 NC=   10600 T= 1.5846E+01 DT= 1.4951E-03 ERR= -0.0% DM/M= 0.0000E+00
 ELAPSED TIME=          0.77 s  REMAINING TIME=          0.30 s
 NC=   10700 T= 1.5995E+01 DT= 1.4949E-03 ERR= -0.0% DM/M= 0.0000E+00
 ELAPSED TIME=          0.77 s  REMAINING TIME=          0.29 s
 NC=   10800 T= 1.6145E+01 DT= 1.4947E-03 ERR= -0.0% DM/M= 0.0000E+00
 ELAPSED TIME=          0.78 s  REMAINING TIME=          0.28 s
 NC=   10900 T= 1.6294E+01 DT= 1.4946E-03 ERR= -0.0% DM/M= 0.0000E+00
 ELAPSED TIME=          0.79 s  REMAINING TIME=          0.28 s
 NC=   11000 T= 1.6444E+01 DT= 1.4944E-03 ERR= -0.0% DM/M= 0.0000E+00
 ELAPSED TIME=          0.79 s  REMAINING TIME=          0.27 s
 NC=   11100 T= 1.6593E+01 DT= 1.4943E-03 ERR= -0.0% DM/M= 0.0000E+00
 ELAPSED TIME=          0.80 s  REMAINING TIME=          0.26 s
 NC=   11200 T= 1.6743E+01 DT= 1.4943E-03 ERR= -0.0% DM/M= 0.0000E+00
 ELAPSED TIME=          0.81 s  REMAINING TIME=          0.25 s
 NC=   11300 T= 1.6892E+01 DT= 1.4942E-03 ERR= -0.0% DM/M= 0.0000E+00
 ELAPSED TIME=          0.82 s  REMAINING TIME=          0.25 s
 NC=   11400 T= 1.7042E+01 DT= 1.4942E-03 ERR= -0.0% DM/M= 0.0000E+00
 ELAPSED TIME=          0.82 s  REMAINING TIME=          0.24 s
 NC=   11500 T= 1.7191E+01 DT= 1.4942E-03 ERR= -0.0% DM/M= 0.0000E+00
 ELAPSED TIME=          0.83 s  REMAINING TIME=          0.23 s
 NC=   11600 T= 1.7340E+01 DT= 1.4942E-03 ERR= -0.0% DM/M= 0.0000E+00
 ELAPSED TIME=          0.84 s  REMAINING TIME=          0.22 s
 NC=   11700 T= 1.7490E+01 DT= 1.4942E-03 ERR= -0.0% DM/M= 0.0000E+00
 ELAPSED TIME=          0.84 s  REMAINING TIME=          0.22 s
 NC=   11800 T= 1.7639E+01 DT= 1.4942E-03 ERR= -0.0% DM/M= 0.0000E+00
 ELAPSED TIME=          0.85 s  REMAINING TIME=          0.21 s
 NC=   11900 T= 1.7789E+01 DT= 1.4942E-03 ERR= -0.0% DM/M= 0.0000E+00
 ELAPSED TIME=          0.86 s  REMAINING TIME=          0.20 s
 NC=   12000 T= 1.7938E+01 DT= 1.4942E-03 ERR= -0.0% DM/M= 0.0000E+00
 ELAPSED TIME=          0.86 s  REMAINING TIME=          0.20 s
 NC=   12100 T= 1.8087E+01 DT= 1.4941E-03 ERR= -0.0% DM/M= 0.0000E+00
 ELAPSED TIME=          0.87 s  REMAINING TIME=          0.19 s
 NC=   12200 T= 1.8237E+01 DT= 1.4940E-03 ERR= -0.0% DM/M= 0.0000E+00
 ELAPSED TIME=          0.88 s  REMAINING TIME=          0.18 s
 NC=   12300 T= 1.8386E+01 DT= 1.4939E-03 ERR= -0.0% DM/M= 0.0000E+00
 ELAPSED TIME=          0.88 s  REMAINING TIME=          0.17 s
 NC=   12400 T= 1.8536E+01 DT= 1.4937E-03 ERR= -0.0% DM/M= 0.0000E+00
 ELAPSED TIME=          0.89 s  REMAINING TIME=          0.17 s
 NC=   12500 T= 1.8685E+01 DT= 1.4935E-03 ERR= -0.0% DM/M= 0.0000E+00
 ELAPSED TIME=          0.90 s  REMAINING TIME=          0.16 s
 NC=   12600 T= 1.8834E+01 DT= 1.4932E-03 ERR= -0.0% DM/M= 0.0000E+00
 ELAPSED TIME=          0.91 s  REMAINING TIME=          0.15 s
 NC=   12700 T= 1.8984E+01 DT= 1.4929E-03 ERR= -0.0% DM/M= 0.0000E+00
 ELAPSED TIME=          0.91 s  REMAINING TIME=          0.14 s
 NC=   12800 T= 1.9133E+01 DT= 1.4925E-03 ERR= -0.0% DM/M= 0.0000E+00
 ELAPSED TIME=          0.92 s  REMAINING TIME=          0.14 s
 NC=   12900 T= 1.9282E+01 DT= 1.4921E-03 ERR= -0.0% DM/M= 0.0000E+00
 ELAPSED TIME=          0.93 s  REMAINING TIME=          0.13 s
 NC=   13000 T= 1.9431E+01 DT= 1.4916E-03 ERR= -0.0% DM/M= 0.0000E+00
 ELAPSED TIME=          0.93 s  REMAINING TIME=          0.12 s
 NC=   13100 T= 1.9580E+01 DT= 1.4911E-03 ERR= -0.0% DM/M= 0.0000E+00
 ELAPSED TIME=          0.94 s  REMAINING TIME=          0.12 s
 NC=   13200 T= 1.9730E+01 DT= 1.4905E-03 ERR= -0.0% DM/M= 0.0000E+00
 ELAPSED TIME=          0.95 s  REMAINING TIME=          0.11 s
 NC=   13300 T= 1.9879E+01 DT= 1.4900E-03 ERR= -0.0% DM/M= 0.0000E+00
 ELAPSED TIME=          0.95 s  REMAINING TIME=          0.10 s
 NC=   13400 T= 2.0028E+01 DT= 1.4894E-03 ERR= -0.0% DM/M= 0.0000E+00
 ELAPSED TIME=          0.96 s  REMAINING TIME=          0.09 s
 NC=   13500 T= 2.0176E+01 DT= 1.4889E-03 ERR= -0.0% DM/M= 0.0000E+00
 ELAPSED TIME=          0.97 s  REMAINING TIME=          0.09 s
 NC=   13600 T= 2.0325E+01 DT= 1.4884E-03 ERR= -0.0% DM/M= 0.0000E+00
 ELAPSED TIME=          0.97 s  REMAINING TIME=          0.08 s
 NC=   13700 T= 2.0474E+01 DT= 1.4879E-03 ERR= -0.0% DM/M= 0.0000E+00
 ELAPSED TIME=          0.98 s  REMAINING TIME=          0.07 s
 NC=   13800 T= 2.0623E+01 DT= 1.4875E-03 ERR= -0.0% DM/M= 0.0000E+00
 ELAPSED TIME=          0.99 s  REMAINING TIME=          0.07 s
 NC=   13900 T= 2.0772E+01 DT= 1.4872E-03 ERR= -0.0% DM/M= 0.0000E+00
 ELAPSED TIME=          0.99 s  REMAINING TIME=          0.06 s
 NC=   14000 T= 2.0920E+01 DT= 1.4869E-03 ERR= -0.0% DM/M= 0.0000E+00
 ELAPSED TIME=          1.00 s  REMAINING TIME=          0.05 s
 NC=   14100 T= 2.1069E+01 DT= 1.4868E-03 ERR= -0.0% DM/M= 0.0000E+00
 ELAPSED TIME=          1.01 s  REMAINING TIME=          0.04 s
 NC=   14200 T= 2.1218E+01 DT= 1.4866E-03 ERR= -0.0% DM/M= 0.0000E+00
 ELAPSED TIME=          1.02 s  REMAINING TIME=          0.04 s
 NC=   14300 T= 2.1366E+01 DT= 1.4866E-03 ERR= -0.0% DM/M= 0.0000E+00
 ELAPSED TIME=          1.02 s  REMAINING TIME=          0.03 s
 NC=   14400 T= 2.1515E+01 DT= 1.4866E-03 ERR= -0.0% DM/M= 0.0000E+00
 ELAPSED TIME=          1.03 s  REMAINING TIME=          0.02 s
 NC=   14500 T= 2.1664E+01 DT= 1.4866E-03 ERR= -0.0% DM/M= 0.0000E+00
 ELAPSED TIME=          1.04 s  REMAINING TIME=          0.02 s
 NC=   14600 T= 2.1812E+01 DT= 1.4866E-03 ERR= -0.0% DM/M= 0.0000E+00
 ELAPSED TIME=          1.04 s  REMAINING TIME=          0.01 s
 NC=   14700 T= 2.1961E+01 DT= 1.4866E-03 ERR= -0.0% DM/M= 0.0000E+00
 ELAPSED TIME=          1.05 s  REMAINING TIME=          0.00 s
     RESTART FILES: I02I_ENG_FINITE_SLOW_R3_0001_[0001-0001].rst WRITTEN
  
                           ** CPU USER TIME **
  
  
                        ** SUMMARY **
  
 #PROC  ELEMENT   KINCOND   INTEG     IO        T0        ASM       RESOL    
   1   .1250E+00 .1562E+00 .1094E+00 .2188E+00 .2500E+00 .6250E-01 .1031E+01
 
                   ** CUMULATIVE CPU TIME SUMMARY **
  
 CONTACT SORTING.............: .0000E+00     0.00 % 
 CONTACT FORCES..............: .0000E+00     0.00 % 
 ELEMENT FORCES..............: .1250E+00    12.12 % 
 KINEMATIC COND..............: .1562E+00    15.15 % 
 INTEGRATION.................: .1094E+00    10.61 % 
 ASSEMBLING..................: .6250E-01     6.06 % 
 OTHERS (including I/O)......: .5781E+00    56.06 % 
 TOTAL.......................: .1031E+01   100.00 % 
  
                   ** MEMORY USAGE STATISTICS **
  
 TOTAL MEMORY USED .........................:       48 MB
 MAXIMUM MEMORY PER PROCESSOR...............:       48 MB
 MINIMUM MEMORY PER PROCESSOR...............:       48 MB
 AVERAGE MEMORY PER PROCESSOR...............:       48 MB
  
                   ** DISK USAGE STATISTICS **
  
 TOTAL DISK SPACE USED .....................:          1 MB
 ANIMATION/H3D/TH/OUTP SIZE ................:          1 MB
 RESTART FILE SIZE .........................:          0 MB
  
 ELAPSED TIME     =          1.05 s
                          0:00:01
  
     NORMAL TERMINATION      
     TOTAL NUMBER OF CYCLES  :   14727
