************************************************************************
**                                                                    **
**                                                                    **
**                        OpenRadioss Starter                         **
**                                                                    **
**            Non-linear Finite Element Analysis Software             **
**                                                                    **
**                                                                    **
**                                                                    **
**                  Windows 64 bits, Intel compiler                   **
**                      Double Precision Version                      **
**                                                                    **
**                                                                    **
**                                                                    **
************************************************************************
** OpenRadioss Software                                               **
** COPYRIGHT (C) 2026 Siemens                                         **
** Licensed under GNU Affero General Public License.                  **
** See License file.                                                  **
************************************************************************
 
A05_COMP_SELF
 .. UNITS SYSTEM                                                                         
 .. CONTROL VARIABLES                                                                    
 .. STARTER RUNNING ON    2 THREADS
 .. MATERIALS                                                                            
 .. NODES                                                                                
 .. PROPERTIES                                                                           
 .. 3D SHELL ELEMENTS                                                                    
 .. 3D BEAM ELEMENTS                                                                     
 .. 3D TRIANGULAR SHELL ELEMENTS                                                         
 .. SUBSETS
 .. ELEMENT GROUPS
 .. PART GROUPS
 .. SURFACES 
 .. NODE GROUP
 .. BOUNDARY CONDITIONS                                                                  
 .. INITIAL VELOCITIES                                                                   
 .. DOMAIN DECOMPOSITION
 .. ELEMENT GROUPS                                                                       
 .. INTERFACES                                                                           
 .. INTERFACE BUFFER INITIALIZATION                                                      
 .. ADDED MASSES                                                                         
 .. RETURNS TO DOMAIN DECOMPOSITION FOR OPTIMIZATION
 .. DOMAIN DECOMPOSITION
 .. ELEMENT GROUPS                                                                       
 .. INTERFACES                                                                           
 .. INTERFACE BUFFER INITIALIZATION                                                      
 .. ADDED MASSES                                                                         
 .. ELEMENT BUFFER INITIALIZATION                                                        

ERROR ID :    260
** ERROR IN TH
DESCRIPTION :  
   -- THGROUP ID: 12
   -- THGROUP TITLE: SELF_CONTACT_RAW_HISTORY
   TH VARIABLE CE IS NOT AVAILABLE
 .. GEOMETRY PLOT FILE                                                                   
 .. ERROR ==> NO RESTART FILE                                                            
  
------------------------------------------------------------------------
  
                   ** COMPUTE TIME INFORMATION **
  
 EXECUTION STARTED      :      2026/10/05  17:26:48
 EXECUTION COMPLETED    :      2026/10/05  17:26:49
  
 ELAPSED TIME...........=          1.14 s
                               00:00:01
  
------------------------------------------------------------------------



     ERROR TERMINATION                  
     ------------------                                                                  
              1 ERROR(S)            
              0 WARNING(S)          




PLEASE CHECK LISTING FILE FOR FURTHER DETAILS


