 A20_SHEAR_L_LOW_0001.out
************************************************************************
**                                                                    **
**                                                                    **
**                         OpenRadioss Engine                         **
**                                                                    **
**            Non-linear Finite Element Analysis Software             **
**                                                                    **
**                                                                    **
**                                                                    **
**                  Windows 64 bits, Intel compiler                   **
**                      Double Precision Version                      **
**                                                                    **
**                                                                    **
**                                                                    **
************************************************************************
** OpenRadioss Software                                               **
** COPYRIGHT (C) 2026 Siemens                                         **
** Licensed under GNU Affero General Public License.                  **
** See License file.                                                  **
************************************************************************
 
 NUMBER OF SPMD DOMAINS           1
 NUMBER OF THREADS PER DOMAIN     2
 NUMBER OF HMPP PROCESSES         2
  
 COMPUTATION HARDWARE DESCRIPTION
  
 HOSTNAME     CPU TYPE, FREQUENCY AND MEMORY
 jeux   AMD Ryzen 5 5600 6-Core Processor               (x86_64), 3700 MHz,   6207 MB RAM,  18985 MB swap
  
 STACKSIZE  . . . . . . . . . . . . . . . . . . . . 1430 MB
 THREAD STACKSIZE . . . . . . . . . . . . . . . . . 400 MB
 
************************************************************************


 A20_SHEAR_L_LOWD01                                                              


 FINAL TIME . . . . . . . . . . . . . . . . . . .   1.000000    

 TIME INTERVAL FOR TIME HISTORY PLOTS . . . . . .  0.1000000E-02

 TIME STEP SCALE FACTOR . . . . . . . . . . . . .  0.4000000    

 MINIMUM TIME STEP  . . . . . . . . . . . . . . .   0.000000    


 BRICK TIME STEP SCALE FACTOR . . . . . . . . . .  0.4000000    
 BRICK MINIMUM TIME STEP. . . . . . . . . . . . .   0.000000    
 MIN. TIME STEP FLAG (1:STOP RUN, 2:DELETE BRICK)     1

 QUAD TIME STEP SCALE FACTOR. . . . . . . . . . .  0.4000000    
 QUAD MINIMUM TIME STEP . . . . . . . . . . . . .   0.000000    
 MIN. TIME STEP FLAG (1:STOP RUN, 2:DELETE QUAD).     1

 SHELL TIME STEP SCALE FACTOR . . . . . . . . . .  0.4000000    
 SHELL MINIMUM TIME STEP. . . . . . . . . . . . .   0.000000    
 MIN. TIME FLAG (1:STOP, 2:DELETE, 3:SMALL STRAIN)    2

 TRUSS TIME STEP SCALE FACTOR . . . . . . . . . .  0.4000000    
 TRUSS MINIMUM TIME STEP. . . . . . . . . . . . .   0.000000    
 MIN. TIME FLAG (1:STOP, 2:DELETE). . . . . . . .     0

 BEAM TIME STEP SCALE FACTOR. . . . . . . . . . .  0.4000000    
 BEAM MINIMUM TIME STEP . . . . . . . . . . . . .   0.000000    
 MIN. TIME FLAG (1:STOP, 2:DELETE). . . . . . . .     0

 SPRING TIME STEP SCALE FACTOR. . . . . . . . . .  0.4000000    
 SPRING MINIMUM TIME STEP . . . . . . . . . . . .   0.000000    
 MIN. TIME FLAG (1:STOP, 2:DELETE). . . . . . . .     0

 AIRBAG TIME STEP SCALE FACTOR. . . . . . . . . .  0.4000000    
 AIRBAG MINIMUM TIME STEP . . . . . . . . . . . .   0.000000    
 MIN. TIME FLAG (1:STOP). . . . . . . . . . . . .     0

 CONTACT TIME STEP SCALE FACTOR . . . . . . . . .  0.4000000    
 CONTACT MINIMUM TIME STEP. . . . . . . . . . . .   0.000000    
 MIN. TIME FLAG(1:STOP, 2:REMOVE NODE FROM INTERF)    0

 PRINTOUT CYCLE FREQUENCY . . . . . . . . . . . .  -100

 RESTART CYCLE FREQUENCY. . . . . . . . . . . . .   10000000

 MAXIMUM RESTART WRITE BEFORE OVERWRITE . . . . .     0

 INVERS: INPUT DECK VERSION . . . . . . . . . . .  2026
 ITTYP : FLAG FOR TYPE OF T-FILE. . . . . . . . .     4

 INITIAL TIME STEP. . . . . . . . . . . . . . . .  0.2500000E-04
 MAXIMUM TIME STEP. . . . . . . . . . . . . . . .  0.2500000E-04

 PARALLEL ARITHMETIC ON
 NUMBER OF INTERFACES TO BE ELIMINATED. . . . . .        0

 NUMBER OF PARTS TO BE ELIMINATED . . . . . . . .        0

 NUMBER OF SOLID  ELEMENT BLOCKS TO BE ELIMINATED        0

 NUMBER OF QUAD   ELEMENT BLOCKS TO BE ELIMINATED        0

 NUMBER OF SHELL  ELEMENT BLOCKS TO BE ELIMINATED        0

 NUMBER OF TRUSS  ELEMENT BLOCKS TO BE ELIMINATED        0

 NUMBER OF BEAM   ELEMENT BLOCKS TO BE ELIMINATED        0

 NUMBER OF SPRING ELEMENT BLOCKS TO BE ELIMINATED        0

 NUMBER OF SH_3N  ELEMENT BLOCKS TO BE ELIMINATED        0

 NUMBER OF  SPH PARTICLES BLOCKS TO BE ELIMINATED        0

 NUMBER OF RIGID LINKS. . . . . . . . . . . . . .        0

 NUMBER OF NEW BOUNDARY CONDITIONS. . . . . . . .        0


 TIME FOR FIRST ANIMATION-FILE PLOT . . . . . . .   0.000000    
 TIME INTERVAL FOR ANIMATION-FILE PLOTS . . . . .  0.2500000E-01
 TIME TO STOP ANIMATION-FILE PLOTS. . . . . . . .  0.1000000E+21
 SENSOR FOR ANIMATION-FILE PLOTS. . . . . . . . .          0
 TIME INTERVAL FOR SENSOR ANIMATION-FILE PLOTS. .   0.000000    

 VARIABLE SAVED ON ANIMATION FILES (1: YES) :
      PLASTIC STRAIN. . . . . .     0
      DENSITY     (SOLID ONLY).     0
      SPECIFIC ENERGY . . . . .     1
      HOURGLASS ENERGY. . . . .     0
      TEMPERATURE (SOLID ONLY).     0
      THICKNESS   (SHELL ONLY).     0
      PRESSURE    (SOLID ONLY).     0
      VON MISES . . . . . . . .     0
      TURBULENT ENERGY (FLUID).     0
      TURBULENT VISCOSITY(FLUID)    0
      VORTICITY (FLUID) . . . .     0
 NODAL VALUES SAVED ON ANIMATION FILES (1: YES) :
      PRESSURE. . . . . . . . .     0
      DENSITY . . . . . . . . .     0
      TEMPERATURE . . . . . . .     0
 VECTOR SAVED ON ANIMATION FILES (1: YES) :
      VELOCITY VECTOR . . . . .     1
      DISPLACEMENT VECTOR . . .     1
      ACCELERATION VECTOR . . .     0
      CONTACT FORCES. . . . . .     0
      INTERNAL FORCES . . . . .     0
      EXTERNAL FORCES . . . . .     0
      SECTION RBY RWALL FORCES.     0
      ROTATIONAL VELOCITY VECTOR    0
      CONTACT PRESSURE (VECTORS)    0
 SHELL TENSOR SAVED ON ANIMATION FILES (1: YES) :
      MEMBRANE STRESS . . . . .     0
      BENDING STRESS(MOMENT/T^2)    0
      UPPER LAYER STRESS. . . .     0
      LOWER LAYER STRESS. . . .     0
      MEMBRANE STRAIN . . . . .     0
      CURVATURE . . . . . . . .     0
      UPPER LAYER STRAIN. . . .     0
      LOWER LAYER STRAIN. . . .     0
 NODAL MASS SAVED ON ANIMATION FILES (1: YES) :    1
 KEEP DELETED ELEMENT (1: YES) :    0


 09/10/2026
   CYCLE    TIME      TIME-STEP  ELEMENT          ERROR  I-ENERGY    K-ENERGY T  K-ENERGY R  EXT-WORK     MAS.ERR     TOTAL MASS  MASS ADDED
       0   0.000      0.2500E-04 SOLID          1   0.0%   0.000       0.000       0.000       0.000       0.000      0.3840E-01   0.000    
     ANIMATION FILE: A20_SHEAR_L_LOWA001 WRITTEN
     100  0.2500E-02  0.2500E-04 SOLID          1  -0.0%  0.3996E-08  0.7804E-05   0.000      0.7811E-05   0.000      0.3840E-01   0.000    
     200  0.5000E-02  0.2500E-04 SOLID          1  -0.0%  0.6308E-07  0.3059E-04   0.000      0.3066E-04   0.000      0.3840E-01   0.000    
     300  0.7500E-02  0.2500E-04 SOLID          1  -0.0%  0.3151E-06  0.6743E-04   0.000      0.6775E-04   0.000      0.3840E-01   0.000    
     400  0.1000E-01  0.2500E-04 SOLID          1  -0.0%  0.9822E-06  0.1174E-03   0.000      0.1184E-03   0.000      0.3840E-01   0.000    
     500  0.1250E-01  0.2500E-04 SOLID          1  -0.0%  0.2365E-05  0.1797E-03   0.000      0.1820E-03   0.000      0.3840E-01   0.000    
     600  0.1500E-01  0.2500E-04 SOLID          1  -0.0%  0.4837E-05  0.2533E-03   0.000      0.2581E-03   0.000      0.3840E-01   0.000    
     700  0.1750E-01  0.2500E-04 SOLID          1  -0.0%  0.8838E-05  0.3375E-03   0.000      0.3463E-03   0.000      0.3840E-01   0.000    
     800  0.2000E-01  0.2500E-04 SOLID          1  -0.0%  0.1487E-04  0.4313E-03   0.000      0.4462E-03   0.000      0.3840E-01   0.000    
     900  0.2250E-01  0.2500E-04 SOLID          1  -0.0%  0.2348E-04  0.5341E-03   0.000      0.5576E-03   0.000      0.3840E-01   0.000    
    1000  0.2500E-01  0.2500E-04 SOLID          1  -0.0%  0.3528E-04  0.6450E-03   0.000      0.6803E-03   0.000      0.3840E-01   0.000    
     ANIMATION FILE: A20_SHEAR_L_LOWA002 WRITTEN
    1100  0.2750E-01  0.2500E-04 SOLID          1  -0.0%  0.5092E-04  0.7632E-03   0.000      0.8141E-03   0.000      0.3840E-01   0.000    
    1200  0.3000E-01  0.2500E-04 SOLID          1  -0.0%  0.7108E-04  0.8879E-03   0.000      0.9590E-03   0.000      0.3840E-01   0.000    
    1300  0.3250E-01  0.2500E-04 SOLID          1  -0.0%  0.9649E-04  0.1019E-02   0.000      0.1115E-02   0.000      0.3840E-01   0.000    
    1400  0.3500E-01  0.2500E-04 SOLID          1  -0.0%  0.1279E-03  0.1154E-02   0.000      0.1282E-02   0.000      0.3840E-01   0.000    
    1500  0.3750E-01  0.2500E-04 SOLID          1  -0.0%  0.1661E-03  0.1294E-02   0.000      0.1461E-02   0.000      0.3840E-01   0.000    
    1600  0.4000E-01  0.2500E-04 SOLID          1  -0.0%  0.2118E-03  0.1438E-02   0.000      0.1650E-02   0.000      0.3840E-01   0.000    
    1700  0.4250E-01  0.2500E-04 SOLID          1  -0.0%  0.2659E-03  0.1585E-02   0.000      0.1851E-02   0.000      0.3840E-01   0.000    
    1800  0.4500E-01  0.2500E-04 SOLID          1  -0.0%  0.3292E-03  0.1735E-02   0.000      0.2064E-02   0.000      0.3840E-01   0.000    
    1900  0.4750E-01  0.2500E-04 SOLID          1  -0.0%  0.4026E-03  0.1886E-02   0.000      0.2289E-02   0.000      0.3840E-01   0.000    
    2000  0.5000E-01  0.2500E-04 SOLID          1  -0.0%  0.4867E-03  0.2038E-02   0.000      0.2525E-02   0.000      0.3840E-01   0.000    
     ANIMATION FILE: A20_SHEAR_L_LOWA003 WRITTEN
    2100  0.5250E-01  0.2500E-04 SOLID          1  -0.0%  0.5825E-03  0.2192E-02   0.000      0.2774E-02   0.000      0.3840E-01   0.000    
    2200  0.5500E-01  0.2500E-04 SOLID          1  -0.0%  0.6908E-03  0.2345E-02   0.000      0.3036E-02   0.000      0.3840E-01   0.000    
    2300  0.5750E-01  0.2500E-04 SOLID          1  -0.0%  0.8124E-03  0.2497E-02   0.000      0.3310E-02   0.000      0.3840E-01   0.000    
    2400  0.6000E-01  0.2500E-04 SOLID          1  -0.0%  0.9481E-03  0.2649E-02   0.000      0.3597E-02   0.000      0.3840E-01   0.000    
    2500  0.6250E-01  0.2500E-04 SOLID          1  -0.0%  0.1099E-02  0.2799E-02   0.000      0.3898E-02   0.000      0.3840E-01   0.000    
    2600  0.6500E-01  0.2500E-04 SOLID          1  -0.0%  0.1265E-02  0.2948E-02   0.000      0.4212E-02   0.000      0.3840E-01   0.000    
    2700  0.6750E-01  0.2500E-04 SOLID          1  -0.0%  0.1447E-02  0.3093E-02   0.000      0.4541E-02   0.000      0.3840E-01   0.000    
    2800  0.7000E-01  0.2500E-04 SOLID          1  -0.0%  0.1647E-02  0.3236E-02   0.000      0.4883E-02   0.000      0.3840E-01   0.000    
    2900  0.7250E-01  0.2500E-04 SOLID          1  -0.0%  0.1864E-02  0.3376E-02   0.000      0.5240E-02   0.000      0.3840E-01   0.000    
    3000  0.7500E-01  0.2500E-04 SOLID          1  -0.0%  0.2100E-02  0.3512E-02   0.000      0.5611E-02   0.000      0.3840E-01   0.000    
     ANIMATION FILE: A20_SHEAR_L_LOWA004 WRITTEN
    3100  0.7750E-01  0.2500E-04 SOLID          1  -0.0%  0.2354E-02  0.3643E-02   0.000      0.5997E-02   0.000      0.3840E-01   0.000    
    3200  0.8000E-01  0.2500E-04 SOLID          1  -0.0%  0.2628E-02  0.3770E-02   0.000      0.6398E-02   0.000      0.3840E-01   0.000    
    3300  0.8250E-01  0.2500E-04 SOLID          1  -0.0%  0.2922E-02  0.3893E-02   0.000      0.6815E-02   0.000      0.3840E-01   0.000    
    3400  0.8500E-01  0.2500E-04 SOLID          1  -0.0%  0.3237E-02  0.4010E-02   0.000      0.7246E-02   0.000      0.3840E-01   0.000    
    3500  0.8750E-01  0.2500E-04 SOLID          1  -0.0%  0.3572E-02  0.4121E-02   0.000      0.7693E-02   0.000      0.3840E-01   0.000    
    3600  0.9000E-01  0.2500E-04 SOLID          1  -0.0%  0.3929E-02  0.4227E-02   0.000      0.8156E-02   0.000      0.3840E-01   0.000    
    3700  0.9250E-01  0.2500E-04 SOLID          1  -0.0%  0.4308E-02  0.4327E-02   0.000      0.8634E-02   0.000      0.3840E-01   0.000    
    3800  0.9500E-01  0.2500E-04 SOLID          1  -0.0%  0.4708E-02  0.4420E-02   0.000      0.9128E-02   0.000      0.3840E-01   0.000    
    3900  0.9750E-01  0.2500E-04 SOLID          1  -0.0%  0.5131E-02  0.4507E-02   0.000      0.9637E-02   0.000      0.3840E-01   0.000    
    4000  0.1000      0.2500E-04 SOLID          1  -0.0%  0.5576E-02  0.4586E-02   0.000      0.1016E-01   0.000      0.3840E-01   0.000    
     ANIMATION FILE: A20_SHEAR_L_LOWA005 WRITTEN
    4100  0.1025      0.2500E-04 SOLID          1  -0.0%  0.6043E-02  0.4659E-02   0.000      0.1070E-01   0.000      0.3840E-01   0.000    
    4200  0.1050      0.2500E-04 SOLID          1  -0.0%  0.6533E-02  0.4725E-02   0.000      0.1126E-01   0.000      0.3840E-01   0.000    
    4300  0.1075      0.2500E-04 SOLID          1  -0.0%  0.7046E-02  0.4783E-02   0.000      0.1183E-01   0.000      0.3840E-01   0.000    
    4400  0.1100      0.2500E-04 SOLID          1  -0.0%  0.7580E-02  0.4834E-02   0.000      0.1241E-01   0.000      0.3840E-01   0.000    
    4500  0.1125      0.2500E-04 SOLID          1  -0.0%  0.8138E-02  0.4878E-02   0.000      0.1302E-01   0.000      0.3840E-01   0.000    
    4600  0.1150      0.2500E-04 SOLID          1  -0.0%  0.8717E-02  0.4913E-02   0.000      0.1363E-01   0.000      0.3840E-01   0.000    
    4700  0.1175      0.2500E-04 SOLID          1  -0.0%  0.9318E-02  0.4941E-02   0.000      0.1426E-01   0.000      0.3840E-01   0.000    
    4800  0.1200      0.2500E-04 SOLID          1  -0.0%  0.9941E-02  0.4961E-02   0.000      0.1490E-01   0.000      0.3840E-01   0.000    
    4900  0.1225      0.2500E-04 SOLID          1  -0.0%  0.1059E-01  0.4973E-02   0.000      0.1556E-01   0.000      0.3840E-01   0.000    
    5000  0.1250      0.2500E-04 SOLID          1   0.0%  0.1125E-01  0.4977E-02   0.000      0.1623E-01   0.000      0.3840E-01   0.000    
     ANIMATION FILE: A20_SHEAR_L_LOWA006 WRITTEN
    5100  0.1275      0.2500E-04 SOLID          1   0.0%  0.1193E-01  0.4973E-02   0.000      0.1691E-01   0.000      0.3840E-01   0.000    
    5200  0.1300      0.2500E-04 SOLID          1   0.0%  0.1264E-01  0.4961E-02   0.000      0.1760E-01   0.000      0.3840E-01   0.000    
    5300  0.1325      0.2500E-04 SOLID          1   0.0%  0.1336E-01  0.4941E-02   0.000      0.1830E-01   0.000      0.3840E-01   0.000    
    5400  0.1350      0.2500E-04 SOLID          1   0.0%  0.1411E-01  0.4913E-02   0.000      0.1902E-01   0.000      0.3840E-01   0.000    
    5500  0.1375      0.2500E-04 SOLID          1   0.0%  0.1487E-01  0.4878E-02   0.000      0.1974E-01   0.000      0.3840E-01   0.000    
    5600  0.1400      0.2500E-04 SOLID          1   0.0%  0.1564E-01  0.4834E-02   0.000      0.2048E-01   0.000      0.3840E-01   0.000    
    5700  0.1425      0.2500E-04 SOLID          1   0.0%  0.1643E-01  0.4783E-02   0.000      0.2122E-01   0.000      0.3840E-01   0.000    
    5800  0.1450      0.2500E-04 SOLID          1   0.0%  0.1724E-01  0.4725E-02   0.000      0.2197E-01   0.000      0.3840E-01   0.000    
    5900  0.1475      0.2500E-04 SOLID          1   0.0%  0.1806E-01  0.4659E-02   0.000      0.2272E-01   0.000      0.3840E-01   0.000    
    6000  0.1500      0.2500E-04 SOLID          1   0.0%  0.1890E-01  0.4586E-02   0.000      0.2348E-01   0.000      0.3840E-01   0.000    
     ANIMATION FILE: A20_SHEAR_L_LOWA007 WRITTEN
    6100  0.1525      0.2500E-04 SOLID          1   0.0%  0.1974E-01  0.4507E-02   0.000      0.2425E-01   0.000      0.3840E-01   0.000    
    6200  0.1550      0.2500E-04 SOLID          1   0.0%  0.2060E-01  0.4420E-02   0.000      0.2502E-01   0.000      0.3840E-01   0.000    
    6300  0.1575      0.2500E-04 SOLID          1   0.0%  0.2146E-01  0.4327E-02   0.000      0.2579E-01   0.000      0.3840E-01   0.000    
    6400  0.1600      0.2500E-04 SOLID          1   0.0%  0.2233E-01  0.4227E-02   0.000      0.2656E-01   0.000      0.3840E-01   0.000    
    6500  0.1625      0.2500E-04 SOLID          1   0.0%  0.2321E-01  0.4121E-02   0.000      0.2734E-01   0.000      0.3840E-01   0.000    
    6600  0.1650      0.2500E-04 SOLID          1   0.0%  0.2410E-01  0.4010E-02   0.000      0.2811E-01   0.000      0.3840E-01   0.000    
    6700  0.1675      0.2500E-04 SOLID          1   0.0%  0.2499E-01  0.3893E-02   0.000      0.2888E-01   0.000      0.3840E-01   0.000    
    6800  0.1700      0.2500E-04 SOLID          1   0.0%  0.2588E-01  0.3770E-02   0.000      0.2965E-01   0.000      0.3840E-01   0.000    
    6900  0.1725      0.2500E-04 SOLID          1   0.0%  0.2677E-01  0.3643E-02   0.000      0.3041E-01   0.000      0.3840E-01   0.000    
    7000  0.1750      0.2500E-04 SOLID          1   0.0%  0.2766E-01  0.3512E-02   0.000      0.3117E-01   0.000      0.3840E-01   0.000    
     ANIMATION FILE: A20_SHEAR_L_LOWA008 WRITTEN
    7100  0.1775      0.2500E-04 SOLID          1   0.0%  0.2855E-01  0.3376E-02   0.000      0.3192E-01   0.000      0.3840E-01   0.000    
    7200  0.1800      0.2500E-04 SOLID          1   0.0%  0.2943E-01  0.3236E-02   0.000      0.3267E-01   0.000      0.3840E-01   0.000    
    7300  0.1825      0.2500E-04 SOLID          1   0.0%  0.3031E-01  0.3093E-02   0.000      0.3340E-01   0.000      0.3840E-01   0.000    
    7400  0.1850      0.2500E-04 SOLID          1   0.0%  0.3118E-01  0.2948E-02   0.000      0.3412E-01   0.000      0.3840E-01   0.000    
    7500  0.1875      0.2500E-04 SOLID          1   0.0%  0.3204E-01  0.2799E-02   0.000      0.3484E-01   0.000      0.3840E-01   0.000    
    7600  0.1900      0.2500E-04 SOLID          1   0.0%  0.3288E-01  0.2649E-02   0.000      0.3553E-01   0.000      0.3840E-01   0.000    
    7700  0.1925      0.2500E-04 SOLID          1   0.0%  0.3372E-01  0.2497E-02   0.000      0.3622E-01   0.000      0.3840E-01   0.000    
    7800  0.1950      0.2500E-04 SOLID          1   0.0%  0.3454E-01  0.2345E-02   0.000      0.3688E-01   0.000      0.3840E-01   0.000    
    7900  0.1975      0.2500E-04 SOLID          1   0.0%  0.3534E-01  0.2192E-02   0.000      0.3753E-01   0.000      0.3840E-01   0.000    
    8000  0.2000      0.2500E-04 SOLID          1   0.0%  0.3613E-01  0.2038E-02   0.000      0.3816E-01   0.000      0.3840E-01   0.000    
     ANIMATION FILE: A20_SHEAR_L_LOWA009 WRITTEN
    8100  0.2025      0.2500E-04 SOLID          1   0.0%  0.3689E-01  0.1886E-02   0.000      0.3878E-01   0.000      0.3840E-01   0.000    
    8200  0.2050      0.2500E-04 SOLID          1   0.0%  0.3763E-01  0.1735E-02   0.000      0.3937E-01   0.000      0.3840E-01   0.000    
    8300  0.2075      0.2500E-04 SOLID          1   0.0%  0.3835E-01  0.1585E-02   0.000      0.3993E-01   0.000      0.3840E-01   0.000    
    8400  0.2100      0.2500E-04 SOLID          1   0.0%  0.3904E-01  0.1438E-02   0.000      0.4047E-01   0.000      0.3840E-01   0.000    
    8500  0.2125      0.2500E-04 SOLID          1   0.0%  0.3970E-01  0.1294E-02   0.000      0.4099E-01   0.000      0.3840E-01   0.000    
    8600  0.2150      0.2500E-04 SOLID          1   0.0%  0.4033E-01  0.1154E-02   0.000      0.4148E-01   0.000      0.3840E-01   0.000    
    8700  0.2175      0.2500E-04 SOLID          1   0.0%  0.4093E-01  0.1019E-02   0.000      0.4195E-01   0.000      0.3840E-01   0.000    
    8800  0.2200      0.2500E-04 SOLID          1   0.0%  0.4149E-01  0.8879E-03   0.000      0.4238E-01   0.000      0.3840E-01   0.000    
    8900  0.2225      0.2500E-04 SOLID          1   0.0%  0.4202E-01  0.7632E-03   0.000      0.4279E-01   0.000      0.3840E-01   0.000    
    9000  0.2250      0.2500E-04 SOLID          1   0.0%  0.4251E-01  0.6450E-03   0.000      0.4316E-01   0.000      0.3840E-01   0.000    
     ANIMATION FILE: A20_SHEAR_L_LOWA010 WRITTEN
    9100  0.2275      0.2500E-04 SOLID          1   0.0%  0.4297E-01  0.5341E-03   0.000      0.4350E-01   0.000      0.3840E-01   0.000    
    9200  0.2300      0.2500E-04 SOLID          1   0.0%  0.4338E-01  0.4313E-03   0.000      0.4381E-01   0.000      0.3840E-01   0.000    
    9300  0.2325      0.2500E-04 SOLID          1   0.0%  0.4375E-01  0.3375E-03   0.000      0.4408E-01   0.000      0.3840E-01   0.000    
    9400  0.2350      0.2500E-04 SOLID          1   0.0%  0.4407E-01  0.2533E-03   0.000      0.4432E-01   0.000      0.3840E-01   0.000    
    9500  0.2375      0.2500E-04 SOLID          1   0.0%  0.4435E-01  0.1797E-03   0.000      0.4453E-01   0.000      0.3840E-01   0.000    
    9600  0.2400      0.2500E-04 SOLID          1   0.0%  0.4458E-01  0.1174E-03   0.000      0.4470E-01   0.000      0.3840E-01   0.000    
    9700  0.2425      0.2500E-04 SOLID          1   0.0%  0.4476E-01  0.6743E-04   0.000      0.4483E-01   0.000      0.3840E-01   0.000    
    9800  0.2450      0.2500E-04 SOLID          1   0.0%  0.4489E-01  0.3059E-04   0.000      0.4492E-01   0.000      0.3840E-01   0.000    
    9900  0.2475      0.2500E-04 SOLID          1   0.0%  0.4497E-01  0.7804E-05   0.000      0.4498E-01   0.000      0.3840E-01   0.000    
   CYCLE    TIME      TIME-STEP  ELEMENT          ERROR  I-ENERGY    K-ENERGY T  K-ENERGY R  EXT-WORK     MAS.ERR     TOTAL MASS  MASS ADDED
   10000  0.2500      0.2500E-04 SOLID          1   0.0%  0.4500E-01  0.2958E-26   0.000      0.4500E-01   0.000      0.3840E-01   0.000    
     ANIMATION FILE: A20_SHEAR_L_LOWA011 WRITTEN
   10100  0.2525      0.2500E-04 SOLID          1   0.0%  0.4497E-01  0.7804E-05   0.000      0.4498E-01   0.000      0.3840E-01   0.000    
   10200  0.2550      0.2500E-04 SOLID          1   0.0%  0.4489E-01  0.3059E-04   0.000      0.4492E-01   0.000      0.3840E-01   0.000    
   10300  0.2575      0.2500E-04 SOLID          1   0.0%  0.4476E-01  0.6743E-04   0.000      0.4483E-01   0.000      0.3840E-01   0.000    
   10400  0.2600      0.2500E-04 SOLID          1   0.0%  0.4458E-01  0.1174E-03   0.000      0.4470E-01   0.000      0.3840E-01   0.000    
   10500  0.2625      0.2500E-04 SOLID          1   0.0%  0.4435E-01  0.1797E-03   0.000      0.4453E-01   0.000      0.3840E-01   0.000    
   10600  0.2650      0.2500E-04 SOLID          1   0.0%  0.4407E-01  0.2533E-03   0.000      0.4432E-01   0.000      0.3840E-01   0.000    
   10700  0.2675      0.2500E-04 SOLID          1   0.0%  0.4375E-01  0.3375E-03   0.000      0.4408E-01   0.000      0.3840E-01   0.000    
   10800  0.2700      0.2500E-04 SOLID          1   0.0%  0.4338E-01  0.4313E-03   0.000      0.4381E-01   0.000      0.3840E-01   0.000    
   10900  0.2725      0.2500E-04 SOLID          1   0.0%  0.4297E-01  0.5341E-03   0.000      0.4350E-01   0.000      0.3840E-01   0.000    
   11000  0.2750      0.2500E-04 SOLID          1   0.0%  0.4251E-01  0.6450E-03   0.000      0.4316E-01   0.000      0.3840E-01   0.000    
     ANIMATION FILE: A20_SHEAR_L_LOWA012 WRITTEN
   11100  0.2775      0.2500E-04 SOLID          1   0.0%  0.4202E-01  0.7632E-03   0.000      0.4279E-01   0.000      0.3840E-01   0.000    
   11200  0.2800      0.2500E-04 SOLID          1   0.0%  0.4149E-01  0.8879E-03   0.000      0.4238E-01   0.000      0.3840E-01   0.000    
   11300  0.2825      0.2500E-04 SOLID          1   0.0%  0.4093E-01  0.1019E-02   0.000      0.4195E-01   0.000      0.3840E-01   0.000    
   11400  0.2850      0.2500E-04 SOLID          1   0.0%  0.4033E-01  0.1154E-02   0.000      0.4148E-01   0.000      0.3840E-01   0.000    
   11500  0.2875      0.2500E-04 SOLID          1   0.0%  0.3970E-01  0.1294E-02   0.000      0.4099E-01   0.000      0.3840E-01   0.000    
   11600  0.2900      0.2500E-04 SOLID          1   0.0%  0.3904E-01  0.1438E-02   0.000      0.4047E-01   0.000      0.3840E-01   0.000    
   11700  0.2925      0.2500E-04 SOLID          1   0.0%  0.3835E-01  0.1585E-02   0.000      0.3993E-01   0.000      0.3840E-01   0.000    
   11800  0.2950      0.2500E-04 SOLID          1   0.0%  0.3763E-01  0.1735E-02   0.000      0.3937E-01   0.000      0.3840E-01   0.000    
   11900  0.2975      0.2500E-04 SOLID          1   0.0%  0.3689E-01  0.1886E-02   0.000      0.3878E-01   0.000      0.3840E-01   0.000    
   12000  0.3000      0.2500E-04 SOLID          1   0.0%  0.3613E-01  0.2038E-02   0.000      0.3816E-01   0.000      0.3840E-01   0.000    
     ANIMATION FILE: A20_SHEAR_L_LOWA013 WRITTEN
   12100  0.3025      0.2500E-04 SOLID          1   0.0%  0.3534E-01  0.2192E-02   0.000      0.3753E-01   0.000      0.3840E-01   0.000    
   12200  0.3050      0.2500E-04 SOLID          1   0.0%  0.3454E-01  0.2345E-02   0.000      0.3688E-01   0.000      0.3840E-01   0.000    
   12300  0.3075      0.2500E-04 SOLID          1   0.0%  0.3372E-01  0.2497E-02   0.000      0.3622E-01   0.000      0.3840E-01   0.000    
   12400  0.3100      0.2500E-04 SOLID          1   0.0%  0.3288E-01  0.2649E-02   0.000      0.3553E-01   0.000      0.3840E-01   0.000    
   12500  0.3125      0.2500E-04 SOLID          1   0.0%  0.3204E-01  0.2799E-02   0.000      0.3484E-01   0.000      0.3840E-01   0.000    
   12600  0.3150      0.2500E-04 SOLID          1   0.0%  0.3118E-01  0.2948E-02   0.000      0.3412E-01   0.000      0.3840E-01   0.000    
   12700  0.3175      0.2500E-04 SOLID          1   0.0%  0.3031E-01  0.3093E-02   0.000      0.3340E-01   0.000      0.3840E-01   0.000    
   12800  0.3200      0.2500E-04 SOLID          1   0.0%  0.2943E-01  0.3236E-02   0.000      0.3267E-01   0.000      0.3840E-01   0.000    
   12900  0.3225      0.2500E-04 SOLID          1   0.0%  0.2855E-01  0.3376E-02   0.000      0.3192E-01   0.000      0.3840E-01   0.000    
   13000  0.3250      0.2500E-04 SOLID          1   0.0%  0.2766E-01  0.3512E-02   0.000      0.3117E-01   0.000      0.3840E-01   0.000    
     ANIMATION FILE: A20_SHEAR_L_LOWA014 WRITTEN
   13100  0.3275      0.2500E-04 SOLID          1   0.0%  0.2677E-01  0.3643E-02   0.000      0.3041E-01   0.000      0.3840E-01   0.000    
   13200  0.3300      0.2500E-04 SOLID          1   0.0%  0.2588E-01  0.3770E-02   0.000      0.2965E-01   0.000      0.3840E-01   0.000    
   13300  0.3325      0.2500E-04 SOLID          1   0.0%  0.2499E-01  0.3893E-02   0.000      0.2888E-01   0.000      0.3840E-01   0.000    
   13400  0.3350      0.2500E-04 SOLID          1   0.0%  0.2410E-01  0.4010E-02   0.000      0.2811E-01   0.000      0.3840E-01   0.000    
   13500  0.3375      0.2500E-04 SOLID          1   0.0%  0.2321E-01  0.4121E-02   0.000      0.2734E-01   0.000      0.3840E-01   0.000    
   13600  0.3400      0.2500E-04 SOLID          1   0.0%  0.2233E-01  0.4227E-02   0.000      0.2656E-01   0.000      0.3840E-01   0.000    
   13700  0.3425      0.2500E-04 SOLID          1   0.0%  0.2146E-01  0.4327E-02   0.000      0.2579E-01   0.000      0.3840E-01   0.000    
   13800  0.3450      0.2500E-04 SOLID          1   0.0%  0.2060E-01  0.4420E-02   0.000      0.2502E-01   0.000      0.3840E-01   0.000    
   13900  0.3475      0.2500E-04 SOLID          1   0.0%  0.1974E-01  0.4507E-02   0.000      0.2425E-01   0.000      0.3840E-01   0.000    
   14000  0.3500      0.2500E-04 SOLID          1   0.0%  0.1890E-01  0.4586E-02   0.000      0.2348E-01   0.000      0.3840E-01   0.000    
     ANIMATION FILE: A20_SHEAR_L_LOWA015 WRITTEN
   14100  0.3525      0.2500E-04 SOLID          1   0.0%  0.1806E-01  0.4659E-02   0.000      0.2272E-01   0.000      0.3840E-01   0.000    
   14200  0.3550      0.2500E-04 SOLID          1   0.0%  0.1724E-01  0.4725E-02   0.000      0.2197E-01   0.000      0.3840E-01   0.000    
   14300  0.3575      0.2500E-04 SOLID          1   0.0%  0.1643E-01  0.4783E-02   0.000      0.2122E-01   0.000      0.3840E-01   0.000    
   14400  0.3600      0.2500E-04 SOLID          1   0.0%  0.1564E-01  0.4834E-02   0.000      0.2048E-01   0.000      0.3840E-01   0.000    
   14500  0.3625      0.2500E-04 SOLID          1   0.0%  0.1487E-01  0.4878E-02   0.000      0.1974E-01   0.000      0.3840E-01   0.000    
   14600  0.3650      0.2500E-04 SOLID          1   0.0%  0.1411E-01  0.4913E-02   0.000      0.1902E-01   0.000      0.3840E-01   0.000    
   14700  0.3675      0.2500E-04 SOLID          1   0.0%  0.1336E-01  0.4941E-02   0.000      0.1830E-01   0.000      0.3840E-01   0.000    
   14800  0.3700      0.2500E-04 SOLID          1   0.0%  0.1264E-01  0.4961E-02   0.000      0.1760E-01   0.000      0.3840E-01   0.000    
   14900  0.3725      0.2500E-04 SOLID          1   0.0%  0.1193E-01  0.4973E-02   0.000      0.1691E-01   0.000      0.3840E-01   0.000    
   15000  0.3750      0.2500E-04 SOLID          1   0.0%  0.1125E-01  0.4977E-02   0.000      0.1623E-01   0.000      0.3840E-01   0.000    
     ANIMATION FILE: A20_SHEAR_L_LOWA016 WRITTEN
   15100  0.3775      0.2500E-04 SOLID          1  -0.0%  0.1059E-01  0.4973E-02   0.000      0.1556E-01   0.000      0.3840E-01   0.000    
   15200  0.3800      0.2500E-04 SOLID          1  -0.0%  0.9941E-02  0.4961E-02   0.000      0.1490E-01   0.000      0.3840E-01   0.000    
   15300  0.3825      0.2500E-04 SOLID          1  -0.0%  0.9318E-02  0.4941E-02   0.000      0.1426E-01   0.000      0.3840E-01   0.000    
   15400  0.3850      0.2500E-04 SOLID          1  -0.0%  0.8717E-02  0.4913E-02   0.000      0.1363E-01   0.000      0.3840E-01   0.000    
   15500  0.3875      0.2500E-04 SOLID          1  -0.0%  0.8138E-02  0.4878E-02   0.000      0.1302E-01   0.000      0.3840E-01   0.000    
   15600  0.3900      0.2500E-04 SOLID          1  -0.0%  0.7580E-02  0.4834E-02   0.000      0.1241E-01   0.000      0.3840E-01   0.000    
   15700  0.3925      0.2500E-04 SOLID          1  -0.0%  0.7046E-02  0.4783E-02   0.000      0.1183E-01   0.000      0.3840E-01   0.000    
   15800  0.3950      0.2500E-04 SOLID          1  -0.0%  0.6533E-02  0.4725E-02   0.000      0.1126E-01   0.000      0.3840E-01   0.000    
   15900  0.3975      0.2500E-04 SOLID          1  -0.0%  0.6043E-02  0.4659E-02   0.000      0.1070E-01   0.000      0.3840E-01   0.000    
   16000  0.4000      0.2500E-04 SOLID          1  -0.0%  0.5576E-02  0.4586E-02   0.000      0.1016E-01   0.000      0.3840E-01   0.000    
     ANIMATION FILE: A20_SHEAR_L_LOWA017 WRITTEN
   16100  0.4025      0.2500E-04 SOLID          1  -0.0%  0.5131E-02  0.4507E-02   0.000      0.9637E-02   0.000      0.3840E-01   0.000    
   16200  0.4050      0.2500E-04 SOLID          1  -0.0%  0.4708E-02  0.4420E-02   0.000      0.9128E-02   0.000      0.3840E-01   0.000    
   16300  0.4075      0.2500E-04 SOLID          1  -0.0%  0.4308E-02  0.4327E-02   0.000      0.8634E-02   0.000      0.3840E-01   0.000    
   16400  0.4100      0.2500E-04 SOLID          1  -0.0%  0.3929E-02  0.4227E-02   0.000      0.8156E-02   0.000      0.3840E-01   0.000    
   16500  0.4125      0.2500E-04 SOLID          1  -0.0%  0.3572E-02  0.4121E-02   0.000      0.7693E-02   0.000      0.3840E-01   0.000    
   16600  0.4150      0.2500E-04 SOLID          1  -0.0%  0.3237E-02  0.4010E-02   0.000      0.7246E-02   0.000      0.3840E-01   0.000    
   16700  0.4175      0.2500E-04 SOLID          1  -0.0%  0.2922E-02  0.3893E-02   0.000      0.6815E-02   0.000      0.3840E-01   0.000    
   16800  0.4200      0.2500E-04 SOLID          1  -0.0%  0.2628E-02  0.3770E-02   0.000      0.6398E-02   0.000      0.3840E-01   0.000    
   16900  0.4225      0.2500E-04 SOLID          1  -0.0%  0.2354E-02  0.3643E-02   0.000      0.5997E-02   0.000      0.3840E-01   0.000    
   17000  0.4250      0.2500E-04 SOLID          1  -0.0%  0.2100E-02  0.3512E-02   0.000      0.5611E-02   0.000      0.3840E-01   0.000    
     ANIMATION FILE: A20_SHEAR_L_LOWA018 WRITTEN
   17100  0.4275      0.2500E-04 SOLID          1  -0.0%  0.1864E-02  0.3376E-02   0.000      0.5240E-02   0.000      0.3840E-01   0.000    
   17200  0.4300      0.2500E-04 SOLID          1  -0.0%  0.1647E-02  0.3236E-02   0.000      0.4883E-02   0.000      0.3840E-01   0.000    
   17300  0.4325      0.2500E-04 SOLID          1  -0.0%  0.1447E-02  0.3093E-02   0.000      0.4541E-02   0.000      0.3840E-01   0.000    
   17400  0.4350      0.2500E-04 SOLID          1  -0.0%  0.1265E-02  0.2948E-02   0.000      0.4212E-02   0.000      0.3840E-01   0.000    
   17500  0.4375      0.2500E-04 SOLID          1  -0.0%  0.1099E-02  0.2799E-02   0.000      0.3898E-02   0.000      0.3840E-01   0.000    
   17600  0.4400      0.2500E-04 SOLID          1  -0.0%  0.9481E-03  0.2649E-02   0.000      0.3597E-02   0.000      0.3840E-01   0.000    
   17700  0.4425      0.2500E-04 SOLID          1  -0.0%  0.8124E-03  0.2497E-02   0.000      0.3310E-02   0.000      0.3840E-01   0.000    
   17800  0.4450      0.2500E-04 SOLID          1  -0.0%  0.6908E-03  0.2345E-02   0.000      0.3036E-02   0.000      0.3840E-01   0.000    
   17900  0.4475      0.2500E-04 SOLID          1  -0.0%  0.5825E-03  0.2192E-02   0.000      0.2774E-02   0.000      0.3840E-01   0.000    
   18000  0.4500      0.2500E-04 SOLID          1  -0.0%  0.4867E-03  0.2038E-02   0.000      0.2525E-02   0.000      0.3840E-01   0.000    
     ANIMATION FILE: A20_SHEAR_L_LOWA019 WRITTEN
   18100  0.4525      0.2500E-04 SOLID          1  -0.0%  0.4026E-03  0.1886E-02   0.000      0.2289E-02   0.000      0.3840E-01   0.000    
   18200  0.4550      0.2500E-04 SOLID          1  -0.0%  0.3292E-03  0.1735E-02   0.000      0.2064E-02   0.000      0.3840E-01   0.000    
   18300  0.4575      0.2500E-04 SOLID          1  -0.0%  0.2659E-03  0.1585E-02   0.000      0.1851E-02   0.000      0.3840E-01   0.000    
   18400  0.4600      0.2500E-04 SOLID          1  -0.0%  0.2118E-03  0.1438E-02   0.000      0.1650E-02   0.000      0.3840E-01   0.000    
   18500  0.4625      0.2500E-04 SOLID          1  -0.0%  0.1661E-03  0.1294E-02   0.000      0.1461E-02   0.000      0.3840E-01   0.000    
   18600  0.4650      0.2500E-04 SOLID          1  -0.0%  0.1279E-03  0.1154E-02   0.000      0.1282E-02   0.000      0.3840E-01   0.000    
   18700  0.4675      0.2500E-04 SOLID          1  -0.0%  0.9649E-04  0.1019E-02   0.000      0.1115E-02   0.000      0.3840E-01   0.000    
   18800  0.4700      0.2500E-04 SOLID          1  -0.0%  0.7108E-04  0.8879E-03   0.000      0.9590E-03   0.000      0.3840E-01   0.000    
   18900  0.4725      0.2500E-04 SOLID          1  -0.0%  0.5092E-04  0.7632E-03   0.000      0.8141E-03   0.000      0.3840E-01   0.000    
   19000  0.4750      0.2500E-04 SOLID          1  -0.0%  0.3528E-04  0.6450E-03   0.000      0.6803E-03   0.000      0.3840E-01   0.000    
     ANIMATION FILE: A20_SHEAR_L_LOWA020 WRITTEN
   19100  0.4775      0.2500E-04 SOLID          1  -0.0%  0.2348E-04  0.5341E-03   0.000      0.5576E-03   0.000      0.3840E-01   0.000    
   19200  0.4800      0.2500E-04 SOLID          1  -0.0%  0.1487E-04  0.4313E-03   0.000      0.4462E-03   0.000      0.3840E-01   0.000    
   19300  0.4825      0.2500E-04 SOLID          1  -0.0%  0.8838E-05  0.3375E-03   0.000      0.3463E-03   0.000      0.3840E-01   0.000    
   19400  0.4850      0.2500E-04 SOLID          1  -0.0%  0.4837E-05  0.2533E-03   0.000      0.2581E-03   0.000      0.3840E-01   0.000    
   19500  0.4875      0.2500E-04 SOLID          1  -0.0%  0.2365E-05  0.1797E-03   0.000      0.1820E-03   0.000      0.3840E-01   0.000    
   19600  0.4900      0.2500E-04 SOLID          1  -0.0%  0.9822E-06  0.1174E-03   0.000      0.1184E-03   0.000      0.3840E-01   0.000    
   19700  0.4925      0.2500E-04 SOLID          1  -0.0%  0.3151E-06  0.6743E-04   0.000      0.6775E-04   0.000      0.3840E-01   0.000    
   19800  0.4950      0.2500E-04 SOLID          1  -0.0%  0.6308E-07  0.3059E-04   0.000      0.3066E-04   0.000      0.3840E-01   0.000    
   19900  0.4975      0.2500E-04 SOLID          1  -0.0%  0.3996E-08  0.7804E-05   0.000      0.7811E-05   0.000      0.3840E-01   0.000    
   CYCLE    TIME      TIME-STEP  ELEMENT          ERROR  I-ENERGY    K-ENERGY T  K-ENERGY R  EXT-WORK     MAS.ERR     TOTAL MASS  MASS ADDED
   20000  0.5000      0.2500E-04 SOLID          1 -59.9%  0.4896E-13  0.6446E-07   0.000      0.1608E-06   0.000      0.3840E-01   0.000    
     ANIMATION FILE: A20_SHEAR_L_LOWA021 WRITTEN
   20100  0.5025      0.2500E-04 SOLID          1  -0.0%  0.3996E-06  0.7804E-03   0.000      0.7811E-03   0.000      0.3840E-01   0.000    
   20200  0.5050      0.2500E-04 SOLID          1  -0.0%  0.6308E-05  0.3059E-02   0.000      0.3066E-02   0.000      0.3840E-01   0.000    
   20300  0.5075      0.2500E-04 SOLID          1  -0.0%  0.3151E-04  0.6743E-02   0.000      0.6775E-02   0.000      0.3840E-01   0.000    
   20400  0.5100      0.2500E-04 SOLID          1  -0.0%  0.9822E-04  0.1174E-01   0.000      0.1184E-01   0.000      0.3840E-01   0.000    
   20500  0.5125      0.2500E-04 SOLID          1  -0.0%  0.2365E-03  0.1797E-01   0.000      0.1820E-01   0.000      0.3840E-01   0.000    
   20600  0.5150      0.2500E-04 SOLID          1  -0.0%  0.4837E-03  0.2533E-01   0.000      0.2581E-01   0.000      0.3840E-01   0.000    
   20700  0.5175      0.2500E-04 SOLID          1  -0.0%  0.8838E-03  0.3375E-01   0.000      0.3463E-01   0.000      0.3840E-01   0.000    
   20800  0.5200      0.2500E-04 SOLID          1  -0.0%  0.1487E-02  0.4313E-01   0.000      0.4462E-01   0.000      0.3840E-01   0.000    
   20900  0.5225      0.2500E-04 SOLID          1  -0.0%  0.2348E-02  0.5341E-01   0.000      0.5576E-01   0.000      0.3840E-01   0.000    
   21000  0.5250      0.2500E-04 SOLID          1  -0.0%  0.3528E-02  0.6450E-01   0.000      0.6803E-01   0.000      0.3840E-01   0.000    
     ANIMATION FILE: A20_SHEAR_L_LOWA022 WRITTEN
   21100  0.5275      0.2500E-04 SOLID          1  -0.0%  0.5092E-02  0.7632E-01   0.000      0.8141E-01   0.000      0.3840E-01   0.000    
   21200  0.5300      0.2500E-04 SOLID          1  -0.0%  0.7108E-02  0.8879E-01   0.000      0.9590E-01   0.000      0.3840E-01   0.000    
   21300  0.5325      0.2500E-04 SOLID          1  -0.0%  0.9649E-02  0.1019       0.000      0.1115       0.000      0.3840E-01   0.000    
   21400  0.5350      0.2500E-04 SOLID          1  -0.0%  0.1279E-01  0.1154       0.000      0.1282       0.000      0.3840E-01   0.000    
   21500  0.5375      0.2500E-04 SOLID          1  -0.0%  0.1661E-01  0.1294       0.000      0.1460       0.000      0.3840E-01   0.000    
   21600  0.5400      0.2500E-04 SOLID          1  -0.0%  0.2118E-01  0.1438       0.000      0.1650       0.000      0.3840E-01   0.000    
   21700  0.5425      0.2500E-04 SOLID          1  -0.0%  0.2659E-01  0.1585       0.000      0.1851       0.000      0.3840E-01   0.000    
   21800  0.5450      0.2500E-04 SOLID          1  -0.0%  0.3292E-01  0.1735       0.000      0.2064       0.000      0.3840E-01   0.000    
   21900  0.5475      0.2500E-04 SOLID          1  -0.0%  0.4026E-01  0.1886       0.000      0.2289       0.000      0.3840E-01   0.000    
   22000  0.5500      0.2500E-04 SOLID          1  -0.0%  0.4867E-01  0.2038       0.000      0.2525       0.000      0.3840E-01   0.000    
     ANIMATION FILE: A20_SHEAR_L_LOWA023 WRITTEN
   22100  0.5525      0.2500E-04 SOLID          1  -0.0%  0.5825E-01  0.2192       0.000      0.2774       0.000      0.3840E-01   0.000    
   22200  0.5550      0.2500E-04 SOLID          1  -0.0%  0.6908E-01  0.2345       0.000      0.3036       0.000      0.3840E-01   0.000    
   22300  0.5575      0.2500E-04 SOLID          1  -0.0%  0.8124E-01  0.2497       0.000      0.3310       0.000      0.3840E-01   0.000    
   22400  0.5600      0.2500E-04 SOLID          1  -0.0%  0.9481E-01  0.2649       0.000      0.3597       0.000      0.3840E-01   0.000    
   22500  0.5625      0.2500E-04 SOLID          1  -0.0%  0.1099      0.2799       0.000      0.3898       0.000      0.3840E-01   0.000    
   22600  0.5650      0.2500E-04 SOLID          1  -0.0%  0.1265      0.2948       0.000      0.4212       0.000      0.3840E-01   0.000    
   22700  0.5675      0.2500E-04 SOLID          1  -0.0%  0.1447      0.3093       0.000      0.4540       0.000      0.3840E-01   0.000    
   22800  0.5700      0.2500E-04 SOLID          1  -0.0%  0.1647      0.3236       0.000      0.4883       0.000      0.3840E-01   0.000    
   22900  0.5725      0.2500E-04 SOLID          1  -0.0%  0.1864      0.3376       0.000      0.5240       0.000      0.3840E-01   0.000    
   23000  0.5750      0.2500E-04 SOLID          1  -0.0%  0.2099      0.3512       0.000      0.5611       0.000      0.3840E-01   0.000    
     ANIMATION FILE: A20_SHEAR_L_LOWA024 WRITTEN
   23100  0.5775      0.2500E-04 SOLID          1  -0.0%  0.2354      0.3643       0.000      0.5997       0.000      0.3840E-01   0.000    
   23200  0.5800      0.2500E-04 SOLID          1  -0.0%  0.2628      0.3770       0.000      0.6398       0.000      0.3840E-01   0.000    
   23300  0.5825      0.2500E-04 SOLID          1  -0.0%  0.2922      0.3893       0.000      0.6814       0.000      0.3840E-01   0.000    
   23400  0.5850      0.2500E-04 SOLID          1  -0.0%  0.3236      0.4010       0.000      0.7246       0.000      0.3840E-01   0.000    
   23500  0.5875      0.2500E-04 SOLID          1  -0.0%  0.3572      0.4121       0.000      0.7693       0.000      0.3840E-01   0.000    
   23600  0.5900      0.2500E-04 SOLID          1  -0.0%  0.3928      0.4227       0.000      0.8155       0.000      0.3840E-01   0.000    
   23700  0.5925      0.2500E-04 SOLID          1  -0.0%  0.4307      0.4327       0.000      0.8633       0.000      0.3840E-01   0.000    
   23800  0.5950      0.2500E-04 SOLID          1  -0.0%  0.4707      0.4420       0.000      0.9127       0.000      0.3840E-01   0.000    
   23900  0.5975      0.2500E-04 SOLID          1  -0.0%  0.5130      0.4507       0.000      0.9636       0.000      0.3840E-01   0.000    
   24000  0.6000      0.2500E-04 SOLID          1  -0.0%  0.5574      0.4586       0.000       1.016       0.000      0.3840E-01   0.000    
     ANIMATION FILE: A20_SHEAR_L_LOWA025 WRITTEN
   24100  0.6025      0.2500E-04 SOLID          1  -0.0%  0.6042      0.4659       0.000       1.070       0.000      0.3840E-01   0.000    
   24200  0.6050      0.2500E-04 SOLID          1  -0.0%  0.6531      0.4725       0.000       1.126       0.000      0.3840E-01   0.000    
   24300  0.6075      0.2500E-04 SOLID          1  -0.0%  0.7043      0.4783       0.000       1.183       0.000      0.3840E-01   0.000    
   24400  0.6100      0.2500E-04 SOLID          1  -0.0%  0.7578      0.4834       0.000       1.241       0.000      0.3840E-01   0.000    
   24500  0.6125      0.2500E-04 SOLID          1  -0.0%  0.8135      0.4878       0.000       1.301       0.000      0.3840E-01   0.000    
   24600  0.6150      0.2500E-04 SOLID          1  -0.0%  0.8714      0.4913       0.000       1.363       0.000      0.3840E-01   0.000    
   24700  0.6175      0.2500E-04 SOLID          1  -0.0%  0.9315      0.4941       0.000       1.426       0.000      0.3840E-01   0.000    
   24800  0.6200      0.2500E-04 SOLID          1  -0.0%  0.9937      0.4961       0.000       1.490       0.000      0.3840E-01   0.000    
   24900  0.6225      0.2500E-04 SOLID          1  -0.0%   1.058      0.4973       0.000       1.555       0.000      0.3840E-01   0.000    
   25000  0.6250      0.2500E-04 SOLID          1   0.0%   1.124      0.4977       0.000       1.622       0.000      0.3840E-01   0.000    
     ANIMATION FILE: A20_SHEAR_L_LOWA026 WRITTEN
   25100  0.6275      0.2500E-04 SOLID          1   0.0%   1.193      0.4973       0.000       1.690       0.000      0.3840E-01   0.000    
   25200  0.6300      0.2500E-04 SOLID          1   0.0%   1.263      0.4961       0.000       1.759       0.000      0.3840E-01   0.000    
   25300  0.6325      0.2500E-04 SOLID          1   0.0%   1.336      0.4941       0.000       1.830       0.000      0.3840E-01   0.000    
   25400  0.6350      0.2500E-04 SOLID          1   0.0%   1.410      0.4913       0.000       1.901       0.000      0.3840E-01   0.000    
   25500  0.6375      0.2500E-04 SOLID          1   0.0%   1.486      0.4878       0.000       1.973       0.000      0.3840E-01   0.000    
   25600  0.6400      0.2500E-04 SOLID          1   0.0%   1.563      0.4834       0.000       2.047       0.000      0.3840E-01   0.000    
   25700  0.6425      0.2500E-04 SOLID          1   0.0%   1.642      0.4783       0.000       2.121       0.000      0.3840E-01   0.000    
   25800  0.6450      0.2500E-04 SOLID          1   0.0%   1.723      0.4725       0.000       2.195       0.000      0.3840E-01   0.000    
   25900  0.6475      0.2500E-04 SOLID          1   0.0%   1.805      0.4659       0.000       2.271       0.000      0.3840E-01   0.000    
   26000  0.6500      0.2500E-04 SOLID          1   0.0%   1.888      0.4586       0.000       2.347       0.000      0.3840E-01   0.000    
     ANIMATION FILE: A20_SHEAR_L_LOWA027 WRITTEN
   26100  0.6525      0.2500E-04 SOLID          1   0.0%   1.972      0.4507       0.000       2.423       0.000      0.3840E-01   0.000    
   26200  0.6550      0.2500E-04 SOLID          1   0.0%   2.058      0.4420       0.000       2.500       0.000      0.3840E-01   0.000    
   26300  0.6575      0.2500E-04 SOLID          1   0.0%   2.142      0.4327       0.000       2.575       0.000      0.3840E-01   0.000    
   26400  0.6600      0.2500E-04 SOLID          1   0.0%   2.225      0.4227       0.000       2.648       0.000      0.3840E-01   0.000    
   26500  0.6625      0.2500E-04 SOLID          1   0.0%   2.308      0.4121       0.000       2.720       0.000      0.3840E-01   0.000    
   26600  0.6650      0.2500E-04 SOLID          1   0.0%   2.389      0.4010       0.000       2.790       0.000      0.3840E-01   0.000    
   26700  0.6675      0.2500E-04 SOLID          1   0.0%   2.470      0.3893       0.000       2.859       0.000      0.3840E-01   0.000    
   26800  0.6700      0.2500E-04 SOLID          1   0.0%   2.549      0.3770       0.000       2.926       0.000      0.3840E-01   0.000    
   26900  0.6725      0.2500E-04 SOLID          1   0.0%   2.626      0.3643       0.000       2.991       0.000      0.3840E-01   0.000    
   27000  0.6750      0.2500E-04 SOLID          1   0.0%   2.703      0.3512       0.000       3.054       0.000      0.3840E-01   0.000    
     ANIMATION FILE: A20_SHEAR_L_LOWA028 WRITTEN
   27100  0.6775      0.2500E-04 SOLID          1   0.0%   2.778      0.3376       0.000       3.115       0.000      0.3840E-01   0.000    
   27200  0.6800      0.2500E-04 SOLID          1   0.0%   2.851      0.3236       0.000       3.175       0.000      0.3840E-01   0.000    
   27300  0.6825      0.2500E-04 SOLID          1   0.0%   2.923      0.3093       0.000       3.232       0.000      0.3840E-01   0.000    
   27400  0.6850      0.2500E-04 SOLID          1   0.0%   2.993      0.2948       0.000       3.288       0.000      0.3840E-01   0.000    
   27500  0.6875      0.2500E-04 SOLID          1   0.0%   3.062      0.2799       0.000       3.342       0.000      0.3840E-01   0.000    
   27600  0.6900      0.2500E-04 SOLID          1   0.0%   3.129      0.2649       0.000       3.393       0.000      0.3840E-01   0.000    
   27700  0.6925      0.2500E-04 SOLID          1   0.0%   3.193      0.2497       0.000       3.443       0.000      0.3840E-01   0.000    
   27800  0.6950      0.2500E-04 SOLID          1   0.0%   3.256      0.2345       0.000       3.491       0.000      0.3840E-01   0.000    
   27900  0.6975      0.2500E-04 SOLID          1   0.0%   3.317      0.2192       0.000       3.536       0.000      0.3840E-01   0.000    
   28000  0.7000      0.2500E-04 SOLID          1   0.0%   3.376      0.2038       0.000       3.580       0.000      0.3840E-01   0.000    
     ANIMATION FILE: A20_SHEAR_L_LOWA029 WRITTEN
   28100  0.7025      0.2500E-04 SOLID          1   0.0%   3.433      0.1886       0.000       3.621       0.000      0.3840E-01   0.000    
   28200  0.7050      0.2500E-04 SOLID          1   0.0%   3.487      0.1735       0.000       3.661       0.000      0.3840E-01   0.000    
   28300  0.7075      0.2500E-04 SOLID          1   0.0%   3.539      0.1585       0.000       3.698       0.000      0.3840E-01   0.000    
   28400  0.7100      0.2500E-04 SOLID          1   0.0%   3.589      0.1438       0.000       3.733       0.000      0.3840E-01   0.000    
   28500  0.7125      0.2500E-04 SOLID          1   0.0%   3.637      0.1294       0.000       3.766       0.000      0.3840E-01   0.000    
   28600  0.7150      0.2500E-04 SOLID          1   0.0%   3.681      0.1154       0.000       3.797       0.000      0.3840E-01   0.000    
   28700  0.7175      0.2500E-04 SOLID          1   0.0%   3.724      0.1019       0.000       3.825       0.000      0.3840E-01   0.000    
   28800  0.7200      0.2500E-04 SOLID          1   0.0%   3.763      0.8879E-01   0.000       3.852       0.000      0.3840E-01   0.000    
   28900  0.7225      0.2500E-04 SOLID          1   0.0%   3.800      0.7632E-01   0.000       3.876       0.000      0.3840E-01   0.000    
   29000  0.7250      0.2500E-04 SOLID          1   0.0%   3.834      0.6450E-01   0.000       3.898       0.000      0.3840E-01   0.000    
     ANIMATION FILE: A20_SHEAR_L_LOWA030 WRITTEN
   29100  0.7275      0.2500E-04 SOLID          1   0.0%   3.865      0.5341E-01   0.000       3.918       0.000      0.3840E-01   0.000    
   29200  0.7300      0.2500E-04 SOLID          1   0.0%   3.893      0.4313E-01   0.000       3.936       0.000      0.3840E-01   0.000    
   29300  0.7325      0.2500E-04 SOLID          1   0.0%   3.918      0.3375E-01   0.000       3.952       0.000      0.3840E-01   0.000    
   29400  0.7350      0.2500E-04 SOLID          1   0.0%   3.940      0.2533E-01   0.000       3.966       0.000      0.3840E-01   0.000    
   29500  0.7375      0.2500E-04 SOLID          1   0.0%   3.959      0.1797E-01   0.000       3.977       0.000      0.3840E-01   0.000    
   29600  0.7400      0.2500E-04 SOLID          1   0.0%   3.975      0.1174E-01   0.000       3.986       0.000      0.3840E-01   0.000    
   29700  0.7425      0.2500E-04 SOLID          1   0.0%   3.987      0.6743E-02   0.000       3.994       0.000      0.3840E-01   0.000    
   29800  0.7450      0.2500E-04 SOLID          1   0.0%   3.996      0.3059E-02   0.000       3.999       0.000      0.3840E-01   0.000    
   29900  0.7475      0.2500E-04 SOLID          1   0.0%   4.001      0.7804E-03   0.000       4.002       0.000      0.3840E-01   0.000    
   CYCLE    TIME      TIME-STEP  ELEMENT          ERROR  I-ENERGY    K-ENERGY T  K-ENERGY R  EXT-WORK     MAS.ERR     TOTAL MASS  MASS ADDED
   30000  0.7500      0.2500E-04 SOLID          1   0.0%   4.003      0.7958E-07   0.000       4.003       0.000      0.3840E-01   0.000    
     ANIMATION FILE: A20_SHEAR_L_LOWA031 WRITTEN
   30100  0.7525      0.2500E-04 SOLID          1   0.0%   4.003       0.000       0.000       4.003       0.000      0.3840E-01   0.000    
   30200  0.7550      0.2500E-04 SOLID          1   0.0%   4.003       0.000       0.000       4.003       0.000      0.3840E-01   0.000    
   30300  0.7575      0.2500E-04 SOLID          1   0.0%   4.003       0.000       0.000       4.003       0.000      0.3840E-01   0.000    
   30400  0.7600      0.2500E-04 SOLID          1   0.0%   4.003       0.000       0.000       4.003       0.000      0.3840E-01   0.000    
   30500  0.7625      0.2500E-04 SOLID          1   0.0%   4.003       0.000       0.000       4.003       0.000      0.3840E-01   0.000    
   30600  0.7650      0.2500E-04 SOLID          1   0.0%   4.003       0.000       0.000       4.003       0.000      0.3840E-01   0.000    
   30700  0.7675      0.2500E-04 SOLID          1   0.0%   4.003       0.000       0.000       4.003       0.000      0.3840E-01   0.000    
   30800  0.7700      0.2500E-04 SOLID          1   0.0%   4.003       0.000       0.000       4.003       0.000      0.3840E-01   0.000    
   30900  0.7725      0.2500E-04 SOLID          1   0.0%   4.003       0.000       0.000       4.003       0.000      0.3840E-01   0.000    
   31000  0.7750      0.2500E-04 SOLID          1   0.0%   4.003       0.000       0.000       4.003       0.000      0.3840E-01   0.000    
     ANIMATION FILE: A20_SHEAR_L_LOWA032 WRITTEN
   31100  0.7775      0.2500E-04 SOLID          1   0.0%   4.003       0.000       0.000       4.003       0.000      0.3840E-01   0.000    
   31200  0.7800      0.2500E-04 SOLID          1   0.0%   4.003       0.000       0.000       4.003       0.000      0.3840E-01   0.000    
   31300  0.7825      0.2500E-04 SOLID          1   0.0%   4.003       0.000       0.000       4.003       0.000      0.3840E-01   0.000    
   31400  0.7850      0.2500E-04 SOLID          1   0.0%   4.003       0.000       0.000       4.003       0.000      0.3840E-01   0.000    
   31500  0.7875      0.2500E-04 SOLID          1   0.0%   4.003       0.000       0.000       4.003       0.000      0.3840E-01   0.000    
   31600  0.7900      0.2500E-04 SOLID          1   0.0%   4.003       0.000       0.000       4.003       0.000      0.3840E-01   0.000    
   31700  0.7925      0.2500E-04 SOLID          1   0.0%   4.003       0.000       0.000       4.003       0.000      0.3840E-01   0.000    
   31800  0.7950      0.2500E-04 SOLID          1   0.0%   4.003       0.000       0.000       4.003       0.000      0.3840E-01   0.000    
   31900  0.7975      0.2500E-04 SOLID          1   0.0%   4.003       0.000       0.000       4.003       0.000      0.3840E-01   0.000    
   32000  0.8000      0.2500E-04 SOLID          1   0.0%   4.003       0.000       0.000       4.003       0.000      0.3840E-01   0.000    
     ANIMATION FILE: A20_SHEAR_L_LOWA033 WRITTEN
   32100  0.8025      0.2500E-04 SOLID          1   0.0%   4.003       0.000       0.000       4.003       0.000      0.3840E-01   0.000    
   32200  0.8050      0.2500E-04 SOLID          1   0.0%   4.003       0.000       0.000       4.003       0.000      0.3840E-01   0.000    
   32300  0.8075      0.2500E-04 SOLID          1   0.0%   4.003       0.000       0.000       4.003       0.000      0.3840E-01   0.000    
   32400  0.8100      0.2500E-04 SOLID          1   0.0%   4.003       0.000       0.000       4.003       0.000      0.3840E-01   0.000    
   32500  0.8125      0.2500E-04 SOLID          1   0.0%   4.003       0.000       0.000       4.003       0.000      0.3840E-01   0.000    
   32600  0.8150      0.2500E-04 SOLID          1   0.0%   4.003       0.000       0.000       4.003       0.000      0.3840E-01   0.000    
   32700  0.8175      0.2500E-04 SOLID          1   0.0%   4.003       0.000       0.000       4.003       0.000      0.3840E-01   0.000    
   32800  0.8200      0.2500E-04 SOLID          1   0.0%   4.003       0.000       0.000       4.003       0.000      0.3840E-01   0.000    
   32900  0.8225      0.2500E-04 SOLID          1   0.0%   4.003       0.000       0.000       4.003       0.000      0.3840E-01   0.000    
   33000  0.8250      0.2500E-04 SOLID          1   0.0%   4.003       0.000       0.000       4.003       0.000      0.3840E-01   0.000    
     ANIMATION FILE: A20_SHEAR_L_LOWA034 WRITTEN
   33100  0.8275      0.2500E-04 SOLID          1   0.0%   4.003       0.000       0.000       4.003       0.000      0.3840E-01   0.000    
   33200  0.8300      0.2500E-04 SOLID          1   0.0%   4.003       0.000       0.000       4.003       0.000      0.3840E-01   0.000    
   33300  0.8325      0.2500E-04 SOLID          1   0.0%   4.003       0.000       0.000       4.003       0.000      0.3840E-01   0.000    
   33400  0.8350      0.2500E-04 SOLID          1   0.0%   4.003       0.000       0.000       4.003       0.000      0.3840E-01   0.000    
   33500  0.8375      0.2500E-04 SOLID          1   0.0%   4.003       0.000       0.000       4.003       0.000      0.3840E-01   0.000    
   33600  0.8400      0.2500E-04 SOLID          1   0.0%   4.003       0.000       0.000       4.003       0.000      0.3840E-01   0.000    
   33700  0.8425      0.2500E-04 SOLID          1   0.0%   4.003       0.000       0.000       4.003       0.000      0.3840E-01   0.000    
   33800  0.8450      0.2500E-04 SOLID          1   0.0%   4.003       0.000       0.000       4.003       0.000      0.3840E-01   0.000    
   33900  0.8475      0.2500E-04 SOLID          1   0.0%   4.003       0.000       0.000       4.003       0.000      0.3840E-01   0.000    
   34000  0.8500      0.2500E-04 SOLID          1   0.0%   4.003       0.000       0.000       4.003       0.000      0.3840E-01   0.000    
     ANIMATION FILE: A20_SHEAR_L_LOWA035 WRITTEN
   34100  0.8525      0.2500E-04 SOLID          1   0.0%   4.003       0.000       0.000       4.003       0.000      0.3840E-01   0.000    
   34200  0.8550      0.2500E-04 SOLID          1   0.0%   4.003       0.000       0.000       4.003       0.000      0.3840E-01   0.000    
   34300  0.8575      0.2500E-04 SOLID          1   0.0%   4.003       0.000       0.000       4.003       0.000      0.3840E-01   0.000    
   34400  0.8600      0.2500E-04 SOLID          1   0.0%   4.003       0.000       0.000       4.003       0.000      0.3840E-01   0.000    
   34500  0.8625      0.2500E-04 SOLID          1   0.0%   4.003       0.000       0.000       4.003       0.000      0.3840E-01   0.000    
   34600  0.8650      0.2500E-04 SOLID          1   0.0%   4.003       0.000       0.000       4.003       0.000      0.3840E-01   0.000    
   34700  0.8675      0.2500E-04 SOLID          1   0.0%   4.003       0.000       0.000       4.003       0.000      0.3840E-01   0.000    
   34800  0.8700      0.2500E-04 SOLID          1   0.0%   4.003       0.000       0.000       4.003       0.000      0.3840E-01   0.000    
   34900  0.8725      0.2500E-04 SOLID          1   0.0%   4.003       0.000       0.000       4.003       0.000      0.3840E-01   0.000    
   35000  0.8750      0.2500E-04 SOLID          1   0.0%   4.003       0.000       0.000       4.003       0.000      0.3840E-01   0.000    
     ANIMATION FILE: A20_SHEAR_L_LOWA036 WRITTEN
   35100  0.8775      0.2500E-04 SOLID          1   0.0%   4.003       0.000       0.000       4.003       0.000      0.3840E-01   0.000    
   35200  0.8800      0.2500E-04 SOLID          1   0.0%   4.003       0.000       0.000       4.003       0.000      0.3840E-01   0.000    
   35300  0.8825      0.2500E-04 SOLID          1   0.0%   4.003       0.000       0.000       4.003       0.000      0.3840E-01   0.000    
   35400  0.8850      0.2500E-04 SOLID          1   0.0%   4.003       0.000       0.000       4.003       0.000      0.3840E-01   0.000    
   35500  0.8875      0.2500E-04 SOLID          1   0.0%   4.003       0.000       0.000       4.003       0.000      0.3840E-01   0.000    
   35600  0.8900      0.2500E-04 SOLID          1   0.0%   4.003       0.000       0.000       4.003       0.000      0.3840E-01   0.000    
   35700  0.8925      0.2500E-04 SOLID          1   0.0%   4.003       0.000       0.000       4.003       0.000      0.3840E-01   0.000    
   35800  0.8950      0.2500E-04 SOLID          1   0.0%   4.003       0.000       0.000       4.003       0.000      0.3840E-01   0.000    
   35900  0.8975      0.2500E-04 SOLID          1   0.0%   4.003       0.000       0.000       4.003       0.000      0.3840E-01   0.000    
   36000  0.9000      0.2500E-04 SOLID          1   0.0%   4.003       0.000       0.000       4.003       0.000      0.3840E-01   0.000    
     ANIMATION FILE: A20_SHEAR_L_LOWA037 WRITTEN
   36100  0.9025      0.2500E-04 SOLID          1   0.0%   4.003       0.000       0.000       4.003       0.000      0.3840E-01   0.000    
   36200  0.9050      0.2500E-04 SOLID          1   0.0%   4.003       0.000       0.000       4.003       0.000      0.3840E-01   0.000    
   36300  0.9075      0.2500E-04 SOLID          1   0.0%   4.003       0.000       0.000       4.003       0.000      0.3840E-01   0.000    
   36400  0.9100      0.2500E-04 SOLID          1   0.0%   4.003       0.000       0.000       4.003       0.000      0.3840E-01   0.000    
   36500  0.9125      0.2500E-04 SOLID          1   0.0%   4.003       0.000       0.000       4.003       0.000      0.3840E-01   0.000    
   36600  0.9150      0.2500E-04 SOLID          1   0.0%   4.003       0.000       0.000       4.003       0.000      0.3840E-01   0.000    
   36700  0.9175      0.2500E-04 SOLID          1   0.0%   4.003       0.000       0.000       4.003       0.000      0.3840E-01   0.000    
   36800  0.9200      0.2500E-04 SOLID          1   0.0%   4.003       0.000       0.000       4.003       0.000      0.3840E-01   0.000    
   36900  0.9225      0.2500E-04 SOLID          1   0.0%   4.003       0.000       0.000       4.003       0.000      0.3840E-01   0.000    
   37000  0.9250      0.2500E-04 SOLID          1   0.0%   4.003       0.000       0.000       4.003       0.000      0.3840E-01   0.000    
     ANIMATION FILE: A20_SHEAR_L_LOWA038 WRITTEN
   37100  0.9275      0.2500E-04 SOLID          1   0.0%   4.003       0.000       0.000       4.003       0.000      0.3840E-01   0.000    
   37200  0.9300      0.2500E-04 SOLID          1   0.0%   4.003       0.000       0.000       4.003       0.000      0.3840E-01   0.000    
   37300  0.9325      0.2500E-04 SOLID          1   0.0%   4.003       0.000       0.000       4.003       0.000      0.3840E-01   0.000    
   37400  0.9350      0.2500E-04 SOLID          1   0.0%   4.003       0.000       0.000       4.003       0.000      0.3840E-01   0.000    
   37500  0.9375      0.2500E-04 SOLID          1   0.0%   4.003       0.000       0.000       4.003       0.000      0.3840E-01   0.000    
   37600  0.9400      0.2500E-04 SOLID          1   0.0%   4.003       0.000       0.000       4.003       0.000      0.3840E-01   0.000    
   37700  0.9425      0.2500E-04 SOLID          1   0.0%   4.003       0.000       0.000       4.003       0.000      0.3840E-01   0.000    
   37800  0.9450      0.2500E-04 SOLID          1   0.0%   4.003       0.000       0.000       4.003       0.000      0.3840E-01   0.000    
   37900  0.9475      0.2500E-04 SOLID          1   0.0%   4.003       0.000       0.000       4.003       0.000      0.3840E-01   0.000    
   38000  0.9500      0.2500E-04 SOLID          1   0.0%   4.003       0.000       0.000       4.003       0.000      0.3840E-01   0.000    
     ANIMATION FILE: A20_SHEAR_L_LOWA039 WRITTEN
   38100  0.9525      0.2500E-04 SOLID          1   0.0%   4.003       0.000       0.000       4.003       0.000      0.3840E-01   0.000    
   38200  0.9550      0.2500E-04 SOLID          1   0.0%   4.003       0.000       0.000       4.003       0.000      0.3840E-01   0.000    
   38300  0.9575      0.2500E-04 SOLID          1   0.0%   4.003       0.000       0.000       4.003       0.000      0.3840E-01   0.000    
   38400  0.9600      0.2500E-04 SOLID          1   0.0%   4.003       0.000       0.000       4.003       0.000      0.3840E-01   0.000    
   38500  0.9625      0.2500E-04 SOLID          1   0.0%   4.003       0.000       0.000       4.003       0.000      0.3840E-01   0.000    
   38600  0.9650      0.2500E-04 SOLID          1   0.0%   4.003       0.000       0.000       4.003       0.000      0.3840E-01   0.000    
   38700  0.9675      0.2500E-04 SOLID          1   0.0%   4.003       0.000       0.000       4.003       0.000      0.3840E-01   0.000    
   38800  0.9700      0.2500E-04 SOLID          1   0.0%   4.003       0.000       0.000       4.003       0.000      0.3840E-01   0.000    
   38900  0.9725      0.2500E-04 SOLID          1   0.0%   4.003       0.000       0.000       4.003       0.000      0.3840E-01   0.000    
   39000  0.9750      0.2500E-04 SOLID          1   0.0%   4.003       0.000       0.000       4.003       0.000      0.3840E-01   0.000    
     ANIMATION FILE: A20_SHEAR_L_LOWA040 WRITTEN
   39100  0.9775      0.2500E-04 SOLID          1   0.0%   4.003       0.000       0.000       4.003       0.000      0.3840E-01   0.000    
   39200  0.9800      0.2500E-04 SOLID          1   0.0%   4.003       0.000       0.000       4.003       0.000      0.3840E-01   0.000    
   39300  0.9825      0.2500E-04 SOLID          1   0.0%   4.003       0.000       0.000       4.003       0.000      0.3840E-01   0.000    
   39400  0.9850      0.2500E-04 SOLID          1   0.0%   4.003       0.000       0.000       4.003       0.000      0.3840E-01   0.000    
   39500  0.9875      0.2500E-04 SOLID          1   0.0%   4.003       0.000       0.000       4.003       0.000      0.3840E-01   0.000    
   39600  0.9900      0.2500E-04 SOLID          1   0.0%   4.003       0.000       0.000       4.003       0.000      0.3840E-01   0.000    
   39700  0.9925      0.2500E-04 SOLID          1   0.0%   4.003       0.000       0.000       4.003       0.000      0.3840E-01   0.000    
   39800  0.9950      0.2500E-04 SOLID          1   0.0%   4.003       0.000       0.000       4.003       0.000      0.3840E-01   0.000    
   39900  0.9975      0.2500E-04 SOLID          1   0.0%   4.003       0.000       0.000       4.003       0.000      0.3840E-01   0.000    

     RESTART FILES: A20_SHEAR_L_LOW_0001_[0001-0001].rst WRITTEN
     -------------

   CYCLE    TIME      TIME-STEP  ELEMENT          ERROR  I-ENERGY    K-ENERGY T  K-ENERGY R  EXT-WORK     MAS.ERR     TOTAL MASS  MASS ADDED
   40000   1.000      0.2500E-04 SOLID          1   0.0%   4.003       0.000       0.000       4.003       0.000      0.3840E-01   0.000    
     ANIMATION FILE: A20_SHEAR_L_LOWA041 WRITTEN
  
                           ** CPU USER TIME **
  
  
                        ** SUMMARY **
  
 #PROC  ELEMENT   KINCOND   INTEG     IO        T0        ASM       RESOL    
   1   .1969E+01 .5625E+00 .7656E+00 .1578E+01 .1688E+01 .5000E+00 .8328E+01
  
 
                   ** CUMULATIVE CPU TIME SUMMARY **
  
 CONTACT SORTING.............: .0000E+00     0.00 % 
 CONTACT FORCES..............: .1562E-01     0.19 % 
 ELEMENT FORCES..............: .1969E+01    23.64 % 
 KINEMATIC COND..............: .5625E+00     6.75 % 
 INTEGRATION.................: .7656E+00     9.19 % 
 ASSEMBLING..................: .5000E+00     6.00 % 
 OTHERS (including I/O)......: .4516E+01    54.22 % 
 TOTAL.......................: .8328E+01   100.00 % 
  
  
                           ** ELAPSED TIME **
  
  
                        ** SUMMARY **
  
 #PROC  ELEMENT   KINCOND   INTEG     IO        T0        ASM       RESOL    
   1   .1056E+01 .2756E+00 .2512E+00 .6360E+00 .9240E+00 .2360E+00 .4180E+01
  
                   ** MEMORY USAGE STATISTICS **
  
 TOTAL MEMORY USED .........................:       75 MB
 MAXIMUM MEMORY PER PROCESSOR...............:       75 MB
 MINIMUM MEMORY PER PROCESSOR...............:       75 MB
 AVERAGE MEMORY PER PROCESSOR...............:       75 MB
  
                   ** DISK USAGE STATISTICS **
  
 TOTAL DISK SPACE USED .....................:          8 MB
 ANIMATION/H3D/TH/OUTP SIZE ................:          0 MB
 RESTART FILE SIZE .........................:          7 MB
  
                   ** COMPUTE TIME INFORMATION **
                        ** CURRENT ENGINE **
  
 EXECUTION STARTED .........................:      2026/10/09  11:16:07
 EXECUTION COMPLETED .......................:      2026/10/09  11:16:11
  
 ELAPSED TIME     =          4.23 s
                          0:00:04



     NORMAL TERMINATION      



     TOTAL NUMBER OF CYCLES  :   40001

  
                   ** COMPUTE RUNTIME INFORMATION SUMMARY **
  
        STARTER RUNTIME =          2.24s (00:00:02)
 # 001   ENGINE RUNTIME =          4.23s (00:00:04)
 ------------------------------ 
 STARTER+ENGINE RUNTIME =          6.47s (00:00:06)
  
