 A06_MONO_L10_0001.out
************************************************************************
**                                                                    **
**                                                                    **
**                         OpenRadioss Engine                         **
**                                                                    **
**            Non-linear Finite Element Analysis Software             **
**                                                                    **
**                                                                    **
**                                                                    **
**                  Windows 64 bits, Intel compiler                   **
**                      Double Precision Version                      **
**                                                                    **
**                                                                    **
**                                                                    **
************************************************************************
** OpenRadioss Software                                               **
** COPYRIGHT (C) 2026 Siemens                                         **
** Licensed under GNU Affero General Public License.                  **
** See License file.                                                  **
************************************************************************
 
 NUMBER OF SPMD DOMAINS           1
 NUMBER OF THREADS PER DOMAIN     2
 NUMBER OF HMPP PROCESSES         2
  
 COMPUTATION HARDWARE DESCRIPTION
  
 HOSTNAME     CPU TYPE, FREQUENCY AND MEMORY
 jeux   AMD Ryzen 5 5600 6-Core Processor               (x86_64), 3700 MHz,   6659 MB RAM,  18217 MB swap
  
 STACKSIZE  . . . . . . . . . . . . . . . . . . . . 1430 MB
 THREAD STACKSIZE . . . . . . . . . . . . . . . . . 400 MB
 
************************************************************************


 A06_MONO_L10D01                                                                 


 FINAL TIME . . . . . . . . . . . . . . . . . . .   1.000000    

 TIME INTERVAL FOR TIME HISTORY PLOTS . . . . . .  0.5000000E-04

 TIME STEP SCALE FACTOR . . . . . . . . . . . . .  0.4000000    

 MINIMUM TIME STEP  . . . . . . . . . . . . . . .   0.000000    


 BRICK TIME STEP SCALE FACTOR . . . . . . . . . .  0.4000000    
 BRICK MINIMUM TIME STEP. . . . . . . . . . . . .   0.000000    
 MIN. TIME STEP FLAG (1:STOP RUN, 2:DELETE BRICK)     1

 QUAD TIME STEP SCALE FACTOR. . . . . . . . . . .  0.4000000    
 QUAD MINIMUM TIME STEP . . . . . . . . . . . . .   0.000000    
 MIN. TIME STEP FLAG (1:STOP RUN, 2:DELETE QUAD).     1

 SHELL TIME STEP SCALE FACTOR . . . . . . . . . .  0.4000000    
 SHELL MINIMUM TIME STEP. . . . . . . . . . . . .   0.000000    
 MIN. TIME FLAG (1:STOP, 2:DELETE, 3:SMALL STRAIN)    2

 TRUSS TIME STEP SCALE FACTOR . . . . . . . . . .  0.4000000    
 TRUSS MINIMUM TIME STEP. . . . . . . . . . . . .   0.000000    
 MIN. TIME FLAG (1:STOP, 2:DELETE). . . . . . . .     0

 BEAM TIME STEP SCALE FACTOR. . . . . . . . . . .  0.4000000    
 BEAM MINIMUM TIME STEP . . . . . . . . . . . . .   0.000000    
 MIN. TIME FLAG (1:STOP, 2:DELETE). . . . . . . .     0

 SPRING TIME STEP SCALE FACTOR. . . . . . . . . .  0.4000000    
 SPRING MINIMUM TIME STEP . . . . . . . . . . . .   0.000000    
 MIN. TIME FLAG (1:STOP, 2:DELETE). . . . . . . .     0

 AIRBAG TIME STEP SCALE FACTOR. . . . . . . . . .  0.4000000    
 AIRBAG MINIMUM TIME STEP . . . . . . . . . . . .   0.000000    
 MIN. TIME FLAG (1:STOP). . . . . . . . . . . . .     0

 CONTACT TIME STEP SCALE FACTOR . . . . . . . . .  0.4000000    
 CONTACT MINIMUM TIME STEP. . . . . . . . . . . .   0.000000    
 MIN. TIME FLAG(1:STOP, 2:REMOVE NODE FROM INTERF)    0

 PRINTOUT CYCLE FREQUENCY . . . . . . . . . . . .  -100

 RESTART CYCLE FREQUENCY. . . . . . . . . . . . .   10000000

 MAXIMUM RESTART WRITE BEFORE OVERWRITE . . . . .     0

 INVERS: INPUT DECK VERSION . . . . . . . . . . .  2026
 ITTYP : FLAG FOR TYPE OF T-FILE. . . . . . . . .     4

 INITIAL TIME STEP. . . . . . . . . . . . . . . .  0.2500000E-04
 MAXIMUM TIME STEP. . . . . . . . . . . . . . . .  0.2500000E-04

 PARALLEL ARITHMETIC ON
 NUMBER OF INTERFACES TO BE ELIMINATED. . . . . .        0

 NUMBER OF PARTS TO BE ELIMINATED . . . . . . . .        0

 NUMBER OF SOLID  ELEMENT BLOCKS TO BE ELIMINATED        0

 NUMBER OF QUAD   ELEMENT BLOCKS TO BE ELIMINATED        0

 NUMBER OF SHELL  ELEMENT BLOCKS TO BE ELIMINATED        0

 NUMBER OF TRUSS  ELEMENT BLOCKS TO BE ELIMINATED        0

 NUMBER OF BEAM   ELEMENT BLOCKS TO BE ELIMINATED        0

 NUMBER OF SPRING ELEMENT BLOCKS TO BE ELIMINATED        0

 NUMBER OF SH_3N  ELEMENT BLOCKS TO BE ELIMINATED        0

 NUMBER OF  SPH PARTICLES BLOCKS TO BE ELIMINATED        0

 NUMBER OF RIGID LINKS. . . . . . . . . . . . . .        0

 NUMBER OF NEW BOUNDARY CONDITIONS. . . . . . . .        0


 TIME FOR FIRST ANIMATION-FILE PLOT . . . . . . .   0.000000    
 TIME INTERVAL FOR ANIMATION-FILE PLOTS . . . . .  0.1000000E-01
 TIME TO STOP ANIMATION-FILE PLOTS. . . . . . . .  0.1000000E+21
 SENSOR FOR ANIMATION-FILE PLOTS. . . . . . . . .          0
 TIME INTERVAL FOR SENSOR ANIMATION-FILE PLOTS. .   0.000000    

 VARIABLE SAVED ON ANIMATION FILES (1: YES) :
      PLASTIC STRAIN. . . . . .     0
      DENSITY     (SOLID ONLY).     0
      SPECIFIC ENERGY . . . . .     1
      HOURGLASS ENERGY. . . . .     0
      TEMPERATURE (SOLID ONLY).     0
      THICKNESS   (SHELL ONLY).     0
      PRESSURE    (SOLID ONLY).     0
      VON MISES . . . . . . . .     0
      TURBULENT ENERGY (FLUID).     0
      TURBULENT VISCOSITY(FLUID)    0
      VORTICITY (FLUID) . . . .     0
 NODAL VALUES SAVED ON ANIMATION FILES (1: YES) :
      PRESSURE. . . . . . . . .     0
      DENSITY . . . . . . . . .     0
      TEMPERATURE . . . . . . .     0
 VECTOR SAVED ON ANIMATION FILES (1: YES) :
      VELOCITY VECTOR . . . . .     1
      DISPLACEMENT VECTOR . . .     1
      ACCELERATION VECTOR . . .     0
      CONTACT FORCES. . . . . .     0
      INTERNAL FORCES . . . . .     0
      EXTERNAL FORCES . . . . .     0
      SECTION RBY RWALL FORCES.     0
      ROTATIONAL VELOCITY VECTOR    0
      CONTACT PRESSURE (VECTORS)    0
 SHELL TENSOR SAVED ON ANIMATION FILES (1: YES) :
      MEMBRANE STRESS . . . . .     0
      BENDING STRESS(MOMENT/T^2)    0
      UPPER LAYER STRESS. . . .     0
      LOWER LAYER STRESS. . . .     0
      MEMBRANE STRAIN . . . . .     0
      CURVATURE . . . . . . . .     0
      UPPER LAYER STRAIN. . . .     0
      LOWER LAYER STRAIN. . . .     0
 NODAL MASS SAVED ON ANIMATION FILES (1: YES) :    0
 KEEP DELETED ELEMENT (1: YES) :    0


 05/10/2026
   CYCLE    TIME      TIME-STEP  ELEMENT          ERROR  I-ENERGY    K-ENERGY T  K-ENERGY R  EXT-WORK     MAS.ERR     TOTAL MASS  MASS ADDED
       0   0.000      0.2500E-04 SH_3N          1   0.0%   0.000       0.000       0.000       0.000       0.000      0.2214       0.000    
     ANIMATION FILE: A06_MONO_L10A001 WRITTEN
     100  0.2500E-02  0.2500E-04 SH_3N          1  -0.0%  0.5552E-05  0.1896E-04   0.000      0.2452E-04   0.000      0.2214       0.000    
     200  0.5000E-02  0.2500E-04 SH_3N          1  -0.0%  0.8854E-04  0.7546E-04   0.000      0.1640E-03   0.000      0.2214       0.000    
     300  0.7500E-02  0.2500E-04 SH_3N          2  -0.0%  0.4467E-03  0.1689E-03   0.000      0.6157E-03   0.000      0.2214       0.000    
     400  0.1000E-01  0.2500E-04 SH_3N          2  -0.0%  0.1407E-02  0.2988E-03   0.000      0.1706E-02   0.000      0.2214       0.000    
     ANIMATION FILE: A06_MONO_L10A002 WRITTEN
     500  0.1250E-01  0.2500E-04 SH_3N          2  -0.0%  0.3424E-02  0.4646E-03   0.000      0.3889E-02   0.000      0.2214       0.000    
     600  0.1500E-01  0.2500E-04 SH_3N          1  -0.0%  0.7076E-02  0.6656E-03   0.000      0.7742E-02   0.000      0.2214       0.000    
     700  0.1750E-01  0.2500E-04 SH_3N          1  -0.0%  0.1307E-01  0.9014E-03   0.000      0.1397E-01   0.000      0.2214       0.000    
     800  0.2000E-01  0.2500E-04 SH_3N          1  -0.0%  0.2222E-01  0.1171E-02   0.000      0.2339E-01   0.000      0.2214       0.000    
     ANIMATION FILE: A06_MONO_L10A003 WRITTEN
     900  0.2250E-01  0.2500E-04 SH_3N          1  -0.0%  0.3547E-01  0.1475E-02   0.000      0.3694E-01   0.000      0.2214       0.000    
    1000  0.2500E-01  0.2500E-04 SH_3N          2  -0.0%  0.5387E-01  0.1812E-02   0.000      0.5568E-01   0.000      0.2214       0.000    
    1100  0.2750E-01  0.2500E-04 SH_3N          1  -0.0%  0.7861E-01  0.2182E-02   0.000      0.8079E-01   0.000      0.2214       0.000    
    1200  0.3000E-01  0.2500E-04 SH_3N          1  -0.0%  0.1110      0.2583E-02   0.000      0.1135       0.000      0.2214       0.000    
     ANIMATION FILE: A06_MONO_L10A004 WRITTEN
    1300  0.3250E-01  0.2500E-04 SH_3N          1  -0.0%  0.1523      0.3016E-02   0.000      0.1553       0.000      0.2214       0.000    
    1400  0.3500E-01  0.2500E-04 SH_3N          1  -0.0%  0.2042      0.3481E-02   0.000      0.2077       0.000      0.2214       0.000    
    1500  0.3750E-01  0.2500E-04 SH_3N          1  -0.0%  0.2682      0.3975E-02   0.000      0.2721       0.000      0.2214       0.000    
    1600  0.4000E-01  0.2500E-04 SH_3N          2  -0.0%  0.3460      0.4500E-02   0.000      0.3505       0.000      0.2214       0.000    
     ANIMATION FILE: A06_MONO_L10A005 WRITTEN
    1700  0.4250E-01  0.2500E-04 SH_3N          2  -0.0%  0.4394      0.5054E-02   0.000      0.4445       0.000      0.2214       0.000    
    1800  0.4500E-01  0.2500E-04 SH_3N          1  -0.0%  0.5504      0.5638E-02   0.000      0.5561       0.000      0.2214       0.000    
    1900  0.4750E-01  0.2500E-04 SH_3N          2  -0.0%  0.6810      0.6250E-02   0.000      0.6873       0.000      0.2214       0.000    
    2000  0.5000E-01  0.2500E-04 SH_3N          2  -0.0%  0.8333      0.6890E-02   0.000      0.8402       0.000      0.2214       0.000    
     ANIMATION FILE: A06_MONO_L10A006 WRITTEN
    2100  0.5250E-01  0.2500E-04 SH_3N          1  -0.0%   1.009      0.7557E-02   0.000       1.017       0.000      0.2214       0.000    
    2200  0.5500E-01  0.2500E-04 SH_3N          1  -0.0%   1.212      0.8252E-02   0.000       1.220       0.000      0.2214       0.000    
    2300  0.5750E-01  0.2500E-04 SH_3N          2  -0.0%   1.443      0.8973E-02   0.000       1.452       0.000      0.2214       0.000    
    2400  0.6000E-01  0.2500E-04 SH_3N          1  -0.0%   1.704      0.9720E-02   0.000       1.714       0.000      0.2214       0.000    
     ANIMATION FILE: A06_MONO_L10A007 WRITTEN
    2500  0.6250E-01  0.2500E-04 SH_3N          1  -0.0%   2.000      0.1049E-01   0.000       2.010       0.000      0.2214       0.000    
    2600  0.6500E-01  0.2500E-04 SH_3N          1  -0.0%   2.332      0.1129E-01   0.000       2.343       0.000      0.2214       0.000    
    2700  0.6750E-01  0.2500E-04 SH_3N          1  -0.0%   2.702      0.1211E-01   0.000       2.714       0.000      0.2214       0.000    
    2800  0.7000E-01  0.2500E-04 SH_3N          1  -0.0%   3.115      0.1296E-01   0.000       3.128       0.000      0.2214       0.000    
     ANIMATION FILE: A06_MONO_L10A008 WRITTEN
    2900  0.7250E-01  0.2500E-04 SH_3N          2  -0.0%   3.572      0.1383E-01   0.000       3.586       0.000      0.2214       0.000    
    3000  0.7500E-01  0.2500E-04 SH_3N          2  -0.0%   4.076      0.1473E-01   0.000       4.091       0.000      0.2214       0.000    
    3100  0.7750E-01  0.2500E-04 SH_3N          2  -0.0%   4.632      0.1564E-01   0.000       4.647       0.000      0.2214       0.000    
    3200  0.8000E-01  0.2500E-04 SH_3N          1  -0.0%   5.241      0.1658E-01   0.000       5.257       0.000      0.2214       0.000    
     ANIMATION FILE: A06_MONO_L10A009 WRITTEN
    3300  0.8250E-01  0.2500E-04 SH_3N          1  -0.0%   5.907      0.1754E-01   0.000       5.924       0.000      0.2214       0.000    
    3400  0.8500E-01  0.2500E-04 SH_3N          1  -0.0%   6.633      0.1853E-01   0.000       6.651       0.000      0.2214       0.000    
    3500  0.8750E-01  0.2500E-04 SH_3N          2  -0.0%   7.422      0.1953E-01   0.000       7.442       0.000      0.2214       0.000    
    3600  0.9000E-01  0.2500E-04 SH_3N          1  -0.0%   8.279      0.2055E-01   0.000       8.300       0.000      0.2214       0.000    
     ANIMATION FILE: A06_MONO_L10A010 WRITTEN
    3700  0.9250E-01  0.2500E-04 SH_3N          1  -0.0%   9.206      0.2160E-01   0.000       9.228       0.000      0.2214       0.000    
    3800  0.9500E-01  0.2500E-04 SH_3N          1  -0.0%   10.21      0.2266E-01   0.000       10.23       0.000      0.2214       0.000    
    3900  0.9750E-01  0.2500E-04 SH_3N          1  -0.0%   11.28      0.2375E-01   0.000       11.31       0.000      0.2214       0.000    
    4000  0.1000      0.2500E-04 SH_3N          1  -0.0%   12.44      0.2485E-01   0.000       12.47       0.000      0.2214       0.000    
     ANIMATION FILE: A06_MONO_L10A011 WRITTEN
    4100  0.1025      0.2500E-04 SH_3N          1  -0.0%   13.69      0.2597E-01   0.000       13.71       0.000      0.2214       0.000    
    4200  0.1050      0.2500E-04 SH_3N          2  -0.0%   15.02      0.2711E-01   0.000       15.05       0.000      0.2214       0.000    
    4300  0.1075      0.2500E-04 SH_3N          1  -0.0%   16.45      0.2827E-01   0.000       16.47       0.000      0.2214       0.000    
    4400  0.1100      0.2500E-04 SH_3N          1  -0.0%   17.97      0.2944E-01   0.000       18.00       0.000      0.2214       0.000    
     ANIMATION FILE: A06_MONO_L10A012 WRITTEN
    4500  0.1125      0.2500E-04 SH_3N          1  -0.0%   19.59      0.3063E-01   0.000       19.62       0.000      0.2214       0.000    
    4600  0.1150      0.2500E-04 SH_3N          1  -0.0%   21.31      0.3184E-01   0.000       21.34       0.000      0.2214       0.000    
    4700  0.1175      0.2500E-04 SH_3N          2  -0.0%   23.14      0.3306E-01   0.000       23.18       0.000      0.2214       0.000    
    4800  0.1200      0.2500E-04 SH_3N          2  -0.0%   25.09      0.3430E-01   0.000       25.12       0.000      0.2214       0.000    
     ANIMATION FILE: A06_MONO_L10A013 WRITTEN
    4900  0.1225      0.2500E-04 SH_3N          1  -0.0%   27.15      0.3555E-01   0.000       27.19       0.000      0.2214       0.000    
    5000  0.1250      0.2500E-04 SH_3N          1  -0.0%   29.33      0.3682E-01   0.000       29.37       0.000      0.2214       0.000    
    5100  0.1275      0.2500E-04 SH_3N          1  -0.0%   31.64      0.3810E-01   0.000       31.68       0.000      0.2214       0.000    
    5200  0.1300      0.2500E-04 SH_3N          1  -0.0%   34.07      0.3940E-01   0.000       34.11       0.000      0.2214       0.000    
     ANIMATION FILE: A06_MONO_L10A014 WRITTEN
    5300  0.1325      0.2500E-04 SH_3N          1  -0.0%   36.64      0.4071E-01   0.000       36.68       0.000      0.2214       0.000    
    5400  0.1350      0.2500E-04 SH_3N          1  -0.0%   39.34      0.4204E-01   0.000       39.39       0.000      0.2214       0.000    
    5500  0.1375      0.2500E-04 SH_3N          1  -0.0%   42.19      0.4337E-01   0.000       42.23       0.000      0.2214       0.000    
    5600  0.1400      0.2500E-04 SH_3N          2  -0.0%   45.18      0.4472E-01   0.000       45.23       0.000      0.2214       0.000    
     ANIMATION FILE: A06_MONO_L10A015 WRITTEN
    5700  0.1425      0.2500E-04 SH_3N          2  -0.0%   48.32      0.4608E-01   0.000       48.37       0.000      0.2214       0.000    
    5800  0.1450      0.2500E-04 SH_3N          1  -0.0%   51.62      0.4746E-01   0.000       51.67       0.000      0.2214       0.000    
    5900  0.1475      0.2500E-04 SH_3N          1  -0.0%   55.07      0.4884E-01   0.000       55.12       0.000      0.2214       0.000    
    6000  0.1500      0.2500E-04 SH_3N          2  -0.0%   58.69      0.5023E-01   0.000       58.74       0.000      0.2214       0.000    
     ANIMATION FILE: A06_MONO_L10A016 WRITTEN
    6100  0.1525      0.2500E-04 SH_3N          2  -0.0%   62.48      0.5164E-01   0.000       62.53       0.000      0.2214       0.000    
    6200  0.1550      0.2500E-04 SH_3N          1  -0.0%   66.44      0.5306E-01   0.000       66.49       0.000      0.2214       0.000    
    6300  0.1575      0.2500E-04 SH_3N          1  -0.0%   70.58      0.5448E-01   0.000       70.63       0.000      0.2214       0.000    
    6400  0.1600      0.2500E-04 SH_3N          1  -0.0%   74.89      0.5592E-01   0.000       74.95       0.000      0.2214       0.000    
     ANIMATION FILE: A06_MONO_L10A017 WRITTEN
    6500  0.1625      0.2500E-04 SH_3N          1  -0.0%   79.40      0.5736E-01   0.000       79.46       0.000      0.2214       0.000    
    6600  0.1650      0.2500E-04 SH_3N          2  -0.0%   84.09      0.5881E-01   0.000       84.15       0.000      0.2214       0.000    
    6700  0.1675      0.2500E-04 SH_3N          1  -0.0%   88.98      0.6027E-01   0.000       89.04       0.000      0.2214       0.000    
    6800  0.1700      0.2500E-04 SH_3N          1  -0.0%   94.08      0.6174E-01   0.000       94.14       0.000      0.2214       0.000    
     ANIMATION FILE: A06_MONO_L10A018 WRITTEN
    6900  0.1725      0.2500E-04 SH_3N          2  -0.0%   99.37      0.6322E-01   0.000       99.43       0.000      0.2214       0.000    
    7000  0.1750      0.2500E-04 SH_3N          1  -0.0%   104.9      0.6471E-01   0.000       104.9       0.000      0.2214       0.000    
    7100  0.1775      0.2500E-04 SH_3N          1  -0.0%   110.6      0.6620E-01   0.000       110.7       0.000      0.2214       0.000    
    7200  0.1800      0.2500E-04 SH_3N          1  -0.0%   116.5      0.6769E-01   0.000       116.6       0.000      0.2214       0.000    
     ANIMATION FILE: A06_MONO_L10A019 WRITTEN
    7300  0.1825      0.2500E-04 SH_3N          2  -0.0%   122.7      0.6920E-01   0.000       122.8       0.000      0.2214       0.000    
    7400  0.1850      0.2500E-04 SH_3N          1  -0.0%   129.1      0.7071E-01   0.000       129.1       0.000      0.2214       0.000    
    7500  0.1875      0.2500E-04 SH_3N          1  -0.0%   135.7      0.7222E-01   0.000       135.8       0.000      0.2214       0.000    
    7600  0.1900      0.2500E-04 SH_3N          1  -0.0%   142.6      0.7374E-01   0.000       142.6       0.000      0.2214       0.000    
     ANIMATION FILE: A06_MONO_L10A020 WRITTEN
    7700  0.1925      0.2500E-04 SH_3N          1  -0.0%   149.7      0.7527E-01   0.000       149.7       0.000      0.2214       0.000    
    7800  0.1950      0.2500E-04 SH_3N          1  -0.0%   157.0      0.7680E-01   0.000       157.1       0.000      0.2214       0.000    
    7900  0.1975      0.2500E-04 SH_3N          1  -0.0%   164.6      0.7834E-01   0.000       164.7       0.000      0.2214       0.000    
    8000  0.2000      0.2500E-04 SH_3N          1  -0.0%   172.5      0.7987E-01   0.000       172.5       0.000      0.2214       0.000    
     ANIMATION FILE: A06_MONO_L10A021 WRITTEN
    8100  0.2025      0.2500E-04 SH_3N          1  -0.0%   180.6      0.8142E-01   0.000       180.7       0.000      0.2214       0.000    
    8200  0.2050      0.2500E-04 SH_3N          1  -0.0%   189.0      0.8296E-01   0.000       189.0       0.000      0.2214       0.000    
    8300  0.2075      0.2500E-04 SH_3N          2  -0.0%   197.6      0.8451E-01   0.000       197.7       0.000      0.2214       0.000    
    8400  0.2100      0.2500E-04 SH_3N          1  -0.0%   206.5      0.8606E-01   0.000       206.6       0.000      0.2214       0.000    
     ANIMATION FILE: A06_MONO_L10A022 WRITTEN
    8500  0.2125      0.2500E-04 SH_3N          1  -0.0%   215.7      0.8761E-01   0.000       215.8       0.000      0.2214       0.000    
    8600  0.2150      0.2500E-04 SH_3N          1  -0.0%   225.2      0.8917E-01   0.000       225.3       0.000      0.2214       0.000    
    8700  0.2175      0.2500E-04 SH_3N          1  -0.0%   235.0      0.9073E-01   0.000       235.1       0.000      0.2214       0.000    
    8800  0.2200      0.2500E-04 SH_3N          1  -0.0%   245.1      0.9228E-01   0.000       245.2       0.000      0.2214       0.000    
     ANIMATION FILE: A06_MONO_L10A023 WRITTEN
    8900  0.2225      0.2500E-04 SH_3N          2  -0.0%   255.4      0.9384E-01   0.000       255.5       0.000      0.2214       0.000    
    9000  0.2250      0.2500E-04 SH_3N          1  -0.0%   266.1      0.9540E-01   0.000       266.2       0.000      0.2214       0.000    
    9100  0.2275      0.2500E-04 SH_3N          1  -0.0%   277.1      0.9696E-01   0.000       277.2       0.000      0.2214       0.000    
    9200  0.2300      0.2500E-04 SH_3N          1  -0.0%   288.4      0.9852E-01   0.000       288.5       0.000      0.2214       0.000    
     ANIMATION FILE: A06_MONO_L10A024 WRITTEN
    9300  0.2325      0.2500E-04 SH_3N          1  -0.0%   300.0      0.1001       0.000       300.1       0.000      0.2214       0.000    
    9400  0.2350      0.2500E-04 SH_3N          1  -0.0%   311.9      0.1016       0.000       312.0       0.000      0.2214       0.000    
    9500  0.2375      0.2500E-04 SH_3N          1  -0.0%   324.2      0.1032       0.000       324.3       0.000      0.2214       0.000    
    9600  0.2400      0.2500E-04 SH_3N          1  -0.0%   336.8      0.1048       0.000       336.9       0.000      0.2214       0.000    
     ANIMATION FILE: A06_MONO_L10A025 WRITTEN
    9700  0.2425      0.2500E-04 SH_3N          2  -0.0%   349.7      0.1063       0.000       349.8       0.000      0.2214       0.000    
    9800  0.2450      0.2500E-04 SH_3N          1  -0.0%   362.9      0.1079       0.000       363.1       0.000      0.2214       0.000    
    9900  0.2475      0.2500E-04 SH_3N          1  -0.0%   376.5      0.1094       0.000       376.7       0.000      0.2214       0.000    
   CYCLE    TIME      TIME-STEP  ELEMENT          ERROR  I-ENERGY    K-ENERGY T  K-ENERGY R  EXT-WORK     MAS.ERR     TOTAL MASS  MASS ADDED
   10000  0.2500      0.2500E-04 SH_3N          1  -0.0%   390.5      0.1110       0.000       390.6       0.000      0.2214       0.000    
     ANIMATION FILE: A06_MONO_L10A026 WRITTEN
   10100  0.2525      0.2500E-04 SH_3N          1  -0.0%   404.8      0.1125       0.000       404.9       0.000      0.2214       0.000    
   10200  0.2550      0.2500E-04 SH_3N          1  -0.0%   419.4      0.1141       0.000       419.6       0.000      0.2214       0.000    
   10300  0.2575      0.2500E-04 SH_3N          1  -0.0%   434.5      0.1156       0.000       434.6       0.000      0.2214       0.000    
   10400  0.2600      0.2500E-04 SH_3N          1  -0.0%   449.8      0.1171       0.000       450.0       0.000      0.2214       0.000    
     ANIMATION FILE: A06_MONO_L10A027 WRITTEN
   10500  0.2625      0.2500E-04 SH_3N          1  -0.0%   465.6      0.1187       0.000       465.7       0.000      0.2214       0.000    
   10600  0.2650      0.2500E-04 SH_3N          1  -0.0%   481.6      0.1202       0.000       481.7       0.000      0.2214       0.000    
   10700  0.2675      0.2500E-04 SH_3N          1  -0.0%   497.8      0.1217       0.000       498.0       0.000      0.2214       0.000    
   10800  0.2700      0.2500E-04 SH_3N          1  -0.0%   514.2      0.1233       0.000       514.4       0.000      0.2214       0.000    
     ANIMATION FILE: A06_MONO_L10A028 WRITTEN
   10900  0.2725      0.2500E-04 SH_3N          1  -0.0%   530.8      0.1248       0.000       531.0       0.000      0.2214       0.000    
   11000  0.2750      0.2500E-04 SH_3N          1  -0.0%   547.6      0.1263       0.000       547.7       0.000      0.2214       0.000    
   11100  0.2775      0.2500E-04 SH_3N          1  -0.0%   564.5      0.1278       0.000       564.6       0.000      0.2214       0.000    
   11200  0.2800      0.2500E-04 SH_3N          1  -0.0%   581.6      0.1293       0.000       581.7       0.000      0.2214       0.000    
     ANIMATION FILE: A06_MONO_L10A029 WRITTEN
   11300  0.2825      0.2500E-04 SH_3N          2  -0.0%   598.8      0.1308       0.000       599.0       0.000      0.2214       0.000    
   11400  0.2850      0.2500E-04 SH_3N          2  -0.0%   616.2      0.1323       0.000       616.4       0.000      0.2214       0.000    
   11500  0.2875      0.2500E-04 SH_3N          2  -0.0%   633.8      0.1338       0.000       633.9       0.000      0.2214       0.000    
   11600  0.2900      0.2500E-04 SH_3N          1  -0.0%   651.4      0.1352       0.000       651.6       0.000      0.2214       0.000    
     ANIMATION FILE: A06_MONO_L10A030 WRITTEN
   11700  0.2925      0.2500E-04 SH_3N          1  -0.0%   669.2      0.1367       0.000       669.3       0.000      0.2214       0.000    
   11800  0.2950      0.2500E-04 SH_3N          1  -0.0%   687.1      0.1382       0.000       687.3       0.000      0.2214       0.000    
   11900  0.2975      0.2500E-04 SH_3N          1  -0.0%   705.1      0.1396       0.000       705.3       0.000      0.2214       0.000    
   12000  0.3000      0.2500E-04 SH_3N          1  -0.0%   723.2      0.1411       0.000       723.4       0.000      0.2214       0.000    
     ANIMATION FILE: A06_MONO_L10A031 WRITTEN
   12100  0.3025      0.2500E-04 SH_3N          1  -0.0%   741.4      0.1425       0.000       741.6       0.000      0.2214       0.000    
   12200  0.3050      0.2500E-04 SH_3N          1  -0.0%   759.7      0.1439       0.000       759.9       0.000      0.2214       0.000    
   12300  0.3075      0.2500E-04 SH_3N          1  -0.0%   778.1      0.1454       0.000       778.2       0.000      0.2214       0.000    
   12400  0.3100      0.2500E-04 SH_3N          1  -0.0%   796.5      0.1468       0.000       796.7       0.000      0.2214       0.000    
     ANIMATION FILE: A06_MONO_L10A032 WRITTEN
   12500  0.3125      0.2500E-04 SH_3N          1  -0.0%   815.0      0.1482       0.000       815.2       0.000      0.2214       0.000    
   12600  0.3150      0.2500E-04 SH_3N          1  -0.0%   833.5      0.1496       0.000       833.7       0.000      0.2214       0.000    
   12700  0.3175      0.2500E-04 SH_3N          1  -0.0%   852.1      0.1510       0.000       852.3       0.000      0.2214       0.000    
   12800  0.3200      0.2500E-04 SH_3N          1  -0.0%   870.7      0.1523       0.000       870.8       0.000      0.2214       0.000    
     ANIMATION FILE: A06_MONO_L10A033 WRITTEN
   12900  0.3225      0.2500E-04 SH_3N          1  -0.0%   889.3      0.1537       0.000       889.5       0.000      0.2214       0.000    
   13000  0.3250      0.2500E-04 SH_3N          1  -0.0%   907.9      0.1551       0.000       908.1       0.000      0.2214       0.000    
   13100  0.3275      0.2500E-04 SH_3N          2  -0.0%   926.5      0.1564       0.000       926.7       0.000      0.2214       0.000    
   13200  0.3300      0.2500E-04 SH_3N          1  -0.0%   945.1      0.1577       0.000       945.3       0.000      0.2214       0.000    
     ANIMATION FILE: A06_MONO_L10A034 WRITTEN
   13300  0.3325      0.2500E-04 SH_3N          1  -0.0%   963.7      0.1591       0.000       963.8       0.000      0.2214       0.000    
   13400  0.3350      0.2500E-04 SH_3N          2  -0.0%   982.2      0.1604       0.000       982.4       0.000      0.2214       0.000    
   13500  0.3375      0.2500E-04 SH_3N          1  -0.0%   1001.      0.1617       0.000       1001.       0.000      0.2214       0.000    
   13600  0.3400      0.2500E-04 SH_3N          2  -0.0%   1019.      0.1630       0.000       1019.       0.000      0.2214       0.000    
     ANIMATION FILE: A06_MONO_L10A035 WRITTEN
   13700  0.3425      0.2500E-04 SH_3N          1  -0.0%   1037.      0.1643       0.000       1038.       0.000      0.2214       0.000    
   13800  0.3450      0.2500E-04 SH_3N          1  -0.0%   1056.      0.1655       0.000       1056.       0.000      0.2214       0.000    
   13900  0.3475      0.2500E-04 SH_3N          1  -0.0%   1074.      0.1668       0.000       1074.       0.000      0.2214       0.000    
   14000  0.3500      0.2500E-04 SH_3N          1  -0.0%   1092.      0.1680       0.000       1092.       0.000      0.2214       0.000    
     ANIMATION FILE: A06_MONO_L10A036 WRITTEN
   14100  0.3525      0.2500E-04 SH_3N          1  -0.0%   1110.      0.1693       0.000       1110.       0.000      0.2214       0.000    
   14200  0.3550      0.2500E-04 SH_3N          2  -0.0%   1128.      0.1705       0.000       1128.       0.000      0.2214       0.000    
   14300  0.3575      0.2500E-04 SH_3N          2  -0.0%   1145.      0.1717       0.000       1145.       0.000      0.2214       0.000    
   14400  0.3600      0.2500E-04 SH_3N          1  -0.0%   1163.      0.1729       0.000       1163.       0.000      0.2214       0.000    
     ANIMATION FILE: A06_MONO_L10A037 WRITTEN
   14500  0.3625      0.2500E-04 SH_3N          1  -0.0%   1180.      0.1740       0.000       1180.       0.000      0.2214       0.000    
   14600  0.3650      0.2500E-04 SH_3N          1  -0.0%   1197.      0.1752       0.000       1197.       0.000      0.2214       0.000    
   14700  0.3675      0.2500E-04 SH_3N          1  -0.0%   1214.      0.1764       0.000       1214.       0.000      0.2214       0.000    
   14800  0.3700      0.2500E-04 SH_3N          1  -0.0%   1231.      0.1775       0.000       1231.       0.000      0.2214       0.000    
     ANIMATION FILE: A06_MONO_L10A038 WRITTEN
   14900  0.3725      0.2500E-04 SH_3N          1  -0.0%   1247.      0.1786       0.000       1247.       0.000      0.2214       0.000    
   15000  0.3750      0.2500E-04 SH_3N          1  -0.0%   1263.      0.1797       0.000       1263.       0.000      0.2214       0.000    
   15100  0.3775      0.2500E-04 SH_3N          2  -0.0%   1279.      0.1808       0.000       1279.       0.000      0.2214       0.000    
   15200  0.3800      0.2500E-04 SH_3N          1  -0.0%   1295.      0.1819       0.000       1295.       0.000      0.2214       0.000    
     ANIMATION FILE: A06_MONO_L10A039 WRITTEN
   15300  0.3825      0.2500E-04 SH_3N          1  -0.0%   1310.      0.1830       0.000       1310.       0.000      0.2214       0.000    
   15400  0.3850      0.2500E-04 SH_3N          1  -0.0%   1325.      0.1840       0.000       1325.       0.000      0.2214       0.000    
   15500  0.3875      0.2500E-04 SH_3N          1  -0.0%   1340.      0.1850       0.000       1340.       0.000      0.2214       0.000    
   15600  0.3900      0.2500E-04 SH_3N          2  -0.0%   1354.      0.1860       0.000       1355.       0.000      0.2214       0.000    
     ANIMATION FILE: A06_MONO_L10A040 WRITTEN
   15700  0.3925      0.2500E-04 SH_3N          1  -0.0%   1368.      0.1870       0.000       1369.       0.000      0.2214       0.000    
   15800  0.3950      0.2500E-04 SH_3N          2  -0.0%   1382.      0.1880       0.000       1382.       0.000      0.2214       0.000    
   15900  0.3975      0.2500E-04 SH_3N          1  -0.0%   1395.      0.1890       0.000       1396.       0.000      0.2214       0.000    
   16000  0.4000      0.2500E-04 SH_3N          1  -0.0%   1408.      0.1900       0.000       1409.       0.000      0.2214       0.000    
     ANIMATION FILE: A06_MONO_L10A041 WRITTEN
   16100  0.4025      0.2500E-04 SH_3N          1  -0.0%   1421.      0.1909       0.000       1421.       0.000      0.2214       0.000    
   16200  0.4050      0.2500E-04 SH_3N          1  -0.0%   1433.      0.1918       0.000       1433.       0.000      0.2214       0.000    
   16300  0.4075      0.2500E-04 SH_3N          1  -0.0%   1445.      0.1927       0.000       1445.       0.000      0.2214       0.000    
   16400  0.4100      0.2500E-04 SH_3N          1  -0.0%   1456.      0.1936       0.000       1456.       0.000      0.2214       0.000    
     ANIMATION FILE: A06_MONO_L10A042 WRITTEN
   16500  0.4125      0.2500E-04 SH_3N          1  -0.0%   1467.      0.1945       0.000       1467.       0.000      0.2214       0.000    
   16600  0.4150      0.2500E-04 SH_3N          1  -0.0%   1477.      0.1953       0.000       1477.       0.000      0.2214       0.000    
   16700  0.4175      0.2500E-04 SH_3N          1  -0.0%   1487.      0.1962       0.000       1487.       0.000      0.2214       0.000    
   16800  0.4200      0.2500E-04 SH_3N          1  -0.0%   1496.      0.1970       0.000       1496.       0.000      0.2214       0.000    
     ANIMATION FILE: A06_MONO_L10A043 WRITTEN
   16900  0.4225      0.2500E-04 SH_3N          1  -0.0%   1505.      0.1978       0.000       1505.       0.000      0.2214       0.000    
   17000  0.4250      0.2500E-04 SH_3N          1  -0.0%   1513.      0.1986       0.000       1513.       0.000      0.2214       0.000    
   17100  0.4275      0.2500E-04 SH_3N          1  -0.0%   1520.      0.1993       0.000       1521.       0.000      0.2214       0.000    
   17200  0.4300      0.2500E-04 SH_3N          1  -0.0%   1527.      0.2001       0.000       1528.       0.000      0.2214       0.000    
     ANIMATION FILE: A06_MONO_L10A044 WRITTEN
   17300  0.4325      0.2500E-04 SH_3N          1  -0.0%   1534.      0.2008       0.000       1534.       0.000      0.2214       0.000    
   17400  0.4350      0.2500E-04 SH_3N          1  -0.0%   1540.      0.2015       0.000       1540.       0.000      0.2214       0.000    
   17500  0.4375      0.2500E-04 SH_3N          1  -0.0%   1545.      0.2022       0.000       1545.       0.000      0.2214       0.000    
   17600  0.4400      0.2500E-04 SH_3N          1  -0.0%   1549.      0.2029       0.000       1549.       0.000      0.2214       0.000    
     ANIMATION FILE: A06_MONO_L10A045 WRITTEN
   17700  0.4425      0.2500E-04 SH_3N          1  -0.0%   1553.      0.2035       0.000       1553.       0.000      0.2214       0.000    
   17800  0.4450      0.2500E-04 SH_3N          1  -0.0%   1556.      0.2041       0.000       1557.       0.000      0.2214       0.000    
   17900  0.4475      0.2500E-04 SH_3N          1  -0.0%   1559.      0.2048       0.000       1559.       0.000      0.2214       0.000    
   18000  0.4500      0.2500E-04 SH_3N          1  -0.0%   1561.      0.2054       0.000       1561.       0.000      0.2214       0.000    
     ANIMATION FILE: A06_MONO_L10A046 WRITTEN
   18100  0.4525      0.2500E-04 SH_3N          1  -0.0%   1562.      0.2059       0.000       1562.       0.000      0.2214       0.000    
 FAILURE (ORTHENERG) OF SHELL ELEMENT          1 ,GAUSS PT 1 ,PLY ID        41 ,INTEGRATION PT  1
 MODE 1 - TRACTION XX
 FAILURE (ORTHENERG) OF SHELL ELEMENT          1 ,GAUSS PT 1 ,PLY ID        41 ,INTEGRATION PT  2
 MODE 1 - TRACTION XX
 FAILURE (ORTHENERG) OF SHELL ELEMENT          1 ,GAUSS PT 1 ,PLY ID        41 ,INTEGRATION PT  3
 MODE 1 - TRACTION XX
 FAILURE (ORTHENERG) OF SHELL ELEMENT          1 ,GAUSS PT 1 ,PLY ID        43 ,INTEGRATION PT  1
 MODE 1 - TRACTION XX
 FAILURE (ORTHENERG) OF SHELL ELEMENT          1 ,GAUSS PT 1 ,PLY ID        43 ,INTEGRATION PT  2
 MODE 1 - TRACTION XX
 FAILURE (ORTHENERG) OF SHELL ELEMENT          1 ,GAUSS PT 1 ,PLY ID        43 ,INTEGRATION PT  3
 MODE 1 - TRACTION XX
 -- FAILURE (ORTHENERG) OF PLY ID         41 ,SHELL ELEMENT NUMBER          1  BELONGING TO PART ID :        21
 -- FAILURE (ORTHENERG) OF PLY ID         43 ,SHELL ELEMENT NUMBER          1  BELONGING TO PART ID :        21
 FAILURE (ORTHENERG) OF SHELL ELEMENT          2 ,GAUSS PT 1 ,PLY ID        41 ,INTEGRATION PT  1
 MODE 1 - TRACTION XX
 FAILURE (ORTHENERG) OF SHELL ELEMENT          2 ,GAUSS PT 1 ,PLY ID        41 ,INTEGRATION PT  2
 MODE 1 - TRACTION XX
 FAILURE (ORTHENERG) OF SHELL ELEMENT          2 ,GAUSS PT 1 ,PLY ID        41 ,INTEGRATION PT  3
 MODE 1 - TRACTION XX
 FAILURE (ORTHENERG) OF SHELL ELEMENT          2 ,GAUSS PT 1 ,PLY ID        43 ,INTEGRATION PT  1
 MODE 1 - TRACTION XX
 FAILURE (ORTHENERG) OF SHELL ELEMENT          2 ,GAUSS PT 1 ,PLY ID        43 ,INTEGRATION PT  2
 MODE 1 - TRACTION XX
 FAILURE (ORTHENERG) OF SHELL ELEMENT          2 ,GAUSS PT 1 ,PLY ID        43 ,INTEGRATION PT  3
 MODE 1 - TRACTION XX
 -- FAILURE (ORTHENERG) OF PLY ID         41 ,SHELL ELEMENT NUMBER          2  BELONGING TO PART ID :        21
 -- FAILURE (ORTHENERG) OF PLY ID         43 ,SHELL ELEMENT NUMBER          2  BELONGING TO PART ID :        21
   18200  0.4550      0.2500E-04 SH_3N          1  -0.0%   1563.      0.2065       0.000       1563.       0.000      0.2214       0.000    
   18300  0.4575      0.2500E-04 SH_3N          1  -0.0%   1563.      0.2070       0.000       1563.       0.000      0.2214       0.000    
   18400  0.4600      0.2500E-04 SH_3N          1  -0.0%   1563.      0.2075       0.000       1563.       0.000      0.2214       0.000    
     ANIMATION FILE: A06_MONO_L10A047 WRITTEN
   18500  0.4625      0.2500E-04 SH_3N          1  -0.0%   1563.      0.2080       0.000       1563.       0.000      0.2214       0.000    
   18600  0.4650      0.2500E-04 SH_3N          1  -0.0%   1563.      0.2085       0.000       1563.       0.000      0.2214       0.000    
   18700  0.4675      0.2500E-04 SH_3N          1  -0.0%   1563.      0.2090       0.000       1563.       0.000      0.2214       0.000    
   18800  0.4700      0.2500E-04 SH_3N          1  -0.0%   1563.      0.2094       0.000       1563.       0.000      0.2214       0.000    
     ANIMATION FILE: A06_MONO_L10A048 WRITTEN
   18900  0.4725      0.2500E-04 SH_3N          1  -0.0%   1563.      0.2098       0.000       1563.       0.000      0.2214       0.000    
   19000  0.4750      0.2500E-04 SH_3N          1  -0.0%   1563.      0.2102       0.000       1563.       0.000      0.2214       0.000    
   19100  0.4775      0.2500E-04 SH_3N          1  -0.0%   1563.      0.2106       0.000       1563.       0.000      0.2214       0.000    
   19200  0.4800      0.2500E-04 SH_3N          1  -0.0%   1563.      0.2110       0.000       1563.       0.000      0.2214       0.000    
     ANIMATION FILE: A06_MONO_L10A049 WRITTEN
   19300  0.4825      0.2500E-04 SH_3N          1  -0.0%   1563.      0.2113       0.000       1563.       0.000      0.2214       0.000    
   19400  0.4850      0.2500E-04 SH_3N          1  -0.0%   1563.      0.2116       0.000       1563.       0.000      0.2214       0.000    
   19500  0.4875      0.2500E-04 SH_3N          2  -0.0%   1563.      0.2119       0.000       1563.       0.000      0.2214       0.000    
   19600  0.4900      0.2500E-04 SH_3N          2  -0.0%   1563.      0.2122       0.000       1563.       0.000      0.2214       0.000    
     ANIMATION FILE: A06_MONO_L10A050 WRITTEN
   19700  0.4925      0.2500E-04 SH_3N          2  -0.0%   1563.      0.2124       0.000       1563.       0.000      0.2214       0.000    
   19800  0.4950      0.2500E-04 SH_3N          2  -0.0%   1563.      0.2127       0.000       1563.       0.000      0.2214       0.000    
   19900  0.4975      0.2500E-04 SH_3N          1  -0.0%   1563.      0.2129       0.000       1563.       0.000      0.2214       0.000    
   CYCLE    TIME      TIME-STEP  ELEMENT          ERROR  I-ENERGY    K-ENERGY T  K-ENERGY R  EXT-WORK     MAS.ERR     TOTAL MASS  MASS ADDED
   20000  0.5000      0.2500E-04 SH_3N          1  -0.0%   1563.      0.2131       0.000       1563.       0.000      0.2214       0.000    
     ANIMATION FILE: A06_MONO_L10A051 WRITTEN
   20100  0.5025      0.2500E-04 SH_3N          1  -0.0%   1563.      0.2132       0.000       1563.       0.000      0.2214       0.000    
   20200  0.5050      0.2500E-04 SH_3N          1  -0.0%   1563.      0.2134       0.000       1563.       0.000      0.2214       0.000    
   20300  0.5075      0.2500E-04 SH_3N          2  -0.0%   1563.      0.2135       0.000       1563.       0.000      0.2214       0.000    
   20400  0.5100      0.2500E-04 SH_3N          1  -0.0%   1563.      0.2136       0.000       1563.       0.000      0.2214       0.000    
     ANIMATION FILE: A06_MONO_L10A052 WRITTEN
   20500  0.5125      0.2500E-04 SH_3N          1  -0.0%   1563.      0.2137       0.000       1563.       0.000      0.2214       0.000    
   20600  0.5150      0.2500E-04 SH_3N          1  -0.0%   1563.      0.2138       0.000       1564.       0.000      0.2214       0.000    
   20700  0.5175      0.2500E-04 SH_3N          1  -0.0%   1563.      0.2138       0.000       1564.       0.000      0.2214       0.000    
   20800  0.5200      0.2500E-04 SH_3N          1  -0.0%   1563.      0.2138       0.000       1564.       0.000      0.2214       0.000    
     ANIMATION FILE: A06_MONO_L10A053 WRITTEN
   20900  0.5225      0.2500E-04 SH_3N          1  -0.0%   1563.      0.2138       0.000       1564.       0.000      0.2214       0.000    
   21000  0.5250      0.2500E-04 SH_3N          1  -0.0%   1563.      0.2138       0.000       1564.       0.000      0.2214       0.000    
   21100  0.5275      0.2500E-04 SH_3N          1  -0.0%   1563.      0.2138       0.000       1564.       0.000      0.2214       0.000    
   21200  0.5300      0.2500E-04 SH_3N          1  -0.0%   1563.      0.2137       0.000       1564.       0.000      0.2214       0.000    
     ANIMATION FILE: A06_MONO_L10A054 WRITTEN
   21300  0.5325      0.2500E-04 SH_3N          1  -0.0%   1564.      0.2136       0.000       1564.       0.000      0.2214       0.000    
   21400  0.5350      0.2500E-04 SH_3N          1  -0.0%   1564.      0.2135       0.000       1564.       0.000      0.2214       0.000    
   21500  0.5375      0.2500E-04 SH_3N          1  -0.0%   1564.      0.2134       0.000       1564.       0.000      0.2214       0.000    
   21600  0.5400      0.2500E-04 SH_3N          1  -0.0%   1564.      0.2132       0.000       1564.       0.000      0.2214       0.000    
     ANIMATION FILE: A06_MONO_L10A055 WRITTEN
   21700  0.5425      0.2500E-04 SH_3N          1  -0.0%   1564.      0.2130       0.000       1564.       0.000      0.2214       0.000    
   21800  0.5450      0.2500E-04 SH_3N          2  -0.0%   1564.      0.2128       0.000       1564.       0.000      0.2214       0.000    
   21900  0.5475      0.2500E-04 SH_3N          1  -0.0%   1564.      0.2126       0.000       1564.       0.000      0.2214       0.000    
   22000  0.5500      0.2500E-04 SH_3N          1  -0.0%   1564.      0.2124       0.000       1564.       0.000      0.2214       0.000    
     ANIMATION FILE: A06_MONO_L10A056 WRITTEN
   22100  0.5525      0.2500E-04 SH_3N          1  -0.0%   1564.      0.2121       0.000       1564.       0.000      0.2214       0.000    
   22200  0.5550      0.2500E-04 SH_3N          1  -0.0%   1564.      0.2118       0.000       1564.       0.000      0.2214       0.000    
   22300  0.5575      0.2500E-04 SH_3N          1  -0.0%   1564.      0.2115       0.000       1564.       0.000      0.2214       0.000    
   22400  0.5600      0.2500E-04 SH_3N          1  -0.0%   1564.      0.2112       0.000       1564.       0.000      0.2214       0.000    
     ANIMATION FILE: A06_MONO_L10A057 WRITTEN
   22500  0.5625      0.2500E-04 SH_3N          2  -0.0%   1564.      0.2108       0.000       1564.       0.000      0.2214       0.000    
   22600  0.5650      0.2500E-04 SH_3N          1  -0.0%   1564.      0.2105       0.000       1564.       0.000      0.2214       0.000    
   22700  0.5675      0.2500E-04 SH_3N          1  -0.0%   1564.      0.2101       0.000       1564.       0.000      0.2214       0.000    
   22800  0.5700      0.2500E-04 SH_3N          1  -0.0%   1564.      0.2097       0.000       1564.       0.000      0.2214       0.000    
     ANIMATION FILE: A06_MONO_L10A058 WRITTEN
   22900  0.5725      0.2500E-04 SH_3N          1  -0.0%   1564.      0.2092       0.000       1564.       0.000      0.2214       0.000    
   23000  0.5750      0.2500E-04 SH_3N          1  -0.0%   1564.      0.2088       0.000       1564.       0.000      0.2214       0.000    
   23100  0.5775      0.2500E-04 SH_3N          2  -0.0%   1564.      0.2083       0.000       1564.       0.000      0.2214       0.000    
   23200  0.5800      0.2500E-04 SH_3N          1  -0.0%   1564.      0.2078       0.000       1564.       0.000      0.2214       0.000    
     ANIMATION FILE: A06_MONO_L10A059 WRITTEN
   23300  0.5825      0.2500E-04 SH_3N          1  -0.0%   1564.      0.2073       0.000       1564.       0.000      0.2214       0.000    
   23400  0.5850      0.2500E-04 SH_3N          2  -0.0%   1564.      0.2067       0.000       1564.       0.000      0.2214       0.000    
   23500  0.5875      0.2500E-04 SH_3N          1  -0.0%   1564.      0.2062       0.000       1564.       0.000      0.2214       0.000    
   23600  0.5900      0.2500E-04 SH_3N          1  -0.0%   1564.      0.2056       0.000       1564.       0.000      0.2214       0.000    
     ANIMATION FILE: A06_MONO_L10A060 WRITTEN
   23700  0.5925      0.2500E-04 SH_3N          2  -0.0%   1564.      0.2050       0.000       1564.       0.000      0.2214       0.000    
   23800  0.5950      0.2500E-04 SH_3N          1  -0.0%   1564.      0.2043       0.000       1565.       0.000      0.2214       0.000    
   23900  0.5975      0.2500E-04 SH_3N          1  -0.0%   1564.      0.2037       0.000       1565.       0.000      0.2214       0.000    
   24000  0.6000      0.2500E-04 SH_3N          1  -0.0%   1564.      0.2030       0.000       1565.       0.000      0.2214       0.000    
     ANIMATION FILE: A06_MONO_L10A061 WRITTEN
   24100  0.6025      0.2500E-04 SH_3N          1  -0.0%   1564.      0.2023       0.000       1565.       0.000      0.2214       0.000    
   24200  0.6050      0.2500E-04 SH_3N          2  -0.0%   1564.      0.2016       0.000       1565.       0.000      0.2214       0.000    
   24300  0.6075      0.2500E-04 SH_3N          1  -0.0%   1564.      0.2009       0.000       1565.       0.000      0.2214       0.000    
   24400  0.6100      0.2500E-04 SH_3N          1  -0.0%   1565.      0.2001       0.000       1565.       0.000      0.2214       0.000    
     ANIMATION FILE: A06_MONO_L10A062 WRITTEN
   24500  0.6125      0.2500E-04 SH_3N          1  -0.0%   1565.      0.1994       0.000       1565.       0.000      0.2214       0.000    
   24600  0.6150      0.2500E-04 SH_3N          1  -0.0%   1565.      0.1986       0.000       1565.       0.000      0.2214       0.000    
   24700  0.6175      0.2500E-04 SH_3N          1  -0.0%   1565.      0.1977       0.000       1565.       0.000      0.2214       0.000    
   24800  0.6200      0.2500E-04 SH_3N          1  -0.0%   1565.      0.1969       0.000       1565.       0.000      0.2214       0.000    
     ANIMATION FILE: A06_MONO_L10A063 WRITTEN
   24900  0.6225      0.2500E-04 SH_3N          2  -0.0%   1565.      0.1961       0.000       1565.       0.000      0.2214       0.000    
   25000  0.6250      0.2500E-04 SH_3N          1  -0.0%   1565.      0.1952       0.000       1565.       0.000      0.2214       0.000    
   25100  0.6275      0.2500E-04 SH_3N          1  -0.0%   1565.      0.1943       0.000       1565.       0.000      0.2214       0.000    
   25200  0.6300      0.2500E-04 SH_3N          1  -0.0%   1565.      0.1934       0.000       1565.       0.000      0.2214       0.000    
     ANIMATION FILE: A06_MONO_L10A064 WRITTEN
   25300  0.6325      0.2500E-04 SH_3N          1  -0.0%   1565.      0.1924       0.000       1565.       0.000      0.2214       0.000    
   25400  0.6350      0.2500E-04 SH_3N          1  -0.0%   1565.      0.1915       0.000       1565.       0.000      0.2214       0.000    
   25500  0.6375      0.2500E-04 SH_3N          1  -0.0%   1565.      0.1905       0.000       1565.       0.000      0.2214       0.000    
   25600  0.6400      0.2500E-04 SH_3N          1  -0.0%   1565.      0.1895       0.000       1565.       0.000      0.2214       0.000    
     ANIMATION FILE: A06_MONO_L10A065 WRITTEN
   25700  0.6425      0.2500E-04 SH_3N          1  -0.0%   1565.      0.1885       0.000       1565.       0.000      0.2214       0.000    
   25800  0.6450      0.2500E-04 SH_3N          2  -0.0%   1565.      0.1875       0.000       1565.       0.000      0.2214       0.000    
   25900  0.6475      0.2500E-04 SH_3N          1  -0.0%   1565.      0.1864       0.000       1565.       0.000      0.2214       0.000    
   26000  0.6500      0.2500E-04 SH_3N          1  -0.0%   1565.      0.1853       0.000       1565.       0.000      0.2214       0.000    
     ANIMATION FILE: A06_MONO_L10A066 WRITTEN
   26100  0.6525      0.2500E-04 SH_3N          2  -0.0%   1565.      0.1842       0.000       1565.       0.000      0.2214       0.000    
   26200  0.6550      0.2500E-04 SH_3N          2  -0.0%   1565.      0.1831       0.000       1565.       0.000      0.2214       0.000    
   26300  0.6575      0.2500E-04 SH_3N          2  -0.0%   1565.      0.1820       0.000       1565.       0.000      0.2214       0.000    
   26400  0.6600      0.2500E-04 SH_3N          1  -0.0%   1565.      0.1809       0.000       1565.       0.000      0.2214       0.000    
     ANIMATION FILE: A06_MONO_L10A067 WRITTEN
   26500  0.6625      0.2500E-04 SH_3N          1  -0.0%   1565.      0.1797       0.000       1565.       0.000      0.2214       0.000    
   26600  0.6650      0.2500E-04 SH_3N          1  -0.0%   1565.      0.1785       0.000       1565.       0.000      0.2214       0.000    
   26700  0.6675      0.2500E-04 SH_3N          2  -0.0%   1565.      0.1773       0.000       1565.       0.000      0.2214       0.000    
   26800  0.6700      0.2500E-04 SH_3N          2  -0.0%   1565.      0.1761       0.000       1566.       0.000      0.2214       0.000    
     ANIMATION FILE: A06_MONO_L10A068 WRITTEN
   26900  0.6725      0.2500E-04 SH_3N          1  -0.0%   1565.      0.1749       0.000       1566.       0.000      0.2214       0.000    
   27000  0.6750      0.2500E-04 SH_3N          1  -0.0%   1565.      0.1736       0.000       1566.       0.000      0.2214       0.000    
   27100  0.6775      0.2500E-04 SH_3N          1  -0.0%   1565.      0.1724       0.000       1566.       0.000      0.2214       0.000    
   27200  0.6800      0.2500E-04 SH_3N          2  -0.0%   1565.      0.1711       0.000       1566.       0.000      0.2214       0.000    
     ANIMATION FILE: A06_MONO_L10A069 WRITTEN
   27300  0.6825      0.2500E-04 SH_3N          1  -0.0%   1566.      0.1698       0.000       1566.       0.000      0.2214       0.000    
   27400  0.6850      0.2500E-04 SH_3N          1  -0.0%   1566.      0.1685       0.000       1566.       0.000      0.2214       0.000    
   27500  0.6875      0.2500E-04 SH_3N          1  -0.0%   1566.      0.1672       0.000       1566.       0.000      0.2214       0.000    
   27600  0.6900      0.2500E-04 SH_3N          2  -0.0%   1566.      0.1658       0.000       1566.       0.000      0.2214       0.000    
     ANIMATION FILE: A06_MONO_L10A070 WRITTEN
   27700  0.6925      0.2500E-04 SH_3N          2  -0.0%   1566.      0.1645       0.000       1566.       0.000      0.2214       0.000    
   27800  0.6950      0.2500E-04 SH_3N          1  -0.0%   1566.      0.1631       0.000       1566.       0.000      0.2214       0.000    
   27900  0.6975      0.2500E-04 SH_3N          1  -0.0%   1566.      0.1617       0.000       1566.       0.000      0.2214       0.000    
   28000  0.7000      0.2500E-04 SH_3N          1  -0.0%   1566.      0.1603       0.000       1566.       0.000      0.2214       0.000    
     ANIMATION FILE: A06_MONO_L10A071 WRITTEN
   28100  0.7025      0.2500E-04 SH_3N          1  -0.0%   1566.      0.1589       0.000       1566.       0.000      0.2214       0.000    
   28200  0.7050      0.2500E-04 SH_3N          1  -0.0%   1566.      0.1574       0.000       1566.       0.000      0.2214       0.000    
   28300  0.7075      0.2500E-04 SH_3N          1  -0.0%   1566.      0.1560       0.000       1566.       0.000      0.2214       0.000    
   28400  0.7100      0.2500E-04 SH_3N          1  -0.0%   1566.      0.1545       0.000       1566.       0.000      0.2214       0.000    
     ANIMATION FILE: A06_MONO_L10A072 WRITTEN
   28500  0.7125      0.2500E-04 SH_3N          2  -0.0%   1566.      0.1530       0.000       1566.       0.000      0.2214       0.000    
   28600  0.7150      0.2500E-04 SH_3N          1  -0.0%   1566.      0.1516       0.000       1566.       0.000      0.2214       0.000    
   28700  0.7175      0.2500E-04 SH_3N          1  -0.0%   1566.      0.1501       0.000       1566.       0.000      0.2214       0.000    
   28800  0.7200      0.2500E-04 SH_3N          1  -0.0%   1566.      0.1485       0.000       1566.       0.000      0.2214       0.000    
     ANIMATION FILE: A06_MONO_L10A073 WRITTEN
   28900  0.7225      0.2500E-04 SH_3N          2  -0.0%   1566.      0.1470       0.000       1566.       0.000      0.2214       0.000    
   29000  0.7250      0.2500E-04 SH_3N          1  -0.0%   1566.      0.1455       0.000       1566.       0.000      0.2214       0.000    
   29100  0.7275      0.2500E-04 SH_3N          1  -0.0%   1566.      0.1439       0.000       1566.       0.000      0.2214       0.000    
   29200  0.7300      0.2500E-04 SH_3N          1  -0.0%   1566.      0.1424       0.000       1566.       0.000      0.2214       0.000    
     ANIMATION FILE: A06_MONO_L10A074 WRITTEN
   29300  0.7325      0.2500E-04 SH_3N          1  -0.0%   1566.      0.1408       0.000       1566.       0.000      0.2214       0.000    
   29400  0.7350      0.2500E-04 SH_3N          1  -0.0%   1566.      0.1392       0.000       1566.       0.000      0.2214       0.000    
   29500  0.7375      0.2500E-04 SH_3N          2  -0.0%   1566.      0.1376       0.000       1566.       0.000      0.2214       0.000    
   29600  0.7400      0.2500E-04 SH_3N          1  -0.0%   1566.      0.1360       0.000       1566.       0.000      0.2214       0.000    
     ANIMATION FILE: A06_MONO_L10A075 WRITTEN
   29700  0.7425      0.2500E-04 SH_3N          1  -0.0%   1566.      0.1344       0.000       1566.       0.000      0.2214       0.000    
   29800  0.7450      0.2500E-04 SH_3N          1  -0.0%   1566.      0.1328       0.000       1566.       0.000      0.2214       0.000    
   29900  0.7475      0.2500E-04 SH_3N          1  -0.0%   1566.      0.1312       0.000       1567.       0.000      0.2214       0.000    
   CYCLE    TIME      TIME-STEP  ELEMENT          ERROR  I-ENERGY    K-ENERGY T  K-ENERGY R  EXT-WORK     MAS.ERR     TOTAL MASS  MASS ADDED
   30000  0.7500      0.2500E-04 SH_3N          2  -0.0%   1566.      0.1295       0.000       1567.       0.000      0.2214       0.000    
     ANIMATION FILE: A06_MONO_L10A076 WRITTEN
   30100  0.7525      0.2500E-04 SH_3N          1  -0.0%   1566.      0.1279       0.000       1567.       0.000      0.2214       0.000    
   30200  0.7550      0.2500E-04 SH_3N          1  -0.0%   1566.      0.1262       0.000       1567.       0.000      0.2214       0.000    
   30300  0.7575      0.2500E-04 SH_3N          1  -0.0%   1567.      0.1245       0.000       1567.       0.000      0.2214       0.000    
   30400  0.7600      0.2500E-04 SH_3N          1  -0.0%   1567.      0.1229       0.000       1567.       0.000      0.2214       0.000    
     ANIMATION FILE: A06_MONO_L10A077 WRITTEN
   30500  0.7625      0.2500E-04 SH_3N          1  -0.0%   1567.      0.1212       0.000       1567.       0.000      0.2214       0.000    
   30600  0.7650      0.2500E-04 SH_3N          2  -0.0%   1567.      0.1195       0.000       1567.       0.000      0.2214       0.000    
   30700  0.7675      0.2500E-04 SH_3N          1  -0.0%   1567.      0.1178       0.000       1567.       0.000      0.2214       0.000    
   30800  0.7700      0.2500E-04 SH_3N          1  -0.0%   1567.      0.1161       0.000       1567.       0.000      0.2214       0.000    
     ANIMATION FILE: A06_MONO_L10A078 WRITTEN
   30900  0.7725      0.2500E-04 SH_3N          1  -0.0%   1567.      0.1144       0.000       1567.       0.000      0.2214       0.000    
   31000  0.7750      0.2500E-04 SH_3N          1  -0.0%   1567.      0.1127       0.000       1567.       0.000      0.2214       0.000    
   31100  0.7775      0.2500E-04 SH_3N          2  -0.0%   1567.      0.1110       0.000       1567.       0.000      0.2214       0.000    
   31200  0.7800      0.2500E-04 SH_3N          1  -0.0%   1567.      0.1093       0.000       1567.       0.000      0.2214       0.000    
     ANIMATION FILE: A06_MONO_L10A079 WRITTEN
   31300  0.7825      0.2500E-04 SH_3N          2  -0.0%   1567.      0.1076       0.000       1567.       0.000      0.2214       0.000    
   31400  0.7850      0.2500E-04 SH_3N          1  -0.0%   1567.      0.1058       0.000       1567.       0.000      0.2214       0.000    
   31500  0.7875      0.2500E-04 SH_3N          2  -0.0%   1567.      0.1041       0.000       1567.       0.000      0.2214       0.000    
   31600  0.7900      0.2500E-04 SH_3N          1  -0.0%   1567.      0.1024       0.000       1567.       0.000      0.2214       0.000    
     ANIMATION FILE: A06_MONO_L10A080 WRITTEN
   31700  0.7925      0.2500E-04 SH_3N          1  -0.0%   1567.      0.1006       0.000       1567.       0.000      0.2214       0.000    
   31800  0.7950      0.2500E-04 SH_3N          1  -0.0%   1567.      0.9890E-01   0.000       1567.       0.000      0.2214       0.000    
   31900  0.7975      0.2500E-04 SH_3N          2  -0.0%   1567.      0.9717E-01   0.000       1567.       0.000      0.2214       0.000    
   32000  0.8000      0.2500E-04 SH_3N          1  -0.0%   1567.      0.9543E-01   0.000       1567.       0.000      0.2214       0.000    
     ANIMATION FILE: A06_MONO_L10A081 WRITTEN
   32100  0.8025      0.2500E-04 SH_3N          1  -0.0%   1567.      0.9369E-01   0.000       1567.       0.000      0.2214       0.000    
   32200  0.8050      0.2500E-04 SH_3N          2  -0.0%   1567.      0.9195E-01   0.000       1567.       0.000      0.2214       0.000    
   32300  0.8075      0.2500E-04 SH_3N          2  -0.0%   1567.      0.9022E-01   0.000       1567.       0.000      0.2214       0.000    
   32400  0.8100      0.2500E-04 SH_3N          1  -0.0%   1567.      0.8848E-01   0.000       1567.       0.000      0.2214       0.000    
     ANIMATION FILE: A06_MONO_L10A082 WRITTEN
   32500  0.8125      0.2500E-04 SH_3N          1  -0.0%   1567.      0.8674E-01   0.000       1567.       0.000      0.2214       0.000    
   32600  0.8150      0.2500E-04 SH_3N          1  -0.0%   1567.      0.8501E-01   0.000       1567.       0.000      0.2214       0.000    
   32700  0.8175      0.2500E-04 SH_3N          1  -0.0%   1567.      0.8328E-01   0.000       1567.       0.000      0.2214       0.000    
   32800  0.8200      0.2500E-04 SH_3N          1  -0.0%   1567.      0.8155E-01   0.000       1567.       0.000      0.2214       0.000    
     ANIMATION FILE: A06_MONO_L10A083 WRITTEN
   32900  0.8225      0.2500E-04 SH_3N          1  -0.0%   1567.      0.7982E-01   0.000       1567.       0.000      0.2214       0.000    
   33000  0.8250      0.2500E-04 SH_3N          1  -0.0%   1567.      0.7810E-01   0.000       1567.       0.000      0.2214       0.000    
   33100  0.8275      0.2500E-04 SH_3N          1  -0.0%   1567.      0.7639E-01   0.000       1567.       0.000      0.2214       0.000    
   33200  0.8300      0.2500E-04 SH_3N          1  -0.0%   1567.      0.7467E-01   0.000       1567.       0.000      0.2214       0.000    
     ANIMATION FILE: A06_MONO_L10A084 WRITTEN
   33300  0.8325      0.2500E-04 SH_3N          1  -0.0%   1567.      0.7296E-01   0.000       1567.       0.000      0.2214       0.000    
   33400  0.8350      0.2500E-04 SH_3N          2  -0.0%   1567.      0.7126E-01   0.000       1568.       0.000      0.2214       0.000    
   33500  0.8375      0.2500E-04 SH_3N          2  -0.0%   1567.      0.6957E-01   0.000       1568.       0.000      0.2214       0.000    
   33600  0.8400      0.2500E-04 SH_3N          1  -0.0%   1567.      0.6788E-01   0.000       1568.       0.000      0.2214       0.000    
     ANIMATION FILE: A06_MONO_L10A085 WRITTEN
   33700  0.8425      0.2500E-04 SH_3N          1  -0.0%   1568.      0.6619E-01   0.000       1568.       0.000      0.2214       0.000    
   33800  0.8450      0.2500E-04 SH_3N          1  -0.0%   1568.      0.6452E-01   0.000       1568.       0.000      0.2214       0.000    
   33900  0.8475      0.2500E-04 SH_3N          1  -0.0%   1568.      0.6285E-01   0.000       1568.       0.000      0.2214       0.000    
   34000  0.8500      0.2500E-04 SH_3N          1  -0.0%   1568.      0.6119E-01   0.000       1568.       0.000      0.2214       0.000    
     ANIMATION FILE: A06_MONO_L10A086 WRITTEN
   34100  0.8525      0.2500E-04 SH_3N          2  -0.0%   1568.      0.5955E-01   0.000       1568.       0.000      0.2214       0.000    
   34200  0.8550      0.2500E-04 SH_3N          1  -0.0%   1568.      0.5791E-01   0.000       1568.       0.000      0.2214       0.000    
   34300  0.8575      0.2500E-04 SH_3N          1  -0.0%   1568.      0.5628E-01   0.000       1568.       0.000      0.2214       0.000    
   34400  0.8600      0.2500E-04 SH_3N          2  -0.0%   1568.      0.5466E-01   0.000       1568.       0.000      0.2214       0.000    
     ANIMATION FILE: A06_MONO_L10A087 WRITTEN
   34500  0.8625      0.2500E-04 SH_3N          1  -0.0%   1568.      0.5305E-01   0.000       1568.       0.000      0.2214       0.000    
   34600  0.8650      0.2500E-04 SH_3N          1  -0.0%   1568.      0.5146E-01   0.000       1568.       0.000      0.2214       0.000    
   34700  0.8675      0.2500E-04 SH_3N          1  -0.0%   1568.      0.4988E-01   0.000       1568.       0.000      0.2214       0.000    
   34800  0.8700      0.2500E-04 SH_3N          2  -0.0%   1568.      0.4831E-01   0.000       1568.       0.000      0.2214       0.000    
     ANIMATION FILE: A06_MONO_L10A088 WRITTEN
   34900  0.8725      0.2500E-04 SH_3N          1  -0.0%   1568.      0.4676E-01   0.000       1568.       0.000      0.2214       0.000    
   35000  0.8750      0.2500E-04 SH_3N          2  -0.0%   1568.      0.4521E-01   0.000       1568.       0.000      0.2214       0.000    
   35100  0.8775      0.2500E-04 SH_3N          1  -0.0%   1568.      0.4369E-01   0.000       1568.       0.000      0.2214       0.000    
   35200  0.8800      0.2500E-04 SH_3N          1  -0.0%   1568.      0.4218E-01   0.000       1568.       0.000      0.2214       0.000    
     ANIMATION FILE: A06_MONO_L10A089 WRITTEN
   35300  0.8825      0.2500E-04 SH_3N          1  -0.0%   1568.      0.4068E-01   0.000       1568.       0.000      0.2214       0.000    
   35400  0.8850      0.2500E-04 SH_3N          1  -0.0%   1568.      0.3921E-01   0.000       1568.       0.000      0.2214       0.000    
   35500  0.8875      0.2500E-04 SH_3N          1  -0.0%   1568.      0.3774E-01   0.000       1568.       0.000      0.2214       0.000    
   35600  0.8900      0.2500E-04 SH_3N          2  -0.0%   1568.      0.3630E-01   0.000       1568.       0.000      0.2214       0.000    
     ANIMATION FILE: A06_MONO_L10A090 WRITTEN
   35700  0.8925      0.2500E-04 SH_3N          2  -0.0%   1568.      0.3488E-01   0.000       1568.       0.000      0.2214       0.000    
   35800  0.8950      0.2500E-04 SH_3N          2  -0.0%   1568.      0.3347E-01   0.000       1568.       0.000      0.2214       0.000    
   35900  0.8975      0.2500E-04 SH_3N          2  -0.0%   1568.      0.3208E-01   0.000       1568.       0.000      0.2214       0.000    
   36000  0.9000      0.2500E-04 SH_3N          1  -0.0%   1568.      0.3072E-01   0.000       1568.       0.000      0.2214       0.000    
     ANIMATION FILE: A06_MONO_L10A091 WRITTEN
   36100  0.9025      0.2500E-04 SH_3N          1  -0.0%   1568.      0.2937E-01   0.000       1568.       0.000      0.2214       0.000    
   36200  0.9050      0.2500E-04 SH_3N          1  -0.0%   1568.      0.2805E-01   0.000       1568.       0.000      0.2214       0.000    
   36300  0.9075      0.2500E-04 SH_3N          2  -0.0%   1568.      0.2675E-01   0.000       1568.       0.000      0.2214       0.000    
   36400  0.9100      0.2500E-04 SH_3N          1  -0.0%   1568.      0.2547E-01   0.000       1568.       0.000      0.2214       0.000    
     ANIMATION FILE: A06_MONO_L10A092 WRITTEN
   36500  0.9125      0.2500E-04 SH_3N          2  -0.0%   1568.      0.2421E-01   0.000       1568.       0.000      0.2214       0.000    
   36600  0.9150      0.2500E-04 SH_3N          1  -0.0%   1568.      0.2298E-01   0.000       1568.       0.000      0.2214       0.000    
   36700  0.9175      0.2500E-04 SH_3N          1  -0.0%   1568.      0.2177E-01   0.000       1568.       0.000      0.2214       0.000    
   36800  0.9200      0.2500E-04 SH_3N          1  -0.0%   1568.      0.2059E-01   0.000       1568.       0.000      0.2214       0.000    
     ANIMATION FILE: A06_MONO_L10A093 WRITTEN
   36900  0.9225      0.2500E-04 SH_3N          1  -0.0%   1568.      0.1943E-01   0.000       1568.       0.000      0.2214       0.000    
   37000  0.9250      0.2500E-04 SH_3N          1  -0.0%   1568.      0.1830E-01   0.000       1568.       0.000      0.2214       0.000    
   37100  0.9275      0.2500E-04 SH_3N          1  -0.0%   1568.      0.1720E-01   0.000       1568.       0.000      0.2214       0.000    
   37200  0.9300      0.2500E-04 SH_3N          1  -0.0%   1568.      0.1612E-01   0.000       1568.       0.000      0.2214       0.000    
     ANIMATION FILE: A06_MONO_L10A094 WRITTEN
   37300  0.9325      0.2500E-04 SH_3N          1  -0.0%   1568.      0.1508E-01   0.000       1568.       0.000      0.2214       0.000    
   37400  0.9350      0.2500E-04 SH_3N          2  -0.0%   1568.      0.1406E-01   0.000       1568.       0.000      0.2214       0.000    
   37500  0.9375      0.2500E-04 SH_3N          2  -0.0%   1568.      0.1307E-01   0.000       1568.       0.000      0.2214       0.000    
   37600  0.9400      0.2500E-04 SH_3N          1  -0.0%   1568.      0.1211E-01   0.000       1568.       0.000      0.2214       0.000    
     ANIMATION FILE: A06_MONO_L10A095 WRITTEN
   37700  0.9425      0.2500E-04 SH_3N          1  -0.0%   1568.      0.1118E-01   0.000       1568.       0.000      0.2214       0.000    
   37800  0.9450      0.2500E-04 SH_3N          1  -0.0%   1568.      0.1029E-01   0.000       1568.       0.000      0.2214       0.000    
   37900  0.9475      0.2500E-04 SH_3N          1  -0.0%   1568.      0.9427E-02   0.000       1568.       0.000      0.2214       0.000    
   38000  0.9500      0.2500E-04 SH_3N          1  -0.0%   1568.      0.8597E-02   0.000       1568.       0.000      0.2214       0.000    
     ANIMATION FILE: A06_MONO_L10A096 WRITTEN
   38100  0.9525      0.2500E-04 SH_3N          1  -0.0%   1568.      0.7801E-02   0.000       1568.       0.000      0.2214       0.000    
   38200  0.9550      0.2500E-04 SH_3N          1  -0.0%   1568.      0.7039E-02   0.000       1568.       0.000      0.2214       0.000    
   38300  0.9575      0.2500E-04 SH_3N          1  -0.0%   1568.      0.6313E-02   0.000       1568.       0.000      0.2214       0.000    
   38400  0.9600      0.2500E-04 SH_3N          1  -0.0%   1568.      0.5622E-02   0.000       1568.       0.000      0.2214       0.000    
     ANIMATION FILE: A06_MONO_L10A097 WRITTEN
   38500  0.9625      0.2500E-04 SH_3N          1  -0.0%   1568.      0.4967E-02   0.000       1568.       0.000      0.2214       0.000    
   38600  0.9650      0.2500E-04 SH_3N          1  -0.0%   1568.      0.4350E-02   0.000       1568.       0.000      0.2214       0.000    
   38700  0.9675      0.2500E-04 SH_3N          2  -0.0%   1568.      0.3771E-02   0.000       1568.       0.000      0.2214       0.000    
   38800  0.9700      0.2500E-04 SH_3N          1  -0.0%   1568.      0.3230E-02   0.000       1568.       0.000      0.2214       0.000    
     ANIMATION FILE: A06_MONO_L10A098 WRITTEN
   38900  0.9725      0.2500E-04 SH_3N          2  -0.0%   1568.      0.2728E-02   0.000       1568.       0.000      0.2214       0.000    
   39000  0.9750      0.2500E-04 SH_3N          1  -0.0%   1568.      0.2267E-02   0.000       1568.       0.000      0.2214       0.000    
   39100  0.9775      0.2500E-04 SH_3N          1  -0.0%   1568.      0.1846E-02   0.000       1568.       0.000      0.2214       0.000    
   39200  0.9800      0.2500E-04 SH_3N          1  -0.0%   1568.      0.1466E-02   0.000       1568.       0.000      0.2214       0.000    
     ANIMATION FILE: A06_MONO_L10A099 WRITTEN
   39300  0.9825      0.2500E-04 SH_3N          1  -0.0%   1568.      0.1128E-02   0.000       1568.       0.000      0.2214       0.000    
   39400  0.9850      0.2500E-04 SH_3N          1  -0.0%   1568.      0.8330E-03   0.000       1568.       0.000      0.2214       0.000    
   39500  0.9875      0.2500E-04 SH_3N          2  -0.0%   1568.      0.5815E-03   0.000       1568.       0.000      0.2214       0.000    
   39600  0.9900      0.2500E-04 SH_3N          2  -0.0%   1568.      0.3740E-03   0.000       1568.       0.000      0.2214       0.000    
     ANIMATION FILE: A06_MONO_L10A100 WRITTEN
   39700  0.9925      0.2500E-04 SH_3N          1  -0.0%   1568.      0.2115E-03   0.000       1568.       0.000      0.2214       0.000    
   39800  0.9950      0.2500E-04 SH_3N          1  -0.0%   1568.      0.9446E-04   0.000       1568.       0.000      0.2214       0.000    
   39900  0.9975      0.2500E-04 SH_3N          1  -0.0%   1568.      0.2373E-04   0.000       1568.       0.000      0.2214       0.000    

     RESTART FILES: A06_MONO_L10_0001_[0001-0001].rst WRITTEN
     -------------

   CYCLE    TIME      TIME-STEP  ELEMENT          ERROR  I-ENERGY    K-ENERGY T  K-ENERGY R  EXT-WORK     MAS.ERR     TOTAL MASS  MASS ADDED
   40000   1.000      0.2500E-04 SH_3N          2  -0.0%   1568.      0.2384E-08   0.000       1568.       0.000      0.2214       0.000    
     ANIMATION FILE: A06_MONO_L10A101 WRITTEN
  
                           ** CPU USER TIME **
  
  
                        ** SUMMARY **
  
 #PROC  ELEMENT   KINCOND   INTEG     IO        T0        ASM       RESOL    
   1   .2094E+01 .5625E+00 .6406E+00 .2594E+01 .7031E+00 .5312E+00 .8844E+01
  
 
                   ** CUMULATIVE CPU TIME SUMMARY **
  
 CONTACT SORTING.............: .0000E+00     0.00 % 
 CONTACT FORCES..............: .3125E-01     0.35 % 
 ELEMENT FORCES..............: .2094E+01    23.67 % 
 KINEMATIC COND..............: .5625E+00     6.36 % 
 INTEGRATION.................: .6406E+00     7.24 % 
 ASSEMBLING..................: .5312E+00     6.01 % 
 OTHERS (including I/O)......: .4984E+01    56.36 % 
 TOTAL.......................: .8844E+01   100.00 % 
  
  
                           ** ELAPSED TIME **
  
  
                        ** SUMMARY **
  
 #PROC  ELEMENT   KINCOND   INTEG     IO        T0        ASM       RESOL    
   1   .9690E+00 .2960E+00 .2960E+00 .1099E+01 .5678E+00 .2367E+00 .4422E+01
  
                   ** MEMORY USAGE STATISTICS **
  
 TOTAL MEMORY USED .........................:       49 MB
 MAXIMUM MEMORY PER PROCESSOR...............:       49 MB
 MINIMUM MEMORY PER PROCESSOR...............:       49 MB
 AVERAGE MEMORY PER PROCESSOR...............:       49 MB
  
                   ** DISK USAGE STATISTICS **
  
 TOTAL DISK SPACE USED .....................:          5 MB
 ANIMATION/H3D/TH/OUTP SIZE ................:          4 MB
 RESTART FILE SIZE .........................:          0 MB
  
                   ** COMPUTE TIME INFORMATION **
                        ** CURRENT ENGINE **
  
 EXECUTION STARTED .........................:      2026/10/05  19:04:09
 EXECUTION COMPLETED .......................:      2026/10/05  19:04:14
  
 ELAPSED TIME     =          4.46 s
                          0:00:04



     NORMAL TERMINATION      



     TOTAL NUMBER OF CYCLES  :   40001

  
                   ** COMPUTE RUNTIME INFORMATION SUMMARY **
  
        STARTER RUNTIME =          0.75s (00:00:00)
 # 001   ENGINE RUNTIME =          4.46s (00:00:04)
 ------------------------------ 
 STARTER+ENGINE RUNTIME =          5.20s (00:00:05)
  
