 A17_SHEAR_L10_0001.out
************************************************************************
**                                                                    **
**                                                                    **
**                         OpenRadioss Engine                         **
**                                                                    **
**            Non-linear Finite Element Analysis Software             **
**                                                                    **
**                                                                    **
**                                                                    **
**                  Windows 64 bits, Intel compiler                   **
**                      Double Precision Version                      **
**                                                                    **
**                                                                    **
**                                                                    **
************************************************************************
** OpenRadioss Software                                               **
** COPYRIGHT (C) 2026 Siemens                                         **
** Licensed under GNU Affero General Public License.                  **
** See License file.                                                  **
************************************************************************
 
 NUMBER OF SPMD DOMAINS           1
 NUMBER OF THREADS PER DOMAIN     2
 NUMBER OF HMPP PROCESSES         2
  
 COMPUTATION HARDWARE DESCRIPTION
  
 HOSTNAME     CPU TYPE, FREQUENCY AND MEMORY
 jeux   AMD Ryzen 5 5600 6-Core Processor               (x86_64), 3700 MHz,   6916 MB RAM,  18985 MB swap
  
 STACKSIZE  . . . . . . . . . . . . . . . . . . . . 1430 MB
 THREAD STACKSIZE . . . . . . . . . . . . . . . . . 400 MB
 
************************************************************************


 A17_SHEAR_L10D01                                                                


 FINAL TIME . . . . . . . . . . . . . . . . . . .   1.000000    

 TIME INTERVAL FOR TIME HISTORY PLOTS . . . . . .  0.1000000E-03

 TIME STEP SCALE FACTOR . . . . . . . . . . . . .  0.4000000    

 MINIMUM TIME STEP  . . . . . . . . . . . . . . .   0.000000    


 BRICK TIME STEP SCALE FACTOR . . . . . . . . . .  0.4000000    
 BRICK MINIMUM TIME STEP. . . . . . . . . . . . .   0.000000    
 MIN. TIME STEP FLAG (1:STOP RUN, 2:DELETE BRICK)     1

 QUAD TIME STEP SCALE FACTOR. . . . . . . . . . .  0.4000000    
 QUAD MINIMUM TIME STEP . . . . . . . . . . . . .   0.000000    
 MIN. TIME STEP FLAG (1:STOP RUN, 2:DELETE QUAD).     1

 SHELL TIME STEP SCALE FACTOR . . . . . . . . . .  0.4000000    
 SHELL MINIMUM TIME STEP. . . . . . . . . . . . .   0.000000    
 MIN. TIME FLAG (1:STOP, 2:DELETE, 3:SMALL STRAIN)    2

 TRUSS TIME STEP SCALE FACTOR . . . . . . . . . .  0.4000000    
 TRUSS MINIMUM TIME STEP. . . . . . . . . . . . .   0.000000    
 MIN. TIME FLAG (1:STOP, 2:DELETE). . . . . . . .     0

 BEAM TIME STEP SCALE FACTOR. . . . . . . . . . .  0.4000000    
 BEAM MINIMUM TIME STEP . . . . . . . . . . . . .   0.000000    
 MIN. TIME FLAG (1:STOP, 2:DELETE). . . . . . . .     0

 SPRING TIME STEP SCALE FACTOR. . . . . . . . . .  0.4000000    
 SPRING MINIMUM TIME STEP . . . . . . . . . . . .   0.000000    
 MIN. TIME FLAG (1:STOP, 2:DELETE). . . . . . . .     0

 AIRBAG TIME STEP SCALE FACTOR. . . . . . . . . .  0.4000000    
 AIRBAG MINIMUM TIME STEP . . . . . . . . . . . .   0.000000    
 MIN. TIME FLAG (1:STOP). . . . . . . . . . . . .     0

 CONTACT TIME STEP SCALE FACTOR . . . . . . . . .  0.4000000    
 CONTACT MINIMUM TIME STEP. . . . . . . . . . . .   0.000000    
 MIN. TIME FLAG(1:STOP, 2:REMOVE NODE FROM INTERF)    0

 PRINTOUT CYCLE FREQUENCY . . . . . . . . . . . .  -100

 RESTART CYCLE FREQUENCY. . . . . . . . . . . . .   10000000

 MAXIMUM RESTART WRITE BEFORE OVERWRITE . . . . .     0

 INVERS: INPUT DECK VERSION . . . . . . . . . . .  2026
 ITTYP : FLAG FOR TYPE OF T-FILE. . . . . . . . .     4

 INITIAL TIME STEP. . . . . . . . . . . . . . . .  0.2500000E-04
 MAXIMUM TIME STEP. . . . . . . . . . . . . . . .  0.2500000E-04

 PARALLEL ARITHMETIC ON
 NUMBER OF INTERFACES TO BE ELIMINATED. . . . . .        0

 NUMBER OF PARTS TO BE ELIMINATED . . . . . . . .        0

 NUMBER OF SOLID  ELEMENT BLOCKS TO BE ELIMINATED        0

 NUMBER OF QUAD   ELEMENT BLOCKS TO BE ELIMINATED        0

 NUMBER OF SHELL  ELEMENT BLOCKS TO BE ELIMINATED        0

 NUMBER OF TRUSS  ELEMENT BLOCKS TO BE ELIMINATED        0

 NUMBER OF BEAM   ELEMENT BLOCKS TO BE ELIMINATED        0

 NUMBER OF SPRING ELEMENT BLOCKS TO BE ELIMINATED        0

 NUMBER OF SH_3N  ELEMENT BLOCKS TO BE ELIMINATED        0

 NUMBER OF  SPH PARTICLES BLOCKS TO BE ELIMINATED        0

 NUMBER OF RIGID LINKS. . . . . . . . . . . . . .        0

 NUMBER OF NEW BOUNDARY CONDITIONS. . . . . . . .        0


 TIME FOR FIRST ANIMATION-FILE PLOT . . . . . . .   0.000000    
 TIME INTERVAL FOR ANIMATION-FILE PLOTS . . . . .  0.5000000E-02
 TIME TO STOP ANIMATION-FILE PLOTS. . . . . . . .  0.1000000E+21
 SENSOR FOR ANIMATION-FILE PLOTS. . . . . . . . .          0
 TIME INTERVAL FOR SENSOR ANIMATION-FILE PLOTS. .   0.000000    

 VARIABLE SAVED ON ANIMATION FILES (1: YES) :
      PLASTIC STRAIN. . . . . .     0
      DENSITY     (SOLID ONLY).     0
      SPECIFIC ENERGY . . . . .     1
      HOURGLASS ENERGY. . . . .     0
      TEMPERATURE (SOLID ONLY).     0
      THICKNESS   (SHELL ONLY).     0
      PRESSURE    (SOLID ONLY).     0
      VON MISES . . . . . . . .     0
      TURBULENT ENERGY (FLUID).     0
      TURBULENT VISCOSITY(FLUID)    0
      VORTICITY (FLUID) . . . .     0
 NODAL VALUES SAVED ON ANIMATION FILES (1: YES) :
      PRESSURE. . . . . . . . .     0
      DENSITY . . . . . . . . .     0
      TEMPERATURE . . . . . . .     0
 VECTOR SAVED ON ANIMATION FILES (1: YES) :
      VELOCITY VECTOR . . . . .     1
      DISPLACEMENT VECTOR . . .     1
      ACCELERATION VECTOR . . .     0
      CONTACT FORCES. . . . . .     0
      INTERNAL FORCES . . . . .     0
      EXTERNAL FORCES . . . . .     0
      SECTION RBY RWALL FORCES.     0
      ROTATIONAL VELOCITY VECTOR    0
      CONTACT PRESSURE (VECTORS)    0
 SHELL TENSOR SAVED ON ANIMATION FILES (1: YES) :
      MEMBRANE STRESS . . . . .     0
      BENDING STRESS(MOMENT/T^2)    0
      UPPER LAYER STRESS. . . .     0
      LOWER LAYER STRESS. . . .     0
      MEMBRANE STRAIN . . . . .     0
      CURVATURE . . . . . . . .     0
      UPPER LAYER STRAIN. . . .     0
      LOWER LAYER STRAIN. . . .     0
 NODAL MASS SAVED ON ANIMATION FILES (1: YES) :    0
 KEEP DELETED ELEMENT (1: YES) :    0


 09/10/2026
   CYCLE    TIME      TIME-STEP  ELEMENT          ERROR  I-ENERGY    K-ENERGY T  K-ENERGY R  EXT-WORK     MAS.ERR     TOTAL MASS  MASS ADDED
       0   0.000      0.2500E-04 NODE           5   0.0%   0.000       0.000       0.000       0.000       0.000       8.000       0.000    
     ANIMATION FILE: A17_SHEAR_L10A001 WRITTEN
     100  0.2500E-02  0.2500E-04 NODE           5  -0.0%  0.1124E-02  0.3572E-01   0.000      0.3686E-01   0.000       8.000       0.000    
     200  0.5000E-02  0.2500E-04 NODE           5  -0.0%  0.1774E-01  0.1400       0.000      0.1578       0.000       8.000       0.000    
     ANIMATION FILE: A17_SHEAR_L10A002 WRITTEN
     300  0.7500E-02  0.2500E-04 NODE           5  -0.0%  0.8861E-01  0.3087       0.000      0.3973       0.000       8.000       0.000    
     400  0.1000E-01  0.2500E-04 NODE           5  -0.0%  0.2763      0.5375       0.000      0.8137       0.000       8.000       0.000    
     ANIMATION FILE: A17_SHEAR_L10A003 WRITTEN
     500  0.1250E-01  0.2500E-04 NODE           5  -0.0%  0.6652      0.8224       0.000       1.488       0.000       8.000       0.000    
     600  0.1500E-01  0.2500E-04 NODE           5  -0.0%   1.360       1.159       0.000       2.520       0.000       8.000       0.000    
     ANIMATION FILE: A17_SHEAR_L10A004 WRITTEN
     700  0.1750E-01  0.2500E-04 NODE           5  -0.0%   2.486       1.545       0.000       4.030       0.000       8.000       0.000    
     800  0.2000E-01  0.2500E-04 NODE           5  -0.0%   4.181       1.974       0.000       6.156       0.000       8.000       0.000    
     ANIMATION FILE: A17_SHEAR_L10A005 WRITTEN
     900  0.2250E-01  0.2500E-04 NODE           5  -0.0%   6.603       2.445       0.000       9.048       0.000       8.000       0.000    
    1000  0.2500E-01  0.2500E-04 NODE           5  -0.0%   9.923       2.952       0.000       12.87       0.000       8.000       0.000    
     ANIMATION FILE: A17_SHEAR_L10A006 WRITTEN
    1100  0.2750E-01  0.2500E-04 NODE           5  -0.0%   14.32       3.494       0.000       17.81       0.000       8.000       0.000    
    1200  0.3000E-01  0.2500E-04 NODE           5  -0.0%   19.99       4.065       0.000       24.06       0.000       8.000       0.000    
     ANIMATION FILE: A17_SHEAR_L10A007 WRITTEN
    1300  0.3250E-01  0.2500E-04 NODE           5  -0.0%   27.14       4.663       0.000       31.80       0.000       8.000       0.000    
    1400  0.3500E-01  0.2500E-04 NODE           5  -0.0%   35.97       5.284       0.000       41.26       0.000       8.000       0.000    
     ANIMATION FILE: A17_SHEAR_L10A008 WRITTEN
    1500  0.3750E-01  0.2500E-04 NODE           5  -0.0%   46.71       5.925       0.000       52.63       0.000       8.000       0.000    
    1600  0.4000E-01  0.2500E-04 NODE           5  -0.0%   59.57       6.584       0.000       66.16       0.000       8.000       0.000    
     ANIMATION FILE: A17_SHEAR_L10A009 WRITTEN
    1700  0.4250E-01  0.2500E-04 NODE           5  -0.0%   74.79       7.257       0.000       82.05       0.000       8.000       0.000    
    1800  0.4500E-01  0.2500E-04 NODE           5  -0.0%   92.60       7.941       0.000       100.5       0.000       8.000       0.000    
     ANIMATION FILE: A17_SHEAR_L10A010 WRITTEN
    1900  0.4750E-01  0.2500E-04 NODE           5  -0.0%   113.2       8.633       0.000       121.9       0.000       8.000       0.000    
    2000  0.5000E-01  0.2500E-04 NODE           5  -0.0%   136.9       9.331       0.000       146.2       0.000       8.000       0.000    
     ANIMATION FILE: A17_SHEAR_L10A011 WRITTEN
    2100  0.5250E-01  0.2500E-04 NODE           5  -0.0%   163.8       10.03       0.000       173.9       0.000       8.000       0.000    
    2200  0.5500E-01  0.2500E-04 NODE           5  -0.0%   194.3       10.73       0.000       205.0       0.000       8.000       0.000    
     ANIMATION FILE: A17_SHEAR_L10A012 WRITTEN
    2300  0.5750E-01  0.2500E-04 NODE           5  -0.0%   228.5       11.43       0.000       239.9       0.000       8.000       0.000    
    2400  0.6000E-01  0.2500E-04 NODE           5  -0.0%   266.7       12.13       0.000       278.8       0.000       8.000       0.000    
     ANIMATION FILE: A17_SHEAR_L10A013 WRITTEN
    2500  0.6250E-01  0.2500E-04 NODE           5  -0.0%   309.0       12.81       0.000       321.8       0.000       8.000       0.000    
    2600  0.6500E-01  0.2500E-04 NODE           5  -0.0%   355.7       13.49       0.000       369.2       0.000       8.000       0.000    
     ANIMATION FILE: A17_SHEAR_L10A014 WRITTEN
    2700  0.6750E-01  0.2500E-04 NODE           5  -0.0%   407.0       14.16       0.000       421.2       0.000       8.000       0.000    
    2800  0.7000E-01  0.2500E-04 NODE           5  -0.0%   463.1       14.81       0.000       478.0       0.000       8.000       0.000    
     ANIMATION FILE: A17_SHEAR_L10A015 WRITTEN
    2900  0.7250E-01  0.2500E-04 NODE           1  -0.0%   524.2       15.45       0.000       539.7       0.000       8.000       0.000    
    3000  0.7500E-01  0.2500E-04 NODE           5  -0.0%   590.5       16.07       0.000       606.6       0.000       8.000       0.000    
     ANIMATION FILE: A17_SHEAR_L10A016 WRITTEN
    3100  0.7750E-01  0.2500E-04 NODE           5  -0.0%   661.5       16.68       0.000       678.1       0.000       8.000       0.000    
    3200  0.8000E-01  0.2500E-04 NODE           5  -0.0%   733.7       17.26       0.000       750.9       0.000       8.000       0.000    
     ANIMATION FILE: A17_SHEAR_L10A017 WRITTEN
    3300  0.8250E-01  0.2500E-04 NODE           5  -0.0%   806.5       17.82       0.000       824.3       0.000       8.000       0.000    
    3400  0.8500E-01  0.2500E-04 NODE           5  -0.0%   879.8       18.35       0.000       898.1       0.000       8.000       0.000    
     ANIMATION FILE: A17_SHEAR_L10A018 WRITTEN
    3500  0.8750E-01  0.2500E-04 NODE           5  -0.0%   953.4       18.87       0.000       972.3       0.000       8.000       0.000    
    3600  0.9000E-01  0.2500E-04 NODE           5  -0.0%   1027.       19.35       0.000       1047.       0.000       8.000       0.000    
     ANIMATION FILE: A17_SHEAR_L10A019 WRITTEN
    3700  0.9250E-01  0.2500E-04 NODE           5  -0.0%   1102.       19.81       0.000       1121.       0.000       8.000       0.000    
    3800  0.9500E-01  0.2500E-04 NODE           5  -0.0%   1176.       20.23       0.000       1196.       0.000       8.000       0.000    
     ANIMATION FILE: A17_SHEAR_L10A020 WRITTEN
    3900  0.9750E-01  0.2500E-04 NODE           5  -0.0%   1250.       20.63       0.000       1271.       0.000       8.000       0.000    
    4000  0.1000      0.2500E-04 NODE           5  -0.0%   1325.       21.00       0.000       1346.       0.000       8.000       0.000    
     ANIMATION FILE: A17_SHEAR_L10A021 WRITTEN
    4100  0.1025      0.2500E-04 NODE           5  -0.0%   1399.       21.33       0.000       1420.       0.000       8.000       0.000    
    4200  0.1050      0.2500E-04 NODE           5  -0.0%   1473.       21.63       0.000       1494.       0.000       8.000       0.000    
     ANIMATION FILE: A17_SHEAR_L10A022 WRITTEN
    4300  0.1075      0.2500E-04 NODE           5  -0.0%   1546.       21.90       0.000       1568.       0.000       8.000       0.000    
    4400  0.1100      0.2500E-04 NODE           5  -0.0%   1620.       22.13       0.000       1642.       0.000       8.000       0.000    
     ANIMATION FILE: A17_SHEAR_L10A023 WRITTEN
    4500  0.1125      0.2500E-04 NODE           5  -0.0%   1693.       22.33       0.000       1715.       0.000       8.000       0.000    
    4600  0.1150      0.2500E-04 NODE           5  -0.0%   1765.       22.49       0.000       1787.       0.000       8.000       0.000    
     ANIMATION FILE: A17_SHEAR_L10A024 WRITTEN
    4700  0.1175      0.2500E-04 NODE           5  -0.0%   1837.       22.62       0.000       1859.       0.000       8.000       0.000    
    4800  0.1200      0.2500E-04 NODE           5  -0.0%   1908.       22.71       0.000       1931.       0.000       8.000       0.000    
     ANIMATION FILE: A17_SHEAR_L10A025 WRITTEN
    4900  0.1225      0.2500E-04 NODE           5  -0.0%   1978.       22.76       0.000       2001.       0.000       8.000       0.000    
    5000  0.1250      0.2500E-04 NODE           5   0.0%   2048.       22.78       0.000       2071.       0.000       8.000       0.000    
     ANIMATION FILE: A17_SHEAR_L10A026 WRITTEN
    5100  0.1275      0.2500E-04 NODE           5   0.0%   2117.       22.76       0.000       2140.       0.000       8.000       0.000    
    5200  0.1300      0.2500E-04 NODE           5   0.0%   2185.       22.71       0.000       2208.       0.000       8.000       0.000    
     ANIMATION FILE: A17_SHEAR_L10A027 WRITTEN
    5300  0.1325      0.2500E-04 NODE           5   0.0%   2252.       22.62       0.000       2275.       0.000       8.000       0.000    
    5400  0.1350      0.2500E-04 NODE           5   0.0%   2318.       22.49       0.000       2341.       0.000       8.000       0.000    
     ANIMATION FILE: A17_SHEAR_L10A028 WRITTEN
    5500  0.1375      0.2500E-04 NODE           5   0.0%   2383.       22.33       0.000       2406.       0.000       8.000       0.000    
    5600  0.1400      0.2500E-04 NODE           5   0.0%   2447.       22.13       0.000       2469.       0.000       8.000       0.000    
     ANIMATION FILE: A17_SHEAR_L10A029 WRITTEN
    5700  0.1425      0.2500E-04 NODE           5   0.0%   2510.       21.90       0.000       2532.       0.000       8.000       0.000    
    5800  0.1450      0.2500E-04 NODE           5   0.0%   2572.       21.63       0.000       2594.       0.000       8.000       0.000    
     ANIMATION FILE: A17_SHEAR_L10A030 WRITTEN
    5900  0.1475      0.2500E-04 NODE           5   0.0%   2633.       21.33       0.000       2654.       0.000       8.000       0.000    
    6000  0.1500      0.2500E-04 NODE           5   0.0%   2692.       21.00       0.000       2713.       0.000       8.000       0.000    
     ANIMATION FILE: A17_SHEAR_L10A031 WRITTEN
    6100  0.1525      0.2500E-04 NODE           5   0.0%   2750.       20.63       0.000       2771.       0.000       8.000       0.000    
    6200  0.1550      0.2500E-04 NODE           5   0.0%   2807.       20.23       0.000       2828.       0.000       8.000       0.000    
     ANIMATION FILE: A17_SHEAR_L10A032 WRITTEN
    6300  0.1575      0.2500E-04 NODE           5   0.0%   2863.       19.81       0.000       2883.       0.000       8.000       0.000    
    6400  0.1600      0.2500E-04 NODE           5   0.0%   2917.       19.35       0.000       2937.       0.000       8.000       0.000    
     ANIMATION FILE: A17_SHEAR_L10A033 WRITTEN
    6500  0.1625      0.2500E-04 NODE           5   0.0%   2970.       18.87       0.000       2989.       0.000       8.000       0.000    
    6600  0.1650      0.2500E-04 NODE           5   0.0%   3022.       18.35       0.000       3040.       0.000       8.000       0.000    
     ANIMATION FILE: A17_SHEAR_L10A034 WRITTEN
    6700  0.1675      0.2500E-04 NODE           5   0.0%   3072.       17.82       0.000       3090.       0.000       8.000       0.000    
    6800  0.1700      0.2500E-04 NODE           5   0.0%   3121.       17.26       0.000       3138.       0.000       8.000       0.000    
     ANIMATION FILE: A17_SHEAR_L10A035 WRITTEN
    6900  0.1725      0.2500E-04 NODE           5   0.0%   3168.       16.68       0.000       3185.       0.000       8.000       0.000    
    7000  0.1750      0.2500E-04 NODE           5   0.0%   3214.       16.07       0.000       3230.       0.000       8.000       0.000    
     ANIMATION FILE: A17_SHEAR_L10A036 WRITTEN
    7100  0.1775      0.2500E-04 NODE           5   0.0%   3259.       15.45       0.000       3274.       0.000       8.000       0.000    
    7200  0.1800      0.2500E-04 NODE           5   0.0%   3302.       14.81       0.000       3317.       0.000       8.000       0.000    
     ANIMATION FILE: A17_SHEAR_L10A037 WRITTEN
    7300  0.1825      0.2500E-04 NODE           5   0.0%   3344.       14.16       0.000       3358.       0.000       8.000       0.000    
    7400  0.1850      0.2500E-04 NODE           5   0.0%   3384.       13.49       0.000       3397.       0.000       8.000       0.000    
     ANIMATION FILE: A17_SHEAR_L10A038 WRITTEN
    7500  0.1875      0.2500E-04 NODE           5   0.0%   3423.       12.81       0.000       3435.       0.000       8.000       0.000    
    7600  0.1900      0.2500E-04 NODE           5   0.0%   3460.       12.13       0.000       3472.       0.000       8.000       0.000    
     ANIMATION FILE: A17_SHEAR_L10A039 WRITTEN
    7700  0.1925      0.2500E-04 NODE           5   0.0%   3496.       11.43       0.000       3507.       0.000       8.000       0.000    
    7800  0.1950      0.2500E-04 NODE           5   0.0%   3530.       10.73       0.000       3541.       0.000       8.000       0.000    
     ANIMATION FILE: A17_SHEAR_L10A040 WRITTEN
    7900  0.1975      0.2500E-04 NODE           5   0.0%   3563.       10.03       0.000       3573.       0.000       8.000       0.000    
    8000  0.2000      0.2500E-04 NODE           5   0.0%   3594.       9.331       0.000       3604.       0.000       8.000       0.000    
     ANIMATION FILE: A17_SHEAR_L10A041 WRITTEN
    8100  0.2025      0.2500E-04 NODE           5   0.0%   3624.       8.633       0.000       3633.       0.000       8.000       0.000    
    8200  0.2050      0.2500E-04 NODE           5   0.0%   3652.       7.941       0.000       3660.       0.000       8.000       0.000    
     ANIMATION FILE: A17_SHEAR_L10A042 WRITTEN
    8300  0.2075      0.2500E-04 NODE           5   0.0%   3679.       7.257       0.000       3687.       0.000       8.000       0.000    
    8400  0.2100      0.2500E-04 NODE           5   0.0%   3705.       6.584       0.000       3711.       0.000       8.000       0.000    
     ANIMATION FILE: A17_SHEAR_L10A043 WRITTEN
    8500  0.2125      0.2500E-04 NODE           5   0.0%   3729.       5.925       0.000       3735.       0.000       8.000       0.000    
    8600  0.2150      0.2500E-04 NODE           5   0.0%   3751.       5.284       0.000       3756.       0.000       8.000       0.000    
     ANIMATION FILE: A17_SHEAR_L10A044 WRITTEN
    8700  0.2175      0.2500E-04 NODE           5   0.0%   3772.       4.663       0.000       3777.       0.000       8.000       0.000    
    8800  0.2200      0.2500E-04 NODE           5   0.0%   3792.       4.065       0.000       3796.       0.000       8.000       0.000    
     ANIMATION FILE: A17_SHEAR_L10A045 WRITTEN
    8900  0.2225      0.2500E-04 NODE           5   0.0%   3810.       3.494       0.000       3813.       0.000       8.000       0.000    
    9000  0.2250      0.2500E-04 NODE           5   0.0%   3826.       2.952       0.000       3829.       0.000       8.000       0.000    
     ANIMATION FILE: A17_SHEAR_L10A046 WRITTEN
    9100  0.2275      0.2500E-04 NODE           5   0.0%   3841.       2.445       0.000       3844.       0.000       8.000       0.000    
    9200  0.2300      0.2500E-04 NODE           5   0.0%   3855.       1.974       0.000       3857.       0.000       8.000       0.000    
     ANIMATION FILE: A17_SHEAR_L10A047 WRITTEN
    9300  0.2325      0.2500E-04 NODE           5   0.0%   3866.       1.545       0.000       3868.       0.000       8.000       0.000    
    9400  0.2350      0.2500E-04 NODE           5   0.0%   3877.       1.159       0.000       3878.       0.000       8.000       0.000    
     ANIMATION FILE: A17_SHEAR_L10A048 WRITTEN
    9500  0.2375      0.2500E-04 NODE           5   0.0%   3886.      0.8224       0.000       3887.       0.000       8.000       0.000    
    9600  0.2400      0.2500E-04 NODE           5   0.0%   3893.      0.5375       0.000       3894.       0.000       8.000       0.000    
     ANIMATION FILE: A17_SHEAR_L10A049 WRITTEN
    9700  0.2425      0.2500E-04 NODE           5   0.0%   3899.      0.3087       0.000       3899.       0.000       8.000       0.000    
    9800  0.2450      0.2500E-04 NODE           5   0.0%   3903.      0.1400       0.000       3903.       0.000       8.000       0.000    
     ANIMATION FILE: A17_SHEAR_L10A050 WRITTEN
    9900  0.2475      0.2500E-04 NODE           5   0.0%   3905.      0.3572E-01   0.000       3905.       0.000       8.000       0.000    
   CYCLE    TIME      TIME-STEP  ELEMENT          ERROR  I-ENERGY    K-ENERGY T  K-ENERGY R  EXT-WORK     MAS.ERR     TOTAL MASS  MASS ADDED
   10000  0.2500      0.2500E-04 NODE           5   0.0%   3906.      0.3944E-22   0.000       3906.       0.000       8.000       0.000    
     ANIMATION FILE: A17_SHEAR_L10A051 WRITTEN
   10100  0.2525      0.2500E-04 NODE           5   0.0%   3905.      0.3572E-01   0.000       3905.       0.000       8.000       0.000    
   10200  0.2550      0.2500E-04 NODE           5   0.0%   3903.      0.1400       0.000       3903.       0.000       8.000       0.000    
     ANIMATION FILE: A17_SHEAR_L10A052 WRITTEN
   10300  0.2575      0.2500E-04 NODE           5   0.0%   3899.      0.3087       0.000       3899.       0.000       8.000       0.000    
   10400  0.2600      0.2500E-04 NODE           5   0.0%   3893.      0.5375       0.000       3894.       0.000       8.000       0.000    
     ANIMATION FILE: A17_SHEAR_L10A053 WRITTEN
   10500  0.2625      0.2500E-04 NODE           5   0.0%   3886.      0.8224       0.000       3887.       0.000       8.000       0.000    
   10600  0.2650      0.2500E-04 NODE           5   0.0%   3877.       1.159       0.000       3878.       0.000       8.000       0.000    
     ANIMATION FILE: A17_SHEAR_L10A054 WRITTEN
   10700  0.2675      0.2500E-04 NODE           5   0.0%   3867.       1.545       0.000       3869.       0.000       8.000       0.000    
   10800  0.2700      0.2500E-04 NODE           5   0.0%   3856.       1.974       0.000       3858.       0.000       8.000       0.000    
     ANIMATION FILE: A17_SHEAR_L10A055 WRITTEN
   10900  0.2725      0.2500E-04 NODE           5   0.0%   3843.       2.445       0.000       3845.       0.000       8.000       0.000    
   11000  0.2750      0.2500E-04 NODE           5   0.0%   3829.       2.952       0.000       3832.       0.000       8.000       0.000    
     ANIMATION FILE: A17_SHEAR_L10A056 WRITTEN
   11100  0.2775      0.2500E-04 NODE           5   0.0%   3813.       3.494       0.000       3817.       0.000       8.000       0.000    
   11200  0.2800      0.2500E-04 NODE           5   0.0%   3797.       4.065       0.000       3801.       0.000       8.000       0.000    
     ANIMATION FILE: A17_SHEAR_L10A057 WRITTEN
   11300  0.2825      0.2500E-04 NODE           5   0.0%   3779.       4.663       0.000       3784.       0.000       8.000       0.000    
   11400  0.2850      0.2500E-04 NODE           5   0.0%   3760.       5.284       0.000       3766.       0.000       8.000       0.000    
     ANIMATION FILE: A17_SHEAR_L10A058 WRITTEN
   11500  0.2875      0.2500E-04 NODE           5   0.0%   3741.       5.925       0.000       3747.       0.000       8.000       0.000    
   11600  0.2900      0.2500E-04 NODE           5   0.0%   3720.       6.584       0.000       3726.       0.000       8.000       0.000    
     ANIMATION FILE: A17_SHEAR_L10A059 WRITTEN
   11700  0.2925      0.2500E-04 NODE           5   0.0%   3698.       7.257       0.000       3706.       0.000       8.000       0.000    
   11800  0.2950      0.2500E-04 NODE           5   0.0%   3676.       7.941       0.000       3684.       0.000       8.000       0.000    
     ANIMATION FILE: A17_SHEAR_L10A060 WRITTEN
   11900  0.2975      0.2500E-04 NODE           5   0.0%   3653.       8.633       0.000       3661.       0.000       8.000       0.000    
   12000  0.3000      0.2500E-04 NODE           5   0.0%   3629.       9.331       0.000       3638.       0.000       8.000       0.000    
     ANIMATION FILE: A17_SHEAR_L10A061 WRITTEN
   12100  0.3025      0.2500E-04 NODE           5   0.0%   3604.       10.03       0.000       3614.       0.000       8.000       0.000    
   12200  0.3050      0.2500E-04 NODE           5   0.0%   3579.       10.73       0.000       3590.       0.000       8.000       0.000    
     ANIMATION FILE: A17_SHEAR_L10A062 WRITTEN
   12300  0.3075      0.2500E-04 NODE           5   0.0%   3554.       11.43       0.000       3565.       0.000       8.000       0.000    
   12400  0.3100      0.2500E-04 NODE           5   0.0%   3528.       12.13       0.000       3540.       0.000       8.000       0.000    
     ANIMATION FILE: A17_SHEAR_L10A063 WRITTEN
   12500  0.3125      0.2500E-04 NODE           5   0.0%   3501.       12.81       0.000       3514.       0.000       8.000       0.000    
   12600  0.3150      0.2500E-04 NODE           5   0.0%   3474.       13.49       0.000       3488.       0.000       8.000       0.000    
     ANIMATION FILE: A17_SHEAR_L10A064 WRITTEN
   12700  0.3175      0.2500E-04 NODE           5   0.0%   3447.       14.16       0.000       3461.       0.000       8.000       0.000    
   12800  0.3200      0.2500E-04 NODE           5   0.0%   3420.       14.81       0.000       3435.       0.000       8.000       0.000    
     ANIMATION FILE: A17_SHEAR_L10A065 WRITTEN
   12900  0.3225      0.2500E-04 NODE           5   0.0%   3392.       15.45       0.000       3408.       0.000       8.000       0.000    
   13000  0.3250      0.2500E-04 NODE           5   0.0%   3364.       16.07       0.000       3380.       0.000       8.000       0.000    
     ANIMATION FILE: A17_SHEAR_L10A066 WRITTEN
   13100  0.3275      0.2500E-04 NODE           5   0.0%   3337.       16.68       0.000       3353.       0.000       8.000       0.000    
   13200  0.3300      0.2500E-04 NODE           5   0.0%   3309.       17.26       0.000       3326.       0.000       8.000       0.000    
     ANIMATION FILE: A17_SHEAR_L10A067 WRITTEN
   13300  0.3325      0.2500E-04 NODE           5   0.0%   3281.       17.82       0.000       3299.       0.000       8.000       0.000    
   13400  0.3350      0.2500E-04 NODE           1   0.0%   3253.       18.35       0.000       3271.       0.000       8.000       0.000    
     ANIMATION FILE: A17_SHEAR_L10A068 WRITTEN
   13500  0.3375      0.2500E-04 NODE           5   0.0%   3225.       18.87       0.000       3244.       0.000       8.000       0.000    
   13600  0.3400      0.2500E-04 NODE           5   0.0%   3198.       19.35       0.000       3217.       0.000       8.000       0.000    
     ANIMATION FILE: A17_SHEAR_L10A069 WRITTEN
   13700  0.3425      0.2500E-04 NODE           5   0.0%   3171.       19.81       0.000       3190.       0.000       8.000       0.000    
   13800  0.3450      0.2500E-04 NODE           5   0.0%   3144.       20.23       0.000       3164.       0.000       8.000       0.000    
     ANIMATION FILE: A17_SHEAR_L10A070 WRITTEN
   13900  0.3475      0.2500E-04 NODE           5   0.0%   3117.       20.63       0.000       3138.       0.000       8.000       0.000    
   14000  0.3500      0.2500E-04 NODE           5   0.0%   3090.       21.00       0.000       3111.       0.000       8.000       0.000    
     ANIMATION FILE: A17_SHEAR_L10A071 WRITTEN
   14100  0.3525      0.2500E-04 NODE           5   0.0%   3064.       21.33       0.000       3086.       0.000       8.000       0.000    
   14200  0.3550      0.2500E-04 NODE           5   0.0%   3039.       21.63       0.000       3060.       0.000       8.000       0.000    
     ANIMATION FILE: A17_SHEAR_L10A072 WRITTEN
   14300  0.3575      0.2500E-04 NODE           5   0.0%   3014.       21.90       0.000       3035.       0.000       8.000       0.000    
   14400  0.3600      0.2500E-04 NODE           5   0.0%   2989.       22.13       0.000       3011.       0.000       8.000       0.000    
     ANIMATION FILE: A17_SHEAR_L10A073 WRITTEN
   14500  0.3625      0.2500E-04 NODE           5   0.0%   2965.       22.33       0.000       2987.       0.000       8.000       0.000    
   14600  0.3650      0.2500E-04 NODE           5   0.0%   2941.       22.49       0.000       2963.       0.000       8.000       0.000    
     ANIMATION FILE: A17_SHEAR_L10A074 WRITTEN
   14700  0.3675      0.2500E-04 NODE           5   0.0%   2918.       22.62       0.000       2940.       0.000       8.000       0.000    
   14800  0.3700      0.2500E-04 NODE           5   0.0%   2895.       22.71       0.000       2918.       0.000       8.000       0.000    
     ANIMATION FILE: A17_SHEAR_L10A075 WRITTEN
   14900  0.3725      0.2500E-04 NODE           5   0.0%   2873.       22.76       0.000       2896.       0.000       8.000       0.000    
   15000  0.3750      0.2500E-04 NODE           5   0.0%   2852.       22.78       0.000       2874.       0.000       8.000       0.000    
     ANIMATION FILE: A17_SHEAR_L10A076 WRITTEN
   15100  0.3775      0.2500E-04 NODE           5  -0.0%   2831.       22.76       0.000       2854.       0.000       8.000       0.000    
   15200  0.3800      0.2500E-04 NODE           5  -0.0%   2811.       22.71       0.000       2833.       0.000       8.000       0.000    
     ANIMATION FILE: A17_SHEAR_L10A077 WRITTEN
   15300  0.3825      0.2500E-04 NODE           5  -0.0%   2791.       22.62       0.000       2814.       0.000       8.000       0.000    
   15400  0.3850      0.2500E-04 NODE           5  -0.0%   2772.       22.49       0.000       2795.       0.000       8.000       0.000    
     ANIMATION FILE: A17_SHEAR_L10A078 WRITTEN
   15500  0.3875      0.2500E-04 NODE           5  -0.0%   2754.       22.33       0.000       2777.       0.000       8.000       0.000    
   15600  0.3900      0.2500E-04 NODE           5  -0.0%   2737.       22.13       0.000       2759.       0.000       8.000       0.000    
     ANIMATION FILE: A17_SHEAR_L10A079 WRITTEN
   15700  0.3925      0.2500E-04 NODE           5  -0.0%   2720.       21.90       0.000       2742.       0.000       8.000       0.000    
   15800  0.3950      0.2500E-04 NODE           5  -0.0%   2704.       21.63       0.000       2726.       0.000       8.000       0.000    
     ANIMATION FILE: A17_SHEAR_L10A080 WRITTEN
   15900  0.3975      0.2500E-04 NODE           5  -0.0%   2689.       21.33       0.000       2710.       0.000       8.000       0.000    
   16000  0.4000      0.2500E-04 NODE           5  -0.0%   2674.       21.00       0.000       2695.       0.000       8.000       0.000    
     ANIMATION FILE: A17_SHEAR_L10A081 WRITTEN
   16100  0.4025      0.2500E-04 NODE           5  -0.0%   2660.       20.63       0.000       2681.       0.000       8.000       0.000    
   16200  0.4050      0.2500E-04 NODE           5  -0.0%   2647.       20.23       0.000       2667.       0.000       8.000       0.000    
     ANIMATION FILE: A17_SHEAR_L10A082 WRITTEN
   16300  0.4075      0.2500E-04 NODE           5  -0.0%   2635.       19.81       0.000       2654.       0.000       8.000       0.000    
   16400  0.4100      0.2500E-04 NODE           5  -0.0%   2623.       19.35       0.000       2642.       0.000       8.000       0.000    
     ANIMATION FILE: A17_SHEAR_L10A083 WRITTEN
   16500  0.4125      0.2500E-04 NODE           5  -0.0%   2612.       18.87       0.000       2630.       0.000       8.000       0.000    
   16600  0.4150      0.2500E-04 NODE           1  -0.0%   2601.       18.35       0.000       2620.       0.000       8.000       0.000    
     ANIMATION FILE: A17_SHEAR_L10A084 WRITTEN
   16700  0.4175      0.2500E-04 NODE           5  -0.0%   2591.       17.82       0.000       2609.       0.000       8.000       0.000    
   16800  0.4200      0.2500E-04 NODE           5  -0.0%   2582.       17.26       0.000       2599.       0.000       8.000       0.000    
     ANIMATION FILE: A17_SHEAR_L10A085 WRITTEN
   16900  0.4225      0.2500E-04 NODE           5  -0.0%   2574.       16.68       0.000       2590.       0.000       8.000       0.000    
   17000  0.4250      0.2500E-04 NODE           5  -0.0%   2566.       16.07       0.000       2582.       0.000       8.000       0.000    
     ANIMATION FILE: A17_SHEAR_L10A086 WRITTEN
   17100  0.4275      0.2500E-04 NODE           5  -0.0%   2558.       15.45       0.000       2574.       0.000       8.000       0.000    
   17200  0.4300      0.2500E-04 NODE           5  -0.0%   2551.       14.81       0.000       2566.       0.000       8.000       0.000    
     ANIMATION FILE: A17_SHEAR_L10A087 WRITTEN
   17300  0.4325      0.2500E-04 NODE           5  -0.0%   2545.       14.16       0.000       2559.       0.000       8.000       0.000    
   17400  0.4350      0.2500E-04 NODE           5  -0.0%   2540.       13.49       0.000       2553.       0.000       8.000       0.000    
     ANIMATION FILE: A17_SHEAR_L10A088 WRITTEN
   17500  0.4375      0.2500E-04 NODE           5  -0.0%   2534.       12.81       0.000       2547.       0.000       8.000       0.000    
   17600  0.4400      0.2500E-04 NODE           5  -0.0%   2530.       12.13       0.000       2542.       0.000       8.000       0.000    
     ANIMATION FILE: A17_SHEAR_L10A089 WRITTEN
   17700  0.4425      0.2500E-04 NODE           5  -0.0%   2525.       11.43       0.000       2537.       0.000       8.000       0.000    
   17800  0.4450      0.2500E-04 NODE           1  -0.0%   2522.       10.73       0.000       2532.       0.000       8.000       0.000    
     ANIMATION FILE: A17_SHEAR_L10A090 WRITTEN
   17900  0.4475      0.2500E-04 NODE           5  -0.0%   2518.       10.03       0.000       2528.       0.000       8.000       0.000    
   18000  0.4500      0.2500E-04 NODE           5  -0.0%   2515.       9.331       0.000       2525.       0.000       8.000       0.000    
     ANIMATION FILE: A17_SHEAR_L10A091 WRITTEN
   18100  0.4525      0.2500E-04 NODE           5  -0.0%   2513.       8.633       0.000       2521.       0.000       8.000       0.000    
   18200  0.4550      0.2500E-04 NODE           5  -0.0%   2510.       7.941       0.000       2518.       0.000       8.000       0.000    
     ANIMATION FILE: A17_SHEAR_L10A092 WRITTEN
   18300  0.4575      0.2500E-04 NODE           5  -0.0%   2508.       7.257       0.000       2516.       0.000       8.000       0.000    
   18400  0.4600      0.2500E-04 NODE           5  -0.0%   2507.       6.584       0.000       2513.       0.000       8.000       0.000    
     ANIMATION FILE: A17_SHEAR_L10A093 WRITTEN
   18500  0.4625      0.2500E-04 NODE           5  -0.0%   2505.       5.925       0.000       2511.       0.000       8.000       0.000    
   18600  0.4650      0.2500E-04 NODE           1  -0.0%   2504.       5.284       0.000       2509.       0.000       8.000       0.000    
     ANIMATION FILE: A17_SHEAR_L10A094 WRITTEN
   18700  0.4675      0.2500E-04 NODE           5  -0.0%   2503.       4.663       0.000       2508.       0.000       8.000       0.000    
   18800  0.4700      0.2500E-04 NODE           5  -0.0%   2502.       4.065       0.000       2506.       0.000       8.000       0.000    
     ANIMATION FILE: A17_SHEAR_L10A095 WRITTEN
   18900  0.4725      0.2500E-04 NODE           1  -0.0%   2502.       3.494       0.000       2505.       0.000       8.000       0.000    
   19000  0.4750      0.2500E-04 NODE           5  -0.0%   2501.       2.952       0.000       2504.       0.000       8.000       0.000    
     ANIMATION FILE: A17_SHEAR_L10A096 WRITTEN
   19100  0.4775      0.2500E-04 NODE           5  -0.0%   2501.       2.445       0.000       2503.       0.000       8.000       0.000    
   19200  0.4800      0.2500E-04 NODE           5  -0.0%   2500.       1.974       0.000       2502.       0.000       8.000       0.000    
     ANIMATION FILE: A17_SHEAR_L10A097 WRITTEN
   19300  0.4825      0.2500E-04 NODE           1  -0.0%   2500.       1.545       0.000       2502.       0.000       8.000       0.000    
   19400  0.4850      0.2500E-04 NODE           5  -0.0%   2500.       1.159       0.000       2501.       0.000       8.000       0.000    
     ANIMATION FILE: A17_SHEAR_L10A098 WRITTEN
   19500  0.4875      0.2500E-04 NODE           5  -0.0%   2500.      0.8224       0.000       2501.       0.000       8.000       0.000    
   19600  0.4900      0.2500E-04 NODE           5  -0.0%   2500.      0.5375       0.000       2501.       0.000       8.000       0.000    
     ANIMATION FILE: A17_SHEAR_L10A099 WRITTEN
   19700  0.4925      0.2500E-04 NODE           5  -0.0%   2500.      0.3087       0.000       2500.       0.000       8.000       0.000    
   19800  0.4950      0.2500E-04 NODE           5  -0.0%   2500.      0.1400       0.000       2500.       0.000       8.000       0.000    
     ANIMATION FILE: A17_SHEAR_L10A100 WRITTEN
   19900  0.4975      0.2500E-04 NODE           5  -0.0%   2500.      0.3572E-01   0.000       2500.       0.000       8.000       0.000    
   CYCLE    TIME      TIME-STEP  ELEMENT          ERROR  I-ENERGY    K-ENERGY T  K-ENERGY R  EXT-WORK     MAS.ERR     TOTAL MASS  MASS ADDED
   20000  0.5000      0.2500E-04 NODE           5  -0.0%   2500.      0.5532E-22   0.000       2500.       0.000       8.000       0.000    
     ANIMATION FILE: A17_SHEAR_L10A101 WRITTEN
   20100  0.5025      0.2500E-04 NODE           5  -0.0%   2500.      0.3572E-01   0.000       2500.       0.000       8.000       0.000    
   20200  0.5050      0.2500E-04 NODE           5  -0.0%   2500.      0.1400       0.000       2500.       0.000       8.000       0.000    
     ANIMATION FILE: A17_SHEAR_L10A102 WRITTEN
   20300  0.5075      0.2500E-04 NODE           5  -0.0%   2500.      0.3087       0.000       2500.       0.000       8.000       0.000    
   20400  0.5100      0.2500E-04 NODE           5  -0.0%   2500.      0.5375       0.000       2501.       0.000       8.000       0.000    
     ANIMATION FILE: A17_SHEAR_L10A103 WRITTEN
   20500  0.5125      0.2500E-04 NODE           5  -0.0%   2500.      0.8224       0.000       2501.       0.000       8.000       0.000    
   20600  0.5150      0.2500E-04 NODE           5  -0.0%   2500.       1.159       0.000       2501.       0.000       8.000       0.000    
     ANIMATION FILE: A17_SHEAR_L10A104 WRITTEN
   20700  0.5175      0.2500E-04 NODE           5  -0.0%   2500.       1.545       0.000       2502.       0.000       8.000       0.000    
   20800  0.5200      0.2500E-04 NODE           5  -0.0%   2500.       1.974       0.000       2502.       0.000       8.000       0.000    
     ANIMATION FILE: A17_SHEAR_L10A105 WRITTEN
   20900  0.5225      0.2500E-04 NODE           5  -0.0%   2501.       2.445       0.000       2503.       0.000       8.000       0.000    
   21000  0.5250      0.2500E-04 NODE           5  -0.0%   2501.       2.952       0.000       2504.       0.000       8.000       0.000    
     ANIMATION FILE: A17_SHEAR_L10A106 WRITTEN
   21100  0.5275      0.2500E-04 NODE           5  -0.0%   2502.       3.494       0.000       2505.       0.000       8.000       0.000    
   21200  0.5300      0.2500E-04 NODE           5  -0.0%   2502.       4.065       0.000       2506.       0.000       8.000       0.000    
     ANIMATION FILE: A17_SHEAR_L10A107 WRITTEN
   21300  0.5325      0.2500E-04 NODE           5  -0.0%   2503.       4.663       0.000       2508.       0.000       8.000       0.000    
   21400  0.5350      0.2500E-04 NODE           5  -0.0%   2504.       5.284       0.000       2509.       0.000       8.000       0.000    
     ANIMATION FILE: A17_SHEAR_L10A108 WRITTEN
   21500  0.5375      0.2500E-04 NODE           5  -0.0%   2505.       5.925       0.000       2511.       0.000       8.000       0.000    
   21600  0.5400      0.2500E-04 NODE           5  -0.0%   2507.       6.584       0.000       2513.       0.000       8.000       0.000    
     ANIMATION FILE: A17_SHEAR_L10A109 WRITTEN
   21700  0.5425      0.2500E-04 NODE           5  -0.0%   2508.       7.257       0.000       2516.       0.000       8.000       0.000    
   21800  0.5450      0.2500E-04 NODE           5  -0.0%   2510.       7.941       0.000       2518.       0.000       8.000       0.000    
     ANIMATION FILE: A17_SHEAR_L10A110 WRITTEN
   21900  0.5475      0.2500E-04 NODE           5  -0.0%   2513.       8.633       0.000       2521.       0.000       8.000       0.000    
   22000  0.5500      0.2500E-04 NODE           5  -0.0%   2515.       9.331       0.000       2525.       0.000       8.000       0.000    
     ANIMATION FILE: A17_SHEAR_L10A111 WRITTEN
   22100  0.5525      0.2500E-04 NODE           5  -0.0%   2518.       10.03       0.000       2528.       0.000       8.000       0.000    
   22200  0.5550      0.2500E-04 NODE           5  -0.0%   2522.       10.73       0.000       2532.       0.000       8.000       0.000    
     ANIMATION FILE: A17_SHEAR_L10A112 WRITTEN
   22300  0.5575      0.2500E-04 NODE           5  -0.0%   2525.       11.43       0.000       2537.       0.000       8.000       0.000    
   22400  0.5600      0.2500E-04 NODE           5  -0.0%   2530.       12.13       0.000       2542.       0.000       8.000       0.000    
     ANIMATION FILE: A17_SHEAR_L10A113 WRITTEN
   22500  0.5625      0.2500E-04 NODE           5  -0.0%   2534.       12.81       0.000       2547.       0.000       8.000       0.000    
   22600  0.5650      0.2500E-04 NODE           5  -0.0%   2540.       13.49       0.000       2553.       0.000       8.000       0.000    
     ANIMATION FILE: A17_SHEAR_L10A114 WRITTEN
   22700  0.5675      0.2500E-04 NODE           5  -0.0%   2545.       14.16       0.000       2559.       0.000       8.000       0.000    
   22800  0.5700      0.2500E-04 NODE           5  -0.0%   2551.       14.81       0.000       2566.       0.000       8.000       0.000    
     ANIMATION FILE: A17_SHEAR_L10A115 WRITTEN
   22900  0.5725      0.2500E-04 NODE           5  -0.0%   2558.       15.45       0.000       2574.       0.000       8.000       0.000    
   23000  0.5750      0.2500E-04 NODE           5  -0.0%   2566.       16.07       0.000       2582.       0.000       8.000       0.000    
     ANIMATION FILE: A17_SHEAR_L10A116 WRITTEN
   23100  0.5775      0.2500E-04 NODE           5  -0.0%   2574.       16.68       0.000       2590.       0.000       8.000       0.000    
   23200  0.5800      0.2500E-04 NODE           5  -0.0%   2582.       17.26       0.000       2599.       0.000       8.000       0.000    
     ANIMATION FILE: A17_SHEAR_L10A117 WRITTEN
   23300  0.5825      0.2500E-04 NODE           5  -0.0%   2591.       17.82       0.000       2609.       0.000       8.000       0.000    
   23400  0.5850      0.2500E-04 NODE           5  -0.0%   2601.       18.35       0.000       2620.       0.000       8.000       0.000    
     ANIMATION FILE: A17_SHEAR_L10A118 WRITTEN
   23500  0.5875      0.2500E-04 NODE           5  -0.0%   2612.       18.87       0.000       2630.       0.000       8.000       0.000    
   23600  0.5900      0.2500E-04 NODE           5  -0.0%   2623.       19.35       0.000       2642.       0.000       8.000       0.000    
     ANIMATION FILE: A17_SHEAR_L10A119 WRITTEN
   23700  0.5925      0.2500E-04 NODE           5  -0.0%   2635.       19.81       0.000       2654.       0.000       8.000       0.000    
   23800  0.5950      0.2500E-04 NODE           5  -0.0%   2647.       20.23       0.000       2667.       0.000       8.000       0.000    
     ANIMATION FILE: A17_SHEAR_L10A120 WRITTEN
   23900  0.5975      0.2500E-04 NODE           5  -0.0%   2660.       20.63       0.000       2681.       0.000       8.000       0.000    
   24000  0.6000      0.2500E-04 NODE           5  -0.0%   2674.       21.00       0.000       2695.       0.000       8.000       0.000    
     ANIMATION FILE: A17_SHEAR_L10A121 WRITTEN
   24100  0.6025      0.2500E-04 NODE           5  -0.0%   2689.       21.33       0.000       2710.       0.000       8.000       0.000    
   24200  0.6050      0.2500E-04 NODE           5  -0.0%   2704.       21.63       0.000       2726.       0.000       8.000       0.000    
     ANIMATION FILE: A17_SHEAR_L10A122 WRITTEN
   24300  0.6075      0.2500E-04 NODE           5  -0.0%   2720.       21.90       0.000       2742.       0.000       8.000       0.000    
   24400  0.6100      0.2500E-04 NODE           5  -0.0%   2737.       22.13       0.000       2759.       0.000       8.000       0.000    
     ANIMATION FILE: A17_SHEAR_L10A123 WRITTEN
   24500  0.6125      0.2500E-04 NODE           5  -0.0%   2754.       22.33       0.000       2777.       0.000       8.000       0.000    
   24600  0.6150      0.2500E-04 NODE           5  -0.0%   2772.       22.49       0.000       2795.       0.000       8.000       0.000    
     ANIMATION FILE: A17_SHEAR_L10A124 WRITTEN
   24700  0.6175      0.2500E-04 NODE           5  -0.0%   2791.       22.62       0.000       2814.       0.000       8.000       0.000    
   24800  0.6200      0.2500E-04 NODE           5  -0.0%   2811.       22.71       0.000       2833.       0.000       8.000       0.000    
     ANIMATION FILE: A17_SHEAR_L10A125 WRITTEN
   24900  0.6225      0.2500E-04 NODE           5  -0.0%   2831.       22.76       0.000       2854.       0.000       8.000       0.000    
   25000  0.6250      0.2500E-04 NODE           5  -0.0%   2852.       22.78       0.000       2874.       0.000       8.000       0.000    
     ANIMATION FILE: A17_SHEAR_L10A126 WRITTEN
   25100  0.6275      0.2500E-04 NODE           5   0.0%   2873.       22.76       0.000       2896.       0.000       8.000       0.000    
   25200  0.6300      0.2500E-04 NODE           5   0.0%   2895.       22.71       0.000       2918.       0.000       8.000       0.000    
     ANIMATION FILE: A17_SHEAR_L10A127 WRITTEN
   25300  0.6325      0.2500E-04 NODE           5   0.0%   2918.       22.62       0.000       2940.       0.000       8.000       0.000    
   25400  0.6350      0.2500E-04 NODE           5   0.0%   2941.       22.49       0.000       2963.       0.000       8.000       0.000    
     ANIMATION FILE: A17_SHEAR_L10A128 WRITTEN
   25500  0.6375      0.2500E-04 NODE           5   0.0%   2965.       22.33       0.000       2987.       0.000       8.000       0.000    
   25600  0.6400      0.2500E-04 NODE           5   0.0%   2989.       22.13       0.000       3011.       0.000       8.000       0.000    
     ANIMATION FILE: A17_SHEAR_L10A129 WRITTEN
   25700  0.6425      0.2500E-04 NODE           5   0.0%   3014.       21.90       0.000       3035.       0.000       8.000       0.000    
   25800  0.6450      0.2500E-04 NODE           5   0.0%   3039.       21.63       0.000       3060.       0.000       8.000       0.000    
     ANIMATION FILE: A17_SHEAR_L10A130 WRITTEN
   25900  0.6475      0.2500E-04 NODE           5   0.0%   3064.       21.33       0.000       3086.       0.000       8.000       0.000    
   26000  0.6500      0.2500E-04 NODE           1   0.0%   3090.       21.00       0.000       3111.       0.000       8.000       0.000    
     ANIMATION FILE: A17_SHEAR_L10A131 WRITTEN
   26100  0.6525      0.2500E-04 NODE           5   0.0%   3117.       20.63       0.000       3138.       0.000       8.000       0.000    
   26200  0.6550      0.2500E-04 NODE           5   0.0%   3144.       20.23       0.000       3164.       0.000       8.000       0.000    
     ANIMATION FILE: A17_SHEAR_L10A132 WRITTEN
   26300  0.6575      0.2500E-04 NODE           5   0.0%   3171.       19.81       0.000       3190.       0.000       8.000       0.000    
   26400  0.6600      0.2500E-04 NODE           5   0.0%   3198.       19.35       0.000       3217.       0.000       8.000       0.000    
     ANIMATION FILE: A17_SHEAR_L10A133 WRITTEN
   26500  0.6625      0.2500E-04 NODE           5   0.0%   3225.       18.87       0.000       3244.       0.000       8.000       0.000    
   26600  0.6650      0.2500E-04 NODE           5   0.0%   3253.       18.35       0.000       3271.       0.000       8.000       0.000    
     ANIMATION FILE: A17_SHEAR_L10A134 WRITTEN
   26700  0.6675      0.2500E-04 NODE           5   0.0%   3281.       17.82       0.000       3299.       0.000       8.000       0.000    
   26800  0.6700      0.2500E-04 NODE           5   0.0%   3309.       17.26       0.000       3326.       0.000       8.000       0.000    
     ANIMATION FILE: A17_SHEAR_L10A135 WRITTEN
   26900  0.6725      0.2500E-04 NODE           5   0.0%   3337.       16.68       0.000       3353.       0.000       8.000       0.000    
   27000  0.6750      0.2500E-04 NODE           5   0.0%   3364.       16.07       0.000       3380.       0.000       8.000       0.000    
     ANIMATION FILE: A17_SHEAR_L10A136 WRITTEN
   27100  0.6775      0.2500E-04 NODE           5   0.0%   3392.       15.45       0.000       3408.       0.000       8.000       0.000    
   27200  0.6800      0.2500E-04 NODE           5   0.0%   3420.       14.81       0.000       3435.       0.000       8.000       0.000    
     ANIMATION FILE: A17_SHEAR_L10A137 WRITTEN
   27300  0.6825      0.2500E-04 NODE           5   0.0%   3447.       14.16       0.000       3461.       0.000       8.000       0.000    
   27400  0.6850      0.2500E-04 NODE           5   0.0%   3474.       13.49       0.000       3488.       0.000       8.000       0.000    
     ANIMATION FILE: A17_SHEAR_L10A138 WRITTEN
   27500  0.6875      0.2500E-04 NODE           5   0.0%   3501.       12.81       0.000       3514.       0.000       8.000       0.000    
   27600  0.6900      0.2500E-04 NODE           5   0.0%   3528.       12.13       0.000       3540.       0.000       8.000       0.000    
     ANIMATION FILE: A17_SHEAR_L10A139 WRITTEN
   27700  0.6925      0.2500E-04 NODE           5   0.0%   3554.       11.43       0.000       3565.       0.000       8.000       0.000    
   27800  0.6950      0.2500E-04 NODE           5   0.0%   3579.       10.73       0.000       3590.       0.000       8.000       0.000    
     ANIMATION FILE: A17_SHEAR_L10A140 WRITTEN
   27900  0.6975      0.2500E-04 NODE           5   0.0%   3604.       10.03       0.000       3614.       0.000       8.000       0.000    
   28000  0.7000      0.2500E-04 NODE           5   0.0%   3629.       9.331       0.000       3638.       0.000       8.000       0.000    
     ANIMATION FILE: A17_SHEAR_L10A141 WRITTEN
   28100  0.7025      0.2500E-04 NODE           5   0.0%   3653.       8.633       0.000       3661.       0.000       8.000       0.000    
   28200  0.7050      0.2500E-04 NODE           5   0.0%   3676.       7.941       0.000       3684.       0.000       8.000       0.000    
     ANIMATION FILE: A17_SHEAR_L10A142 WRITTEN
   28300  0.7075      0.2500E-04 NODE           5   0.0%   3698.       7.257       0.000       3706.       0.000       8.000       0.000    
   28400  0.7100      0.2500E-04 NODE           5   0.0%   3720.       6.584       0.000       3726.       0.000       8.000       0.000    
     ANIMATION FILE: A17_SHEAR_L10A143 WRITTEN
   28500  0.7125      0.2500E-04 NODE           5   0.0%   3741.       5.925       0.000       3747.       0.000       8.000       0.000    
   28600  0.7150      0.2500E-04 NODE           5   0.0%   3760.       5.284       0.000       3766.       0.000       8.000       0.000    
     ANIMATION FILE: A17_SHEAR_L10A144 WRITTEN
   28700  0.7175      0.2500E-04 NODE           5   0.0%   3779.       4.663       0.000       3784.       0.000       8.000       0.000    
   28800  0.7200      0.2500E-04 NODE           5   0.0%   3797.       4.065       0.000       3801.       0.000       8.000       0.000    
     ANIMATION FILE: A17_SHEAR_L10A145 WRITTEN
   28900  0.7225      0.2500E-04 NODE           5   0.0%   3813.       3.494       0.000       3817.       0.000       8.000       0.000    
   29000  0.7250      0.2500E-04 NODE           1   0.0%   3829.       2.952       0.000       3832.       0.000       8.000       0.000    
     ANIMATION FILE: A17_SHEAR_L10A146 WRITTEN
   29100  0.7275      0.2500E-04 NODE           5   0.0%   3843.       2.445       0.000       3845.       0.000       8.000       0.000    
   29200  0.7300      0.2500E-04 NODE           5   0.0%   3856.       1.974       0.000       3858.       0.000       8.000       0.000    
     ANIMATION FILE: A17_SHEAR_L10A147 WRITTEN
   29300  0.7325      0.2500E-04 NODE           5   0.0%   3867.       1.545       0.000       3869.       0.000       8.000       0.000    
   29400  0.7350      0.2500E-04 NODE           5   0.0%   3877.       1.159       0.000       3878.       0.000       8.000       0.000    
     ANIMATION FILE: A17_SHEAR_L10A148 WRITTEN
   29500  0.7375      0.2500E-04 NODE           5   0.0%   3886.      0.8224       0.000       3887.       0.000       8.000       0.000    
   29600  0.7400      0.2500E-04 NODE           5   0.0%   3893.      0.5375       0.000       3894.       0.000       8.000       0.000    
     ANIMATION FILE: A17_SHEAR_L10A149 WRITTEN
   29700  0.7425      0.2500E-04 NODE           5   0.0%   3899.      0.3087       0.000       3899.       0.000       8.000       0.000    
   29800  0.7450      0.2500E-04 NODE           5   0.0%   3903.      0.1400       0.000       3903.       0.000       8.000       0.000    
     ANIMATION FILE: A17_SHEAR_L10A150 WRITTEN
   29900  0.7475      0.2500E-04 NODE           5   0.0%   3905.      0.3572E-01   0.000       3905.       0.000       8.000       0.000    
   CYCLE    TIME      TIME-STEP  ELEMENT          ERROR  I-ENERGY    K-ENERGY T  K-ENERGY R  EXT-WORK     MAS.ERR     TOTAL MASS  MASS ADDED
   30000  0.7500      0.2500E-04 NODE           5   0.0%   3906.      0.1393E-04   0.000       3906.       0.000       8.000       0.000    
     ANIMATION FILE: A17_SHEAR_L10A151 WRITTEN
   30100  0.7525      0.2500E-04 NODE           5  -0.0%   3907.      0.3262E-01   0.000       3907.       0.000       8.000       0.000    
   30200  0.7550      0.2500E-04 NODE           5  -0.0%   3909.      0.1279       0.000       3910.       0.000       8.000       0.000    
     ANIMATION FILE: A17_SHEAR_L10A152 WRITTEN
   30300  0.7575      0.2500E-04 NODE           5  -0.0%   3913.      0.2818       0.000       3914.       0.000       8.000       0.000    
   30400  0.7600      0.2500E-04 NODE           5  -0.0%   3919.      0.4908       0.000       3919.       0.000       8.000       0.000    
     ANIMATION FILE: A17_SHEAR_L10A153 WRITTEN
   30500  0.7625      0.2500E-04 NODE           5  -0.0%   3926.      0.7509       0.000       3926.       0.000       8.000       0.000    
   30600  0.7650      0.2500E-04 NODE           5  -0.0%   3934.       1.059       0.000       3935.       0.000       8.000       0.000    
     ANIMATION FILE: A17_SHEAR_L10A154 WRITTEN
   30700  0.7675      0.2500E-04 NODE           5  -0.0%   3944.       1.410       0.000       3945.       0.000       8.000       0.000    
   30800  0.7700      0.2500E-04 NODE           5  -0.0%   3955.       1.803       0.000       3956.       0.000       8.000       0.000    
     ANIMATION FILE: A17_SHEAR_L10A155 WRITTEN
   30900  0.7725      0.2500E-04 NODE           5  -0.0%   3967.       2.232       0.000       3969.       0.000       8.000       0.000    
   31000  0.7750      0.2500E-04 NODE           5  -0.0%   3980.       2.696       0.000       3983.       0.000       8.000       0.000    
     ANIMATION FILE: A17_SHEAR_L10A156 WRITTEN
   31100  0.7775      0.2500E-04 NODE           5  -0.0%   3995.       3.190       0.000       3998.       0.000       8.000       0.000    
   31200  0.7800      0.2500E-04 NODE           5  -0.0%   4010.       3.711       0.000       4014.       0.000       8.000       0.000    
     ANIMATION FILE: A17_SHEAR_L10A157 WRITTEN
   31300  0.7825      0.2500E-04 NODE           5  -0.0%   4027.       4.257       0.000       4031.       0.000       8.000       0.000    
   31400  0.7850      0.2500E-04 NODE           5  -0.0%   4045.       4.825       0.000       4050.       0.000       8.000       0.000    
     ANIMATION FILE: A17_SHEAR_L10A158 WRITTEN
   31500  0.7875      0.2500E-04 NODE           5  -0.0%   4063.       5.410       0.000       4069.       0.000       8.000       0.000    
   31600  0.7900      0.2500E-04 NODE           5  -0.0%   4083.       6.012       0.000       4089.       0.000       8.000       0.000    
     ANIMATION FILE: A17_SHEAR_L10A159 WRITTEN
   31700  0.7925      0.2500E-04 NODE           5  -0.0%   4103.       6.626       0.000       4110.       0.000       8.000       0.000    
   31800  0.7950      0.2500E-04 NODE           5  -0.0%   4124.       7.251       0.000       4131.       0.000       8.000       0.000    
     ANIMATION FILE: A17_SHEAR_L10A160 WRITTEN
   31900  0.7975      0.2500E-04 NODE           5  -0.0%   4146.       7.883       0.000       4154.       0.000       8.000       0.000    
   32000  0.8000      0.2500E-04 NODE           5  -0.0%   4168.       8.520       0.000       4176.       0.000       8.000       0.000    
     ANIMATION FILE: A17_SHEAR_L10A161 WRITTEN
   32100  0.8025      0.2500E-04 NODE           5  -0.0%   4191.       9.160       0.000       4200.       0.000       8.000       0.000    
   32200  0.8050      0.2500E-04 NODE           5  -0.0%   4214.       9.800       0.000       4224.       0.000       8.000       0.000    
     ANIMATION FILE: A17_SHEAR_L10A162 WRITTEN
   32300  0.8075      0.2500E-04 NODE           5  -0.0%   4238.       10.44       0.000       4248.       0.000       8.000       0.000    
   32400  0.8100      0.2500E-04 NODE           5  -0.0%   4262.       11.07       0.000       4273.       0.000       8.000       0.000    
     ANIMATION FILE: A17_SHEAR_L10A163 WRITTEN
   32500  0.8125      0.2500E-04 NODE           5  -0.0%   4286.       11.70       0.000       4298.       0.000       8.000       0.000    
   32600  0.8150      0.2500E-04 NODE           5  -0.0%   4310.       12.32       0.000       4323.       0.000       8.000       0.000    
     ANIMATION FILE: A17_SHEAR_L10A164 WRITTEN
   32700  0.8175      0.2500E-04 NODE           5  -0.0%   4335.       12.93       0.000       4348.       0.000       8.000       0.000    
   32800  0.8200      0.2500E-04 NODE           1  -0.0%   4360.       13.53       0.000       4373.       0.000       8.000       0.000    
     ANIMATION FILE: A17_SHEAR_L10A165 WRITTEN
   32900  0.8225      0.2500E-04 NODE           5  -0.0%   4385.       14.11       0.000       4399.       0.000       8.000       0.000    
   33000  0.8250      0.2500E-04 NODE           1  -0.0%   4410.       14.68       0.000       4424.       0.000       8.000       0.000    
     ANIMATION FILE: A17_SHEAR_L10A166 WRITTEN
   33100  0.8275      0.2500E-04 NODE           1  -0.0%   4435.       15.23       0.000       4450.       0.000       8.000       0.000    
   33200  0.8300      0.2500E-04 NODE           1  -0.0%   4459.       15.76       0.000       4475.       0.000       8.000       0.000    
     ANIMATION FILE: A17_SHEAR_L10A167 WRITTEN
   33300  0.8325      0.2500E-04 NODE           1  -0.0%   4484.       16.27       0.000       4500.       0.000       8.000       0.000    
   33400  0.8350      0.2500E-04 NODE           1  -0.0%   4508.       16.76       0.000       4525.       0.000       8.000       0.000    
     ANIMATION FILE: A17_SHEAR_L10A168 WRITTEN
   33500  0.8375      0.2500E-04 NODE           5  -0.0%   4532.       17.23       0.000       4550.       0.000       8.000       0.000    
   33600  0.8400      0.2500E-04 NODE           5  -0.0%   4556.       17.67       0.000       4574.       0.000       8.000       0.000    
     ANIMATION FILE: A17_SHEAR_L10A169 WRITTEN
   33700  0.8425      0.2500E-04 NODE           5  -0.0%   4580.       18.08       0.000       4598.       0.000       8.000       0.000    
   33800  0.8450      0.2500E-04 NODE           1  -0.0%   4603.       18.47       0.000       4621.       0.000       8.000       0.000    
     ANIMATION FILE: A17_SHEAR_L10A170 WRITTEN
   33900  0.8475      0.2500E-04 NODE           5  -0.0%   4625.       18.84       0.000       4644.       0.000       8.000       0.000    
   34000  0.8500      0.2500E-04 NODE           1  -0.0%   4648.       19.17       0.000       4667.       0.000       8.000       0.000    
     ANIMATION FILE: A17_SHEAR_L10A171 WRITTEN
   34100  0.8525      0.2500E-04 NODE           5  -0.0%   4669.       19.48       0.000       4689.       0.000       8.000       0.000    
   34200  0.8550      0.2500E-04 NODE           1  -0.0%   4691.       19.75       0.000       4710.       0.000       8.000       0.000    
     ANIMATION FILE: A17_SHEAR_L10A172 WRITTEN
   34300  0.8575      0.2500E-04 NODE           5  -0.0%   4711.       19.99       0.000       4731.       0.000       8.000       0.000    
   34400  0.8600      0.2500E-04 NODE           5  -0.0%   4731.       20.21       0.000       4751.       0.000       8.000       0.000    
     ANIMATION FILE: A17_SHEAR_L10A173 WRITTEN
   34500  0.8625      0.2500E-04 NODE           5  -0.0%   4751.       20.39       0.000       4771.       0.000       8.000       0.000    
   34600  0.8650      0.2500E-04 NODE           5  -0.0%   4769.       20.54       0.000       4790.       0.000       8.000       0.000    
     ANIMATION FILE: A17_SHEAR_L10A174 WRITTEN
   34700  0.8675      0.2500E-04 NODE           1  -0.0%   4787.       20.65       0.000       4808.       0.000       8.000       0.000    
   34800  0.8700      0.2500E-04 NODE           1  -0.0%   4805.       20.73       0.000       4825.       0.000       8.000       0.000    
     ANIMATION FILE: A17_SHEAR_L10A175 WRITTEN
   34900  0.8725      0.2500E-04 NODE           1  -0.0%   4821.       20.78       0.000       4842.       0.000       8.000       0.000    
   35000  0.8750      0.2500E-04 NODE           5   0.0%   4837.       20.80       0.000       4858.       0.000       8.000       0.000    
     ANIMATION FILE: A17_SHEAR_L10A176 WRITTEN
   35100  0.8775      0.2500E-04 NODE           5   0.0%   4852.       20.78       0.000       4873.       0.000       8.000       0.000    
   35200  0.8800      0.2500E-04 NODE           1   0.0%   4867.       20.73       0.000       4888.       0.000       8.000       0.000    
     ANIMATION FILE: A17_SHEAR_L10A177 WRITTEN
   35300  0.8825      0.2500E-04 NODE           5   0.0%   4881.       20.65       0.000       4901.       0.000       8.000       0.000    
   35400  0.8850      0.2500E-04 NODE           5   0.0%   4893.       20.54       0.000       4914.       0.000       8.000       0.000    
     ANIMATION FILE: A17_SHEAR_L10A178 WRITTEN
   35500  0.8875      0.2500E-04 NODE           1   0.0%   4906.       20.39       0.000       4926.       0.000       8.000       0.000    
   35600  0.8900      0.2500E-04 NODE           1   0.0%   4917.       20.21       0.000       4937.       0.000       8.000       0.000    
     ANIMATION FILE: A17_SHEAR_L10A179 WRITTEN
   35700  0.8925      0.2500E-04 NODE           1   0.0%   4927.       19.99       0.000       4947.       0.000       8.000       0.000    
   35800  0.8950      0.2500E-04 NODE           5   0.0%   4937.       19.75       0.000       4957.       0.000       8.000       0.000    
     ANIMATION FILE: A17_SHEAR_L10A180 WRITTEN
   35900  0.8975      0.2500E-04 NODE           1   0.0%   4946.       19.48       0.000       4966.       0.000       8.000       0.000    
   36000  0.9000      0.2500E-04 NODE           5   0.0%   4955.       19.17       0.000       4974.       0.000       8.000       0.000    
     ANIMATION FILE: A17_SHEAR_L10A181 WRITTEN
   36100  0.9025      0.2500E-04 NODE           5   0.0%   4962.       18.84       0.000       4981.       0.000       8.000       0.000    
   36200  0.9050      0.2500E-04 NODE           1   0.0%   4969.       18.47       0.000       4987.       0.000       8.000       0.000    
     ANIMATION FILE: A17_SHEAR_L10A182 WRITTEN
   36300  0.9075      0.2500E-04 NODE           5   0.0%   4975.       18.08       0.000       4993.       0.000       8.000       0.000    
   36400  0.9100      0.2500E-04 NODE           1   0.0%   4980.       17.67       0.000       4998.       0.000       8.000       0.000    
     ANIMATION FILE: A17_SHEAR_L10A183 WRITTEN
   36500  0.9125      0.2500E-04 NODE           1   0.0%   4985.       17.23       0.000       5002.       0.000       8.000       0.000    
   36600  0.9150      0.2500E-04 NODE           5   0.0%   4989.       16.76       0.000       5006.       0.000       8.000       0.000    
     ANIMATION FILE: A17_SHEAR_L10A184 WRITTEN
   36700  0.9175      0.2500E-04 NODE           5   0.0%   4992.       16.27       0.000       5008.       0.000       8.000       0.000    
   36800  0.9200      0.2500E-04 NODE           5   0.0%   4995.       15.76       0.000       5011.       0.000       8.000       0.000    
     ANIMATION FILE: A17_SHEAR_L10A185 WRITTEN
   36900  0.9225      0.2500E-04 NODE           5   0.0%   4997.       15.23       0.000       5012.       0.000       8.000       0.000    
   37000  0.9250      0.2500E-04 NODE           5   0.0%   4999.       14.68       0.000       5013.       0.000       8.000       0.000    
     ANIMATION FILE: A17_SHEAR_L10A186 WRITTEN
   37100  0.9275      0.2500E-04 NODE           1  -0.0%   4999.       14.11       0.000       5014.       0.000       8.000       0.000    
   37200  0.9300      0.2500E-04 NODE           5  -0.0%   5000.       13.53       0.000       5013.       0.000       8.000       0.000    
     ANIMATION FILE: A17_SHEAR_L10A187 WRITTEN
     FAILURE COHESIVE ELEMENT          1 INTEGRATION POINT 1, MIXED MODE STRAIN= 1.000025277E+00
     FAILURE COHESIVE ELEMENT          1 INTEGRATION POINT 2, MIXED MODE STRAIN= 1.000025277E+00
     FAILURE COHESIVE ELEMENT          1 INTEGRATION POINT 3, MIXED MODE STRAIN= 1.000025277E+00
     FAILURE COHESIVE ELEMENT          1 INTEGRATION POINT 4, MIXED MODE STRAIN= 1.000025277E+00
      DELETE CONNECTION SOLID ELEMENT          1
   37300  0.9325      0.2500E-04 NODE           5  -0.0%   5000.       12.93       0.000       5013.       0.000       8.000       0.000    
   37400  0.9350      0.2500E-04 NODE           5  -0.0%   5000.       12.32       0.000       5012.       0.000       8.000       0.000    
     ANIMATION FILE: A17_SHEAR_L10A188 WRITTEN
   37500  0.9375      0.2500E-04 NODE           5  -0.0%   5000.       11.70       0.000       5012.       0.000       8.000       0.000    
   37600  0.9400      0.2500E-04 NODE           5  -0.0%   5000.       11.07       0.000       5011.       0.000       8.000       0.000    
     ANIMATION FILE: A17_SHEAR_L10A189 WRITTEN
   37700  0.9425      0.2500E-04 NODE           5  -0.0%   5000.       10.44       0.000       5010.       0.000       8.000       0.000    
   37800  0.9450      0.2500E-04 NODE           5  -0.0%   5000.       9.800       0.000       5010.       0.000       8.000       0.000    
     ANIMATION FILE: A17_SHEAR_L10A190 WRITTEN
   37900  0.9475      0.2500E-04 NODE           5  -0.0%   5000.       9.160       0.000       5009.       0.000       8.000       0.000    
   38000  0.9500      0.2500E-04 NODE           5  -0.0%   5000.       8.520       0.000       5009.       0.000       8.000       0.000    
     ANIMATION FILE: A17_SHEAR_L10A191 WRITTEN
   38100  0.9525      0.2500E-04 NODE           5  -0.0%   5000.       7.883       0.000       5008.       0.000       8.000       0.000    
   38200  0.9550      0.2500E-04 NODE           5  -0.0%   5000.       7.251       0.000       5007.       0.000       8.000       0.000    
     ANIMATION FILE: A17_SHEAR_L10A192 WRITTEN
   38300  0.9575      0.2500E-04 NODE           5  -0.0%   5000.       6.626       0.000       5007.       0.000       8.000       0.000    
   38400  0.9600      0.2500E-04 NODE           5  -0.0%   5000.       6.012       0.000       5006.       0.000       8.000       0.000    
     ANIMATION FILE: A17_SHEAR_L10A193 WRITTEN
   38500  0.9625      0.2500E-04 NODE           5  -0.0%   5000.       5.410       0.000       5005.       0.000       8.000       0.000    
   38600  0.9650      0.2500E-04 NODE           5  -0.0%   5000.       4.825       0.000       5005.       0.000       8.000       0.000    
     ANIMATION FILE: A17_SHEAR_L10A194 WRITTEN
   38700  0.9675      0.2500E-04 NODE           5  -0.0%   5000.       4.257       0.000       5004.       0.000       8.000       0.000    
   38800  0.9700      0.2500E-04 NODE           5  -0.0%   5000.       3.711       0.000       5004.       0.000       8.000       0.000    
     ANIMATION FILE: A17_SHEAR_L10A195 WRITTEN
   38900  0.9725      0.2500E-04 NODE           5  -0.0%   5000.       3.190       0.000       5003.       0.000       8.000       0.000    
   39000  0.9750      0.2500E-04 NODE           5  -0.0%   5000.       2.696       0.000       5003.       0.000       8.000       0.000    
     ANIMATION FILE: A17_SHEAR_L10A196 WRITTEN
   39100  0.9775      0.2500E-04 NODE           5  -0.0%   5000.       2.232       0.000       5002.       0.000       8.000       0.000    
   39200  0.9800      0.2500E-04 NODE           5  -0.0%   5000.       1.803       0.000       5002.       0.000       8.000       0.000    
     ANIMATION FILE: A17_SHEAR_L10A197 WRITTEN
   39300  0.9825      0.2500E-04 NODE           5  -0.0%   5000.       1.410       0.000       5001.       0.000       8.000       0.000    
   39400  0.9850      0.2500E-04 NODE           5  -0.0%   5000.       1.059       0.000       5001.       0.000       8.000       0.000    
     ANIMATION FILE: A17_SHEAR_L10A198 WRITTEN
   39500  0.9875      0.2500E-04 NODE           5  -0.0%   5000.      0.7509       0.000       5001.       0.000       8.000       0.000    
   39600  0.9900      0.2500E-04 NODE           5  -0.0%   5000.      0.4908       0.000       5000.       0.000       8.000       0.000    
     ANIMATION FILE: A17_SHEAR_L10A199 WRITTEN
   39700  0.9925      0.2500E-04 NODE           5  -0.0%   5000.      0.2818       0.000       5000.       0.000       8.000       0.000    
   39800  0.9950      0.2500E-04 NODE           5  -0.0%   5000.      0.1279       0.000       5000.       0.000       8.000       0.000    
     ANIMATION FILE: A17_SHEAR_L10A200 WRITTEN
   39900  0.9975      0.2500E-04 NODE           5  -0.0%   5000.      0.3262E-01   0.000       5000.       0.000       8.000       0.000    

     RESTART FILES: A17_SHEAR_L10_0001_[0001-0001].rst WRITTEN
     -------------

   CYCLE    TIME      TIME-STEP  ELEMENT          ERROR  I-ENERGY    K-ENERGY T  K-ENERGY R  EXT-WORK     MAS.ERR     TOTAL MASS  MASS ADDED
   40000   1.000      0.2500E-04 NODE           5  -0.0%   5000.      0.1331E-04   0.000       5000.       0.000       8.000       0.000    
     ANIMATION FILE: A17_SHEAR_L10A201 WRITTEN
  
                           ** CPU USER TIME **
  
  
                        ** SUMMARY **
  
 #PROC  ELEMENT   KINCOND   INTEG     IO        T0        ASM       RESOL    
   1   .7188E+00 .3594E+00 .6562E+00 .2031E+01 .1562E+01 .6406E+00 .7391E+01
  
 
                   ** CUMULATIVE CPU TIME SUMMARY **
  
 CONTACT SORTING.............: .0000E+00     0.00 % 
 CONTACT FORCES..............: .0000E+00     0.00 % 
 ELEMENT FORCES..............: .7188E+00     9.73 % 
 KINEMATIC COND..............: .3594E+00     4.86 % 
 INTEGRATION.................: .6562E+00     8.88 % 
 ASSEMBLING..................: .6406E+00     8.67 % 
 OTHERS (including I/O)......: .5016E+01    67.86 % 
 TOTAL.......................: .7391E+01   100.00 % 
  
  
                           ** ELAPSED TIME **
  
  
                        ** SUMMARY **
  
 #PROC  ELEMENT   KINCOND   INTEG     IO        T0        ASM       RESOL    
   1   .3860E+00 .2479E+00 .2483E+00 .8986E+00 .8858E+00 .2342E+00 .3731E+01
  
                   ** MEMORY USAGE STATISTICS **
  
 TOTAL MEMORY USED .........................:       46 MB
 MAXIMUM MEMORY PER PROCESSOR...............:       46 MB
 MINIMUM MEMORY PER PROCESSOR...............:       46 MB
 AVERAGE MEMORY PER PROCESSOR...............:       46 MB
  
                   ** DISK USAGE STATISTICS **
  
 TOTAL DISK SPACE USED .....................:          3 MB
 ANIMATION/H3D/TH/OUTP SIZE ................:          2 MB
 RESTART FILE SIZE .........................:          0 MB
  
                   ** COMPUTE TIME INFORMATION **
                        ** CURRENT ENGINE **
  
 EXECUTION STARTED .........................:      2026/10/09  09:17:11
 EXECUTION COMPLETED .......................:      2026/10/09  09:17:14
  
 ELAPSED TIME     =          3.77 s
                          0:00:03



     NORMAL TERMINATION      



     TOTAL NUMBER OF CYCLES  :   40001

  
                   ** COMPUTE RUNTIME INFORMATION SUMMARY **
  
        STARTER RUNTIME =          1.16s (00:00:01)
 # 001   ENGINE RUNTIME =          3.77s (00:00:03)
 ------------------------------ 
 STARTER+ENGINE RUNTIME =          4.93s (00:00:04)
  
