 A06_ZERO_DM_HALF_0001.out
************************************************************************
**                                                                    **
**                                                                    **
**                         OpenRadioss Engine                         **
**                                                                    **
**            Non-linear Finite Element Analysis Software             **
**                                                                    **
**                                                                    **
**                                                                    **
**                  Windows 64 bits, Intel compiler                   **
**                      Double Precision Version                      **
**                                                                    **
**                                                                    **
**                                                                    **
************************************************************************
** OpenRadioss Software                                               **
** COPYRIGHT (C) 2026 Siemens                                         **
** Licensed under GNU Affero General Public License.                  **
** See License file.                                                  **
************************************************************************
 
 NUMBER OF SPMD DOMAINS           1
 NUMBER OF THREADS PER DOMAIN     2
 NUMBER OF HMPP PROCESSES         2
  
 COMPUTATION HARDWARE DESCRIPTION
  
 HOSTNAME     CPU TYPE, FREQUENCY AND MEMORY
 jeux   AMD Ryzen 5 5600 6-Core Processor               (x86_64), 3700 MHz,   6853 MB RAM,  18217 MB swap
  
 STACKSIZE  . . . . . . . . . . . . . . . . . . . . 1430 MB
 THREAD STACKSIZE . . . . . . . . . . . . . . . . . 400 MB
 
************************************************************************


 A06_ZERO_DM_HALFD01                                                             


 FINAL TIME . . . . . . . . . . . . . . . . . . .   2.000000    

 TIME INTERVAL FOR TIME HISTORY PLOTS . . . . . .  0.2000000E-01

 TIME STEP SCALE FACTOR . . . . . . . . . . . . .  0.4000000    

 MINIMUM TIME STEP  . . . . . . . . . . . . . . .   0.000000    


 BRICK TIME STEP SCALE FACTOR . . . . . . . . . .  0.4000000    
 BRICK MINIMUM TIME STEP. . . . . . . . . . . . .   0.000000    
 MIN. TIME STEP FLAG (1:STOP RUN, 2:DELETE BRICK)     1

 QUAD TIME STEP SCALE FACTOR. . . . . . . . . . .  0.4000000    
 QUAD MINIMUM TIME STEP . . . . . . . . . . . . .   0.000000    
 MIN. TIME STEP FLAG (1:STOP RUN, 2:DELETE QUAD).     1

 SHELL TIME STEP SCALE FACTOR . . . . . . . . . .  0.4000000    
 SHELL MINIMUM TIME STEP. . . . . . . . . . . . .   0.000000    
 MIN. TIME FLAG (1:STOP, 2:DELETE, 3:SMALL STRAIN)    2

 TRUSS TIME STEP SCALE FACTOR . . . . . . . . . .  0.4000000    
 TRUSS MINIMUM TIME STEP. . . . . . . . . . . . .   0.000000    
 MIN. TIME FLAG (1:STOP, 2:DELETE). . . . . . . .     0

 BEAM TIME STEP SCALE FACTOR. . . . . . . . . . .  0.4000000    
 BEAM MINIMUM TIME STEP . . . . . . . . . . . . .   0.000000    
 MIN. TIME FLAG (1:STOP, 2:DELETE). . . . . . . .     0

 SPRING TIME STEP SCALE FACTOR. . . . . . . . . .  0.4000000    
 SPRING MINIMUM TIME STEP . . . . . . . . . . . .   0.000000    
 MIN. TIME FLAG (1:STOP, 2:DELETE). . . . . . . .     0

 AIRBAG TIME STEP SCALE FACTOR. . . . . . . . . .  0.4000000    
 AIRBAG MINIMUM TIME STEP . . . . . . . . . . . .   0.000000    
 MIN. TIME FLAG (1:STOP). . . . . . . . . . . . .     0

 CONTACT TIME STEP SCALE FACTOR . . . . . . . . .  0.4000000    
 CONTACT MINIMUM TIME STEP. . . . . . . . . . . .   0.000000    
 MIN. TIME FLAG(1:STOP, 2:REMOVE NODE FROM INTERF)    0

 PRINTOUT CYCLE FREQUENCY . . . . . . . . . . . .    10

 RESTART CYCLE FREQUENCY. . . . . . . . . . . . .   10000000

 MAXIMUM RESTART WRITE BEFORE OVERWRITE . . . . .     0

 INVERS: INPUT DECK VERSION . . . . . . . . . . .  2026
 ITTYP : FLAG FOR TYPE OF T-FILE. . . . . . . . .     4

 INITIAL TIME STEP. . . . . . . . . . . . . . . .   0.000000    
 MAXIMUM TIME STEP. . . . . . . . . . . . . . . .  0.1000000E+21

 PARALLEL ARITHMETIC ON
 NUMBER OF INTERFACES TO BE ELIMINATED. . . . . .        0

 NUMBER OF PARTS TO BE ELIMINATED . . . . . . . .        0

 NUMBER OF SOLID  ELEMENT BLOCKS TO BE ELIMINATED        0

 NUMBER OF QUAD   ELEMENT BLOCKS TO BE ELIMINATED        0

 NUMBER OF SHELL  ELEMENT BLOCKS TO BE ELIMINATED        0

 NUMBER OF TRUSS  ELEMENT BLOCKS TO BE ELIMINATED        0

 NUMBER OF BEAM   ELEMENT BLOCKS TO BE ELIMINATED        0

 NUMBER OF SPRING ELEMENT BLOCKS TO BE ELIMINATED        0

 NUMBER OF SH_3N  ELEMENT BLOCKS TO BE ELIMINATED        0

 NUMBER OF  SPH PARTICLES BLOCKS TO BE ELIMINATED        0

 NUMBER OF RIGID LINKS. . . . . . . . . . . . . .        0

 NUMBER OF NEW BOUNDARY CONDITIONS. . . . . . . .        0


 TIME FOR FIRST ANIMATION-FILE PLOT . . . . . . .   0.000000    
 TIME INTERVAL FOR ANIMATION-FILE PLOTS . . . . .  0.2000000    
 TIME TO STOP ANIMATION-FILE PLOTS. . . . . . . .  0.1000000E+21
 SENSOR FOR ANIMATION-FILE PLOTS. . . . . . . . .          0
 TIME INTERVAL FOR SENSOR ANIMATION-FILE PLOTS. .   0.000000    

 VARIABLE SAVED ON ANIMATION FILES (1: YES) :
      PLASTIC STRAIN. . . . . .     0
      DENSITY     (SOLID ONLY).     0
      SPECIFIC ENERGY . . . . .     1
      HOURGLASS ENERGY. . . . .     0
      TEMPERATURE (SOLID ONLY).     0
      THICKNESS   (SHELL ONLY).     0
      PRESSURE    (SOLID ONLY).     0
      VON MISES . . . . . . . .     0
      TURBULENT ENERGY (FLUID).     0
      TURBULENT VISCOSITY(FLUID)    0
      VORTICITY (FLUID) . . . .     0
 NODAL VALUES SAVED ON ANIMATION FILES (1: YES) :
      PRESSURE. . . . . . . . .     0
      DENSITY . . . . . . . . .     0
      TEMPERATURE . . . . . . .     0
 VECTOR SAVED ON ANIMATION FILES (1: YES) :
      VELOCITY VECTOR . . . . .     1
      DISPLACEMENT VECTOR . . .     1
      ACCELERATION VECTOR . . .     0
      CONTACT FORCES. . . . . .     0
      INTERNAL FORCES . . . . .     0
      EXTERNAL FORCES . . . . .     0
      SECTION RBY RWALL FORCES.     0
      ROTATIONAL VELOCITY VECTOR    0
      CONTACT PRESSURE (VECTORS)    0
 SHELL TENSOR SAVED ON ANIMATION FILES (1: YES) :
      MEMBRANE STRESS . . . . .     0
      BENDING STRESS(MOMENT/T^2)    0
      UPPER LAYER STRESS. . . .     0
      LOWER LAYER STRESS. . . .     0
      MEMBRANE STRAIN . . . . .     0
      CURVATURE . . . . . . . .     0
      UPPER LAYER STRAIN. . . .     0
      LOWER LAYER STRAIN. . . .     0
 NODAL MASS SAVED ON ANIMATION FILES (1: YES) :    0
 KEEP DELETED ELEMENT (1: YES) :    0


 05/10/2026
   CYCLE    TIME      TIME-STEP  ELEMENT          ERROR  I-ENERGY    K-ENERGY T  K-ENERGY R  EXT-WORK     MAS.ERR     TOTAL MASS  MASS ADDED
       0   0.000      0.3730E-03 NODE        2042   0.0%   0.000      0.2441E+13   0.000       0.000       0.000      0.1913E+09   0.000    
     ANIMATION FILE: A06_ZERO_DM_HALFA001 WRITTEN
      10  0.3730E-02  0.3730E-03 NODE        2042   0.0%   0.000      0.2441E+13   0.000       0.000       0.000      0.1913E+09   0.000    
      20  0.7461E-02  0.3730E-03 NODE        2042   0.0%   0.000      0.2441E+13   0.000       0.000       0.000      0.1913E+09   0.000    
      30  0.1119E-01  0.3730E-03 NODE        2042   0.0%   0.000      0.2441E+13   0.000       0.000       0.000      0.1913E+09   0.000    
      40  0.1492E-01  0.3730E-03 NODE        2042   0.0%   0.000      0.2441E+13   0.000       0.000       0.000      0.1913E+09   0.000    
      50  0.1865E-01  0.3730E-03 NODE        2042   0.0%   0.000      0.2441E+13   0.000       0.000       0.000      0.1913E+09   0.000    
      60  0.2238E-01  0.3730E-03 NODE        2042   0.0%   0.000      0.2441E+13   0.000       0.000       0.000      0.1913E+09   0.000    
      70  0.2611E-01  0.3730E-03 NODE        2042   0.0%   0.000      0.2441E+13   0.000       0.000       0.000      0.1913E+09   0.000    
      80  0.2984E-01  0.3730E-03 NODE        2042   0.0%   0.000      0.2441E+13   0.000       0.000       0.000      0.1913E+09   0.000    
      90  0.3357E-01  0.3730E-03 NODE        2042   0.0%   0.000      0.2441E+13   0.000       0.000       0.000      0.1913E+09   0.000    
     100  0.3730E-01  0.3730E-03 NODE        2042   0.0%   0.000      0.2441E+13   0.000       0.000       0.000      0.1913E+09   0.000    
     110  0.4103E-01  0.3730E-03 NODE        2042   0.0%   0.000      0.2441E+13   0.000       0.000       0.000      0.1913E+09   0.000    
     120  0.4476E-01  0.3730E-03 NODE        2042   0.0%   0.000      0.2441E+13   0.000       0.000       0.000      0.1913E+09   0.000    
     130  0.4849E-01  0.3730E-03 NODE        2042   0.0%   0.000      0.2441E+13   0.000       0.000       0.000      0.1913E+09   0.000    
     140  0.5222E-01  0.3730E-03 NODE        2042   0.0%   0.000      0.2441E+13   0.000       0.000       0.000      0.1913E+09   0.000    
     150  0.5595E-01  0.3730E-03 NODE        2042   0.0%   0.000      0.2441E+13   0.000       0.000       0.000      0.1913E+09   0.000    
     160  0.5968E-01  0.3730E-03 NODE        2042   0.0%   0.000      0.2441E+13   0.000       0.000       0.000      0.1913E+09   0.000    
     170  0.6341E-01  0.3730E-03 NODE        2042   0.0%   0.000      0.2441E+13   0.000       0.000       0.000      0.1913E+09   0.000    
     180  0.6714E-01  0.3730E-03 NODE        2042   0.0%   0.000      0.2441E+13   0.000       0.000       0.000      0.1913E+09   0.000    
     190  0.7087E-01  0.3730E-03 NODE        2042   0.0%   0.000      0.2441E+13   0.000       0.000       0.000      0.1913E+09   0.000    
     200  0.7461E-01  0.3730E-03 NODE        2042   0.0%   0.000      0.2441E+13   0.000       0.000       0.000      0.1913E+09   0.000    
     210  0.7834E-01  0.3730E-03 NODE        2042   0.0%   0.000      0.2441E+13   0.000       0.000       0.000      0.1913E+09   0.000    
     220  0.8207E-01  0.3730E-03 NODE        2042   0.0%   0.000      0.2441E+13   0.000       0.000       0.000      0.1913E+09   0.000    
     230  0.8580E-01  0.3730E-03 NODE        2042   0.0%   0.000      0.2441E+13   0.000       0.000       0.000      0.1913E+09   0.000    
     240  0.8953E-01  0.3730E-03 NODE        2042   0.0%   0.000      0.2441E+13   0.000       0.000       0.000      0.1913E+09   0.000    
     250  0.9326E-01  0.3730E-03 NODE        2042   0.0%   0.000      0.2441E+13   0.000       0.000       0.000      0.1913E+09   0.000    
     260  0.9699E-01  0.3730E-03 NODE        2042   0.0%   0.000      0.2441E+13   0.000       0.000       0.000      0.1913E+09   0.000    
     270  0.1007      0.3730E-03 NODE        2042   0.0%   0.000      0.2441E+13   0.000       0.000       0.000      0.1913E+09   0.000    
     280  0.1044      0.3730E-03 NODE        2042   0.0%   0.000      0.2441E+13   0.000       0.000       0.000      0.1913E+09   0.000    
     290  0.1082      0.3730E-03 NODE        2042   0.0%   0.000      0.2441E+13   0.000       0.000       0.000      0.1913E+09   0.000    
     300  0.1119      0.3730E-03 NODE        2042   0.0%   0.000      0.2441E+13   0.000       0.000       0.000      0.1913E+09   0.000    
     310  0.1156      0.3730E-03 NODE        2042   0.0%   0.000      0.2441E+13   0.000       0.000       0.000      0.1913E+09   0.000    
     320  0.1194      0.3730E-03 NODE        2042   0.0%   0.000      0.2441E+13   0.000       0.000       0.000      0.1913E+09   0.000    
     330  0.1231      0.3730E-03 NODE        2042   0.0%   0.000      0.2441E+13   0.000       0.000       0.000      0.1913E+09   0.000    
     340  0.1268      0.3730E-03 NODE        2042   0.0%   0.000      0.2441E+13   0.000       0.000       0.000      0.1913E+09   0.000    
     350  0.1306      0.3730E-03 NODE        2042   0.0%   0.000      0.2441E+13   0.000       0.000       0.000      0.1913E+09   0.000    
     360  0.1343      0.3730E-03 NODE        2042   0.0%   0.000      0.2441E+13   0.000       0.000       0.000      0.1913E+09   0.000    
     370  0.1380      0.3730E-03 NODE        2042   0.0%   0.000      0.2441E+13   0.000       0.000       0.000      0.1913E+09   0.000    
     380  0.1417      0.3730E-03 NODE        2042   0.0%   0.000      0.2441E+13   0.000       0.000       0.000      0.1913E+09   0.000    
     390  0.1455      0.3730E-03 NODE        2042   0.0%   0.000      0.2441E+13   0.000       0.000       0.000      0.1913E+09   0.000    
     400  0.1492      0.3730E-03 NODE        2042   0.0%   0.000      0.2441E+13   0.000       0.000       0.000      0.1913E+09   0.000    
     410  0.1529      0.3730E-03 NODE        2042   0.0%   0.000      0.2441E+13   0.000       0.000       0.000      0.1913E+09   0.000    
     420  0.1567      0.3730E-03 NODE        2042   0.0%   0.000      0.2441E+13   0.000       0.000       0.000      0.1913E+09   0.000    
     430  0.1604      0.3730E-03 NODE        2042   0.0%   0.000      0.2441E+13   0.000       0.000       0.000      0.1913E+09   0.000    
     440  0.1641      0.3730E-03 NODE        2042   0.0%   0.000      0.2441E+13   0.000       0.000       0.000      0.1913E+09   0.000    
     450  0.1679      0.3730E-03 NODE        2042   0.0%   0.000      0.2441E+13   0.000       0.000       0.000      0.1913E+09   0.000    
     460  0.1716      0.3730E-03 NODE        2042   0.0%   0.000      0.2441E+13   0.000       0.000       0.000      0.1913E+09   0.000    
     470  0.1753      0.3730E-03 NODE        2042   0.0%   0.000      0.2441E+13   0.000       0.000       0.000      0.1913E+09   0.000    
     480  0.1791      0.3730E-03 NODE        2042   0.0%   0.000      0.2441E+13   0.000       0.000       0.000      0.1913E+09   0.000    
     490  0.1828      0.3730E-03 NODE        2042   0.0%   0.000      0.2441E+13   0.000       0.000       0.000      0.1913E+09   0.000    
     500  0.1865      0.3730E-03 NODE        2042   0.0%   0.000      0.2441E+13   0.000       0.000       0.000      0.1913E+09   0.000    
     510  0.1902      0.3730E-03 NODE        2042   0.0%   0.000      0.2441E+13   0.000       0.000       0.000      0.1913E+09   0.000    
     520  0.1940      0.3730E-03 NODE        2042   0.0%   0.000      0.2441E+13   0.000       0.000       0.000      0.1913E+09   0.000    
     530  0.1977      0.3730E-03 NODE        2042   0.0%   0.000      0.2441E+13   0.000       0.000       0.000      0.1913E+09   0.000    
     ANIMATION FILE: A06_ZERO_DM_HALFA002 WRITTEN
     540  0.2014      0.3730E-03 NODE        2042   0.0%   0.000      0.2441E+13   0.000       0.000       0.000      0.1913E+09   0.000    
     550  0.2052      0.3730E-03 NODE        2042   0.0%   0.000      0.2441E+13   0.000       0.000       0.000      0.1913E+09   0.000    
     560  0.2089      0.3730E-03 NODE        2042   0.0%   0.000      0.2441E+13   0.000       0.000       0.000      0.1913E+09   0.000    
     570  0.2126      0.3730E-03 NODE        2042   0.0%   0.000      0.2441E+13   0.000       0.000       0.000      0.1913E+09   0.000    
     580  0.2164      0.3730E-03 NODE        2042   0.0%   0.000      0.2441E+13   0.000       0.000       0.000      0.1913E+09   0.000    
     590  0.2201      0.3730E-03 NODE        2042   0.0%   0.000      0.2441E+13   0.000       0.000       0.000      0.1913E+09   0.000    
     600  0.2238      0.3730E-03 NODE        2042   0.0%   0.000      0.2441E+13   0.000       0.000       0.000      0.1913E+09   0.000    
     610  0.2275      0.3730E-03 NODE        2042  -0.0%   2.493      0.2441E+13  0.4346E-03   0.000       0.000      0.1913E+09   0.000    
     620  0.2313      0.3730E-03 NODE        2042  -0.0%   123.1      0.2441E+13  0.1452       0.000       0.000      0.1913E+09   0.000    
     630  0.2350      0.3730E-03 NODE        2042  -0.0%   824.1      0.2441E+13   2.549       0.000       0.000      0.1913E+09   0.000    
     640  0.2387      0.3730E-03 NODE        2042  -0.0%   2887.      0.2441E+13   17.07       0.000       0.000      0.1913E+09   0.000    
     650  0.2425      0.3730E-03 NODE        2042  -0.0%   7289.      0.2441E+13   70.25       0.000       0.000      0.1913E+09   0.000    
     660  0.2462      0.3730E-03 NODE        2042  -0.0%  0.1508E+05  0.2441E+13   214.8       0.000       0.000      0.1913E+09   0.000    
     670  0.2499      0.3730E-03 NODE        2042  -0.0%  0.2727E+05  0.2441E+13   537.4       0.000       0.000      0.1913E+09   0.000    
     680  0.2537      0.3730E-03 NODE        2042  -0.0%  0.4480E+05  0.2441E+13   1163.       0.000       0.000      0.1913E+09   0.000    
     690  0.2574      0.3730E-03 NODE        2042  -0.0%  0.6862E+05  0.2441E+13   2254.       0.000       0.000      0.1913E+09   0.000    
     700  0.2611      0.3730E-03 NODE        2042  -0.0%  0.9986E+05  0.2441E+13   4013.       0.000       0.000      0.1913E+09   0.000    
     710  0.2648      0.3730E-03 NODE        2042  -0.0%  0.1401E+06  0.2441E+13   6675.       0.000       0.000      0.1913E+09   0.000    
     720  0.2686      0.3730E-03 NODE        2042  -0.0%  0.1913E+06  0.2441E+13  0.1051E+05   0.000       0.000      0.1913E+09   0.000    
     730  0.2723      0.3730E-03 NODE        2042  -0.0%  0.2567E+06  0.2441E+13  0.1585E+05   0.000       0.000      0.1913E+09   0.000    
     740  0.2760      0.3730E-03 NODE        2042  -0.0%  0.3393E+06  0.2441E+13  0.2306E+05   0.000       0.000      0.1913E+09   0.000    
     750  0.2798      0.3730E-03 NODE        2042  -0.0%  0.4403E+06  0.2441E+13  0.3253E+05   0.000       0.000      0.1913E+09   0.000    
     760  0.2835      0.3730E-03 NODE        2042  -0.0%  0.5576E+06  0.2441E+13  0.4464E+05   0.000       0.000      0.1913E+09   0.000    
     770  0.2872      0.3730E-03 NODE        2042  -0.0%  0.6887E+06  0.2441E+13  0.5961E+05   0.000       0.000      0.1913E+09   0.000    
     780  0.2910      0.3730E-03 NODE        2042  -0.0%  0.8314E+06  0.2441E+13  0.7755E+05   0.000       0.000      0.1913E+09   0.000    
     790  0.2947      0.3730E-03 NODE        2042  -0.0%  0.9838E+06  0.2441E+13  0.9836E+05   0.000       0.000      0.1913E+09   0.000    
     800  0.2984      0.3730E-03 NODE        2042  -0.0%  0.1144E+07  0.2441E+13  0.1218E+06   0.000       0.000      0.1913E+09   0.000    
     810  0.3022      0.3730E-03 NODE        2042  -0.0%  0.1312E+07  0.2441E+13  0.1474E+06   0.000       0.000      0.1913E+09   0.000    
     820  0.3059      0.3730E-03 NODE        2042  -0.0%  0.1486E+07  0.2441E+13  0.1746E+06   0.000       0.000      0.1913E+09   0.000    
     830  0.3096      0.3730E-03 NODE        2042  -0.0%  0.1666E+07  0.2441E+13  0.2027E+06   0.000       0.000      0.1913E+09   0.000    
     840  0.3133      0.3730E-03 NODE        2042  -0.0%  0.1851E+07  0.2441E+13  0.2309E+06   0.000       0.000      0.1913E+09   0.000    
     850  0.3171      0.3730E-03 NODE        2042  -0.0%  0.2042E+07  0.2441E+13  0.2585E+06   0.000       0.000      0.1913E+09   0.000    
     860  0.3208      0.3730E-03 NODE        2042  -0.0%  0.2239E+07  0.2441E+13  0.2848E+06   0.000       0.000      0.1913E+09   0.000    
     870  0.3245      0.3730E-03 NODE        2042  -0.0%  0.2443E+07  0.2441E+13  0.3091E+06   0.000       0.000      0.1913E+09   0.000    
     880  0.3283      0.3730E-03 NODE        2042  -0.0%  0.2652E+07  0.2441E+13  0.3311E+06   0.000       0.000      0.1913E+09   0.000    
     890  0.3320      0.3730E-03 NODE        2042  -0.0%  0.2868E+07  0.2441E+13  0.3505E+06   0.000       0.000      0.1913E+09   0.000    
     900  0.3357      0.3730E-03 NODE        2042  -0.0%  0.3091E+07  0.2441E+13  0.3673E+06   0.000       0.000      0.1913E+09   0.000    
     910  0.3395      0.3730E-03 NODE        2042  -0.0%  0.3320E+07  0.2441E+13  0.3815E+06   0.000       0.000      0.1913E+09   0.000    
     920  0.3432      0.3730E-03 NODE        2042  -0.0%  0.3555E+07  0.2441E+13  0.3935E+06   0.000       0.000      0.1913E+09   0.000    
     930  0.3469      0.3730E-03 NODE        2042  -0.0%  0.3796E+07  0.2441E+13  0.4038E+06   0.000       0.000      0.1913E+09   0.000    
     940  0.3506      0.3730E-03 NODE        2042  -0.0%  0.4041E+07  0.2441E+13  0.4129E+06   0.000       0.000      0.1913E+09   0.000    
     950  0.3544      0.3730E-03 NODE        2042  -0.0%  0.4291E+07  0.2441E+13  0.4215E+06   0.000       0.000      0.1913E+09   0.000    
     960  0.3581      0.3730E-03 NODE        2042  -0.0%  0.4543E+07  0.2441E+13  0.4302E+06   0.000       0.000      0.1913E+09   0.000    
     970  0.3618      0.3730E-03 NODE        2042  -0.0%  0.4798E+07  0.2441E+13  0.4395E+06   0.000       0.000      0.1913E+09   0.000    
     980  0.3656      0.3730E-03 NODE        2042  -0.0%  0.5053E+07  0.2441E+13  0.4502E+06   0.000       0.000      0.1913E+09   0.000    
     990  0.3693      0.3730E-03 NODE        2042  -0.0%  0.5308E+07  0.2441E+13  0.4626E+06   0.000       0.000      0.1913E+09   0.000    
   CYCLE    TIME      TIME-STEP  ELEMENT          ERROR  I-ENERGY    K-ENERGY T  K-ENERGY R  EXT-WORK     MAS.ERR     TOTAL MASS  MASS ADDED
    1000  0.3730      0.3730E-03 NODE        2042  -0.0%  0.5561E+07  0.2441E+13  0.4770E+06   0.000       0.000      0.1913E+09   0.000    
    1010  0.3768      0.3730E-03 NODE        2042  -0.0%  0.5812E+07  0.2441E+13  0.4938E+06   0.000       0.000      0.1913E+09   0.000    
    1020  0.3805      0.3730E-03 NODE        2042  -0.0%  0.6059E+07  0.2441E+13  0.5132E+06   0.000       0.000      0.1913E+09   0.000    
    1030  0.3842      0.3730E-03 NODE        2042  -0.0%  0.6303E+07  0.2441E+13  0.5351E+06   0.000       0.000      0.1913E+09   0.000    
    1040  0.3879      0.3730E-03 NODE        2042  -0.0%  0.6541E+07  0.2441E+13  0.5596E+06   0.000       0.000      0.1913E+09   0.000    
    1050  0.3917      0.3730E-03 NODE        2042  -0.0%  0.6774E+07  0.2441E+13  0.5868E+06   0.000       0.000      0.1913E+09   0.000    
    1060  0.3954      0.3730E-03 NODE        2042  -0.0%  0.7001E+07  0.2441E+13  0.6166E+06   0.000       0.000      0.1913E+09   0.000    
    1070  0.3991      0.3730E-03 NODE        2042  -0.0%  0.7221E+07  0.2441E+13  0.6490E+06   0.000       0.000      0.1913E+09   0.000    
     ANIMATION FILE: A06_ZERO_DM_HALFA003 WRITTEN
    1080  0.4029      0.3730E-03 NODE        2042  -0.0%  0.7435E+07  0.2441E+13  0.6841E+06   0.000       0.000      0.1913E+09   0.000    
    1090  0.4066      0.3730E-03 NODE        2042  -0.0%  0.7642E+07  0.2441E+13  0.7220E+06   0.000       0.000      0.1913E+09   0.000    
    1100  0.4103      0.3730E-03 NODE        2042  -0.0%  0.7842E+07  0.2441E+13  0.7628E+06   0.000       0.000      0.1913E+09   0.000    
    1110  0.4141      0.3730E-03 NODE        2042  -0.0%  0.8035E+07  0.2441E+13  0.8066E+06   0.000       0.000      0.1913E+09   0.000    
    1120  0.4178      0.3730E-03 NODE        2042  -0.0%  0.8222E+07  0.2441E+13  0.8536E+06   0.000       0.000      0.1913E+09   0.000    
    1130  0.4215      0.3730E-03 NODE        2042  -0.0%  0.8403E+07  0.2441E+13  0.9040E+06   0.000       0.000      0.1913E+09   0.000    
    1140  0.4252      0.3730E-03 NODE        2042  -0.0%  0.8579E+07  0.2441E+13  0.9580E+06   0.000       0.000      0.1913E+09   0.000    
    1150  0.4290      0.3730E-03 NODE        2042  -0.0%  0.8751E+07  0.2441E+13  0.1016E+07   0.000       0.000      0.1913E+09   0.000    
    1160  0.4327      0.3730E-03 NODE        2042  -0.0%  0.8920E+07  0.2441E+13  0.1077E+07   0.000       0.000      0.1913E+09   0.000    
    1170  0.4364      0.3730E-03 NODE        2042  -0.0%  0.9089E+07  0.2441E+13  0.1142E+07   0.000       0.000      0.1913E+09   0.000    
    1180  0.4402      0.3730E-03 NODE        2042  -0.0%  0.9261E+07  0.2441E+13  0.1211E+07   0.000       0.000      0.1913E+09   0.000    
    1190  0.4439      0.3730E-03 NODE        2042  -0.0%  0.9438E+07  0.2441E+13  0.1284E+07   0.000       0.000      0.1913E+09   0.000    
    1200  0.4476      0.3730E-03 NODE        2042  -0.0%  0.9627E+07  0.2441E+13  0.1361E+07   0.000       0.000      0.1913E+09   0.000    
    1210  0.4514      0.3730E-03 NODE        2042  -0.0%  0.9835E+07  0.2441E+13  0.1441E+07   0.000       0.000      0.1913E+09   0.000    
    1220  0.4551      0.3730E-03 NODE        2042  -0.0%  0.1007E+08  0.2441E+13  0.1526E+07   0.000       0.000      0.1913E+09   0.000    
    1230  0.4588      0.3730E-03 NODE        2042  -0.0%  0.1034E+08  0.2441E+13  0.1614E+07   0.000       0.000      0.1913E+09   0.000    
    1240  0.4626      0.3730E-03 NODE        2042  -0.0%  0.1064E+08  0.2441E+13  0.1706E+07   0.000       0.000      0.1913E+09   0.000    
    1250  0.4663      0.3730E-03 NODE        2042  -0.0%  0.1097E+08  0.2441E+13  0.1803E+07   0.000       0.000      0.1913E+09   0.000    
    1260  0.4700      0.3730E-03 NODE        2042  -0.0%  0.1131E+08  0.2441E+13  0.1904E+07   0.000       0.000      0.1913E+09   0.000    
    1270  0.4737      0.3730E-03 NODE        2042  -0.0%  0.1166E+08  0.2441E+13  0.2010E+07   0.000       0.000      0.1913E+09   0.000    
    1280  0.4775      0.3730E-03 NODE        2042  -0.0%  0.1201E+08  0.2441E+13  0.2120E+07   0.000       0.000      0.1913E+09   0.000    
    1290  0.4812      0.3730E-03 NODE        2042  -0.0%  0.1236E+08  0.2441E+13  0.2234E+07   0.000       0.000      0.1913E+09   0.000    
    1300  0.4849      0.3730E-03 NODE        2042  -0.0%  0.1271E+08  0.2441E+13  0.2352E+07   0.000       0.000      0.1913E+09   0.000    
    1310  0.4887      0.3730E-03 NODE        2042  -0.0%  0.1305E+08  0.2441E+13  0.2474E+07   0.000       0.000      0.1913E+09   0.000    
    1320  0.4924      0.3730E-03 NODE        2042  -0.0%  0.1338E+08  0.2441E+13  0.2599E+07   0.000       0.000      0.1913E+09   0.000    
    1330  0.4961      0.3730E-03 NODE        2042  -0.0%  0.1370E+08  0.2441E+13  0.2727E+07   0.000       0.000      0.1913E+09   0.000    
    1340  0.4999      0.3730E-03 NODE        2042  -0.0%  0.1400E+08  0.2441E+13  0.2857E+07   0.000       0.000      0.1913E+09   0.000    
    1350  0.5036      0.3730E-03 NODE        2042  -0.0%  0.1430E+08  0.2441E+13  0.2990E+07   0.000       0.000      0.1913E+09   0.000    
    1360  0.5073      0.3730E-03 NODE        2042  -0.0%  0.1458E+08  0.2441E+13  0.3125E+07   0.000       0.000      0.1913E+09   0.000    
    1370  0.5110      0.3730E-03 NODE        2042  -0.0%  0.1484E+08  0.2441E+13  0.3262E+07   0.000       0.000      0.1913E+09   0.000    
    1380  0.5148      0.3730E-03 NODE        2042  -0.0%  0.1510E+08  0.2441E+13  0.3401E+07   0.000       0.000      0.1913E+09   0.000    
    1390  0.5185      0.3730E-03 NODE        2042  -0.0%  0.1533E+08  0.2441E+13  0.3541E+07   0.000       0.000      0.1913E+09   0.000    
    1400  0.5222      0.3730E-03 NODE        2042  -0.0%  0.1556E+08  0.2441E+13  0.3683E+07   0.000       0.000      0.1913E+09   0.000    
    1410  0.5260      0.3730E-03 NODE        2042  -0.0%  0.1578E+08  0.2441E+13  0.3826E+07   0.000       0.000      0.1913E+09   0.000    
    1420  0.5297      0.3730E-03 NODE        2042  -0.0%  0.1598E+08  0.2441E+13  0.3970E+07   0.000       0.000      0.1913E+09   0.000    
    1430  0.5334      0.3730E-03 NODE        2042  -0.0%  0.1618E+08  0.2441E+13  0.4116E+07   0.000       0.000      0.1913E+09   0.000    
    1440  0.5372      0.3730E-03 NODE        2042  -0.0%  0.1638E+08  0.2441E+13  0.4263E+07   0.000       0.000      0.1913E+09   0.000    
    1450  0.5409      0.3730E-03 NODE        2042  -0.0%  0.1658E+08  0.2441E+13  0.4412E+07   0.000       0.000      0.1913E+09   0.000    
    1460  0.5446      0.3730E-03 NODE        2042  -0.0%  0.1679E+08  0.2441E+13  0.4563E+07   0.000       0.000      0.1913E+09   0.000    
    1470  0.5483      0.3730E-03 NODE        2042  -0.0%  0.1701E+08  0.2441E+13  0.4716E+07   0.000       0.000      0.1913E+09   0.000    
    1480  0.5521      0.3730E-03 NODE        2042  -0.0%  0.1725E+08  0.2441E+13  0.4870E+07   0.000       0.000      0.1913E+09   0.000    
    1490  0.5558      0.3730E-03 NODE        2042  -0.0%  0.1752E+08  0.2441E+13  0.5027E+07   0.000       0.000      0.1913E+09   0.000    
    1500  0.5595      0.3730E-03 NODE        2042  -0.0%  0.1780E+08  0.2441E+13  0.5186E+07   0.000       0.000      0.1913E+09   0.000    
    1510  0.5633      0.3730E-03 NODE        2042  -0.0%  0.1810E+08  0.2441E+13  0.5347E+07   0.000       0.000      0.1913E+09   0.000    
    1520  0.5670      0.3730E-03 NODE        2042  -0.0%  0.1841E+08  0.2441E+13  0.5511E+07   0.000       0.000      0.1913E+09   0.000    
    1530  0.5707      0.3730E-03 NODE        2042  -0.0%  0.1872E+08  0.2441E+13  0.5676E+07   0.000       0.000      0.1913E+09   0.000    
    1540  0.5745      0.3730E-03 NODE        2042  -0.0%  0.1903E+08  0.2441E+13  0.5844E+07   0.000       0.000      0.1913E+09   0.000    
    1550  0.5782      0.3730E-03 NODE        2042  -0.0%  0.1934E+08  0.2441E+13  0.6013E+07   0.000       0.000      0.1913E+09   0.000    
    1560  0.5819      0.3730E-03 NODE        2042  -0.0%  0.1965E+08  0.2441E+13  0.6184E+07   0.000       0.000      0.1913E+09   0.000    
    1570  0.5857      0.3730E-03 NODE        2042  -0.0%  0.1994E+08  0.2441E+13  0.6356E+07   0.000       0.000      0.1913E+09   0.000    
    1580  0.5894      0.3730E-03 NODE        2042  -0.0%  0.2023E+08  0.2441E+13  0.6529E+07   0.000       0.000      0.1913E+09   0.000    
    1590  0.5931      0.3730E-03 NODE        2042  -0.0%  0.2051E+08  0.2441E+13  0.6703E+07   0.000       0.000      0.1913E+09   0.000    
    1600  0.5968      0.3730E-03 NODE        2042  -0.0%  0.2078E+08  0.2441E+13  0.6878E+07   0.000       0.000      0.1913E+09   0.000    
     ANIMATION FILE: A06_ZERO_DM_HALFA004 WRITTEN
    1610  0.6006      0.3730E-03 NODE        2042  -0.0%  0.2104E+08  0.2441E+13  0.7053E+07   0.000       0.000      0.1913E+09   0.000    
    1620  0.6043      0.3730E-03 NODE        2042  -0.0%  0.2129E+08  0.2441E+13  0.7228E+07   0.000       0.000      0.1913E+09   0.000    
    1630  0.6080      0.3730E-03 NODE        2042  -0.0%  0.2153E+08  0.2441E+13  0.7403E+07   0.000       0.000      0.1913E+09   0.000    
    1640  0.6118      0.3730E-03 NODE        2042  -0.0%  0.2175E+08  0.2441E+13  0.7578E+07   0.000       0.000      0.1913E+09   0.000    
    1650  0.6155      0.3730E-03 NODE        2042  -0.0%  0.2197E+08  0.2441E+13  0.7752E+07   0.000       0.000      0.1913E+09   0.000    
    1660  0.6192      0.3730E-03 NODE        2042  -0.0%  0.2217E+08  0.2441E+13  0.7925E+07   0.000       0.000      0.1913E+09   0.000    
    1670  0.6230      0.3730E-03 NODE        2042  -0.0%  0.2237E+08  0.2441E+13  0.8097E+07   0.000       0.000      0.1913E+09   0.000    
    1680  0.6267      0.3730E-03 NODE        2042  -0.0%  0.2257E+08  0.2441E+13  0.8267E+07   0.000       0.000      0.1913E+09   0.000    
    1690  0.6304      0.3730E-03 NODE        2042  -0.0%  0.2276E+08  0.2441E+13  0.8436E+07   0.000       0.000      0.1913E+09   0.000    
    1700  0.6341      0.3730E-03 NODE        2042  -0.0%  0.2296E+08  0.2441E+13  0.8603E+07   0.000       0.000      0.1913E+09   0.000    
    1710  0.6379      0.3730E-03 NODE        2042  -0.0%  0.2317E+08  0.2441E+13  0.8769E+07   0.000       0.000      0.1913E+09   0.000    
    1720  0.6416      0.3730E-03 NODE        2042  -0.0%  0.2338E+08  0.2441E+13  0.8933E+07   0.000       0.000      0.1913E+09   0.000    
    1730  0.6453      0.3730E-03 NODE        2042  -0.0%  0.2362E+08  0.2441E+13  0.9098E+07   0.000       0.000      0.1913E+09   0.000    
    1740  0.6491      0.3730E-03 NODE        2042  -0.0%  0.2386E+08  0.2441E+13  0.9262E+07   0.000       0.000      0.1913E+09   0.000    
    1750  0.6528      0.3730E-03 NODE        2042  -0.0%  0.2411E+08  0.2441E+13  0.9427E+07   0.000       0.000      0.1913E+09   0.000    
    1760  0.6565      0.3730E-03 NODE        2042  -0.0%  0.2437E+08  0.2441E+13  0.9593E+07   0.000       0.000      0.1913E+09   0.000    
    1770  0.6603      0.3730E-03 NODE        2042  -0.0%  0.2462E+08  0.2441E+13  0.9759E+07   0.000       0.000      0.1913E+09   0.000    
    1780  0.6640      0.3730E-03 NODE        2042  -0.0%  0.2487E+08  0.2441E+13  0.9927E+07   0.000       0.000      0.1913E+09   0.000    
    1790  0.6677      0.3730E-03 NODE        2042  -0.0%  0.2512E+08  0.2441E+13  0.1010E+08   0.000       0.000      0.1913E+09   0.000    
    1800  0.6714      0.3730E-03 NODE        2042  -0.0%  0.2536E+08  0.2441E+13  0.1027E+08   0.000       0.000      0.1913E+09   0.000    
    1810  0.6752      0.3730E-03 NODE        2042  -0.0%  0.2559E+08  0.2441E+13  0.1044E+08   0.000       0.000      0.1913E+09   0.000    
    1820  0.6789      0.3730E-03 NODE        2042  -0.0%  0.2581E+08  0.2441E+13  0.1061E+08   0.000       0.000      0.1913E+09   0.000    
    1830  0.6826      0.3730E-03 NODE        2042  -0.0%  0.2602E+08  0.2441E+13  0.1078E+08   0.000       0.000      0.1913E+09   0.000    
    1840  0.6864      0.3730E-03 NODE        2042  -0.0%  0.2623E+08  0.2441E+13  0.1095E+08   0.000       0.000      0.1913E+09   0.000    
    1850  0.6901      0.3730E-03 NODE        2042  -0.0%  0.2642E+08  0.2441E+13  0.1113E+08   0.000       0.000      0.1913E+09   0.000    
    1860  0.6938      0.3730E-03 NODE        2042  -0.0%  0.2660E+08  0.2441E+13  0.1130E+08   0.000       0.000      0.1913E+09   0.000    
    1870  0.6976      0.3730E-03 NODE        2042  -0.0%  0.2678E+08  0.2441E+13  0.1148E+08   0.000       0.000      0.1913E+09   0.000    
    1880  0.7013      0.3730E-03 NODE        2042  -0.0%  0.2695E+08  0.2441E+13  0.1166E+08   0.000       0.000      0.1913E+09   0.000    
    1890  0.7050      0.3730E-03 NODE        2042  -0.0%  0.2711E+08  0.2441E+13  0.1183E+08   0.000       0.000      0.1913E+09   0.000    
    1900  0.7087      0.3730E-03 NODE        2042  -0.0%  0.2727E+08  0.2441E+13  0.1201E+08   0.000       0.000      0.1913E+09   0.000    
    1910  0.7125      0.3730E-03 NODE        2042  -0.0%  0.2743E+08  0.2441E+13  0.1219E+08   0.000       0.000      0.1913E+09   0.000    
    1920  0.7162      0.3730E-03 NODE        2042  -0.0%  0.2760E+08  0.2441E+13  0.1237E+08   0.000       0.000      0.1913E+09   0.000    
    1930  0.7199      0.3730E-03 NODE        2042  -0.0%  0.2777E+08  0.2441E+13  0.1255E+08   0.000       0.000      0.1913E+09   0.000    
    1940  0.7237      0.3730E-03 NODE        2042  -0.0%  0.2795E+08  0.2441E+13  0.1273E+08   0.000       0.000      0.1913E+09   0.000    
    1950  0.7274      0.3730E-03 NODE        2042  -0.0%  0.2814E+08  0.2441E+13  0.1292E+08   0.000       0.000      0.1913E+09   0.000    
    1960  0.7311      0.3730E-03 NODE        2042  -0.0%  0.2834E+08  0.2441E+13  0.1310E+08   0.000       0.000      0.1913E+09   0.000    
    1970  0.7349      0.3730E-03 NODE        2042  -0.0%  0.2855E+08  0.2441E+13  0.1329E+08   0.000       0.000      0.1913E+09   0.000    
    1980  0.7386      0.3730E-03 NODE        2042  -0.0%  0.2877E+08  0.2441E+13  0.1348E+08   0.000       0.000      0.1913E+09   0.000    
    1990  0.7423      0.3730E-03 NODE        2042  -0.0%  0.2898E+08  0.2441E+13  0.1367E+08   0.000       0.000      0.1913E+09   0.000    
   CYCLE    TIME      TIME-STEP  ELEMENT          ERROR  I-ENERGY    K-ENERGY T  K-ENERGY R  EXT-WORK     MAS.ERR     TOTAL MASS  MASS ADDED
    2000  0.7461      0.3730E-03 NODE        2042  -0.0%  0.2918E+08  0.2441E+13  0.1386E+08   0.000       0.000      0.1913E+09   0.000    
    2010  0.7498      0.3730E-03 NODE        2042  -0.0%  0.2938E+08  0.2441E+13  0.1406E+08   0.000       0.000      0.1913E+09   0.000    
    2020  0.7535      0.3730E-03 NODE        2042  -0.0%  0.2957E+08  0.2441E+13  0.1425E+08   0.000       0.000      0.1913E+09   0.000    
    2030  0.7572      0.3730E-03 NODE        2042  -0.0%  0.2975E+08  0.2441E+13  0.1444E+08   0.000       0.000      0.1913E+09   0.000    
    2040  0.7610      0.3730E-03 NODE        2042  -0.0%  0.2993E+08  0.2441E+13  0.1463E+08   0.000       0.000      0.1913E+09   0.000    
    2050  0.7647      0.3730E-03 NODE        2042  -0.0%  0.3009E+08  0.2441E+13  0.1482E+08   0.000       0.000      0.1913E+09   0.000    
    2060  0.7684      0.3730E-03 NODE        2042  -0.0%  0.3025E+08  0.2441E+13  0.1501E+08   0.000       0.000      0.1913E+09   0.000    
    2070  0.7722      0.3730E-03 NODE        2042  -0.0%  0.3040E+08  0.2441E+13  0.1519E+08   0.000       0.000      0.1913E+09   0.000    
    2080  0.7759      0.3730E-03 NODE        2042  -0.0%  0.3054E+08  0.2441E+13  0.1537E+08   0.000       0.000      0.1913E+09   0.000    
    2090  0.7796      0.3730E-03 NODE        2042  -0.0%  0.3068E+08  0.2441E+13  0.1554E+08   0.000       0.000      0.1913E+09   0.000    
    2100  0.7834      0.3730E-03 NODE        2042  -0.0%  0.3081E+08  0.2441E+13  0.1570E+08   0.000       0.000      0.1913E+09   0.000    
    2110  0.7871      0.3730E-03 NODE        2042  -0.0%  0.3094E+08  0.2441E+13  0.1586E+08   0.000       0.000      0.1913E+09   0.000    
    2120  0.7908      0.3730E-03 NODE        2042  -0.0%  0.3108E+08  0.2441E+13  0.1602E+08   0.000       0.000      0.1913E+09   0.000    
    2130  0.7945      0.3730E-03 NODE        2042  -0.0%  0.3121E+08  0.2441E+13  0.1616E+08   0.000       0.000      0.1913E+09   0.000    
    2140  0.7983      0.3730E-03 NODE        2042  -0.0%  0.3135E+08  0.2441E+13  0.1630E+08   0.000       0.000      0.1913E+09   0.000    
     ANIMATION FILE: A06_ZERO_DM_HALFA005 WRITTEN
    2150  0.8020      0.3730E-03 NODE        2042  -0.0%  0.3150E+08  0.2441E+13  0.1644E+08   0.000       0.000      0.1913E+09   0.000    
    2160  0.8057      0.3730E-03 NODE        2042  -0.0%  0.3165E+08  0.2441E+13  0.1657E+08   0.000       0.000      0.1913E+09   0.000    
    2170  0.8095      0.3730E-03 NODE        2042  -0.0%  0.3181E+08  0.2441E+13  0.1670E+08   0.000       0.000      0.1913E+09   0.000    
    2180  0.8132      0.3730E-03 NODE        2042  -0.0%  0.3198E+08  0.2441E+13  0.1682E+08   0.000       0.000      0.1913E+09   0.000    
    2190  0.8169      0.3730E-03 NODE        2042  -0.0%  0.3215E+08  0.2441E+13  0.1694E+08   0.000       0.000      0.1913E+09   0.000    
    2200  0.8207      0.3730E-03 NODE        2042  -0.0%  0.3232E+08  0.2441E+13  0.1705E+08   0.000       0.000      0.1913E+09   0.000    
    2210  0.8244      0.3730E-03 NODE        2042  -0.0%  0.3250E+08  0.2441E+13  0.1717E+08   0.000       0.000      0.1913E+09   0.000    
    2220  0.8281      0.3730E-03 NODE        2042  -0.0%  0.3267E+08  0.2441E+13  0.1728E+08   0.000       0.000      0.1913E+09   0.000    
    2230  0.8318      0.3730E-03 NODE        2042  -0.0%  0.3284E+08  0.2441E+13  0.1740E+08   0.000       0.000      0.1913E+09   0.000    
    2240  0.8356      0.3730E-03 NODE        2042  -0.0%  0.3300E+08  0.2441E+13  0.1751E+08   0.000       0.000      0.1913E+09   0.000    
    2250  0.8393      0.3730E-03 NODE        2042  -0.0%  0.3316E+08  0.2441E+13  0.1762E+08   0.000       0.000      0.1913E+09   0.000    
    2260  0.8430      0.3730E-03 NODE        2042  -0.0%  0.3331E+08  0.2441E+13  0.1773E+08   0.000       0.000      0.1913E+09   0.000    
    2270  0.8468      0.3730E-03 NODE        2042  -0.0%  0.3345E+08  0.2441E+13  0.1784E+08   0.000       0.000      0.1913E+09   0.000    
    2280  0.8505      0.3730E-03 NODE        2042  -0.0%  0.3359E+08  0.2441E+13  0.1795E+08   0.000       0.000      0.1913E+09   0.000    
    2290  0.8542      0.3730E-03 NODE        2042  -0.0%  0.3372E+08  0.2441E+13  0.1806E+08   0.000       0.000      0.1913E+09   0.000    
    2300  0.8580      0.3730E-03 NODE        2042  -0.0%  0.3384E+08  0.2441E+13  0.1817E+08   0.000       0.000      0.1913E+09   0.000    
    2310  0.8617      0.3730E-03 NODE        2042  -0.0%  0.3396E+08  0.2441E+13  0.1828E+08   0.000       0.000      0.1913E+09   0.000    
    2320  0.8654      0.3730E-03 NODE        2042  -0.0%  0.3408E+08  0.2441E+13  0.1838E+08   0.000       0.000      0.1913E+09   0.000    
    2330  0.8692      0.3730E-03 NODE        2042  -0.0%  0.3419E+08  0.2441E+13  0.1848E+08   0.000       0.000      0.1913E+09   0.000    
    2340  0.8729      0.3730E-03 NODE        2042  -0.0%  0.3430E+08  0.2441E+13  0.1859E+08   0.000       0.000      0.1913E+09   0.000    
    2350  0.8766      0.3730E-03 NODE        2042  -0.0%  0.3441E+08  0.2441E+13  0.1868E+08   0.000       0.000      0.1913E+09   0.000    
    2360  0.8803      0.3730E-03 NODE        2042  -0.0%  0.3452E+08  0.2441E+13  0.1878E+08   0.000       0.000      0.1913E+09   0.000    
    2370  0.8841      0.3730E-03 NODE        2042  -0.0%  0.3464E+08  0.2441E+13  0.1888E+08   0.000       0.000      0.1913E+09   0.000    
    2380  0.8878      0.3730E-03 NODE        2042  -0.0%  0.3476E+08  0.2441E+13  0.1897E+08   0.000       0.000      0.1913E+09   0.000    
    2390  0.8915      0.3730E-03 NODE        2042  -0.0%  0.3488E+08  0.2441E+13  0.1906E+08   0.000       0.000      0.1913E+09   0.000    
    2400  0.8953      0.3730E-03 NODE        2042  -0.0%  0.3501E+08  0.2441E+13  0.1915E+08   0.000       0.000      0.1913E+09   0.000    
    2410  0.8990      0.3730E-03 NODE        2042  -0.0%  0.3515E+08  0.2441E+13  0.1924E+08   0.000       0.000      0.1913E+09   0.000    
    2420  0.9027      0.3730E-03 NODE        2042  -0.0%  0.3530E+08  0.2441E+13  0.1933E+08   0.000       0.000      0.1913E+09   0.000    
    2430  0.9065      0.3730E-03 NODE        2042  -0.0%  0.3546E+08  0.2441E+13  0.1942E+08   0.000       0.000      0.1913E+09   0.000    
    2440  0.9102      0.3730E-03 NODE        2042  -0.0%  0.3562E+08  0.2441E+13  0.1950E+08   0.000       0.000      0.1913E+09   0.000    
    2450  0.9139      0.3730E-03 NODE        2042  -0.0%  0.3579E+08  0.2441E+13  0.1959E+08   0.000       0.000      0.1913E+09   0.000    
    2460  0.9176      0.3730E-03 NODE        2042  -0.0%  0.3597E+08  0.2441E+13  0.1968E+08   0.000       0.000      0.1913E+09   0.000    
    2470  0.9214      0.3730E-03 NODE        2042  -0.0%  0.3614E+08  0.2441E+13  0.1977E+08   0.000       0.000      0.1913E+09   0.000    
    2480  0.9251      0.3730E-03 NODE        2042  -0.0%  0.3632E+08  0.2441E+13  0.1985E+08   0.000       0.000      0.1913E+09   0.000    
    2490  0.9288      0.3730E-03 NODE        2042  -0.0%  0.3650E+08  0.2441E+13  0.1994E+08   0.000       0.000      0.1913E+09   0.000    
    2500  0.9326      0.3730E-03 NODE        2042  -0.0%  0.3668E+08  0.2441E+13  0.2003E+08   0.000       0.000      0.1913E+09   0.000    
    2510  0.9363      0.3730E-03 NODE        2042  -0.0%  0.3686E+08  0.2441E+13  0.2011E+08   0.000       0.000      0.1913E+09   0.000    
    2520  0.9400      0.3730E-03 NODE        2042  -0.0%  0.3704E+08  0.2441E+13  0.2020E+08   0.000       0.000      0.1913E+09   0.000    
    2530  0.9438      0.3730E-03 NODE        2042  -0.0%  0.3721E+08  0.2441E+13  0.2029E+08   0.000       0.000      0.1913E+09   0.000    
    2540  0.9475      0.3730E-03 NODE        2042  -0.0%  0.3738E+08  0.2441E+13  0.2037E+08   0.000       0.000      0.1913E+09   0.000    
    2550  0.9512      0.3730E-03 NODE        2042  -0.0%  0.3755E+08  0.2441E+13  0.2045E+08   0.000       0.000      0.1913E+09   0.000    
    2560  0.9549      0.3730E-03 NODE        2042  -0.0%  0.3772E+08  0.2441E+13  0.2053E+08   0.000       0.000      0.1913E+09   0.000    
    2570  0.9587      0.3730E-03 NODE        2042  -0.0%  0.3788E+08  0.2441E+13  0.2061E+08   0.000       0.000      0.1913E+09   0.000    
    2580  0.9624      0.3730E-03 NODE        2042  -0.0%  0.3805E+08  0.2441E+13  0.2069E+08   0.000       0.000      0.1913E+09   0.000    
    2590  0.9661      0.3730E-03 NODE        2042  -0.0%  0.3821E+08  0.2441E+13  0.2076E+08   0.000       0.000      0.1913E+09   0.000    
    2600  0.9699      0.3730E-03 NODE        2042  -0.0%  0.3838E+08  0.2441E+13  0.2083E+08   0.000       0.000      0.1913E+09   0.000    
    2610  0.9736      0.3730E-03 NODE        2042  -0.0%  0.3855E+08  0.2441E+13  0.2089E+08   0.000       0.000      0.1913E+09   0.000    
    2620  0.9773      0.3730E-03 NODE        2042  -0.0%  0.3872E+08  0.2441E+13  0.2095E+08   0.000       0.000      0.1913E+09   0.000    
    2630  0.9811      0.3730E-03 NODE        2042  -0.0%  0.3890E+08  0.2441E+13  0.2101E+08   0.000       0.000      0.1913E+09   0.000    
    2640  0.9848      0.3730E-03 NODE        2042  -0.0%  0.3908E+08  0.2441E+13  0.2107E+08   0.000       0.000      0.1913E+09   0.000    
    2650  0.9885      0.3730E-03 NODE        2042  -0.0%  0.3927E+08  0.2441E+13  0.2112E+08   0.000       0.000      0.1913E+09   0.000    
    2660  0.9922      0.3730E-03 NODE        2042  -0.0%  0.3947E+08  0.2441E+13  0.2116E+08   0.000       0.000      0.1913E+09   0.000    
    2670  0.9960      0.3730E-03 NODE        2042  -0.0%  0.3967E+08  0.2441E+13  0.2120E+08   0.000       0.000      0.1913E+09   0.000    
    2680  0.9997      0.3730E-03 NODE        2042  -0.0%  0.3989E+08  0.2441E+13  0.2124E+08   0.000       0.000      0.1913E+09   0.000    
     ANIMATION FILE: A06_ZERO_DM_HALFA006 WRITTEN
    2690   1.003      0.3730E-03 NODE        2042  -0.0%  0.4011E+08  0.2441E+13  0.2128E+08   0.000       0.000      0.1913E+09   0.000    
    2700   1.007      0.3730E-03 NODE        2042  -0.0%  0.4035E+08  0.2441E+13  0.2131E+08   0.000       0.000      0.1913E+09   0.000    
    2710   1.011      0.3730E-03 NODE        2042  -0.0%  0.4059E+08  0.2441E+13  0.2134E+08   0.000       0.000      0.1913E+09   0.000    
    2720   1.015      0.3730E-03 NODE        2042  -0.0%  0.4083E+08  0.2441E+13  0.2136E+08   0.000       0.000      0.1913E+09   0.000    
    2730   1.018      0.3730E-03 NODE        2042  -0.0%  0.4109E+08  0.2441E+13  0.2138E+08   0.000       0.000      0.1913E+09   0.000    
    2740   1.022      0.3730E-03 NODE        2042  -0.0%  0.4135E+08  0.2441E+13  0.2140E+08   0.000       0.000      0.1913E+09   0.000    
    2750   1.026      0.3730E-03 NODE        2042  -0.0%  0.4161E+08  0.2441E+13  0.2142E+08   0.000       0.000      0.1913E+09   0.000    
    2760   1.030      0.3730E-03 NODE        2042  -0.0%  0.4187E+08  0.2441E+13  0.2144E+08   0.000       0.000      0.1913E+09   0.000    
    2770   1.033      0.3730E-03 NODE        2042  -0.0%  0.4214E+08  0.2441E+13  0.2145E+08   0.000       0.000      0.1913E+09   0.000    
    2780   1.037      0.3730E-03 NODE        2042  -0.0%  0.4241E+08  0.2441E+13  0.2146E+08   0.000       0.000      0.1913E+09   0.000    
    2790   1.041      0.3730E-03 NODE        2042  -0.0%  0.4267E+08  0.2441E+13  0.2147E+08   0.000       0.000      0.1913E+09   0.000    
    2800   1.044      0.3730E-03 NODE        2042  -0.0%  0.4294E+08  0.2441E+13  0.2148E+08   0.000       0.000      0.1913E+09   0.000    
    2810   1.048      0.3730E-03 NODE        2042  -0.0%  0.4321E+08  0.2441E+13  0.2149E+08   0.000       0.000      0.1913E+09   0.000    
    2820   1.052      0.3730E-03 NODE        2042  -0.0%  0.4348E+08  0.2441E+13  0.2150E+08   0.000       0.000      0.1913E+09   0.000    
    2830   1.056      0.3730E-03 NODE        2042  -0.0%  0.4375E+08  0.2441E+13  0.2151E+08   0.000       0.000      0.1913E+09   0.000    
    2840   1.059      0.3730E-03 NODE        2042  -0.0%  0.4402E+08  0.2441E+13  0.2151E+08   0.000       0.000      0.1913E+09   0.000    
    2850   1.063      0.3730E-03 NODE        2042  -0.0%  0.4429E+08  0.2441E+13  0.2152E+08   0.000       0.000      0.1913E+09   0.000    
    2860   1.067      0.3730E-03 NODE        2042  -0.0%  0.4456E+08  0.2441E+13  0.2152E+08   0.000       0.000      0.1913E+09   0.000    
    2870   1.071      0.3730E-03 NODE        2042  -0.0%  0.4483E+08  0.2441E+13  0.2152E+08   0.000       0.000      0.1913E+09   0.000    
    2880   1.074      0.3730E-03 NODE        2042  -0.0%  0.4510E+08  0.2441E+13  0.2152E+08   0.000       0.000      0.1913E+09   0.000    
    2890   1.078      0.3730E-03 NODE        2042  -0.0%  0.4538E+08  0.2441E+13  0.2152E+08   0.000       0.000      0.1913E+09   0.000    
    2900   1.082      0.3730E-03 NODE        2042  -0.0%  0.4565E+08  0.2441E+13  0.2151E+08   0.000       0.000      0.1913E+09   0.000    
    2910   1.086      0.3730E-03 NODE        2042  -0.0%  0.4594E+08  0.2441E+13  0.2151E+08   0.000       0.000      0.1913E+09   0.000    
    2920   1.089      0.3730E-03 NODE        2042  -0.0%  0.4622E+08  0.2441E+13  0.2150E+08   0.000       0.000      0.1913E+09   0.000    
    2930   1.093      0.3730E-03 NODE        2042  -0.0%  0.4652E+08  0.2441E+13  0.2149E+08   0.000       0.000      0.1913E+09   0.000    
    2940   1.097      0.3730E-03 NODE        2042  -0.0%  0.4681E+08  0.2441E+13  0.2148E+08   0.000       0.000      0.1913E+09   0.000    
    2950   1.100      0.3730E-03 NODE        2042  -0.0%  0.4712E+08  0.2441E+13  0.2146E+08   0.000       0.000      0.1913E+09   0.000    
    2960   1.104      0.3730E-03 NODE        2042  -0.0%  0.4743E+08  0.2441E+13  0.2145E+08   0.000       0.000      0.1913E+09   0.000    
    2970   1.108      0.3730E-03 NODE        2042  -0.0%  0.4774E+08  0.2441E+13  0.2143E+08   0.000       0.000      0.1913E+09   0.000    
    2980   1.112      0.3730E-03 NODE        2042  -0.0%  0.4807E+08  0.2441E+13  0.2142E+08   0.000       0.000      0.1913E+09   0.000    
    2990   1.115      0.3730E-03 NODE        2042  -0.0%  0.4840E+08  0.2441E+13  0.2140E+08   0.000       0.000      0.1913E+09   0.000    
   CYCLE    TIME      TIME-STEP  ELEMENT          ERROR  I-ENERGY    K-ENERGY T  K-ENERGY R  EXT-WORK     MAS.ERR     TOTAL MASS  MASS ADDED
    3000   1.119      0.3730E-03 NODE        2042  -0.0%  0.4873E+08  0.2441E+13  0.2138E+08   0.000       0.000      0.1913E+09   0.000    
    3010   1.123      0.3730E-03 NODE        2042  -0.0%  0.4907E+08  0.2441E+13  0.2136E+08   0.000       0.000      0.1913E+09   0.000    
    3020   1.127      0.3730E-03 NODE        2042  -0.0%  0.4942E+08  0.2441E+13  0.2135E+08   0.000       0.000      0.1913E+09   0.000    
    3030   1.130      0.3730E-03 NODE        2042  -0.0%  0.4978E+08  0.2441E+13  0.2133E+08   0.000       0.000      0.1913E+09   0.000    
    3040   1.134      0.3730E-03 NODE        2042  -0.0%  0.5013E+08  0.2441E+13  0.2132E+08   0.000       0.000      0.1913E+09   0.000    
    3050   1.138      0.3730E-03 NODE        2042  -0.0%  0.5049E+08  0.2441E+13  0.2130E+08   0.000       0.000      0.1913E+09   0.000    
    3060   1.141      0.3730E-03 NODE        2042  -0.0%  0.5086E+08  0.2441E+13  0.2129E+08   0.000       0.000      0.1913E+09   0.000    
    3070   1.145      0.3730E-03 NODE        2042  -0.0%  0.5123E+08  0.2441E+13  0.2128E+08   0.000       0.000      0.1913E+09   0.000    
    3080   1.149      0.3730E-03 NODE        2042  -0.0%  0.5160E+08  0.2441E+13  0.2127E+08   0.000       0.000      0.1913E+09   0.000    
    3090   1.153      0.3730E-03 NODE        2042  -0.0%  0.5197E+08  0.2441E+13  0.2126E+08   0.000       0.000      0.1913E+09   0.000    
    3100   1.156      0.3730E-03 NODE        2042  -0.0%  0.5235E+08  0.2441E+13  0.2125E+08   0.000       0.000      0.1913E+09   0.000    
    3110   1.160      0.3730E-03 NODE        2042  -0.0%  0.5273E+08  0.2441E+13  0.2124E+08   0.000       0.000      0.1913E+09   0.000    
    3120   1.164      0.3730E-03 NODE        2042  -0.0%  0.5311E+08  0.2441E+13  0.2124E+08   0.000       0.000      0.1913E+09   0.000    
    3130   1.168      0.3730E-03 NODE        2042  -0.0%  0.5349E+08  0.2441E+13  0.2123E+08   0.000       0.000      0.1913E+09   0.000    
    3140   1.171      0.3730E-03 NODE        2042  -0.0%  0.5387E+08  0.2441E+13  0.2122E+08   0.000       0.000      0.1913E+09   0.000    
    3150   1.175      0.3730E-03 NODE        2042  -0.0%  0.5425E+08  0.2441E+13  0.2121E+08   0.000       0.000      0.1913E+09   0.000    
    3160   1.179      0.3730E-03 NODE        2042  -0.0%  0.5463E+08  0.2441E+13  0.2121E+08   0.000       0.000      0.1913E+09   0.000    
    3170   1.182      0.3730E-03 NODE        2042  -0.0%  0.5501E+08  0.2441E+13  0.2120E+08   0.000       0.000      0.1913E+09   0.000    
    3180   1.186      0.3730E-03 NODE        2042  -0.0%  0.5539E+08  0.2441E+13  0.2119E+08   0.000       0.000      0.1913E+09   0.000    
    3190   1.190      0.3730E-03 NODE        2042  -0.0%  0.5577E+08  0.2441E+13  0.2118E+08   0.000       0.000      0.1913E+09   0.000    
    3200   1.194      0.3730E-03 NODE        2042  -0.0%  0.5615E+08  0.2441E+13  0.2116E+08   0.000       0.000      0.1913E+09   0.000    
    3210   1.197      0.3730E-03 NODE        2042  -0.0%  0.5654E+08  0.2441E+13  0.2115E+08   0.000       0.000      0.1913E+09   0.000    
     ANIMATION FILE: A06_ZERO_DM_HALFA007 WRITTEN
    3220   1.201      0.3730E-03 NODE        2042  -0.0%  0.5692E+08  0.2441E+13  0.2113E+08   0.000       0.000      0.1913E+09   0.000    
    3230   1.205      0.3730E-03 NODE        2042  -0.0%  0.5730E+08  0.2441E+13  0.2111E+08   0.000       0.000      0.1913E+09   0.000    
    3240   1.209      0.3730E-03 NODE        2042  -0.0%  0.5769E+08  0.2441E+13  0.2109E+08   0.000       0.000      0.1913E+09   0.000    
    3250   1.212      0.3730E-03 NODE        2042  -0.0%  0.5807E+08  0.2441E+13  0.2106E+08   0.000       0.000      0.1913E+09   0.000    
    3260   1.216      0.3730E-03 NODE        2042  -0.0%  0.5846E+08  0.2441E+13  0.2103E+08   0.000       0.000      0.1913E+09   0.000    
    3270   1.220      0.3730E-03 NODE        2042  -0.0%  0.5885E+08  0.2441E+13  0.2100E+08   0.000       0.000      0.1913E+09   0.000    
    3280   1.224      0.3730E-03 NODE        2042  -0.0%  0.5924E+08  0.2441E+13  0.2096E+08   0.000       0.000      0.1913E+09   0.000    
    3290   1.227      0.3730E-03 NODE        2042  -0.0%  0.5964E+08  0.2441E+13  0.2092E+08   0.000       0.000      0.1913E+09   0.000    
    3300   1.231      0.3730E-03 NODE        2042  -0.0%  0.6004E+08  0.2441E+13  0.2087E+08   0.000       0.000      0.1913E+09   0.000    
    3310   1.235      0.3730E-03 NODE        2042  -0.0%  0.6044E+08  0.2441E+13  0.2082E+08   0.000       0.000      0.1913E+09   0.000    
    3320   1.238      0.3730E-03 NODE        2042  -0.0%  0.6084E+08  0.2441E+13  0.2077E+08   0.000       0.000      0.1913E+09   0.000    
    3330   1.242      0.3730E-03 NODE        2042  -0.0%  0.6125E+08  0.2441E+13  0.2071E+08   0.000       0.000      0.1913E+09   0.000    
    3340   1.246      0.3730E-03 NODE        2042  -0.0%  0.6166E+08  0.2441E+13  0.2065E+08   0.000       0.000      0.1913E+09   0.000    
    3350   1.250      0.3730E-03 NODE        2042  -0.0%  0.6207E+08  0.2441E+13  0.2058E+08   0.000       0.000      0.1913E+09   0.000    
    3360   1.253      0.3730E-03 NODE        2042  -0.0%  0.6249E+08  0.2441E+13  0.2051E+08   0.000       0.000      0.1913E+09   0.000    
    3370   1.257      0.3730E-03 NODE        2042  -0.0%  0.6291E+08  0.2441E+13  0.2044E+08   0.000       0.000      0.1913E+09   0.000    
    3380   1.261      0.3730E-03 NODE        2042  -0.0%  0.6332E+08  0.2441E+13  0.2037E+08   0.000       0.000      0.1913E+09   0.000    
    3390   1.265      0.3730E-03 NODE        2042  -0.0%  0.6374E+08  0.2441E+13  0.2030E+08   0.000       0.000      0.1913E+09   0.000    
    3400   1.268      0.3730E-03 NODE        2042  -0.0%  0.6416E+08  0.2441E+13  0.2023E+08   0.000       0.000      0.1913E+09   0.000    
    3410   1.272      0.3730E-03 NODE        2042  -0.0%  0.6458E+08  0.2441E+13  0.2015E+08   0.000       0.000      0.1913E+09   0.000    
    3420   1.276      0.3730E-03 NODE        2042  -0.0%  0.6500E+08  0.2441E+13  0.2008E+08   0.000       0.000      0.1913E+09   0.000    
    3430   1.279      0.3730E-03 NODE        2042  -0.0%  0.6541E+08  0.2441E+13  0.2001E+08   0.000       0.000      0.1913E+09   0.000    
    3440   1.283      0.3730E-03 NODE        2042  -0.0%  0.6583E+08  0.2441E+13  0.1993E+08   0.000       0.000      0.1913E+09   0.000    
    3450   1.287      0.3730E-03 NODE        2042  -0.0%  0.6625E+08  0.2441E+13  0.1986E+08   0.000       0.000      0.1913E+09   0.000    
    3460   1.291      0.3730E-03 NODE        2042  -0.0%  0.6666E+08  0.2441E+13  0.1979E+08   0.000       0.000      0.1913E+09   0.000    
    3470   1.294      0.3730E-03 NODE        2042  -0.0%  0.6707E+08  0.2441E+13  0.1973E+08   0.000       0.000      0.1913E+09   0.000    
    3480   1.298      0.3730E-03 NODE        2042  -0.0%  0.6748E+08  0.2441E+13  0.1966E+08   0.000       0.000      0.1913E+09   0.000    
    3490   1.302      0.3730E-03 NODE        2042  -0.0%  0.6789E+08  0.2441E+13  0.1959E+08   0.000       0.000      0.1913E+09   0.000    
    3500   1.306      0.3730E-03 NODE        2042  -0.0%  0.6830E+08  0.2441E+13  0.1953E+08   0.000       0.000      0.1913E+09   0.000    
    3510   1.309      0.3730E-03 NODE        2042  -0.0%  0.6871E+08  0.2441E+13  0.1947E+08   0.000       0.000      0.1913E+09   0.000    
    3520   1.313      0.3730E-03 NODE        2042  -0.0%  0.6912E+08  0.2441E+13  0.1940E+08   0.000       0.000      0.1913E+09   0.000    
    3530   1.317      0.3730E-03 NODE        2042  -0.0%  0.6953E+08  0.2441E+13  0.1934E+08   0.000       0.000      0.1913E+09   0.000    
    3540   1.321      0.3730E-03 NODE        2042  -0.0%  0.6993E+08  0.2441E+13  0.1927E+08   0.000       0.000      0.1913E+09   0.000    
    3550   1.324      0.3730E-03 NODE        2042  -0.0%  0.7034E+08  0.2441E+13  0.1921E+08   0.000       0.000      0.1913E+09   0.000    
    3560   1.328      0.3730E-03 NODE        2042  -0.0%  0.7074E+08  0.2441E+13  0.1915E+08   0.000       0.000      0.1913E+09   0.000    
    3570   1.332      0.3730E-03 NODE        2042  -0.0%  0.7115E+08  0.2441E+13  0.1908E+08   0.000       0.000      0.1913E+09   0.000    
    3580   1.335      0.3730E-03 NODE        2042  -0.0%  0.7155E+08  0.2441E+13  0.1902E+08   0.000       0.000      0.1913E+09   0.000    
    3590   1.339      0.3730E-03 NODE        2042  -0.0%  0.7195E+08  0.2441E+13  0.1895E+08   0.000       0.000      0.1913E+09   0.000    
    3600   1.343      0.3730E-03 NODE        2042  -0.0%  0.7235E+08  0.2441E+13  0.1888E+08   0.000       0.000      0.1913E+09   0.000    
    3610   1.347      0.3730E-03 NODE        2042  -0.0%  0.7275E+08  0.2441E+13  0.1881E+08   0.000       0.000      0.1913E+09   0.000    
    3620   1.350      0.3730E-03 NODE        2042  -0.0%  0.7315E+08  0.2441E+13  0.1874E+08   0.000       0.000      0.1913E+09   0.000    
    3630   1.354      0.3730E-03 NODE        2042  -0.0%  0.7355E+08  0.2441E+13  0.1867E+08   0.000       0.000      0.1913E+09   0.000    
    3640   1.358      0.3730E-03 NODE        2042  -0.0%  0.7394E+08  0.2441E+13  0.1859E+08   0.000       0.000      0.1913E+09   0.000    
    3650   1.362      0.3730E-03 NODE        2042  -0.0%  0.7434E+08  0.2441E+13  0.1852E+08   0.000       0.000      0.1913E+09   0.000    
    3660   1.365      0.3730E-03 NODE        2042  -0.0%  0.7473E+08  0.2441E+13  0.1844E+08   0.000       0.000      0.1913E+09   0.000    
    3670   1.369      0.3730E-03 NODE        2042  -0.0%  0.7512E+08  0.2441E+13  0.1836E+08   0.000       0.000      0.1913E+09   0.000    
    3680   1.373      0.3730E-03 NODE        2042  -0.0%  0.7551E+08  0.2441E+13  0.1828E+08   0.000       0.000      0.1913E+09   0.000    
    3690   1.376      0.3730E-03 NODE        2042  -0.0%  0.7589E+08  0.2441E+13  0.1820E+08   0.000       0.000      0.1913E+09   0.000    
    3700   1.380      0.3730E-03 NODE        2042  -0.0%  0.7627E+08  0.2441E+13  0.1811E+08   0.000       0.000      0.1913E+09   0.000    
    3710   1.384      0.3730E-03 NODE        2042  -0.0%  0.7666E+08  0.2441E+13  0.1803E+08   0.000       0.000      0.1913E+09   0.000    
    3720   1.388      0.3730E-03 NODE        2042  -0.0%  0.7703E+08  0.2441E+13  0.1794E+08   0.000       0.000      0.1913E+09   0.000    
    3730   1.391      0.3730E-03 NODE        2042  -0.0%  0.7741E+08  0.2441E+13  0.1785E+08   0.000       0.000      0.1913E+09   0.000    
    3740   1.395      0.3730E-03 NODE        2042  -0.0%  0.7778E+08  0.2441E+13  0.1776E+08   0.000       0.000      0.1913E+09   0.000    
    3750   1.399      0.3730E-03 NODE        2042  -0.0%  0.7815E+08  0.2441E+13  0.1766E+08   0.000       0.000      0.1913E+09   0.000    
     ANIMATION FILE: A06_ZERO_DM_HALFA008 WRITTEN
    3760   1.403      0.3730E-03 NODE        2042  -0.0%  0.7852E+08  0.2441E+13  0.1757E+08   0.000       0.000      0.1913E+09   0.000    
    3770   1.406      0.3730E-03 NODE        2042  -0.0%  0.7888E+08  0.2441E+13  0.1747E+08   0.000       0.000      0.1913E+09   0.000    
    3780   1.410      0.3730E-03 NODE        2042  -0.0%  0.7925E+08  0.2441E+13  0.1737E+08   0.000       0.000      0.1913E+09   0.000    
    3790   1.414      0.3730E-03 NODE        2042  -0.0%  0.7960E+08  0.2441E+13  0.1728E+08   0.000       0.000      0.1913E+09   0.000    
    3800   1.417      0.3730E-03 NODE        2042  -0.0%  0.7996E+08  0.2441E+13  0.1718E+08   0.000       0.000      0.1913E+09   0.000    
    3810   1.421      0.3730E-03 NODE        2042  -0.0%  0.8031E+08  0.2441E+13  0.1708E+08   0.000       0.000      0.1913E+09   0.000    
    3820   1.425      0.3730E-03 NODE        2042  -0.0%  0.8065E+08  0.2441E+13  0.1697E+08   0.000       0.000      0.1913E+09   0.000    
    3830   1.429      0.3730E-03 NODE        2042  -0.0%  0.8100E+08  0.2441E+13  0.1687E+08   0.000       0.000      0.1913E+09   0.000    
    3840   1.432      0.3730E-03 NODE        2042  -0.0%  0.8134E+08  0.2441E+13  0.1677E+08   0.000       0.000      0.1913E+09   0.000    
    3850   1.436      0.3730E-03 NODE        2042  -0.0%  0.8167E+08  0.2441E+13  0.1666E+08   0.000       0.000      0.1913E+09   0.000    
    3860   1.440      0.3730E-03 NODE        2042  -0.0%  0.8201E+08  0.2441E+13  0.1656E+08   0.000       0.000      0.1913E+09   0.000    
    3870   1.444      0.3730E-03 NODE        2042  -0.0%  0.8234E+08  0.2441E+13  0.1645E+08   0.000       0.000      0.1913E+09   0.000    
    3880   1.447      0.3730E-03 NODE        2042  -0.0%  0.8267E+08  0.2441E+13  0.1635E+08   0.000       0.000      0.1913E+09   0.000    
    3890   1.451      0.3730E-03 NODE        2042  -0.0%  0.8299E+08  0.2441E+13  0.1624E+08   0.000       0.000      0.1913E+09   0.000    
    3900   1.455      0.3730E-03 NODE        2042  -0.0%  0.8331E+08  0.2441E+13  0.1614E+08   0.000       0.000      0.1913E+09   0.000    
    3910   1.459      0.3730E-03 NODE        2042  -0.0%  0.8363E+08  0.2441E+13  0.1603E+08   0.000       0.000      0.1913E+09   0.000    
    3920   1.462      0.3730E-03 NODE        2042  -0.0%  0.8395E+08  0.2441E+13  0.1592E+08   0.000       0.000      0.1913E+09   0.000    
    3930   1.466      0.3730E-03 NODE        2042  -0.0%  0.8426E+08  0.2441E+13  0.1582E+08   0.000       0.000      0.1913E+09   0.000    
    3940   1.470      0.3730E-03 NODE        2042  -0.0%  0.8457E+08  0.2441E+13  0.1571E+08   0.000       0.000      0.1913E+09   0.000    
    3950   1.473      0.3730E-03 NODE        2042  -0.0%  0.8488E+08  0.2441E+13  0.1561E+08   0.000       0.000      0.1913E+09   0.000    
    3960   1.477      0.3730E-03 NODE        2042  -0.0%  0.8519E+08  0.2441E+13  0.1551E+08   0.000       0.000      0.1913E+09   0.000    
    3970   1.481      0.3730E-03 NODE        2042  -0.0%  0.8549E+08  0.2441E+13  0.1541E+08   0.000       0.000      0.1913E+09   0.000    
    3980   1.485      0.3730E-03 NODE        2042  -0.0%  0.8579E+08  0.2441E+13  0.1531E+08   0.000       0.000      0.1913E+09   0.000    
    3990   1.488      0.3730E-03 NODE        2042  -0.0%  0.8608E+08  0.2441E+13  0.1521E+08   0.000       0.000      0.1913E+09   0.000    
   CYCLE    TIME      TIME-STEP  ELEMENT          ERROR  I-ENERGY    K-ENERGY T  K-ENERGY R  EXT-WORK     MAS.ERR     TOTAL MASS  MASS ADDED
    4000   1.492      0.3730E-03 NODE        2042  -0.0%  0.8637E+08  0.2441E+13  0.1512E+08   0.000       0.000      0.1913E+09   0.000    
    4010   1.496      0.3730E-03 NODE        2042  -0.0%  0.8665E+08  0.2441E+13  0.1503E+08   0.000       0.000      0.1913E+09   0.000    
    4020   1.500      0.3730E-03 NODE        2042  -0.0%  0.8693E+08  0.2441E+13  0.1494E+08   0.000       0.000      0.1913E+09   0.000    
    4030   1.503      0.3730E-03 NODE        2042  -0.0%  0.8721E+08  0.2441E+13  0.1485E+08   0.000       0.000      0.1913E+09   0.000    
    4040   1.507      0.3730E-03 NODE        2042  -0.0%  0.8748E+08  0.2441E+13  0.1476E+08   0.000       0.000      0.1913E+09   0.000    
    4050   1.511      0.3730E-03 NODE        2042  -0.0%  0.8774E+08  0.2441E+13  0.1468E+08   0.000       0.000      0.1913E+09   0.000    
    4060   1.514      0.3730E-03 NODE        2042  -0.0%  0.8800E+08  0.2441E+13  0.1460E+08   0.000       0.000      0.1913E+09   0.000    
    4070   1.518      0.3730E-03 NODE        2042  -0.0%  0.8826E+08  0.2441E+13  0.1452E+08   0.000       0.000      0.1913E+09   0.000    
    4080   1.522      0.3730E-03 NODE        2042  -0.0%  0.8850E+08  0.2441E+13  0.1444E+08   0.000       0.000      0.1913E+09   0.000    
    4090   1.526      0.3730E-03 NODE        2042  -0.0%  0.8874E+08  0.2441E+13  0.1436E+08   0.000       0.000      0.1913E+09   0.000    
    4100   1.529      0.3730E-03 NODE        2042  -0.0%  0.8898E+08  0.2441E+13  0.1428E+08   0.000       0.000      0.1913E+09   0.000    
    4110   1.533      0.3730E-03 NODE        2042  -0.0%  0.8921E+08  0.2441E+13  0.1421E+08   0.000       0.000      0.1913E+09   0.000    
    4120   1.537      0.3730E-03 NODE        2042  -0.0%  0.8944E+08  0.2441E+13  0.1413E+08   0.000       0.000      0.1913E+09   0.000    
    4130   1.541      0.3730E-03 NODE        2042  -0.0%  0.8966E+08  0.2441E+13  0.1406E+08   0.000       0.000      0.1913E+09   0.000    
    4140   1.544      0.3730E-03 NODE        2042  -0.0%  0.8987E+08  0.2441E+13  0.1398E+08   0.000       0.000      0.1913E+09   0.000    
    4150   1.548      0.3730E-03 NODE        2042  -0.0%  0.9008E+08  0.2441E+13  0.1391E+08   0.000       0.000      0.1913E+09   0.000    
    4160   1.552      0.3730E-03 NODE        2042  -0.0%  0.9029E+08  0.2441E+13  0.1383E+08   0.000       0.000      0.1913E+09   0.000    
    4170   1.556      0.3730E-03 NODE        2042  -0.0%  0.9049E+08  0.2441E+13  0.1375E+08   0.000       0.000      0.1913E+09   0.000    
    4180   1.559      0.3730E-03 NODE        2042  -0.0%  0.9068E+08  0.2441E+13  0.1368E+08   0.000       0.000      0.1913E+09   0.000    
    4190   1.563      0.3730E-03 NODE        2042  -0.0%  0.9087E+08  0.2441E+13  0.1360E+08   0.000       0.000      0.1913E+09   0.000    
    4200   1.567      0.3730E-03 NODE        2042  -0.0%  0.9106E+08  0.2441E+13  0.1353E+08   0.000       0.000      0.1913E+09   0.000    
    4210   1.570      0.3730E-03 NODE        2042  -0.0%  0.9124E+08  0.2441E+13  0.1345E+08   0.000       0.000      0.1913E+09   0.000    
    4220   1.574      0.3730E-03 NODE        2042  -0.0%  0.9142E+08  0.2441E+13  0.1338E+08   0.000       0.000      0.1913E+09   0.000    
    4230   1.578      0.3730E-03 NODE        2042  -0.0%  0.9160E+08  0.2441E+13  0.1330E+08   0.000       0.000      0.1913E+09   0.000    
    4240   1.582      0.3730E-03 NODE        2042  -0.0%  0.9177E+08  0.2441E+13  0.1323E+08   0.000       0.000      0.1913E+09   0.000    
    4250   1.585      0.3730E-03 NODE        2042  -0.0%  0.9194E+08  0.2441E+13  0.1316E+08   0.000       0.000      0.1913E+09   0.000    
    4260   1.589      0.3730E-03 NODE        2042  -0.0%  0.9210E+08  0.2441E+13  0.1309E+08   0.000       0.000      0.1913E+09   0.000    
    4270   1.593      0.3730E-03 NODE        2042  -0.0%  0.9226E+08  0.2441E+13  0.1302E+08   0.000       0.000      0.1913E+09   0.000    
    4280   1.597      0.3730E-03 NODE        2042  -0.0%  0.9242E+08  0.2441E+13  0.1295E+08   0.000       0.000      0.1913E+09   0.000    
    4290   1.600      0.3730E-03 NODE        2042  -0.0%  0.9257E+08  0.2441E+13  0.1289E+08   0.000       0.000      0.1913E+09   0.000    
     ANIMATION FILE: A06_ZERO_DM_HALFA009 WRITTEN
    4300   1.604      0.3730E-03 NODE        2042  -0.0%  0.9272E+08  0.2441E+13  0.1282E+08   0.000       0.000      0.1913E+09   0.000    
    4310   1.608      0.3730E-03 NODE        2042  -0.0%  0.9286E+08  0.2441E+13  0.1276E+08   0.000       0.000      0.1913E+09   0.000    
    4320   1.611      0.3730E-03 NODE        2042  -0.0%  0.9300E+08  0.2441E+13  0.1270E+08   0.000       0.000      0.1913E+09   0.000    
    4330   1.615      0.3730E-03 NODE        2042  -0.0%  0.9314E+08  0.2441E+13  0.1265E+08   0.000       0.000      0.1913E+09   0.000    
    4340   1.619      0.3730E-03 NODE        2042  -0.0%  0.9327E+08  0.2441E+13  0.1259E+08   0.000       0.000      0.1913E+09   0.000    
    4350   1.623      0.3730E-03 NODE        2042  -0.0%  0.9340E+08  0.2441E+13  0.1254E+08   0.000       0.000      0.1913E+09   0.000    
    4360   1.626      0.3730E-03 NODE        2042  -0.0%  0.9352E+08  0.2441E+13  0.1248E+08   0.000       0.000      0.1913E+09   0.000    
    4370   1.630      0.3730E-03 NODE        2042  -0.0%  0.9364E+08  0.2441E+13  0.1243E+08   0.000       0.000      0.1913E+09   0.000    
    4380   1.634      0.3730E-03 NODE        2042  -0.0%  0.9376E+08  0.2441E+13  0.1239E+08   0.000       0.000      0.1913E+09   0.000    
    4390   1.638      0.3730E-03 NODE        2042  -0.0%  0.9387E+08  0.2441E+13  0.1234E+08   0.000       0.000      0.1913E+09   0.000    
    4400   1.641      0.3730E-03 NODE        2042  -0.0%  0.9397E+08  0.2441E+13  0.1229E+08   0.000       0.000      0.1913E+09   0.000    
    4410   1.645      0.3730E-03 NODE        2042  -0.0%  0.9409E+08  0.2441E+13  0.1225E+08   0.000       0.000      0.1913E+09   0.000    
    4420   1.649      0.3730E-03 NODE        2042  -0.0%  0.9421E+08  0.2441E+13  0.1221E+08   0.000       0.000      0.1913E+09   0.000    
    4430   1.653      0.3730E-03 NODE        2042  -0.0%  0.9436E+08  0.2441E+13  0.1217E+08   0.000       0.000      0.1913E+09   0.000    
    4440   1.656      0.3730E-03 NODE        2042  -0.0%  0.9452E+08  0.2441E+13  0.1213E+08   0.000       0.000      0.1913E+09   0.000    
    4450   1.660      0.3730E-03 NODE        2042  -0.0%  0.9471E+08  0.2441E+13  0.1209E+08   0.000       0.000      0.1913E+09   0.000    
    4460   1.664      0.3730E-03 NODE        2042  -0.0%  0.9495E+08  0.2441E+13  0.1205E+08   0.000       0.000      0.1913E+09   0.000    
    4470   1.667      0.3730E-03 NODE        2042  -0.0%  0.9524E+08  0.2441E+13  0.1201E+08   0.000       0.000      0.1913E+09   0.000    
    4480   1.671      0.3730E-03 NODE        2042  -0.0%  0.9560E+08  0.2441E+13  0.1198E+08   0.000       0.000      0.1913E+09   0.000    
    4490   1.674      0.4090E-04 NODE          13  -0.0%  0.9601E+08  0.2441E+13  0.1196E+08   0.000       0.000      0.1913E+09   0.000    
    4500   1.675      0.7916E-04 NODE           1  -0.0%  0.9609E+08  0.2441E+13  0.1195E+08   0.000       0.000      0.1913E+09   0.000    
    4510   1.676      0.2053E-03 NODE          24  -0.0%  0.9632E+08  0.2441E+13  0.1194E+08   0.000       0.000      0.1913E+09   0.000    
    4520   1.679      0.3730E-03 NODE        2042  -0.0%  0.9703E+08  0.2441E+13  0.1193E+08   0.000       0.000      0.1913E+09   0.000    
    4530   1.683      0.3730E-03 NODE        2042  -0.0%  0.9820E+08  0.2441E+13  0.1192E+08   0.000       0.000      0.1913E+09   0.000    
    4540   1.687      0.3730E-03 NODE        2042  -0.0%  0.9969E+08  0.2441E+13  0.1193E+08   0.000       0.000      0.1913E+09   0.000    
    4550   1.690      0.3730E-03 NODE        2042  -0.0%  0.1015E+09  0.2441E+13  0.1197E+08   0.000       0.000      0.1913E+09   0.000    
    4560   1.694      0.3730E-03 NODE        2042  -0.0%  0.1035E+09  0.2441E+13  0.1204E+08   0.000       0.000      0.1913E+09   0.000    
    4570   1.698      0.3730E-03 NODE        2042  -0.0%  0.1057E+09  0.2441E+13  0.1215E+08   0.000       0.000      0.1913E+09   0.000    
    4580   1.702      0.3730E-03 NODE        2042  -0.0%  0.1081E+09  0.2441E+13  0.1231E+08   0.000       0.000      0.1913E+09   0.000    
    4590   1.705      0.3730E-03 NODE        2042  -0.0%  0.1106E+09  0.2441E+13  0.1250E+08   0.000       0.000      0.1913E+09   0.000    
    4600   1.709      0.3730E-03 NODE        2042  -0.0%  0.1133E+09  0.2441E+13  0.1274E+08   0.000       0.000      0.1913E+09   0.000    
    4610   1.713      0.3730E-03 NODE        2042  -0.0%  0.1159E+09  0.2441E+13  0.1301E+08   0.000       0.000      0.1913E+09   0.000    
    4620   1.716      0.3730E-03 NODE        2042  -0.0%  0.1185E+09  0.2441E+13  0.1331E+08   0.000       0.000      0.1913E+09   0.000    
    4630   1.720      0.3730E-03 NODE        2042  -0.0%  0.1212E+09  0.2441E+13  0.1362E+08   0.000       0.000      0.1913E+09   0.000    
    4640   1.724      0.3730E-03 NODE        2042  -0.0%  0.1238E+09  0.2441E+13  0.1394E+08   0.000       0.000      0.1913E+09   0.000    
    4650   1.728      0.3730E-03 NODE        2042  -0.0%  0.1263E+09  0.2441E+13  0.1426E+08   0.000       0.000      0.1913E+09   0.000    
    4660   1.731      0.3730E-03 NODE        2042  -0.0%  0.1288E+09  0.2441E+13  0.1455E+08   0.000       0.000      0.1913E+09   0.000    
    4670   1.735      0.3730E-03 NODE        2042  -0.0%  0.1313E+09  0.2441E+13  0.1481E+08   0.000       0.000      0.1913E+09   0.000    
    4680   1.739      0.3730E-03 NODE        2042  -0.0%  0.1337E+09  0.2441E+13  0.1504E+08   0.000       0.000      0.1913E+09   0.000    
    4690   1.743      0.3730E-03 NODE        2042  -0.0%  0.1361E+09  0.2441E+13  0.1524E+08   0.000       0.000      0.1913E+09   0.000    
    4700   1.746      0.3730E-03 NODE        2042  -0.0%  0.1384E+09  0.2441E+13  0.1539E+08   0.000       0.000      0.1913E+09   0.000    
    4710   1.750      0.3730E-03 NODE        2042  -0.0%  0.1407E+09  0.2441E+13  0.1552E+08   0.000       0.000      0.1913E+09   0.000    
    4720   1.754      0.3730E-03 NODE        2042  -0.0%  0.1429E+09  0.2441E+13  0.1562E+08   0.000       0.000      0.1913E+09   0.000    
    4730   1.758      0.3730E-03 NODE        2042  -0.0%  0.1451E+09  0.2441E+13  0.1570E+08   0.000       0.000      0.1913E+09   0.000    
    4740   1.761      0.3730E-03 NODE        2042  -0.0%  0.1472E+09  0.2441E+13  0.1578E+08   0.000       0.000      0.1913E+09   0.000    
    4750   1.765      0.3730E-03 NODE        2042  -0.0%  0.1493E+09  0.2441E+13  0.1586E+08   0.000       0.000      0.1913E+09   0.000    
    4760   1.769      0.3730E-03 NODE        2042  -0.0%  0.1514E+09  0.2441E+13  0.1595E+08   0.000       0.000      0.1913E+09   0.000    
    4770   1.772      0.3730E-03 NODE        2042  -0.0%  0.1534E+09  0.2441E+13  0.1606E+08   0.000       0.000      0.1913E+09   0.000    
    4780   1.776      0.3730E-03 NODE        2042  -0.0%  0.1554E+09  0.2441E+13  0.1621E+08   0.000       0.000      0.1913E+09   0.000    
    4790   1.780      0.3730E-03 NODE        2042  -0.0%  0.1574E+09  0.2441E+13  0.1638E+08   0.000       0.000      0.1913E+09   0.000    
    4800   1.784      0.3730E-03 NODE        2042  -0.0%  0.1593E+09  0.2441E+13  0.1659E+08   0.000       0.000      0.1913E+09   0.000    
    4810   1.787      0.3730E-03 NODE        2042  -0.0%  0.1612E+09  0.2441E+13  0.1684E+08   0.000       0.000      0.1913E+09   0.000    
    4820   1.791      0.3730E-03 NODE        2042  -0.0%  0.1630E+09  0.2441E+13  0.1712E+08   0.000       0.000      0.1913E+09   0.000    
    4830   1.795      0.3730E-03 NODE        2042  -0.0%  0.1648E+09  0.2441E+13  0.1744E+08   0.000       0.000      0.1913E+09   0.000    
    4840   1.799      0.3730E-03 NODE        2042  -0.0%  0.1665E+09  0.2441E+13  0.1779E+08   0.000       0.000      0.1913E+09   0.000    
     ANIMATION FILE: A06_ZERO_DM_HALFA010 WRITTEN
    4850   1.802      0.3730E-03 NODE        2042  -0.0%  0.1682E+09  0.2441E+13  0.1818E+08   0.000       0.000      0.1913E+09   0.000    
    4860   1.806      0.3730E-03 NODE        2042  -0.0%  0.1698E+09  0.2441E+13  0.1860E+08   0.000       0.000      0.1913E+09   0.000    
    4870   1.810      0.3730E-03 NODE        2042  -0.0%  0.1714E+09  0.2441E+13  0.1905E+08   0.000       0.000      0.1913E+09   0.000    
    4880   1.813      0.3730E-03 NODE        2042  -0.0%  0.1729E+09  0.2441E+13  0.1952E+08   0.000       0.000      0.1913E+09   0.000    
    4890   1.817      0.3730E-03 NODE        2042  -0.0%  0.1744E+09  0.2441E+13  0.2003E+08   0.000       0.000      0.1913E+09   0.000    
    4900   1.821      0.3730E-03 NODE        2042  -0.0%  0.1758E+09  0.2441E+13  0.2057E+08   0.000       0.000      0.1913E+09   0.000    
    4910   1.825      0.3730E-03 NODE        2042  -0.0%  0.1771E+09  0.2441E+13  0.2113E+08   0.000       0.000      0.1913E+09   0.000    
    4920   1.828      0.3730E-03 NODE        2042  -0.0%  0.1785E+09  0.2441E+13  0.2173E+08   0.000       0.000      0.1913E+09   0.000    
    4930   1.832      0.3730E-03 NODE        2042  -0.0%  0.1798E+09  0.2441E+13  0.2235E+08   0.000       0.000      0.1913E+09   0.000    
    4940   1.836      0.3730E-03 NODE        2042  -0.0%  0.1810E+09  0.2441E+13  0.2300E+08   0.000       0.000      0.1913E+09   0.000    
    4950   1.840      0.3730E-03 NODE        2042  -0.0%  0.1822E+09  0.2441E+13  0.2369E+08   0.000       0.000      0.1913E+09   0.000    
    4960   1.843      0.3730E-03 NODE        2042  -0.0%  0.1833E+09  0.2441E+13  0.2440E+08   0.000       0.000      0.1913E+09   0.000    
    4970   1.847      0.3730E-03 NODE        2042  -0.0%  0.1842E+09  0.2441E+13  0.2513E+08   0.000       0.000      0.1913E+09   0.000    
    4980   1.851      0.3730E-03 NODE        2042  -0.0%  0.1851E+09  0.2441E+13  0.2589E+08   0.000       0.000      0.1913E+09   0.000    
    4990   1.854      0.3730E-03 NODE        2042  -0.0%  0.1859E+09  0.2441E+13  0.2667E+08   0.000       0.000      0.1913E+09   0.000    
   CYCLE    TIME      TIME-STEP  ELEMENT          ERROR  I-ENERGY    K-ENERGY T  K-ENERGY R  EXT-WORK     MAS.ERR     TOTAL MASS  MASS ADDED
    5000   1.858      0.3730E-03 NODE        2042  -0.0%  0.1867E+09  0.2441E+13  0.2747E+08   0.000       0.000      0.1913E+09   0.000    
    5010   1.862      0.3730E-03 NODE        2042  -0.0%  0.1874E+09  0.2441E+13  0.2828E+08   0.000       0.000      0.1913E+09   0.000    
    5020   1.866      0.3730E-03 NODE        2042  -0.0%  0.1880E+09  0.2441E+13  0.2910E+08   0.000       0.000      0.1913E+09   0.000    
    5030   1.869      0.3730E-03 NODE        2042  -0.0%  0.1887E+09  0.2441E+13  0.2993E+08   0.000       0.000      0.1913E+09   0.000    
    5040   1.873      0.3730E-03 NODE        2042  -0.0%  0.1894E+09  0.2441E+13  0.3077E+08   0.000       0.000      0.1913E+09   0.000    
    5050   1.877      0.3730E-03 NODE        2042  -0.0%  0.1902E+09  0.2441E+13  0.3160E+08   0.000       0.000      0.1913E+09   0.000    
    5060   1.881      0.3730E-03 NODE        2042  -0.0%  0.1910E+09  0.2441E+13  0.3243E+08   0.000       0.000      0.1913E+09   0.000    
    5070   1.884      0.3730E-03 NODE        2042  -0.0%  0.1919E+09  0.2441E+13  0.3325E+08   0.000       0.000      0.1913E+09   0.000    
    5080   1.888      0.3730E-03 NODE        2042  -0.0%  0.1928E+09  0.2441E+13  0.3405E+08   0.000       0.000      0.1913E+09   0.000    
    5090   1.892      0.3730E-03 NODE        2042  -0.0%  0.1938E+09  0.2441E+13  0.3483E+08   0.000       0.000      0.1913E+09   0.000    
    5100   1.896      0.3730E-03 NODE        2042  -0.0%  0.1949E+09  0.2441E+13  0.3558E+08   0.000       0.000      0.1913E+09   0.000    
    5110   1.899      0.3730E-03 NODE        2042  -0.0%  0.1960E+09  0.2441E+13  0.3629E+08   0.000       0.000      0.1913E+09   0.000    
    5120   1.903      0.3730E-03 NODE        2042  -0.0%  0.1972E+09  0.2441E+13  0.3696E+08   0.000       0.000      0.1913E+09   0.000    
    5130   1.907      0.3730E-03 NODE        2042  -0.0%  0.1985E+09  0.2441E+13  0.3760E+08   0.000       0.000      0.1913E+09   0.000    
    5140   1.910      0.3730E-03 NODE        2042  -0.0%  0.1998E+09  0.2441E+13  0.3819E+08   0.000       0.000      0.1913E+09   0.000    
    5150   1.914      0.3730E-03 NODE        2042  -0.0%  0.2013E+09  0.2441E+13  0.3875E+08   0.000       0.000      0.1913E+09   0.000    
    5160   1.918      0.3730E-03 NODE        2042  -0.0%  0.2028E+09  0.2441E+13  0.3928E+08   0.000       0.000      0.1913E+09   0.000    
    5170   1.922      0.3730E-03 NODE        2042  -0.0%  0.2044E+09  0.2441E+13  0.3978E+08   0.000       0.000      0.1913E+09   0.000    
    5180   1.925      0.3730E-03 NODE        2042  -0.0%  0.2059E+09  0.2441E+13  0.4026E+08   0.000       0.000      0.1913E+09   0.000    
    5190   1.929      0.3730E-03 NODE        2042  -0.0%  0.2075E+09  0.2441E+13  0.4072E+08   0.000       0.000      0.1913E+09   0.000    
    5200   1.933      0.3730E-03 NODE        2042  -0.0%  0.2090E+09  0.2441E+13  0.4118E+08   0.000       0.000      0.1913E+09   0.000    
    5210   1.937      0.3730E-03 NODE        2042  -0.0%  0.2105E+09  0.2441E+13  0.4164E+08   0.000       0.000      0.1913E+09   0.000    
    5220   1.940      0.3730E-03 NODE        2042  -0.0%  0.2119E+09  0.2441E+13  0.4209E+08   0.000       0.000      0.1913E+09   0.000    
    5230   1.944      0.3730E-03 NODE        2042  -0.0%  0.2133E+09  0.2441E+13  0.4256E+08   0.000       0.000      0.1913E+09   0.000    
    5240   1.948      0.3730E-03 NODE        2042  -0.0%  0.2146E+09  0.2441E+13  0.4302E+08   0.000       0.000      0.1913E+09   0.000    
    5250   1.951      0.3730E-03 NODE        2042  -0.0%  0.2158E+09  0.2441E+13  0.4350E+08   0.000       0.000      0.1913E+09   0.000    
    5260   1.955      0.3730E-03 NODE        2042  -0.0%  0.2170E+09  0.2441E+13  0.4397E+08   0.000       0.000      0.1913E+09   0.000    
    5270   1.959      0.3730E-03 NODE        2042  -0.0%  0.2180E+09  0.2441E+13  0.4446E+08   0.000       0.000      0.1913E+09   0.000    
    5280   1.963      0.3730E-03 NODE        2042  -0.0%  0.2191E+09  0.2441E+13  0.4494E+08   0.000       0.000      0.1913E+09   0.000    
    5290   1.966      0.3730E-03 NODE        2042  -0.0%  0.2201E+09  0.2441E+13  0.4542E+08   0.000       0.000      0.1913E+09   0.000    
    5300   1.970      0.3730E-03 NODE        2042  -0.0%  0.2211E+09  0.2441E+13  0.4589E+08   0.000       0.000      0.1913E+09   0.000    
    5310   1.974      0.3730E-03 NODE        2042  -0.0%  0.2221E+09  0.2441E+13  0.4635E+08   0.000       0.000      0.1913E+09   0.000    
    5320   1.978      0.3730E-03 NODE        2042  -0.0%  0.2231E+09  0.2441E+13  0.4680E+08   0.000       0.000      0.1913E+09   0.000    
    5330   1.981      0.3730E-03 NODE        2042  -0.0%  0.2242E+09  0.2441E+13  0.4722E+08   0.000       0.000      0.1913E+09   0.000    
    5340   1.985      0.3730E-03 NODE        2042  -0.0%  0.2253E+09  0.2441E+13  0.4764E+08   0.000       0.000      0.1913E+09   0.000    
    5350   1.989      0.3730E-03 NODE        2042  -0.0%  0.2265E+09  0.2441E+13  0.4803E+08   0.000       0.000      0.1913E+09   0.000    
    5360   1.993      0.3730E-03 NODE        2042  -0.0%  0.2277E+09  0.2441E+13  0.4841E+08   0.000       0.000      0.1913E+09   0.000    
    5370   1.996      0.3730E-03 NODE        2042  -0.0%  0.2291E+09  0.2441E+13  0.4877E+08   0.000       0.000      0.1913E+09   0.000    
    5380   2.000      0.3730E-03 NODE        2042  -0.0%  0.2305E+09  0.2441E+13  0.4912E+08   0.000       0.000      0.1913E+09   0.000    

     RESTART FILES: A06_ZERO_DM_HALF_0001_[0001-0001].rst WRITTEN
     -------------

     ANIMATION FILE: A06_ZERO_DM_HALFA011 WRITTEN
  
                           ** CPU USER TIME **
  
  
                        ** SUMMARY **
  
 #PROC  CONTSORT  CONTFOR   ELEMENT   KINCOND   INTEG     IO        T0        ASM       RESOL    
   1   .1391E+01 .3750E+00 .1483E+03 .9000E+01 .2906E+01 .1142E+02 .3906E+00 .6125E+01 .1884E+03
  
 
                   ** CUMULATIVE CPU TIME SUMMARY **
  
 CONTACT SORTING.............: .1391E+01     0.74 % 
 CONTACT FORCES..............: .3750E+00     0.20 % 
 ELEMENT FORCES..............: .1483E+03    78.70 % 
 KINEMATIC COND..............: .9000E+01     4.78 % 
 INTEGRATION.................: .2906E+01     1.54 % 
 ASSEMBLING..................: .6125E+01     3.25 % 
 OTHERS (including I/O)......: .2033E+02    10.79 % 
 TOTAL.......................: .1884E+03   100.00 % 
  
  
                           ** ELAPSED TIME **
  
  
                        ** SUMMARY **
  
 #PROC  CONTSORT  CONTFOR   ELEMENT   KINCOND   INTEG     IO        T0        ASM       RESOL    
   1   .6503E+00 .1138E+00 .7430E+02 .4838E+01 .1451E+01 .5589E+01 .1611E+00 .2876E+01 .9433E+02
  
                   ** MEMORY USAGE STATISTICS **
  
 TOTAL MEMORY USED .........................:      235 MB
 MAXIMUM MEMORY PER PROCESSOR...............:      235 MB
 MINIMUM MEMORY PER PROCESSOR...............:      235 MB
 AVERAGE MEMORY PER PROCESSOR...............:      235 MB
  
                   ** DISK USAGE STATISTICS **
  
 TOTAL DISK SPACE USED .....................:        130 MB
 ANIMATION/H3D/TH/OUTP SIZE ................:         74 MB
 RESTART FILE SIZE .........................:         56 MB
  
                   ** COMPUTE TIME INFORMATION **
                        ** CURRENT ENGINE **
  
 EXECUTION STARTED .........................:      2026/10/05  19:04:45
 EXECUTION COMPLETED .......................:      2026/10/05  19:06:19
  
 ELAPSED TIME     =         94.49 s
                          0:01:34



     NORMAL TERMINATION      



     TOTAL NUMBER OF CYCLES  :    5382

  
                   ** COMPUTE RUNTIME INFORMATION SUMMARY **
  
        STARTER RUNTIME =          1.24s (00:00:01)
 # 001   ENGINE RUNTIME =         94.49s (00:01:34)
 ------------------------------ 
 STARTER+ENGINE RUNTIME =         95.73s (00:01:35)
  
