************************************************************************
**                                                                    **
**                                                                    **
**                         OpenRadioss Engine                         **
**                                                                    **
**            Non-linear Finite Element Analysis Software             **
**                                                                    **
**                                                                    **
**                                                                    **
**                  Windows 64 bits, Intel compiler                   **
**                      Double Precision Version                      **
**                                                                    **
**                                                                    **
**                                                                    **
************************************************************************
** OpenRadioss Software                                               **
** COPYRIGHT (C) 2026 Siemens                                         **
** Licensed under GNU Affero General Public License.                  **
** See License file.                                                  **
************************************************************************
 
 ROOT: A06_ZERO_DM_HALF  RESTART: 0001
 NUMBER OF HMPP PROCESSES     2
 05/10/2026
     ANIMATION FILE: A06_ZERO_DM_HALFA001 WRITTEN
     ANIMATION FILE: A06_ZERO_DM_HALFA002 WRITTEN
     ANIMATION FILE: A06_ZERO_DM_HALFA003 WRITTEN
     ANIMATION FILE: A06_ZERO_DM_HALFA004 WRITTEN
     ANIMATION FILE: A06_ZERO_DM_HALFA005 WRITTEN
     ANIMATION FILE: A06_ZERO_DM_HALFA006 WRITTEN
     ANIMATION FILE: A06_ZERO_DM_HALFA007 WRITTEN
     ANIMATION FILE: A06_ZERO_DM_HALFA008 WRITTEN
     ANIMATION FILE: A06_ZERO_DM_HALFA009 WRITTEN
     ANIMATION FILE: A06_ZERO_DM_HALFA010 WRITTEN
     RESTART FILES: A06_ZERO_DM_HALF_0001_[0001-0001].rst WRITTEN
     ANIMATION FILE: A06_ZERO_DM_HALFA011 WRITTEN
  
                           ** CPU USER TIME **
  
  
                        ** SUMMARY **
  
 #PROC  CONTSORT  CONTFOR   ELEMENT   KINCOND   INTEG     IO        T0        ASM       RESOL    
   1   .1391E+01 .3750E+00 .1483E+03 .9000E+01 .2906E+01 .1142E+02 .3906E+00 .6125E+01 .1884E+03
 
                   ** CUMULATIVE CPU TIME SUMMARY **
  
 CONTACT SORTING.............: .1391E+01     0.74 % 
 CONTACT FORCES..............: .3750E+00     0.20 % 
 ELEMENT FORCES..............: .1483E+03    78.70 % 
 KINEMATIC COND..............: .9000E+01     4.78 % 
 INTEGRATION.................: .2906E+01     1.54 % 
 ASSEMBLING..................: .6125E+01     3.25 % 
 OTHERS (including I/O)......: .2033E+02    10.79 % 
 TOTAL.......................: .1884E+03   100.00 % 
  
                   ** MEMORY USAGE STATISTICS **
  
 TOTAL MEMORY USED .........................:      235 MB
 MAXIMUM MEMORY PER PROCESSOR...............:      235 MB
 MINIMUM MEMORY PER PROCESSOR...............:      235 MB
 AVERAGE MEMORY PER PROCESSOR...............:      235 MB
  
                   ** DISK USAGE STATISTICS **
  
 TOTAL DISK SPACE USED .....................:        130 MB
 ANIMATION/H3D/TH/OUTP SIZE ................:         74 MB
 RESTART FILE SIZE .........................:         56 MB
  
 ELAPSED TIME     =         94.49 s
                          0:01:34
  
     NORMAL TERMINATION      
     TOTAL NUMBER OF CYCLES  :    5382
