************************************************************************
**                                                                    **
**                                                                    **
**                         OpenRadioss Engine                         **
**                                                                    **
**            Non-linear Finite Element Analysis Software             **
**                                                                    **
**                                                                    **
**                                                                    **
**                  Windows 64 bits, Intel compiler                   **
**                      Double Precision Version                      **
**                                                                    **
**                                                                    **
**                                                                    **
************************************************************************
** OpenRadioss Software                                               **
** COPYRIGHT (C) 2026 Siemens                                         **
** Licensed under GNU Affero General Public License.                  **
** See License file.                                                  **
************************************************************************
 
 ROOT: I02IE_ENG_PENALTY_DOUBLE_R1  RESTART: 0001
 NUMBER OF HMPP PROCESSES     1
 03/10/2026
 NC=       0 T= 0.0000E+00 DT= 1.2218E-04 ERR=  0.0% DM/M= 0.0000E+00
 NC=     100 T= 1.2218E-02 DT= 1.2218E-04 ERR=  0.0% DM/M= 0.0000E+00
 ELAPSED TIME=          0.23 s  REMAINING TIME=        230.09 s
 NC=     200 T= 2.4437E-02 DT= 1.2218E-04 ERR=  0.0% DM/M= 0.0000E+00
 ELAPSED TIME=          0.42 s  REMAINING TIME=        208.01 s
 NC=     300 T= 3.6655E-02 DT= 1.2218E-04 ERR=  0.0% DM/M= 0.0000E+00
 ELAPSED TIME=          0.61 s  REMAINING TIME=        199.94 s
 NC=     400 T= 4.8874E-02 DT= 1.2218E-04 ERR=  0.0% DM/M= 0.0000E+00
 ELAPSED TIME=          0.80 s  REMAINING TIME=        195.93 s
 NC=     500 T= 6.1092E-02 DT= 1.2218E-04 ERR=  0.0% DM/M= 0.0000E+00
 ELAPSED TIME=          0.99 s  REMAINING TIME=        193.33 s
 NC=     600 T= 7.3310E-02 DT= 1.2218E-04 ERR= -0.0% DM/M= 0.0000E+00
 ELAPSED TIME=          1.18 s  REMAINING TIME=        191.55 s
 NC=     700 T= 8.5529E-02 DT= 1.2218E-04 ERR= -0.0% DM/M= 0.0000E+00
 ELAPSED TIME=          1.37 s  REMAINING TIME=        190.21 s
 NC=     800 T= 9.7747E-02 DT= 1.2218E-04 ERR= -0.0% DM/M= 0.0000E+00
 ELAPSED TIME=          1.55 s  REMAINING TIME=        189.16 s
 NC=     900 T= 1.0997E-01 DT= 1.2218E-04 ERR= -0.0% DM/M= 0.0000E+00
 ELAPSED TIME=          1.74 s  REMAINING TIME=        188.30 s
 NC=    1000 T= 1.2218E-01 DT= 1.2218E-04 ERR= -0.0% DM/M= 0.0000E+00
 ELAPSED TIME=          1.93 s  REMAINING TIME=        187.60 s
 NC=    1100 T= 1.3440E-01 DT= 1.2218E-04 ERR= -0.0% DM/M= 0.0000E+00
 ELAPSED TIME=          2.12 s  REMAINING TIME=        186.96 s
 NC=    1200 T= 1.4662E-01 DT= 1.2218E-04 ERR= -0.0% DM/M= 0.0000E+00
 ELAPSED TIME=          2.31 s  REMAINING TIME=        186.41 s
 NC=    1300 T= 1.5884E-01 DT= 1.2218E-04 ERR= -0.0% DM/M= 0.0000E+00
 ELAPSED TIME=          2.49 s  REMAINING TIME=        185.93 s
 NC=    1400 T= 1.7106E-01 DT= 1.2218E-04 ERR= -0.0% DM/M= 0.0000E+00
 ELAPSED TIME=          2.68 s  REMAINING TIME=        185.46 s
 NC=    1500 T= 1.8328E-01 DT= 1.2218E-04 ERR= -0.0% DM/M= 0.0000E+00
 ELAPSED TIME=          2.87 s  REMAINING TIME=        185.04 s
 NC=    1600 T= 1.9549E-01 DT= 1.2218E-04 ERR= -0.0% DM/M= 0.0000E+00
 ELAPSED TIME=          3.06 s  REMAINING TIME=        184.69 s
 NC=    1700 T= 2.0771E-01 DT= 1.2218E-04 ERR= -0.0% DM/M= 0.0000E+00
 ELAPSED TIME=          3.25 s  REMAINING TIME=        184.55 s
 NC=    1800 T= 2.1993E-01 DT= 1.2218E-04 ERR= -0.0% DM/M= 0.0000E+00
 ELAPSED TIME=          3.44 s  REMAINING TIME=        184.22 s
 NC=    1900 T= 2.3215E-01 DT= 1.2218E-04 ERR= -0.0% DM/M= 0.0000E+00
 ELAPSED TIME=          3.63 s  REMAINING TIME=        183.91 s
 NC=    2000 T= 2.4437E-01 DT= 1.2218E-04 ERR= -0.0% DM/M= 0.0000E+00
 ELAPSED TIME=          3.82 s  REMAINING TIME=        183.66 s
 NC=    2100 T= 2.5659E-01 DT= 1.2218E-04 ERR= -0.0% DM/M= 0.0000E+00
 ELAPSED TIME=          4.01 s  REMAINING TIME=        183.38 s
 NC=    2200 T= 2.6880E-01 DT= 1.2218E-04 ERR= -0.0% DM/M= 0.0000E+00
 ELAPSED TIME=          4.20 s  REMAINING TIME=        183.10 s
 NC=    2300 T= 2.8102E-01 DT= 1.2218E-04 ERR= -0.0% DM/M= 0.0000E+00
 ELAPSED TIME=          4.38 s  REMAINING TIME=        182.82 s
 NC=    2400 T= 2.9324E-01 DT= 1.2218E-04 ERR= -0.0% DM/M= 0.0000E+00
 ELAPSED TIME=          4.57 s  REMAINING TIME=        182.56 s
 NC=    2500 T= 3.0546E-01 DT= 1.2218E-04 ERR= -0.0% DM/M= 0.0000E+00
 ELAPSED TIME=          4.76 s  REMAINING TIME=        182.32 s
 NC=    2600 T= 3.1768E-01 DT= 1.2218E-04 ERR= -0.0% DM/M= 0.0000E+00
 ELAPSED TIME=          4.95 s  REMAINING TIME=        182.09 s
 NC=    2700 T= 3.2990E-01 DT= 1.2218E-04 ERR= -0.0% DM/M= 0.0000E+00
 ELAPSED TIME=          5.14 s  REMAINING TIME=        181.83 s
 NC=    2800 T= 3.4211E-01 DT= 1.2218E-04 ERR= -0.0% DM/M= 0.0000E+00
 ELAPSED TIME=          5.33 s  REMAINING TIME=        181.62 s
 NC=    2900 T= 3.5433E-01 DT= 1.2218E-04 ERR= -0.0% DM/M= 0.0000E+00
 ELAPSED TIME=          5.52 s  REMAINING TIME=        181.38 s
 NC=    3000 T= 3.6655E-01 DT= 1.2218E-04 ERR= -0.0% DM/M= 0.0000E+00
 ELAPSED TIME=          5.71 s  REMAINING TIME=        181.16 s
 NC=    3100 T= 3.7877E-01 DT= 1.2218E-04 ERR= -0.0% DM/M= 0.0000E+00
 ELAPSED TIME=          5.90 s  REMAINING TIME=        180.93 s
 NC=    3200 T= 3.9099E-01 DT= 1.2218E-04 ERR= -0.0% DM/M= 0.0000E+00
 ELAPSED TIME=          6.09 s  REMAINING TIME=        180.69 s
 NC=    3300 T= 4.0321E-01 DT= 1.2218E-04 ERR= -0.0% DM/M= 0.0000E+00
 ELAPSED TIME=          6.27 s  REMAINING TIME=        180.46 s
 NC=    3400 T= 4.1543E-01 DT= 1.2218E-04 ERR= -0.0% DM/M= 0.0000E+00
 ELAPSED TIME=          6.47 s  REMAINING TIME=        180.44 s
 NC=    3500 T= 4.2764E-01 DT= 1.2218E-04 ERR= -0.0% DM/M= 0.0000E+00
 ELAPSED TIME=          6.66 s  REMAINING TIME=        180.22 s
 NC=    3600 T= 4.3986E-01 DT= 1.2218E-04 ERR= -0.0% DM/M= 0.0000E+00
 ELAPSED TIME=          6.85 s  REMAINING TIME=        180.03 s
 NC=    3700 T= 4.5208E-01 DT= 1.2218E-04 ERR= -0.0% DM/M= 0.0000E+00
 ELAPSED TIME=          7.04 s  REMAINING TIME=        179.83 s
 NC=    3800 T= 4.6430E-01 DT= 1.2218E-04 ERR= -0.0% DM/M= 0.0000E+00
 ELAPSED TIME=          7.23 s  REMAINING TIME=        179.62 s
 NC=    3900 T= 4.7652E-01 DT= 1.2218E-04 ERR= -0.0% DM/M= 0.0000E+00
 ELAPSED TIME=          7.42 s  REMAINING TIME=        179.39 s
 NC=    4000 T= 4.8874E-01 DT= 1.2218E-04 ERR= -0.0% DM/M= 0.0000E+00
 ELAPSED TIME=          7.61 s  REMAINING TIME=        179.17 s
 NC=    4100 T= 5.0095E-01 DT= 1.2218E-04 ERR= -0.0% DM/M= 0.0000E+00
 ELAPSED TIME=          7.80 s  REMAINING TIME=        178.96 s
 NC=    4200 T= 5.1317E-01 DT= 1.2218E-04 ERR= -0.0% DM/M= 0.0000E+00
 ELAPSED TIME=          7.99 s  REMAINING TIME=        178.74 s
 NC=    4300 T= 5.2539E-01 DT= 1.2218E-04 ERR= -0.0% DM/M= 0.0000E+00
 ELAPSED TIME=          8.17 s  REMAINING TIME=        178.51 s
 NC=    4400 T= 5.3761E-01 DT= 1.2218E-04 ERR= -0.0% DM/M= 0.0000E+00
 ELAPSED TIME=          8.36 s  REMAINING TIME=        178.30 s
 NC=    4500 T= 5.4983E-01 DT= 1.2218E-04 ERR= -0.0% DM/M= 0.0000E+00
 ELAPSED TIME=          8.55 s  REMAINING TIME=        178.08 s
 NC=    4600 T= 5.6205E-01 DT= 1.2218E-04 ERR= -0.0% DM/M= 0.0000E+00
 ELAPSED TIME=          8.74 s  REMAINING TIME=        177.88 s
 NC=    4700 T= 5.7426E-01 DT= 1.2218E-04 ERR= -0.0% DM/M= 0.0000E+00
 ELAPSED TIME=          8.93 s  REMAINING TIME=        177.66 s
 NC=    4800 T= 5.8648E-01 DT= 1.2218E-04 ERR= -0.0% DM/M= 0.0000E+00
 ELAPSED TIME=          9.12 s  REMAINING TIME=        177.44 s
 NC=    4900 T= 5.9870E-01 DT= 1.2218E-04 ERR= -0.0% DM/M= 0.0000E+00
 ELAPSED TIME=          9.31 s  REMAINING TIME=        177.23 s
 NC=    5000 T= 6.1092E-01 DT= 1.2218E-04 ERR= -0.0% DM/M= 0.0000E+00
 ELAPSED TIME=          9.49 s  REMAINING TIME=        177.01 s
 NC=    5100 T= 6.2314E-01 DT= 1.2218E-04 ERR= -0.0% DM/M= 0.0000E+00
 ELAPSED TIME=          9.68 s  REMAINING TIME=        176.80 s
 NC=    5200 T= 6.3536E-01 DT= 1.2218E-04 ERR= -0.0% DM/M= 0.0000E+00
 ELAPSED TIME=          9.88 s  REMAINING TIME=        176.66 s
 NC=    5300 T= 6.4757E-01 DT= 1.2218E-04 ERR= -0.0% DM/M= 0.0000E+00
 ELAPSED TIME=         10.07 s  REMAINING TIME=        176.46 s
 NC=    5400 T= 6.5979E-01 DT= 1.2218E-04 ERR= -0.0% DM/M= 0.0000E+00
 ELAPSED TIME=         10.25 s  REMAINING TIME=        176.24 s
 NC=    5500 T= 6.7201E-01 DT= 1.2218E-04 ERR= -0.0% DM/M= 0.0000E+00
 ELAPSED TIME=         10.44 s  REMAINING TIME=        176.05 s
 NC=    5600 T= 6.8423E-01 DT= 1.2218E-04 ERR= -0.0% DM/M= 0.0000E+00
 ELAPSED TIME=         10.63 s  REMAINING TIME=        175.84 s
 NC=    5700 T= 6.9645E-01 DT= 1.2218E-04 ERR= -0.0% DM/M= 0.0000E+00
 ELAPSED TIME=         10.82 s  REMAINING TIME=        175.65 s
 NC=    5800 T= 7.0867E-01 DT= 1.2218E-04 ERR= -0.0% DM/M= 0.0000E+00
 ELAPSED TIME=         11.01 s  REMAINING TIME=        175.44 s
 NC=    5900 T= 7.2089E-01 DT= 1.2218E-04 ERR= -0.0% DM/M= 0.0000E+00
 ELAPSED TIME=         11.20 s  REMAINING TIME=        175.23 s
 NC=    6000 T= 7.3310E-01 DT= 1.2218E-04 ERR= -0.0% DM/M= 0.0000E+00
 ELAPSED TIME=         11.39 s  REMAINING TIME=        175.03 s
 NC=    6100 T= 7.4532E-01 DT= 1.2218E-04 ERR= -0.0% DM/M= 0.0000E+00
 ELAPSED TIME=         11.58 s  REMAINING TIME=        174.82 s
 NC=    6200 T= 7.5754E-01 DT= 1.2218E-04 ERR= -0.0% DM/M= 0.0000E+00
 ELAPSED TIME=         11.77 s  REMAINING TIME=        174.62 s
 NC=    6300 T= 7.6976E-01 DT= 1.2218E-04 ERR= -0.0% DM/M= 0.0000E+00
 ELAPSED TIME=         11.96 s  REMAINING TIME=        174.42 s
 NC=    6400 T= 7.8198E-01 DT= 1.2218E-04 ERR= -0.0% DM/M= 0.0000E+00
 ELAPSED TIME=         12.14 s  REMAINING TIME=        174.21 s
 NC=    6500 T= 7.9420E-01 DT= 1.2218E-04 ERR= -0.0% DM/M= 0.0000E+00
 ELAPSED TIME=         12.33 s  REMAINING TIME=        174.00 s
 NC=    6600 T= 8.0641E-01 DT= 1.2218E-04 ERR= -0.0% DM/M= 0.0000E+00
 ELAPSED TIME=         12.52 s  REMAINING TIME=        173.80 s
 NC=    6700 T= 8.1863E-01 DT= 1.2218E-04 ERR= -0.0% DM/M= 0.0000E+00
 ELAPSED TIME=         12.71 s  REMAINING TIME=        173.60 s
 NC=    6800 T= 8.3085E-01 DT= 1.2218E-04 ERR= -0.0% DM/M= 0.0000E+00
 ELAPSED TIME=         12.90 s  REMAINING TIME=        173.40 s
 NC=    6900 T= 8.4307E-01 DT= 1.2218E-04 ERR= -0.0% DM/M= 0.0000E+00
 ELAPSED TIME=         13.09 s  REMAINING TIME=        173.21 s
 NC=    7000 T= 8.5529E-01 DT= 1.2218E-04 ERR= -0.0% DM/M= 0.0000E+00
 ELAPSED TIME=         13.28 s  REMAINING TIME=        173.00 s
 NC=    7100 T= 8.6751E-01 DT= 1.2218E-04 ERR= -0.0% DM/M= 0.0000E+00
 ELAPSED TIME=         13.47 s  REMAINING TIME=        172.80 s
 NC=    7200 T= 8.7972E-01 DT= 1.2218E-04 ERR= -0.0% DM/M= 0.0000E+00
 ELAPSED TIME=         13.65 s  REMAINING TIME=        172.60 s
 NC=    7300 T= 8.9194E-01 DT= 1.2218E-04 ERR= -0.0% DM/M= 0.0000E+00
 ELAPSED TIME=         13.84 s  REMAINING TIME=        172.40 s
 NC=    7400 T= 9.0416E-01 DT= 1.2218E-04 ERR= -0.0% DM/M= 0.0000E+00
 ELAPSED TIME=         14.03 s  REMAINING TIME=        172.20 s
 NC=    7500 T= 9.1638E-01 DT= 1.2218E-04 ERR= -0.0% DM/M= 0.0000E+00
 ELAPSED TIME=         14.22 s  REMAINING TIME=        172.00 s
 NC=    7600 T= 9.2860E-01 DT= 1.2218E-04 ERR= -0.0% DM/M= 0.0000E+00
 ELAPSED TIME=         14.41 s  REMAINING TIME=        171.80 s
 NC=    7700 T= 9.4082E-01 DT= 1.2218E-04 ERR= -0.0% DM/M= 0.0000E+00
 ELAPSED TIME=         14.60 s  REMAINING TIME=        171.60 s
 NC=    7800 T= 9.5303E-01 DT= 1.2218E-04 ERR= -0.0% DM/M= 0.0000E+00
 ELAPSED TIME=         14.79 s  REMAINING TIME=        171.41 s
 NC=    7900 T= 9.6525E-01 DT= 1.2218E-04 ERR= -0.0% DM/M= 0.0000E+00
 ELAPSED TIME=         14.98 s  REMAINING TIME=        171.22 s
 NC=    8000 T= 9.7747E-01 DT= 1.2218E-04 ERR= -0.0% DM/M= 0.0000E+00
 ELAPSED TIME=         15.17 s  REMAINING TIME=        171.02 s
 NC=    8100 T= 9.8969E-01 DT= 1.2218E-04 ERR= -0.0% DM/M= 0.0000E+00
 ELAPSED TIME=         15.35 s  REMAINING TIME=        170.82 s
 NC=    8200 T= 1.0019E+00 DT= 1.2218E-04 ERR= -0.0% DM/M= 0.0000E+00
 ELAPSED TIME=         15.54 s  REMAINING TIME=        170.62 s
 NC=    8300 T= 1.0141E+00 DT= 1.2218E-04 ERR= -0.0% DM/M= 0.0000E+00
 ELAPSED TIME=         15.73 s  REMAINING TIME=        170.43 s
 NC=    8400 T= 1.0263E+00 DT= 1.2218E-04 ERR= -0.0% DM/M= 0.0000E+00
 ELAPSED TIME=         15.92 s  REMAINING TIME=        170.23 s
 NC=    8500 T= 1.0386E+00 DT= 1.2218E-04 ERR= -0.0% DM/M= 0.0000E+00
 ELAPSED TIME=         16.11 s  REMAINING TIME=        170.03 s
 NC=    8600 T= 1.0508E+00 DT= 1.2218E-04 ERR= -0.0% DM/M= 0.0000E+00
 ELAPSED TIME=         16.30 s  REMAINING TIME=        169.83 s
 NC=    8700 T= 1.0630E+00 DT= 1.2218E-04 ERR= -0.0% DM/M= 0.0000E+00
 ELAPSED TIME=         16.49 s  REMAINING TIME=        169.64 s
 NC=    8800 T= 1.0752E+00 DT= 1.2218E-04 ERR= -0.0% DM/M= 0.0000E+00
 ELAPSED TIME=         16.68 s  REMAINING TIME=        169.44 s
 NC=    8900 T= 1.0874E+00 DT= 1.2218E-04 ERR= -0.0% DM/M= 0.0000E+00
 ELAPSED TIME=         16.87 s  REMAINING TIME=        169.26 s
 NC=    9000 T= 1.0997E+00 DT= 1.2218E-04 ERR= -0.0% DM/M= 0.0000E+00
 ELAPSED TIME=         17.06 s  REMAINING TIME=        169.08 s
 NC=    9100 T= 1.1119E+00 DT= 1.2218E-04 ERR= -0.0% DM/M= 0.0000E+00
 ELAPSED TIME=         17.25 s  REMAINING TIME=        168.88 s
 NC=    9200 T= 1.1241E+00 DT= 1.2218E-04 ERR= -0.0% DM/M= 0.0000E+00
 ELAPSED TIME=         17.43 s  REMAINING TIME=        168.68 s
 NC=    9300 T= 1.1363E+00 DT= 1.2218E-04 ERR= -0.0% DM/M= 0.0000E+00
 ELAPSED TIME=         17.62 s  REMAINING TIME=        168.50 s
 NC=    9400 T= 1.1485E+00 DT= 1.2218E-04 ERR= -0.0% DM/M= 0.0000E+00
 ELAPSED TIME=         17.81 s  REMAINING TIME=        168.31 s
 NC=    9500 T= 1.1607E+00 DT= 1.2218E-04 ERR= -0.0% DM/M= 0.0000E+00
 ELAPSED TIME=         18.00 s  REMAINING TIME=        168.12 s
 NC=    9600 T= 1.1730E+00 DT= 1.2218E-04 ERR= -0.0% DM/M= 0.0000E+00
 ELAPSED TIME=         18.19 s  REMAINING TIME=        167.94 s
 NC=    9700 T= 1.1852E+00 DT= 1.2218E-04 ERR= -0.0% DM/M= 0.0000E+00
 ELAPSED TIME=         18.38 s  REMAINING TIME=        167.76 s
 NC=    9800 T= 1.1974E+00 DT= 1.2218E-04 ERR= -0.0% DM/M= 0.0000E+00
 ELAPSED TIME=         18.58 s  REMAINING TIME=        167.58 s
 NC=    9900 T= 1.2096E+00 DT= 1.2218E-04 ERR= -0.0% DM/M= 0.0000E+00
 ELAPSED TIME=         18.77 s  REMAINING TIME=        167.42 s
 NC=   10000 T= 1.2218E+00 DT= 1.2218E-04 ERR= -0.0% DM/M= 0.0000E+00
 ELAPSED TIME=         18.96 s  REMAINING TIME=        167.22 s
 NC=   10100 T= 1.2341E+00 DT= 1.2218E-04 ERR= -0.0% DM/M= 0.0000E+00
 ELAPSED TIME=         19.15 s  REMAINING TIME=        167.03 s
 NC=   10200 T= 1.2463E+00 DT= 1.2218E-04 ERR= -0.0% DM/M= 0.0000E+00
 ELAPSED TIME=         19.33 s  REMAINING TIME=        166.83 s
 NC=   10300 T= 1.2585E+00 DT= 1.2218E-04 ERR= -0.0% DM/M= 0.0000E+00
 ELAPSED TIME=         19.52 s  REMAINING TIME=        166.64 s
 NC=   10400 T= 1.2707E+00 DT= 1.2218E-04 ERR= -0.0% DM/M= 0.0000E+00
 ELAPSED TIME=         19.71 s  REMAINING TIME=        166.45 s
 NC=   10500 T= 1.2829E+00 DT= 1.2218E-04 ERR= -0.0% DM/M= 0.0000E+00
 ELAPSED TIME=         19.90 s  REMAINING TIME=        166.26 s
 NC=   10600 T= 1.2951E+00 DT= 1.2218E-04 ERR= -0.0% DM/M= 0.0000E+00
 ELAPSED TIME=         20.10 s  REMAINING TIME=        166.11 s
 NC=   10700 T= 1.3074E+00 DT= 1.2218E-04 ERR= -0.0% DM/M= 0.0000E+00
 ELAPSED TIME=         20.29 s  REMAINING TIME=        165.91 s
 NC=   10800 T= 1.3196E+00 DT= 1.2218E-04 ERR= -0.0% DM/M= 0.0000E+00
 ELAPSED TIME=         20.48 s  REMAINING TIME=        165.73 s
 NC=   10900 T= 1.3318E+00 DT= 1.2218E-04 ERR= -0.0% DM/M= 0.0000E+00
 ELAPSED TIME=         20.66 s  REMAINING TIME=        165.53 s
 NC=   11000 T= 1.3440E+00 DT= 1.2218E-04 ERR= -0.0% DM/M= 0.0000E+00
 ELAPSED TIME=         20.85 s  REMAINING TIME=        165.34 s
 NC=   11100 T= 1.3562E+00 DT= 1.2218E-04 ERR= -0.0% DM/M= 0.0000E+00
 ELAPSED TIME=         21.05 s  REMAINING TIME=        165.18 s
 NC=   11200 T= 1.3685E+00 DT= 1.2218E-04 ERR= -0.0% DM/M= 0.0000E+00
 ELAPSED TIME=         21.24 s  REMAINING TIME=        164.98 s
 NC=   11300 T= 1.3807E+00 DT= 1.2218E-04 ERR= -0.0% DM/M= 0.0000E+00
 ELAPSED TIME=         21.42 s  REMAINING TIME=        164.78 s
 NC=   11400 T= 1.3929E+00 DT= 1.2218E-04 ERR= -0.0% DM/M= 0.0000E+00
 ELAPSED TIME=         21.61 s  REMAINING TIME=        164.59 s
 NC=   11500 T= 1.4051E+00 DT= 1.2218E-04 ERR= -0.0% DM/M= 0.0000E+00
 ELAPSED TIME=         21.80 s  REMAINING TIME=        164.41 s
 NC=   11600 T= 1.4173E+00 DT= 1.2218E-04 ERR= -0.0% DM/M= 0.0000E+00
 ELAPSED TIME=         22.00 s  REMAINING TIME=        164.23 s
 NC=   11700 T= 1.4296E+00 DT= 1.2218E-04 ERR= -0.0% DM/M= 0.0000E+00
 ELAPSED TIME=         22.18 s  REMAINING TIME=        164.03 s
 NC=   11800 T= 1.4418E+00 DT= 1.2218E-04 ERR= -0.0% DM/M= 0.0000E+00
 ELAPSED TIME=         22.37 s  REMAINING TIME=        163.85 s
 NC=   11900 T= 1.4540E+00 DT= 1.2218E-04 ERR= -0.0% DM/M= 0.0000E+00
 ELAPSED TIME=         22.56 s  REMAINING TIME=        163.66 s
 NC=   12000 T= 1.4662E+00 DT= 1.2218E-04 ERR= -0.0% DM/M= 0.0000E+00
 ELAPSED TIME=         22.75 s  REMAINING TIME=        163.48 s
 NC=   12100 T= 1.4784E+00 DT= 1.2218E-04 ERR= -0.0% DM/M= 0.0000E+00
 ELAPSED TIME=         22.94 s  REMAINING TIME=        163.28 s
 NC=   12200 T= 1.4906E+00 DT= 1.2218E-04 ERR= -0.0% DM/M= 0.0000E+00
 ELAPSED TIME=         23.13 s  REMAINING TIME=        163.09 s
 NC=   12300 T= 1.5029E+00 DT= 1.2218E-04 ERR= -0.0% DM/M= 0.0000E+00
 ELAPSED TIME=         23.32 s  REMAINING TIME=        162.90 s
 NC=   12400 T= 1.5151E+00 DT= 1.2218E-04 ERR= -0.0% DM/M= 0.0000E+00
 ELAPSED TIME=         23.51 s  REMAINING TIME=        162.72 s
 NC=   12500 T= 1.5273E+00 DT= 1.2218E-04 ERR= -0.0% DM/M= 0.0000E+00
 ELAPSED TIME=         23.71 s  REMAINING TIME=        162.55 s
 NC=   12600 T= 1.5395E+00 DT= 1.2218E-04 ERR= -0.0% DM/M= 0.0000E+00
 ELAPSED TIME=         23.90 s  REMAINING TIME=        162.37 s
 NC=   12700 T= 1.5517E+00 DT= 1.2218E-04 ERR= -0.0% DM/M= 0.0000E+00
 ELAPSED TIME=         24.09 s  REMAINING TIME=        162.18 s
 NC=   12800 T= 1.5640E+00 DT= 1.2218E-04 ERR= -0.0% DM/M= 0.0000E+00
 ELAPSED TIME=         24.28 s  REMAINING TIME=        161.99 s
 NC=   12900 T= 1.5762E+00 DT= 1.2218E-04 ERR= -0.0% DM/M= 0.0000E+00
 ELAPSED TIME=         24.47 s  REMAINING TIME=        161.81 s
 NC=   13000 T= 1.5884E+00 DT= 1.2218E-04 ERR= -0.0% DM/M= 0.0000E+00
 ELAPSED TIME=         24.66 s  REMAINING TIME=        161.61 s
 NC=   13100 T= 1.6006E+00 DT= 1.2218E-04 ERR= -0.0% DM/M= 0.0000E+00
 ELAPSED TIME=         24.85 s  REMAINING TIME=        161.42 s
 NC=   13200 T= 1.6128E+00 DT= 1.2218E-04 ERR= -0.0% DM/M= 0.0000E+00
 ELAPSED TIME=         25.03 s  REMAINING TIME=        161.23 s
 NC=   13300 T= 1.6250E+00 DT= 1.2218E-04 ERR= -0.0% DM/M= 0.0000E+00
 ELAPSED TIME=         25.22 s  REMAINING TIME=        161.03 s
 NC=   13400 T= 1.6373E+00 DT= 1.2218E-04 ERR= -0.0% DM/M= 0.0000E+00
 ELAPSED TIME=         25.41 s  REMAINING TIME=        160.84 s
 NC=   13500 T= 1.6495E+00 DT= 1.2218E-04 ERR= -0.0% DM/M= 0.0000E+00
 ELAPSED TIME=         25.60 s  REMAINING TIME=        160.64 s
 NC=   13600 T= 1.6617E+00 DT= 1.2218E-04 ERR= -0.0% DM/M= 0.0000E+00
 ELAPSED TIME=         25.79 s  REMAINING TIME=        160.45 s
 NC=   13700 T= 1.6739E+00 DT= 1.2218E-04 ERR= -0.0% DM/M= 0.0000E+00
 ELAPSED TIME=         25.98 s  REMAINING TIME=        160.26 s
 NC=   13800 T= 1.6861E+00 DT= 1.2218E-04 ERR= -0.0% DM/M= 0.0000E+00
 ELAPSED TIME=         26.17 s  REMAINING TIME=        160.07 s
 NC=   13900 T= 1.6984E+00 DT= 1.2218E-04 ERR= -0.0% DM/M= 0.0000E+00
 ELAPSED TIME=         26.36 s  REMAINING TIME=        159.89 s
 NC=   14000 T= 1.7106E+00 DT= 1.2218E-04 ERR= -0.0% DM/M= 0.0000E+00
 ELAPSED TIME=         26.55 s  REMAINING TIME=        159.69 s
 NC=   14100 T= 1.7228E+00 DT= 1.2218E-04 ERR= -0.0% DM/M= 0.0000E+00
 ELAPSED TIME=         26.74 s  REMAINING TIME=        159.50 s
 NC=   14200 T= 1.7350E+00 DT= 1.2218E-04 ERR= -0.0% DM/M= 0.0000E+00
 ELAPSED TIME=         26.93 s  REMAINING TIME=        159.31 s
 NC=   14300 T= 1.7472E+00 DT= 1.2218E-04 ERR= -0.0% DM/M= 0.0000E+00
 ELAPSED TIME=         27.12 s  REMAINING TIME=        159.11 s
 NC=   14400 T= 1.7594E+00 DT= 1.2218E-04 ERR= -0.0% DM/M= 0.0000E+00
 ELAPSED TIME=         27.31 s  REMAINING TIME=        158.93 s
 NC=   14500 T= 1.7717E+00 DT= 1.2218E-04 ERR= -0.0% DM/M= 0.0000E+00
 ELAPSED TIME=         27.50 s  REMAINING TIME=        158.75 s
 NC=   14600 T= 1.7839E+00 DT= 1.2218E-04 ERR= -0.0% DM/M= 0.0000E+00
 ELAPSED TIME=         27.69 s  REMAINING TIME=        158.57 s
 NC=   14700 T= 1.7961E+00 DT= 1.2218E-04 ERR= -0.0% DM/M= 0.0000E+00
 ELAPSED TIME=         27.88 s  REMAINING TIME=        158.38 s
 NC=   14800 T= 1.8083E+00 DT= 1.2218E-04 ERR= -0.0% DM/M= 0.0000E+00
 ELAPSED TIME=         28.07 s  REMAINING TIME=        158.18 s
 NC=   14900 T= 1.8205E+00 DT= 1.2218E-04 ERR= -0.0% DM/M= 0.0000E+00
 ELAPSED TIME=         28.25 s  REMAINING TIME=        157.99 s
 NC=   15000 T= 1.8328E+00 DT= 1.2218E-04 ERR= -0.0% DM/M= 0.0000E+00
 ELAPSED TIME=         28.44 s  REMAINING TIME=        157.79 s
 NC=   15100 T= 1.8450E+00 DT= 1.2218E-04 ERR= -0.0% DM/M= 0.0000E+00
 ELAPSED TIME=         28.63 s  REMAINING TIME=        157.59 s
 NC=   15200 T= 1.8572E+00 DT= 1.2218E-04 ERR= -0.0% DM/M= 0.0000E+00
 ELAPSED TIME=         28.82 s  REMAINING TIME=        157.40 s
 NC=   15300 T= 1.8694E+00 DT= 1.2218E-04 ERR= -0.0% DM/M= 0.0000E+00
 ELAPSED TIME=         29.01 s  REMAINING TIME=        157.21 s
 NC=   15400 T= 1.8816E+00 DT= 1.2218E-04 ERR= -0.0% DM/M= 0.0000E+00
 ELAPSED TIME=         29.20 s  REMAINING TIME=        157.02 s
 NC=   15500 T= 1.8938E+00 DT= 1.2218E-04 ERR= -0.0% DM/M= 0.0000E+00
 ELAPSED TIME=         29.39 s  REMAINING TIME=        156.83 s
 NC=   15600 T= 1.9061E+00 DT= 1.2218E-04 ERR= -0.0% DM/M= 0.0000E+00
 ELAPSED TIME=         29.58 s  REMAINING TIME=        156.63 s
 NC=   15700 T= 1.9183E+00 DT= 1.2218E-04 ERR= -0.0% DM/M= 0.0000E+00
 ELAPSED TIME=         29.77 s  REMAINING TIME=        156.46 s
 NC=   15800 T= 1.9305E+00 DT= 1.2218E-04 ERR= -0.0% DM/M= 0.0000E+00
 ELAPSED TIME=         29.96 s  REMAINING TIME=        156.27 s
 NC=   15900 T= 1.9427E+00 DT= 1.2218E-04 ERR= -0.0% DM/M= 0.0000E+00
 ELAPSED TIME=         30.15 s  REMAINING TIME=        156.07 s
 NC=   16000 T= 1.9549E+00 DT= 1.2218E-04 ERR= -0.0% DM/M= 0.0000E+00
 ELAPSED TIME=         30.34 s  REMAINING TIME=        155.88 s
 NC=   16100 T= 1.9672E+00 DT= 1.2218E-04 ERR= -0.0% DM/M= 0.0000E+00
 ELAPSED TIME=         30.53 s  REMAINING TIME=        155.68 s
 NC=   16200 T= 1.9794E+00 DT= 1.2218E-04 ERR= -0.0% DM/M= 0.0000E+00
 ELAPSED TIME=         30.71 s  REMAINING TIME=        155.49 s
 NC=   16300 T= 1.9916E+00 DT= 1.2218E-04 ERR= -0.0% DM/M= 0.0000E+00
 ELAPSED TIME=         30.90 s  REMAINING TIME=        155.30 s
 NC=   16400 T= 2.0038E+00 DT= 1.2218E-04 ERR= -0.0% DM/M= 0.0000E+00
 ELAPSED TIME=         31.09 s  REMAINING TIME=        155.11 s
 NC=   16500 T= 2.0160E+00 DT= 1.2218E-04 ERR= -0.0% DM/M= 0.0000E+00
 ELAPSED TIME=         31.28 s  REMAINING TIME=        154.91 s
 NC=   16600 T= 2.0283E+00 DT= 1.2218E-04 ERR= -0.0% DM/M= 0.0000E+00
 ELAPSED TIME=         31.47 s  REMAINING TIME=        154.72 s
 NC=   16700 T= 2.0405E+00 DT= 1.2218E-04 ERR= -0.0% DM/M= 0.0000E+00
 ELAPSED TIME=         31.66 s  REMAINING TIME=        154.52 s
 NC=   16800 T= 2.0527E+00 DT= 1.2218E-04 ERR= -0.0% DM/M= 0.0000E+00
 ELAPSED TIME=         31.85 s  REMAINING TIME=        154.34 s
 NC=   16900 T= 2.0649E+00 DT= 1.2218E-04 ERR= -0.0% DM/M= 0.0000E+00
 ELAPSED TIME=         32.04 s  REMAINING TIME=        154.15 s
 NC=   17000 T= 2.0771E+00 DT= 1.2218E-04 ERR= -0.0% DM/M= 0.0000E+00
 ELAPSED TIME=         32.23 s  REMAINING TIME=        153.96 s
 NC=   17100 T= 2.0893E+00 DT= 1.2218E-04 ERR= -0.0% DM/M= 0.0000E+00
 ELAPSED TIME=         32.42 s  REMAINING TIME=        153.77 s
 NC=   17200 T= 2.1016E+00 DT= 1.2218E-04 ERR= -0.0% DM/M= 0.0000E+00
 ELAPSED TIME=         32.61 s  REMAINING TIME=        153.57 s
 NC=   17300 T= 2.1138E+00 DT= 1.2218E-04 ERR= -0.0% DM/M= 0.0000E+00
 ELAPSED TIME=         32.79 s  REMAINING TIME=        153.38 s
 NC=   17400 T= 2.1260E+00 DT= 1.2218E-04 ERR= -0.0% DM/M= 0.0000E+00
 ELAPSED TIME=         32.98 s  REMAINING TIME=        153.19 s
 NC=   17500 T= 2.1382E+00 DT= 1.2218E-04 ERR= -0.0% DM/M= 0.0000E+00
 ELAPSED TIME=         33.17 s  REMAINING TIME=        153.00 s
 NC=   17600 T= 2.1504E+00 DT= 1.2218E-04 ERR= -0.0% DM/M= 0.0000E+00
 ELAPSED TIME=         33.36 s  REMAINING TIME=        152.80 s
 NC=   17700 T= 2.1627E+00 DT= 1.2218E-04 ERR= -0.0% DM/M= 0.0000E+00
 ELAPSED TIME=         33.55 s  REMAINING TIME=        152.61 s
 NC=   17800 T= 2.1749E+00 DT= 1.2218E-04 ERR= -0.0% DM/M= 0.0000E+00
 ELAPSED TIME=         33.74 s  REMAINING TIME=        152.43 s
 NC=   17900 T= 2.1871E+00 DT= 1.2218E-04 ERR= -0.0% DM/M= 0.0000E+00
 ELAPSED TIME=         33.93 s  REMAINING TIME=        152.24 s
 NC=   18000 T= 2.1993E+00 DT= 1.2218E-04 ERR= -0.0% DM/M= 0.0000E+00
 ELAPSED TIME=         34.12 s  REMAINING TIME=        152.04 s
 NC=   18100 T= 2.2115E+00 DT= 1.2218E-04 ERR= -0.0% DM/M= 0.0000E+00
 ELAPSED TIME=         34.31 s  REMAINING TIME=        151.85 s
 NC=   18200 T= 2.2237E+00 DT= 1.2218E-04 ERR= -0.0% DM/M= 0.0000E+00
 ELAPSED TIME=         34.50 s  REMAINING TIME=        151.67 s
 NC=   18300 T= 2.2360E+00 DT= 1.2218E-04 ERR= -0.0% DM/M= 0.0000E+00
 ELAPSED TIME=         34.69 s  REMAINING TIME=        151.47 s
 NC=   18400 T= 2.2482E+00 DT= 1.2218E-04 ERR= -0.0% DM/M= 0.0000E+00
 ELAPSED TIME=         34.88 s  REMAINING TIME=        151.28 s
 NC=   18500 T= 2.2604E+00 DT= 1.2218E-04 ERR= -0.0% DM/M= 0.0000E+00
 ELAPSED TIME=         35.06 s  REMAINING TIME=        151.09 s
 NC=   18600 T= 2.2726E+00 DT= 1.2218E-04 ERR= -0.0% DM/M= 0.0000E+00
 ELAPSED TIME=         35.25 s  REMAINING TIME=        150.89 s
 NC=   18700 T= 2.2848E+00 DT= 1.2218E-04 ERR= -0.0% DM/M= 0.0000E+00
 ELAPSED TIME=         35.44 s  REMAINING TIME=        150.70 s
 NC=   18800 T= 2.2971E+00 DT= 1.2218E-04 ERR= -0.0% DM/M= 0.0000E+00
 ELAPSED TIME=         35.63 s  REMAINING TIME=        150.51 s
 NC=   18900 T= 2.3093E+00 DT= 1.2218E-04 ERR= -0.0% DM/M= 0.0000E+00
 ELAPSED TIME=         35.82 s  REMAINING TIME=        150.32 s
 NC=   19000 T= 2.3215E+00 DT= 1.2218E-04 ERR= -0.0% DM/M= 0.0000E+00
 ELAPSED TIME=         36.01 s  REMAINING TIME=        150.14 s
 NC=   19100 T= 2.3337E+00 DT= 1.2218E-04 ERR= -0.0% DM/M= 0.0000E+00
 ELAPSED TIME=         36.20 s  REMAINING TIME=        149.95 s
 NC=   19200 T= 2.3459E+00 DT= 1.2218E-04 ERR= -0.0% DM/M= 0.0000E+00
 ELAPSED TIME=         36.39 s  REMAINING TIME=        149.77 s
 NC=   19300 T= 2.3581E+00 DT= 1.2218E-04 ERR= -0.0% DM/M= 0.0000E+00
 ELAPSED TIME=         36.58 s  REMAINING TIME=        149.57 s
 NC=   19400 T= 2.3704E+00 DT= 1.2218E-04 ERR= -0.0% DM/M= 0.0000E+00
 ELAPSED TIME=         36.77 s  REMAINING TIME=        149.38 s
 NC=   19500 T= 2.3826E+00 DT= 1.2218E-04 ERR= -0.0% DM/M= 0.0000E+00
 ELAPSED TIME=         36.96 s  REMAINING TIME=        149.19 s
 NC=   19600 T= 2.3948E+00 DT= 1.2218E-04 ERR= -0.0% DM/M= 0.0000E+00
 ELAPSED TIME=         37.15 s  REMAINING TIME=        149.00 s
 NC=   19700 T= 2.4070E+00 DT= 1.2218E-04 ERR= -0.0% DM/M= 0.0000E+00
 ELAPSED TIME=         37.34 s  REMAINING TIME=        148.81 s
 NC=   19800 T= 2.4192E+00 DT= 1.2218E-04 ERR= -0.0% DM/M= 0.0000E+00
 ELAPSED TIME=         37.53 s  REMAINING TIME=        148.61 s
 NC=   19900 T= 2.4315E+00 DT= 1.2218E-04 ERR= -0.0% DM/M= 0.0000E+00
 ELAPSED TIME=         37.72 s  REMAINING TIME=        148.42 s
 NC=   20000 T= 2.4437E+00 DT= 1.2218E-04 ERR= -0.0% DM/M= 0.0000E+00
 ELAPSED TIME=         37.90 s  REMAINING TIME=        148.23 s
 NC=   20100 T= 2.4559E+00 DT= 1.2218E-04 ERR= -0.0% DM/M= 0.0000E+00
 ELAPSED TIME=         38.09 s  REMAINING TIME=        148.03 s
 NC=   20200 T= 2.4681E+00 DT= 1.2218E-04 ERR= -0.0% DM/M= 0.0000E+00
 ELAPSED TIME=         38.28 s  REMAINING TIME=        147.84 s
 NC=   20300 T= 2.4803E+00 DT= 1.2218E-04 ERR= -0.0% DM/M= 0.0000E+00
 ELAPSED TIME=         38.47 s  REMAINING TIME=        147.65 s
 NC=   20400 T= 2.4925E+00 DT= 1.2218E-04 ERR= -0.0% DM/M= 0.0000E+00
 ELAPSED TIME=         38.66 s  REMAINING TIME=        147.46 s
 NC=   20500 T= 2.5048E+00 DT= 1.2218E-04 ERR= -0.0% DM/M= 0.0000E+00
 ELAPSED TIME=         38.85 s  REMAINING TIME=        147.27 s
 NC=   20600 T= 2.5170E+00 DT= 1.2218E-04 ERR= -0.0% DM/M= 0.0000E+00
 ELAPSED TIME=         39.04 s  REMAINING TIME=        147.07 s
 NC=   20700 T= 2.5292E+00 DT= 1.2218E-04 ERR= -0.0% DM/M= 0.0000E+00
 ELAPSED TIME=         39.22 s  REMAINING TIME=        146.88 s
 NC=   20800 T= 2.5414E+00 DT= 1.2218E-04 ERR= -0.0% DM/M= 0.0000E+00
 ELAPSED TIME=         39.41 s  REMAINING TIME=        146.69 s
 NC=   20900 T= 2.5536E+00 DT= 1.2218E-04 ERR= -0.0% DM/M= 0.0000E+00
 ELAPSED TIME=         39.60 s  REMAINING TIME=        146.49 s
 NC=   21000 T= 2.5659E+00 DT= 1.2218E-04 ERR= -0.0% DM/M= 0.0000E+00
 ELAPSED TIME=         39.79 s  REMAINING TIME=        146.30 s
 NC=   21100 T= 2.5781E+00 DT= 1.2218E-04 ERR= -0.0% DM/M= 0.0000E+00
 ELAPSED TIME=         39.98 s  REMAINING TIME=        146.11 s
 NC=   21200 T= 2.5903E+00 DT= 1.2218E-04 ERR= -0.0% DM/M= 0.0000E+00
 ELAPSED TIME=         40.17 s  REMAINING TIME=        145.92 s
 NC=   21300 T= 2.6025E+00 DT= 1.2218E-04 ERR= -0.0% DM/M= 0.0000E+00
 ELAPSED TIME=         40.36 s  REMAINING TIME=        145.74 s
 NC=   21400 T= 2.6147E+00 DT= 1.2218E-04 ERR= -0.0% DM/M= 0.0000E+00
 ELAPSED TIME=         40.55 s  REMAINING TIME=        145.55 s
 NC=   21500 T= 2.6269E+00 DT= 1.2218E-04 ERR= -0.0% DM/M= 0.0000E+00
 ELAPSED TIME=         40.74 s  REMAINING TIME=        145.36 s
 NC=   21600 T= 2.6392E+00 DT= 1.2218E-04 ERR= -0.0% DM/M= 0.0000E+00
 ELAPSED TIME=         40.93 s  REMAINING TIME=        145.16 s
 NC=   21700 T= 2.6514E+00 DT= 1.2218E-04 ERR= -0.0% DM/M= 0.0000E+00
 ELAPSED TIME=         41.12 s  REMAINING TIME=        144.98 s
 NC=   21800 T= 2.6636E+00 DT= 1.2218E-04 ERR= -0.0% DM/M= 0.0000E+00
 ELAPSED TIME=         41.31 s  REMAINING TIME=        144.79 s
 NC=   21900 T= 2.6758E+00 DT= 1.2218E-04 ERR= -0.0% DM/M= 0.0000E+00
 ELAPSED TIME=         41.50 s  REMAINING TIME=        144.60 s
 NC=   22000 T= 2.6880E+00 DT= 1.2218E-04 ERR= -0.0% DM/M= 0.0000E+00
 ELAPSED TIME=         41.68 s  REMAINING TIME=        144.40 s
 NC=   22100 T= 2.7003E+00 DT= 1.2218E-04 ERR= -0.0% DM/M= 0.0000E+00
 ELAPSED TIME=         41.87 s  REMAINING TIME=        144.21 s
 NC=   22200 T= 2.7125E+00 DT= 1.2218E-04 ERR= -0.0% DM/M= 0.0000E+00
 ELAPSED TIME=         42.06 s  REMAINING TIME=        144.02 s
 NC=   22300 T= 2.7247E+00 DT= 1.2218E-04 ERR= -0.0% DM/M= 0.0000E+00
 ELAPSED TIME=         42.25 s  REMAINING TIME=        143.83 s
 NC=   22400 T= 2.7369E+00 DT= 1.2218E-04 ERR= -0.0% DM/M= 0.0000E+00
 ELAPSED TIME=         42.44 s  REMAINING TIME=        143.64 s
 NC=   22500 T= 2.7491E+00 DT= 1.2218E-04 ERR= -0.0% DM/M= 0.0000E+00
 ELAPSED TIME=         42.63 s  REMAINING TIME=        143.44 s
 NC=   22600 T= 2.7613E+00 DT= 1.2218E-04 ERR= -0.0% DM/M= 0.0000E+00
 ELAPSED TIME=         42.82 s  REMAINING TIME=        143.25 s
 NC=   22700 T= 2.7736E+00 DT= 1.2218E-04 ERR= -0.0% DM/M= 0.0000E+00
 ELAPSED TIME=         43.01 s  REMAINING TIME=        143.06 s
 NC=   22800 T= 2.7858E+00 DT= 1.2218E-04 ERR= -0.0% DM/M= 0.0000E+00
 ELAPSED TIME=         43.20 s  REMAINING TIME=        142.88 s
 NC=   22900 T= 2.7980E+00 DT= 1.2218E-04 ERR= -0.0% DM/M= 0.0000E+00
 ELAPSED TIME=         43.39 s  REMAINING TIME=        142.69 s
 NC=   23000 T= 2.8102E+00 DT= 1.2218E-04 ERR= -0.0% DM/M= 0.0000E+00
 ELAPSED TIME=         43.58 s  REMAINING TIME=        142.50 s
 NC=   23100 T= 2.8224E+00 DT= 1.2218E-04 ERR= -0.0% DM/M= 0.0000E+00
 ELAPSED TIME=         43.76 s  REMAINING TIME=        142.31 s
 NC=   23200 T= 2.8347E+00 DT= 1.2218E-04 ERR= -0.0% DM/M= 0.0000E+00
 ELAPSED TIME=         43.95 s  REMAINING TIME=        142.12 s
 NC=   23300 T= 2.8469E+00 DT= 1.2218E-04 ERR= -0.0% DM/M= 0.0000E+00
 ELAPSED TIME=         44.14 s  REMAINING TIME=        141.92 s
 NC=   23400 T= 2.8591E+00 DT= 1.2218E-04 ERR= -0.0% DM/M= 0.0000E+00
 ELAPSED TIME=         44.33 s  REMAINING TIME=        141.73 s
 NC=   23500 T= 2.8713E+00 DT= 1.2218E-04 ERR= -0.0% DM/M= 0.0000E+00
 ELAPSED TIME=         44.52 s  REMAINING TIME=        141.54 s
 NC=   23600 T= 2.8835E+00 DT= 1.2218E-04 ERR= -0.0% DM/M= 0.0000E+00
 ELAPSED TIME=         44.71 s  REMAINING TIME=        141.35 s
 NC=   23700 T= 2.8957E+00 DT= 1.2218E-04 ERR= -0.0% DM/M= 0.0000E+00
 ELAPSED TIME=         44.90 s  REMAINING TIME=        141.16 s
 NC=   23800 T= 2.9080E+00 DT= 1.2218E-04 ERR= -0.0% DM/M= 0.0000E+00
 ELAPSED TIME=         45.09 s  REMAINING TIME=        140.96 s
 NC=   23900 T= 2.9202E+00 DT= 1.2218E-04 ERR= -0.0% DM/M= 0.0000E+00
 ELAPSED TIME=         45.28 s  REMAINING TIME=        140.78 s
 NC=   24000 T= 2.9324E+00 DT= 1.2218E-04 ERR= -0.0% DM/M= 0.0000E+00
 ELAPSED TIME=         45.46 s  REMAINING TIME=        140.58 s
 NC=   24100 T= 2.9446E+00 DT= 1.2218E-04 ERR= -0.0% DM/M= 0.0000E+00
 ELAPSED TIME=         45.65 s  REMAINING TIME=        140.39 s
 NC=   24200 T= 2.9568E+00 DT= 1.2218E-04 ERR= -0.0% DM/M= 0.0000E+00
 ELAPSED TIME=         45.84 s  REMAINING TIME=        140.20 s
 NC=   24300 T= 2.9691E+00 DT= 1.2218E-04 ERR= -0.0% DM/M= 0.0000E+00
 ELAPSED TIME=         46.03 s  REMAINING TIME=        140.01 s
 NC=   24400 T= 2.9813E+00 DT= 1.2218E-04 ERR= -0.0% DM/M= 0.0000E+00
 ELAPSED TIME=         46.22 s  REMAINING TIME=        139.82 s
 NC=   24500 T= 2.9935E+00 DT= 1.2218E-04 ERR= -0.0% DM/M= 0.0000E+00
 ELAPSED TIME=         46.41 s  REMAINING TIME=        139.63 s
 NC=   24600 T= 3.0057E+00 DT= 1.2218E-04 ERR= -0.0% DM/M= 0.0000E+00
 ELAPSED TIME=         46.60 s  REMAINING TIME=        139.44 s
 NC=   24700 T= 3.0179E+00 DT= 1.2218E-04 ERR= -0.0% DM/M= 0.0000E+00
 ELAPSED TIME=         46.79 s  REMAINING TIME=        139.25 s
 NC=   24800 T= 3.0301E+00 DT= 1.2218E-04 ERR= -0.0% DM/M= 0.0000E+00
 ELAPSED TIME=         46.98 s  REMAINING TIME=        139.06 s
 NC=   24900 T= 3.0424E+00 DT= 1.2218E-04 ERR= -0.0% DM/M= 0.0000E+00
 ELAPSED TIME=         47.17 s  REMAINING TIME=        138.88 s
 NC=   25000 T= 3.0546E+00 DT= 1.2218E-04 ERR= -0.0% DM/M= 0.0000E+00
 ELAPSED TIME=         47.36 s  REMAINING TIME=        138.69 s
 NC=   25100 T= 3.0668E+00 DT= 1.2218E-04 ERR= -0.0% DM/M= 0.0000E+00
 ELAPSED TIME=         47.55 s  REMAINING TIME=        138.49 s
 NC=   25200 T= 3.0790E+00 DT= 1.2218E-04 ERR= -0.0% DM/M= 0.0000E+00
 ELAPSED TIME=         47.73 s  REMAINING TIME=        138.30 s
 NC=   25300 T= 3.0912E+00 DT= 1.2218E-04 ERR= -0.0% DM/M= 0.0000E+00
 ELAPSED TIME=         47.92 s  REMAINING TIME=        138.11 s
 NC=   25400 T= 3.1035E+00 DT= 1.2218E-04 ERR= -0.0% DM/M= 0.0000E+00
 ELAPSED TIME=         48.11 s  REMAINING TIME=        137.92 s
 NC=   25500 T= 3.1157E+00 DT= 1.2218E-04 ERR= -0.0% DM/M= 0.0000E+00
 ELAPSED TIME=         48.30 s  REMAINING TIME=        137.74 s
 NC=   25600 T= 3.1279E+00 DT= 1.2218E-04 ERR= -0.0% DM/M= 0.0000E+00
 ELAPSED TIME=         48.49 s  REMAINING TIME=        137.55 s
 NC=   25700 T= 3.1401E+00 DT= 1.2218E-04 ERR= -0.0% DM/M= 0.0000E+00
 ELAPSED TIME=         48.68 s  REMAINING TIME=        137.36 s
 NC=   25800 T= 3.1523E+00 DT= 1.2218E-04 ERR= -0.0% DM/M= 0.0000E+00
 ELAPSED TIME=         48.87 s  REMAINING TIME=        137.17 s
 NC=   25900 T= 3.1645E+00 DT= 1.2218E-04 ERR= -0.0% DM/M= 0.0000E+00
 ELAPSED TIME=         49.06 s  REMAINING TIME=        136.98 s
 NC=   26000 T= 3.1768E+00 DT= 1.2218E-04 ERR= -0.0% DM/M= 0.0000E+00
 ELAPSED TIME=         49.25 s  REMAINING TIME=        136.79 s
 NC=   26100 T= 3.1890E+00 DT= 1.2218E-04 ERR= -0.0% DM/M= 0.0000E+00
 ELAPSED TIME=         49.44 s  REMAINING TIME=        136.60 s
 NC=   26200 T= 3.2012E+00 DT= 1.2218E-04 ERR= -0.0% DM/M= 0.0000E+00
 ELAPSED TIME=         49.63 s  REMAINING TIME=        136.41 s
 NC=   26300 T= 3.2134E+00 DT= 1.2218E-04 ERR= -0.0% DM/M= 0.0000E+00
 ELAPSED TIME=         49.82 s  REMAINING TIME=        136.22 s
 NC=   26400 T= 3.2256E+00 DT= 1.2218E-04 ERR= -0.0% DM/M= 0.0000E+00
 ELAPSED TIME=         50.01 s  REMAINING TIME=        136.03 s
 NC=   26500 T= 3.2379E+00 DT= 1.2218E-04 ERR= -0.0% DM/M= 0.0000E+00
 ELAPSED TIME=         50.20 s  REMAINING TIME=        135.84 s
 NC=   26600 T= 3.2501E+00 DT= 1.2218E-04 ERR= -0.0% DM/M= 0.0000E+00
 ELAPSED TIME=         50.39 s  REMAINING TIME=        135.65 s
 NC=   26700 T= 3.2623E+00 DT= 1.2218E-04 ERR= -0.0% DM/M= 0.0000E+00
 ELAPSED TIME=         50.57 s  REMAINING TIME=        135.46 s
 NC=   26800 T= 3.2745E+00 DT= 1.2218E-04 ERR= -0.0% DM/M= 0.0000E+00
 ELAPSED TIME=         50.76 s  REMAINING TIME=        135.27 s
 NC=   26900 T= 3.2867E+00 DT= 1.2218E-04 ERR= -0.0% DM/M= 0.0000E+00
 ELAPSED TIME=         50.95 s  REMAINING TIME=        135.08 s
 NC=   27000 T= 3.2989E+00 DT= 1.2218E-04 ERR= -0.0% DM/M= 0.0000E+00
 ELAPSED TIME=         51.14 s  REMAINING TIME=        134.89 s
 NC=   27100 T= 3.3112E+00 DT= 1.2218E-04 ERR= -0.0% DM/M= 0.0000E+00
 ELAPSED TIME=         51.33 s  REMAINING TIME=        134.70 s
 NC=   27200 T= 3.3234E+00 DT= 1.2218E-04 ERR= -0.0% DM/M= 0.0000E+00
 ELAPSED TIME=         51.52 s  REMAINING TIME=        134.51 s
 NC=   27300 T= 3.3356E+00 DT= 1.2218E-04 ERR= -0.0% DM/M= 0.0000E+00
 ELAPSED TIME=         51.71 s  REMAINING TIME=        134.32 s
 NC=   27400 T= 3.3478E+00 DT= 1.2218E-04 ERR= -0.0% DM/M= 0.0000E+00
 ELAPSED TIME=         51.90 s  REMAINING TIME=        134.14 s
 NC=   27500 T= 3.3600E+00 DT= 1.2218E-04 ERR= -0.0% DM/M= 0.0000E+00
 ELAPSED TIME=         52.09 s  REMAINING TIME=        133.95 s
 NC=   27600 T= 3.3723E+00 DT= 1.2218E-04 ERR= -0.0% DM/M= 0.0000E+00
 ELAPSED TIME=         52.28 s  REMAINING TIME=        133.76 s
 NC=   27700 T= 3.3845E+00 DT= 1.2218E-04 ERR= -0.0% DM/M= 0.0000E+00
 ELAPSED TIME=         52.47 s  REMAINING TIME=        133.57 s
 NC=   27800 T= 3.3967E+00 DT= 1.2218E-04 ERR= -0.0% DM/M= 0.0000E+00
 ELAPSED TIME=         52.66 s  REMAINING TIME=        133.39 s
 NC=   27900 T= 3.4089E+00 DT= 1.2218E-04 ERR= -0.0% DM/M= 0.0000E+00
 ELAPSED TIME=         52.85 s  REMAINING TIME=        133.20 s
 NC=   28000 T= 3.4211E+00 DT= 1.2218E-04 ERR= -0.0% DM/M= 0.0000E+00
 ELAPSED TIME=         53.04 s  REMAINING TIME=        133.01 s
 NC=   28100 T= 3.4333E+00 DT= 1.2218E-04 ERR= -0.0% DM/M= 0.0000E+00
 ELAPSED TIME=         53.23 s  REMAINING TIME=        132.82 s
 NC=   28200 T= 3.4456E+00 DT= 1.2218E-04 ERR= -0.0% DM/M= 0.0000E+00
 ELAPSED TIME=         53.42 s  REMAINING TIME=        132.63 s
 NC=   28300 T= 3.4578E+00 DT= 1.2218E-04 ERR= -0.0% DM/M= 0.0000E+00
 ELAPSED TIME=         53.61 s  REMAINING TIME=        132.44 s
 NC=   28400 T= 3.4700E+00 DT= 1.2218E-04 ERR= -0.0% DM/M= 0.0000E+00
 ELAPSED TIME=         53.80 s  REMAINING TIME=        132.25 s
 NC=   28500 T= 3.4822E+00 DT= 1.2218E-04 ERR= -0.0% DM/M= 0.0000E+00
 ELAPSED TIME=         53.99 s  REMAINING TIME=        132.06 s
 NC=   28600 T= 3.4944E+00 DT= 1.2218E-04 ERR= -0.0% DM/M= 0.0000E+00
 ELAPSED TIME=         54.18 s  REMAINING TIME=        131.87 s
 NC=   28700 T= 3.5067E+00 DT= 1.2218E-04 ERR= -0.0% DM/M= 0.0000E+00
 ELAPSED TIME=         54.37 s  REMAINING TIME=        131.68 s
 NC=   28800 T= 3.5189E+00 DT= 1.2218E-04 ERR= -0.0% DM/M= 0.0000E+00
 ELAPSED TIME=         54.56 s  REMAINING TIME=        131.49 s
 NC=   28900 T= 3.5311E+00 DT= 1.2218E-04 ERR= -0.0% DM/M= 0.0000E+00
 ELAPSED TIME=         54.75 s  REMAINING TIME=        131.30 s
 NC=   29000 T= 3.5433E+00 DT= 1.2218E-04 ERR= -0.0% DM/M= 0.0000E+00
 ELAPSED TIME=         54.94 s  REMAINING TIME=        131.11 s
 NC=   29100 T= 3.5555E+00 DT= 1.2218E-04 ERR= -0.0% DM/M= 0.0000E+00
 ELAPSED TIME=         55.12 s  REMAINING TIME=        130.92 s
 NC=   29200 T= 3.5677E+00 DT= 1.2218E-04 ERR= -0.0% DM/M= 0.0000E+00
 ELAPSED TIME=         55.31 s  REMAINING TIME=        130.73 s
 NC=   29300 T= 3.5800E+00 DT= 1.2218E-04 ERR= -0.0% DM/M= 0.0000E+00
 ELAPSED TIME=         55.50 s  REMAINING TIME=        130.54 s
 NC=   29400 T= 3.5922E+00 DT= 1.2218E-04 ERR= -0.0% DM/M= 0.0000E+00
 ELAPSED TIME=         55.69 s  REMAINING TIME=        130.35 s
 NC=   29500 T= 3.6044E+00 DT= 1.2218E-04 ERR= -0.0% DM/M= 0.0000E+00
 ELAPSED TIME=         55.88 s  REMAINING TIME=        130.16 s
 NC=   29600 T= 3.6166E+00 DT= 1.2218E-04 ERR= -0.0% DM/M= 0.0000E+00
 ELAPSED TIME=         56.07 s  REMAINING TIME=        129.97 s
 NC=   29700 T= 3.6288E+00 DT= 1.2218E-04 ERR= -0.0% DM/M= 0.0000E+00
 ELAPSED TIME=         56.26 s  REMAINING TIME=        129.78 s
 NC=   29800 T= 3.6411E+00 DT= 1.2218E-04 ERR= -0.0% DM/M= 0.0000E+00
 ELAPSED TIME=         56.45 s  REMAINING TIME=        129.59 s
 NC=   29900 T= 3.6533E+00 DT= 1.2218E-04 ERR= -0.0% DM/M= 0.0000E+00
 ELAPSED TIME=         56.64 s  REMAINING TIME=        129.40 s
 NC=   30000 T= 3.6655E+00 DT= 1.2218E-04 ERR= -0.0% DM/M= 0.0000E+00
 ELAPSED TIME=         56.83 s  REMAINING TIME=        129.21 s
 NC=   30100 T= 3.6777E+00 DT= 1.2218E-04 ERR= -0.0% DM/M= 0.0000E+00
 ELAPSED TIME=         57.02 s  REMAINING TIME=        129.02 s
 NC=   30200 T= 3.6899E+00 DT= 1.2218E-04 ERR= -0.0% DM/M= 0.0000E+00
 ELAPSED TIME=         57.21 s  REMAINING TIME=        128.83 s
 NC=   30300 T= 3.7021E+00 DT= 1.2218E-04 ERR= -0.0% DM/M= 0.0000E+00
 ELAPSED TIME=         57.39 s  REMAINING TIME=        128.64 s
 NC=   30400 T= 3.7144E+00 DT= 1.2218E-04 ERR= -0.0% DM/M= 0.0000E+00
 ELAPSED TIME=         57.58 s  REMAINING TIME=        128.45 s
 NC=   30500 T= 3.7266E+00 DT= 1.2218E-04 ERR= -0.0% DM/M= 0.0000E+00
 ELAPSED TIME=         57.77 s  REMAINING TIME=        128.26 s
 NC=   30600 T= 3.7388E+00 DT= 1.2218E-04 ERR= -0.0% DM/M= 0.0000E+00
 ELAPSED TIME=         57.96 s  REMAINING TIME=        128.07 s
 NC=   30700 T= 3.7510E+00 DT= 1.2218E-04 ERR= -0.0% DM/M= 0.0000E+00
 ELAPSED TIME=         58.15 s  REMAINING TIME=        127.88 s
 NC=   30800 T= 3.7632E+00 DT= 1.2218E-04 ERR= -0.0% DM/M= 0.0000E+00
 ELAPSED TIME=         58.34 s  REMAINING TIME=        127.69 s
 NC=   30900 T= 3.7755E+00 DT= 1.2218E-04 ERR= -0.0% DM/M= 0.0000E+00
 ELAPSED TIME=         58.53 s  REMAINING TIME=        127.50 s
 NC=   31000 T= 3.7877E+00 DT= 1.2218E-04 ERR= -0.0% DM/M= 0.0000E+00
 ELAPSED TIME=         58.72 s  REMAINING TIME=        127.31 s
 NC=   31100 T= 3.7999E+00 DT= 1.2218E-04 ERR= -0.0% DM/M= 0.0000E+00
 ELAPSED TIME=         58.91 s  REMAINING TIME=        127.12 s
 NC=   31200 T= 3.8121E+00 DT= 1.2218E-04 ERR= -0.0% DM/M= 0.0000E+00
 ELAPSED TIME=         59.09 s  REMAINING TIME=        126.93 s
 NC=   31300 T= 3.8243E+00 DT= 1.2218E-04 ERR= -0.0% DM/M= 0.0000E+00
 ELAPSED TIME=         59.28 s  REMAINING TIME=        126.74 s
 NC=   31400 T= 3.8365E+00 DT= 1.2218E-04 ERR= -0.0% DM/M= 0.0000E+00
 ELAPSED TIME=         59.47 s  REMAINING TIME=        126.54 s
 NC=   31500 T= 3.8488E+00 DT= 1.2218E-04 ERR= -0.0% DM/M= 0.0000E+00
 ELAPSED TIME=         59.66 s  REMAINING TIME=        126.36 s
 NC=   31600 T= 3.8610E+00 DT= 1.2218E-04 ERR= -0.0% DM/M= 0.0000E+00
 ELAPSED TIME=         59.85 s  REMAINING TIME=        126.17 s
 NC=   31700 T= 3.8732E+00 DT= 1.2218E-04 ERR= -0.0% DM/M= 0.0000E+00
 ELAPSED TIME=         60.04 s  REMAINING TIME=        125.98 s
 NC=   31800 T= 3.8854E+00 DT= 1.2218E-04 ERR= -0.0% DM/M= 0.0000E+00
 ELAPSED TIME=         60.23 s  REMAINING TIME=        125.79 s
 NC=   31900 T= 3.8976E+00 DT= 1.2218E-04 ERR= -0.0% DM/M= 0.0000E+00
 ELAPSED TIME=         60.42 s  REMAINING TIME=        125.61 s
 NC=   32000 T= 3.9099E+00 DT= 1.2218E-04 ERR= -0.0% DM/M= 0.0000E+00
 ELAPSED TIME=         60.61 s  REMAINING TIME=        125.42 s
 NC=   32100 T= 3.9221E+00 DT= 1.2218E-04 ERR= -0.0% DM/M= 0.0000E+00
 ELAPSED TIME=         60.80 s  REMAINING TIME=        125.23 s
 NC=   32200 T= 3.9343E+00 DT= 1.2218E-04 ERR= -0.0% DM/M= 0.0000E+00
 ELAPSED TIME=         60.99 s  REMAINING TIME=        125.04 s
 NC=   32300 T= 3.9465E+00 DT= 1.2218E-04 ERR= -0.0% DM/M= 0.0000E+00
 ELAPSED TIME=         61.18 s  REMAINING TIME=        124.85 s
 NC=   32400 T= 3.9587E+00 DT= 1.2218E-04 ERR= -0.0% DM/M= 0.0000E+00
 ELAPSED TIME=         61.37 s  REMAINING TIME=        124.66 s
 NC=   32500 T= 3.9709E+00 DT= 1.2218E-04 ERR= -0.0% DM/M= 0.0000E+00
 ELAPSED TIME=         61.56 s  REMAINING TIME=        124.47 s
 NC=   32600 T= 3.9832E+00 DT= 1.2218E-04 ERR= -0.0% DM/M= 0.0000E+00
 ELAPSED TIME=         61.75 s  REMAINING TIME=        124.28 s
 NC=   32700 T= 3.9954E+00 DT= 1.2218E-04 ERR= -0.0% DM/M= 0.0000E+00
 ELAPSED TIME=         61.94 s  REMAINING TIME=        124.09 s
 NC=   32800 T= 4.0076E+00 DT= 1.2218E-04 ERR= -0.0% DM/M= 0.0000E+00
 ELAPSED TIME=         62.13 s  REMAINING TIME=        123.90 s
 NC=   32900 T= 4.0198E+00 DT= 1.2218E-04 ERR= -0.0% DM/M= 0.0000E+00
 ELAPSED TIME=         62.32 s  REMAINING TIME=        123.72 s
 NC=   33000 T= 4.0320E+00 DT= 1.2218E-04 ERR= -0.0% DM/M= 0.0000E+00
 ELAPSED TIME=         62.51 s  REMAINING TIME=        123.53 s
 NC=   33100 T= 4.0443E+00 DT= 1.2218E-04 ERR= -0.0% DM/M= 0.0000E+00
 ELAPSED TIME=         62.70 s  REMAINING TIME=        123.34 s
 NC=   33200 T= 4.0565E+00 DT= 1.2218E-04 ERR= -0.0% DM/M= 0.0000E+00
 ELAPSED TIME=         62.89 s  REMAINING TIME=        123.15 s
 NC=   33300 T= 4.0687E+00 DT= 1.2218E-04 ERR= -0.0% DM/M= 0.0000E+00
 ELAPSED TIME=         63.08 s  REMAINING TIME=        122.97 s
 NC=   33400 T= 4.0809E+00 DT= 1.2218E-04 ERR= -0.0% DM/M= 0.0000E+00
 ELAPSED TIME=         63.27 s  REMAINING TIME=        122.78 s
 NC=   33500 T= 4.0931E+00 DT= 1.2218E-04 ERR= -0.0% DM/M= 0.0000E+00
 ELAPSED TIME=         63.46 s  REMAINING TIME=        122.59 s
 NC=   33600 T= 4.1053E+00 DT= 1.2218E-04 ERR= -0.0% DM/M= 0.0000E+00
 ELAPSED TIME=         63.65 s  REMAINING TIME=        122.40 s
 NC=   33700 T= 4.1176E+00 DT= 1.2218E-04 ERR= -0.0% DM/M= 0.0000E+00
 ELAPSED TIME=         63.84 s  REMAINING TIME=        122.22 s
 NC=   33800 T= 4.1298E+00 DT= 1.2218E-04 ERR= -0.0% DM/M= 0.0000E+00
 ELAPSED TIME=         64.04 s  REMAINING TIME=        122.03 s
 NC=   33900 T= 4.1420E+00 DT= 1.2218E-04 ERR= -0.0% DM/M= 0.0000E+00
 ELAPSED TIME=         64.23 s  REMAINING TIME=        121.85 s
 NC=   34000 T= 4.1542E+00 DT= 1.2218E-04 ERR= -0.0% DM/M= 0.0000E+00
 ELAPSED TIME=         64.42 s  REMAINING TIME=        121.66 s
 NC=   34100 T= 4.1664E+00 DT= 1.2218E-04 ERR= -0.0% DM/M= 0.0000E+00
 ELAPSED TIME=         64.61 s  REMAINING TIME=        121.47 s
 NC=   34200 T= 4.1787E+00 DT= 1.2218E-04 ERR= -0.0% DM/M= 0.0000E+00
 ELAPSED TIME=         64.80 s  REMAINING TIME=        121.28 s
 NC=   34300 T= 4.1909E+00 DT= 1.2218E-04 ERR= -0.0% DM/M= 0.0000E+00
 ELAPSED TIME=         64.99 s  REMAINING TIME=        121.09 s
 NC=   34400 T= 4.2031E+00 DT= 1.2218E-04 ERR= -0.0% DM/M= 0.0000E+00
 ELAPSED TIME=         65.18 s  REMAINING TIME=        120.90 s
 NC=   34500 T= 4.2153E+00 DT= 1.2218E-04 ERR= -0.0% DM/M= 0.0000E+00
 ELAPSED TIME=         65.41 s  REMAINING TIME=        120.81 s
 NC=   34600 T= 4.2275E+00 DT= 1.2218E-04 ERR= -0.0% DM/M= 0.0000E+00
 ELAPSED TIME=         65.61 s  REMAINING TIME=        120.62 s
 NC=   34700 T= 4.2397E+00 DT= 1.2218E-04 ERR= -0.0% DM/M= 0.0000E+00
 ELAPSED TIME=         65.81 s  REMAINING TIME=        120.45 s
 NC=   34800 T= 4.2520E+00 DT= 1.2218E-04 ERR= -0.0% DM/M= 0.0000E+00
 ELAPSED TIME=         66.10 s  REMAINING TIME=        120.44 s
 NC=   34900 T= 4.2642E+00 DT= 1.2218E-04 ERR= -0.0% DM/M= 0.0000E+00
 ELAPSED TIME=         66.29 s  REMAINING TIME=        120.25 s
 NC=   35000 T= 4.2764E+00 DT= 1.2218E-04 ERR= -0.0% DM/M= 0.0000E+00
 ELAPSED TIME=         66.48 s  REMAINING TIME=        120.06 s
 NC=   35100 T= 4.2886E+00 DT= 1.2218E-04 ERR= -0.0% DM/M= 0.0000E+00
 ELAPSED TIME=         66.67 s  REMAINING TIME=        119.87 s
 NC=   35200 T= 4.3008E+00 DT= 1.2218E-04 ERR= -0.0% DM/M= 0.0000E+00
 ELAPSED TIME=         66.86 s  REMAINING TIME=        119.68 s
 NC=   35300 T= 4.3131E+00 DT= 1.2218E-04 ERR= -0.0% DM/M= 0.0000E+00
 ELAPSED TIME=         67.05 s  REMAINING TIME=        119.50 s
 NC=   35400 T= 4.3253E+00 DT= 1.2218E-04 ERR= -0.0% DM/M= 0.0000E+00
 ELAPSED TIME=         67.24 s  REMAINING TIME=        119.31 s
 NC=   35500 T= 4.3375E+00 DT= 1.2218E-04 ERR= -0.0% DM/M= 0.0000E+00
 ELAPSED TIME=         67.43 s  REMAINING TIME=        119.12 s
 NC=   35600 T= 4.3497E+00 DT= 1.2218E-04 ERR= -0.0% DM/M= 0.0000E+00
 ELAPSED TIME=         67.62 s  REMAINING TIME=        118.94 s
 NC=   35700 T= 4.3619E+00 DT= 1.2218E-04 ERR= -0.0% DM/M= 0.0000E+00
 ELAPSED TIME=         67.81 s  REMAINING TIME=        118.74 s
 NC=   35800 T= 4.3741E+00 DT= 1.2218E-04 ERR= -0.0% DM/M= 0.0000E+00
 ELAPSED TIME=         68.00 s  REMAINING TIME=        118.55 s
 NC=   35900 T= 4.3864E+00 DT= 1.2218E-04 ERR= -0.0% DM/M= 0.0000E+00
 ELAPSED TIME=         68.19 s  REMAINING TIME=        118.36 s
 NC=   36000 T= 4.3986E+00 DT= 1.2218E-04 ERR= -0.0% DM/M= 0.0000E+00
 ELAPSED TIME=         68.38 s  REMAINING TIME=        118.17 s
 NC=   36100 T= 4.4108E+00 DT= 1.2218E-04 ERR= -0.0% DM/M= 0.0000E+00
 ELAPSED TIME=         68.57 s  REMAINING TIME=        117.98 s
 NC=   36200 T= 4.4230E+00 DT= 1.2218E-04 ERR= -0.0% DM/M= 0.0000E+00
 ELAPSED TIME=         68.76 s  REMAINING TIME=        117.79 s
 NC=   36300 T= 4.4352E+00 DT= 1.2218E-04 ERR= -0.0% DM/M= 0.0000E+00
 ELAPSED TIME=         68.95 s  REMAINING TIME=        117.60 s
 NC=   36400 T= 4.4474E+00 DT= 1.2218E-04 ERR= -0.0% DM/M= 0.0000E+00
 ELAPSED TIME=         69.14 s  REMAINING TIME=        117.41 s
 NC=   36500 T= 4.4597E+00 DT= 1.2218E-04 ERR= -0.0% DM/M= 0.0000E+00
 ELAPSED TIME=         69.33 s  REMAINING TIME=        117.22 s
 NC=   36600 T= 4.4719E+00 DT= 1.2218E-04 ERR= -0.0% DM/M= 0.0000E+00
 ELAPSED TIME=         69.52 s  REMAINING TIME=        117.02 s
 NC=   36700 T= 4.4841E+00 DT= 1.2218E-04 ERR= -0.0% DM/M= 0.0000E+00
 ELAPSED TIME=         69.71 s  REMAINING TIME=        116.84 s
 NC=   36800 T= 4.4963E+00 DT= 1.2218E-04 ERR= -0.0% DM/M= 0.0000E+00
 ELAPSED TIME=         69.90 s  REMAINING TIME=        116.65 s
 NC=   36900 T= 4.5085E+00 DT= 1.2218E-04 ERR= -0.0% DM/M= 0.0000E+00
 ELAPSED TIME=         70.08 s  REMAINING TIME=        116.45 s
 NC=   37000 T= 4.5208E+00 DT= 1.2218E-04 ERR= -0.0% DM/M= 0.0000E+00
 ELAPSED TIME=         70.27 s  REMAINING TIME=        116.26 s
 NC=   37100 T= 4.5330E+00 DT= 1.2218E-04 ERR= -0.0% DM/M= 0.0000E+00
 ELAPSED TIME=         70.47 s  REMAINING TIME=        116.08 s
 NC=   37200 T= 4.5452E+00 DT= 1.2218E-04 ERR= -0.0% DM/M= 0.0000E+00
 ELAPSED TIME=         70.66 s  REMAINING TIME=        115.89 s
 NC=   37300 T= 4.5574E+00 DT= 1.2218E-04 ERR= -0.0% DM/M= 0.0000E+00
 ELAPSED TIME=         70.85 s  REMAINING TIME=        115.70 s
 NC=   37400 T= 4.5696E+00 DT= 1.2218E-04 ERR= -0.0% DM/M= 0.0000E+00
 ELAPSED TIME=         71.04 s  REMAINING TIME=        115.51 s
 NC=   37500 T= 4.5818E+00 DT= 1.2218E-04 ERR= -0.0% DM/M= 0.0000E+00
 ELAPSED TIME=         71.23 s  REMAINING TIME=        115.32 s
 NC=   37600 T= 4.5941E+00 DT= 1.2218E-04 ERR= -0.0% DM/M= 0.0000E+00
 ELAPSED TIME=         71.42 s  REMAINING TIME=        115.13 s
 NC=   37700 T= 4.6063E+00 DT= 1.2218E-04 ERR= -0.0% DM/M= 0.0000E+00
 ELAPSED TIME=         71.61 s  REMAINING TIME=        114.94 s
 NC=   37800 T= 4.6185E+00 DT= 1.2218E-04 ERR= -0.0% DM/M= 0.0000E+00
 ELAPSED TIME=         71.79 s  REMAINING TIME=        114.75 s
 NC=   37900 T= 4.6307E+00 DT= 1.2218E-04 ERR= -0.0% DM/M= 0.0000E+00
 ELAPSED TIME=         71.98 s  REMAINING TIME=        114.55 s
 NC=   38000 T= 4.6429E+00 DT= 1.2218E-04 ERR= -0.0% DM/M= 0.0000E+00
 ELAPSED TIME=         72.17 s  REMAINING TIME=        114.36 s
 NC=   38100 T= 4.6552E+00 DT= 1.2218E-04 ERR= -0.0% DM/M= 0.0000E+00
 ELAPSED TIME=         72.36 s  REMAINING TIME=        114.17 s
 NC=   38200 T= 4.6674E+00 DT= 1.2218E-04 ERR= -0.0% DM/M= 0.0000E+00
 ELAPSED TIME=         72.55 s  REMAINING TIME=        113.98 s
 NC=   38300 T= 4.6796E+00 DT= 1.2218E-04 ERR= -0.0% DM/M= 0.0000E+00
 ELAPSED TIME=         72.74 s  REMAINING TIME=        113.79 s
 NC=   38400 T= 4.6918E+00 DT= 1.2218E-04 ERR= -0.0% DM/M= 0.0000E+00
 ELAPSED TIME=         72.93 s  REMAINING TIME=        113.59 s
 NC=   38500 T= 4.7040E+00 DT= 1.2218E-04 ERR= -0.0% DM/M= 0.0000E+00
 ELAPSED TIME=         73.12 s  REMAINING TIME=        113.40 s
 NC=   38600 T= 4.7162E+00 DT= 1.2218E-04 ERR= -0.0% DM/M= 0.0000E+00
 ELAPSED TIME=         73.30 s  REMAINING TIME=        113.21 s
 NC=   38700 T= 4.7285E+00 DT= 1.2218E-04 ERR= -0.0% DM/M= 0.0000E+00
 ELAPSED TIME=         73.49 s  REMAINING TIME=        113.02 s
 NC=   38800 T= 4.7407E+00 DT= 1.2218E-04 ERR= -0.0% DM/M= 0.0000E+00
 ELAPSED TIME=         73.68 s  REMAINING TIME=        112.83 s
 NC=   38900 T= 4.7529E+00 DT= 1.2218E-04 ERR= -0.0% DM/M= 0.0000E+00
 ELAPSED TIME=         73.87 s  REMAINING TIME=        112.64 s
 NC=   39000 T= 4.7651E+00 DT= 1.2218E-04 ERR= -0.0% DM/M= 0.0000E+00
 ELAPSED TIME=         74.06 s  REMAINING TIME=        112.45 s
 NC=   39100 T= 4.7773E+00 DT= 1.2218E-04 ERR= -0.0% DM/M= 0.0000E+00
 ELAPSED TIME=         74.25 s  REMAINING TIME=        112.25 s
 NC=   39200 T= 4.7896E+00 DT= 1.2218E-04 ERR= -0.0% DM/M= 0.0000E+00
 ELAPSED TIME=         74.44 s  REMAINING TIME=        112.06 s
 NC=   39300 T= 4.8018E+00 DT= 1.2218E-04 ERR= -0.0% DM/M= 0.0000E+00
 ELAPSED TIME=         74.63 s  REMAINING TIME=        111.87 s
 NC=   39400 T= 4.8140E+00 DT= 1.2218E-04 ERR= -0.0% DM/M= 0.0000E+00
 ELAPSED TIME=         74.82 s  REMAINING TIME=        111.68 s
 NC=   39500 T= 4.8262E+00 DT= 1.2218E-04 ERR= -0.0% DM/M= 0.0000E+00
 ELAPSED TIME=         75.01 s  REMAINING TIME=        111.49 s
 NC=   39600 T= 4.8384E+00 DT= 1.2218E-04 ERR= -0.0% DM/M= 0.0000E+00
 ELAPSED TIME=         75.20 s  REMAINING TIME=        111.30 s
 NC=   39700 T= 4.8506E+00 DT= 1.2218E-04 ERR= -0.0% DM/M= 0.0000E+00
 ELAPSED TIME=         75.38 s  REMAINING TIME=        111.11 s
 NC=   39800 T= 4.8629E+00 DT= 1.2218E-04 ERR= -0.0% DM/M= 0.0000E+00
 ELAPSED TIME=         75.57 s  REMAINING TIME=        110.92 s
 NC=   39900 T= 4.8751E+00 DT= 1.2218E-04 ERR= -0.0% DM/M= 0.0000E+00
 ELAPSED TIME=         75.76 s  REMAINING TIME=        110.73 s
 NC=   40000 T= 4.8873E+00 DT= 1.2218E-04 ERR= -0.0% DM/M= 0.0000E+00
 ELAPSED TIME=         75.95 s  REMAINING TIME=        110.53 s
 NC=   40100 T= 4.8995E+00 DT= 1.2218E-04 ERR= -0.0% DM/M= 0.0000E+00
 ELAPSED TIME=         76.14 s  REMAINING TIME=        110.34 s
 NC=   40200 T= 4.9117E+00 DT= 1.2218E-04 ERR= -0.0% DM/M= 0.0000E+00
 ELAPSED TIME=         76.33 s  REMAINING TIME=        110.15 s
 NC=   40300 T= 4.9240E+00 DT= 1.2218E-04 ERR= -0.0% DM/M= 0.0000E+00
 ELAPSED TIME=         76.52 s  REMAINING TIME=        109.96 s
 NC=   40400 T= 4.9362E+00 DT= 1.2218E-04 ERR= -0.0% DM/M= 0.0000E+00
 ELAPSED TIME=         76.71 s  REMAINING TIME=        109.77 s
 NC=   40500 T= 4.9484E+00 DT= 1.2218E-04 ERR= -0.0% DM/M= 0.0000E+00
 ELAPSED TIME=         76.89 s  REMAINING TIME=        109.58 s
 NC=   40600 T= 4.9606E+00 DT= 1.2218E-04 ERR= -0.0% DM/M= 0.0000E+00
 ELAPSED TIME=         77.08 s  REMAINING TIME=        109.39 s
 NC=   40700 T= 4.9728E+00 DT= 1.2218E-04 ERR= -0.0% DM/M= 0.0000E+00
 ELAPSED TIME=         77.27 s  REMAINING TIME=        109.20 s
 NC=   40800 T= 4.9850E+00 DT= 1.2218E-04 ERR= -0.0% DM/M= 0.0000E+00
 ELAPSED TIME=         77.46 s  REMAINING TIME=        109.01 s
 NC=   40900 T= 4.9973E+00 DT= 1.2218E-04 ERR= -0.0% DM/M= 0.0000E+00
 ELAPSED TIME=         77.65 s  REMAINING TIME=        108.81 s
 NC=   41000 T= 5.0095E+00 DT= 1.2218E-04 ERR= -0.0% DM/M= 0.0000E+00
 ELAPSED TIME=         77.84 s  REMAINING TIME=        108.63 s
 NC=   41100 T= 5.0217E+00 DT= 1.2218E-04 ERR= -0.0% DM/M= 0.0000E+00
 ELAPSED TIME=         78.03 s  REMAINING TIME=        108.44 s
 NC=   41200 T= 5.0339E+00 DT= 1.2218E-04 ERR= -0.0% DM/M= 0.0000E+00
 ELAPSED TIME=         78.22 s  REMAINING TIME=        108.24 s
 NC=   41300 T= 5.0461E+00 DT= 1.2218E-04 ERR= -0.0% DM/M= 0.0000E+00
 ELAPSED TIME=         78.41 s  REMAINING TIME=        108.05 s
 NC=   41400 T= 5.0584E+00 DT= 1.2218E-04 ERR= -0.0% DM/M= 0.0000E+00
 ELAPSED TIME=         78.60 s  REMAINING TIME=        107.86 s
 NC=   41500 T= 5.0706E+00 DT= 1.2218E-04 ERR= -0.0% DM/M= 0.0000E+00
 ELAPSED TIME=         78.79 s  REMAINING TIME=        107.67 s
 NC=   41600 T= 5.0828E+00 DT= 1.2218E-04 ERR= -0.0% DM/M= 0.0000E+00
 ELAPSED TIME=         78.98 s  REMAINING TIME=        107.48 s
 NC=   41700 T= 5.0950E+00 DT= 1.2218E-04 ERR= -0.0% DM/M= 0.0000E+00
 ELAPSED TIME=         79.17 s  REMAINING TIME=        107.29 s
 NC=   41800 T= 5.1072E+00 DT= 1.2218E-04 ERR= -0.0% DM/M= 0.0000E+00
 ELAPSED TIME=         79.35 s  REMAINING TIME=        107.10 s
 NC=   41900 T= 5.1194E+00 DT= 1.2218E-04 ERR= -0.0% DM/M= 0.0000E+00
 ELAPSED TIME=         79.54 s  REMAINING TIME=        106.91 s
 NC=   42000 T= 5.1317E+00 DT= 1.2218E-04 ERR= -0.0% DM/M= 0.0000E+00
 ELAPSED TIME=         79.73 s  REMAINING TIME=        106.72 s
 NC=   42100 T= 5.1439E+00 DT= 1.2218E-04 ERR= -0.0% DM/M= 0.0000E+00
 ELAPSED TIME=         79.92 s  REMAINING TIME=        106.53 s
 NC=   42200 T= 5.1561E+00 DT= 1.2218E-04 ERR= -0.0% DM/M= 0.0000E+00
 ELAPSED TIME=         80.11 s  REMAINING TIME=        106.34 s
 NC=   42300 T= 5.1683E+00 DT= 1.2218E-04 ERR= -0.0% DM/M= 0.0000E+00
 ELAPSED TIME=         80.30 s  REMAINING TIME=        106.15 s
 NC=   42400 T= 5.1805E+00 DT= 1.2218E-04 ERR= -0.0% DM/M= 0.0000E+00
 ELAPSED TIME=         80.49 s  REMAINING TIME=        105.96 s
 NC=   42500 T= 5.1927E+00 DT= 1.2218E-04 ERR= -0.0% DM/M= 0.0000E+00
 ELAPSED TIME=         80.68 s  REMAINING TIME=        105.77 s
 NC=   42600 T= 5.2050E+00 DT= 1.2218E-04 ERR= -0.0% DM/M= 0.0000E+00
 ELAPSED TIME=         80.87 s  REMAINING TIME=        105.58 s
 NC=   42700 T= 5.2172E+00 DT= 1.2218E-04 ERR= -0.0% DM/M= 0.0000E+00
 ELAPSED TIME=         81.06 s  REMAINING TIME=        105.39 s
 NC=   42800 T= 5.2294E+00 DT= 1.2218E-04 ERR= -0.0% DM/M= 0.0000E+00
 ELAPSED TIME=         81.25 s  REMAINING TIME=        105.20 s
 NC=   42900 T= 5.2416E+00 DT= 1.2218E-04 ERR= -0.0% DM/M= 0.0000E+00
 ELAPSED TIME=         81.44 s  REMAINING TIME=        105.01 s
 NC=   43000 T= 5.2538E+00 DT= 1.2218E-04 ERR= -0.0% DM/M= 0.0000E+00
 ELAPSED TIME=         81.63 s  REMAINING TIME=        104.82 s
 NC=   43100 T= 5.2661E+00 DT= 1.2218E-04 ERR= -0.0% DM/M= 0.0000E+00
 ELAPSED TIME=         81.82 s  REMAINING TIME=        104.63 s
 NC=   43200 T= 5.2783E+00 DT= 1.2218E-04 ERR= -0.0% DM/M= 0.0000E+00
 ELAPSED TIME=         82.01 s  REMAINING TIME=        104.44 s
 NC=   43300 T= 5.2905E+00 DT= 1.2218E-04 ERR= -0.0% DM/M= 0.0000E+00
 ELAPSED TIME=         82.20 s  REMAINING TIME=        104.25 s
 NC=   43400 T= 5.3027E+00 DT= 1.2218E-04 ERR= -0.0% DM/M= 0.0000E+00
 ELAPSED TIME=         82.39 s  REMAINING TIME=        104.06 s
 NC=   43500 T= 5.3149E+00 DT= 1.2218E-04 ERR= -0.0% DM/M= 0.0000E+00
 ELAPSED TIME=         82.58 s  REMAINING TIME=        103.87 s
 NC=   43600 T= 5.3271E+00 DT= 1.2218E-04 ERR= -0.0% DM/M= 0.0000E+00
 ELAPSED TIME=         82.77 s  REMAINING TIME=        103.68 s
 NC=   43700 T= 5.3394E+00 DT= 1.2218E-04 ERR= -0.0% DM/M= 0.0000E+00
 ELAPSED TIME=         82.96 s  REMAINING TIME=        103.48 s
 NC=   43800 T= 5.3516E+00 DT= 1.2218E-04 ERR= -0.0% DM/M= 0.0000E+00
 ELAPSED TIME=         83.14 s  REMAINING TIME=        103.29 s
 NC=   43900 T= 5.3638E+00 DT= 1.2218E-04 ERR= -0.0% DM/M= 0.0000E+00
 ELAPSED TIME=         83.33 s  REMAINING TIME=        103.10 s
 NC=   44000 T= 5.3760E+00 DT= 1.2218E-04 ERR= -0.0% DM/M= 0.0000E+00
 ELAPSED TIME=         83.52 s  REMAINING TIME=        102.91 s
 NC=   44100 T= 5.3882E+00 DT= 1.2218E-04 ERR= -0.0% DM/M= 0.0000E+00
 ELAPSED TIME=         83.71 s  REMAINING TIME=        102.72 s
 NC=   44200 T= 5.4004E+00 DT= 1.2218E-04 ERR= -0.0% DM/M= 0.0000E+00
 ELAPSED TIME=         83.90 s  REMAINING TIME=        102.53 s
 NC=   44300 T= 5.4127E+00 DT= 1.2218E-04 ERR= -0.0% DM/M= 0.0000E+00
 ELAPSED TIME=         84.09 s  REMAINING TIME=        102.34 s
 NC=   44400 T= 5.4249E+00 DT= 1.2218E-04 ERR= -0.0% DM/M= 0.0000E+00
 ELAPSED TIME=         84.28 s  REMAINING TIME=        102.15 s
 NC=   44500 T= 5.4371E+00 DT= 1.2218E-04 ERR= -0.0% DM/M= 0.0000E+00
 ELAPSED TIME=         84.47 s  REMAINING TIME=        101.96 s
 NC=   44600 T= 5.4493E+00 DT= 1.2218E-04 ERR= -0.0% DM/M= 0.0000E+00
 ELAPSED TIME=         84.66 s  REMAINING TIME=        101.77 s
 NC=   44700 T= 5.4615E+00 DT= 1.2218E-04 ERR= -0.0% DM/M= 0.0000E+00
 ELAPSED TIME=         84.85 s  REMAINING TIME=        101.58 s
 NC=   44800 T= 5.4738E+00 DT= 1.2218E-04 ERR= -0.0% DM/M= 0.0000E+00
 ELAPSED TIME=         85.04 s  REMAINING TIME=        101.39 s
 NC=   44900 T= 5.4860E+00 DT= 1.2218E-04 ERR= -0.0% DM/M= 0.0000E+00
 ELAPSED TIME=         85.23 s  REMAINING TIME=        101.20 s
 NC=   45000 T= 5.4982E+00 DT= 1.2218E-04 ERR= -0.0% DM/M= 0.0000E+00
 ELAPSED TIME=         85.41 s  REMAINING TIME=        101.01 s
 NC=   45100 T= 5.5104E+00 DT= 1.2218E-04 ERR= -0.0% DM/M= 0.0000E+00
 ELAPSED TIME=         85.60 s  REMAINING TIME=        100.82 s
 NC=   45200 T= 5.5226E+00 DT= 1.2218E-04 ERR= -0.0% DM/M= 0.0000E+00
 ELAPSED TIME=         85.79 s  REMAINING TIME=        100.63 s
 NC=   45300 T= 5.5348E+00 DT= 1.2218E-04 ERR= -0.0% DM/M= 0.0000E+00
 ELAPSED TIME=         85.98 s  REMAINING TIME=        100.43 s
 NC=   45400 T= 5.5471E+00 DT= 1.2218E-04 ERR= -0.0% DM/M= 0.0000E+00
 ELAPSED TIME=         86.17 s  REMAINING TIME=        100.24 s
 NC=   45500 T= 5.5593E+00 DT= 1.2218E-04 ERR= -0.0% DM/M= 0.0000E+00
 ELAPSED TIME=         86.36 s  REMAINING TIME=        100.05 s
 NC=   45600 T= 5.5715E+00 DT= 1.2218E-04 ERR= -0.0% DM/M= 0.0000E+00
 ELAPSED TIME=         86.55 s  REMAINING TIME=         99.86 s
 NC=   45700 T= 5.5837E+00 DT= 1.2218E-04 ERR= -0.0% DM/M= 0.0000E+00
 ELAPSED TIME=         86.74 s  REMAINING TIME=         99.67 s
 NC=   45800 T= 5.5959E+00 DT= 1.2218E-04 ERR= -0.0% DM/M= 0.0000E+00
 ELAPSED TIME=         86.93 s  REMAINING TIME=         99.48 s
 NC=   45900 T= 5.6081E+00 DT= 1.2218E-04 ERR= -0.0% DM/M= 0.0000E+00
 ELAPSED TIME=         87.12 s  REMAINING TIME=         99.29 s
 NC=   46000 T= 5.6204E+00 DT= 1.2218E-04 ERR= -0.0% DM/M= 0.0000E+00
 ELAPSED TIME=         87.31 s  REMAINING TIME=         99.10 s
 NC=   46100 T= 5.6326E+00 DT= 1.2217E-04 ERR= -0.0% DM/M= 0.0000E+00
 ELAPSED TIME=         87.49 s  REMAINING TIME=         98.91 s
 NC=   46200 T= 5.6448E+00 DT= 1.2217E-04 ERR= -0.0% DM/M= 0.0000E+00
 ELAPSED TIME=         87.68 s  REMAINING TIME=         98.72 s
 NC=   46300 T= 5.6570E+00 DT= 1.2217E-04 ERR= -0.0% DM/M= 0.0000E+00
 ELAPSED TIME=         87.87 s  REMAINING TIME=         98.53 s
 NC=   46400 T= 5.6692E+00 DT= 1.2217E-04 ERR= -0.0% DM/M= 0.0000E+00
 ELAPSED TIME=         88.06 s  REMAINING TIME=         98.34 s
 NC=   46500 T= 5.6815E+00 DT= 1.2217E-04 ERR= -0.0% DM/M= 0.0000E+00
 ELAPSED TIME=         88.25 s  REMAINING TIME=         98.15 s
 NC=   46600 T= 5.6937E+00 DT= 1.2217E-04 ERR= -0.0% DM/M= 0.0000E+00
 ELAPSED TIME=         88.44 s  REMAINING TIME=         97.96 s
 NC=   46700 T= 5.7059E+00 DT= 1.2217E-04 ERR= -0.0% DM/M= 0.0000E+00
 ELAPSED TIME=         88.63 s  REMAINING TIME=         97.76 s
 NC=   46800 T= 5.7181E+00 DT= 1.2217E-04 ERR= -0.0% DM/M= 0.0000E+00
 ELAPSED TIME=         88.82 s  REMAINING TIME=         97.57 s
 NC=   46900 T= 5.7303E+00 DT= 1.2217E-04 ERR= -0.0% DM/M= 0.0000E+00
 ELAPSED TIME=         89.01 s  REMAINING TIME=         97.38 s
 NC=   47000 T= 5.7425E+00 DT= 1.2217E-04 ERR= -0.0% DM/M= 0.0000E+00
 ELAPSED TIME=         89.19 s  REMAINING TIME=         97.19 s
 NC=   47100 T= 5.7548E+00 DT= 1.2217E-04 ERR= -0.0% DM/M= 0.0000E+00
 ELAPSED TIME=         89.38 s  REMAINING TIME=         97.00 s
 NC=   47200 T= 5.7670E+00 DT= 1.2217E-04 ERR= -0.0% DM/M= 0.0000E+00
 ELAPSED TIME=         89.57 s  REMAINING TIME=         96.81 s
 NC=   47300 T= 5.7792E+00 DT= 1.2217E-04 ERR= -0.0% DM/M= 0.0000E+00
 ELAPSED TIME=         89.76 s  REMAINING TIME=         96.62 s
 NC=   47400 T= 5.7914E+00 DT= 1.2217E-04 ERR= -0.0% DM/M= 0.0000E+00
 ELAPSED TIME=         89.95 s  REMAINING TIME=         96.43 s
 NC=   47500 T= 5.8036E+00 DT= 1.2217E-04 ERR= -0.0% DM/M= 0.0000E+00
 ELAPSED TIME=         90.14 s  REMAINING TIME=         96.24 s
 NC=   47600 T= 5.8158E+00 DT= 1.2217E-04 ERR= -0.0% DM/M= 0.0000E+00
 ELAPSED TIME=         90.33 s  REMAINING TIME=         96.05 s
 NC=   47700 T= 5.8281E+00 DT= 1.2217E-04 ERR= -0.0% DM/M= 0.0000E+00
 ELAPSED TIME=         90.52 s  REMAINING TIME=         95.86 s
 NC=   47800 T= 5.8403E+00 DT= 1.2217E-04 ERR= -0.0% DM/M= 0.0000E+00
 ELAPSED TIME=         90.70 s  REMAINING TIME=         95.67 s
 NC=   47900 T= 5.8525E+00 DT= 1.2217E-04 ERR= -0.0% DM/M= 0.0000E+00
 ELAPSED TIME=         90.89 s  REMAINING TIME=         95.48 s
 NC=   48000 T= 5.8647E+00 DT= 1.2217E-04 ERR= -0.0% DM/M= 0.0000E+00
 ELAPSED TIME=         91.08 s  REMAINING TIME=         95.28 s
 NC=   48100 T= 5.8769E+00 DT= 1.2217E-04 ERR= -0.0% DM/M= 0.0000E+00
 ELAPSED TIME=         91.27 s  REMAINING TIME=         95.10 s
 NC=   48200 T= 5.8891E+00 DT= 1.2217E-04 ERR= -0.0% DM/M= 0.0000E+00
 ELAPSED TIME=         91.46 s  REMAINING TIME=         94.91 s
 NC=   48300 T= 5.9014E+00 DT= 1.2217E-04 ERR= -0.0% DM/M= 0.0000E+00
 ELAPSED TIME=         91.65 s  REMAINING TIME=         94.72 s
 NC=   48400 T= 5.9136E+00 DT= 1.2217E-04 ERR= -0.0% DM/M= 0.0000E+00
 ELAPSED TIME=         91.84 s  REMAINING TIME=         94.53 s
 NC=   48500 T= 5.9258E+00 DT= 1.2217E-04 ERR= -0.0% DM/M= 0.0000E+00
 ELAPSED TIME=         92.03 s  REMAINING TIME=         94.34 s
 NC=   48600 T= 5.9380E+00 DT= 1.2217E-04 ERR= -0.0% DM/M= 0.0000E+00
 ELAPSED TIME=         92.22 s  REMAINING TIME=         94.15 s
 NC=   48700 T= 5.9502E+00 DT= 1.2217E-04 ERR= -0.0% DM/M= 0.0000E+00
 ELAPSED TIME=         92.41 s  REMAINING TIME=         93.96 s
 NC=   48800 T= 5.9625E+00 DT= 1.2217E-04 ERR= -0.0% DM/M= 0.0000E+00
 ELAPSED TIME=         92.60 s  REMAINING TIME=         93.77 s
 NC=   48900 T= 5.9747E+00 DT= 1.2217E-04 ERR= -0.0% DM/M= 0.0000E+00
 ELAPSED TIME=         92.79 s  REMAINING TIME=         93.58 s
 NC=   49000 T= 5.9869E+00 DT= 1.2217E-04 ERR= -0.0% DM/M= 0.0000E+00
 ELAPSED TIME=         92.98 s  REMAINING TIME=         93.39 s
 NC=   49100 T= 5.9991E+00 DT= 1.2217E-04 ERR= -0.0% DM/M= 0.0000E+00
 ELAPSED TIME=         93.17 s  REMAINING TIME=         93.20 s
 NC=   49200 T= 6.0113E+00 DT= 1.2217E-04 ERR= -0.0% DM/M= 0.0000E+00
 ELAPSED TIME=         93.36 s  REMAINING TIME=         93.01 s
 NC=   49300 T= 6.0235E+00 DT= 1.2217E-04 ERR= -0.0% DM/M= 0.0000E+00
 ELAPSED TIME=         93.55 s  REMAINING TIME=         92.82 s
 NC=   49400 T= 6.0358E+00 DT= 1.2217E-04 ERR= -0.0% DM/M= 0.0000E+00
 ELAPSED TIME=         93.74 s  REMAINING TIME=         92.63 s
 NC=   49500 T= 6.0480E+00 DT= 1.2217E-04 ERR= -0.0% DM/M= 0.0000E+00
 ELAPSED TIME=         93.93 s  REMAINING TIME=         92.44 s
 NC=   49600 T= 6.0602E+00 DT= 1.2217E-04 ERR= -0.0% DM/M= 0.0000E+00
 ELAPSED TIME=         94.12 s  REMAINING TIME=         92.25 s
 NC=   49700 T= 6.0724E+00 DT= 1.2217E-04 ERR= -0.0% DM/M= 0.0000E+00
 ELAPSED TIME=         94.31 s  REMAINING TIME=         92.06 s
 NC=   49800 T= 6.0846E+00 DT= 1.2217E-04 ERR= -0.0% DM/M= 0.0000E+00
 ELAPSED TIME=         94.49 s  REMAINING TIME=         91.87 s
 NC=   49900 T= 6.0968E+00 DT= 1.2217E-04 ERR= -0.0% DM/M= 0.0000E+00
 ELAPSED TIME=         94.68 s  REMAINING TIME=         91.68 s
 NC=   50000 T= 6.1091E+00 DT= 1.2217E-04 ERR= -0.0% DM/M= 0.0000E+00
 ELAPSED TIME=         94.87 s  REMAINING TIME=         91.49 s
 NC=   50100 T= 6.1213E+00 DT= 1.2217E-04 ERR= -0.0% DM/M= 0.0000E+00
 ELAPSED TIME=         95.06 s  REMAINING TIME=         91.30 s
 NC=   50200 T= 6.1335E+00 DT= 1.2217E-04 ERR= -0.0% DM/M= 0.0000E+00
 ELAPSED TIME=         95.25 s  REMAINING TIME=         91.10 s
 NC=   50300 T= 6.1457E+00 DT= 1.2218E-04 ERR= -0.0% DM/M= 0.0000E+00
 ELAPSED TIME=         95.44 s  REMAINING TIME=         90.91 s
 NC=   50400 T= 6.1579E+00 DT= 1.2218E-04 ERR= -0.0% DM/M= 0.0000E+00
 ELAPSED TIME=         95.63 s  REMAINING TIME=         90.72 s
 NC=   50500 T= 6.1701E+00 DT= 1.2218E-04 ERR= -0.0% DM/M= 0.0000E+00
 ELAPSED TIME=         95.82 s  REMAINING TIME=         90.54 s
 NC=   50600 T= 6.1824E+00 DT= 1.2218E-04 ERR= -0.0% DM/M= 0.0000E+00
 ELAPSED TIME=         96.01 s  REMAINING TIME=         90.35 s
 NC=   50700 T= 6.1946E+00 DT= 1.2218E-04 ERR= -0.0% DM/M= 0.0000E+00
 ELAPSED TIME=         96.20 s  REMAINING TIME=         90.16 s
 NC=   50800 T= 6.2068E+00 DT= 1.2218E-04 ERR= -0.0% DM/M= 0.0000E+00
 ELAPSED TIME=         96.39 s  REMAINING TIME=         89.97 s
 NC=   50900 T= 6.2190E+00 DT= 1.2218E-04 ERR= -0.0% DM/M= 0.0000E+00
 ELAPSED TIME=         96.58 s  REMAINING TIME=         89.78 s
 NC=   51000 T= 6.2312E+00 DT= 1.2218E-04 ERR= -0.0% DM/M= 0.0000E+00
 ELAPSED TIME=         96.77 s  REMAINING TIME=         89.59 s
 NC=   51100 T= 6.2435E+00 DT= 1.2218E-04 ERR= -0.0% DM/M= 0.0000E+00
 ELAPSED TIME=         96.96 s  REMAINING TIME=         89.40 s
 NC=   51200 T= 6.2557E+00 DT= 1.2218E-04 ERR= -0.0% DM/M= 0.0000E+00
 ELAPSED TIME=         97.15 s  REMAINING TIME=         89.21 s
 NC=   51300 T= 6.2679E+00 DT= 1.2218E-04 ERR= -0.0% DM/M= 0.0000E+00
 ELAPSED TIME=         97.34 s  REMAINING TIME=         89.02 s
 NC=   51400 T= 6.2801E+00 DT= 1.2218E-04 ERR= -0.0% DM/M= 0.0000E+00
 ELAPSED TIME=         97.53 s  REMAINING TIME=         88.83 s
 NC=   51500 T= 6.2923E+00 DT= 1.2218E-04 ERR= -0.0% DM/M= 0.0000E+00
 ELAPSED TIME=         97.72 s  REMAINING TIME=         88.64 s
 NC=   51600 T= 6.3045E+00 DT= 1.2218E-04 ERR= -0.0% DM/M= 0.0000E+00
 ELAPSED TIME=         97.91 s  REMAINING TIME=         88.45 s
 NC=   51700 T= 6.3168E+00 DT= 1.2218E-04 ERR= -0.0% DM/M= 0.0000E+00
 ELAPSED TIME=         98.10 s  REMAINING TIME=         88.26 s
 NC=   51800 T= 6.3290E+00 DT= 1.2218E-04 ERR= -0.0% DM/M= 0.0000E+00
 ELAPSED TIME=         98.28 s  REMAINING TIME=         88.07 s
 NC=   51900 T= 6.3412E+00 DT= 1.2218E-04 ERR= -0.0% DM/M= 0.0000E+00
 ELAPSED TIME=         98.47 s  REMAINING TIME=         87.88 s
 NC=   52000 T= 6.3534E+00 DT= 1.2218E-04 ERR= -0.0% DM/M= 0.0000E+00
 ELAPSED TIME=         98.66 s  REMAINING TIME=         87.69 s
 NC=   52100 T= 6.3656E+00 DT= 1.2218E-04 ERR= -0.0% DM/M= 0.0000E+00
 ELAPSED TIME=         98.85 s  REMAINING TIME=         87.50 s
 NC=   52200 T= 6.3778E+00 DT= 1.2218E-04 ERR= -0.0% DM/M= 0.0000E+00
 ELAPSED TIME=         99.04 s  REMAINING TIME=         87.31 s
 NC=   52300 T= 6.3901E+00 DT= 1.2218E-04 ERR= -0.0% DM/M= 0.0000E+00
 ELAPSED TIME=         99.23 s  REMAINING TIME=         87.12 s
 NC=   52400 T= 6.4023E+00 DT= 1.2218E-04 ERR= -0.0% DM/M= 0.0000E+00
 ELAPSED TIME=         99.42 s  REMAINING TIME=         86.93 s
 NC=   52500 T= 6.4145E+00 DT= 1.2218E-04 ERR= -0.0% DM/M= 0.0000E+00
 ELAPSED TIME=         99.61 s  REMAINING TIME=         86.74 s
 NC=   52600 T= 6.4267E+00 DT= 1.2218E-04 ERR= -0.0% DM/M= 0.0000E+00
 ELAPSED TIME=         99.80 s  REMAINING TIME=         86.55 s
 NC=   52700 T= 6.4389E+00 DT= 1.2218E-04 ERR= -0.0% DM/M= 0.0000E+00
 ELAPSED TIME=         99.99 s  REMAINING TIME=         86.36 s
 NC=   52800 T= 6.4512E+00 DT= 1.2218E-04 ERR= -0.0% DM/M= 0.0000E+00
 ELAPSED TIME=        100.18 s  REMAINING TIME=         86.17 s
 NC=   52900 T= 6.4634E+00 DT= 1.2218E-04 ERR= -0.0% DM/M= 0.0000E+00
 ELAPSED TIME=        100.37 s  REMAINING TIME=         85.98 s
 NC=   53000 T= 6.4756E+00 DT= 1.2218E-04 ERR= -0.0% DM/M= 0.0000E+00
 ELAPSED TIME=        100.56 s  REMAINING TIME=         85.79 s
 NC=   53100 T= 6.4878E+00 DT= 1.2218E-04 ERR= -0.0% DM/M= 0.0000E+00
 ELAPSED TIME=        100.75 s  REMAINING TIME=         85.60 s
 NC=   53200 T= 6.5000E+00 DT= 1.2218E-04 ERR= -0.0% DM/M= 0.0000E+00
 ELAPSED TIME=        100.94 s  REMAINING TIME=         85.41 s
 NC=   53300 T= 6.5122E+00 DT= 1.2218E-04 ERR= -0.0% DM/M= 0.0000E+00
 ELAPSED TIME=        101.13 s  REMAINING TIME=         85.22 s
 NC=   53400 T= 6.5245E+00 DT= 1.2218E-04 ERR= -0.0% DM/M= 0.0000E+00
 ELAPSED TIME=        101.32 s  REMAINING TIME=         85.03 s
 NC=   53500 T= 6.5367E+00 DT= 1.2218E-04 ERR= -0.0% DM/M= 0.0000E+00
 ELAPSED TIME=        101.50 s  REMAINING TIME=         84.84 s
 NC=   53600 T= 6.5489E+00 DT= 1.2218E-04 ERR= -0.0% DM/M= 0.0000E+00
 ELAPSED TIME=        101.70 s  REMAINING TIME=         84.65 s
 NC=   53700 T= 6.5611E+00 DT= 1.2218E-04 ERR= -0.0% DM/M= 0.0000E+00
 ELAPSED TIME=        101.89 s  REMAINING TIME=         84.46 s
 NC=   53800 T= 6.5733E+00 DT= 1.2218E-04 ERR= -0.0% DM/M= 0.0000E+00
 ELAPSED TIME=        102.08 s  REMAINING TIME=         84.27 s
 NC=   53900 T= 6.5856E+00 DT= 1.2218E-04 ERR= -0.0% DM/M= 0.0000E+00
 ELAPSED TIME=        102.27 s  REMAINING TIME=         84.08 s
 NC=   54000 T= 6.5978E+00 DT= 1.2218E-04 ERR= -0.0% DM/M= 0.0000E+00
 ELAPSED TIME=        102.46 s  REMAINING TIME=         83.89 s
 NC=   54100 T= 6.6100E+00 DT= 1.2218E-04 ERR= -0.0% DM/M= 0.0000E+00
 ELAPSED TIME=        102.65 s  REMAINING TIME=         83.71 s
 NC=   54200 T= 6.6222E+00 DT= 1.2218E-04 ERR= -0.0% DM/M= 0.0000E+00
 ELAPSED TIME=        102.84 s  REMAINING TIME=         83.52 s
 NC=   54300 T= 6.6344E+00 DT= 1.2218E-04 ERR= -0.0% DM/M= 0.0000E+00
 ELAPSED TIME=        103.03 s  REMAINING TIME=         83.33 s
 NC=   54400 T= 6.6466E+00 DT= 1.2218E-04 ERR= -0.0% DM/M= 0.0000E+00
 ELAPSED TIME=        103.22 s  REMAINING TIME=         83.14 s
 NC=   54500 T= 6.6589E+00 DT= 1.2218E-04 ERR= -0.0% DM/M= 0.0000E+00
 ELAPSED TIME=        103.41 s  REMAINING TIME=         82.95 s
 NC=   54600 T= 6.6711E+00 DT= 1.2218E-04 ERR= -0.0% DM/M= 0.0000E+00
 ELAPSED TIME=        103.60 s  REMAINING TIME=         82.76 s
 NC=   54700 T= 6.6833E+00 DT= 1.2218E-04 ERR= -0.0% DM/M= 0.0000E+00
 ELAPSED TIME=        103.79 s  REMAINING TIME=         82.57 s
 NC=   54800 T= 6.6955E+00 DT= 1.2218E-04 ERR= -0.0% DM/M= 0.0000E+00
 ELAPSED TIME=        103.98 s  REMAINING TIME=         82.38 s
 NC=   54900 T= 6.7077E+00 DT= 1.2218E-04 ERR= -0.0% DM/M= 0.0000E+00
 ELAPSED TIME=        104.17 s  REMAINING TIME=         82.19 s
 NC=   55000 T= 6.7200E+00 DT= 1.2219E-04 ERR= -0.0% DM/M= 0.0000E+00
 ELAPSED TIME=        104.36 s  REMAINING TIME=         82.00 s
 NC=   55100 T= 6.7322E+00 DT= 1.2219E-04 ERR= -0.0% DM/M= 0.0000E+00
 ELAPSED TIME=        104.55 s  REMAINING TIME=         81.81 s
 NC=   55200 T= 6.7444E+00 DT= 1.2219E-04 ERR= -0.0% DM/M= 0.0000E+00
 ELAPSED TIME=        104.74 s  REMAINING TIME=         81.62 s
 NC=   55300 T= 6.7566E+00 DT= 1.2219E-04 ERR= -0.0% DM/M= 0.0000E+00
 ELAPSED TIME=        104.93 s  REMAINING TIME=         81.43 s
 NC=   55400 T= 6.7688E+00 DT= 1.2219E-04 ERR= -0.0% DM/M= 0.0000E+00
 ELAPSED TIME=        105.12 s  REMAINING TIME=         81.24 s
 NC=   55500 T= 6.7811E+00 DT= 1.2219E-04 ERR= -0.0% DM/M= 0.0000E+00
 ELAPSED TIME=        105.31 s  REMAINING TIME=         81.05 s
 NC=   55600 T= 6.7933E+00 DT= 1.2219E-04 ERR= -0.0% DM/M= 0.0000E+00
 ELAPSED TIME=        105.51 s  REMAINING TIME=         80.87 s
 NC=   55700 T= 6.8055E+00 DT= 1.2219E-04 ERR= -0.0% DM/M= 0.0000E+00
 ELAPSED TIME=        105.70 s  REMAINING TIME=         80.68 s
 NC=   55800 T= 6.8177E+00 DT= 1.2219E-04 ERR= -0.0% DM/M= 0.0000E+00
 ELAPSED TIME=        105.90 s  REMAINING TIME=         80.49 s
 NC=   55900 T= 6.8299E+00 DT= 1.2219E-04 ERR= -0.0% DM/M= 0.0000E+00
 ELAPSED TIME=        106.09 s  REMAINING TIME=         80.31 s
 NC=   56000 T= 6.8421E+00 DT= 1.2219E-04 ERR= -0.0% DM/M= 0.0000E+00
 ELAPSED TIME=        106.28 s  REMAINING TIME=         80.12 s
 NC=   56100 T= 6.8544E+00 DT= 1.2219E-04 ERR= -0.0% DM/M= 0.0000E+00
 ELAPSED TIME=        106.47 s  REMAINING TIME=         79.93 s
 NC=   56200 T= 6.8666E+00 DT= 1.2219E-04 ERR= -0.0% DM/M= 0.0000E+00
 ELAPSED TIME=        106.66 s  REMAINING TIME=         79.74 s
 NC=   56300 T= 6.8788E+00 DT= 1.2219E-04 ERR= -0.0% DM/M= 0.0000E+00
 ELAPSED TIME=        106.85 s  REMAINING TIME=         79.55 s
 NC=   56400 T= 6.8910E+00 DT= 1.2219E-04 ERR= -0.0% DM/M= 0.0000E+00
 ELAPSED TIME=        107.04 s  REMAINING TIME=         79.36 s
 NC=   56500 T= 6.9032E+00 DT= 1.2219E-04 ERR= -0.0% DM/M= 0.0000E+00
 ELAPSED TIME=        107.23 s  REMAINING TIME=         79.17 s
 NC=   56600 T= 6.9155E+00 DT= 1.2219E-04 ERR= -0.0% DM/M= 0.0000E+00
 ELAPSED TIME=        107.44 s  REMAINING TIME=         79.00 s
 NC=   56700 T= 6.9277E+00 DT= 1.2219E-04 ERR= -0.0% DM/M= 0.0000E+00
 ELAPSED TIME=        107.63 s  REMAINING TIME=         78.81 s
 NC=   56800 T= 6.9399E+00 DT= 1.2219E-04 ERR= -0.0% DM/M= 0.0000E+00
 ELAPSED TIME=        107.83 s  REMAINING TIME=         78.62 s
 NC=   56900 T= 6.9521E+00 DT= 1.2219E-04 ERR= -0.0% DM/M= 0.0000E+00
 ELAPSED TIME=        108.02 s  REMAINING TIME=         78.43 s
 NC=   57000 T= 6.9643E+00 DT= 1.2219E-04 ERR= -0.0% DM/M= 0.0000E+00
 ELAPSED TIME=        108.21 s  REMAINING TIME=         78.24 s
 NC=   57100 T= 6.9766E+00 DT= 1.2219E-04 ERR= -0.0% DM/M= 0.0000E+00
 ELAPSED TIME=        108.40 s  REMAINING TIME=         78.05 s
 NC=   57200 T= 6.9888E+00 DT= 1.2219E-04 ERR= -0.0% DM/M= 0.0000E+00
 ELAPSED TIME=        108.59 s  REMAINING TIME=         77.86 s
 NC=   57300 T= 7.0010E+00 DT= 1.2219E-04 ERR= -0.0% DM/M= 0.0000E+00
 ELAPSED TIME=        108.78 s  REMAINING TIME=         77.67 s
 NC=   57400 T= 7.0132E+00 DT= 1.2219E-04 ERR= -0.0% DM/M= 0.0000E+00
 ELAPSED TIME=        108.97 s  REMAINING TIME=         77.48 s
 NC=   57500 T= 7.0254E+00 DT= 1.2219E-04 ERR= -0.0% DM/M= 0.0000E+00
 ELAPSED TIME=        109.16 s  REMAINING TIME=         77.29 s
 NC=   57600 T= 7.0376E+00 DT= 1.2219E-04 ERR= -0.0% DM/M= 0.0000E+00
 ELAPSED TIME=        109.35 s  REMAINING TIME=         77.10 s
 NC=   57700 T= 7.0499E+00 DT= 1.2219E-04 ERR= -0.0% DM/M= 0.0000E+00
 ELAPSED TIME=        109.53 s  REMAINING TIME=         76.91 s
 NC=   57800 T= 7.0621E+00 DT= 1.2219E-04 ERR= -0.0% DM/M= 0.0000E+00
 ELAPSED TIME=        109.73 s  REMAINING TIME=         76.72 s
 NC=   57900 T= 7.0743E+00 DT= 1.2219E-04 ERR= -0.0% DM/M= 0.0000E+00
 ELAPSED TIME=        109.91 s  REMAINING TIME=         76.53 s
 NC=   58000 T= 7.0865E+00 DT= 1.2219E-04 ERR= -0.0% DM/M= 0.0000E+00
 ELAPSED TIME=        110.11 s  REMAINING TIME=         76.34 s
 NC=   58100 T= 7.0987E+00 DT= 1.2219E-04 ERR= -0.0% DM/M= 0.0000E+00
 ELAPSED TIME=        110.30 s  REMAINING TIME=         76.15 s
 NC=   58200 T= 7.1110E+00 DT= 1.2219E-04 ERR= -0.0% DM/M= 0.0000E+00
 ELAPSED TIME=        110.49 s  REMAINING TIME=         75.97 s
 NC=   58300 T= 7.1232E+00 DT= 1.2219E-04 ERR= -0.0% DM/M= 0.0000E+00
 ELAPSED TIME=        110.68 s  REMAINING TIME=         75.78 s
 NC=   58400 T= 7.1354E+00 DT= 1.2219E-04 ERR= -0.0% DM/M= 0.0000E+00
 ELAPSED TIME=        110.87 s  REMAINING TIME=         75.59 s
 NC=   58500 T= 7.1476E+00 DT= 1.2219E-04 ERR= -0.0% DM/M= 0.0000E+00
 ELAPSED TIME=        111.06 s  REMAINING TIME=         75.40 s
 NC=   58600 T= 7.1598E+00 DT= 1.2219E-04 ERR= -0.0% DM/M= 0.0000E+00
 ELAPSED TIME=        111.25 s  REMAINING TIME=         75.21 s
 NC=   58700 T= 7.1721E+00 DT= 1.2219E-04 ERR= -0.0% DM/M= 0.0000E+00
 ELAPSED TIME=        111.44 s  REMAINING TIME=         75.02 s
 NC=   58800 T= 7.1843E+00 DT= 1.2219E-04 ERR= -0.0% DM/M= 0.0000E+00
 ELAPSED TIME=        111.63 s  REMAINING TIME=         74.83 s
 NC=   58900 T= 7.1965E+00 DT= 1.2219E-04 ERR= -0.0% DM/M= 0.0000E+00
 ELAPSED TIME=        111.82 s  REMAINING TIME=         74.64 s
 NC=   59000 T= 7.2087E+00 DT= 1.2219E-04 ERR= -0.0% DM/M= 0.0000E+00
 ELAPSED TIME=        112.01 s  REMAINING TIME=         74.45 s
 NC=   59100 T= 7.2209E+00 DT= 1.2219E-04 ERR= -0.0% DM/M= 0.0000E+00
 ELAPSED TIME=        112.20 s  REMAINING TIME=         74.26 s
 NC=   59200 T= 7.2331E+00 DT= 1.2219E-04 ERR= -0.0% DM/M= 0.0000E+00
 ELAPSED TIME=        112.40 s  REMAINING TIME=         74.07 s
 NC=   59300 T= 7.2454E+00 DT= 1.2219E-04 ERR= -0.0% DM/M= 0.0000E+00
 ELAPSED TIME=        112.59 s  REMAINING TIME=         73.88 s
 NC=   59400 T= 7.2576E+00 DT= 1.2219E-04 ERR= -0.0% DM/M= 0.0000E+00
 ELAPSED TIME=        112.78 s  REMAINING TIME=         73.69 s
 NC=   59500 T= 7.2698E+00 DT= 1.2219E-04 ERR= -0.0% DM/M= 0.0000E+00
 ELAPSED TIME=        112.97 s  REMAINING TIME=         73.51 s
 NC=   59600 T= 7.2820E+00 DT= 1.2219E-04 ERR= -0.0% DM/M= 0.0000E+00
 ELAPSED TIME=        113.16 s  REMAINING TIME=         73.32 s
 NC=   59700 T= 7.2942E+00 DT= 1.2219E-04 ERR= -0.0% DM/M= 0.0000E+00
 ELAPSED TIME=        113.35 s  REMAINING TIME=         73.13 s
 NC=   59800 T= 7.3065E+00 DT= 1.2219E-04 ERR= -0.0% DM/M= 0.0000E+00
 ELAPSED TIME=        113.54 s  REMAINING TIME=         72.94 s
 NC=   59900 T= 7.3187E+00 DT= 1.2219E-04 ERR= -0.0% DM/M= 0.0000E+00
 ELAPSED TIME=        113.73 s  REMAINING TIME=         72.75 s
 NC=   60000 T= 7.3309E+00 DT= 1.2219E-04 ERR= -0.0% DM/M= 0.0000E+00
 ELAPSED TIME=        113.92 s  REMAINING TIME=         72.56 s
 NC=   60100 T= 7.3431E+00 DT= 1.2219E-04 ERR= -0.0% DM/M= 0.0000E+00
 ELAPSED TIME=        114.11 s  REMAINING TIME=         72.37 s
 NC=   60200 T= 7.3553E+00 DT= 1.2219E-04 ERR= -0.0% DM/M= 0.0000E+00
 ELAPSED TIME=        114.30 s  REMAINING TIME=         72.18 s
 NC=   60300 T= 7.3676E+00 DT= 1.2219E-04 ERR= -0.0% DM/M= 0.0000E+00
 ELAPSED TIME=        114.49 s  REMAINING TIME=         71.99 s
 NC=   60400 T= 7.3798E+00 DT= 1.2219E-04 ERR= -0.0% DM/M= 0.0000E+00
 ELAPSED TIME=        114.68 s  REMAINING TIME=         71.80 s
 NC=   60500 T= 7.3920E+00 DT= 1.2219E-04 ERR= -0.0% DM/M= 0.0000E+00
 ELAPSED TIME=        114.88 s  REMAINING TIME=         71.61 s
 NC=   60600 T= 7.4042E+00 DT= 1.2219E-04 ERR= -0.0% DM/M= 0.0000E+00
 ELAPSED TIME=        115.07 s  REMAINING TIME=         71.42 s
 NC=   60700 T= 7.4164E+00 DT= 1.2219E-04 ERR= -0.0% DM/M= 0.0000E+00
 ELAPSED TIME=        115.26 s  REMAINING TIME=         71.23 s
 NC=   60800 T= 7.4286E+00 DT= 1.2219E-04 ERR= -0.0% DM/M= 0.0000E+00
 ELAPSED TIME=        115.45 s  REMAINING TIME=         71.04 s
 NC=   60900 T= 7.4409E+00 DT= 1.2219E-04 ERR= -0.0% DM/M= 0.0000E+00
 ELAPSED TIME=        115.64 s  REMAINING TIME=         70.85 s
 NC=   61000 T= 7.4531E+00 DT= 1.2219E-04 ERR= -0.0% DM/M= 0.0000E+00
 ELAPSED TIME=        115.83 s  REMAINING TIME=         70.67 s
 NC=   61100 T= 7.4653E+00 DT= 1.2219E-04 ERR= -0.0% DM/M= 0.0000E+00
 ELAPSED TIME=        116.02 s  REMAINING TIME=         70.48 s
 NC=   61200 T= 7.4775E+00 DT= 1.2219E-04 ERR= -0.0% DM/M= 0.0000E+00
 ELAPSED TIME=        116.21 s  REMAINING TIME=         70.29 s
 NC=   61300 T= 7.4897E+00 DT= 1.2219E-04 ERR= -0.0% DM/M= 0.0000E+00
 ELAPSED TIME=        116.41 s  REMAINING TIME=         70.10 s
 NC=   61400 T= 7.5020E+00 DT= 1.2219E-04 ERR= -0.0% DM/M= 0.0000E+00
 ELAPSED TIME=        116.60 s  REMAINING TIME=         69.91 s
 NC=   61500 T= 7.5142E+00 DT= 1.2219E-04 ERR= -0.0% DM/M= 0.0000E+00
 ELAPSED TIME=        116.79 s  REMAINING TIME=         69.72 s
 NC=   61600 T= 7.5264E+00 DT= 1.2219E-04 ERR= -0.0% DM/M= 0.0000E+00
 ELAPSED TIME=        116.98 s  REMAINING TIME=         69.53 s
 NC=   61700 T= 7.5386E+00 DT= 1.2219E-04 ERR= -0.0% DM/M= 0.0000E+00
 ELAPSED TIME=        117.17 s  REMAINING TIME=         69.34 s
 NC=   61800 T= 7.5508E+00 DT= 1.2219E-04 ERR= -0.0% DM/M= 0.0000E+00
 ELAPSED TIME=        117.36 s  REMAINING TIME=         69.15 s
 NC=   61900 T= 7.5631E+00 DT= 1.2219E-04 ERR= -0.0% DM/M= 0.0000E+00
 ELAPSED TIME=        117.56 s  REMAINING TIME=         68.97 s
 NC=   62000 T= 7.5753E+00 DT= 1.2219E-04 ERR= -0.0% DM/M= 0.0000E+00
 ELAPSED TIME=        117.75 s  REMAINING TIME=         68.78 s
 NC=   62100 T= 7.5875E+00 DT= 1.2219E-04 ERR= -0.0% DM/M= 0.0000E+00
 ELAPSED TIME=        117.94 s  REMAINING TIME=         68.59 s
 NC=   62200 T= 7.5997E+00 DT= 1.2219E-04 ERR= -0.0% DM/M= 0.0000E+00
 ELAPSED TIME=        118.13 s  REMAINING TIME=         68.40 s
 NC=   62300 T= 7.6119E+00 DT= 1.2219E-04 ERR= -0.0% DM/M= 0.0000E+00
 ELAPSED TIME=        118.32 s  REMAINING TIME=         68.21 s
 NC=   62400 T= 7.6241E+00 DT= 1.2219E-04 ERR= -0.0% DM/M= 0.0000E+00
 ELAPSED TIME=        118.51 s  REMAINING TIME=         68.02 s
 NC=   62500 T= 7.6364E+00 DT= 1.2219E-04 ERR= -0.0% DM/M= 0.0000E+00
 ELAPSED TIME=        118.70 s  REMAINING TIME=         67.83 s
 NC=   62600 T= 7.6486E+00 DT= 1.2219E-04 ERR= -0.0% DM/M= 0.0000E+00
 ELAPSED TIME=        118.89 s  REMAINING TIME=         67.64 s
 NC=   62700 T= 7.6608E+00 DT= 1.2219E-04 ERR= -0.0% DM/M= 0.0000E+00
 ELAPSED TIME=        119.08 s  REMAINING TIME=         67.45 s
 NC=   62800 T= 7.6730E+00 DT= 1.2219E-04 ERR= -0.0% DM/M= 0.0000E+00
 ELAPSED TIME=        119.27 s  REMAINING TIME=         67.26 s
 NC=   62900 T= 7.6852E+00 DT= 1.2219E-04 ERR= -0.0% DM/M= 0.0000E+00
 ELAPSED TIME=        119.47 s  REMAINING TIME=         67.07 s
 NC=   63000 T= 7.6975E+00 DT= 1.2219E-04 ERR= -0.0% DM/M= 0.0000E+00
 ELAPSED TIME=        119.66 s  REMAINING TIME=         66.88 s
 NC=   63100 T= 7.7097E+00 DT= 1.2219E-04 ERR= -0.0% DM/M= 0.0000E+00
 ELAPSED TIME=        119.85 s  REMAINING TIME=         66.69 s
 NC=   63200 T= 7.7219E+00 DT= 1.2219E-04 ERR= -0.0% DM/M= 0.0000E+00
 ELAPSED TIME=        120.04 s  REMAINING TIME=         66.50 s
 NC=   63300 T= 7.7341E+00 DT= 1.2219E-04 ERR= -0.0% DM/M= 0.0000E+00
 ELAPSED TIME=        120.23 s  REMAINING TIME=         66.31 s
 NC=   63400 T= 7.7463E+00 DT= 1.2219E-04 ERR= -0.0% DM/M= 0.0000E+00
 ELAPSED TIME=        120.42 s  REMAINING TIME=         66.13 s
 NC=   63500 T= 7.7586E+00 DT= 1.2219E-04 ERR= -0.0% DM/M= 0.0000E+00
 ELAPSED TIME=        120.61 s  REMAINING TIME=         65.94 s
 NC=   63600 T= 7.7708E+00 DT= 1.2219E-04 ERR= -0.0% DM/M= 0.0000E+00
 ELAPSED TIME=        120.80 s  REMAINING TIME=         65.75 s
 NC=   63700 T= 7.7830E+00 DT= 1.2219E-04 ERR= -0.0% DM/M= 0.0000E+00
 ELAPSED TIME=        120.99 s  REMAINING TIME=         65.56 s
 NC=   63800 T= 7.7952E+00 DT= 1.2218E-04 ERR= -0.0% DM/M= 0.0000E+00
 ELAPSED TIME=        121.19 s  REMAINING TIME=         65.37 s
 NC=   63900 T= 7.8074E+00 DT= 1.2218E-04 ERR= -0.0% DM/M= 0.0000E+00
 ELAPSED TIME=        121.38 s  REMAINING TIME=         65.18 s
 NC=   64000 T= 7.8196E+00 DT= 1.2218E-04 ERR= -0.0% DM/M= 0.0000E+00
 ELAPSED TIME=        121.57 s  REMAINING TIME=         64.99 s
 NC=   64100 T= 7.8319E+00 DT= 1.2218E-04 ERR= -0.0% DM/M= 0.0000E+00
 ELAPSED TIME=        121.76 s  REMAINING TIME=         64.80 s
 NC=   64200 T= 7.8441E+00 DT= 1.2218E-04 ERR= -0.0% DM/M= 0.0000E+00
 ELAPSED TIME=        121.95 s  REMAINING TIME=         64.61 s
 NC=   64300 T= 7.8563E+00 DT= 1.2218E-04 ERR= -0.0% DM/M= 0.0000E+00
 ELAPSED TIME=        122.14 s  REMAINING TIME=         64.42 s
 NC=   64400 T= 7.8685E+00 DT= 1.2218E-04 ERR= -0.0% DM/M= 0.0000E+00
 ELAPSED TIME=        122.34 s  REMAINING TIME=         64.23 s
 NC=   64500 T= 7.8807E+00 DT= 1.2218E-04 ERR= -0.0% DM/M= 0.0000E+00
 ELAPSED TIME=        122.53 s  REMAINING TIME=         64.05 s
 NC=   64600 T= 7.8930E+00 DT= 1.2218E-04 ERR= -0.0% DM/M= 0.0000E+00
 ELAPSED TIME=        122.72 s  REMAINING TIME=         63.86 s
 NC=   64700 T= 7.9052E+00 DT= 1.2218E-04 ERR= -0.0% DM/M= 0.0000E+00
 ELAPSED TIME=        122.91 s  REMAINING TIME=         63.67 s
 NC=   64800 T= 7.9174E+00 DT= 1.2218E-04 ERR= -0.0% DM/M= 0.0000E+00
 ELAPSED TIME=        123.11 s  REMAINING TIME=         63.48 s
 NC=   64900 T= 7.9296E+00 DT= 1.2217E-04 ERR= -0.0% DM/M= 0.0000E+00
 ELAPSED TIME=        123.30 s  REMAINING TIME=         63.29 s
 NC=   65000 T= 7.9418E+00 DT= 1.2217E-04 ERR= -0.0% DM/M= 0.0000E+00
 ELAPSED TIME=        123.49 s  REMAINING TIME=         63.10 s
 NC=   65100 T= 7.9540E+00 DT= 1.2217E-04 ERR= -0.0% DM/M= 0.0000E+00
 ELAPSED TIME=        123.68 s  REMAINING TIME=         62.91 s
 -- RUPTURE OF SPRING ELEMENT :      3120 AT TIME :  7.962    
 -- RUPTURE OF SPRING ELEMENT :      3121 AT TIME :  7.962    
 NC=   65200 T= 7.9663E+00 DT= 1.2217E-04 ERR= -0.0% DM/M= 0.0000E+00
 ELAPSED TIME=        123.88 s  REMAINING TIME=         62.72 s
 NC=   65300 T= 7.9785E+00 DT= 1.2217E-04 ERR= -0.0% DM/M= 0.0000E+00
 ELAPSED TIME=        124.07 s  REMAINING TIME=         62.54 s
 NC=   65400 T= 7.9907E+00 DT= 1.2217E-04 ERR= -0.0% DM/M= 0.0000E+00
 ELAPSED TIME=        124.26 s  REMAINING TIME=         62.35 s
 NC=   65500 T= 8.0029E+00 DT= 1.2217E-04 ERR= -0.0% DM/M= 0.0000E+00
 ELAPSED TIME=        124.45 s  REMAINING TIME=         62.16 s
 NC=   65600 T= 8.0151E+00 DT= 1.2217E-04 ERR= -0.0% DM/M= 0.0000E+00
 ELAPSED TIME=        124.65 s  REMAINING TIME=         61.97 s
 NC=   65700 T= 8.0273E+00 DT= 1.2217E-04 ERR= -0.0% DM/M= 0.0000E+00
 ELAPSED TIME=        124.84 s  REMAINING TIME=         61.78 s
 NC=   65800 T= 8.0396E+00 DT= 1.2217E-04 ERR= -0.0% DM/M= 0.0000E+00
 ELAPSED TIME=        125.03 s  REMAINING TIME=         61.59 s
 NC=   65900 T= 8.0518E+00 DT= 1.2217E-04 ERR= -0.0% DM/M= 0.0000E+00
 ELAPSED TIME=        125.22 s  REMAINING TIME=         61.40 s
 NC=   66000 T= 8.0640E+00 DT= 1.2217E-04 ERR= -0.0% DM/M= 0.0000E+00
 ELAPSED TIME=        125.41 s  REMAINING TIME=         61.21 s
 NC=   66100 T= 8.0762E+00 DT= 1.2217E-04 ERR= -0.0% DM/M= 0.0000E+00
 ELAPSED TIME=        125.60 s  REMAINING TIME=         61.02 s
 NC=   66200 T= 8.0884E+00 DT= 1.2217E-04 ERR= -0.0% DM/M= 0.0000E+00
 ELAPSED TIME=        125.80 s  REMAINING TIME=         60.84 s
 NC=   66300 T= 8.1006E+00 DT= 1.2217E-04 ERR= -0.0% DM/M= 0.0000E+00
 ELAPSED TIME=        125.99 s  REMAINING TIME=         60.65 s
 NC=   66400 T= 8.1129E+00 DT= 1.2217E-04 ERR= -0.0% DM/M= 0.0000E+00
 ELAPSED TIME=        126.18 s  REMAINING TIME=         60.46 s
 NC=   66500 T= 8.1251E+00 DT= 1.2217E-04 ERR= -0.0% DM/M= 0.0000E+00
 ELAPSED TIME=        126.37 s  REMAINING TIME=         60.27 s
 NC=   66600 T= 8.1373E+00 DT= 1.2217E-04 ERR= -0.0% DM/M= 0.0000E+00
 ELAPSED TIME=        126.57 s  REMAINING TIME=         60.08 s
 NC=   66700 T= 8.1495E+00 DT= 1.2217E-04 ERR= -0.0% DM/M= 0.0000E+00
 ELAPSED TIME=        126.76 s  REMAINING TIME=         59.89 s
 NC=   66800 T= 8.1617E+00 DT= 1.2216E-04 ERR= -0.0% DM/M= 0.0000E+00
 ELAPSED TIME=        126.95 s  REMAINING TIME=         59.70 s
 NC=   66900 T= 8.1739E+00 DT= 1.2216E-04 ERR= -0.0% DM/M= 0.0000E+00
 ELAPSED TIME=        127.14 s  REMAINING TIME=         59.51 s
 NC=   67000 T= 8.1862E+00 DT= 1.2216E-04 ERR= -0.0% DM/M= 0.0000E+00
 ELAPSED TIME=        127.34 s  REMAINING TIME=         59.32 s
 NC=   67100 T= 8.1984E+00 DT= 1.2216E-04 ERR= -0.0% DM/M= 0.0000E+00
 ELAPSED TIME=        127.53 s  REMAINING TIME=         59.14 s
 NC=   67200 T= 8.2106E+00 DT= 1.2216E-04 ERR= -0.0% DM/M= 0.0000E+00
 ELAPSED TIME=        127.72 s  REMAINING TIME=         58.95 s
 NC=   67300 T= 8.2228E+00 DT= 1.2216E-04 ERR= -0.0% DM/M= 0.0000E+00
 ELAPSED TIME=        127.91 s  REMAINING TIME=         58.76 s
 NC=   67400 T= 8.2350E+00 DT= 1.2216E-04 ERR= -0.0% DM/M= 0.0000E+00
 ELAPSED TIME=        128.11 s  REMAINING TIME=         58.57 s
 NC=   67500 T= 8.2472E+00 DT= 1.2216E-04 ERR= -0.0% DM/M= 0.0000E+00
 ELAPSED TIME=        128.30 s  REMAINING TIME=         58.38 s
 NC=   67600 T= 8.2595E+00 DT= 1.2216E-04 ERR= -0.0% DM/M= 0.0000E+00
 ELAPSED TIME=        128.49 s  REMAINING TIME=         58.19 s
 NC=   67700 T= 8.2717E+00 DT= 1.2216E-04 ERR= -0.0% DM/M= 0.0000E+00
 ELAPSED TIME=        128.68 s  REMAINING TIME=         58.00 s
 NC=   67800 T= 8.2839E+00 DT= 1.2216E-04 ERR= -0.0% DM/M= 0.0000E+00
 ELAPSED TIME=        128.87 s  REMAINING TIME=         57.81 s
 NC=   67900 T= 8.2961E+00 DT= 1.2216E-04 ERR= -0.0% DM/M= 0.0000E+00
 ELAPSED TIME=        129.07 s  REMAINING TIME=         57.62 s
 NC=   68000 T= 8.3083E+00 DT= 1.2216E-04 ERR= -0.0% DM/M= 0.0000E+00
 ELAPSED TIME=        129.26 s  REMAINING TIME=         57.44 s
 NC=   68100 T= 8.3205E+00 DT= 1.2216E-04 ERR= -0.0% DM/M= 0.0000E+00
 ELAPSED TIME=        129.45 s  REMAINING TIME=         57.25 s
 NC=   68200 T= 8.3328E+00 DT= 1.2216E-04 ERR= -0.0% DM/M= 0.0000E+00
 ELAPSED TIME=        129.65 s  REMAINING TIME=         57.06 s
 NC=   68300 T= 8.3450E+00 DT= 1.2216E-04 ERR= -0.0% DM/M= 0.0000E+00
 ELAPSED TIME=        129.84 s  REMAINING TIME=         56.87 s
 NC=   68400 T= 8.3572E+00 DT= 1.2216E-04 ERR= -0.0% DM/M= 0.0000E+00
 ELAPSED TIME=        130.03 s  REMAINING TIME=         56.68 s
 -- RUPTURE OF SPRING ELEMENT :      3119 AT TIME :  8.365    
 -- RUPTURE OF SPRING ELEMENT :      3122 AT TIME :  8.365    
 NC=   68500 T= 8.3694E+00 DT= 1.2221E-04 ERR= -0.0% DM/M= 0.0000E+00
 ELAPSED TIME=        130.23 s  REMAINING TIME=         56.49 s
 NC=   68600 T= 8.3816E+00 DT= 1.2222E-04 ERR= -0.0% DM/M= 0.0000E+00
 ELAPSED TIME=        130.42 s  REMAINING TIME=         56.30 s
 -- RUPTURE OF SPRING ELEMENT :      3118 AT TIME :  8.382    
 -- RUPTURE OF SPRING ELEMENT :      3123 AT TIME :  8.382    
 NC=   68700 T= 8.3938E+00 DT= 1.2224E-04 ERR= -0.0% DM/M= 0.0000E+00
 ELAPSED TIME=        130.61 s  REMAINING TIME=         56.11 s
 -- RUPTURE OF SPRING ELEMENT :      3117 AT TIME :  8.396    
 -- RUPTURE OF SPRING ELEMENT :      3124 AT TIME :  8.396    
 -- RUPTURE OF SPRING ELEMENT :      3116 AT TIME :  8.403    
 -- RUPTURE OF SPRING ELEMENT :      3125 AT TIME :  8.403    
 NC=   68800 T= 8.4061E+00 DT= 1.2232E-04 ERR= -0.0% DM/M= 0.0000E+00
 ELAPSED TIME=        130.80 s  REMAINING TIME=         55.92 s
 -- RUPTURE OF SPRING ELEMENT :      3115 AT TIME :  8.408    
 -- RUPTURE OF SPRING ELEMENT :      3126 AT TIME :  8.408    
 -- RUPTURE OF SPRING ELEMENT :      3114 AT TIME :  8.412    
 -- RUPTURE OF SPRING ELEMENT :      3127 AT TIME :  8.412    
 -- RUPTURE OF SPRING ELEMENT :      3113 AT TIME :  8.416    
 -- RUPTURE OF SPRING ELEMENT :      3128 AT TIME :  8.416    
 SENSOR NUMBER        501 ACTIVATED AT TIME  8.41825E+00
 SENSOR NUMBER        502 ACTIVATED AT TIME  8.41825E+00

MESSAGE ID :        234

 ** RUN STOPPED: SENSOR 501 IS ACTIVATED 

 NC=   68900 T= 8.4184E+00 DT= 1.2710E-04 ERR= -0.0% DM/M= 0.0000E+00
 ELAPSED TIME=        130.99 s  REMAINING TIME=         55.73 s
     RESTART FILES: I02IE_ENG_PENALTY_DOUBLE_R1_0001_[0001-0001].rst WRITTEN
  
                           ** CPU USER TIME **
  
  
                        ** SUMMARY **
  
 #PROC  ELEMENT   KINCOND   INTEG     IO        T0        ASM       RESOL    
   1   .9100E+02 .1688E+01 .2016E+01 .3088E+02 .9844E+00 .2328E+01 .1308E+03
 
                   ** CUMULATIVE CPU TIME SUMMARY **
  
 CONTACT SORTING.............: .0000E+00     0.00 % 
 CONTACT FORCES..............: .3125E-01     0.02 % 
 ELEMENT FORCES..............: .9100E+02    69.60 % 
 KINEMATIC COND..............: .1688E+01     1.29 % 
 INTEGRATION.................: .2016E+01     1.54 % 
 ASSEMBLING..................: .2328E+01     1.78 % 
 OTHERS (including I/O)......: .3369E+02    25.76 % 
 TOTAL.......................: .1308E+03   100.00 % 
  
                   ** MEMORY USAGE STATISTICS **
  
 TOTAL MEMORY USED .........................:       57 MB
 MAXIMUM MEMORY PER PROCESSOR...............:       57 MB
 MINIMUM MEMORY PER PROCESSOR...............:       57 MB
 AVERAGE MEMORY PER PROCESSOR...............:       57 MB
  
                   ** DISK USAGE STATISTICS **
  
 TOTAL DISK SPACE USED .....................:        186 MB
 ANIMATION/H3D/TH/OUTP SIZE ................:        182 MB
 RESTART FILE SIZE .........................:          3 MB
  
 ELAPSED TIME     =        131.00 s
                          0:02:11
  
     NORMAL TERMINATION      
     USER BREAK 
     TOTAL NUMBER OF CYCLES  :   68901
