************************************************************************
**                                                                    **
**                                                                    **
**                         OpenRadioss Engine                         **
**                                                                    **
**            Non-linear Finite Element Analysis Software             **
**                                                                    **
**                                                                    **
**                                                                    **
**                  Windows 64 bits, Intel compiler                   **
**                      Double Precision Version                      **
**                                                                    **
**                                                                    **
**                                                                    **
************************************************************************
** OpenRadioss Software                                               **
** COPYRIGHT (C) 2026 Siemens                                         **
** Licensed under GNU Affero General Public License.                  **
** See License file.                                                  **
************************************************************************
 
 ROOT: A27_COMP_MEMBRANE_N12  RESTART: 0001
 NUMBER OF HMPP PROCESSES     1
 10/10/2026
 NC=       0 T= 0.0000E+00 DT= 2.5000E-05 ERR=  0.0% DM/M= 0.0000E+00
     ANIMATION FILE: A27_COMP_MEMBRANE_N12A001 WRITTEN
 NC=     100 T= 2.5000E-03 DT= 2.5000E-05 ERR= -0.0% DM/M= 0.0000E+00
 ELAPSED TIME=          0.19 s  REMAINING TIME=          7.41 s
 NC=     200 T= 5.0000E-03 DT= 2.5000E-05 ERR= -0.0% DM/M= 0.0000E+00
 ELAPSED TIME=          0.34 s  REMAINING TIME=          6.51 s
 NC=     300 T= 7.5000E-03 DT= 2.5000E-05 ERR= -0.0% DM/M= 0.0000E+00
 ELAPSED TIME=          0.49 s  REMAINING TIME=          6.10 s
 NC=     400 T= 1.0000E-02 DT= 2.5000E-05 ERR= -0.0% DM/M= 0.0000E+00
 ELAPSED TIME=          0.65 s  REMAINING TIME=          5.89 s
 NC=     500 T= 1.2500E-02 DT= 2.5000E-05 ERR= -0.0% DM/M= 0.0000E+00
 ELAPSED TIME=          0.81 s  REMAINING TIME=          5.68 s
 NC=     600 T= 1.5000E-02 DT= 2.5000E-05 ERR= -0.0% DM/M= 0.0000E+00
 ELAPSED TIME=          0.97 s  REMAINING TIME=          5.49 s
 NC=     700 T= 1.7500E-02 DT= 2.5000E-05 ERR= -0.0% DM/M= 0.0000E+00
 ELAPSED TIME=          1.13 s  REMAINING TIME=          5.31 s
 NC=     800 T= 2.0000E-02 DT= 2.5000E-05 ERR= -0.0% DM/M= 0.0000E+00
 ELAPSED TIME=          1.28 s  REMAINING TIME=          5.14 s
 NC=     900 T= 2.2500E-02 DT= 2.5000E-05 ERR= -0.0% DM/M= 0.0000E+00
 ELAPSED TIME=          1.44 s  REMAINING TIME=          4.96 s
 NC=    1000 T= 2.5000E-02 DT= 2.5000E-05 ERR= -0.0% DM/M= 0.0000E+00
 ELAPSED TIME=          1.60 s  REMAINING TIME=          4.79 s
     ANIMATION FILE: A27_COMP_MEMBRANE_N12A002 WRITTEN
 NC=    1100 T= 2.7500E-02 DT= 2.5000E-05 ERR= -0.0% DM/M= 0.0000E+00
 ELAPSED TIME=          1.76 s  REMAINING TIME=          4.64 s
 NC=    1200 T= 3.0000E-02 DT= 2.5000E-05 ERR= -0.0% DM/M= 0.0000E+00
 ELAPSED TIME=          1.91 s  REMAINING TIME=          4.46 s
 NC=    1300 T= 3.2500E-02 DT= 2.5000E-05 ERR= -0.0% DM/M= 0.0000E+00
 ELAPSED TIME=          2.06 s  REMAINING TIME=          4.29 s
 NC=    1400 T= 3.5000E-02 DT= 2.5000E-05 ERR= -0.0% DM/M= 0.0000E+00
 ELAPSED TIME=          2.22 s  REMAINING TIME=          4.11 s
 NC=    1500 T= 3.7500E-02 DT= 2.5000E-05 ERR= -0.0% DM/M= 0.0000E+00
 ELAPSED TIME=          2.37 s  REMAINING TIME=          3.94 s
 NC=    1600 T= 4.0000E-02 DT= 2.5000E-05 ERR= -0.0% DM/M= 0.0000E+00
 ELAPSED TIME=          2.52 s  REMAINING TIME=          3.78 s
 NC=    1700 T= 4.2500E-02 DT= 2.5000E-05 ERR= -0.0% DM/M= 0.0000E+00
 ELAPSED TIME=          2.67 s  REMAINING TIME=          3.61 s
 NC=    1800 T= 4.5000E-02 DT= 2.5000E-05 ERR= -0.0% DM/M= 0.0000E+00
 ELAPSED TIME=          2.82 s  REMAINING TIME=          3.45 s
 NC=    1900 T= 4.7500E-02 DT= 2.5000E-05 ERR= -0.0% DM/M= 0.0000E+00
 ELAPSED TIME=          2.97 s  REMAINING TIME=          3.29 s
 NC=    2000 T= 5.0000E-02 DT= 2.5000E-05 ERR= -0.0% DM/M= 0.0000E+00
 ELAPSED TIME=          3.13 s  REMAINING TIME=          3.13 s
     ANIMATION FILE: A27_COMP_MEMBRANE_N12A003 WRITTEN
 NC=    2100 T= 5.2500E-02 DT= 2.5000E-05 ERR= -0.0% DM/M= 0.0000E+00
 ELAPSED TIME=          3.28 s  REMAINING TIME=          2.97 s
 NC=    2200 T= 5.5000E-02 DT= 2.5000E-05 ERR= -0.0% DM/M= 0.0000E+00
 ELAPSED TIME=          3.43 s  REMAINING TIME=          2.81 s
 NC=    2300 T= 5.7500E-02 DT= 2.5000E-05 ERR= -0.0% DM/M= 0.0000E+00
 ELAPSED TIME=          3.59 s  REMAINING TIME=          2.65 s
 NC=    2400 T= 6.0000E-02 DT= 2.5000E-05 ERR=  0.0% DM/M= 0.0000E+00
 ELAPSED TIME=          3.74 s  REMAINING TIME=          2.50 s
 NC=    2500 T= 6.2500E-02 DT= 2.5000E-05 ERR=  0.0% DM/M= 0.0000E+00
 ELAPSED TIME=          3.90 s  REMAINING TIME=          2.34 s
 NC=    2600 T= 6.5000E-02 DT= 2.5000E-05 ERR=  0.0% DM/M= 0.0000E+00
 ELAPSED TIME=          4.05 s  REMAINING TIME=          2.18 s
 NC=    2700 T= 6.7500E-02 DT= 2.5000E-05 ERR=  0.0% DM/M= 0.0000E+00
 ELAPSED TIME=          4.21 s  REMAINING TIME=          2.03 s
 NC=    2800 T= 7.0000E-02 DT= 2.5000E-05 ERR=  0.0% DM/M= 0.0000E+00
 ELAPSED TIME=          4.36 s  REMAINING TIME=          1.87 s
 NC=    2900 T= 7.2500E-02 DT= 2.5000E-05 ERR=  0.0% DM/M= 0.0000E+00
 ELAPSED TIME=          4.52 s  REMAINING TIME=          1.71 s
 NC=    3000 T= 7.5000E-02 DT= 2.5000E-05 ERR=  0.0% DM/M= 0.0000E+00
 ELAPSED TIME=          4.67 s  REMAINING TIME=          1.56 s
     ANIMATION FILE: A27_COMP_MEMBRANE_N12A004 WRITTEN
 NC=    3100 T= 7.7500E-02 DT= 2.5000E-05 ERR=  0.0% DM/M= 0.0000E+00
 ELAPSED TIME=          4.83 s  REMAINING TIME=          1.40 s
 NC=    3200 T= 8.0000E-02 DT= 2.5000E-05 ERR=  0.0% DM/M= 0.0000E+00
 ELAPSED TIME=          4.99 s  REMAINING TIME=          1.25 s
 NC=    3300 T= 8.2500E-02 DT= 2.5000E-05 ERR=  0.0% DM/M= 0.0000E+00
 ELAPSED TIME=          5.14 s  REMAINING TIME=          1.09 s
 NC=    3400 T= 8.5000E-02 DT= 2.5000E-05 ERR=  0.0% DM/M= 0.0000E+00
 ELAPSED TIME=          5.30 s  REMAINING TIME=          0.94 s
 NC=    3500 T= 8.7500E-02 DT= 2.5000E-05 ERR=  0.0% DM/M= 0.0000E+00
 ELAPSED TIME=          5.45 s  REMAINING TIME=          0.78 s
 NC=    3600 T= 9.0000E-02 DT= 2.5000E-05 ERR=  0.0% DM/M= 0.0000E+00
 ELAPSED TIME=          5.61 s  REMAINING TIME=          0.62 s
 NC=    3700 T= 9.2500E-02 DT= 2.5000E-05 ERR=  0.0% DM/M= 0.0000E+00
 ELAPSED TIME=          5.76 s  REMAINING TIME=          0.47 s
 NC=    3800 T= 9.5000E-02 DT= 2.5000E-05 ERR=  0.0% DM/M= 0.0000E+00
 ELAPSED TIME=          5.92 s  REMAINING TIME=          0.31 s
 NC=    3900 T= 9.7500E-02 DT= 2.5000E-05 ERR=  0.0% DM/M= 0.0000E+00
 ELAPSED TIME=          6.07 s  REMAINING TIME=          0.16 s
 NC=    4000 T= 1.0000E-01 DT= 2.5000E-05 ERR= -0.0% DM/M= 0.0000E+00
 ELAPSED TIME=          6.23 s  REMAINING TIME=          0.00 s
     RESTART FILES: A27_COMP_MEMBRANE_N12_0001_[0001-0001].rst WRITTEN
     ANIMATION FILE: A27_COMP_MEMBRANE_N12A005 WRITTEN
  
                           ** CPU USER TIME **
  
  
                        ** SUMMARY **
  
 #PROC  ELEMENT   KINCOND   INTEG     IO        T0        ASM       RESOL    
   1   .5812E+01 .1094E+00 .1562E-01 .1875E+00 .1719E+00 .3125E-01 .6219E+01
 
                   ** CUMULATIVE CPU TIME SUMMARY **
  
 CONTACT SORTING.............: .0000E+00     0.00 % 
 CONTACT FORCES..............: .0000E+00     0.00 % 
 ELEMENT FORCES..............: .5812E+01    93.47 % 
 KINEMATIC COND..............: .1094E+00     1.76 % 
 INTEGRATION.................: .1562E-01     0.25 % 
 ASSEMBLING..................: .3125E-01     0.50 % 
 OTHERS (including I/O)......: .2500E+00     4.02 % 
 TOTAL.......................: .6219E+01   100.00 % 
  
                   ** MEMORY USAGE STATISTICS **
  
 TOTAL MEMORY USED .........................:       64 MB
 MAXIMUM MEMORY PER PROCESSOR...............:       64 MB
 MINIMUM MEMORY PER PROCESSOR...............:       64 MB
 AVERAGE MEMORY PER PROCESSOR...............:       64 MB
  
                   ** DISK USAGE STATISTICS **
  
 TOTAL DISK SPACE USED .....................:          4 MB
 ANIMATION/H3D/TH/OUTP SIZE ................:          0 MB
 RESTART FILE SIZE .........................:          3 MB
  
 ELAPSED TIME     =          6.24 s
                          0:00:06
  
     NORMAL TERMINATION      
     TOTAL NUMBER OF CYCLES  :    4002
