 A19_STRAIN_2_0001.out
************************************************************************
**                                                                    **
**                                                                    **
**                         OpenRadioss Engine                         **
**                                                                    **
**            Non-linear Finite Element Analysis Software             **
**                                                                    **
**                                                                    **
**                                                                    **
**                  Windows 64 bits, Intel compiler                   **
**                      Double Precision Version                      **
**                                                                    **
**                                                                    **
**                                                                    **
************************************************************************
** OpenRadioss Software                                               **
** COPYRIGHT (C) 2026 Siemens                                         **
** Licensed under GNU Affero General Public License.                  **
** See License file.                                                  **
************************************************************************
 
 NUMBER OF SPMD DOMAINS           1
 NUMBER OF THREADS PER DOMAIN     2
 NUMBER OF HMPP PROCESSES         2
  
 COMPUTATION HARDWARE DESCRIPTION
  
 HOSTNAME     CPU TYPE, FREQUENCY AND MEMORY
 jeux   AMD Ryzen 5 5600 6-Core Processor               (x86_64), 3700 MHz,   6463 MB RAM,  18985 MB swap
  
 STACKSIZE  . . . . . . . . . . . . . . . . . . . . 1430 MB
 THREAD STACKSIZE . . . . . . . . . . . . . . . . . 400 MB
 
************************************************************************


 A19_STRAIN_2D01                                                                 


 FINAL TIME . . . . . . . . . . . . . . . . . . .   1.000000    

 TIME INTERVAL FOR TIME HISTORY PLOTS . . . . . .  0.1000000E-02

 TIME STEP SCALE FACTOR . . . . . . . . . . . . .  0.4000000    

 MINIMUM TIME STEP  . . . . . . . . . . . . . . .   0.000000    


 BRICK TIME STEP SCALE FACTOR . . . . . . . . . .  0.4000000    
 BRICK MINIMUM TIME STEP. . . . . . . . . . . . .   0.000000    
 MIN. TIME STEP FLAG (1:STOP RUN, 2:DELETE BRICK)     1

 QUAD TIME STEP SCALE FACTOR. . . . . . . . . . .  0.4000000    
 QUAD MINIMUM TIME STEP . . . . . . . . . . . . .   0.000000    
 MIN. TIME STEP FLAG (1:STOP RUN, 2:DELETE QUAD).     1

 SHELL TIME STEP SCALE FACTOR . . . . . . . . . .  0.4000000    
 SHELL MINIMUM TIME STEP. . . . . . . . . . . . .   0.000000    
 MIN. TIME FLAG (1:STOP, 2:DELETE, 3:SMALL STRAIN)    2

 TRUSS TIME STEP SCALE FACTOR . . . . . . . . . .  0.4000000    
 TRUSS MINIMUM TIME STEP. . . . . . . . . . . . .   0.000000    
 MIN. TIME FLAG (1:STOP, 2:DELETE). . . . . . . .     0

 BEAM TIME STEP SCALE FACTOR. . . . . . . . . . .  0.4000000    
 BEAM MINIMUM TIME STEP . . . . . . . . . . . . .   0.000000    
 MIN. TIME FLAG (1:STOP, 2:DELETE). . . . . . . .     0

 SPRING TIME STEP SCALE FACTOR. . . . . . . . . .  0.4000000    
 SPRING MINIMUM TIME STEP . . . . . . . . . . . .   0.000000    
 MIN. TIME FLAG (1:STOP, 2:DELETE). . . . . . . .     0

 AIRBAG TIME STEP SCALE FACTOR. . . . . . . . . .  0.4000000    
 AIRBAG MINIMUM TIME STEP . . . . . . . . . . . .   0.000000    
 MIN. TIME FLAG (1:STOP). . . . . . . . . . . . .     0

 CONTACT TIME STEP SCALE FACTOR . . . . . . . . .  0.4000000    
 CONTACT MINIMUM TIME STEP. . . . . . . . . . . .   0.000000    
 MIN. TIME FLAG(1:STOP, 2:REMOVE NODE FROM INTERF)    0

 PRINTOUT CYCLE FREQUENCY . . . . . . . . . . . .  -100

 RESTART CYCLE FREQUENCY. . . . . . . . . . . . .   10000000

 MAXIMUM RESTART WRITE BEFORE OVERWRITE . . . . .     0

 INVERS: INPUT DECK VERSION . . . . . . . . . . .  2026
 ITTYP : FLAG FOR TYPE OF T-FILE. . . . . . . . .     4

 INITIAL TIME STEP. . . . . . . . . . . . . . . .  0.2500000E-04
 MAXIMUM TIME STEP. . . . . . . . . . . . . . . .  0.2500000E-04

 PARALLEL ARITHMETIC ON
 NUMBER OF INTERFACES TO BE ELIMINATED. . . . . .        0

 NUMBER OF PARTS TO BE ELIMINATED . . . . . . . .        0

 NUMBER OF SOLID  ELEMENT BLOCKS TO BE ELIMINATED        0

 NUMBER OF QUAD   ELEMENT BLOCKS TO BE ELIMINATED        0

 NUMBER OF SHELL  ELEMENT BLOCKS TO BE ELIMINATED        0

 NUMBER OF TRUSS  ELEMENT BLOCKS TO BE ELIMINATED        0

 NUMBER OF BEAM   ELEMENT BLOCKS TO BE ELIMINATED        0

 NUMBER OF SPRING ELEMENT BLOCKS TO BE ELIMINATED        0

 NUMBER OF SH_3N  ELEMENT BLOCKS TO BE ELIMINATED        0

 NUMBER OF  SPH PARTICLES BLOCKS TO BE ELIMINATED        0

 NUMBER OF RIGID LINKS. . . . . . . . . . . . . .        0

 NUMBER OF NEW BOUNDARY CONDITIONS. . . . . . . .        0


 TIME FOR FIRST ANIMATION-FILE PLOT . . . . . . .   0.000000    
 TIME INTERVAL FOR ANIMATION-FILE PLOTS . . . . .  0.2500000    
 TIME TO STOP ANIMATION-FILE PLOTS. . . . . . . .  0.1000000E+21
 SENSOR FOR ANIMATION-FILE PLOTS. . . . . . . . .          0
 TIME INTERVAL FOR SENSOR ANIMATION-FILE PLOTS. .   0.000000    

 VARIABLE SAVED ON ANIMATION FILES (1: YES) :
      PLASTIC STRAIN. . . . . .     0
      DENSITY     (SOLID ONLY).     0
      SPECIFIC ENERGY . . . . .     1
      HOURGLASS ENERGY. . . . .     0
      TEMPERATURE (SOLID ONLY).     0
      THICKNESS   (SHELL ONLY).     0
      PRESSURE    (SOLID ONLY).     0
      VON MISES . . . . . . . .     0
      TURBULENT ENERGY (FLUID).     0
      TURBULENT VISCOSITY(FLUID)    0
      VORTICITY (FLUID) . . . .     0
 NODAL VALUES SAVED ON ANIMATION FILES (1: YES) :
      PRESSURE. . . . . . . . .     0
      DENSITY . . . . . . . . .     0
      TEMPERATURE . . . . . . .     0
 VECTOR SAVED ON ANIMATION FILES (1: YES) :
      VELOCITY VECTOR . . . . .     1
      DISPLACEMENT VECTOR . . .     1
      ACCELERATION VECTOR . . .     0
      CONTACT FORCES. . . . . .     0
      INTERNAL FORCES . . . . .     0
      EXTERNAL FORCES . . . . .     0
      SECTION RBY RWALL FORCES.     0
      ROTATIONAL VELOCITY VECTOR    0
      CONTACT PRESSURE (VECTORS)    0
 SHELL TENSOR SAVED ON ANIMATION FILES (1: YES) :
      MEMBRANE STRESS . . . . .     0
      BENDING STRESS(MOMENT/T^2)    0
      UPPER LAYER STRESS. . . .     0
      LOWER LAYER STRESS. . . .     0
      MEMBRANE STRAIN . . . . .     0
      CURVATURE . . . . . . . .     0
      UPPER LAYER STRAIN. . . .     0
      LOWER LAYER STRAIN. . . .     0
 NODAL MASS SAVED ON ANIMATION FILES (1: YES) :    0
 KEEP DELETED ELEMENT (1: YES) :    0


 09/10/2026
   CYCLE    TIME      TIME-STEP  ELEMENT          ERROR  I-ENERGY    K-ENERGY T  K-ENERGY R  EXT-WORK     MAS.ERR     TOTAL MASS  MASS ADDED
       0   0.000      0.2500E-04 SHELL          1   0.0%   0.000       0.000       0.000       0.000       0.000       99.63       0.000    
     ANIMATION FILE: A19_STRAIN_2A001 WRITTEN
     100  0.2500E-02  0.2500E-04 SHELL          1  -0.0%  0.4627E-06  0.7528E-03   0.000      0.7535E-03   0.000       99.63       0.000    
     200  0.5000E-02  0.2500E-04 SHELL          1  -0.0%  0.7378E-05  0.2996E-02   0.000      0.3004E-02   0.000       99.63       0.000    
     300  0.7500E-02  0.2500E-04 SHELL          1  -0.0%  0.3723E-04  0.6707E-02   0.000      0.6745E-02   0.000       99.63       0.000    
     400  0.1000E-01  0.2500E-04 SHELL          1  -0.0%  0.1173E-03  0.1186E-01   0.000      0.1198E-01   0.000       99.63       0.000    
     500  0.1250E-01  0.2500E-04 SHELL          1  -0.0%  0.2853E-03  0.1844E-01   0.000      0.1873E-01   0.000       99.63       0.000    
     600  0.1500E-01  0.2500E-04 SHELL          1  -0.0%  0.5896E-03  0.2643E-01   0.000      0.2702E-01   0.000       99.63       0.000    
     700  0.1750E-01  0.2500E-04 SHELL          1  -0.0%  0.1089E-02  0.3579E-01   0.000      0.3687E-01   0.000       99.63       0.000    
     800  0.2000E-01  0.2500E-04 SHELL          1  -0.0%  0.1851E-02  0.4650E-01   0.000      0.4835E-01   0.000       99.63       0.000    
     900  0.2250E-01  0.2500E-04 SHELL          1  -0.0%  0.2955E-02  0.5856E-01   0.000      0.6151E-01   0.000       99.63       0.000    
    1000  0.2500E-01  0.2500E-04 SHELL          1  -0.0%  0.4489E-02  0.7192E-01   0.000      0.7641E-01   0.000       99.63       0.000    
    1100  0.2750E-01  0.2500E-04 SHELL          1  -0.0%  0.6549E-02  0.8658E-01   0.000      0.9313E-01   0.000       99.63       0.000    
    1200  0.3000E-01  0.2500E-04 SHELL          1  -0.0%  0.9245E-02  0.1025       0.000      0.1118       0.000       99.63       0.000    
    1300  0.3250E-01  0.2500E-04 SHELL          1  -0.0%  0.1269E-01  0.1197       0.000      0.1324       0.000       99.63       0.000    
    1400  0.3500E-01  0.2500E-04 SHELL          1  -0.0%  0.1701E-01  0.1381       0.000      0.1551       0.000       99.63       0.000    
    1500  0.3750E-01  0.2500E-04 SHELL          1  -0.0%  0.2234E-01  0.1577       0.000      0.1800       0.000       99.63       0.000    
    1600  0.4000E-01  0.2500E-04 SHELL          1  -0.0%  0.2882E-01  0.1785       0.000      0.2073       0.000       99.63       0.000    
    1700  0.4250E-01  0.2500E-04 SHELL          1  -0.0%  0.3660E-01  0.2005       0.000      0.2371       0.000       99.63       0.000    
    1800  0.4500E-01  0.2500E-04 SHELL          1  -0.0%  0.4585E-01  0.2236       0.000      0.2694       0.000       99.63       0.000    
    1900  0.4750E-01  0.2500E-04 SHELL          1  -0.0%  0.5672E-01  0.2478       0.000      0.3045       0.000       99.63       0.000    
    2000  0.5000E-01  0.2500E-04 SHELL          1  -0.0%  0.6940E-01  0.2731       0.000      0.3425       0.000       99.63       0.000    
    2100  0.5250E-01  0.2500E-04 SHELL          1  -0.0%  0.8407E-01  0.2995       0.000      0.3836       0.000       99.63       0.000    
    2200  0.5500E-01  0.2500E-04 SHELL          1  -0.0%  0.1009      0.3270       0.000      0.4279       0.000       99.63       0.000    
    2300  0.5750E-01  0.2500E-04 SHELL          1  -0.0%  0.1201      0.3555       0.000      0.4757       0.000       99.63       0.000    
    2400  0.6000E-01  0.2500E-04 SHELL          1  -0.0%  0.1419      0.3851       0.000      0.5270       0.000       99.63       0.000    
    2500  0.6250E-01  0.2500E-04 SHELL          1  -0.0%  0.1665      0.4156       0.000      0.5821       0.000       99.63       0.000    
    2600  0.6500E-01  0.2500E-04 SHELL          1  -0.0%  0.1941      0.4471       0.000      0.6413       0.000       99.63       0.000    
    2700  0.6750E-01  0.2500E-04 SHELL          1  -0.0%  0.2250      0.4796       0.000      0.7046       0.000       99.63       0.000    
    2800  0.7000E-01  0.2500E-04 SHELL          1  -0.0%  0.2593      0.5130       0.000      0.7723       0.000       99.63       0.000    
    2900  0.7250E-01  0.2500E-04 SHELL          1  -0.0%  0.2974      0.5474       0.000      0.8447       0.000       99.63       0.000    
    3000  0.7500E-01  0.2500E-04 SHELL          1  -0.0%  0.3393      0.5826       0.000      0.9219       0.000       99.63       0.000    
    3100  0.7750E-01  0.2500E-04 SHELL          1  -0.0%  0.3855      0.6187       0.000       1.004       0.000       99.63       0.000    
    3200  0.8000E-01  0.2500E-04 SHELL          1  -0.0%  0.4362      0.6557       0.000       1.092       0.000       99.63       0.000    
    3300  0.8250E-01  0.2500E-04 SHELL          1  -0.0%  0.4916      0.6936       0.000       1.185       0.000       99.63       0.000    
    3400  0.8500E-01  0.2500E-04 SHELL          1  -0.0%  0.5520      0.7322       0.000       1.284       0.000       99.63       0.000    
    3500  0.8750E-01  0.2500E-04 SHELL          1  -0.0%  0.6177      0.7717       0.000       1.389       0.000       99.63       0.000    
    3600  0.9000E-01  0.2500E-04 SHELL          1  -0.0%  0.6889      0.8120       0.000       1.501       0.000       99.63       0.000    
    3700  0.9250E-01  0.2500E-04 SHELL          1  -0.0%  0.7660      0.8530       0.000       1.619       0.000       99.63       0.000    
    3800  0.9500E-01  0.2500E-04 SHELL          1  -0.0%  0.8492      0.8948       0.000       1.744       0.000       99.63       0.000    
    3900  0.9750E-01  0.2500E-04 SHELL          1  -0.0%  0.9388      0.9373       0.000       1.876       0.000       99.63       0.000    
    4000  0.1000      0.2500E-04 SHELL          1  -0.0%   1.035      0.9805       0.000       2.016       0.000       99.63       0.000    
    4100  0.1025      0.2500E-04 SHELL          1  -0.0%   1.139       1.024       0.000       2.163       0.000       99.63       0.000    
    4200  0.1050      0.2500E-04 SHELL          1  -0.0%   1.249       1.069       0.000       2.318       0.000       99.63       0.000    
    4300  0.1075      0.2500E-04 SHELL          1  -0.0%   1.368       1.114       0.000       2.482       0.000       99.63       0.000    
    4400  0.1100      0.2500E-04 SHELL          1  -0.0%   1.494       1.160       0.000       2.654       0.000       99.63       0.000    
    4500  0.1125      0.2500E-04 SHELL          1  -0.0%   1.629       1.207       0.000       2.835       0.000       99.63       0.000    
    4600  0.1150      0.2500E-04 SHELL          1  -0.0%   1.772       1.254       0.000       3.026       0.000       99.63       0.000    
    4700  0.1175      0.2500E-04 SHELL          1  -0.0%   1.924       1.302       0.000       3.226       0.000       99.63       0.000    
    4800  0.1200      0.2500E-04 SHELL          1  -0.0%   2.086       1.350       0.000       3.436       0.000       99.63       0.000    
    4900  0.1225      0.2500E-04 SHELL          1  -0.0%   2.257       1.399       0.000       3.656       0.000       99.63       0.000    
    5000  0.1250      0.2500E-04 SHELL          1  -0.0%   2.438       1.448       0.000       3.886       0.000       99.63       0.000    
    5100  0.1275      0.2500E-04 SHELL          1  -0.0%   2.629       1.498       0.000       4.127       0.000       99.63       0.000    
    5200  0.1300      0.2500E-04 SHELL          1  -0.0%   2.831       1.548       0.000       4.380       0.000       99.63       0.000    
    5300  0.1325      0.2500E-04 SHELL          1  -0.0%   3.044       1.599       0.000       4.644       0.000       99.63       0.000    
    5400  0.1350      0.2500E-04 SHELL          1  -0.0%   3.269       1.651       0.000       4.919       0.000       99.63       0.000    
    5500  0.1375      0.2500E-04 SHELL          1  -0.0%   3.505       1.703       0.000       5.207       0.000       99.63       0.000    
    5600  0.1400      0.2500E-04 SHELL          1  -0.0%   3.753       1.755       0.000       5.508       0.000       99.63       0.000    
    5700  0.1425      0.2500E-04 SHELL          1  -0.0%   4.013       1.807       0.000       5.821       0.000       99.63       0.000    
    5800  0.1450      0.2500E-04 SHELL          1  -0.0%   4.287       1.861       0.000       6.147       0.000       99.63       0.000    
    5900  0.1475      0.2500E-04 SHELL          1  -0.0%   4.573       1.914       0.000       6.487       0.000       99.63       0.000    
    6000  0.1500      0.2500E-04 SHELL          1  -0.0%   4.873       1.968       0.000       6.841       0.000       99.63       0.000    
    6100  0.1525      0.2500E-04 SHELL          1  -0.0%   5.187       2.022       0.000       7.209       0.000       99.63       0.000    
    6200  0.1550      0.2500E-04 SHELL          1  -0.0%   5.515       2.077       0.000       7.592       0.000       99.63       0.000    
    6300  0.1575      0.2500E-04 SHELL          1  -0.0%   5.858       2.131       0.000       7.989       0.000       99.63       0.000    
    6400  0.1600      0.2500E-04 SHELL          1  -0.0%   6.215       2.187       0.000       8.402       0.000       99.63       0.000    
    6500  0.1625      0.2500E-04 SHELL          1  -0.0%   6.588       2.242       0.000       8.830       0.000       99.63       0.000    
    6600  0.1650      0.2500E-04 SHELL          1  -0.0%   6.977       2.298       0.000       9.275       0.000       99.63       0.000    
    6700  0.1675      0.2500E-04 SHELL          1  -0.0%   7.382       2.354       0.000       9.736       0.000       99.63       0.000    
    6800  0.1700      0.2500E-04 SHELL          1  -0.0%   7.803       2.410       0.000       10.21       0.000       99.63       0.000    
    6900  0.1725      0.2500E-04 SHELL          1  -0.0%   8.241       2.466       0.000       10.71       0.000       99.63       0.000    
    7000  0.1750      0.2500E-04 SHELL          1  -0.0%   8.697       2.523       0.000       11.22       0.000       99.63       0.000    
    7100  0.1775      0.2500E-04 SHELL          1  -0.0%   9.170       2.580       0.000       11.75       0.000       99.63       0.000    
    7200  0.1800      0.2500E-04 SHELL          1  -0.0%   9.661       2.637       0.000       12.30       0.000       99.63       0.000    
    7300  0.1825      0.2500E-04 SHELL          1  -0.0%   10.17       2.694       0.000       12.86       0.000       99.63       0.000    
    7400  0.1850      0.2500E-04 SHELL          1  -0.0%   10.70       2.752       0.000       13.45       0.000       99.63       0.000    
    7500  0.1875      0.2500E-04 SHELL          1  -0.0%   11.25       2.809       0.000       14.06       0.000       99.63       0.000    
    7600  0.1900      0.2500E-04 SHELL          1  -0.0%   11.81       2.867       0.000       14.68       0.000       99.63       0.000    
    7700  0.1925      0.2500E-04 SHELL          1  -0.0%   12.40       2.925       0.000       15.32       0.000       99.63       0.000    
    7800  0.1950      0.2500E-04 SHELL          1  -0.0%   13.01       2.983       0.000       15.99       0.000       99.63       0.000    
    7900  0.1975      0.2500E-04 SHELL          1  -0.0%   13.63       3.041       0.000       16.67       0.000       99.63       0.000    
    8000  0.2000      0.2500E-04 SHELL          1  -0.0%   14.28       3.099       0.000       17.38       0.000       99.63       0.000    
    8100  0.2025      0.2500E-04 SHELL          1  -0.0%   14.95       3.157       0.000       18.11       0.000       99.63       0.000    
    8200  0.2050      0.2500E-04 SHELL          1  -0.0%   15.64       3.215       0.000       18.86       0.000       99.63       0.000    
    8300  0.2075      0.2500E-04 SHELL          1  -0.0%   16.36       3.273       0.000       19.63       0.000       99.63       0.000    
    8400  0.2100      0.2500E-04 SHELL          1  -0.0%   17.09       3.332       0.000       20.43       0.000       99.63       0.000    
    8500  0.2125      0.2500E-04 SHELL          1  -0.0%   17.85       3.390       0.000       21.24       0.000       99.63       0.000    
    8600  0.2150      0.2500E-04 SHELL          1  -0.0%   18.64       3.448       0.000       22.08       0.000       99.63       0.000    
    8700  0.2175      0.2500E-04 SHELL          1  -0.0%   19.44       3.506       0.000       22.95       0.000       99.63       0.000    
    8800  0.2200      0.2500E-04 SHELL          1  -0.0%   20.27       3.565       0.000       23.84       0.000       99.63       0.000    
    8900  0.2225      0.2500E-04 SHELL          1  -0.0%   21.13       3.623       0.000       24.75       0.000       99.63       0.000    
    9000  0.2250      0.2500E-04 SHELL          1  -0.0%   22.01       3.681       0.000       25.69       0.000       99.63       0.000    
    9100  0.2275      0.2500E-04 SHELL          1  -0.0%   22.91       3.739       0.000       26.65       0.000       99.63       0.000    
    9200  0.2300      0.2500E-04 SHELL          1  -0.0%   23.84       3.797       0.000       27.64       0.000       99.63       0.000    
    9300  0.2325      0.2500E-04 SHELL          1  -0.0%   24.80       3.855       0.000       28.65       0.000       99.63       0.000    
    9400  0.2350      0.2500E-04 SHELL          1  -0.0%   25.78       3.912       0.000       29.69       0.000       99.63       0.000    
    9500  0.2375      0.2500E-04 SHELL          1  -0.0%   26.79       3.970       0.000       30.76       0.000       99.63       0.000    
    9600  0.2400      0.2500E-04 SHELL          1  -0.0%   27.82       4.027       0.000       31.85       0.000       99.63       0.000    
    9700  0.2425      0.2500E-04 SHELL          1  -0.0%   28.88       4.085       0.000       32.97       0.000       99.63       0.000    
    9800  0.2450      0.2500E-04 SHELL          1  -0.0%   29.97       4.142       0.000       34.12       0.000       99.63       0.000    
    9900  0.2475      0.2500E-04 SHELL          1  -0.0%   31.09       4.199       0.000       35.29       0.000       99.63       0.000    
   CYCLE    TIME      TIME-STEP  ELEMENT          ERROR  I-ENERGY    K-ENERGY T  K-ENERGY R  EXT-WORK     MAS.ERR     TOTAL MASS  MASS ADDED
   10000  0.2500      0.2500E-04 SHELL          1  -0.0%   32.24       4.256       0.000       36.49       0.000       99.63       0.000    
     ANIMATION FILE: A19_STRAIN_2A002 WRITTEN
   10100  0.2525      0.2500E-04 SHELL          1  -0.0%   33.41       4.312       0.000       37.73       0.000       99.63       0.000    
   10200  0.2550      0.2500E-04 SHELL          1  -0.0%   34.62       4.369       0.000       38.99       0.000       99.63       0.000    
   10300  0.2575      0.2500E-04 SHELL          1  -0.0%   35.85       4.425       0.000       40.28       0.000       99.63       0.000    
   10400  0.2600      0.2500E-04 SHELL          1  -0.0%   37.11       4.481       0.000       41.59       0.000       99.63       0.000    
   10500  0.2625      0.2500E-04 SHELL          1  -0.0%   38.41       4.537       0.000       42.94       0.000       99.63       0.000    
   10600  0.2650      0.2500E-04 SHELL          1  -0.0%   39.73       4.592       0.000       44.32       0.000       99.63       0.000    
   10700  0.2675      0.2500E-04 SHELL          1  -0.0%   41.08       4.648       0.000       45.73       0.000       99.63       0.000    
   10800  0.2700      0.2500E-04 SHELL          1  -0.0%   42.47       4.703       0.000       47.17       0.000       99.63       0.000    
   10900  0.2725      0.2500E-04 SHELL          1  -0.0%   43.88       4.757       0.000       48.64       0.000       99.63       0.000    
   11000  0.2750      0.2500E-04 SHELL          1  -0.0%   45.33       4.812       0.000       50.14       0.000       99.63       0.000    
   11100  0.2775      0.2500E-04 SHELL          1  -0.0%   46.81       4.866       0.000       51.68       0.000       99.63       0.000    
   11200  0.2800      0.2500E-04 SHELL          1  -0.0%   48.32       4.920       0.000       53.24       0.000       99.63       0.000    
   11300  0.2825      0.2500E-04 SHELL          1  -0.0%   49.87       4.973       0.000       54.84       0.000       99.63       0.000    
   11400  0.2850      0.2500E-04 SHELL          1  -0.0%   51.44       5.027       0.000       56.47       0.000       99.63       0.000    
   11500  0.2875      0.2500E-04 SHELL          1  -0.0%   53.05       5.079       0.000       58.13       0.000       99.63       0.000    
   11600  0.2900      0.2500E-04 SHELL          1  -0.0%   54.70       5.132       0.000       59.83       0.000       99.63       0.000    
   11700  0.2925      0.2500E-04 SHELL          1  -0.0%   56.37       5.184       0.000       61.56       0.000       99.63       0.000    
   11800  0.2950      0.2500E-04 SHELL          1  -0.0%   58.08       5.236       0.000       63.32       0.000       99.63       0.000    
   11900  0.2975      0.2500E-04 SHELL          1  -0.0%   59.83       5.287       0.000       65.12       0.000       99.63       0.000    
   12000  0.3000      0.2500E-04 SHELL          1  -0.0%   61.61       5.338       0.000       66.95       0.000       99.63       0.000    
   12100  0.3025      0.2500E-04 SHELL          1  -0.0%   63.42       5.389       0.000       68.81       0.000       99.63       0.000    
   12200  0.3050      0.2500E-04 SHELL          1  -0.0%   65.27       5.439       0.000       70.71       0.000       99.63       0.000    
   12300  0.3075      0.2500E-04 SHELL          1   0.0%   67.16       5.489       0.000       72.65       0.000       99.63       0.000    
   12400  0.3100      0.2500E-04 SHELL          1   0.0%   69.08       5.538       0.000       74.62       0.000       99.63       0.000    
   12500  0.3125      0.2500E-04 SHELL          1   0.0%   71.03       5.587       0.000       76.62       0.000       99.63       0.000    
   12600  0.3150      0.2500E-04 SHELL          1   0.0%   73.03       5.636       0.000       78.66       0.000       99.63       0.000    
   12700  0.3175      0.2500E-04 SHELL          1   0.0%   75.05       5.684       0.000       80.74       0.000       99.63       0.000    
   12800  0.3200      0.2500E-04 SHELL          1   0.0%   77.12       5.732       0.000       82.85       0.000       99.63       0.000    
   12900  0.3225      0.2500E-04 SHELL          1   0.0%   79.22       5.779       0.000       85.00       0.000       99.63       0.000    
   13000  0.3250      0.2500E-04 SHELL          1   0.0%   81.36       5.826       0.000       87.19       0.000       99.63       0.000    
   13100  0.3275      0.2500E-04 SHELL          1   0.0%   83.54       5.872       0.000       89.41       0.000       99.63       0.000    
   13200  0.3300      0.2500E-04 SHELL          1   0.0%   85.75       5.918       0.000       91.67       0.000       99.63       0.000    
   13300  0.3325      0.2500E-04 SHELL          1   0.0%   88.00       5.963       0.000       93.96       0.000       99.63       0.000    
   13400  0.3350      0.2500E-04 SHELL          1   0.0%   90.29       6.008       0.000       96.30       0.000       99.63       0.000    
   13500  0.3375      0.2500E-04 SHELL          1   0.0%   92.62       6.052       0.000       98.67       0.000       99.63       0.000    
   13600  0.3400      0.2500E-04 SHELL          1   0.0%   94.98       6.096       0.000       101.1       0.000       99.63       0.000    
   13700  0.3425      0.2500E-04 SHELL          1   0.0%   97.38       6.139       0.000       103.5       0.000       99.63       0.000    
   13800  0.3450      0.2500E-04 SHELL          1   0.0%   99.83       6.181       0.000       106.0       0.000       99.63       0.000    
   13900  0.3475      0.2500E-04 SHELL          1   0.0%   102.3       6.224       0.000       108.5       0.000       99.63       0.000    
   14000  0.3500      0.2500E-04 SHELL          1   0.0%   104.8       6.265       0.000       111.1       0.000       99.63       0.000    
   14100  0.3525      0.2500E-04 SHELL          1   0.0%   107.4       6.306       0.000       113.7       0.000       99.63       0.000    
   14200  0.3550      0.2500E-04 SHELL          1   0.0%   110.0       6.347       0.000       116.3       0.000       99.63       0.000    
   14300  0.3575      0.2500E-04 SHELL          1   0.0%   112.6       6.387       0.000       119.0       0.000       99.63       0.000    
   14400  0.3600      0.2500E-04 SHELL          1   0.0%   115.3       6.426       0.000       121.7       0.000       99.63       0.000    
   14500  0.3625      0.2500E-04 SHELL          1   0.0%   118.0       6.465       0.000       124.5       0.000       99.63       0.000    
   14600  0.3650      0.2500E-04 SHELL          1   0.0%   120.8       6.503       0.000       127.3       0.000       99.63       0.000    
   14700  0.3675      0.2500E-04 SHELL          1   0.0%   123.6       6.540       0.000       130.1       0.000       99.63       0.000    
   14800  0.3700      0.2500E-04 SHELL          1   0.0%   126.4       6.577       0.000       133.0       0.000       99.63       0.000    
   14900  0.3725      0.2500E-04 SHELL          1   0.0%   129.3       6.614       0.000       135.9       0.000       99.63       0.000    
   15000  0.3750      0.2500E-04 SHELL          1   0.0%   132.2       6.649       0.000       138.9       0.000       99.63       0.000    
   15100  0.3775      0.2500E-04 SHELL          1   0.0%   135.2       6.685       0.000       141.8       0.000       99.63       0.000    
   15200  0.3800      0.2500E-04 SHELL          1   0.0%   138.2       6.719       0.000       144.9       0.000       99.63       0.000    
   15300  0.3825      0.2500E-04 SHELL          1   0.0%   141.2       6.753       0.000       148.0       0.000       99.63       0.000    
   15400  0.3850      0.2500E-04 SHELL          1   0.0%   144.3       6.786       0.000       151.1       0.000       99.63       0.000    
   15500  0.3875      0.2500E-04 SHELL          1   0.0%   147.4       6.819       0.000       154.2       0.000       99.63       0.000    
   15600  0.3900      0.2500E-04 SHELL          1   0.0%   150.6       6.851       0.000       157.4       0.000       99.63       0.000    
   15700  0.3925      0.2500E-04 SHELL          1   0.0%   153.8       6.882       0.000       160.6       0.000       99.63       0.000    
   15800  0.3950      0.2500E-04 SHELL          1   0.0%   157.0       6.913       0.000       163.9       0.000       99.63       0.000    
   15900  0.3975      0.2500E-04 SHELL          1   0.0%   160.3       6.943       0.000       167.2       0.000       99.63       0.000    
   16000  0.4000      0.2500E-04 SHELL          1   0.0%   163.6       6.973       0.000       170.6       0.000       99.63       0.000    
   16100  0.4025      0.2500E-04 SHELL          1   0.0%   167.0       7.001       0.000       174.0       0.000       99.63       0.000    
   16200  0.4050      0.2500E-04 SHELL          1   0.0%   170.4       7.029       0.000       177.4       0.000       99.63       0.000    
   16300  0.4075      0.2500E-04 SHELL          1   0.0%   173.8       7.057       0.000       180.9       0.000       99.63       0.000    
   16400  0.4100      0.2500E-04 SHELL          1   0.0%   177.3       7.083       0.000       184.4       0.000       99.63       0.000    
   16500  0.4125      0.2500E-04 SHELL          1   0.0%   180.9       7.109       0.000       188.0       0.000       99.63       0.000    
   16600  0.4150      0.2500E-04 SHELL          1   0.0%   184.4       7.135       0.000       191.6       0.000       99.63       0.000    
   16700  0.4175      0.2500E-04 SHELL          1   0.0%   188.1       7.159       0.000       195.2       0.000       99.63       0.000    
   16800  0.4200      0.2500E-04 SHELL          1   0.0%   191.7       7.183       0.000       198.9       0.000       99.63       0.000    
   16900  0.4225      0.2500E-04 SHELL          1   0.0%   195.4       7.206       0.000       202.6       0.000       99.63       0.000    
   17000  0.4250      0.2500E-04 SHELL          1   0.0%   199.2       7.229       0.000       206.4       0.000       99.63       0.000    
   17100  0.4275      0.2500E-04 SHELL          1   0.0%   202.9       7.251       0.000       210.2       0.000       99.63       0.000    
   17200  0.4300      0.2500E-04 SHELL          1   0.0%   206.8       7.272       0.000       214.0       0.000       99.63       0.000    
   17300  0.4325      0.2500E-04 SHELL          1   0.0%   210.6       7.292       0.000       217.9       0.000       99.63       0.000    
   17400  0.4350      0.2500E-04 SHELL          1   0.0%   214.5       7.312       0.000       221.8       0.000       99.63       0.000    
   17500  0.4375      0.2500E-04 SHELL          1   0.0%   218.5       7.331       0.000       225.8       0.000       99.63       0.000    
   17600  0.4400      0.2500E-04 SHELL          1   0.0%   222.5       7.349       0.000       229.8       0.000       99.63       0.000    
   17700  0.4425      0.2500E-04 SHELL          1   0.0%   226.5       7.367       0.000       233.9       0.000       99.63       0.000    
   17800  0.4450      0.2500E-04 SHELL          1   0.0%   230.6       7.384       0.000       237.9       0.000       99.63       0.000    
   17900  0.4475      0.2500E-04 SHELL          1   0.0%   234.7       7.400       0.000       242.1       0.000       99.63       0.000    
   18000  0.4500      0.2500E-04 SHELL          1   0.0%   238.8       7.415       0.000       246.2       0.000       99.63       0.000    
   18100  0.4525      0.2500E-04 SHELL          1   0.0%   243.0       7.430       0.000       250.4       0.000       99.63       0.000    
   18200  0.4550      0.2500E-04 SHELL          1   0.0%   247.2       7.444       0.000       254.7       0.000       99.63       0.000    
   18300  0.4575      0.2500E-04 SHELL          1   0.0%   251.5       7.457       0.000       259.0       0.000       99.63       0.000    
   18400  0.4600      0.2500E-04 SHELL          1   0.0%   255.8       7.469       0.000       263.3       0.000       99.63       0.000    
   18500  0.4625      0.2500E-04 SHELL          1   0.0%   260.2       7.481       0.000       267.6       0.000       99.63       0.000    
   18600  0.4650      0.2500E-04 SHELL          1   0.0%   264.6       7.492       0.000       272.1       0.000       99.63       0.000    
   18700  0.4675      0.2500E-04 SHELL          1   0.0%   269.0       7.502       0.000       276.5       0.000       99.63       0.000    
   18800  0.4700      0.2500E-04 SHELL          1   0.0%   273.5       7.511       0.000       281.0       0.000       99.63       0.000    
   18900  0.4725      0.2500E-04 SHELL          1   0.0%   278.0       7.520       0.000       285.5       0.000       99.63       0.000    
   19000  0.4750      0.2500E-04 SHELL          1   0.0%   282.5       7.528       0.000       290.1       0.000       99.63       0.000    
   19100  0.4775      0.2500E-04 SHELL          1   0.0%   287.1       7.535       0.000       294.6       0.000       99.63       0.000    
   19200  0.4800      0.2500E-04 SHELL          1   0.0%   291.7       7.541       0.000       299.3       0.000       99.63       0.000    
   19300  0.4825      0.2500E-04 SHELL          1   0.0%   296.4       7.547       0.000       304.0       0.000       99.63       0.000    
   19400  0.4850      0.2500E-04 SHELL          1   0.0%   301.1       7.552       0.000       308.7       0.000       99.63       0.000    
   19500  0.4875      0.2500E-04 SHELL          1   0.0%   305.9       7.556       0.000       313.4       0.000       99.63       0.000    
   19600  0.4900      0.2500E-04 SHELL          1   0.0%   310.6       7.560       0.000       318.2       0.000       99.63       0.000    
   19700  0.4925      0.2500E-04 SHELL          1   0.0%   315.5       7.562       0.000       323.0       0.000       99.63       0.000    
   19800  0.4950      0.2500E-04 SHELL          1   0.0%   320.3       7.564       0.000       327.9       0.000       99.63       0.000    
   19900  0.4975      0.2500E-04 SHELL          1   0.0%   325.2       7.565       0.000       332.8       0.000       99.63       0.000    
   CYCLE    TIME      TIME-STEP  ELEMENT          ERROR  I-ENERGY    K-ENERGY T  K-ENERGY R  EXT-WORK     MAS.ERR     TOTAL MASS  MASS ADDED
   20000  0.5000      0.2500E-04 SHELL          1   0.0%   330.2       7.566       0.000       337.7       0.000       99.63       0.000    
     ANIMATION FILE: A19_STRAIN_2A003 WRITTEN
   20100  0.5025      0.2500E-04 SHELL          1   0.0%   335.1       7.565       0.000       342.7       0.000       99.63       0.000    
   20200  0.5050      0.2500E-04 SHELL          1   0.0%   340.1       7.564       0.000       347.7       0.000       99.63       0.000    
   20300  0.5075      0.2500E-04 SHELL          1   0.0%   345.2       7.562       0.000       352.7       0.000       99.63       0.000    
   20400  0.5100      0.2500E-04 SHELL          1   0.0%   350.3       7.560       0.000       357.8       0.000       99.63       0.000    
   20500  0.5125      0.2500E-04 SHELL          1   0.0%   355.4       7.556       0.000       362.9       0.000       99.63       0.000    
   20600  0.5150      0.2500E-04 SHELL          1   0.0%   360.5       7.552       0.000       368.1       0.000       99.63       0.000    
   20700  0.5175      0.2500E-04 SHELL          1   0.0%   365.7       7.547       0.000       373.3       0.000       99.63       0.000    
   20800  0.5200      0.2500E-04 SHELL          1   0.0%   370.9       7.541       0.000       378.5       0.000       99.63       0.000    
   20900  0.5225      0.2500E-04 SHELL          1   0.0%   376.2       7.535       0.000       383.7       0.000       99.63       0.000    
   21000  0.5250      0.2500E-04 SHELL          1   0.0%   381.5       7.528       0.000       389.0       0.000       99.63       0.000    
   21100  0.5275      0.2500E-04 SHELL          1   0.0%   386.8       7.520       0.000       394.3       0.000       99.63       0.000    
   21200  0.5300      0.2500E-04 SHELL          1   0.0%   392.2       7.511       0.000       399.7       0.000       99.63       0.000    
   21300  0.5325      0.2500E-04 SHELL          1   0.0%   397.6       7.502       0.000       405.1       0.000       99.63       0.000    
   21400  0.5350      0.2500E-04 SHELL          1   0.0%   403.0       7.492       0.000       410.5       0.000       99.63       0.000    
   21500  0.5375      0.2500E-04 SHELL          1   0.0%   408.5       7.481       0.000       416.0       0.000       99.63       0.000    
   21600  0.5400      0.2500E-04 SHELL          1   0.0%   414.0       7.469       0.000       421.4       0.000       99.63       0.000    
   21700  0.5425      0.2500E-04 SHELL          1   0.0%   419.5       7.457       0.000       426.9       0.000       99.63       0.000    
   21800  0.5450      0.2500E-04 SHELL          1   0.0%   425.1       7.444       0.000       432.5       0.000       99.63       0.000    
   21900  0.5475      0.2500E-04 SHELL          1   0.0%   430.6       7.430       0.000       438.1       0.000       99.63       0.000    
   22000  0.5500      0.2500E-04 SHELL          1   0.0%   436.3       7.415       0.000       443.7       0.000       99.63       0.000    
   22100  0.5525      0.2500E-04 SHELL          1   0.0%   441.9       7.400       0.000       449.3       0.000       99.63       0.000    
   22200  0.5550      0.2500E-04 SHELL          1   0.0%   447.6       7.384       0.000       455.0       0.000       99.63       0.000    
   22300  0.5575      0.2500E-04 SHELL          1   0.0%   453.3       7.367       0.000       460.7       0.000       99.63       0.000    
   22400  0.5600      0.2500E-04 SHELL          1   0.0%   459.0       7.349       0.000       466.4       0.000       99.63       0.000    
   22500  0.5625      0.2500E-04 SHELL          1   0.0%   464.8       7.331       0.000       472.2       0.000       99.63       0.000    
   22600  0.5650      0.2500E-04 SHELL          1   0.0%   470.6       7.312       0.000       477.9       0.000       99.63       0.000    
   22700  0.5675      0.2500E-04 SHELL          1   0.0%   476.4       7.292       0.000       483.7       0.000       99.63       0.000    
   22800  0.5700      0.2500E-04 SHELL          1   0.0%   482.3       7.272       0.000       489.6       0.000       99.63       0.000    
   22900  0.5725      0.2500E-04 SHELL          1   0.0%   488.2       7.251       0.000       495.4       0.000       99.63       0.000    
   23000  0.5750      0.2500E-04 SHELL          1   0.0%   494.1       7.229       0.000       501.3       0.000       99.63       0.000    
   23100  0.5775      0.2500E-04 SHELL          1   0.0%   500.0       7.206       0.000       507.2       0.000       99.63       0.000    
   23200  0.5800      0.2500E-04 SHELL          1   0.0%   506.0       7.183       0.000       513.2       0.000       99.63       0.000    
   23300  0.5825      0.2500E-04 SHELL          1   0.0%   512.0       7.159       0.000       519.1       0.000       99.63       0.000    
   23400  0.5850      0.2500E-04 SHELL          1   0.0%   518.0       7.135       0.000       525.1       0.000       99.63       0.000    
   23500  0.5875      0.2500E-04 SHELL          1   0.0%   524.0       7.109       0.000       531.1       0.000       99.63       0.000    
   23600  0.5900      0.2500E-04 SHELL          1   0.0%   530.1       7.083       0.000       537.2       0.000       99.63       0.000    
   23700  0.5925      0.2500E-04 SHELL          1   0.0%   536.2       7.057       0.000       543.2       0.000       99.63       0.000    
   23800  0.5950      0.2500E-04 SHELL          1   0.0%   542.3       7.029       0.000       549.3       0.000       99.63       0.000    
   23900  0.5975      0.2500E-04 SHELL          1   0.0%   548.4       7.001       0.000       555.4       0.000       99.63       0.000    
   24000  0.6000      0.2500E-04 SHELL          1   0.0%   554.6       6.973       0.000       561.5       0.000       99.63       0.000    
   24100  0.6025      0.2500E-04 SHELL          1   0.0%   560.7       6.943       0.000       567.7       0.000       99.63       0.000    
   24200  0.6050      0.2500E-04 SHELL          1   0.0%   566.9       6.913       0.000       573.8       0.000       99.63       0.000    
   24300  0.6075      0.2500E-04 SHELL          1   0.0%   573.1       6.882       0.000       580.0       0.000       99.63       0.000    
   24400  0.6100      0.2500E-04 SHELL          1   0.0%   579.4       6.851       0.000       586.2       0.000       99.63       0.000    
   24500  0.6125      0.2500E-04 SHELL          1   0.0%   585.6       6.819       0.000       592.4       0.000       99.63       0.000    
   24600  0.6150      0.2500E-04 SHELL          1   0.0%   591.9       6.786       0.000       598.7       0.000       99.63       0.000    
   24700  0.6175      0.2500E-04 SHELL          1   0.0%   598.2       6.753       0.000       604.9       0.000       99.63       0.000    
   24800  0.6200      0.2500E-04 SHELL          1   0.0%   604.5       6.719       0.000       611.2       0.000       99.63       0.000    
   24900  0.6225      0.2500E-04 SHELL          1   0.0%   610.8       6.685       0.000       617.5       0.000       99.63       0.000    
   25000  0.6250      0.2500E-04 SHELL          1   0.0%   617.2       6.649       0.000       623.8       0.000       99.63       0.000    
   25100  0.6275      0.2500E-04 SHELL          1   0.0%   623.5       6.614       0.000       630.1       0.000       99.63       0.000    
   25200  0.6300      0.2500E-04 SHELL          1   0.0%   629.9       6.577       0.000       636.5       0.000       99.63       0.000    
   25300  0.6325      0.2500E-04 SHELL          1   0.0%   636.3       6.540       0.000       642.8       0.000       99.63       0.000    
   25400  0.6350      0.2500E-04 SHELL          1   0.0%   642.7       6.503       0.000       649.2       0.000       99.63       0.000    
   25500  0.6375      0.2500E-04 SHELL          1   0.0%   649.1       6.465       0.000       655.6       0.000       99.63       0.000    
   25600  0.6400      0.2500E-04 SHELL          1   0.0%   655.5       6.426       0.000       661.9       0.000       99.63       0.000    
   25700  0.6425      0.2500E-04 SHELL          1   0.0%   662.0       6.387       0.000       668.3       0.000       99.63       0.000    
   25800  0.6450      0.2500E-04 SHELL          1   0.0%   668.4       6.347       0.000       674.8       0.000       99.63       0.000    
   25900  0.6475      0.2500E-04 SHELL          1   0.0%   674.9       6.306       0.000       681.2       0.000       99.63       0.000    
   26000  0.6500      0.2500E-04 SHELL          1   0.0%   681.3       6.265       0.000       687.6       0.000       99.63       0.000    
   26100  0.6525      0.2500E-04 SHELL          1   0.0%   687.8       6.224       0.000       694.0       0.000       99.63       0.000    
   26200  0.6550      0.2500E-04 SHELL          1   0.0%   694.3       6.181       0.000       700.5       0.000       99.63       0.000    
   26300  0.6575      0.2500E-04 SHELL          1   0.0%   700.8       6.139       0.000       706.9       0.000       99.63       0.000    
   26400  0.6600      0.2500E-04 SHELL          1   0.0%   707.3       6.096       0.000       713.4       0.000       99.63       0.000    
   26500  0.6625      0.2500E-04 SHELL          1   0.0%   713.8       6.052       0.000       719.9       0.000       99.63       0.000    
   26600  0.6650      0.2500E-04 SHELL          1   0.0%   720.3       6.008       0.000       726.3       0.000       99.63       0.000    
   26700  0.6675      0.2500E-04 SHELL          1   0.0%   726.9       5.963       0.000       732.8       0.000       99.63       0.000    
   26800  0.6700      0.2500E-04 SHELL          1   0.0%   733.4       5.918       0.000       739.3       0.000       99.63       0.000    
   26900  0.6725      0.2500E-04 SHELL          1   0.0%   739.9       5.872       0.000       745.8       0.000       99.63       0.000    
   27000  0.6750      0.2500E-04 SHELL          1   0.0%   746.4       5.826       0.000       752.3       0.000       99.63       0.000    
   27100  0.6775      0.2500E-04 SHELL          1   0.0%   753.0       5.779       0.000       758.8       0.000       99.63       0.000    
   27200  0.6800      0.2500E-04 SHELL          1   0.0%   759.5       5.732       0.000       765.3       0.000       99.63       0.000    
   27300  0.6825      0.2500E-04 SHELL          1   0.0%   766.1       5.684       0.000       771.7       0.000       99.63       0.000    
   27400  0.6850      0.2500E-04 SHELL          1   0.0%   772.6       5.636       0.000       778.2       0.000       99.63       0.000    
   27500  0.6875      0.2500E-04 SHELL          1   0.0%   779.1       5.587       0.000       784.7       0.000       99.63       0.000    
   27600  0.6900      0.2500E-04 SHELL          1   0.0%   785.7       5.538       0.000       791.2       0.000       99.63       0.000    
   27700  0.6925      0.2500E-04 SHELL          1   0.0%   792.2       5.489       0.000       797.7       0.000       99.63       0.000    
   27800  0.6950      0.2500E-04 SHELL          1   0.0%   798.7       5.439       0.000       804.2       0.000       99.63       0.000    
   27900  0.6975      0.2500E-04 SHELL          1   0.0%   805.3       5.389       0.000       810.7       0.000       99.63       0.000    
   28000  0.7000      0.2500E-04 SHELL          1   0.0%   811.8       5.338       0.000       817.1       0.000       99.63       0.000    
   28100  0.7025      0.2500E-04 SHELL          1   0.0%   818.3       5.287       0.000       823.6       0.000       99.63       0.000    
   28200  0.7050      0.2500E-04 SHELL          1   0.0%   824.8       5.236       0.000       830.1       0.000       99.63       0.000    
   28300  0.7075      0.2500E-04 SHELL          1   0.0%   831.4       5.184       0.000       836.5       0.000       99.63       0.000    
   28400  0.7100      0.2500E-04 SHELL          1   0.0%   837.9       5.132       0.000       843.0       0.000       99.63       0.000    
   28500  0.7125      0.2500E-04 SHELL          1   0.0%   844.3       5.079       0.000       849.4       0.000       99.63       0.000    
   28600  0.7150      0.2500E-04 SHELL          1   0.0%   850.8       5.027       0.000       855.9       0.000       99.63       0.000    
   28700  0.7175      0.2500E-04 SHELL          1   0.0%   857.3       4.973       0.000       862.3       0.000       99.63       0.000    
   28800  0.7200      0.2500E-04 SHELL          1   0.0%   863.8       4.920       0.000       868.7       0.000       99.63       0.000    
   28900  0.7225      0.2500E-04 SHELL          1   0.0%   870.2       4.866       0.000       875.1       0.000       99.63       0.000    
   29000  0.7250      0.2500E-04 SHELL          1   0.0%   876.7       4.812       0.000       881.5       0.000       99.63       0.000    
   29100  0.7275      0.2500E-04 SHELL          1   0.0%   883.1       4.757       0.000       887.9       0.000       99.63       0.000    
   29200  0.7300      0.2500E-04 SHELL          1   0.0%   889.5       4.703       0.000       894.2       0.000       99.63       0.000    
   29300  0.7325      0.2500E-04 SHELL          1   0.0%   895.9       4.648       0.000       900.6       0.000       99.63       0.000    
   29400  0.7350      0.2500E-04 SHELL          1   0.0%   902.3       4.592       0.000       906.9       0.000       99.63       0.000    
   29500  0.7375      0.2500E-04 SHELL          1   0.0%   908.7       4.537       0.000       913.2       0.000       99.63       0.000    
   29600  0.7400      0.2500E-04 SHELL          1   0.0%   915.0       4.481       0.000       919.5       0.000       99.63       0.000    
   29700  0.7425      0.2500E-04 SHELL          1   0.0%   921.4       4.425       0.000       925.8       0.000       99.63       0.000    
   29800  0.7450      0.2500E-04 SHELL          1   0.0%   927.7       4.369       0.000       932.1       0.000       99.63       0.000    
   29900  0.7475      0.2500E-04 SHELL          1   0.0%   934.0       4.312       0.000       938.3       0.000       99.63       0.000    
   CYCLE    TIME      TIME-STEP  ELEMENT          ERROR  I-ENERGY    K-ENERGY T  K-ENERGY R  EXT-WORK     MAS.ERR     TOTAL MASS  MASS ADDED
   30000  0.7500      0.2500E-04 SHELL          1   0.0%   940.3       4.256       0.000       944.5       0.000       99.63       0.000    
     ANIMATION FILE: A19_STRAIN_2A004 WRITTEN
   30100  0.7525      0.2500E-04 SHELL          1   0.0%   946.5       4.199       0.000       950.7       0.000       99.63       0.000    
   30200  0.7550      0.2500E-04 SHELL          1   0.0%   952.8       4.142       0.000       956.9       0.000       99.63       0.000    
   30300  0.7575      0.2500E-04 SHELL          1   0.0%   959.0       4.085       0.000       963.1       0.000       99.63       0.000    
   30400  0.7600      0.2500E-04 SHELL          1   0.0%   965.2       4.027       0.000       969.2       0.000       99.63       0.000    
   30500  0.7625      0.2500E-04 SHELL          1   0.0%   971.3       3.970       0.000       975.3       0.000       99.63       0.000    
   30600  0.7650      0.2500E-04 SHELL          1   0.0%   977.5       3.912       0.000       981.4       0.000       99.63       0.000    
   30700  0.7675      0.2500E-04 SHELL          1   0.0%   983.6       3.855       0.000       987.5       0.000       99.63       0.000    
   30800  0.7700      0.2500E-04 SHELL          1   0.0%   989.7       3.797       0.000       993.5       0.000       99.63       0.000    
   30900  0.7725      0.2500E-04 SHELL          1   0.0%   995.8       3.739       0.000       999.5       0.000       99.63       0.000    
   31000  0.7750      0.2500E-04 SHELL          1   0.0%   1002.       3.681       0.000       1005.       0.000       99.63       0.000    
   31100  0.7775      0.2500E-04 SHELL          1   0.0%   1008.       3.623       0.000       1011.       0.000       99.63       0.000    
   31200  0.7800      0.2500E-04 SHELL          1   0.0%   1014.       3.565       0.000       1017.       0.000       99.63       0.000    
   31300  0.7825      0.2500E-04 SHELL          1   0.0%   1020.       3.506       0.000       1023.       0.000       99.63       0.000    
   31400  0.7850      0.2500E-04 SHELL          1   0.0%   1026.       3.448       0.000       1029.       0.000       99.63       0.000    
   31500  0.7875      0.2500E-04 SHELL          1   0.0%   1031.       3.390       0.000       1035.       0.000       99.63       0.000    
   31600  0.7900      0.2500E-04 SHELL          1   0.0%   1037.       3.332       0.000       1041.       0.000       99.63       0.000    
   31700  0.7925      0.2500E-04 SHELL          1   0.0%   1043.       3.273       0.000       1046.       0.000       99.63       0.000    
   31800  0.7950      0.2500E-04 SHELL          1   0.0%   1049.       3.215       0.000       1052.       0.000       99.63       0.000    
   31900  0.7975      0.2500E-04 SHELL          1   0.0%   1055.       3.157       0.000       1058.       0.000       99.63       0.000    
   32000  0.8000      0.2500E-04 SHELL          1   0.0%   1060.       3.099       0.000       1063.       0.000       99.63       0.000    
   32100  0.8025      0.2500E-04 SHELL          1   0.0%   1066.       3.041       0.000       1069.       0.000       99.63       0.000    
   32200  0.8050      0.2500E-04 SHELL          1   0.0%   1072.       2.983       0.000       1075.       0.000       99.63       0.000    
   32300  0.8075      0.2500E-04 SHELL          1   0.0%   1077.       2.925       0.000       1080.       0.000       99.63       0.000    
   32400  0.8100      0.2500E-04 SHELL          1   0.0%   1083.       2.867       0.000       1086.       0.000       99.63       0.000    
   32500  0.8125      0.2500E-04 SHELL          1   0.0%   1088.       2.809       0.000       1091.       0.000       99.63       0.000    
   32600  0.8150      0.2500E-04 SHELL          1   0.0%   1094.       2.752       0.000       1096.       0.000       99.63       0.000    
   32700  0.8175      0.2500E-04 SHELL          1   0.0%   1099.       2.694       0.000       1102.       0.000       99.63       0.000    
   32800  0.8200      0.2500E-04 SHELL          1   0.0%   1105.       2.637       0.000       1107.       0.000       99.63       0.000    
   32900  0.8225      0.2500E-04 SHELL          1   0.0%   1110.       2.580       0.000       1112.       0.000       99.63       0.000    
   33000  0.8250      0.2500E-04 SHELL          1   0.0%   1115.       2.523       0.000       1118.       0.000       99.63       0.000    
   33100  0.8275      0.2500E-04 SHELL          1   0.0%   1120.       2.466       0.000       1123.       0.000       99.63       0.000    
   33200  0.8300      0.2500E-04 SHELL          1   0.0%   1126.       2.410       0.000       1128.       0.000       99.63       0.000    
   33300  0.8325      0.2500E-04 SHELL          1   0.0%   1131.       2.354       0.000       1133.       0.000       99.63       0.000    
   33400  0.8350      0.2500E-04 SHELL          1   0.0%   1136.       2.298       0.000       1138.       0.000       99.63       0.000    
   33500  0.8375      0.2500E-04 SHELL          1   0.0%   1141.       2.242       0.000       1143.       0.000       99.63       0.000    
   33600  0.8400      0.2500E-04 SHELL          1   0.0%   1146.       2.187       0.000       1148.       0.000       99.63       0.000    
   33700  0.8425      0.2500E-04 SHELL          1   0.0%   1151.       2.131       0.000       1153.       0.000       99.63       0.000    
   33800  0.8450      0.2500E-04 SHELL          1   0.0%   1156.       2.077       0.000       1158.       0.000       99.63       0.000    
   33900  0.8475      0.2500E-04 SHELL          1   0.0%   1160.       2.022       0.000       1162.       0.000       99.63       0.000    
   34000  0.8500      0.2500E-04 SHELL          1   0.0%   1165.       1.968       0.000       1167.       0.000       99.63       0.000    
   34100  0.8525      0.2500E-04 SHELL          1   0.0%   1170.       1.914       0.000       1172.       0.000       99.63       0.000    
   34200  0.8550      0.2500E-04 SHELL          1   0.0%   1175.       1.861       0.000       1176.       0.000       99.63       0.000    
   34300  0.8575      0.2500E-04 SHELL          1   0.0%   1179.       1.807       0.000       1181.       0.000       99.63       0.000    
   34400  0.8600      0.2500E-04 SHELL          1   0.0%   1184.       1.755       0.000       1185.       0.000       99.63       0.000    
   34500  0.8625      0.2500E-04 SHELL          1   0.0%   1188.       1.703       0.000       1190.       0.000       99.63       0.000    
   34600  0.8650      0.2500E-04 SHELL          1   0.0%   1193.       1.651       0.000       1194.       0.000       99.63       0.000    
   34700  0.8675      0.2500E-04 SHELL          1   0.0%   1197.       1.599       0.000       1199.       0.000       99.63       0.000    
   34800  0.8700      0.2500E-04 SHELL          1   0.0%   1201.       1.548       0.000       1203.       0.000       99.63       0.000    
   34900  0.8725      0.2500E-04 SHELL          1   0.0%   1206.       1.498       0.000       1207.       0.000       99.63       0.000    
   35000  0.8750      0.2500E-04 SHELL          1   0.0%   1210.       1.448       0.000       1211.       0.000       99.63       0.000    
   35100  0.8775      0.2500E-04 SHELL          1   0.0%   1214.       1.399       0.000       1215.       0.000       99.63       0.000    
   35200  0.8800      0.2500E-04 SHELL          1   0.0%   1218.       1.350       0.000       1219.       0.000       99.63       0.000    
   35300  0.8825      0.2500E-04 SHELL          1   0.0%   1222.       1.302       0.000       1223.       0.000       99.63       0.000    
   35400  0.8850      0.2500E-04 SHELL          1   0.0%   1226.       1.254       0.000       1227.       0.000       99.63       0.000    
   35500  0.8875      0.2500E-04 SHELL          1   0.0%   1230.       1.207       0.000       1231.       0.000       99.63       0.000    
   35600  0.8900      0.2500E-04 SHELL          1   0.0%   1233.       1.160       0.000       1235.       0.000       99.63       0.000    
   35700  0.8925      0.2500E-04 SHELL          1   0.0%   1237.       1.114       0.000       1238.       0.000       99.63       0.000    
   35800  0.8950      0.2500E-04 SHELL          1   0.0%   1241.       1.069       0.000       1242.       0.000       99.63       0.000    
   35900  0.8975      0.2500E-04 SHELL          1   0.0%   1244.       1.024       0.000       1245.       0.000       99.63       0.000    
   36000  0.9000      0.2500E-04 SHELL          1   0.0%   1248.      0.9805       0.000       1249.       0.000       99.63       0.000    
   36100  0.9025      0.2500E-04 SHELL          1   0.0%   1251.      0.9373       0.000       1252.       0.000       99.63       0.000    
   36200  0.9050      0.2500E-04 SHELL          1   0.0%   1255.      0.8948       0.000       1256.       0.000       99.63       0.000    
   36300  0.9075      0.2500E-04 SHELL          1   0.0%   1258.      0.8530       0.000       1259.       0.000       99.63       0.000    
   36400  0.9100      0.2500E-04 SHELL          1   0.0%   1261.      0.8120       0.000       1262.       0.000       99.63       0.000    
   36500  0.9125      0.2500E-04 SHELL          1   0.0%   1264.      0.7717       0.000       1265.       0.000       99.63       0.000    
   36600  0.9150      0.2500E-04 SHELL          1   0.0%   1267.      0.7322       0.000       1268.       0.000       99.63       0.000    
   36700  0.9175      0.2500E-04 SHELL          1   0.0%   1270.      0.6936       0.000       1271.       0.000       99.63       0.000    
   36800  0.9200      0.2500E-04 SHELL          1   0.0%   1273.      0.6557       0.000       1274.       0.000       99.63       0.000    
   36900  0.9225      0.2500E-04 SHELL          1   0.0%   1276.      0.6187       0.000       1277.       0.000       99.63       0.000    
   37000  0.9250      0.2500E-04 SHELL          1   0.0%   1279.      0.5826       0.000       1279.       0.000       99.63       0.000    
   37100  0.9275      0.2500E-04 SHELL          1   0.0%   1281.      0.5474       0.000       1282.       0.000       99.63       0.000    
   37200  0.9300      0.2500E-04 SHELL          1   0.0%   1284.      0.5130       0.000       1285.       0.000       99.63       0.000    
   37300  0.9325      0.2500E-04 SHELL          1   0.0%   1287.      0.4796       0.000       1287.       0.000       99.63       0.000    
   37400  0.9350      0.2500E-04 SHELL          1   0.0%   1289.      0.4471       0.000       1289.       0.000       99.63       0.000    
   37500  0.9375      0.2500E-04 SHELL          1   0.0%   1291.      0.4156       0.000       1292.       0.000       99.63       0.000    
   37600  0.9400      0.2500E-04 SHELL          1   0.0%   1294.      0.3851       0.000       1294.       0.000       99.63       0.000    
   37700  0.9425      0.2500E-04 SHELL          1   0.0%   1296.      0.3555       0.000       1296.       0.000       99.63       0.000    
   37800  0.9450      0.2500E-04 SHELL          1   0.0%   1298.      0.3270       0.000       1298.       0.000       99.63       0.000    
   37900  0.9475      0.2500E-04 SHELL          1   0.0%   1300.      0.2995       0.000       1300.       0.000       99.63       0.000    
   38000  0.9500      0.2500E-04 SHELL          1   0.0%   1302.      0.2731       0.000       1302.       0.000       99.63       0.000    
   38100  0.9525      0.2500E-04 SHELL          1   0.0%   1304.      0.2478       0.000       1304.       0.000       99.63       0.000    
   38200  0.9550      0.2500E-04 SHELL          1   0.0%   1305.      0.2236       0.000       1306.       0.000       99.63       0.000    
   38300  0.9575      0.2500E-04 SHELL          1   0.0%   1307.      0.2005       0.000       1307.       0.000       99.63       0.000    
   38400  0.9600      0.2500E-04 SHELL          1   0.0%   1309.      0.1785       0.000       1309.       0.000       99.63       0.000    
   38500  0.9625      0.2500E-04 SHELL          1   0.0%   1310.      0.1577       0.000       1310.       0.000       99.63       0.000    
   38600  0.9650      0.2500E-04 SHELL          1   0.0%   1311.      0.1381       0.000       1312.       0.000       99.63       0.000    
   38700  0.9675      0.2500E-04 SHELL          1   0.0%   1313.      0.1197       0.000       1313.       0.000       99.63       0.000    
   38800  0.9700      0.2500E-04 SHELL          1   0.0%   1314.      0.1025       0.000       1314.       0.000       99.63       0.000    
   38900  0.9725      0.2500E-04 SHELL          1   0.0%   1315.      0.8658E-01   0.000       1315.       0.000       99.63       0.000    
   39000  0.9750      0.2500E-04 SHELL          1   0.0%   1316.      0.7192E-01   0.000       1316.       0.000       99.63       0.000    
   39100  0.9775      0.2500E-04 SHELL          1   0.0%   1317.      0.5856E-01   0.000       1317.       0.000       99.63       0.000    
   39200  0.9800      0.2500E-04 SHELL          1   0.0%   1318.      0.4650E-01   0.000       1318.       0.000       99.63       0.000    
   39300  0.9825      0.2500E-04 SHELL          1   0.0%   1318.      0.3579E-01   0.000       1318.       0.000       99.63       0.000    
   39400  0.9850      0.2500E-04 SHELL          1   0.0%   1319.      0.2643E-01   0.000       1319.       0.000       99.63       0.000    
   39500  0.9875      0.2500E-04 SHELL          1   0.0%   1320.      0.1844E-01   0.000       1320.       0.000       99.63       0.000    
   39600  0.9900      0.2500E-04 SHELL          1   0.0%   1320.      0.1186E-01   0.000       1320.       0.000       99.63       0.000    
   39700  0.9925      0.2500E-04 SHELL          1   0.0%   1320.      0.6707E-02   0.000       1320.       0.000       99.63       0.000    
   39800  0.9950      0.2500E-04 SHELL          1   0.0%   1321.      0.2996E-02   0.000       1321.       0.000       99.63       0.000    
   39900  0.9975      0.2500E-04 SHELL          1   0.0%   1321.      0.7528E-03   0.000       1321.       0.000       99.63       0.000    

     RESTART FILES: A19_STRAIN_2_0001_[0001-0001].rst WRITTEN
     -------------

   CYCLE    TIME      TIME-STEP  ELEMENT          ERROR  I-ENERGY    K-ENERGY T  K-ENERGY R  EXT-WORK     MAS.ERR     TOTAL MASS  MASS ADDED
   40000   1.000      0.2500E-04 SHELL          1   0.0%   1321.      0.3026E-06   0.000       1321.       0.000       99.63       0.000    
     ANIMATION FILE: A19_STRAIN_2A005 WRITTEN
  
                           ** CPU USER TIME **
  
  
                        ** SUMMARY **
  
 #PROC  ELEMENT   KINCOND   INTEG     IO        T0        ASM       RESOL    
   1   .3922E+01 .5312E+00 .4219E+00 .6406E+00 .1750E+01 .3906E+00 .9188E+01
  
 
                   ** CUMULATIVE CPU TIME SUMMARY **
  
 CONTACT SORTING.............: .0000E+00     0.00 % 
 CONTACT FORCES..............: .3125E-01     0.34 % 
 ELEMENT FORCES..............: .3922E+01    42.69 % 
 KINEMATIC COND..............: .5312E+00     5.78 % 
 INTEGRATION.................: .4219E+00     4.59 % 
 ASSEMBLING..................: .3906E+00     4.25 % 
 OTHERS (including I/O)......: .3891E+01    42.35 % 
 TOTAL.......................: .9188E+01   100.00 % 
  
  
                           ** ELAPSED TIME **
  
  
                        ** SUMMARY **
  
 #PROC  ELEMENT   KINCOND   INTEG     IO        T0        ASM       RESOL    
   1   .1788E+01 .2616E+00 .2563E+00 .4007E+00 .8893E+00 .2203E+00 .4610E+01
  
                   ** MEMORY USAGE STATISTICS **
  
 TOTAL MEMORY USED .........................:       54 MB
 MAXIMUM MEMORY PER PROCESSOR...............:       54 MB
 MINIMUM MEMORY PER PROCESSOR...............:       54 MB
 AVERAGE MEMORY PER PROCESSOR...............:       54 MB
  
                   ** DISK USAGE STATISTICS **
  
 TOTAL DISK SPACE USED .....................:          5 MB
 ANIMATION/H3D/TH/OUTP SIZE ................:          0 MB
 RESTART FILE SIZE .........................:          5 MB
  
                   ** COMPUTE TIME INFORMATION **
                        ** CURRENT ENGINE **
  
 EXECUTION STARTED .........................:      2026/10/09  10:34:17
 EXECUTION COMPLETED .......................:      2026/10/09  10:34:22
  
 ELAPSED TIME     =          4.66 s
                          0:00:04



     NORMAL TERMINATION      



     TOTAL NUMBER OF CYCLES  :   40001

  
                   ** COMPUTE RUNTIME INFORMATION SUMMARY **
  
        STARTER RUNTIME =          1.96s (00:00:01)
 # 001   ENGINE RUNTIME =          4.66s (00:00:04)
 ------------------------------ 
 STARTER+ENGINE RUNTIME =          6.62s (00:00:06)
  
