************************************************************************
**                                                                    **
**                                                                    **
**                         OpenRadioss Engine                         **
**                                                                    **
**            Non-linear Finite Element Analysis Software             **
**                                                                    **
**                                                                    **
**                                                                    **
**                  Windows 64 bits, Intel compiler                   **
**                      Double Precision Version                      **
**                                                                    **
**                                                                    **
**                                                                    **
************************************************************************
** OpenRadioss Software                                               **
** COPYRIGHT (C) 2026 Siemens                                         **
** Licensed under GNU Affero General Public License.                  **
** See License file.                                                  **
************************************************************************
 
 ROOT: I02E_FREE_MERGED_H127_R9  RESTART: 0001
 NUMBER OF HMPP PROCESSES     1
 14/09/2026
 NC=       0 T= 0.0000E+00 DT= 2.2463E-04 ERR=  0.0% DM/M= 0.0000E+00
     ANIMATION FILE: I02E_FREE_MERGED_H127_R9A001 WRITTEN
     ANIMATION FILE: I02E_FREE_MERGED_H127_R9A002 WRITTEN
 NC=     100 T= 2.2463E-02 DT= 2.2463E-04 ERR=  0.0% DM/M= 0.0000E+00
 ELAPSED TIME=          0.37 s  REMAINING TIME=          5.39 s
     ANIMATION FILE: I02E_FREE_MERGED_H127_R9A003 WRITTEN
     ANIMATION FILE: I02E_FREE_MERGED_H127_R9A004 WRITTEN
 NC=     200 T= 4.4926E-02 DT= 2.2463E-04 ERR=  0.0% DM/M= 0.0000E+00
 ELAPSED TIME=          0.69 s  REMAINING TIME=          4.65 s
     ANIMATION FILE: I02E_FREE_MERGED_H127_R9A005 WRITTEN
     ANIMATION FILE: I02E_FREE_MERGED_H127_R9A006 WRITTEN
 NC=     300 T= 6.7388E-02 DT= 2.2463E-04 ERR=  0.0% DM/M= 0.0000E+00
 ELAPSED TIME=          1.00 s  REMAINING TIME=          4.17 s
     ANIMATION FILE: I02E_FREE_MERGED_H127_R9A007 WRITTEN
     ANIMATION FILE: I02E_FREE_MERGED_H127_R9A008 WRITTEN
 NC=     400 T= 8.9851E-02 DT= 2.2463E-04 ERR=  0.0% DM/M= 0.0000E+00
 ELAPSED TIME=          1.31 s  REMAINING TIME=          3.78 s
     ANIMATION FILE: I02E_FREE_MERGED_H127_R9A009 WRITTEN
     ANIMATION FILE: I02E_FREE_MERGED_H127_R9A010 WRITTEN
 NC=     500 T= 1.1231E-01 DT= 2.2463E-04 ERR=  0.0% DM/M= 0.0000E+00
 ELAPSED TIME=          1.62 s  REMAINING TIME=          3.42 s
     ANIMATION FILE: I02E_FREE_MERGED_H127_R9A011 WRITTEN
     ANIMATION FILE: I02E_FREE_MERGED_H127_R9A012 WRITTEN
 NC=     600 T= 1.3478E-01 DT= 2.2463E-04 ERR=  0.0% DM/M= 0.0000E+00
 ELAPSED TIME=          1.93 s  REMAINING TIME=          3.08 s
     ANIMATION FILE: I02E_FREE_MERGED_H127_R9A013 WRITTEN
     ANIMATION FILE: I02E_FREE_MERGED_H127_R9A014 WRITTEN
 NC=     700 T= 1.5724E-01 DT= 2.2463E-04 ERR=  0.0% DM/M= 0.0000E+00
 ELAPSED TIME=          2.24 s  REMAINING TIME=          2.75 s
     ANIMATION FILE: I02E_FREE_MERGED_H127_R9A015 WRITTEN
     ANIMATION FILE: I02E_FREE_MERGED_H127_R9A016 WRITTEN
 NC=     800 T= 1.7970E-01 DT= 2.2463E-04 ERR=  0.0% DM/M= 0.0000E+00
 ELAPSED TIME=          2.55 s  REMAINING TIME=          2.42 s
     ANIMATION FILE: I02E_FREE_MERGED_H127_R9A017 WRITTEN
     ANIMATION FILE: I02E_FREE_MERGED_H127_R9A018 WRITTEN
 NC=     900 T= 2.0217E-01 DT= 2.2463E-04 ERR=  0.0% DM/M= 0.0000E+00
 ELAPSED TIME=          2.87 s  REMAINING TIME=          2.10 s
     ANIMATION FILE: I02E_FREE_MERGED_H127_R9A019 WRITTEN
     ANIMATION FILE: I02E_FREE_MERGED_H127_R9A020 WRITTEN
 NC=    1000 T= 2.2463E-01 DT= 2.2463E-04 ERR=  0.0% DM/M= 0.0000E+00
 ELAPSED TIME=          3.18 s  REMAINING TIME=          1.77 s
     ANIMATION FILE: I02E_FREE_MERGED_H127_R9A021 WRITTEN
     ANIMATION FILE: I02E_FREE_MERGED_H127_R9A022 WRITTEN
 NC=    1100 T= 2.4709E-01 DT= 2.2463E-04 ERR=  0.0% DM/M= 0.0000E+00
 ELAPSED TIME=          3.49 s  REMAINING TIME=          1.45 s
     ANIMATION FILE: I02E_FREE_MERGED_H127_R9A023 WRITTEN
     ANIMATION FILE: I02E_FREE_MERGED_H127_R9A024 WRITTEN
 NC=    1200 T= 2.6955E-01 DT= 2.2463E-04 ERR=  0.0% DM/M= 0.0000E+00
 ELAPSED TIME=          3.81 s  REMAINING TIME=          1.14 s
     ANIMATION FILE: I02E_FREE_MERGED_H127_R9A025 WRITTEN
     ANIMATION FILE: I02E_FREE_MERGED_H127_R9A026 WRITTEN
 NC=    1300 T= 2.9202E-01 DT= 2.2463E-04 ERR=  0.0% DM/M= 0.0000E+00
 ELAPSED TIME=          4.12 s  REMAINING TIME=          0.82 s
     ANIMATION FILE: I02E_FREE_MERGED_H127_R9A027 WRITTEN
 NC=    1400 T= 3.1448E-01 DT= 2.2463E-04 ERR=  0.0% DM/M= 0.0000E+00
 ELAPSED TIME=          4.42 s  REMAINING TIME=          0.50 s
     ANIMATION FILE: I02E_FREE_MERGED_H127_R9A028 WRITTEN
     ANIMATION FILE: I02E_FREE_MERGED_H127_R9A029 WRITTEN
 NC=    1500 T= 3.3694E-01 DT= 2.2463E-04 ERR=  0.0% DM/M= 0.0000E+00
 ELAPSED TIME=          4.73 s  REMAINING TIME=          0.18 s
     ANIMATION FILE: I02E_FREE_MERGED_H127_R9A030 WRITTEN
     RESTART FILES: I02E_FREE_MERGED_H127_R9_0001_[0001-0001].rst WRITTEN
  
                           ** CPU USER TIME **
  
  
                        ** SUMMARY **
  
 #PROC  CONTSORT  CONTFOR   ELEMENT   KINCOND   INTEG     IO        T0        ASM       RESOL    
   1   .4688E-01 .0000E+00 .3969E+01 .3125E-01 .9375E-01 .5625E+00 .1562E-01 .9375E-01 .4859E+01
 
                   ** CUMULATIVE CPU TIME SUMMARY **
  
 CONTACT SORTING.............: .4688E-01     0.96 % 
 CONTACT FORCES..............: .0000E+00     0.00 % 
 ELEMENT FORCES..............: .3969E+01    81.67 % 
 KINEMATIC COND..............: .3125E-01     0.64 % 
 INTEGRATION.................: .9375E-01     1.93 % 
 ASSEMBLING..................: .9375E-01     1.93 % 
 OTHERS (including I/O)......: .6250E+00    12.86 % 
 TOTAL.......................: .4859E+01   100.00 % 
  
                   ** MEMORY USAGE STATISTICS **
  
 TOTAL MEMORY USED .........................:       66 MB
 MAXIMUM MEMORY PER PROCESSOR...............:       66 MB
 MINIMUM MEMORY PER PROCESSOR...............:       66 MB
 AVERAGE MEMORY PER PROCESSOR...............:       66 MB
  
                   ** DISK USAGE STATISTICS **
  
 TOTAL DISK SPACE USED .....................:         27 MB
 ANIMATION/H3D/TH/OUTP SIZE ................:         18 MB
 RESTART FILE SIZE .........................:          9 MB
  
 ELAPSED TIME     =          4.92 s
                          0:00:04
  
     NORMAL TERMINATION      
     TOTAL NUMBER OF CYCLES  :    1559
