 I02F_AA7075_GMAX_H4_R3_0001.out
************************************************************************
**                                                                    **
**                                                                    **
**                         OpenRadioss Engine                         **
**                                                                    **
**            Non-linear Finite Element Analysis Software             **
**                                                                    **
**                                                                    **
**                                                                    **
**                  Windows 64 bits, Intel compiler                   **
**                      Double Precision Version                      **
**                                                                    **
**                                                                    **
**                                                                    **
************************************************************************
** OpenRadioss Software                                               **
** COPYRIGHT (C) 2026 Siemens                                         **
** Licensed under GNU Affero General Public License.                  **
** See License file.                                                  **
************************************************************************
 
 NUMBER OF SPMD DOMAINS           1
 NUMBER OF THREADS PER DOMAIN     1
 NUMBER OF HMPP PROCESSES         1
  
 COMPUTATION HARDWARE DESCRIPTION
  
 HOSTNAME     CPU TYPE, FREQUENCY AND MEMORY
 jeux   AMD Ryzen 5 5600 6-Core Processor               (x86_64), 3700 MHz,   5264 MB RAM,  18090 MB swap
  
 STACKSIZE  . . . . . . . . . . . . . . . . . . . . 1430 MB
 THREAD STACKSIZE . . . . . . . . . . . . . . . . . 400 MB
 
************************************************************************


 I02F_AA7075_GMAX_H4_R3D01                                                       


 FINAL TIME . . . . . . . . . . . . . . . . . . .   8.000000    

 TIME INTERVAL FOR TIME HISTORY PLOTS . . . . . .  0.2000000E-02

 TIME STEP SCALE FACTOR . . . . . . . . . . . . .  0.9000000    

 MINIMUM TIME STEP  . . . . . . . . . . . . . . .   0.000000    


 BRICK TIME STEP SCALE FACTOR . . . . . . . . . .  0.9000000    
 BRICK MINIMUM TIME STEP. . . . . . . . . . . . .   0.000000    
 MIN. TIME STEP FLAG (1:STOP RUN, 2:DELETE BRICK)     1

 QUAD TIME STEP SCALE FACTOR. . . . . . . . . . .  0.9000000    
 QUAD MINIMUM TIME STEP . . . . . . . . . . . . .   0.000000    
 MIN. TIME STEP FLAG (1:STOP RUN, 2:DELETE QUAD).     1

 SHELL TIME STEP SCALE FACTOR . . . . . . . . . .  0.9000000    
 SHELL MINIMUM TIME STEP. . . . . . . . . . . . .   0.000000    
 MIN. TIME FLAG (1:STOP, 2:DELETE, 3:SMALL STRAIN)    2

 TRUSS TIME STEP SCALE FACTOR . . . . . . . . . .  0.9000000    
 TRUSS MINIMUM TIME STEP. . . . . . . . . . . . .   0.000000    
 MIN. TIME FLAG (1:STOP, 2:DELETE). . . . . . . .     0

 BEAM TIME STEP SCALE FACTOR. . . . . . . . . . .  0.9000000    
 BEAM MINIMUM TIME STEP . . . . . . . . . . . . .   0.000000    
 MIN. TIME FLAG (1:STOP, 2:DELETE). . . . . . . .     0

 SPRING TIME STEP SCALE FACTOR. . . . . . . . . .  0.9000000    
 SPRING MINIMUM TIME STEP . . . . . . . . . . . .   0.000000    
 MIN. TIME FLAG (1:STOP, 2:DELETE). . . . . . . .     0

 AIRBAG TIME STEP SCALE FACTOR. . . . . . . . . .  0.9000000    
 AIRBAG MINIMUM TIME STEP . . . . . . . . . . . .   0.000000    
 MIN. TIME FLAG (1:STOP). . . . . . . . . . . . .     0

 CONTACT TIME STEP SCALE FACTOR . . . . . . . . .  0.9000000    
 CONTACT MINIMUM TIME STEP. . . . . . . . . . . .   0.000000    
 MIN. TIME FLAG(1:STOP, 2:REMOVE NODE FROM INTERF)    0

 PRINTOUT CYCLE FREQUENCY . . . . . . . . . . . .  -100

 RESTART CYCLE FREQUENCY. . . . . . . . . . . . .   10000000

 MAXIMUM RESTART WRITE BEFORE OVERWRITE . . . . .     0

 INVERS: INPUT DECK VERSION . . . . . . . . . . .  2026
 ITTYP : FLAG FOR TYPE OF T-FILE. . . . . . . . .     4

 INITIAL TIME STEP. . . . . . . . . . . . . . . .   0.000000    
 MAXIMUM TIME STEP. . . . . . . . . . . . . . . .  0.1000000E+21

 PARALLEL ARITHMETIC ON
 NUMBER OF INTERFACES TO BE ELIMINATED. . . . . .        0

 NUMBER OF PARTS TO BE ELIMINATED . . . . . . . .        0

 NUMBER OF SOLID  ELEMENT BLOCKS TO BE ELIMINATED        0

 NUMBER OF QUAD   ELEMENT BLOCKS TO BE ELIMINATED        0

 NUMBER OF SHELL  ELEMENT BLOCKS TO BE ELIMINATED        0

 NUMBER OF TRUSS  ELEMENT BLOCKS TO BE ELIMINATED        0

 NUMBER OF BEAM   ELEMENT BLOCKS TO BE ELIMINATED        0

 NUMBER OF SPRING ELEMENT BLOCKS TO BE ELIMINATED        0

 NUMBER OF SH_3N  ELEMENT BLOCKS TO BE ELIMINATED        0

 NUMBER OF  SPH PARTICLES BLOCKS TO BE ELIMINATED        0

 NUMBER OF RIGID LINKS. . . . . . . . . . . . . .        0

 NUMBER OF NEW BOUNDARY CONDITIONS. . . . . . . .        0


 TIME FOR FIRST ANIMATION-FILE PLOT . . . . . . .   0.000000    
 TIME INTERVAL FOR ANIMATION-FILE PLOTS . . . . .  0.4000000    
 TIME TO STOP ANIMATION-FILE PLOTS. . . . . . . .  0.1000000E+21
 SENSOR FOR ANIMATION-FILE PLOTS. . . . . . . . .          0
 TIME INTERVAL FOR SENSOR ANIMATION-FILE PLOTS. .   0.000000    

 VARIABLE SAVED ON ANIMATION FILES (1: YES) :
      PLASTIC STRAIN. . . . . .     0
      DENSITY     (SOLID ONLY).     0
      SPECIFIC ENERGY . . . . .     1
      HOURGLASS ENERGY. . . . .     0
      TEMPERATURE (SOLID ONLY).     0
      THICKNESS   (SHELL ONLY).     0
      PRESSURE    (SOLID ONLY).     0
      VON MISES . . . . . . . .     0
      TURBULENT ENERGY (FLUID).     0
      TURBULENT VISCOSITY(FLUID)    0
      VORTICITY (FLUID) . . . .     0
 NODAL VALUES SAVED ON ANIMATION FILES (1: YES) :
      PRESSURE. . . . . . . . .     0
      DENSITY . . . . . . . . .     0
      TEMPERATURE . . . . . . .     0
 VECTOR SAVED ON ANIMATION FILES (1: YES) :
      VELOCITY VECTOR . . . . .     1
      DISPLACEMENT VECTOR . . .     1
      ACCELERATION VECTOR . . .     0
      CONTACT FORCES. . . . . .     0
      INTERNAL FORCES . . . . .     0
      EXTERNAL FORCES . . . . .     0
      SECTION RBY RWALL FORCES.     0
      ROTATIONAL VELOCITY VECTOR    0
      CONTACT PRESSURE (VECTORS)    0
 SHELL TENSOR SAVED ON ANIMATION FILES (1: YES) :
      MEMBRANE STRESS . . . . .     0
      BENDING STRESS(MOMENT/T^2)    0
      UPPER LAYER STRESS. . . .     0
      LOWER LAYER STRESS. . . .     0
      MEMBRANE STRAIN . . . . .     0
      CURVATURE . . . . . . . .     0
      UPPER LAYER STRAIN. . . .     0
      LOWER LAYER STRAIN. . . .     0
 NODAL MASS SAVED ON ANIMATION FILES (1: YES) :    0
 KEEP DELETED ELEMENT (1: YES) :    0


 14/09/2026
   CYCLE    TIME      TIME-STEP  ELEMENT          ERROR  I-ENERGY    K-ENERGY T  K-ENERGY R  EXT-WORK     MAS.ERR     TOTAL MASS  MASS ADDED
       0   0.000      0.6374E-03 SHELL          1   0.0%   0.000       0.000       0.000       0.000       0.000      0.2068       0.000    
     ANIMATION FILE: I02F_AA7075_GMAX_H4_R3A001 WRITTEN
     100  0.6374E-01  0.6374E-03 SHELL          1  -0.0%  0.2545E-03  0.2176E-07   0.000      0.2545E-03   0.000      0.2068       0.000    
     200  0.1275      0.6374E-03 SHELL          2  -0.0%  0.3063E-02  0.2803E-06   0.000      0.3063E-02   0.000      0.2068       0.000    
     300  0.1912      0.6374E-03 SHELL          1  -0.0%  0.1389E-01  0.6293E-06   0.000      0.1389E-01   0.000      0.2068       0.000    
     400  0.2550      0.6374E-03 SHELL          1  -0.0%  0.4129E-01  0.1339E-05   0.000      0.4129E-01   0.000      0.2068       0.000    
     500  0.3187      0.6374E-03 SHELL          1  -0.0%  0.9711E-01  0.1311E-05   0.000      0.9711E-01   0.000      0.2068       0.000    
     600  0.3825      0.6375E-03 SHELL          1  -0.0%  0.2016      0.1950E-05   0.000      0.2016       0.000      0.2068       0.000    
     ANIMATION FILE: I02F_AA7075_GMAX_H4_R3A002 WRITTEN
     700  0.4462      0.6375E-03 SHELL          1  -0.0%  0.3695      0.2969E-05   0.000      0.3695       0.000      0.2068       0.000    
     800  0.5100      0.6375E-03 SHELL          1  -0.0%  0.6210      0.3922E-05   0.000      0.6210       0.000      0.2068       0.000    
     900  0.5737      0.6375E-03 SHELL          1  -0.0%  0.9782      0.5163E-05   0.000      0.9782       0.000      0.2068       0.000    
    1000  0.6375      0.6375E-03 SHELL          1  -0.0%   1.468      0.5267E-05   0.000       1.468       0.000      0.2068       0.000    
    1100  0.7012      0.6375E-03 SHELL          1  -0.0%   2.132      0.6557E-05   0.000       2.132       0.000      0.2068       0.000    
    1200  0.7650      0.6375E-03 SHELL          1  -0.0%   2.988      0.8049E-05   0.000       2.988       0.000      0.2068       0.000    
     ANIMATION FILE: I02F_AA7075_GMAX_H4_R3A003 WRITTEN
    1300  0.8287      0.6376E-03 SHELL          1  -0.0%   4.064      0.9716E-05   0.000       4.064       0.000      0.2068       0.000    
    1400  0.8925      0.6376E-03 SHELL          1  -0.0%   5.394      0.1115E-04   0.000       5.394       0.000      0.2068       0.000    
    1500  0.9562      0.6376E-03 SHELL          1  -0.0%   7.017      0.1121E-04   0.000       7.017       0.000      0.2068       0.000    
    1600   1.020      0.6376E-03 SHELL          1  -0.0%   8.991      0.1304E-04   0.000       8.991       0.000      0.2068       0.000    
    1700   1.084      0.6377E-03 SHELL          1  -0.0%   11.33      0.1465E-04   0.000       11.33       0.000      0.2068       0.000    
    1800   1.148      0.6377E-03 SHELL          1  -0.0%   14.06      0.1686E-04   0.000       14.06       0.000      0.2068       0.000    
     ANIMATION FILE: I02F_AA7075_GMAX_H4_R3A004 WRITTEN
    1900   1.211      0.6377E-03 SHELL          1  -0.0%   17.24      0.1851E-04   0.000       17.24       0.000      0.2068       0.000    
    2000   1.275      0.6377E-03 SHELL          1  -0.0%   20.90      0.1850E-04   0.000       20.90       0.000      0.2068       0.000    
    2100   1.339      0.6378E-03 SHELL          1  -0.0%   25.12      0.2078E-04   0.000       25.12       0.000      0.2068       0.000    
    2200   1.403      0.6378E-03 SHELL          1  -0.0%   29.90      0.2240E-04   0.000       29.90       0.000      0.2068       0.000    
    2300   1.466      0.6378E-03 SHELL          1  -0.0%   35.28      0.2478E-04   0.000       35.28       0.000      0.2068       0.000    
    2400   1.530      0.6379E-03 SHELL          1  -0.0%   41.30      0.2642E-04   0.000       41.30       0.000      0.2068       0.000    
    2500   1.594      0.6379E-03 SHELL          1  -0.0%   48.02      0.2653E-04   0.000       48.02       0.000      0.2068       0.000    
     ANIMATION FILE: I02F_AA7075_GMAX_H4_R3A005 WRITTEN
    2600   1.658      0.6379E-03 SHELL          1  -0.0%   55.50      0.2900E-04   0.000       55.50       0.000      0.2068       0.000    
    2700   1.722      0.6380E-03 SHELL          1  -0.0%   63.75      0.3077E-04   0.000       63.75       0.000      0.2068       0.000    
    2800   1.785      0.6380E-03 SHELL          1  -0.0%   72.80      0.3313E-04   0.000       72.80       0.000      0.2068       0.000    
    2900   1.849      0.6380E-03 SHELL          1  -0.0%   82.69      0.3493E-04   0.000       82.69       0.000      0.2068       0.000    
    3000   1.913      0.6381E-03 SHELL          1  -0.0%   93.50      0.3483E-04   0.000       93.50       0.000      0.2068       0.000    
    3100   1.977      0.6381E-03 SHELL          1  -0.0%   105.3      0.3714E-04   0.000       105.3       0.000      0.2068       0.000    
     ANIMATION FILE: I02F_AA7075_GMAX_H4_R3A006 WRITTEN
    3200   2.041      0.6381E-03 SHELL          1  -0.0%   118.0      0.3899E-04   0.000       118.0       0.000      0.2068       0.000    
    3300   2.104      0.6382E-03 SHELL          1  -0.0%   131.7      0.4113E-04   0.000       131.7       0.000      0.2068       0.000    
    3400   2.168      0.6382E-03 SHELL          1  -0.0%   146.5      0.4318E-04   0.000       146.5       0.000      0.2068       0.000    
    3500   2.232      0.6383E-03 SHELL          2  -0.0%   161.8      0.4300E-04   0.000       161.8       0.000      0.2068       0.000    
    3600   2.296      0.6383E-03 SHELL          1  -0.0%   177.5      0.4491E-04   0.000       177.5       0.000      0.2068       0.000    
    3700   2.360      0.6383E-03 SHELL          1  -0.0%   193.4      0.4678E-04   0.000       193.4       0.000      0.2068       0.000    
     ANIMATION FILE: I02F_AA7075_GMAX_H4_R3A007 WRITTEN
    3800   2.424      0.6384E-03 SHELL          1  -0.0%   209.6      0.4856E-04   0.000       209.6       0.000      0.2068       0.000    
    3900   2.487      0.6384E-03 SHELL          1  -0.0%   226.0      0.5033E-04   0.000       226.0       0.000      0.2068       0.000    
    4000   2.551      0.6385E-03 SHELL          2  -0.0%   242.6      0.5029E-04   0.000       242.6       0.000      0.2068       0.000    
    4100   2.615      0.6385E-03 SHELL          1  -0.0%   259.5      0.5197E-04   0.000       259.5       0.000      0.2068       0.000    
    4200   2.679      0.6386E-03 SHELL          2  -0.0%   276.6      0.5360E-04   0.000       276.6       0.000      0.2068       0.000    
    4300   2.743      0.6386E-03 SHELL          1  -0.0%   293.8      0.5519E-04   0.000       293.8       0.000      0.2068       0.000    
     ANIMATION FILE: I02F_AA7075_GMAX_H4_R3A008 WRITTEN
    4400   2.807      0.6386E-03 SHELL          1  -0.0%   311.3      0.5646E-04   0.000       311.3       0.000      0.2068       0.000    
    4500   2.871      0.6387E-03 SHELL          2  -0.0%   328.9      0.5656E-04   0.000       328.9       0.000      0.2068       0.000    
    4600   2.934      0.6387E-03 SHELL          1  -0.0%   346.7      0.5792E-04   0.000       346.7       0.000      0.2068       0.000    
    4700   2.998      0.6388E-03 SHELL          1  -0.0%   364.7      0.5920E-04   0.000       364.7       0.000      0.2068       0.000    
    4800   3.062      0.6388E-03 SHELL          1  -0.0%   382.8      0.6049E-04   0.000       382.8       0.000      0.2068       0.000    
    4900   3.126      0.6389E-03 SHELL          2  -0.0%   401.1      0.6152E-04   0.000       401.1       0.000      0.2068       0.000    
    5000   3.190      0.6389E-03 SHELL          1  -0.0%   419.5      0.6152E-04   0.000       419.5       0.000      0.2068       0.000    
     ANIMATION FILE: I02F_AA7075_GMAX_H4_R3A009 WRITTEN
    5100   3.254      0.6390E-03 SHELL          1  -0.0%   438.1      0.6253E-04   0.000       438.1       0.000      0.2068       0.000    
    5200   3.318      0.6390E-03 SHELL          1  -0.0%   456.7      0.6344E-04   0.000       456.7       0.000      0.2068       0.000    
    5300   3.382      0.6391E-03 SHELL          2  -0.0%   475.4      0.6427E-04   0.000       475.4       0.000      0.2068       0.000    
    5400   3.446      0.6391E-03 SHELL          2  -0.0%   494.3      0.6501E-04   0.000       494.3       0.000      0.2068       0.000    
    5500   3.509      0.6392E-03 SHELL          1  -0.0%   513.2      0.6497E-04   0.000       513.2       0.000      0.2068       0.000    
    5600   3.573      0.6392E-03 SHELL          1  -0.0%   532.2      0.6559E-04   0.000       532.2       0.000      0.2068       0.000    
     ANIMATION FILE: I02F_AA7075_GMAX_H4_R3A010 WRITTEN
    5700   3.637      0.6393E-03 SHELL          1  -0.0%   551.3      0.6609E-04   0.000       551.3       0.000      0.2068       0.000    
    5800   3.701      0.6393E-03 SHELL          2  -0.0%   570.4      0.6650E-04   0.000       570.4       0.000      0.2068       0.000    
    5900   3.765      0.6393E-03 SHELL          2  -0.0%   589.5      0.6682E-04   0.000       589.5       0.000      0.2068       0.000    
    6000   3.829      0.6394E-03 SHELL          1  -0.0%   608.7      0.6678E-04   0.000       608.7       0.000      0.2068       0.000    
    6100   3.893      0.6394E-03 SHELL          1  -0.0%   627.9      0.6698E-04   0.000       627.9       0.000      0.2068       0.000    
    6200   3.957      0.6395E-03 SHELL          1  -0.0%   647.2      0.6706E-04   0.000       647.2       0.000      0.2068       0.000    
     ANIMATION FILE: I02F_AA7075_GMAX_H4_R3A011 WRITTEN
    6300   4.021      0.6395E-03 SHELL          1  -0.0%   666.4      0.6704E-04   0.000       666.4       0.000      0.2068       0.000    
    6400   4.085      0.6396E-03 SHELL          1  -0.0%   685.6      0.6691E-04   0.000       685.6       0.000      0.2068       0.000    
    6500   4.149      0.6396E-03 SHELL          1  -0.0%   704.9      0.6690E-04   0.000       704.9       0.000      0.2068       0.000    
    6600   4.213      0.6397E-03 SHELL          1  -0.0%   724.1      0.6666E-04   0.000       724.1       0.000      0.2068       0.000    
    6700   4.277      0.6397E-03 SHELL          2  -0.0%   743.2      0.6632E-04   0.000       743.2       0.000      0.2068       0.000    
    6800   4.341      0.6398E-03 SHELL          2  -0.0%   762.3      0.6589E-04   0.000       762.3       0.000      0.2068       0.000    
     ANIMATION FILE: I02F_AA7075_GMAX_H4_R3A012 WRITTEN
    6900   4.405      0.6398E-03 SHELL          1  -0.0%   781.4      0.6532E-04   0.000       781.4       0.000      0.2068       0.000    
    7000   4.469      0.6399E-03 SHELL          1  -0.0%   800.4      0.6530E-04   0.000       800.4       0.000      0.2068       0.000    
    7100   4.533      0.6399E-03 SHELL          1  -0.0%   819.3      0.6464E-04   0.000       819.3       0.000      0.2068       0.000    
    7200   4.597      0.6399E-03 SHELL          2  -0.0%   838.1      0.6390E-04   0.000       838.1       0.000      0.2068       0.000    
    7300   4.661      0.6400E-03 SHELL          2  -0.0%   856.9      0.6307E-04   0.000       856.9       0.000      0.2068       0.000    
    7400   4.725      0.6400E-03 SHELL          1  -0.0%   875.5      0.6208E-04   0.000       875.5       0.000      0.2068       0.000    
    7500   4.789      0.6401E-03 SHELL          1  -0.0%   894.1      0.6207E-04   0.000       894.1       0.000      0.2068       0.000    
     ANIMATION FILE: I02F_AA7075_GMAX_H4_R3A013 WRITTEN
    7600   4.853      0.6401E-03 SHELL          1  -0.0%   912.5      0.6102E-04   0.000       912.5       0.000      0.2068       0.000    
    7700   4.917      0.6402E-03 SHELL          2  -0.0%   930.7      0.5993E-04   0.000       930.7       0.000      0.2068       0.000    
    7800   4.981      0.6402E-03 SHELL          2  -0.0%   948.9      0.5875E-04   0.000       948.9       0.000      0.2068       0.000    
    7900   5.045      0.6402E-03 SHELL          1  -0.0%   966.9      0.5734E-04   0.000       966.9       0.000      0.2068       0.000    
    8000   5.109      0.6403E-03 SHELL          1  -0.0%   984.7      0.5734E-04   0.000       984.7       0.000      0.2068       0.000    
    8100   5.173      0.6403E-03 SHELL          2  -0.0%   1002.      0.5594E-04   0.000       1002.       0.000      0.2068       0.000    
     ANIMATION FILE: I02F_AA7075_GMAX_H4_R3A014 WRITTEN
    8200   5.237      0.6404E-03 SHELL          2  -0.0%   1020.      0.5449E-04   0.000       1020.       0.000      0.2068       0.000    
    8300   5.301      0.6404E-03 SHELL          1  -0.0%   1037.      0.5298E-04   0.000       1037.       0.000      0.2068       0.000    
    8400   5.365      0.6404E-03 SHELL          2  -0.0%   1054.      0.5126E-04   0.000       1054.       0.000      0.2068       0.000    
    8500   5.429      0.6405E-03 SHELL          1  -0.0%   1071.      0.5130E-04   0.000       1071.       0.000      0.2068       0.000    
    8600   5.493      0.6405E-03 SHELL          2  -0.0%   1088.      0.4960E-04   0.000       1088.       0.000      0.2068       0.000    
    8700   5.557      0.6405E-03 SHELL          1  -0.0%   1104.      0.4789E-04   0.000       1104.       0.000      0.2068       0.000    
     ANIMATION FILE: I02F_AA7075_GMAX_H4_R3A015 WRITTEN
    8800   5.621      0.6406E-03 SHELL          1  -0.0%   1120.      0.4607E-04   0.000       1120.       0.000      0.2068       0.000    
    8900   5.685      0.6406E-03 SHELL          2  -0.0%   1136.      0.4415E-04   0.000       1136.       0.000      0.2068       0.000    
    9000   5.749      0.6406E-03 SHELL          2  -0.0%   1152.      0.4420E-04   0.000       1152.       0.000      0.2068       0.000    
 FAILURE (FTAB) OF SHELL ELEMENT          1 ,GAUSS PT 1 ,LAYER  1 ,INTEGRATION PT  1
 FAILURE (FTAB) OF SHELL ELEMENT          2 ,GAUSS PT 1 ,LAYER  1 ,INTEGRATION PT  1
 FAILURE (FTAB) OF SHELL ELEMENT          1 ,GAUSS PT 1 ,LAYER  1 ,INTEGRATION PT  2
 FAILURE (FTAB) OF SHELL ELEMENT          2 ,GAUSS PT 1 ,LAYER  1 ,INTEGRATION PT  2
 FAILURE (FTAB) OF SHELL ELEMENT          1 ,GAUSS PT 1 ,LAYER  1 ,INTEGRATION PT  3
 FAILURE (FTAB) OF SHELL ELEMENT          2 ,GAUSS PT 1 ,LAYER  1 ,INTEGRATION PT  3
 FAILURE (FTAB) OF SHELL ELEMENT          1 ,GAUSS PT 1 ,LAYER  1 ,INTEGRATION PT  4
 FAILURE (FTAB) OF SHELL ELEMENT          2 ,GAUSS PT 1 ,LAYER  1 ,INTEGRATION PT  4
 FAILURE (FTAB) OF SHELL ELEMENT          1 ,GAUSS PT 1 ,LAYER  1 ,INTEGRATION PT  5
 FAILURE (FTAB) OF SHELL ELEMENT          2 ,GAUSS PT 1 ,LAYER  1 ,INTEGRATION PT  5
 -- RUPTURE (TAB1) OF SHELL ELEMENT NUMBER          1
 -- RUPTURE (TAB1) OF SHELL ELEMENT NUMBER          2
    9100   5.935      0.1488E-01 SHELL          1  -0.0%   1162.      0.3926E-04   0.000       1162.       0.000      0.2068       0.000    
     ANIMATION FILE: I02F_AA7075_GMAX_H4_R3A016 WRITTEN
     ANIMATION FILE: I02F_AA7075_GMAX_H4_R3A017 WRITTEN
     ANIMATION FILE: I02F_AA7075_GMAX_H4_R3A018 WRITTEN
     ANIMATION FILE: I02F_AA7075_GMAX_H4_R3A019 WRITTEN
     ANIMATION FILE: I02F_AA7075_GMAX_H4_R3A020 WRITTEN

     RESTART FILES: I02F_AA7075_GMAX_H4_R3_0001_[0001-0001].rst WRITTEN
     -------------

  
                           ** CPU USER TIME **
  
  
                        ** SUMMARY **
  
 #PROC  ELEMENT   KINCOND   INTEG     IO        T0        ASM       RESOL    
   1   .9375E-01 .1562E-01 .7812E-01 .2500E+00 .1562E-01 .4688E-01 .6406E+00
  
 
                   ** CUMULATIVE CPU TIME SUMMARY **
  
 CONTACT SORTING.............: .0000E+00     0.00 % 
 CONTACT FORCES..............: .0000E+00     0.00 % 
 ELEMENT FORCES..............: .9375E-01    14.63 % 
 KINEMATIC COND..............: .1562E-01     2.44 % 
 INTEGRATION.................: .7812E-01    12.20 % 
 ASSEMBLING..................: .4688E-01     7.32 % 
 OTHERS (including I/O)......: .4062E+00    63.41 % 
 TOTAL.......................: .6406E+00   100.00 % 
  
  
                           ** ELAPSED TIME **
  
  
                        ** SUMMARY **
  
 #PROC  ELEMENT   KINCOND   INTEG     IO        T0        ASM       RESOL    
   1   .1160E+00 .4160E-01 .3093E-01 .1830E+00 .9986E-01 .1858E-01 .6467E+00
  
                   ** MEMORY USAGE STATISTICS **
  
 TOTAL MEMORY USED .........................:       48 MB
 MAXIMUM MEMORY PER PROCESSOR...............:       48 MB
 MINIMUM MEMORY PER PROCESSOR...............:       48 MB
 AVERAGE MEMORY PER PROCESSOR...............:       48 MB
  
                   ** DISK USAGE STATISTICS **
  
 TOTAL DISK SPACE USED .....................:          1 MB
 ANIMATION/H3D/TH/OUTP SIZE ................:          0 MB
 RESTART FILE SIZE .........................:          0 MB
  
                   ** COMPUTE TIME INFORMATION **
                        ** CURRENT ENGINE **
  
 EXECUTION STARTED .........................:      2026/09/14  14:12:28
 EXECUTION COMPLETED .......................:      2026/09/14  14:12:29
  
 ELAPSED TIME     =          0.68 s
                          0:00:00



     NORMAL TERMINATION      



     TOTAL NUMBER OF CYCLES  :    9129

  
                   ** COMPUTE RUNTIME INFORMATION SUMMARY **
  
        STARTER RUNTIME =          0.55s (00:00:00)
 # 001   ENGINE RUNTIME =          0.68s (00:00:00)
 ------------------------------ 
 STARTER+ENGINE RUNTIME =          1.23s (00:00:01)
  
