************************************************************************
**                                                                    **
**                                                                    **
**                         OpenRadioss Engine                         **
**                                                                    **
**            Non-linear Finite Element Analysis Software             **
**                                                                    **
**                                                                    **
**                                                                    **
**                  Windows 64 bits, Intel compiler                   **
**                      Double Precision Version                      **
**                                                                    **
**                                                                    **
**                                                                    **
************************************************************************
** OpenRadioss Software                                               **
** COPYRIGHT (C) 2026 Siemens                                         **
** Licensed under GNU Affero General Public License.                  **
** See License file.                                                  **
************************************************************************
 
 ROOT: A24_CONNECTED_EXTENSION_S1_N4  RESTART: 0001
 NUMBER OF HMPP PROCESSES     1
 10/10/2026
 NC=       0 T= 0.0000E+00 DT= 1.2317E-05 ERR=  0.0% DM/M= 0.0000E+00
     ANIMATION FILE: A24_CONNECTED_EXTENSION_S1_N4A001 WRITTEN
 NC=     100 T= 1.2317E-03 DT= 1.2317E-05 ERR= -0.2% DM/M= 0.0000E+00
 ELAPSED TIME=          0.06 s  REMAINING TIME=          4.86 s
 NC=     200 T= 2.4634E-03 DT= 1.2317E-05 ERR= -0.6% DM/M= 0.0000E+00
 ELAPSED TIME=          0.08 s  REMAINING TIME=          3.31 s
 NC=     300 T= 3.6951E-03 DT= 1.2317E-05 ERR= -1.1% DM/M= 0.0000E+00
 ELAPSED TIME=          0.10 s  REMAINING TIME=          2.73 s
 NC=     400 T= 4.9269E-03 DT= 1.2317E-05 ERR= -1.9% DM/M= 0.0000E+00
 ELAPSED TIME=          0.13 s  REMAINING TIME=          2.47 s
 NC=     500 T= 6.1586E-03 DT= 1.2317E-05 ERR= -2.6% DM/M= 0.0000E+00
 ELAPSED TIME=          0.15 s  REMAINING TIME=          2.27 s
 NC=     600 T= 7.3903E-03 DT= 1.2317E-05 ERR= -3.4% DM/M= 0.0000E+00
 ELAPSED TIME=          0.17 s  REMAINING TIME=          2.14 s
 NC=     700 T= 8.6220E-03 DT= 1.2317E-05 ERR= -4.1% DM/M= 0.0000E+00
 ELAPSED TIME=          0.19 s  REMAINING TIME=          2.04 s
 NC=     800 T= 9.8537E-03 DT= 1.2317E-05 ERR= -4.8% DM/M= 0.0000E+00
 ELAPSED TIME=          0.21 s  REMAINING TIME=          1.96 s
 NC=     900 T= 1.1085E-02 DT= 1.2317E-05 ERR= -5.3% DM/M= 0.0000E+00
 ELAPSED TIME=          0.24 s  REMAINING TIME=          1.89 s
 NC=    1000 T= 1.2317E-02 DT= 1.2317E-05 ERR= -5.8% DM/M= 0.0000E+00
 ELAPSED TIME=          0.26 s  REMAINING TIME=          1.83 s
 NC=    1100 T= 1.3549E-02 DT= 1.2317E-05 ERR= -6.3% DM/M= 0.0000E+00
 ELAPSED TIME=          0.28 s  REMAINING TIME=          1.76 s
 NC=    1200 T= 1.4781E-02 DT= 1.2317E-05 ERR= -6.7% DM/M= 0.0000E+00
 ELAPSED TIME=          0.30 s  REMAINING TIME=          1.71 s
 NC=    1300 T= 1.6012E-02 DT= 1.2317E-05 ERR= -7.0% DM/M= 0.0000E+00
 ELAPSED TIME=          0.32 s  REMAINING TIME=          1.66 s
 NC=    1400 T= 1.7244E-02 DT= 1.2317E-05 ERR= -7.3% DM/M= 0.0000E+00
 ELAPSED TIME=          0.34 s  REMAINING TIME=          1.62 s
 NC=    1500 T= 1.8476E-02 DT= 1.2317E-05 ERR= -7.5% DM/M= 0.0000E+00
 ELAPSED TIME=          0.36 s  REMAINING TIME=          1.58 s
 NC=    1600 T= 1.9707E-02 DT= 1.2317E-05 ERR= -7.7% DM/M= 0.0000E+00
 ELAPSED TIME=          0.38 s  REMAINING TIME=          1.53 s
 NC=    1700 T= 2.0939E-02 DT= 1.2317E-05 ERR= -7.9% DM/M= 0.0000E+00
 ELAPSED TIME=          0.40 s  REMAINING TIME=          1.49 s
 NC=    1800 T= 2.2171E-02 DT= 1.2317E-05 ERR= -8.1% DM/M= 0.0000E+00
 ELAPSED TIME=          0.42 s  REMAINING TIME=          1.46 s
 NC=    1900 T= 2.3402E-02 DT= 1.2317E-05 ERR= -8.2% DM/M= 0.0000E+00
 ELAPSED TIME=          0.44 s  REMAINING TIME=          1.42 s
 NC=    2000 T= 2.4634E-02 DT= 1.2317E-05 ERR= -8.3% DM/M= 0.0000E+00
 ELAPSED TIME=          0.45 s  REMAINING TIME=          1.39 s
     ANIMATION FILE: A24_CONNECTED_EXTENSION_S1_N4A002 WRITTEN
 NC=    2100 T= 2.5866E-02 DT= 1.2317E-05 ERR= -8.4% DM/M= 0.0000E+00
 ELAPSED TIME=          0.48 s  REMAINING TIME=          1.36 s
 NC=    2200 T= 2.7097E-02 DT= 1.2317E-05 ERR= -8.5% DM/M= 0.0000E+00
 ELAPSED TIME=          0.49 s  REMAINING TIME=          1.33 s
 NC=    2300 T= 2.8329E-02 DT= 1.2317E-05 ERR= -8.6% DM/M= 0.0000E+00
 ELAPSED TIME=          0.51 s  REMAINING TIME=          1.30 s
 NC=    2400 T= 2.9561E-02 DT= 1.2317E-05 ERR= -8.7% DM/M= 0.0000E+00
 ELAPSED TIME=          0.53 s  REMAINING TIME=          1.27 s
 NC=    2500 T= 3.0792E-02 DT= 1.2317E-05 ERR= -8.8% DM/M= 0.0000E+00
 ELAPSED TIME=          0.55 s  REMAINING TIME=          1.24 s
 NC=    2600 T= 3.2024E-02 DT= 1.2317E-05 ERR= -8.8% DM/M= 0.0000E+00
 ELAPSED TIME=          0.57 s  REMAINING TIME=          1.22 s
 NC=    2700 T= 3.3256E-02 DT= 1.2316E-05 ERR= -8.9% DM/M= 0.0000E+00
 ELAPSED TIME=          0.59 s  REMAINING TIME=          1.19 s
 NC=    2800 T= 3.4487E-02 DT= 1.2316E-05 ERR= -8.9% DM/M= 0.0000E+00
 ELAPSED TIME=          0.61 s  REMAINING TIME=          1.16 s
 NC=    2900 T= 3.5719E-02 DT= 1.2316E-05 ERR= -9.0% DM/M= 0.0000E+00
 ELAPSED TIME=          0.63 s  REMAINING TIME=          1.14 s
 NC=    3000 T= 3.6951E-02 DT= 1.2316E-05 ERR= -9.0% DM/M= 0.0000E+00
 ELAPSED TIME=          0.65 s  REMAINING TIME=          1.11 s
 NC=    3100 T= 3.8182E-02 DT= 1.2316E-05 ERR= -9.1% DM/M= 0.0000E+00
 ELAPSED TIME=          0.67 s  REMAINING TIME=          1.08 s
 NC=    3200 T= 3.9414E-02 DT= 1.2316E-05 ERR= -9.1% DM/M= 0.0000E+00
 ELAPSED TIME=          0.69 s  REMAINING TIME=          1.06 s
 NC=    3300 T= 4.0645E-02 DT= 1.2316E-05 ERR= -9.1% DM/M= 0.0000E+00
 ELAPSED TIME=          0.71 s  REMAINING TIME=          1.04 s
 NC=    3400 T= 4.1877E-02 DT= 1.2316E-05 ERR= -9.1% DM/M= 0.0000E+00
 ELAPSED TIME=          0.73 s  REMAINING TIME=          1.01 s
 NC=    3500 T= 4.3109E-02 DT= 1.2316E-05 ERR= -9.2% DM/M= 0.0000E+00
 ELAPSED TIME=          0.75 s  REMAINING TIME=          0.99 s
 NC=    3600 T= 4.4340E-02 DT= 1.2316E-05 ERR= -9.2% DM/M= 0.0000E+00
 ELAPSED TIME=          0.77 s  REMAINING TIME=          0.97 s
 NC=    3700 T= 4.5572E-02 DT= 1.2316E-05 ERR= -9.2% DM/M= 0.0000E+00
 ELAPSED TIME=          0.79 s  REMAINING TIME=          0.94 s
 NC=    3800 T= 4.6804E-02 DT= 1.2316E-05 ERR= -9.2% DM/M= 0.0000E+00
 ELAPSED TIME=          0.81 s  REMAINING TIME=          0.92 s
 NC=    3900 T= 4.8035E-02 DT= 1.2316E-05 ERR= -9.3% DM/M= 0.0000E+00
 ELAPSED TIME=          0.83 s  REMAINING TIME=          0.90 s
 NC=    4000 T= 4.9267E-02 DT= 1.2316E-05 ERR= -9.3% DM/M= 0.0000E+00
 ELAPSED TIME=          0.85 s  REMAINING TIME=          0.88 s
     ANIMATION FILE: A24_CONNECTED_EXTENSION_S1_N4A003 WRITTEN
 NC=    4100 T= 5.0498E-02 DT= 1.2316E-05 ERR= -9.3% DM/M= 0.0000E+00
 ELAPSED TIME=          0.87 s  REMAINING TIME=          0.85 s
 NC=    4200 T= 5.1730E-02 DT= 1.2316E-05 ERR= -9.3% DM/M= 0.0000E+00
 ELAPSED TIME=          0.89 s  REMAINING TIME=          0.83 s
 NC=    4300 T= 5.2961E-02 DT= 1.2316E-05 ERR= -9.3% DM/M= 0.0000E+00
 ELAPSED TIME=          0.91 s  REMAINING TIME=          0.81 s
 NC=    4400 T= 5.4193E-02 DT= 1.2316E-05 ERR= -9.3% DM/M= 0.0000E+00
 ELAPSED TIME=          0.93 s  REMAINING TIME=          0.79 s
 NC=    4500 T= 5.5425E-02 DT= 1.2316E-05 ERR= -9.3% DM/M= 0.0000E+00
 ELAPSED TIME=          0.95 s  REMAINING TIME=          0.76 s
 NC=    4600 T= 5.6656E-02 DT= 1.2316E-05 ERR= -9.3% DM/M= 0.0000E+00
 ELAPSED TIME=          0.97 s  REMAINING TIME=          0.74 s
 NC=    4700 T= 5.7888E-02 DT= 1.2316E-05 ERR= -9.4% DM/M= 0.0000E+00
 ELAPSED TIME=          0.99 s  REMAINING TIME=          0.72 s
 NC=    4800 T= 5.9119E-02 DT= 1.2316E-05 ERR= -9.4% DM/M= 0.0000E+00
 ELAPSED TIME=          1.01 s  REMAINING TIME=          0.70 s
 NC=    4900 T= 6.0351E-02 DT= 1.2315E-05 ERR= -9.4% DM/M= 0.0000E+00
 ELAPSED TIME=          1.03 s  REMAINING TIME=          0.68 s
 NC=    5000 T= 6.1582E-02 DT= 1.2315E-05 ERR= -9.4% DM/M= 0.0000E+00
 ELAPSED TIME=          1.05 s  REMAINING TIME=          0.65 s
 NC=    5100 T= 6.2814E-02 DT= 1.2315E-05 ERR= -9.4% DM/M= 0.0000E+00
 ELAPSED TIME=          1.07 s  REMAINING TIME=          0.63 s
 NC=    5200 T= 6.4045E-02 DT= 1.2315E-05 ERR= -9.4% DM/M= 0.0000E+00
 ELAPSED TIME=          1.09 s  REMAINING TIME=          0.61 s
 NC=    5300 T= 6.5277E-02 DT= 1.2315E-05 ERR= -9.4% DM/M= 0.0000E+00
 ELAPSED TIME=          1.11 s  REMAINING TIME=          0.59 s
 NC=    5400 T= 6.6509E-02 DT= 1.2315E-05 ERR= -9.4% DM/M= 0.0000E+00
 ELAPSED TIME=          1.13 s  REMAINING TIME=          0.57 s
 NC=    5500 T= 6.7740E-02 DT= 1.2315E-05 ERR= -9.4% DM/M= 0.0000E+00
 ELAPSED TIME=          1.15 s  REMAINING TIME=          0.55 s
 NC=    5600 T= 6.8972E-02 DT= 1.2315E-05 ERR= -9.4% DM/M= 0.0000E+00
 ELAPSED TIME=          1.17 s  REMAINING TIME=          0.53 s
 NC=    5700 T= 7.0203E-02 DT= 1.2315E-05 ERR= -9.4% DM/M= 0.0000E+00
 ELAPSED TIME=          1.20 s  REMAINING TIME=          0.51 s
 NC=    5800 T= 7.1435E-02 DT= 1.2315E-05 ERR= -9.4% DM/M= 0.0000E+00
 ELAPSED TIME=          1.22 s  REMAINING TIME=          0.49 s
 NC=    5900 T= 7.2666E-02 DT= 1.2315E-05 ERR= -9.4% DM/M= 0.0000E+00
 ELAPSED TIME=          1.24 s  REMAINING TIME=          0.47 s
 NC=    6000 T= 7.3898E-02 DT= 1.2315E-05 ERR= -9.4% DM/M= 0.0000E+00
 ELAPSED TIME=          1.26 s  REMAINING TIME=          0.44 s
     ANIMATION FILE: A24_CONNECTED_EXTENSION_S1_N4A004 WRITTEN
 NC=    6100 T= 7.5129E-02 DT= 1.2315E-05 ERR= -9.5% DM/M= 0.0000E+00
 ELAPSED TIME=          1.28 s  REMAINING TIME=          0.42 s
 NC=    6200 T= 7.6361E-02 DT= 1.2315E-05 ERR= -9.5% DM/M= 0.0000E+00
 ELAPSED TIME=          1.30 s  REMAINING TIME=          0.40 s
 NC=    6300 T= 7.7592E-02 DT= 1.2315E-05 ERR= -9.5% DM/M= 0.0000E+00
 ELAPSED TIME=          1.32 s  REMAINING TIME=          0.38 s
 NC=    6400 T= 7.8824E-02 DT= 1.2315E-05 ERR= -9.5% DM/M= 0.0000E+00
 ELAPSED TIME=          1.34 s  REMAINING TIME=          0.36 s
 NC=    6500 T= 8.0055E-02 DT= 1.2315E-05 ERR= -9.5% DM/M= 0.0000E+00
 ELAPSED TIME=          1.36 s  REMAINING TIME=          0.34 s
 NC=    6600 T= 8.1287E-02 DT= 1.2315E-05 ERR= -9.5% DM/M= 0.0000E+00
 ELAPSED TIME=          1.38 s  REMAINING TIME=          0.32 s
 NC=    6700 T= 8.2518E-02 DT= 1.2315E-05 ERR= -9.5% DM/M= 0.0000E+00
 ELAPSED TIME=          1.40 s  REMAINING TIME=          0.30 s
 NC=    6800 T= 8.3750E-02 DT= 1.2315E-05 ERR= -9.5% DM/M= 0.0000E+00
 ELAPSED TIME=          1.42 s  REMAINING TIME=          0.27 s
 NC=    6900 T= 8.4981E-02 DT= 1.2315E-05 ERR= -9.5% DM/M= 0.0000E+00
 ELAPSED TIME=          1.43 s  REMAINING TIME=          0.25 s
 NC=    7000 T= 8.6213E-02 DT= 1.2315E-05 ERR= -9.5% DM/M= 0.0000E+00
 ELAPSED TIME=          1.45 s  REMAINING TIME=          0.23 s
 NC=    7100 T= 8.7444E-02 DT= 1.2315E-05 ERR= -9.5% DM/M= 0.0000E+00
 ELAPSED TIME=          1.47 s  REMAINING TIME=          0.21 s
 NC=    7200 T= 8.8675E-02 DT= 1.2315E-05 ERR= -9.5% DM/M= 0.0000E+00
 ELAPSED TIME=          1.49 s  REMAINING TIME=          0.19 s
 NC=    7300 T= 8.9907E-02 DT= 1.2315E-05 ERR= -9.5% DM/M= 0.0000E+00
 ELAPSED TIME=          1.51 s  REMAINING TIME=          0.17 s
 NC=    7400 T= 9.1138E-02 DT= 1.2315E-05 ERR= -9.5% DM/M= 0.0000E+00
 ELAPSED TIME=          1.53 s  REMAINING TIME=          0.15 s
 NC=    7500 T= 9.2370E-02 DT= 1.2315E-05 ERR= -9.5% DM/M= 0.0000E+00
 ELAPSED TIME=          1.55 s  REMAINING TIME=          0.13 s
 NC=    7600 T= 9.3601E-02 DT= 1.2315E-05 ERR= -9.5% DM/M= 0.0000E+00
 ELAPSED TIME=          1.57 s  REMAINING TIME=          0.11 s
 NC=    7700 T= 9.4833E-02 DT= 1.2315E-05 ERR= -9.5% DM/M= 0.0000E+00
 ELAPSED TIME=          1.59 s  REMAINING TIME=          0.09 s
 NC=    7800 T= 9.6064E-02 DT= 1.2315E-05 ERR= -9.5% DM/M= 0.0000E+00
 ELAPSED TIME=          1.61 s  REMAINING TIME=          0.07 s
 NC=    7900 T= 9.7296E-02 DT= 1.2315E-05 ERR= -9.5% DM/M= 0.0000E+00
 ELAPSED TIME=          1.63 s  REMAINING TIME=          0.05 s
 NC=    8000 T= 9.8527E-02 DT= 1.2315E-05 ERR= -9.5% DM/M= 0.0000E+00
 ELAPSED TIME=          1.65 s  REMAINING TIME=          0.02 s
 NC=    8100 T= 9.9759E-02 DT= 1.2315E-05 ERR= -9.5% DM/M= 0.0000E+00
 ELAPSED TIME=          1.67 s  REMAINING TIME=          0.00 s
     RESTART FILES: A24_CONNECTED_EXTENSION_S1_N4_0001_[0001-0001].rst WRITTEN
     ANIMATION FILE: A24_CONNECTED_EXTENSION_S1_N4A005 WRITTEN
  
                           ** CPU USER TIME **
  
  
                        ** SUMMARY **
  
 #PROC  CONTSORT  CONTFOR   ELEMENT   KINCOND   INTEG     IO        T0        ASM       RESOL    
   1   .1562E+00 .1562E-01 .9062E+00 .4688E-01 .4688E-01 .7812E-01 .2500E+00 .1562E-01 .1641E+01
 
                   ** CUMULATIVE CPU TIME SUMMARY **
  
 CONTACT SORTING.............: .1562E+00     9.52 % 
 CONTACT FORCES..............: .1562E-01     0.95 % 
 ELEMENT FORCES..............: .9062E+00    55.24 % 
 KINEMATIC COND..............: .4688E-01     2.86 % 
 INTEGRATION.................: .4688E-01     2.86 % 
 ASSEMBLING..................: .1562E-01     0.95 % 
 OTHERS (including I/O)......: .4531E+00    27.62 % 
 TOTAL.......................: .1641E+01   100.00 % 
  
                   ** MEMORY USAGE STATISTICS **
  
 TOTAL MEMORY USED .........................:       60 MB
 MAXIMUM MEMORY PER PROCESSOR...............:       60 MB
 MINIMUM MEMORY PER PROCESSOR...............:       60 MB
 AVERAGE MEMORY PER PROCESSOR...............:       60 MB
  
                   ** DISK USAGE STATISTICS **
  
 TOTAL DISK SPACE USED .....................:          1 MB
 ANIMATION/H3D/TH/OUTP SIZE ................:          0 MB
 RESTART FILE SIZE .........................:          1 MB
  
 ELAPSED TIME     =          1.68 s
                          0:00:01
  
     NORMAL TERMINATION      
     TOTAL NUMBER OF CYCLES  :    8121
