************************************************************************
**                                                                    **
**                                                                    **
**                         OpenRadioss Engine                         **
**                                                                    **
**            Non-linear Finite Element Analysis Software             **
**                                                                    **
**                                                                    **
**                                                                    **
**                  Windows 64 bits, Intel compiler                   **
**                      Double Precision Version                      **
**                                                                    **
**                                                                    **
**                                                                    **
************************************************************************
** OpenRadioss Software                                               **
** COPYRIGHT (C) 2026 Siemens                                         **
** Licensed under GNU Affero General Public License.                  **
** See License file.                                                  **
************************************************************************
 
 ROOT: I02IH_ELASTIC_012P5NS  RESTART: 0001
 NUMBER OF HMPP PROCESSES     1
 04/10/2026
 NC=       0 T= 0.0000E+00 DT= 1.2500E-05 ERR=  0.0% DM/M= 0.0000E+00
 NC=     100 T= 1.2500E-03 DT= 1.2500E-05 ERR=  0.0% DM/M= 0.0000E+00
 ELAPSED TIME=          0.04 s  REMAINING TIME=          3.49 s
 NC=     200 T= 2.5000E-03 DT= 1.2500E-05 ERR=  0.0% DM/M= 0.0000E+00
 ELAPSED TIME=          0.05 s  REMAINING TIME=          2.04 s
 NC=     300 T= 3.7500E-03 DT= 1.2500E-05 ERR=  0.0% DM/M= 0.0000E+00
 ELAPSED TIME=          0.06 s  REMAINING TIME=          1.54 s
 NC=     400 T= 5.0000E-03 DT= 1.2500E-05 ERR=  0.0% DM/M= 0.0000E+00
 ELAPSED TIME=          0.06 s  REMAINING TIME=          1.30 s
 NC=     500 T= 6.2500E-03 DT= 1.2500E-05 ERR=  0.0% DM/M= 0.0000E+00
 ELAPSED TIME=          0.07 s  REMAINING TIME=          1.15 s
 NC=     600 T= 7.5000E-03 DT= 1.2500E-05 ERR=  0.0% DM/M= 0.0000E+00
 ELAPSED TIME=          0.08 s  REMAINING TIME=          1.04 s
 NC=     700 T= 8.7500E-03 DT= 1.2500E-05 ERR=  0.0% DM/M= 0.0000E+00
 ELAPSED TIME=          0.08 s  REMAINING TIME=          0.96 s
 NC=     800 T= 1.0000E-02 DT= 1.2500E-05 ERR=  0.0% DM/M= 0.0000E+00
 ELAPSED TIME=          0.09 s  REMAINING TIME=          0.91 s
 NC=     900 T= 1.1250E-02 DT= 1.2500E-05 ERR=  0.0% DM/M= 0.0000E+00
 ELAPSED TIME=          0.10 s  REMAINING TIME=          0.86 s
 NC=    1000 T= 1.2500E-02 DT= 1.2500E-05 ERR=  0.0% DM/M= 0.0000E+00
 ELAPSED TIME=          0.11 s  REMAINING TIME=          0.81 s
 NC=    1100 T= 1.3750E-02 DT= 1.2500E-05 ERR=  0.0% DM/M= 0.0000E+00
 ELAPSED TIME=          0.11 s  REMAINING TIME=          0.78 s
 NC=    1200 T= 1.5000E-02 DT= 1.2500E-05 ERR=  0.0% DM/M= 0.0000E+00
 ELAPSED TIME=          0.12 s  REMAINING TIME=          0.75 s
 NC=    1300 T= 1.6250E-02 DT= 1.2500E-05 ERR=  0.0% DM/M= 0.0000E+00
 ELAPSED TIME=          0.13 s  REMAINING TIME=          0.72 s
 NC=    1400 T= 1.7500E-02 DT= 1.2500E-05 ERR=  0.0% DM/M= 0.0000E+00
 ELAPSED TIME=          0.13 s  REMAINING TIME=          0.70 s
 NC=    1500 T= 1.8750E-02 DT= 1.2500E-05 ERR=  0.0% DM/M= 0.0000E+00
 ELAPSED TIME=          0.14 s  REMAINING TIME=          0.67 s
 NC=    1600 T= 2.0000E-02 DT= 1.2500E-05 ERR=  0.0% DM/M= 0.0000E+00
 ELAPSED TIME=          0.15 s  REMAINING TIME=          0.65 s
 NC=    1700 T= 2.1250E-02 DT= 1.2500E-05 ERR=  0.0% DM/M= 0.0000E+00
 ELAPSED TIME=          0.15 s  REMAINING TIME=          0.63 s
 NC=    1800 T= 2.2500E-02 DT= 1.2500E-05 ERR=  0.0% DM/M= 0.0000E+00
 ELAPSED TIME=          0.16 s  REMAINING TIME=          0.61 s
 NC=    1900 T= 2.3750E-02 DT= 1.2500E-05 ERR=  0.0% DM/M= 0.0000E+00
 ELAPSED TIME=          0.17 s  REMAINING TIME=          0.59 s
 NC=    2000 T= 2.5000E-02 DT= 1.2500E-05 ERR=  0.0% DM/M= 0.0000E+00
 ELAPSED TIME=          0.17 s  REMAINING TIME=          0.58 s
 NC=    2100 T= 2.6250E-02 DT= 1.2500E-05 ERR=  0.0% DM/M= 0.0000E+00
 ELAPSED TIME=          0.18 s  REMAINING TIME=          0.56 s
 NC=    2200 T= 2.7500E-02 DT= 1.2500E-05 ERR=  0.0% DM/M= 0.0000E+00
 ELAPSED TIME=          0.19 s  REMAINING TIME=          0.55 s
 NC=    2300 T= 2.8750E-02 DT= 1.2500E-05 ERR=  0.0% DM/M= 0.0000E+00
 ELAPSED TIME=          0.19 s  REMAINING TIME=          0.53 s
 NC=    2400 T= 3.0000E-02 DT= 1.2500E-05 ERR=  0.0% DM/M= 0.0000E+00
 ELAPSED TIME=          0.20 s  REMAINING TIME=          0.52 s
 NC=    2500 T= 3.1250E-02 DT= 1.2500E-05 ERR=  0.0% DM/M= 0.0000E+00
 ELAPSED TIME=          0.20 s  REMAINING TIME=          0.50 s
 NC=    2600 T= 3.2500E-02 DT= 1.2500E-05 ERR=  0.0% DM/M= 0.0000E+00
 ELAPSED TIME=          0.21 s  REMAINING TIME=          0.49 s
 NC=    2700 T= 3.3750E-02 DT= 1.2500E-05 ERR=  0.0% DM/M= 0.0000E+00
 ELAPSED TIME=          0.22 s  REMAINING TIME=          0.48 s
 NC=    2800 T= 3.5000E-02 DT= 1.2500E-05 ERR=  0.0% DM/M= 0.0000E+00
 ELAPSED TIME=          0.22 s  REMAINING TIME=          0.47 s
 NC=    2900 T= 3.6250E-02 DT= 1.2500E-05 ERR=  0.0% DM/M= 0.0000E+00
 ELAPSED TIME=          0.23 s  REMAINING TIME=          0.46 s
 NC=    3000 T= 3.7500E-02 DT= 1.2500E-05 ERR=  0.0% DM/M= 0.0000E+00
 ELAPSED TIME=          0.24 s  REMAINING TIME=          0.45 s
 NC=    3100 T= 3.8750E-02 DT= 1.2500E-05 ERR=  0.0% DM/M= 0.0000E+00
 ELAPSED TIME=          0.24 s  REMAINING TIME=          0.44 s
 NC=    3200 T= 4.0000E-02 DT= 1.2500E-05 ERR=  0.0% DM/M= 0.0000E+00
 ELAPSED TIME=          0.25 s  REMAINING TIME=          0.43 s
 NC=    3300 T= 4.1250E-02 DT= 1.2500E-05 ERR=  0.0% DM/M= 0.0000E+00
 ELAPSED TIME=          0.26 s  REMAINING TIME=          0.42 s
 NC=    3400 T= 4.2500E-02 DT= 1.2500E-05 ERR=  0.0% DM/M= 0.0000E+00
 ELAPSED TIME=          0.26 s  REMAINING TIME=          0.41 s
 NC=    3500 T= 4.3750E-02 DT= 1.2500E-05 ERR=  0.0% DM/M= 0.0000E+00
 ELAPSED TIME=          0.27 s  REMAINING TIME=          0.40 s
 NC=    3600 T= 4.5000E-02 DT= 1.2500E-05 ERR=  0.0% DM/M= 0.0000E+00
 ELAPSED TIME=          0.27 s  REMAINING TIME=          0.39 s
 NC=    3700 T= 4.6250E-02 DT= 1.2500E-05 ERR=  0.0% DM/M= 0.0000E+00
 ELAPSED TIME=          0.28 s  REMAINING TIME=          0.38 s
 NC=    3800 T= 4.7500E-02 DT= 1.2500E-05 ERR=  0.0% DM/M= 0.0000E+00
 ELAPSED TIME=          0.29 s  REMAINING TIME=          0.37 s
 NC=    3900 T= 4.8750E-02 DT= 1.2500E-05 ERR=  0.0% DM/M= 0.0000E+00
 ELAPSED TIME=          0.29 s  REMAINING TIME=          0.36 s
 NC=    4000 T= 5.0000E-02 DT= 1.2500E-05 ERR=  0.0% DM/M= 0.0000E+00
 ELAPSED TIME=          0.30 s  REMAINING TIME=          0.35 s
 NC=    4100 T= 5.1250E-02 DT= 1.2500E-05 ERR=  0.0% DM/M= 0.0000E+00
 ELAPSED TIME=          0.30 s  REMAINING TIME=          0.34 s
 NC=    4200 T= 5.2500E-02 DT= 1.2500E-05 ERR=  0.0% DM/M= 0.0000E+00
 ELAPSED TIME=          0.31 s  REMAINING TIME=          0.33 s
 NC=    4300 T= 5.3750E-02 DT= 1.2500E-05 ERR=  0.0% DM/M= 0.0000E+00
 ELAPSED TIME=          0.32 s  REMAINING TIME=          0.32 s
 NC=    4400 T= 5.5000E-02 DT= 1.2500E-05 ERR=  0.0% DM/M= 0.0000E+00
 ELAPSED TIME=          0.32 s  REMAINING TIME=          0.31 s
 NC=    4500 T= 5.6250E-02 DT= 1.2500E-05 ERR=  0.0% DM/M= 0.0000E+00
 ELAPSED TIME=          0.33 s  REMAINING TIME=          0.31 s
 NC=    4600 T= 5.7500E-02 DT= 1.2500E-05 ERR=  0.0% DM/M= 0.0000E+00
 ELAPSED TIME=          0.34 s  REMAINING TIME=          0.30 s
 NC=    4700 T= 5.8750E-02 DT= 1.2500E-05 ERR=  0.0% DM/M= 0.0000E+00
 ELAPSED TIME=          0.34 s  REMAINING TIME=          0.29 s
 NC=    4800 T= 6.0000E-02 DT= 1.2500E-05 ERR=  0.0% DM/M= 0.0000E+00
 ELAPSED TIME=          0.35 s  REMAINING TIME=          0.28 s
 NC=    4900 T= 6.1250E-02 DT= 1.2500E-05 ERR=  0.0% DM/M= 0.0000E+00
 ELAPSED TIME=          0.36 s  REMAINING TIME=          0.27 s
 NC=    5000 T= 6.2500E-02 DT= 1.2500E-05 ERR=  0.0% DM/M= 0.0000E+00
 ELAPSED TIME=          0.36 s  REMAINING TIME=          0.27 s
 NC=    5100 T= 6.3750E-02 DT= 1.2500E-05 ERR=  0.0% DM/M= 0.0000E+00
 ELAPSED TIME=          0.37 s  REMAINING TIME=          0.26 s
 NC=    5200 T= 6.5000E-02 DT= 1.2500E-05 ERR=  0.0% DM/M= 0.0000E+00
 ELAPSED TIME=          0.37 s  REMAINING TIME=          0.25 s
 NC=    5300 T= 6.6250E-02 DT= 1.2500E-05 ERR=  0.0% DM/M= 0.0000E+00
 ELAPSED TIME=          0.38 s  REMAINING TIME=          0.24 s
 NC=    5400 T= 6.7500E-02 DT= 1.2500E-05 ERR=  0.0% DM/M= 0.0000E+00
 ELAPSED TIME=          0.39 s  REMAINING TIME=          0.23 s
 NC=    5500 T= 6.8750E-02 DT= 1.2500E-05 ERR=  0.0% DM/M= 0.0000E+00
 ELAPSED TIME=          0.39 s  REMAINING TIME=          0.23 s
 NC=    5600 T= 7.0000E-02 DT= 1.2500E-05 ERR=  0.0% DM/M= 0.0000E+00
 ELAPSED TIME=          0.40 s  REMAINING TIME=          0.22 s
 NC=    5700 T= 7.1250E-02 DT= 1.2500E-05 ERR=  0.0% DM/M= 0.0000E+00
 ELAPSED TIME=          0.40 s  REMAINING TIME=          0.21 s
 NC=    5800 T= 7.2500E-02 DT= 1.2500E-05 ERR=  0.0% DM/M= 0.0000E+00
 ELAPSED TIME=          0.41 s  REMAINING TIME=          0.20 s
 NC=    5900 T= 7.3750E-02 DT= 1.2500E-05 ERR=  0.0% DM/M= 0.0000E+00
 ELAPSED TIME=          0.42 s  REMAINING TIME=          0.20 s
 NC=    6000 T= 7.5000E-02 DT= 1.2500E-05 ERR=  0.0% DM/M= 0.0000E+00
 ELAPSED TIME=          0.42 s  REMAINING TIME=          0.19 s
 NC=    6100 T= 7.6250E-02 DT= 1.2500E-05 ERR=  0.0% DM/M= 0.0000E+00
 ELAPSED TIME=          0.43 s  REMAINING TIME=          0.18 s
 NC=    6200 T= 7.7500E-02 DT= 1.2500E-05 ERR=  0.0% DM/M= 0.0000E+00
 ELAPSED TIME=          0.44 s  REMAINING TIME=          0.17 s
 NC=    6300 T= 7.8750E-02 DT= 1.2500E-05 ERR=  0.0% DM/M= 0.0000E+00
 ELAPSED TIME=          0.44 s  REMAINING TIME=          0.17 s
 NC=    6400 T= 8.0000E-02 DT= 1.2500E-05 ERR=  0.0% DM/M= 0.0000E+00
 ELAPSED TIME=          0.45 s  REMAINING TIME=          0.16 s
 NC=    6500 T= 8.1250E-02 DT= 1.2500E-05 ERR=  0.0% DM/M= 0.0000E+00
 ELAPSED TIME=          0.46 s  REMAINING TIME=          0.15 s
 NC=    6600 T= 8.2500E-02 DT= 1.2500E-05 ERR=  0.0% DM/M= 0.0000E+00
 ELAPSED TIME=          0.46 s  REMAINING TIME=          0.14 s
 NC=    6700 T= 8.3750E-02 DT= 1.2500E-05 ERR=  0.0% DM/M= 0.0000E+00
 ELAPSED TIME=          0.47 s  REMAINING TIME=          0.14 s
 NC=    6800 T= 8.5000E-02 DT= 1.2500E-05 ERR=  0.0% DM/M= 0.0000E+00
 ELAPSED TIME=          0.47 s  REMAINING TIME=          0.13 s
 NC=    6900 T= 8.6250E-02 DT= 1.2500E-05 ERR=  0.0% DM/M= 0.0000E+00
 ELAPSED TIME=          0.48 s  REMAINING TIME=          0.12 s
 NC=    7000 T= 8.7500E-02 DT= 1.2500E-05 ERR=  0.0% DM/M= 0.0000E+00
 ELAPSED TIME=          0.49 s  REMAINING TIME=          0.12 s
 NC=    7100 T= 8.8750E-02 DT= 1.2500E-05 ERR=  0.0% DM/M= 0.0000E+00
 ELAPSED TIME=          0.49 s  REMAINING TIME=          0.11 s
 NC=    7200 T= 9.0000E-02 DT= 1.2500E-05 ERR=  0.0% DM/M= 0.0000E+00
 ELAPSED TIME=          0.50 s  REMAINING TIME=          0.10 s
 NC=    7300 T= 9.1250E-02 DT= 1.2500E-05 ERR=  0.0% DM/M= 0.0000E+00
 ELAPSED TIME=          0.50 s  REMAINING TIME=          0.09 s
 NC=    7400 T= 9.2500E-02 DT= 1.2500E-05 ERR=  0.0% DM/M= 0.0000E+00
 ELAPSED TIME=          0.51 s  REMAINING TIME=          0.09 s
 NC=    7500 T= 9.3750E-02 DT= 1.2500E-05 ERR=  0.0% DM/M= 0.0000E+00
 ELAPSED TIME=          0.52 s  REMAINING TIME=          0.08 s
 NC=    7600 T= 9.5000E-02 DT= 1.2500E-05 ERR=  0.0% DM/M= 0.0000E+00
 ELAPSED TIME=          0.52 s  REMAINING TIME=          0.07 s
 NC=    7700 T= 9.6250E-02 DT= 1.2500E-05 ERR=  0.0% DM/M= 0.0000E+00
 ELAPSED TIME=          0.53 s  REMAINING TIME=          0.07 s
 NC=    7800 T= 9.7500E-02 DT= 1.2500E-05 ERR=  0.0% DM/M= 0.0000E+00
 ELAPSED TIME=          0.54 s  REMAINING TIME=          0.06 s
 NC=    7900 T= 9.8750E-02 DT= 1.2500E-05 ERR=  0.0% DM/M= 0.0000E+00
 ELAPSED TIME=          0.54 s  REMAINING TIME=          0.05 s
 NC=    8000 T= 1.0000E-01 DT= 1.2500E-05 ERR=  0.0% DM/M= 0.0000E+00
 ELAPSED TIME=          0.55 s  REMAINING TIME=          0.05 s
 NC=    8100 T= 1.0125E-01 DT= 1.2500E-05 ERR=  0.0% DM/M= 0.0000E+00
 ELAPSED TIME=          0.55 s  REMAINING TIME=          0.04 s
 NC=    8200 T= 1.0250E-01 DT= 1.2500E-05 ERR=  0.0% DM/M= 0.0000E+00
 ELAPSED TIME=          0.56 s  REMAINING TIME=          0.03 s
 NC=    8300 T= 1.0375E-01 DT= 1.2500E-05 ERR=  0.0% DM/M= 0.0000E+00
 ELAPSED TIME=          0.57 s  REMAINING TIME=          0.03 s
 NC=    8400 T= 1.0500E-01 DT= 1.2500E-05 ERR=  0.0% DM/M= 0.0000E+00
 ELAPSED TIME=          0.57 s  REMAINING TIME=          0.02 s
 NC=    8500 T= 1.0625E-01 DT= 1.2500E-05 ERR=  0.0% DM/M= 0.0000E+00
 ELAPSED TIME=          0.58 s  REMAINING TIME=          0.01 s
 NC=    8600 T= 1.0750E-01 DT= 1.2500E-05 ERR=  0.0% DM/M= 0.0000E+00
 ELAPSED TIME=          0.59 s  REMAINING TIME=          0.00 s
     RESTART FILES: I02IH_ELASTIC_012P5NS_0001_[0001-0001].rst WRITTEN
  
                           ** CPU USER TIME **
  
  
                        ** SUMMARY **
  
 #PROC  ELEMENT   KINCOND   INTEG     IO        T0        ASM       RESOL    
   1   .0000E+00 .4688E-01 .1562E-01 .1875E+00 .9375E-01 .3125E-01 .5625E+00
 
                   ** CUMULATIVE CPU TIME SUMMARY **
  
 CONTACT SORTING.............: .0000E+00     0.00 % 
 CONTACT FORCES..............: .0000E+00     0.00 % 
 ELEMENT FORCES..............: .0000E+00     0.00 % 
 KINEMATIC COND..............: .4688E-01     8.33 % 
 INTEGRATION.................: .1562E-01     2.78 % 
 ASSEMBLING..................: .3125E-01     5.56 % 
 OTHERS (including I/O)......: .4688E+00    83.33 % 
 TOTAL.......................: .5625E+00   100.00 % 
  
                   ** MEMORY USAGE STATISTICS **
  
 TOTAL MEMORY USED .........................:       46 MB
 MAXIMUM MEMORY PER PROCESSOR...............:       46 MB
 MINIMUM MEMORY PER PROCESSOR...............:       46 MB
 AVERAGE MEMORY PER PROCESSOR...............:       46 MB
  
                   ** DISK USAGE STATISTICS **
  
 TOTAL DISK SPACE USED .....................:          1 MB
 ANIMATION/H3D/TH/OUTP SIZE ................:          1 MB
 RESTART FILE SIZE .........................:          0 MB
  
 ELAPSED TIME     =          0.59 s
                          0:00:00
  
     NORMAL TERMINATION      
     TOTAL NUMBER OF CYCLES  :    8673
