 I02IH_ELASTIC_012P5NS_0001.out
************************************************************************
**                                                                    **
**                                                                    **
**                         OpenRadioss Engine                         **
**                                                                    **
**            Non-linear Finite Element Analysis Software             **
**                                                                    **
**                                                                    **
**                                                                    **
**                  Windows 64 bits, Intel compiler                   **
**                      Double Precision Version                      **
**                                                                    **
**                                                                    **
**                                                                    **
************************************************************************
** OpenRadioss Software                                               **
** COPYRIGHT (C) 2026 Siemens                                         **
** Licensed under GNU Affero General Public License.                  **
** See License file.                                                  **
************************************************************************
 
 NUMBER OF SPMD DOMAINS           1
 NUMBER OF THREADS PER DOMAIN     1
 NUMBER OF HMPP PROCESSES         1
  
 COMPUTATION HARDWARE DESCRIPTION
  
 HOSTNAME     CPU TYPE, FREQUENCY AND MEMORY
 jeux   AMD Ryzen 5 5600 6-Core Processor               (x86_64), 3700 MHz,   6624 MB RAM,  18217 MB swap
  
 STACKSIZE  . . . . . . . . . . . . . . . . . . . . 1430 MB
 THREAD STACKSIZE . . . . . . . . . . . . . . . . . 400 MB
 
************************************************************************


 I02IH_ELASTIC_012P5NSD01                                                        


 FINAL TIME . . . . . . . . . . . . . . . . . . .  0.1084053    

 TIME INTERVAL FOR TIME HISTORY PLOTS . . . . . .  0.1000000E-05

 TIME STEP SCALE FACTOR . . . . . . . . . . . . .  0.2000000    

 MINIMUM TIME STEP  . . . . . . . . . . . . . . .   0.000000    


 BRICK TIME STEP SCALE FACTOR . . . . . . . . . .  0.2000000    
 BRICK MINIMUM TIME STEP. . . . . . . . . . . . .   0.000000    
 MIN. TIME STEP FLAG (1:STOP RUN, 2:DELETE BRICK)     1

 QUAD TIME STEP SCALE FACTOR. . . . . . . . . . .  0.2000000    
 QUAD MINIMUM TIME STEP . . . . . . . . . . . . .   0.000000    
 MIN. TIME STEP FLAG (1:STOP RUN, 2:DELETE QUAD).     1

 SHELL TIME STEP SCALE FACTOR . . . . . . . . . .  0.2000000    
 SHELL MINIMUM TIME STEP. . . . . . . . . . . . .   0.000000    
 MIN. TIME FLAG (1:STOP, 2:DELETE, 3:SMALL STRAIN)    2

 TRUSS TIME STEP SCALE FACTOR . . . . . . . . . .  0.2000000    
 TRUSS MINIMUM TIME STEP. . . . . . . . . . . . .   0.000000    
 MIN. TIME FLAG (1:STOP, 2:DELETE). . . . . . . .     0

 BEAM TIME STEP SCALE FACTOR. . . . . . . . . . .  0.2000000    
 BEAM MINIMUM TIME STEP . . . . . . . . . . . . .   0.000000    
 MIN. TIME FLAG (1:STOP, 2:DELETE). . . . . . . .     0

 SPRING TIME STEP SCALE FACTOR. . . . . . . . . .  0.2000000    
 SPRING MINIMUM TIME STEP . . . . . . . . . . . .   0.000000    
 MIN. TIME FLAG (1:STOP, 2:DELETE). . . . . . . .     0

 AIRBAG TIME STEP SCALE FACTOR. . . . . . . . . .  0.2000000    
 AIRBAG MINIMUM TIME STEP . . . . . . . . . . . .   0.000000    
 MIN. TIME FLAG (1:STOP). . . . . . . . . . . . .     0

 CONTACT TIME STEP SCALE FACTOR . . . . . . . . .  0.2000000    
 CONTACT MINIMUM TIME STEP. . . . . . . . . . . .   0.000000    
 MIN. TIME FLAG(1:STOP, 2:REMOVE NODE FROM INTERF)    0

 PRINTOUT CYCLE FREQUENCY . . . . . . . . . . . .  -100

 RESTART CYCLE FREQUENCY. . . . . . . . . . . . .   10000000

 MAXIMUM RESTART WRITE BEFORE OVERWRITE . . . . .     0

 INVERS: INPUT DECK VERSION . . . . . . . . . . .  2026
 ITTYP : FLAG FOR TYPE OF T-FILE. . . . . . . . .     4

 INITIAL TIME STEP. . . . . . . . . . . . . . . .  0.1250000E-04
 MAXIMUM TIME STEP. . . . . . . . . . . . . . . .  0.1250000E-04

 PARALLEL ARITHMETIC ON
 NUMBER OF INTERFACES TO BE ELIMINATED. . . . . .        0

 NUMBER OF PARTS TO BE ELIMINATED . . . . . . . .        0

 NUMBER OF SOLID  ELEMENT BLOCKS TO BE ELIMINATED        0

 NUMBER OF QUAD   ELEMENT BLOCKS TO BE ELIMINATED        0

 NUMBER OF SHELL  ELEMENT BLOCKS TO BE ELIMINATED        0

 NUMBER OF TRUSS  ELEMENT BLOCKS TO BE ELIMINATED        0

 NUMBER OF BEAM   ELEMENT BLOCKS TO BE ELIMINATED        0

 NUMBER OF SPRING ELEMENT BLOCKS TO BE ELIMINATED        0

 NUMBER OF SH_3N  ELEMENT BLOCKS TO BE ELIMINATED        0

 NUMBER OF  SPH PARTICLES BLOCKS TO BE ELIMINATED        0

 NUMBER OF RIGID LINKS. . . . . . . . . . . . . .        0

 NUMBER OF NEW BOUNDARY CONDITIONS. . . . . . . .        0


 TIME FOR FIRST ANIMATION-FILE PLOT . . . . . . .  0.1000000E+31
 TIME INTERVAL FOR ANIMATION-FILE PLOTS . . . . .   0.000000    
 TIME TO STOP ANIMATION-FILE PLOTS. . . . . . . .  0.1000000E+21
 SENSOR FOR ANIMATION-FILE PLOTS. . . . . . . . .          0
 TIME INTERVAL FOR SENSOR ANIMATION-FILE PLOTS. .   0.000000    

 VARIABLE SAVED ON ANIMATION FILES (1: YES) :
      PLASTIC STRAIN. . . . . .     0
      DENSITY     (SOLID ONLY).     0
      SPECIFIC ENERGY . . . . .     0
      HOURGLASS ENERGY. . . . .     0
      TEMPERATURE (SOLID ONLY).     0
      THICKNESS   (SHELL ONLY).     0
      PRESSURE    (SOLID ONLY).     0
      VON MISES . . . . . . . .     0
      TURBULENT ENERGY (FLUID).     0
      TURBULENT VISCOSITY(FLUID)    0
      VORTICITY (FLUID) . . . .     0
 NODAL VALUES SAVED ON ANIMATION FILES (1: YES) :
      PRESSURE. . . . . . . . .     0
      DENSITY . . . . . . . . .     0
      TEMPERATURE . . . . . . .     0
 VECTOR SAVED ON ANIMATION FILES (1: YES) :
      VELOCITY VECTOR . . . . .     0
      DISPLACEMENT VECTOR . . .     0
      ACCELERATION VECTOR . . .     0
      CONTACT FORCES. . . . . .     0
      INTERNAL FORCES . . . . .     0
      EXTERNAL FORCES . . . . .     0
      SECTION RBY RWALL FORCES.     0
      ROTATIONAL VELOCITY VECTOR    0
      CONTACT PRESSURE (VECTORS)    0
 SHELL TENSOR SAVED ON ANIMATION FILES (1: YES) :
      MEMBRANE STRESS . . . . .     0
      BENDING STRESS(MOMENT/T^2)    0
      UPPER LAYER STRESS. . . .     0
      LOWER LAYER STRESS. . . .     0
      MEMBRANE STRAIN . . . . .     0
      CURVATURE . . . . . . . .     0
      UPPER LAYER STRAIN. . . .     0
      LOWER LAYER STRAIN. . . .     0
 NODAL MASS SAVED ON ANIMATION FILES (1: YES) :    0
 KEEP DELETED ELEMENT (1: YES) :    0


 04/10/2026
   CYCLE    TIME      TIME-STEP  ELEMENT          ERROR  I-ENERGY    K-ENERGY T  K-ENERGY R  EXT-WORK     MAS.ERR     TOTAL MASS  MASS ADDED
       0   0.000      0.1250E-04 NODE           2   0.0%   0.000      0.5000E-01   0.000       0.000       0.000      0.2000       0.000    
     100  0.1250E-02  0.1250E-04 NODE           2   0.0%  0.1500E-01  0.3500E-01   0.000       0.000       0.000      0.2000       0.000    
     200  0.2500E-02  0.1250E-04 NODE           2   0.0%  0.4200E-01  0.8003E-02   0.000       0.000       0.000      0.2000       0.000    
     300  0.3750E-02  0.1250E-04 NODE           2   0.0%  0.4860E-01  0.1398E-02   0.000       0.000       0.000      0.2000       0.000    
     400  0.5000E-02  0.1250E-04 NODE           2   0.0%  0.2689E-01  0.2311E-01   0.000       0.000       0.000      0.2000       0.000    
     500  0.6250E-02  0.1250E-04 NODE           2   0.0%  0.2908E-02  0.4709E-01   0.000       0.000       0.000      0.2000       0.000    
     600  0.7500E-02  0.1250E-04 NODE           2   0.0%  0.5436E-02  0.4456E-01   0.000       0.000       0.000      0.2000       0.000    
     700  0.8750E-02  0.1250E-04 NODE           2   0.0%  0.3144E-01  0.1856E-01   0.000       0.000       0.000      0.2000       0.000    
     800  0.1000E-01  0.1250E-04 NODE           2   0.0%  0.4972E-01  0.2850E-03   0.000       0.000       0.000      0.2000       0.000    
     900  0.1125E-01  0.1250E-04 NODE           2   0.0%  0.3834E-01  0.1166E-01   0.000       0.000       0.000      0.2000       0.000    
    1000  0.1250E-01  0.1250E-04 NODE           2   0.0%  0.1096E-01  0.3904E-01   0.000       0.000       0.000      0.2000       0.000    
    1100  0.1375E-01  0.1250E-04 NODE           2   0.0%  0.4260E-03  0.4957E-01   0.000       0.000       0.000      0.2000       0.000    
    1200  0.1500E-01  0.1250E-04 NODE           2   0.0%  0.1938E-01  0.3062E-01   0.000       0.000       0.000      0.2000       0.000    
    1300  0.1625E-01  0.1250E-04 NODE           2   0.0%  0.4508E-01  0.4922E-02   0.000       0.000       0.000      0.2000       0.000    
    1400  0.1750E-01  0.1250E-04 NODE           2   0.0%  0.4668E-01  0.3316E-02   0.000       0.000       0.000      0.2000       0.000    
    1500  0.1875E-01  0.1250E-04 NODE           2   0.0%  0.2227E-01  0.2773E-01   0.000       0.000       0.000      0.2000       0.000    
    1600  0.2000E-01  0.1250E-04 NODE           2   0.0%  0.1134E-02  0.4887E-01   0.000       0.000       0.000      0.2000       0.000    
    1700  0.2125E-01  0.1250E-04 NODE           2   0.0%  0.8631E-02  0.4137E-01   0.000       0.000       0.000      0.2000       0.000    
    1800  0.2250E-01  0.1250E-04 NODE           2   0.0%  0.3577E-01  0.1423E-01   0.000       0.000       0.000      0.2000       0.000    
    1900  0.2375E-01  0.1250E-04 NODE           2   0.0%  0.4999E-01  0.1422E-04   0.000       0.000       0.000      0.2000       0.000    
    2000  0.2500E-01  0.1250E-04 NODE           2   0.0%  0.3422E-01  0.1578E-01   0.000       0.000       0.000      0.2000       0.000    
    2100  0.2625E-01  0.1250E-04 NODE           2   0.0%  0.7394E-02  0.4261E-01   0.000       0.000       0.000      0.2000       0.000    
    2200  0.2750E-01  0.1250E-04 NODE           2   0.0%  0.1690E-02  0.4831E-01   0.000       0.000       0.000      0.2000       0.000    
    2300  0.2875E-01  0.1250E-04 NODE           2   0.0%  0.2395E-01  0.2605E-01   0.000       0.000       0.000      0.2000       0.000    
    2400  0.3000E-01  0.1250E-04 NODE           2   0.0%  0.4747E-01  0.2526E-02   0.000       0.000       0.000      0.2000       0.000    
    2500  0.3125E-01  0.1250E-04 NODE           2   0.0%  0.4403E-01  0.5972E-02   0.000       0.000       0.000      0.2000       0.000    
    2600  0.3250E-01  0.1250E-04 NODE           2   0.0%  0.1775E-01  0.3225E-01   0.000       0.000       0.000      0.2000       0.000    
    2700  0.3375E-01  0.1250E-04 NODE           2   0.0%  0.1721E-03  0.4983E-01   0.000       0.000       0.000      0.2000       0.000    
    2800  0.3500E-01  0.1250E-04 NODE           2   0.0%  0.1238E-01  0.3762E-01   0.000       0.000       0.000      0.2000       0.000    
    2900  0.3625E-01  0.1250E-04 NODE           2   0.0%  0.3973E-01  0.1027E-01   0.000       0.000       0.000      0.2000       0.000    
    3000  0.3750E-01  0.1250E-04 NODE           2   0.0%  0.4941E-01  0.5949E-03   0.000       0.000       0.000      0.2000       0.000    
    3100  0.3875E-01  0.1250E-04 NODE           2   0.0%  0.2980E-01  0.2021E-01   0.000       0.000       0.000      0.2000       0.000    
    3200  0.4000E-01  0.1250E-04 NODE           2   0.0%  0.4432E-02  0.4557E-01   0.000       0.000       0.000      0.2000       0.000    
    3300  0.4125E-01  0.1250E-04 NODE           2   0.0%  0.3747E-02  0.4625E-01   0.000       0.000       0.000      0.2000       0.000    
    3400  0.4250E-01  0.1250E-04 NODE           2   0.0%  0.2856E-01  0.2144E-01   0.000       0.000       0.000      0.2000       0.000    
    3500  0.4375E-01  0.1250E-04 NODE           2   0.0%  0.4910E-01  0.8962E-03   0.000       0.000       0.000      0.2000       0.000    
    3600  0.4500E-01  0.1250E-04 NODE           2   0.0%  0.4072E-01  0.9277E-02   0.000       0.000       0.000      0.2000       0.000    
    3700  0.4625E-01  0.1250E-04 NODE           2   0.0%  0.1348E-01  0.3652E-01   0.000       0.000       0.000      0.2000       0.000    
    3800  0.4750E-01  0.1250E-04 NODE           2   0.0%  0.5685E-04  0.4994E-01   0.000       0.000       0.000      0.2000       0.000    
    3900  0.4875E-01  0.1250E-04 NODE           2   0.0%  0.1657E-01  0.3343E-01   0.000       0.000       0.000      0.2000       0.000    
    4000  0.5000E-01  0.1250E-04 NODE           2   0.0%  0.4319E-01  0.6806E-02   0.000       0.000       0.000      0.2000       0.000    
    4100  0.5125E-01  0.1250E-04 NODE           2   0.0%  0.4799E-01  0.2007E-02   0.000       0.000       0.000      0.2000       0.000    
    4200  0.5250E-01  0.1250E-04 NODE           2   0.0%  0.2520E-01  0.2480E-01   0.000       0.000       0.000      0.2000       0.000    
    4300  0.5375E-01  0.1250E-04 NODE           2   0.0%  0.2170E-02  0.4783E-01   0.000       0.000       0.000      0.2000       0.000    
    4400  0.5500E-01  0.1250E-04 NODE           2   0.0%  0.6530E-02  0.4347E-01   0.000       0.000       0.000      0.2000       0.000    
    4500  0.5625E-01  0.1250E-04 NODE           2   0.0%  0.3305E-01  0.1695E-01   0.000       0.000       0.000      0.2000       0.000    
    4600  0.5750E-01  0.1250E-04 NODE           2   0.0%  0.4991E-01  0.8751E-04   0.000       0.000       0.000      0.2000       0.000    
    4700  0.5875E-01  0.1250E-04 NODE           2   0.0%  0.3688E-01  0.1312E-01   0.000       0.000       0.000      0.2000       0.000    
    4800  0.6000E-01  0.1250E-04 NODE           2   0.0%  0.9595E-02  0.4041E-01   0.000       0.000       0.000      0.2000       0.000    
    4900  0.6125E-01  0.1250E-04 NODE           2   0.0%  0.7916E-03  0.4921E-01   0.000       0.000       0.000      0.2000       0.000    
    5000  0.6250E-01  0.1250E-04 NODE           2   0.0%  0.2104E-01  0.2896E-01   0.000       0.000       0.000      0.2000       0.000    
    5100  0.6375E-01  0.1250E-04 NODE           2   0.0%  0.4604E-01  0.3964E-02   0.000       0.000       0.000      0.2000       0.000    
    5200  0.6500E-01  0.1250E-04 NODE           2   0.0%  0.4580E-01  0.4203E-02   0.000       0.000       0.000      0.2000       0.000    
    5300  0.6625E-01  0.1250E-04 NODE           2   0.0%  0.2060E-01  0.2940E-01   0.000       0.000       0.000      0.2000       0.000    
    5400  0.6750E-01  0.1250E-04 NODE           2   0.0%  0.6862E-03  0.4931E-01   0.000       0.000       0.000      0.2000       0.000    
    5500  0.6875E-01  0.1250E-04 NODE           2   0.0%  0.9942E-02  0.4006E-01   0.000       0.000       0.000      0.2000       0.000    
    5600  0.7000E-01  0.1250E-04 NODE           2   0.0%  0.3727E-01  0.1274E-01   0.000       0.000       0.000      0.2000       0.000    
    5700  0.7125E-01  0.1250E-04 NODE           2   0.0%  0.4987E-01  0.1279E-03   0.000       0.000       0.000      0.2000       0.000    
    5800  0.7250E-01  0.1250E-04 NODE           2   0.0%  0.3264E-01  0.1736E-01   0.000       0.000       0.000      0.2000       0.000    
    5900  0.7375E-01  0.1250E-04 NODE           2   0.0%  0.6238E-02  0.4376E-01   0.000       0.000       0.000      0.2000       0.000    
    6000  0.7500E-01  0.1250E-04 NODE           2   0.0%  0.2351E-02  0.4765E-01   0.000       0.000       0.000      0.2000       0.000    
    6100  0.7625E-01  0.1250E-04 NODE           2   0.0%  0.2564E-01  0.2436E-01   0.000       0.000       0.000      0.2000       0.000    
    6200  0.7750E-01  0.1250E-04 NODE           2   0.0%  0.4816E-01  0.1839E-02   0.000       0.000       0.000      0.2000       0.000    
    6300  0.7875E-01  0.1250E-04 NODE           2   0.0%  0.4289E-01  0.7108E-02   0.000       0.000       0.000      0.2000       0.000    
    6400  0.8000E-01  0.1250E-04 NODE           2   0.0%  0.1616E-01  0.3384E-01   0.000       0.000       0.000      0.2000       0.000    
    6500  0.8125E-01  0.1250E-04 NODE           2   0.0%  0.3120E-04  0.4997E-01   0.000       0.000       0.000      0.2000       0.000    
    6600  0.8250E-01  0.1250E-04 NODE           2   0.0%  0.1387E-01  0.3613E-01   0.000       0.000       0.000      0.2000       0.000    
    6700  0.8375E-01  0.1250E-04 NODE           2   0.0%  0.4106E-01  0.8940E-02   0.000       0.000       0.000      0.2000       0.000    
    6800  0.8500E-01  0.1250E-04 NODE           2   0.0%  0.4898E-01  0.1016E-02   0.000       0.000       0.000      0.2000       0.000    
    6900  0.8625E-01  0.1250E-04 NODE           2   0.0%  0.2813E-01  0.2187E-01   0.000       0.000       0.000      0.2000       0.000    
    7000  0.8750E-01  0.1250E-04 NODE           2   0.0%  0.3521E-02  0.4648E-01   0.000       0.000       0.000      0.2000       0.000    
    7100  0.8875E-01  0.1250E-04 NODE           2   0.0%  0.4683E-02  0.4532E-01   0.000       0.000       0.000      0.2000       0.000    
    7200  0.9000E-01  0.1250E-04 NODE           2   0.0%  0.3022E-01  0.1978E-01   0.000       0.000       0.000      0.2000       0.000    
    7300  0.9125E-01  0.1250E-04 NODE           2   0.0%  0.4950E-01  0.5039E-03   0.000       0.000       0.000      0.2000       0.000    
    7400  0.9250E-01  0.1250E-04 NODE           2   0.0%  0.3938E-01  0.1062E-01   0.000       0.000       0.000      0.2000       0.000    
    7500  0.9375E-01  0.1250E-04 NODE           2   0.0%  0.1201E-01  0.3799E-01   0.000       0.000       0.000      0.2000       0.000    
    7600  0.9500E-01  0.1250E-04 NODE           2   0.0%  0.2271E-03  0.4977E-01   0.000       0.000       0.000      0.2000       0.000    
    7700  0.9625E-01  0.1250E-04 NODE           2   0.0%  0.1817E-01  0.3183E-01   0.000       0.000       0.000      0.2000       0.000    
    7800  0.9750E-01  0.1250E-04 NODE           2   0.0%  0.4431E-01  0.5692E-02   0.000       0.000       0.000      0.2000       0.000    
    7900  0.9875E-01  0.1250E-04 NODE           2   0.0%  0.4728E-01  0.2721E-02   0.000       0.000       0.000      0.2000       0.000    
    8000  0.1000      0.1250E-04 NODE           2   0.0%  0.2352E-01  0.2648E-01   0.000       0.000       0.000      0.2000       0.000    
    8100  0.1012      0.1250E-04 NODE           2   0.0%  0.1535E-02  0.4846E-01   0.000       0.000       0.000      0.2000       0.000    
    8200  0.1025      0.1250E-04 NODE           2   0.0%  0.7707E-02  0.4229E-01   0.000       0.000       0.000      0.2000       0.000    
    8300  0.1037      0.1250E-04 NODE           2   0.0%  0.3463E-01  0.1537E-01   0.000       0.000       0.000      0.2000       0.000    
    8400  0.1050      0.1250E-04 NODE           2   0.0%  0.5000E-01  0.3297E-05   0.000       0.000       0.000      0.2000       0.000    
    8500  0.1062      0.1250E-04 NODE           2   0.0%  0.3537E-01  0.1463E-01   0.000       0.000       0.000      0.2000       0.000    
    8600  0.1075      0.1250E-04 NODE           2   0.0%  0.8303E-02  0.4170E-01   0.000       0.000       0.000      0.2000       0.000    

     RESTART FILES: I02IH_ELASTIC_012P5NS_0001_[0001-0001].rst WRITTEN
     -------------

  
                           ** CPU USER TIME **
  
  
                        ** SUMMARY **
  
 #PROC  ELEMENT   KINCOND   INTEG     IO        T0        ASM       RESOL    
   1   .0000E+00 .4688E-01 .1562E-01 .1875E+00 .9375E-01 .3125E-01 .5625E+00
  
 
                   ** CUMULATIVE CPU TIME SUMMARY **
  
 CONTACT SORTING.............: .0000E+00     0.00 % 
 CONTACT FORCES..............: .0000E+00     0.00 % 
 ELEMENT FORCES..............: .0000E+00     0.00 % 
 KINEMATIC COND..............: .4688E-01     8.33 % 
 INTEGRATION.................: .1562E-01     2.78 % 
 ASSEMBLING..................: .3125E-01     5.56 % 
 OTHERS (including I/O)......: .4688E+00    83.33 % 
 TOTAL.......................: .5625E+00   100.00 % 
  
  
                           ** ELAPSED TIME **
  
  
                        ** SUMMARY **
  
 #PROC  ELEMENT   KINCOND   INTEG     IO        T0        ASM       RESOL    
   1   .5839E-01 .2729E-01 .2973E-01 .1896E+00 .6313E-01 .1866E-01 .5597E+00
  
                   ** MEMORY USAGE STATISTICS **
  
 TOTAL MEMORY USED .........................:       46 MB
 MAXIMUM MEMORY PER PROCESSOR...............:       46 MB
 MINIMUM MEMORY PER PROCESSOR...............:       46 MB
 AVERAGE MEMORY PER PROCESSOR...............:       46 MB
  
                   ** DISK USAGE STATISTICS **
  
 TOTAL DISK SPACE USED .....................:          1 MB
 ANIMATION/H3D/TH/OUTP SIZE ................:          1 MB
 RESTART FILE SIZE .........................:          0 MB
  
                   ** COMPUTE TIME INFORMATION **
                        ** CURRENT ENGINE **
  
 EXECUTION STARTED .........................:      2026/10/04  13:47:47
 EXECUTION COMPLETED .......................:      2026/10/04  13:47:47
  
 ELAPSED TIME     =          0.59 s
                          0:00:00



     NORMAL TERMINATION      



     TOTAL NUMBER OF CYCLES  :    8673

  
                   ** COMPUTE RUNTIME INFORMATION SUMMARY **
  
        STARTER RUNTIME =          0.64s (00:00:00)
 # 001   ENGINE RUNTIME =          0.59s (00:00:00)
 ------------------------------ 
 STARTER+ENGINE RUNTIME =          1.23s (00:00:01)
  
