************************************************************************
**                                                                    **
**                                                                    **
**                        OpenRadioss Starter                         **
**                                                                    **
**            Non-linear Finite Element Analysis Software             **
**                                                                    **
**                                                                    **
**                                                                    **
**                  Windows 64 bits, Intel compiler                   **
**                      Double Precision Version                      **
**                                                                    **
**                                                                    **
**                                                                    **
************************************************************************
** OpenRadioss Software                                               **
** COPYRIGHT (C) 2026 Siemens                                         **
** Licensed under GNU Affero General Public License.                  **
** See License file.                                                  **
************************************************************************
 

WARNING ID : 100214
** WARNING IN INPUT OPTIONS
DESCRIPTION :  
-- BLOCK: /PROP/SPRING/1
-- LINE: 200                             0         0         0
unsupported field exists
SOLUTION :     
    Please check input format and fields description defined in the Reference Guide.
I02B_NORMAL_BASE_MONO_R0
 .. UNITS SYSTEM                                                                         
 .. CONTROL VARIABLES                                                                    
 .. STARTER RUNNING ON    1 THREAD
 .. FUNCTIONS & TABLES
 .. MATERIALS                                                                            
 .. NODES                                                                                
 .. PROPERTIES                                                                           
 .. 3D SPRING ELEMENTS                                                                   
 .. SUBSETS
 .. ELEMENT GROUPS
 .. PART GROUPS
 .. NODE GROUP
 .. BOUNDARY CONDITIONS                                                                  
 .. IMPOSED VELOCITIES                                                                   
 .. DOMAIN DECOMPOSITION
 .. ELEMENT GROUPS                                                                       
 .. ELEMENT BUFFER INITIALIZATION                                                        

WARNING ID :    312
** INCOMPATIBLE KINEMATIC CONDITIONS IN MODEL
DESCRIPTION :  
    1 INCOMPATIBLE KINEMATIC CONDITIONS IN MODEL
 .. GEOMETRY PLOT FILE                                                                   
 .. PARALLEL RESTART FILES GENERATION                                                    
  
------------------------------------------------------------------------
  
                   ** COMPUTE TIME INFORMATION **
  
 EXECUTION STARTED      :      2026/09/12  13:43:59
 EXECUTION COMPLETED    :      2026/09/12  13:44:00
  
 ELAPSED TIME...........=          0.92 s
                               00:00:00
  
------------------------------------------------------------------------



     TERMINATION WITH WARNING           
     ------------------                                                                  
              0 ERROR(S)            
              2 WARNING(S)          




PLEASE CHECK LISTING FILE FOR FURTHER DETAILS


